Archive member included to satisfy reference by file (symbol)

/joengine/Compiler/COMMON/SGL_302j/LIB_ELF/SEGA_SYS.A(sys_exit.o)
                              /work/jo_engine/core.o (symbol from plugin) (SYS_Exit)
/joengine/Compiler/COMMON/SGL_302j/LIB_ELF/SEGA_SYS.A(sys_sub.o)
                              /joengine/Compiler/COMMON/SGL_302j/LIB_ELF/SEGA_SYS.A(sys_exit.o) (SYSUB_SetStackptr)
/joengine/Compiler/COMMON/SGL_302j/LIB_ELF/LIBCD.A(CDC_CMN.O)
                              /joengine/Compiler/COMMON/SGL_302j/LIB_ELF/SEGA_SYS.A(sys_exit.o) (CDC_GetCurStat)
/joengine/Compiler/COMMON/SGL_302j/LIB_ELF/LIBCD.A(CDC_DRV.O)
                              pcmsys.o (symbol from plugin) (CDC_CdPlay)
/joengine/Compiler/COMMON/SGL_302j/LIB_ELF/LIBCD.A(CDC_CFS.O)
                              /joengine/Compiler/COMMON/SGL_302j/LIB_ELF/SEGA_SYS.A(sys_exit.o) (CDC_ChgDir)
/joengine/Compiler/COMMON/SGL_302j/LIB_ELF/LIBCD.A(CDC_REG.O)
                              /joengine/Compiler/COMMON/SGL_302j/LIB_ELF/SEGA_SYS.A(sys_exit.o) (CDC_GetHirqReq)
/joengine/Compiler/COMMON/SGL_302j/LIB_ELF/LIBCD.A(CDC_SUB.O)
                              /joengine/Compiler/COMMON/SGL_302j/LIB_ELF/LIBCD.A(CDC_CMN.O) (CDSUB_UpdStatus)
/joengine/Compiler/COMMON/SGL_302j/LIB_ELF/LIBCD.A(GFS.O)
                              pcmsys.o (symbol from plugin) (GFS_Init)
/joengine/Compiler/COMMON/SGL_302j/LIB_ELF/LIBCD.A(GFS_BUF.O)
                              /joengine/Compiler/COMMON/SGL_302j/LIB_ELF/LIBCD.A(GFS.O) (GFBF_GetNumData)
/joengine/Compiler/COMMON/SGL_302j/LIB_ELF/LIBCD.A(GFS_CDB.O)
                              /joengine/Compiler/COMMON/SGL_302j/LIB_ELF/LIBCD.A(GFS.O) (GFCB_Close)
/joengine/Compiler/COMMON/SGL_302j/LIB_ELF/LIBCD.A(GFS_CDC.O)
                              /joengine/Compiler/COMMON/SGL_302j/LIB_ELF/LIBCD.A(GFS.O) (GFCD_SetCdbfs)
/joengine/Compiler/COMMON/SGL_302j/LIB_ELF/LIBCD.A(GFS_CDF.O)
                              /joengine/Compiler/COMMON/SGL_302j/LIB_ELF/LIBCD.A(GFS.O) (GFCF_Init)
/joengine/Compiler/COMMON/SGL_302j/LIB_ELF/LIBCD.A(GFS_DIR.O)
                              /joengine/Compiler/COMMON/SGL_302j/LIB_ELF/LIBCD.A(GFS.O) (GFDR_SetupDirTbl)
/joengine/Compiler/COMMON/SGL_302j/LIB_ELF/LIBCD.A(GFS_TRN.O)
                              /joengine/Compiler/COMMON/SGL_302j/LIB_ELF/LIBCD.A(GFS.O) (GFTR_Setup)
/joengine/Compiler/COMMON/SGL_302j/LIB_ELF/LIBCD.A(CDC_DEV.O)
                              /joengine/Compiler/COMMON/SGL_302j/LIB_ELF/LIBCD.A(GFS_CDC.O) (CDC_CdSetCon)
/joengine/Compiler/COMMON/SGL_302j/LIB_ELF/LIBCD.A(CDC_SEL.O)
                              /joengine/Compiler/COMMON/SGL_302j/LIB_ELF/LIBCD.A(GFS_CDC.O) (CDC_SetFiltRange)
/joengine/Compiler/COMMON/SGL_302j/LIB_ELF/LIBCD.A(CDC_BIF.O)
                              /joengine/Compiler/COMMON/SGL_302j/LIB_ELF/LIBCD.A(GFS_CDC.O) (CDC_GetBufSiz)
/joengine/Compiler/COMMON/SGL_302j/LIB_ELF/LIBCD.A(CDC_BIO.O)
                              /joengine/Compiler/COMMON/SGL_302j/LIB_ELF/LIBCD.A(GFS_CDC.O) (CDC_SetSctLen)
/joengine/Compiler/COMMON/SGL_302j/LIB_ELF/LIBSGL.A(sglA01.o)
                              /work/jo_engine/math.o (symbol from plugin) (slSin)
/joengine/Compiler/COMMON/SGL_302j/LIB_ELF/LIBSGL.A(sglA15.o)
                              /work/jo_engine/slave.o (symbol from plugin) (slSlaveFunc)
/joengine/Compiler/COMMON/SGL_302j/LIB_ELF/LIBSGL.A(sglA16.o)
                              main.o (symbol from plugin) (slLookAt)
/joengine/Compiler/COMMON/SGL_302j/LIB_ELF/LIBSGL.A(sglA17.o)
                              /joengine/Compiler/COMMON/SGL_302j/LIB_ELF/LIBSGL.A(sglA16.o) (slRotZ)
/joengine/Compiler/COMMON/SGL_302j/LIB_ELF/LIBSGL.A(sglA18.o)
                              main.o (symbol from plugin) (slRotY)
/joengine/Compiler/COMMON/SGL_302j/LIB_ELF/LIBSGL.A(sglA19.o)
                              main.o (symbol from plugin) (slRotX)
/joengine/Compiler/COMMON/SGL_302j/LIB_ELF/LIBSGL.A(sglA20.o)
                              main.o (symbol from plugin) (slUnitMatrix)
/joengine/Compiler/COMMON/SGL_302j/LIB_ELF/LIBSGL.A(sglA21.o)
                              main.o (symbol from plugin) (slPushMatrix)
/joengine/Compiler/COMMON/SGL_302j/LIB_ELF/LIBSGL.A(sglA27.o)
                              /joengine/Compiler/COMMON/SGL_302j/LIB_ELF/LIBSGL.A(sglA16.o) (slTranslate)
/joengine/Compiler/COMMON/SGL_302j/LIB_ELF/LIBSGL.A(sglA28.o)
                              main.o (symbol from plugin) (slScale)
/joengine/Compiler/COMMON/SGL_302j/LIB_ELF/LIBSGL.A(sglA40.o)
                              main.o (symbol from plugin) (slCalcVector)
/joengine/Compiler/COMMON/SGL_302j/LIB_ELF/LIBSGL.A(sglB001.o)
                              main.o (symbol from plugin) (slTVOn)
/joengine/Compiler/COMMON/SGL_302j/LIB_ELF/LIBSGL.A(sglB011.o)
                              /work/jo_engine/vdp2.o (symbol from plugin) (slBitMapNbg1)
/joengine/Compiler/COMMON/SGL_302j/LIB_ELF/LIBSGL.A(sglB014.o)
[...]
Memory Configuration

Name             Origin             Length             Attributes
*default*        0x0000000000000000 0xffffffffffffffff

Linker script and memory map


SLSTART         0x0000000006004000       0x30
                0x0000000006004000                ___Start = .
 *(SLSTART)
 SLSTART        0x0000000006004000       0x28 /joengine/Compiler/COMMON/SGL_302j/LIB_ELF/LIBSGL.A(sglI00.o)
                0x0000000006004000                SGL_Start
                0x0000000006004002                slStartSGL

.text           0x0000000006004040    0x203c0
 *(.text)
 .text          0x0000000006004040        0x0 /joengine/Compiler/COMMON/SGL_302j/LIB_ELF/SGLAREA.O
 .text          0x0000000006004040     0x9dd4 /tmp/ccDKVNpG.ltrans0.ltrans.o
                0x0000000006004858                jo_sprite_draw.constprop.53
                0x0000000006004964                jo_nbg2_print.constprop.38
                0x00000000060049c8                render_CLUT_sprite_MESH.constprop.37
                0x0000000006004a14                __jo_core_set_screens_order.constprop.36
                0x0000000006004acc                CDDAPlaySingle.constprop.31
                0x0000000006004b08                jo_vdp2_clear_bitmap_nbg1.constprop.23
                0x0000000006004b74                jo_vdp2_malloc
                0x0000000006004cb8                jo_vdp2_free
                0x0000000006004e04                jo_vdp2_disable_rbg0
                0x0000000006004e60                __jo_create_map.lto_priv.626
                0x0000000006004ec0                jo_img_to_vdp2_cells
                0x0000000006004f3a                jo_set_default_background_color
                0x00000000060051a6                jo_free
                0x0000000006005890                jo_sprite_free_from
                0x000000000600594c                load_textures.constprop.25
                0x0000000006006290                jo_random
                0x0000000006006308                jo_atan2f_rad
                0x00000000060064a4                jo_fixed_cos
                0x0000000006006500                jo_fixed_sin
                0x00000000060067f8                __jo_tga_any_loader
                0x0000000006006934                jo_sprite_add_tga.constprop.24
                0x0000000006006a10                _lseek
                0x0000000006006a14                _isatty
                0x0000000006006a18                _fstat
                0x0000000006006a1c                _close
                0x0000000006006a20                _write
                0x0000000006006a24                _read
                0x0000000006006a28                _realloc_r
                0x0000000006006a94                _calloc_r
                0x0000000006006ac4                _free_r
                0x0000000006006ad8                _malloc_r
                0x00000000060071f4                CDDAStop
                0x0000000006007210                pcm_cease
                0x0000000006007a9c                pcm_play
                0x0000000006007af8                has_object_collision
                0x0000000006007f08                mnet_client_log
                0x0000000006007f98                load_binary.constprop.29
                0x0000000006009e74                mnet_send_remove_local_player
 .text          0x000000000600de14     0x8a14 /tmp/ccDKVNpG.ltrans1.ltrans.o
                0x000000000600e148                my_vblank
                0x000000000600e154                set_palette
                0x000000000600e16c                change_player_palette
                0x000000000600e25c                load_trackmap
                0x000000000600e298                load_preview
                0x000000000600e2d4                load_level
                0x000000000600e3a4                load_car
                0x000000000600e51c                move_camera
                0x000000000600eb38                draw_map
                0x000000000600eca4                draw_powerups
                0x000000000600eda8                create_particles
                0x000000000600ee50                computeLight
                0x000000000600eec4                create_player
                0x000000000600f0b0                set_player_position
                0x000000000600f1b4                reset_to_last_checkpoint
                0x000000000600f2ac                reset_demo
                0x000000000600f490                getSeconds
                0x000000000600f510                init_1p_display
                0x000000000600f598                init_2p_display
                0x000000000600f628                render_CLUT_sprite
                0x000000000600f678                draw_player
                0x0000000006010348                ztClearText
                0x0000000006010388                menu
                0x00000000060104fc                clear_level
                0x0000000006010624                transition_to_title_screen
                0x00000000060107f0                draw_hud
                0x0000000006011268                mmm_get_p2_port
                0x000000000601147a                saturn_uart_detect.lto_priv.542
                0x00000000060114fa                saturn_uart_reg_write.lto_priv.544.lto_priv.591
                0x0000000006011514                saturn_uart_reg_read.lto_priv.546.lto_priv.592
                0x0000000006011530                saturn_transport_rx_byte.lto_priv.555
                0x000000000601153c                saturn_uart_read_iir.lto_priv.524.lto_priv.583
                0x0000000006011548                saturn_uart_read_msr.lto_priv.526.lto_priv.584
                0x0000000006011554                saturn_uart_read_lsr.lto_priv.528.lto_priv.585
                0x0000000006011560                saturn_uart_clear_errors.lto_priv.530.lto_priv.586
                0x0000000006011580                saturn_uart_rx_error.lto_priv.532.lto_priv.587
                0x0000000006011598                saturn_uart_rx_ready.lto_priv.534.lto_priv.588
                0x00000000060115ac                saturn_transport_rx_ready.lto_priv.554
                0x00000000060115b8                saturn_uart_flush_rx.lto_priv.512.lto_priv.576
                0x00000000060115ec                modem_flush_input.lto_priv.505.lto_priv.507
                0x00000000060115f8                saturn_uart_loopback_test.lto_priv.510.lto_priv.578
                0x0000000006011684                saturn_uart_read_raw.lto_priv.514.lto_priv.579
                0x0000000006011704                saturn_uart_getc_timeout.lto_priv.518.lto_priv.580
                0x000000000601173c                modem_read_line.lto_priv.508.lto_priv.574
                0x00000000060117a8                saturn_uart_getc.lto_priv.520.lto_priv.581
                0x00000000060117d0                saturn_uart_tx_ready.lto_priv.536.lto_priv.589
                0x00000000060117e8                saturn_uart_putc.lto_priv.522.lto_priv.582
                0x0000000006011834                saturn_transport_send.lto_priv.556
                0x0000000006011878                saturn_uart_puts.lto_priv.516.lto_priv.575
                0x00000000060119fc                modem_escape_to_command.lto_priv.503.lto_priv.573
                0x0000000006011a78                saturn_uart_set_baud.lto_priv.540.lto_priv.590
                0x0000000006011ad0                saturn_uart_init.lto_priv.538.lto_priv.577
                0x0000000006011be8                saturn_smpc_command.lto_priv.552.lto_priv.594
                0x0000000006011c10                saturn_netlink_smpc_disable.lto_priv.548.lto_priv.593
                0x0000000006011c1c                saturn_netlink_smpc_enable.lto_priv.550.lto_priv.559
                0x0000000006011c6c                mnet_encode_lap_complete.lto_priv.371.lto_priv.375
                0x0000000006011c92                mnet_encode_client_log.lto_priv.376.lto_priv.566
                0x0000000006011ce4                mnet_encode_leaderboard_req.lto_priv.380.lto_priv.384
                0x0000000006011cf4                mnet_encode_remove_local_player.lto_priv.385.lto_priv.389
                0x0000000006011d04                mnet_encode_add_local_player.lto_priv.390.lto_priv.565
                0x0000000006011d48                mnet_encode_powerup_pickup.lto_priv.394.lto_priv.398
                0x0000000006011d5c                mnet_encode_player_state_p2.lto_priv.399.lto_priv.567
                0x0000000006011df4                mnet_encode_player_state.lto_priv.403.lto_priv.568
                0x0000000006011e84                mnet_encode_input_state_p2.lto_priv.407.lto_priv.411
                0x0000000006011eae                mnet_encode_input_state.lto_priv.412.lto_priv.416
                0x0000000006011ed4                mnet_encode_car_select.lto_priv.417.lto_priv.421
                0x0000000006011ee8                mnet_encode_start_game.lto_priv.422.lto_priv.426
                0x0000000006011ef8                mnet_encode_ready.lto_priv.427.lto_priv.431
                0x0000000006011f08                mnet_encode_heartbeat.lto_priv.432.lto_priv.436
                0x0000000006011f18                mnet_encode_disconnect.lto_priv.437.lto_priv.441
                0x0000000006011f28                mnet_encode_set_username.lto_priv.442.lto_priv.563
                0x0000000006011f6c                mnet_encode_connect_uuid.lto_priv.446.lto_priv.562
                0x0000000006011f8a                mnet_encode_connect.lto_priv.450.lto_priv.454
                0x0000000006011f98                mnet_read_string.lto_priv.455.lto_priv.564
                0x0000000006011fe0                mnet_rx_init.lto_priv.463.lto_priv.467
                0x0000000006011fee                net_transport_is_connected.lto_priv.472.lto_priv.570
                0x0000000006012004                net_transport_send.lto_priv.476.lto_priv.560
                0x0000000006012016                my_gamepad
                0x0000000006013518                player_collision_handling
                0x0000000006015778                mnet_send_frame.lto_priv.468.lto_priv.569
                0x00000000060157b0                net_transport_rx_byte.lto_priv.480.lto_priv.571
                0x00000000060157c2                net_transport_rx_ready.lto_priv.484.lto_priv.572
                0x00000000060157d4                mnet_rx_poll.lto_priv.459.lto_priv.561
                0x000000000601586c                get_gbr.lto_priv.54.lto_priv.82
                0x0000000006015872                set_gbr.lto_priv.83.lto_priv.111
                0x0000000006015878                get_vbr.lto_priv.112.lto_priv.140
                0x000000000601587e                set_vbr.lto_priv.141.lto_priv.169
                0x0000000006015884                set_imask.lto_priv.170.lto_priv.557
                0x0000000006015898                get_imask.lto_priv.198.lto_priv.558
                0x00000000060158a2                get_sr.lto_priv.226.lto_priv.254
                0x00000000060158a8                set_sr.lto_priv.255.lto_priv.283
                0x00000000060158ae                tas.lto_priv.284.lto_priv.312
                0x00000000060158b6                sleep.lto_priv.313.lto_priv.341
                0x00000000060158bc                nop.lto_priv.342.lto_priv.370
                0x00000000060158c2                init_3d_planes
                0x0000000006015b5c                end_level
                0x0000000006016368                mmm_online_start_race
 *fill*         0x0000000006016828        0x8 
 .text          0x0000000006016830      0x238 /joengine/Compiler/COMMON/SGL_302j/LIB_ELF/SEGA_SYS.A(sys_exit.o)
                0x0000000006016830                sys_version
                0x0000000006016850                SYS_Exit
 *fill*         0x0000000006016a68        0x8 
 .text          0x0000000006016a70        0x6 /joengine/Compiler/COMMON/SGL_302j/LIB_ELF/SEGA_SYS.A(sys_sub.o)
                0x0000000006016a70                SYSUB_SetStackptr
 *fill*         0x0000000006016a76        0xa 
 .text          0x0000000006016a80      0x3a0 /joengine/Compiler/COMMON/SGL_302j/LIB_ELF/LIBCD.A(CDC_CMN.O)
                0x0000000006016a80                CDC_GetCurStat
                0x0000000006016ad0                CDC_GetLastStat
                0x0000000006016ae8                CDC_GetPeriStat
                0x0000000006016bbc                CDC_GetHwInfo
                0x0000000006016c24                CDC_TgetToc
                0x0000000006016c74                CDC_GetSes
                0x0000000006016cb0                CDC_CdInit
                0x0000000006016d34                CDC_CdOpen
                0x0000000006016d5c                CDC_DataReady
                0x0000000006016dc8                CDC_DataEnd
 .text          0x0000000006016e20      0x130 /joengine/Compiler/COMMON/SGL_302j/LIB_ELF/LIBCD.A(CDC_DRV.O)
                0x0000000006016e20                CDC_CdPlay
                0x0000000006016eec                CDC_CdSeek
                0x0000000006016f20                CDC_CdScan
 .text          0x0000000006016f50      0x194 /joengine/Compiler/COMMON/SGL_302j/LIB_ELF/LIBCD.A(CDC_CFS.O)
                0x0000000006016f50                CDC_ChgDir
                0x0000000006016f84                CDC_ReadDir
                0x0000000006016fb8                CDC_GetFileScope
                0x0000000006017018                CDC_TgetFileInfo
                0x0000000006017074                CDC_ReadFile
                0x00000000060170a8                CDC_AbortFile
 *fill*         0x00000000060170e4        0xc 
 .text          0x00000000060170f0      0x2dc /joengine/Compiler/COMMON/SGL_302j/LIB_ELF/LIBCD.A(CDC_REG.O)
                0x00000000060170f0                CDC_GetDataPtr
                0x0000000006017100                CDC_GetHirqReq
                0x0000000006017114                CDC_ClrHirqReq
                0x0000000006017144                CDREG_ClrHirqReq
                0x0000000006017154                CDREG_InitHirqReq
                0x000000000601717c                CDREG_SetHirqFlag
                0x0000000006017190                CDC_GetHirqMsk
                0x00000000060171a4                CDC_SetHirqMsk
                0x00000000060171b4                CDC_GetMpegPtr
                0x00000000060171c4                CDREG_TgetData
                0x0000000006017220                CDREG_CmdRsp
                0x0000000006017320                CDREG_WaitHirq
                0x0000000006017390                CDREG_ReadRsp
 *fill*         0x00000000060173cc        0x4 
 .text          0x00000000060173d0      0x152 /joengine/Compiler/COMMON/SGL_302j/LIB_ELF/LIBCD.A(CDC_SUB.O)
                0x00000000060173d0                CDSUB_UpdStatus
                0x00000000060173e8                CDSUB_UpdCdstat
                0x0000000006017408                CDSUB_CdCmd
                0x0000000006017478                CDSUB_GetCdstat
                0x00000000060174b8                CDSUB_RspToCdstat
                0x0000000006017500                CDSUB_SoftTimer
 *fill*         0x0000000006017522        0xe 
 .text          0x0000000006017530     0x1adc /joengine/Compiler/COMMON/SGL_302j/LIB_ELF/LIBCD.A(GFS.O)
                0x0000000006017530                gfs_version
                0x0000000006017550                GFS_Init
                0x0000000006017638                GFS_LoadDir
                0x00000000060176e0                GFS_SetDir
                0x0000000006017748                GFS_NameToId
                0x00000000060177ac                GFS_IdToName
                0x0000000006017818                GFS_GetDirInfo
                0x0000000006017888                GFS_Reset
                0x000000000601790c                GFS_Open
                0x00000000060179c0                GFS_Close
                0x00000000060179f8                GFS_Seek
                0x0000000006017aac                GFS_Tell
                0x0000000006017afc                GFS_IsEof
                0x0000000006017b50                GFS_ByteToSct
                0x0000000006017bac                GFS_GetFileSize
                0x0000000006017c08                GFS_GetFileInfo
                0x0000000006017c7c                GFS_GetNumCdbuf
                0x0000000006017ca4                GFS_Load
                0x0000000006017d68                GFS_Fread
                0x0000000006017e04                gfs_waitRead
                0x0000000006017eac                GFS_NwFread
                0x0000000006017fb8                GFS_NwCdRead
                0x0000000006018030                GFS_NwIsComplete
                0x0000000006018068                GFS_NwStop
                0x00000000060180d4                GFS_NwGetStat
                0x0000000006018150                gfs_recovRdErr
                0x0000000006018180                GFS_NwExecOne
                0x0000000006018240                GFS_NwExecServer
                0x00000000060182bc                GFS_SetGmode
                0x0000000006018320                GFS_SetTmode
                0x000000000601838c                GFS_SetReadPara
                0x00000000060183f0                GFS_SetTransPara
                0x000000000601845c                GFS_SetTrFunc
                0x00000000060184c0                GFS_StartTrans
                0x000000000601850c                GFS_CdMovePickup
                0x0000000006018578                GFS_SetErrFunc
                0x00000000060185a4                GFS_GetErrStat
                0x00000000060185c8                GFS_ConvTno
                0x00000000060185f0                gfs_chgRoot
                0x00000000060186bc                gfs_aborttrans
                0x00000000060186c8                gfs_mngSetupFuncTbl
                0x00000000060186fc                gfs_mngInitWork
                0x00000000060187a0                gfs_mngGetNumFile
                0x0000000006018808                GFS_mngAllocGrp
                0x0000000006018850                gfs_mngFreeGrp
                0x000000000601885c                gfs_mngTermAccess
                0x00000000060188e0                gfs_mngSetErrCode
                0x0000000006018960                gfs_svrSearchHndl
                0x00000000060189a0                gfs_svrAddHndl
                0x00000000060189dc                gfs_svrRemoveHndl
                0x0000000006018a38                GFS_OpenSub
                0x0000000006018a90                gfs_loadVol
                0x0000000006018b54                gfs_getRootDir
                0x0000000006018c50                gfs_loadRootDir
                0x0000000006018cd8                gfs_flowIn
                0x0000000006018d80                gfs_transData
                0x0000000006018e24                GFS_GetFad
                0x0000000006018e7c                gfs_SetSct
                0x0000000006018ebc                gfs_GetFinfo
                0x0000000006018efc                gfs_closeSub
                0x0000000006018f38                gfs_getGmode
                0x0000000006018f44                gfs_isTaskDone
                0x0000000006018f98                gfs_convFinStat
 *fill*         0x000000000601900c        0x4 
 .text          0x0000000006019010      0x106 /joengine/Compiler/COMMON/SGL_302j/LIB_ELF/LIBCD.A(GFS_BUF.O)
                0x0000000006019040                GFBF_GetTranData
                0x0000000006019068                GFBF_GetNumData
                0x0000000006019098                GFBF_GetSrcPk
                0x00000000060190c0                GFBF_GetSctData
                0x00000000060190e4                GFBF_RtnPk
                0x000000000601910c                gfbf_getSctDt
 *fill*         0x0000000006019116        0xa 
 .text          0x0000000006019120      0x600 /joengine/Compiler/COMMON/SGL_302j/LIB_ELF/LIBCD.A(GFS_CDB.O)
                0x0000000006019120                GFCB_Setup
                0x0000000006019240                GFCB_Close
                0x0000000006019268                GFCB_GetLenData
                0x0000000006019314                GFCB_GetLenRoom
                0x0000000006019320                GFCB_SetFilt
                0x0000000006019388                GFCB_DeleteAllData
                0x00000000060193b0                GFCB_Tell
                0x00000000060193c0                gfcb_getSctNum
                0x0000000006019410                GFCB_Seek
                0x000000000601950c                GFCB_GetSrcPack
                0x00000000060195ec                GFCB_GetSctData
                0x0000000006019624                GFCB_GetDstPack
                0x0000000006019630                GFCB_RtnPk
                0x0000000006019678                GFCB_MovePickup
                0x0000000006019694                GFCB_SetCon
                0x00000000060196c8                GFCB_GetPickup
                0x00000000060196f0                GFCB_IsPuOwner
                0x0000000006019708                GFCB_UngetPickup
 .text          0x0000000006019720     0x1a10 /joengine/Compiler/COMMON/SGL_302j/LIB_ELF/LIBCD.A(GFS_CDC.O)
                0x0000000006019720                GFCD_SetCdbfs
                0x000000000601974c                GFCD_Init
                0x0000000006019950                GFCD_AllocFilt
                0x000000000601998c                GFCD_FreeFilt
                0x00000000060199bc                GFCD_AllocBuf
                0x00000000060199f0                GFCD_FreeBuf
                0x0000000006019a94                GFCD_GetBaseFad
                0x0000000006019ac8                GFCD_GetPickup
                0x0000000006019afc                GFCD_UngetPickup
                0x0000000006019b28                GFCD_IsPuOwner
                0x0000000006019b4c                GFCD_SetFilt
                0x0000000006019c10                GFCD_GetFilt
                0x0000000006019c58                GFCD_SetCon
                0x0000000006019cb0                GFCD_Play
                0x0000000006019d10                GFCD_GetLenData
                0x0000000006019d78                GFCD_ReqData
                0x0000000006019dd4                GFCD_EndData
                0x0000000006019e1c                GFCD_DelSctData
                0x0000000006019e74                GFCD_CheckDelSctData
                0x0000000006019ea4                GFCD_GetStat
                0x0000000006019f58                GFCD_MovePickup
                0x0000000006019fa4                GFCD_MoveSctData
                0x000000000601a018                GFCD_CheckMove
                0x000000000601a03c                GFCD_GetSctInfo
                0x000000000601a084                GFCD_ChgDir
                0x000000000601a0f8                GFCD_SetFiltCon
                0x000000000601a1e0                GFCD_GetFileInfo
                0x000000000601a2bc                GFCD_GetBufSiz
                0x000000000601a2f4                GFCD_ExecServer
                0x000000000601a3c8                gfcd_isIdleTask
                0x000000000601a454                gfcd_doTask
                0x000000000601a500                GFCD_SetTimer
                0x000000000601a514                GFCD_WaitServer
                0x000000000601a550                gfcd_doSetFiltTsk
                0x000000000601a714                gfcd_doSetConTsk
                0x000000000601a7a4                gfcd_doGetLenDataTsk
                0x000000000601a8f8                gfcd_doReqDataTsk
                0x000000000601a998                gfcd_doDelSctDataTsk
                0x000000000601aacc                gfcd_doMoveSctTsk
                0x000000000601ac30                gfcd_doChgDirTsk
                0x000000000601ae2c                gfcd_doSetFiltConTsk
                0x000000000601af70                gfcd_checkEflag
                0x000000000601af94                gfcd_initCdbMng
                0x000000000601b014                gfcd_setStat
                0x000000000601b040                GFCD_SetCsctFunc
                0x000000000601b05c                GFCD_ChkScdqFlag
                0x000000000601b080                GFCD_ClrScdqFlag
                0x000000000601b09c                GFCD_WaitScdqFlag
                0x000000000601b0e0                GFCD_WaitPause
 .text          0x000000000601b130      0x8d8 /joengine/Compiler/COMMON/SGL_302j/LIB_ELF/LIBCD.A(GFS_CDF.O)
                0x000000000601b130                GFCF_Init
                0x000000000601b1d0                GFCF_Setup
                0x000000000601b318                GFCF_SetSct
                0x000000000601b35c                GFCF_GetFileInfo
                0x000000000601b3d0                GFCF_FlowInBuf
                0x000000000601b524                GFCF_StopInBuf
                0x000000000601b5c4                GFCF_Recover
                0x000000000601b60c                GFCF_Tell
                0x000000000601b624                GFCF_Seek
                0x000000000601b63c                GFCF_MovePickup
                0x000000000601b6d8                GFCF_cnvIntlvOfs
                0x000000000601b72c                GFCF_GetStat
                0x000000000601b7c4                gfcf_getSctSize
                0x000000000601b800                gfcf_isCdOk
                0x000000000601b8c0                gfcf_getPlayRange
 *fill*         0x000000000601ba08        0x8 
 .text          0x000000000601ba10      0x92c /joengine/Compiler/COMMON/SGL_302j/LIB_ELF/LIBCD.A(GFS_DIR.O)
                0x000000000601ba10                GFDR_SetupDirTbl
                0x000000000601ba84                GFDR_NameToId
                0x000000000601bae4                GFDR_GetInfoDirId
                0x000000000601baf8                GFDR_GetInfoDirName
                0x000000000601bb0c                GFDR_GetAtrDirId
                0x000000000601bb24                GFDR_GetAtrDirName
                0x000000000601bb3c                GFDR_ChgRoot
                0x000000000601bb54                GFDR_ChgDir
                0x000000000601bbc8                gfdr_setupDirIdTbl
                0x000000000601bc4c                gfdr_setupDirNameTbl
                0x000000000601bcf8                gfdr_open
                0x000000000601bd20                gfdr_read
                0x000000000601bde0                gfdr_readByte
                0x000000000601be0c                gfdr_readWord
                0x000000000601be38                gfdr_readWordNB
                0x000000000601be8c                gfdr_readLongNB
                0x000000000601bed8                gfdr_readLongNM
                0x000000000601bf00                gfdr_setNextRec
                0x000000000601bf84                gfdr_readDirEnt
                0x000000000601c300                gfdr_setDirrecCd
 *fill*         0x000000000601c33c        0x4 
 .text          0x000000000601c340      0x9c6 /joengine/Compiler/COMMON/SGL_302j/LIB_ELF/LIBCD.A(GFS_TRN.O)
                0x000000000601c370                GFTR_Setup
                0x000000000601c3b4                GFTR_SetMode
                0x000000000601c3c8                GFTR_SetUnit
                0x000000000601c3d4                GFTR_SetTransPara
                0x000000000601c408                GFTR_GetTransPara
                0x000000000601c414                GFTR_GetNumTrans
                0x000000000601c420                GFTR_SetTransMax
                0x000000000601c42c                GFTR_Start
                0x000000000601c438                GFTR_Pause
                0x000000000601c444                GFTR_Stop
                0x000000000601c4fc                GFTR_Exec
                0x000000000601c580                GFTR_Idle
                0x000000000601c5f8                GFTR_ExecSvr
                0x000000000601c700                gftr_getSrcPack
                0x000000000601c788                gftr_getDstPack
                0x000000000601c7e4                gftr_reqScu
                0x000000000601c7f0                gftr_execScu
                0x000000000601c88c                gftr_remScu
                0x000000000601c8c0                gfdma_canUse
                0x000000000601c8cc                gfdma_exec
                0x000000000601c93c                gfdma_getBytecnt
                0x000000000601c974                gftr_reqDma0
                0x000000000601c98c                gftr_execSdma0
                0x000000000601c9b0                gftr_remDma0
                0x000000000601c9c8                gftr_reqDma1
                0x000000000601c9e0                gftr_execSdma1
                0x000000000601ca04                gftr_remDma1
                0x000000000601ca1c                gftr_reqCpu
                0x000000000601ca28                gftr_execCpu
                0x000000000601ca68                gftr_remCpu
                0x000000000601ca74                gftr_reqTrn
                0x000000000601cae4                gftr_execTrn
                0x000000000601cbbc                gftr_remTrn
                0x000000000601cc30                gftr_copyFrac
                0x000000000601cc58                GFTR_GetLenData
                0x000000000601cc64                GFTR_GetLenRoom
                0x000000000601cc7c                GFTR_GetDstPack
                0x000000000601ccb0                GFTR_RtnDstPk
                0x000000000601cccc                GFTR_GetData
                0x000000000601cce0                GFTR_SetData
                0x000000000601ccf4                GFTR_SetTransFunc
 *fill*         0x000000000601cd06        0xa 
 .text          0x000000000601cd10       0xa8 /joengine/Compiler/COMMON/SGL_302j/LIB_ELF/LIBCD.A(CDC_DEV.O)
                0x000000000601cd10                CDC_CdSetCon
                0x000000000601cd40                CDC_CdGetCon
                0x000000000601cd7c                CDC_CdGetLastBuf
 *fill*         0x000000000601cdb8        0x8 
 .text          0x000000000601cdc0      0x2b8 /joengine/Compiler/COMMON/SGL_302j/LIB_ELF/LIBCD.A(CDC_SEL.O)
                0x000000000601cdc0                CDC_SetFiltRange
                0x000000000601cdf4                CDC_GetFiltRange
                0x000000000601ce4c                CDC_SetFiltSubh
                0x000000000601cebc                CDC_GetFiltSubh
                0x000000000601cf38                CDC_SetFiltMode
                0x000000000601cf6c                CDC_GetFiltMode
                0x000000000601cfb0                CDC_SetFiltCon
                0x000000000601cff0                CDC_GetFiltCon
                0x000000000601d044                CDC_ResetSelector
 *fill*         0x000000000601d078        0x8 
 .text          0x000000000601d080      0x270 /joengine/Compiler/COMMON/SGL_302j/LIB_ELF/LIBCD.A(CDC_BIF.O)
                0x000000000601d080                CDC_GetBufSiz
                0x000000000601d0dc                CDC_GetSctNum
                0x000000000601d120                CDC_CalActSiz
                0x000000000601d15c                CDC_GetActSiz
                0x000000000601d1dc                CDC_GetSctInfo
                0x000000000601d25c                CDC_ExeFadSearch
                0x000000000601d294                CDC_GetFadSearch
 .text          0x000000000601d2f0      0x1e4 /joengine/Compiler/COMMON/SGL_302j/LIB_ELF/LIBCD.A(CDC_BIO.O)
                0x000000000601d2f0                CDC_SetSctLen
                0x000000000601d324                CDC_GetSctData
                0x000000000601d360                CDC_DelSctData
                0x000000000601d39c                CDC_GetdelSctData
                0x000000000601d3d8                CDC_PutSctData
                0x000000000601d410                CDC_CopySctData
                0x000000000601d454                CDC_MoveSctData
                0x000000000601d498                CDC_GetCopyErr
 *fill*         0x000000000601d4d4        0xc 
 .text          0x000000000601d4e0        0x0 /joengine/Compiler/COMMON/SGL_302j/LIB_ELF/LIBSGL.A(sglA01.o)
 .text          0x000000000601d4e0        0x0 /joengine/Compiler/COMMON/SGL_302j/LIB_ELF/LIBSGL.A(sglA15.o)
 .text          0x000000000601d4e0        0x0 /joengine/Compiler/COMMON/SGL_302j/LIB_ELF/LIBSGL.A(sglA16.o)
 .text          0x000000000601d4e0        0x0 /joengine/Compiler/COMMON/SGL_302j/LIB_ELF/LIBSGL.A(sglA17.o)
 .text          0x000000000601d4e0        0x0 /joengine/Compiler/COMMON/SGL_302j/LIB_ELF/LIBSGL.A(sglA18.o)
 .text          0x000000000601d4e0        0x0 /joengine/Compiler/COMMON/SGL_302j/LIB_ELF/LIBSGL.A(sglA19.o)
 .text          0x000000000601d4e0        0x0 /joengine/Compiler/COMMON/SGL_302j/LIB_ELF/LIBSGL.A(sglA20.o)
 .text          0x000000000601d4e0        0x0 /joengine/Compiler/COMMON/SGL_302j/LIB_ELF/LIBSGL.A(sglA21.o)
 .text          0x000000000601d4e0        0x0 /joengine/Compiler/COMMON/SGL_302j/LIB_ELF/LIBSGL.A(sglA27.o)
 .text          0x000000000601d4e0        0x0 /joengine/Compiler/COMMON/SGL_302j/LIB_ELF/LIBSGL.A(sglA28.o)
 .text          0x000000000601d4e0        0x0 /joengine/Compiler/COMMON/SGL_302j/LIB_ELF/LIBSGL.A(sglA40.o)
 .text          0x000000000601d4e0        0x0 /joengine/Compiler/COMMON/SGL_302j/LIB_ELF/LIBSGL.A(sglB001.o)
 .text          0x000000000601d4e0        0x0 /joengine/Compiler/COMMON/SGL_302j/LIB_ELF/LIBSGL.A(sglB011.o)
 .text          0x000000000601d4e0        0x0 /joengine/Compiler/COMMON/SGL_302j/LIB_ELF/LIBSGL.A(sglB014.o)
 .text          0x000000000601d4e0        0x0 /joengine/Compiler/COMMON/SGL_302j/LIB_ELF/LIBSGL.A(sglB015.o)
 .text          0x000000000601d4e0        0x0 /joengine/Compiler/COMMON/SGL_302j/LIB_ELF/LIBSGL.A(sglB016.o)
 .text          0x000000000601d4e0        0x0 /joengine/Compiler/COMMON/SGL_302j/LIB_ELF/LIBSGL.A(sglB020.o)
 .text          0x000000000601d4e0        0x0 /joengine/Compiler/COMMON/SGL_302j/LIB_ELF/LIBSGL.A(sglB021.o)
 .text          0x000000000601d4e0        0x0 /joengine/Compiler/COMMON/SGL_302j/LIB_ELF/LIBSGL.A(sglB023.o)
 .text          0x000000000601d4e0        0x0 /joengine/Compiler/COMMON/SGL_302j/LIB_ELF/LIBSGL.A(sglB031.o)
 .text          0x000000000601d4e0        0x0 /joengine/Compiler/COMMON/SGL_302j/LIB_ELF/LIBSGL.A(sglB032.o)
 .text          0x000000000601d4e0        0x0 /joengine/Compiler/COMMON/SGL_302j/LIB_ELF/LIBSGL.A(sglB033.o)
 .text          0x000000000601d4e0        0x0 /joengine/Compiler/COMMON/SGL_302j/LIB_ELF/LIBSGL.A(sglB034.o)
 .text          0x000000000601d4e0        0x0 /joengine/Compiler/COMMON/SGL_302j/LIB_ELF/LIBSGL.A(sglB035.o)
 .text          0x000000000601d4e0        0x0 /joengine/Compiler/COMMON/SGL_302j/LIB_ELF/LIBSGL.A(sglB036.o)
 .text          0x000000000601d4e0        0x0 /joengine/Compiler/COMMON/SGL_302j/LIB_ELF/LIBSGL.A(sglB038.o)
 .text          0x000000000601d4e0        0x0 /joengine/Compiler/COMMON/SGL_302j/LIB_ELF/LIBSGL.A(sglB039.o)
 .text          0x000000000601d4e0        0x0 /joengine/Compiler/COMMON/SGL_302j/LIB_ELF/LIBSGL.A(sglB040.o)
 .text          0x000000000601d4e0        0x0 /joengine/Compiler/COMMON/SGL_302j/LIB_ELF/LIBSGL.A(sglB041.o)
 .text          0x000000000601d4e0        0x0 /joengine/Compiler/COMMON/SGL_302j/LIB_ELF/LIBSGL.A(sglB042.o)
 .text          0x000000000601d4e0        0x0 /joengine/Compiler/COMMON/SGL_302j/LIB_ELF/LIBSGL.A(sglB043.o)
 .text          0x000000000601d4e0        0x0 /joengine/Compiler/COMMON/SGL_302j/LIB_ELF/LIBSGL.A(sglB044.o)
 .text          0x000000000601d4e0        0x0 /joengine/Compiler/COMMON/SGL_302j/LIB_ELF/LIBSGL.A(sglB045.o)
 .text          0x000000000601d4e0        0x0 /joengine/Compiler/COMMON/SGL_302j/LIB_ELF/LIBSGL.A(sglB047.o)
 .text          0x000000000601d4e0        0x0 /joengine/Compiler/COMMON/SGL_302j/LIB_ELF/LIBSGL.A(sglB048.o)
 .text          0x000000000601d4e0        0x0 /joengine/Compiler/COMMON/SGL_302j/LIB_ELF/LIBSGL.A(sglB055.o)
 .text          0x000000000601d4e0        0x0 /joengine/Compiler/COMMON/SGL_302j/LIB_ELF/LIBSGL.A(sglB056.o)
 .text          0x000000000601d4e0        0x0 /joengine/Compiler/COMMON/SGL_302j/LIB_ELF/LIBSGL.A(sglB057.o)
 .text          0x000000000601d4e0        0x0 /joengine/Compiler/COMMON/SGL_302j/LIB_ELF/LIBSGL.A(sglB058.o)
 .text          0x000000000601d4e0        0x0 /joengine/Compiler/COMMON/SGL_302j/LIB_ELF/LIBSGL.A(sglB059.o)
 .text          0x000000000601d4e0        0x0 /joengine/Compiler/COMMON/SGL_302j/LIB_ELF/LIBSGL.A(sglB060.o)
 .text          0x000000000601d4e0        0x0 /joengine/Compiler/COMMON/SGL_302j/LIB_ELF/LIBSGL.A(sglB063.o)
 .text          0x000000000601d4e0        0x0 /joengine/Compiler/COMMON/SGL_302j/LIB_ELF/LIBSGL.A(sglB087.o)
 .text          0x000000000601d4e0        0x0 /joengine/Compiler/COMMON/SGL_302j/LIB_ELF/LIBSGL.A(sglB088.o)
 .text          0x000000000601d4e0        0x0 /joengine/Compiler/COMMON/SGL_302j/LIB_ELF/LIBSGL.A(sglB090.o)
 .text          0x000000000601d4e0        0x0 /joengine/Compiler/COMMON/SGL_302j/LIB_ELF/LIBSGL.A(sglB200.o)
 .text          0x000000000601d4e0        0x0 /joengine/Compiler/COMMON/SGL_302j/LIB_ELF/LIBSGL.A(sglC01.o)
 .text          0x000000000601d4e0        0x0 /joengine/Compiler/COMMON/SGL_302j/LIB_ELF/LIBSGL.A(sglC03.o)
 .text          0x000000000601d4e0        0x0 /joengine/Compiler/COMMON/SGL_302j/LIB_ELF/LIBSGL.A(sglC04.o)
 .text          0x000000000601d4e0        0x0 /joengine/Compiler/COMMON/SGL_302j/LIB_ELF/LIBSGL.A(sglC05.o)
 .text          0x000000000601d4e0        0x0 /joengine/Compiler/COMMON/SGL_302j/LIB_ELF/LIBSGL.A(sglC06.o)
 .text          0x000000000601d4e0        0x0 /joengine/Compiler/COMMON/SGL_302j/LIB_ELF/LIBSGL.A(sglC07.o)
 .text          0x000000000601d4e0        0x0 /joengine/Compiler/COMMON/SGL_302j/LIB_ELF/LIBSGL.A(sglC08.o)
 .text          0x000000000601d4e0        0x0 /joengine/Compiler/COMMON/SGL_302j/LIB_ELF/LIBSGL.A(sglC14.o)
 .text          0x000000000601d4e0        0x0 /joengine/Compiler/COMMON/SGL_302j/LIB_ELF/LIBSGL.A(sglC16.o)
 .text          0x000000000601d4e0        0x0 /joengine/Compiler/COMMON/SGL_302j/LIB_ELF/LIBSGL.A(sglC17.o)
 .text          0x000000000601d4e0        0x0 /joengine/Compiler/COMMON/SGL_302j/LIB_ELF/LIBSGL.A(sglC19.o)
 .text          0x000000000601d4e0        0x0 /joengine/Compiler/COMMON/SGL_302j/LIB_ELF/LIBSGL.A(sglC20.o)
 .text          0x000000000601d4e0        0x0 /joengine/Compiler/COMMON/SGL_302j/LIB_ELF/LIBSGL.A(sglC21.o)
 .text          0x000000000601d4e0        0x0 /joengine/Compiler/COMMON/SGL_302j/LIB_ELF/LIBSGL.A(sglD00.o)
 .text          0x000000000601d4e0        0x0 /joengine/Compiler/COMMON/SGL_302j/LIB_ELF/LIBSGL.A(sglD01.o)
 .text          0x000000000601d4e0        0x0 /joengine/Compiler/COMMON/SGL_302j/LIB_ELF/LIBSGL.A(sglD02.o)
 .text          0x000000000601d4e0        0x0 /joengine/Compiler/COMMON/SGL_302j/LIB_ELF/LIBSGL.A(sglD03.o)
 .text          0x000000000601d4e0        0x0 /joengine/Compiler/COMMON/SGL_302j/LIB_ELF/LIBSGL.A(sglD15.o)
 .text          0x000000000601d4e0        0x0 /joengine/Compiler/COMMON/SGL_302j/LIB_ELF/LIBSGL.A(sglD16.o)
 .text          0x000000000601d4e0        0x0 /joengine/Compiler/COMMON/SGL_302j/LIB_ELF/LIBSGL.A(sglD17.o)
 .text          0x000000000601d4e0        0x0 /joengine/Compiler/COMMON/SGL_302j/LIB_ELF/LIBSGL.A(sglD18.o)
 .text          0x000000000601d4e0        0x0 /joengine/Compiler/COMMON/SGL_302j/LIB_ELF/LIBSGL.A(sglF08.o)
 .text          0x000000000601d4e0        0x0 /joengine/Compiler/COMMON/SGL_302j/LIB_ELF/LIBSGL.A(sglH00.o)
 .text          0x000000000601d4e0        0x0 /joengine/Compiler/COMMON/SGL_302j/LIB_ELF/LIBSGL.A(sglH01.o)
 .text          0x000000000601d4e0        0x0 /joengine/Compiler/COMMON/SGL_302j/LIB_ELF/LIBSGL.A(sglH02.o)
 .text          0x000000000601d4e0        0x0 /joengine/Compiler/COMMON/SGL_302j/LIB_ELF/LIBSGL.A(sglH04.o)
 .text          0x000000000601d4e0        0x0 /joengine/Compiler/COMMON/SGL_302j/LIB_ELF/LIBSGL.A(sglI01.o)
 .text          0x000000000601d4e0        0x0 /joengine/Compiler/COMMON/SGL_302j/LIB_ELF/LIBSGL.A(sglI04.o)
 .text          0x000000000601d4e0      0x128 /joengine/Compiler/COMMON/SGL_302j/LIB_ELF/LIBSGL.A(sglIc0.o)
                0x000000000601d4e0                slInitSystem
 *fill*         0x000000000601d608        0x8 
 .text          0x000000000601d610        0x0 /joengine/Compiler/COMMON/SGL_302j/LIB_ELF/LIBSGL.A(sglJ00.o)
 .text          0x000000000601d610        0x0 /joengine/Compiler/COMMON/SGL_302j/LIB_ELF/LIBSGL.A(sglJ01.o)
 .text          0x000000000601d610        0x0 /joengine/Compiler/COMMON/SGL_302j/LIB_ELF/LIBSGL.A(sglJ02.o)
 .text          0x000000000601d610        0x0 /joengine/Compiler/COMMON/SGL_302j/LIB_ELF/LIBSGL.A(sglJ03.o)
 .text          0x000000000601d610        0x0 /joengine/Compiler/COMMON/SGL_302j/LIB_ELF/LIBSGL.A(sglJ04.o)
 .text          0x000000000601d610        0x0 /joengine/Compiler/COMMON/SGL_302j/LIB_ELF/LIBSGL.A(sglJ05.o)
 .text          0x000000000601d610        0x0 /joengine/Compiler/COMMON/SGL_302j/LIB_ELF/LIBSGL.A(sglK01.o)
 .text          0x000000000601d610        0x0 /joengine/Compiler/COMMON/SGL_302j/LIB_ELF/LIBSGL.A(sglM00.o)
 .text          0x000000000601d610        0x0 /joengine/Compiler/COMMON/SGL_302j/LIB_ELF/LIBSGL.A(sglM01.o)
 .text          0x000000000601d610        0x0 /joengine/Compiler/COMMON/SGL_302j/LIB_ELF/LIBSGL.A(sglA00.o)
 .text          0x000000000601d610        0x0 /joengine/Compiler/COMMON/SGL_302j/LIB_ELF/LIBSGL.A(sglA03.o)
 .text          0x000000000601d610        0x0 /joengine/Compiler/COMMON/SGL_302j/LIB_ELF/LIBSGL.A(sglA10.o)
 .text          0x000000000601d610        0x0 /joengine/Compiler/COMMON/SGL_302j/LIB_ELF/LIBSGL.A(sglA24.o)
 .text          0x000000000601d610        0x0 /joengine/Compiler/COMMON/SGL_302j/LIB_ELF/LIBSGL.A(sglA25.o)
 .text          0x000000000601d610        0x0 /joengine/Compiler/COMMON/SGL_302j/LIB_ELF/LIBSGL.A(sglB000.o)
 .text          0x000000000601d610        0x0 /joengine/Compiler/COMMON/SGL_302j/LIB_ELF/LIBSGL.A(sglC00.o)
 .text          0x000000000601d610        0x0 /joengine/Compiler/COMMON/SGL_302j/LIB_ELF/LIBSGL.A(sglC13.o)
 .text          0x000000000601d610        0x0 /joengine/Compiler/COMMON/SGL_302j/LIB_ELF/LIBSGL.A(sglD19.o)
 .text          0x000000000601d610        0x0 /joengine/Compiler/COMMON/SGL_302j/LIB_ELF/LIBSGL.A(sglI00.o)
 .text          0x000000000601d610        0x0 /joengine/Compiler/COMMON/SGL_302j/LIB_ELF/LIBSGL.A(sglH03.o)
 .text          0x000000000601d610       0x52 /joengine/Compiler/LINUX/bin/../lib/gcc/sh-none-elf/8.2.0/libgcc.a(_ashiftrt.o)
                0x000000000601d610                __ashiftrt_r4_31
                0x000000000601d610                __ashiftrt_r4_32
                0x000000000601d616                __ashiftrt_r4_30
                0x000000000601d618                __ashiftrt_r4_29
                0x000000000601d61a                __ashiftrt_r4_28
                0x000000000601d61c                __ashiftrt_r4_27
                0x000000000601d61e                __ashiftrt_r4_26
                0x000000000601d620                __ashiftrt_r4_25
                0x000000000601d622                __ashiftrt_r4_24
                0x000000000601d62a                __ashiftrt_r4_23
                0x000000000601d62c                __ashiftrt_r4_22
                0x000000000601d62e                __ashiftrt_r4_21
                0x000000000601d630                __ashiftrt_r4_20
                0x000000000601d632                __ashiftrt_r4_19
                0x000000000601d634                __ashiftrt_r4_18
                0x000000000601d636                __ashiftrt_r4_17
                0x000000000601d638                __ashiftrt_r4_16
                0x000000000601d63e                __ashiftrt_r4_15
                0x000000000601d640                __ashiftrt_r4_14
                0x000000000601d642                __ashiftrt_r4_13
                0x000000000601d644                __ashiftrt_r4_12
                0x000000000601d646                __ashiftrt_r4_11
                0x000000000601d648                __ashiftrt_r4_10
                0x000000000601d64a                __ashiftrt_r4_9
                0x000000000601d64c                __ashiftrt_r4_8
                0x000000000601d64e                __ashiftrt_r4_7
                0x000000000601d650                __ashiftrt_r4_6
                0x000000000601d652                __ashiftrt_r4_5
                0x000000000601d654                __ashiftrt_r4_4
                0x000000000601d656                __ashiftrt_r4_3
                0x000000000601d658                __ashiftrt_r4_2
                0x000000000601d65a                __ashiftrt_r4_1
                0x000000000601d65e                __ashiftrt_r4_0
 *fill*         0x000000000601d662        0x2 
 .text          0x000000000601d664       0xa0 /joengine/Compiler/LINUX/bin/../lib/gcc/sh-none-elf/8.2.0/libgcc.a(_sdivsi3.o)
                0x000000000601d664                __sdivsi3
 .text          0x000000000601d704       0x6c /joengine/Compiler/LINUX/bin/../lib/gcc/sh-none-elf/8.2.0/libgcc.a(_udivsi3.o)
                0x000000000601d726                __udivsi3
 .text          0x000000000601d770       0x78 /joengine/Compiler/LINUX/bin/../lib/gcc/sh-none-elf/8.2.0/libgcc.a(_movmem.o)
                0x000000000601d770                __movstr
                0x000000000601d770                __movmem
                0x000000000601d7a4                __movmemSI64
                0x000000000601d7a4                __movstrSI64
                0x000000000601d7a8                __movstrSI60
                0x000000000601d7a8                __movmemSI60
                0x000000000601d7ac                __movmemSI56
                0x000000000601d7ac                __movstrSI56
                0x000000000601d7b0                __movstrSI52
                0x000000000601d7b0                __movmemSI52
                0x000000000601d7b4                __movstrSI48
                0x000000000601d7b4                __movmemSI48
                0x000000000601d7b8                __movstrSI44
                0x000000000601d7b8                __movmemSI44
                0x000000000601d7bc                __movstrSI40
                0x000000000601d7bc                __movmemSI40
                0x000000000601d7c0                __movstrSI36
                0x000000000601d7c0                __movmemSI36
                0x000000000601d7c4                __movmemSI32
                0x000000000601d7c4                __movstrSI32
                0x000000000601d7c8                __movmemSI28
                0x000000000601d7c8                __movstrSI28
                0x000000000601d7cc                __movstrSI24
                0x000000000601d7cc                __movmemSI24
                0x000000000601d7d0                __movmemSI20
                0x000000000601d7d0                __movstrSI20
                0x000000000601d7d4                __movstrSI16
                0x000000000601d7d4                __movmemSI16
                0x000000000601d7d8                __movmemSI12
                0x000000000601d7d8                __movstrSI12
                0x000000000601d7dc                __movmemSI8
                0x000000000601d7dc                __movstrSI8
                0x000000000601d7e0                __movmemSI4
                0x000000000601d7e0                __movstrSI4
 .text          0x000000000601d7e8      0x210 /joengine/Compiler/LINUX/bin/../lib/gcc/sh-none-elf/8.2.0/libgcc.a(_addsub_sf.o)
                0x000000000601d95c                __addsf3
                0x000000000601d9a8                __subsf3
 .text          0x000000000601d9f8      0x134 /joengine/Compiler/LINUX/bin/../lib/gcc/sh-none-elf/8.2.0/libgcc.a(_mul_sf.o)
                0x000000000601d9f8                __mulsf3
 .text          0x000000000601db2c       0xdc /joengine/Compiler/LINUX/bin/../lib/gcc/sh-none-elf/8.2.0/libgcc.a(_div_sf.o)
                0x000000000601db2c                __divsf3
 .text          0x000000000601dc08       0x54 /joengine/Compiler/LINUX/bin/../lib/gcc/sh-none-elf/8.2.0/libgcc.a(_eq_sf.o)
                0x000000000601dc08                __eqsf2
 .text          0x000000000601dc5c       0x54 /joengine/Compiler/LINUX/bin/../lib/gcc/sh-none-elf/8.2.0/libgcc.a(_ne_sf.o)
                0x000000000601dc5c                __nesf2
 .text          0x000000000601dcb0       0x4c /joengine/Compiler/LINUX/bin/../lib/gcc/sh-none-elf/8.2.0/libgcc.a(_gt_sf.o)
                0x000000000601dcb0                __gtsf2
 .text          0x000000000601dcfc       0x4c /joengine/Compiler/LINUX/bin/../lib/gcc/sh-none-elf/8.2.0/libgcc.a(_ge_sf.o)
                0x000000000601dcfc                __gesf2
 .text          0x000000000601dd48       0x54 /joengine/Compiler/LINUX/bin/../lib/gcc/sh-none-elf/8.2.0/libgcc.a(_lt_sf.o)
                0x000000000601dd48                __ltsf2
 .text          0x000000000601dd9c       0x54 /joengine/Compiler/LINUX/bin/../lib/gcc/sh-none-elf/8.2.0/libgcc.a(_le_sf.o)
                0x000000000601dd9c                __lesf2
 .text          0x000000000601ddf0       0x84 /joengine/Compiler/LINUX/bin/../lib/gcc/sh-none-elf/8.2.0/libgcc.a(_si_to_sf.o)
                0x000000000601ddf0                __floatsisf
 .text          0x000000000601de74       0x7c /joengine/Compiler/LINUX/bin/../lib/gcc/sh-none-elf/8.2.0/libgcc.a(_sf_to_si.o)
                0x000000000601de74                __fixsfsi
 .text          0x000000000601def0       0x3c /joengine/Compiler/LINUX/bin/../lib/gcc/sh-none-elf/8.2.0/libgcc.a(_sf_to_df.o)
                0x000000000601def0                __extendsfdf2
 .text          0x000000000601df2c        0x0 /joengine/Compiler/LINUX/bin/../lib/gcc/sh-none-elf/8.2.0/libgcc.a(_thenan_sf.o)
 .text          0x000000000601df2c       0x94 /joengine/Compiler/LINUX/bin/../lib/gcc/sh-none-elf/8.2.0/libgcc.a(_usi_to_sf.o)
                0x000000000601df2c                __floatunsisf
 .text          0x000000000601dfc0       0x28 /joengine/Compiler/LINUX/bin/../lib/gcc/sh-none-elf/8.2.0/libgcc.a(_make_df.o)
                0x000000000601dfc0                __make_dp
 .text          0x000000000601dfe8       0x4c /joengine/Compiler/LINUX/bin/../lib/gcc/sh-none-elf/8.2.0/libgcc.a(_df_to_sf.o)
                0x000000000601dfe8                __truncdfsf2
 .text          0x000000000601e034      0x114 /joengine/Compiler/LINUX/bin/../lib/gcc/sh-none-elf/8.2.0/libgcc.a(_pack_sf.o)
                0x000000000601e034                __pack_f
 .text          0x000000000601e148       0xa0 /joengine/Compiler/LINUX/bin/../lib/gcc/sh-none-elf/8.2.0/libgcc.a(_unpack_sf.o)
                0x000000000601e148                __unpack_f
 .text          0x000000000601e1e8       0xa8 /joengine/Compiler/LINUX/bin/../lib/gcc/sh-none-elf/8.2.0/libgcc.a(_fpcmp_parts_sf.o)
                0x000000000601e1e8                __fpcmp_parts_f
 .text          0x000000000601e290       0x20 /joengine/Compiler/LINUX/bin/../lib/gcc/sh-none-elf/8.2.0/libgcc.a(_make_sf.o)
                0x000000000601e290                __make_fp
 .text          0x000000000601e2b0        0x0 /joengine/Compiler/LINUX/bin/../lib/gcc/sh-none-elf/8.2.0/../../../../sh-none-elf/lib/libc.a(lib_a-impure.o)
 .text          0x000000000601e2b0       0x1e /joengine/Compiler/LINUX/bin/../lib/gcc/sh-none-elf/8.2.0/../../../../sh-none-elf/lib/libc.a(lib_a-memcmp.o)
                0x000000000601e2b0                memcmp
 *fill*         0x000000000601e2ce        0x2 
 .text          0x000000000601e2d0       0x94 /joengine/Compiler/LINUX/bin/../lib/gcc/sh-none-elf/8.2.0/../../../../sh-none-elf/lib/libc.a(lib_a-memcpy.o)
                0x000000000601e2d0                memcpy
 .text          0x000000000601e364       0x40 /joengine/Compiler/LINUX/bin/../lib/gcc/sh-none-elf/8.2.0/../../../../sh-none-elf/lib/libc.a(lib_a-memset.o)
                0x000000000601e364                memset
 .text          0x000000000601e3a4       0x58 /joengine/Compiler/LINUX/bin/../lib/gcc/sh-none-elf/8.2.0/../../../../sh-none-elf/lib/libc.a(lib_a-rand.o)
                0x000000000601e3a4                srand
                0x000000000601e3b8                rand
 .text          0x000000000601e3fc       0x60 /joengine/Compiler/LINUX/bin/../lib/gcc/sh-none-elf/8.2.0/../../../../sh-none-elf/lib/libc.a(lib_a-rget.o)
                0x000000000601e3fc                __srget_r
                0x000000000601e448                __srget
 .text          0x000000000601e45c       0x8c /joengine/Compiler/LINUX/bin/../lib/gcc/sh-none-elf/8.2.0/../../../../sh-none-elf/lib/libc.a(lib_a-sprintf.o)
                0x000000000601e45c                _sprintf_r
                0x000000000601e49c                sprintf
 .text          0x000000000601e4e8       0x22 /joengine/Compiler/LINUX/bin/../lib/gcc/sh-none-elf/8.2.0/../../../../sh-none-elf/lib/libc.a(lib_a-strcat.o)
                0x000000000601e4e8                strcat
 *fill*         0x000000000601e50a        0x2 
 .text          0x000000000601e50c       0x38 /joengine/Compiler/LINUX/bin/../lib/gcc/sh-none-elf/8.2.0/../../../../sh-none-elf/lib/libc.a(lib_a-strcmp.o)
                0x000000000601e50c                strcmp
 .text          0x000000000601e544       0x3c /joengine/Compiler/LINUX/bin/../lib/gcc/sh-none-elf/8.2.0/../../../../sh-none-elf/lib/libc.a(lib_a-strcpy.o)
                0x000000000601e544                strcpy
 .text          0x000000000601e580       0x20 /joengine/Compiler/LINUX/bin/../lib/gcc/sh-none-elf/8.2.0/../../../../sh-none-elf/lib/libc.a(lib_a-strlen.o)
                0x000000000601e580                strlen
 .text          0x000000000601e5a0       0x2a /joengine/Compiler/LINUX/bin/../lib/gcc/sh-none-elf/8.2.0/../../../../sh-none-elf/lib/libc.a(lib_a-strncmp.o)
                0x000000000601e5a0                strncmp
 .text          0x000000000601e5ca       0x32 /joengine/Compiler/LINUX/bin/../lib/gcc/sh-none-elf/8.2.0/../../../../sh-none-elf/lib/libc.a(lib_a-strncpy.o)
                0x000000000601e5ca                strncpy
 .text          0x000000000601e5fc       0x36 /joengine/Compiler/LINUX/bin/../lib/gcc/sh-none-elf/8.2.0/../../../../sh-none-elf/lib/libc.a(lib_a-strstr.o)
                0x000000000601e5fc                strstr
 *fill*         0x000000000601e632        0x2 
 .text          0x000000000601e634     0x1378 /joengine/Compiler/LINUX/bin/../lib/gcc/sh-none-elf/8.2.0/../../../../sh-none-elf/lib/libc.a(lib_a-svfprintf.o)
                0x000000000601e634                _svfprintf_r
 .text          0x000000000601f9ac       0xdc /joengine/Compiler/LINUX/bin/../lib/gcc/sh-none-elf/8.2.0/../../../../sh-none-elf/lib/libc.a(lib_a-wbuf.o)
                0x000000000601f9ac                __swbuf_r
                0x000000000601fa74                __swbuf
 .text          0x000000000601fa88       0xcc /joengine/Compiler/LINUX/bin/../lib/gcc/sh-none-elf/8.2.0/../../../../sh-none-elf/lib/libc.a(lib_a-wsetup.o)
                0x000000000601fa88                __swsetup_r
 .text          0x000000000601fb54      0xef4 /joengine/Compiler/LINUX/bin/../lib/gcc/sh-none-elf/8.2.0/../../../../sh-none-elf/lib/libc.a(lib_a-dtoa.o)
                0x000000000601fc88                _dtoa_r
 .text          0x0000000006020a48      0x1a8 /joengine/Compiler/LINUX/bin/../lib/gcc/sh-none-elf/8.2.0/../../../../sh-none-elf/lib/libc.a(lib_a-fflush.o)
                0x0000000006020a48                __sflush_r
                0x0000000006020b88                _fflush_r
                0x0000000006020bc8                fflush
 .text          0x0000000006020bf0      0x218 /joengine/Compiler/LINUX/bin/../lib/gcc/sh-none-elf/8.2.0/../../../../sh-none-elf/lib/libc.a(lib_a-findfp.o)
                0x0000000006020c4c                _cleanup_r
                0x0000000006020c60                __sfmoreglue
                0x0000000006020cac                _cleanup
                0x0000000006020cc0                __sinit
                0x0000000006020d14                __sfp
                0x0000000006020dc8                __sfp_lock_acquire
                0x0000000006020dcc                __sfp_lock_release
                0x0000000006020dd0                __sinit_lock_acquire
                0x0000000006020dd4                __sinit_lock_release
                0x0000000006020dd8                __fp_lock_all
                0x0000000006020df0                __fp_unlock_all
 .text          0x0000000006020e08       0xb4 /joengine/Compiler/LINUX/bin/../lib/gcc/sh-none-elf/8.2.0/../../../../sh-none-elf/lib/libc.a(lib_a-fwalk.o)
                0x0000000006020e08                _fwalk
                0x0000000006020e5e                _fwalk_reent
 .text          0x0000000006020ebc       0x40 /joengine/Compiler/LINUX/bin/../lib/gcc/sh-none-elf/8.2.0/../../../../sh-none-elf/lib/libc.a(lib_a-localeconv.o)
                0x0000000006020ebc                __localeconv_l
                0x0000000006020ec4                _localeconv_r
                0x0000000006020ee0                localeconv
 .text          0x0000000006020efc       0xa8 /joengine/Compiler/LINUX/bin/../lib/gcc/sh-none-elf/8.2.0/../../../../sh-none-elf/lib/libc.a(lib_a-locale.o)
                0x0000000006020efc                _setlocale_r
                0x0000000006020f48                __locale_mb_cur_max
                0x0000000006020f68                __locale_ctype_ptr_l
                0x0000000006020f72                __locale_ctype_ptr
                0x0000000006020f90                setlocale
 .text          0x0000000006020fa4      0x110 /joengine/Compiler/LINUX/bin/../lib/gcc/sh-none-elf/8.2.0/../../../../sh-none-elf/lib/libc.a(lib_a-makebuf.o)
                0x0000000006020fa4                __swhatbuf_r
                0x0000000006021008                __smakebuf_r
 .text          0x00000000060210b4       0x4c /joengine/Compiler/LINUX/bin/../lib/gcc/sh-none-elf/8.2.0/../../../../sh-none-elf/lib/libc.a(lib_a-mbtowc_r.o)
                0x00000000060210b4                _mbtowc_r
                0x00000000060210d8                __ascii_mbtowc
 .text          0x0000000006021100       0x1c /joengine/Compiler/LINUX/bin/../lib/gcc/sh-none-elf/8.2.0/../../../../sh-none-elf/lib/libc.a(lib_a-memchr.o)
                0x0000000006021100                memchr
 .text          0x000000000602111c      0xa9c /joengine/Compiler/LINUX/bin/../lib/gcc/sh-none-elf/8.2.0/../../../../sh-none-elf/lib/libc.a(lib_a-mprec.o)
                0x000000000602111c                _Balloc
                0x0000000006021190                _Bfree
                0x00000000060211a8                __multadd
                0x0000000006021250                __s2b
                0x0000000006021310                __hi0bits
                0x0000000006021364                __lo0bits
                0x00000000060213c8                __i2b
                0x00000000060213e4                __multiply
                0x0000000006021528                __pow5mult
                0x00000000060215e4                __lshift
                0x00000000060216d8                __mcmp
                0x0000000006021710                __mdiff
                0x00000000060217ec                __ulp
                0x0000000006021858                __b2d
                0x0000000006021940                __d2b
                0x0000000006021a2c                __ratio
                0x0000000006021ab0                _mprec_log10
                0x0000000006021b08                __copybits
                0x0000000006021b4c                __any_on
 .text          0x0000000006021bb8      0x14c /joengine/Compiler/LINUX/bin/../lib/gcc/sh-none-elf/8.2.0/../../../../sh-none-elf/lib/libc.a(lib_a-refill.o)
                0x0000000006021bd0                __srefill_r
 .text          0x0000000006021d04       0xe0 /joengine/Compiler/LINUX/bin/../lib/gcc/sh-none-elf/8.2.0/../../../../sh-none-elf/lib/libc.a(lib_a-stdio.o)
                0x0000000006021d04                __sread
                0x0000000006021d40                __seofread
                0x0000000006021d44                __swrite
                0x0000000006021d94                __sseek
                0x0000000006021dd4                __sclose
 .text          0x0000000006021de4      0xa60 /joengine/Compiler/LINUX/bin/../lib/gcc/sh-none-elf/8.2.0/../../../../sh-none-elf/lib/libc.a(lib_a-svfiprintf.o)
                0x0000000006021de4                __ssprint_r
                0x0000000006021f18                _svfiprintf_r
 .text          0x0000000006022844       0x40 /joengine/Compiler/LINUX/bin/../lib/gcc/sh-none-elf/8.2.0/../../../../sh-none-elf/lib/libc.a(lib_a-wctomb_r.o)
                0x0000000006022844                _wctomb_r
                0x0000000006022864                __ascii_wctomb
 .text          0x0000000006022884       0x34 /joengine/Compiler/LINUX/bin/../lib/gcc/sh-none-elf/8.2.0/../../../../sh-none-elf/lib/libc.a(lib_a-writer.o)
                0x0000000006022884                _write_r
 .text          0x00000000060228b8       0x30 /joengine/Compiler/LINUX/bin/../lib/gcc/sh-none-elf/8.2.0/../../../../sh-none-elf/lib/libc.a(lib_a-closer.o)
                0x00000000060228b8                _close_r
 .text          0x00000000060228e8        0x0 /joengine/Compiler/LINUX/bin/../lib/gcc/sh-none-elf/8.2.0/../../../../sh-none-elf/lib/libc.a(lib_a-ctype_.o)
 .text          0x00000000060228e8       0xc8 /joengine/Compiler/LINUX/bin/../lib/gcc/sh-none-elf/8.2.0/../../../../sh-none-elf/lib/libc.a(lib_a-fclose.o)
                0x00000000060228e8                _fclose_r
                0x000000000602299c                fclose
 .text          0x00000000060229b0       0x34 /joengine/Compiler/LINUX/bin/../lib/gcc/sh-none-elf/8.2.0/../../../../sh-none-elf/lib/libc.a(lib_a-fstatr.o)
                0x00000000060229b0                _fstat_r
 .text          0x00000000060229e4       0x30 /joengine/Compiler/LINUX/bin/../lib/gcc/sh-none-elf/8.2.0/../../../../sh-none-elf/lib/libc.a(lib_a-isattyr.o)
                0x00000000060229e4                _isatty_r
 .text          0x0000000006022a14       0x34 /joengine/Compiler/LINUX/bin/../lib/gcc/sh-none-elf/8.2.0/../../../../sh-none-elf/lib/libc.a(lib_a-lseekr.o)
                0x0000000006022a14                _lseek_r
 .text          0x0000000006022a48       0x3c /joengine/Compiler/LINUX/bin/../lib/gcc/sh-none-elf/8.2.0/../../../../sh-none-elf/lib/libc.a(lib_a-memmove.o)
                0x0000000006022a48                memmove
 .text          0x0000000006022a84       0x34 /joengine/Compiler/LINUX/bin/../lib/gcc/sh-none-elf/8.2.0/../../../../sh-none-elf/lib/libc.a(lib_a-readr.o)
                0x0000000006022a84                _read_r
 .text          0x0000000006022ab8      0x100 /joengine/Compiler/LINUX/bin/../lib/gcc/sh-none-elf/8.2.0/../../../../sh-none-elf/lib/libc.a(lib_a-reent.o)
                0x0000000006022ab8                cleanup_glue
                0x0000000006022ae4                _reclaim_reent
 .text          0x0000000006022bb8       0x80 /joengine/Compiler/LINUX/bin/../lib/gcc/sh-none-elf/8.2.0/libgcc.a(_ashiftrt_n.o)
                0x0000000006022bb8                __ashrsi3
 .text          0x0000000006022c38       0xbc /joengine/Compiler/LINUX/bin/../lib/gcc/sh-none-elf/8.2.0/libgcc.a(_ashiftlt.o)
                0x0000000006022c38                __ashlsi3
                0x0000000006022c3c                __ashlsi3_r0
 .text          0x0000000006022cf4       0xbc /joengine/Compiler/LINUX/bin/../lib/gcc/sh-none-elf/8.2.0/libgcc.a(_lshiftrt.o)
                0x0000000006022cf4                __lshrsi3
                0x0000000006022cf8                __lshrsi3_r0
 .text          0x0000000006022db0      0x258 /joengine/Compiler/LINUX/bin/../lib/gcc/sh-none-elf/8.2.0/libgcc.a(_udivdi3.o)
                0x0000000006022db0                __udivdi3
 .text          0x0000000006023008      0x2bc /joengine/Compiler/LINUX/bin/../lib/gcc/sh-none-elf/8.2.0/libgcc.a(_umoddi3.o)
                0x0000000006023008                __umoddi3
 .text          0x00000000060232c4      0x3b4 /joengine/Compiler/LINUX/bin/../lib/gcc/sh-none-elf/8.2.0/libgcc.a(_addsub_df.o)
                0x00000000060235d4                __adddf3
                0x0000000006023624                __subdf3
 .text          0x0000000006023678      0x208 /joengine/Compiler/LINUX/bin/../lib/gcc/sh-none-elf/8.2.0/libgcc.a(_mul_df.o)
                0x0000000006023678                __muldf3
 .text          0x0000000006023880      0x130 /joengine/Compiler/LINUX/bin/../lib/gcc/sh-none-elf/8.2.0/libgcc.a(_div_df.o)
                0x0000000006023880                __divdf3
 .text          0x00000000060239b0       0x58 /joengine/Compiler/LINUX/bin/../lib/gcc/sh-none-elf/8.2.0/libgcc.a(_eq_df.o)
                0x00000000060239b0                __eqdf2
 .text          0x0000000006023a08       0x58 /joengine/Compiler/LINUX/bin/../lib/gcc/sh-none-elf/8.2.0/libgcc.a(_ne_df.o)
                0x0000000006023a08                __nedf2
 .text          0x0000000006023a60       0x50 /joengine/Compiler/LINUX/bin/../lib/gcc/sh-none-elf/8.2.0/libgcc.a(_gt_df.o)
                0x0000000006023a60                __gtdf2
 .text          0x0000000006023ab0       0x50 /joengine/Compiler/LINUX/bin/../lib/gcc/sh-none-elf/8.2.0/libgcc.a(_ge_df.o)
                0x0000000006023ab0                __gedf2
 .text          0x0000000006023b00       0x58 /joengine/Compiler/LINUX/bin/../lib/gcc/sh-none-elf/8.2.0/libgcc.a(_lt_df.o)
                0x0000000006023b00                __ltdf2
 .text          0x0000000006023b58       0x58 /joengine/Compiler/LINUX/bin/../lib/gcc/sh-none-elf/8.2.0/libgcc.a(_le_df.o)
                0x0000000006023b58                __ledf2
 .text          0x0000000006023bb0       0x40 /joengine/Compiler/LINUX/bin/../lib/gcc/sh-none-elf/8.2.0/libgcc.a(_unord_df.o)
                0x0000000006023bb0                __unorddf2
 .text          0x0000000006023bf0       0xa8 /joengine/Compiler/LINUX/bin/../lib/gcc/sh-none-elf/8.2.0/libgcc.a(_si_to_df.o)
                0x0000000006023bf0                __floatsidf
 .text          0x0000000006023c98       0xa4 /joengine/Compiler/LINUX/bin/../lib/gcc/sh-none-elf/8.2.0/libgcc.a(_df_to_si.o)
                0x0000000006023c98                __fixdfsi
 .text          0x0000000006023d3c        0x0 /joengine/Compiler/LINUX/bin/../lib/gcc/sh-none-elf/8.2.0/libgcc.a(_thenan_df.o)
 .text          0x0000000006023d3c       0x88 /joengine/Compiler/LINUX/bin/../lib/gcc/sh-none-elf/8.2.0/libgcc.a(_usi_to_df.o)
                0x0000000006023d3c                __floatunsidf
 *fill*         0x0000000006023dc4        0x4 
 .text          0x0000000006023dc8       0x60 /joengine/Compiler/LINUX/bin/../lib/gcc/sh-none-elf/8.2.0/libgcc.a(_udiv_qrnnd_16.o)
                0x0000000006023dc8                __udiv_qrnnd_16
 .text          0x0000000006023e28        0x0 /joengine/Compiler/LINUX/bin/../lib/gcc/sh-none-elf/8.2.0/libgcc.a(_clz.o)
 .text          0x0000000006023e28       0x58 /joengine/Compiler/LINUX/bin/../lib/gcc/sh-none-elf/8.2.0/libgcc.a(_clzsi2.o)
                0x0000000006023e28                __clzsi2
 .text          0x0000000006023e80      0x25c /joengine/Compiler/LINUX/bin/../lib/gcc/sh-none-elf/8.2.0/libgcc.a(_pack_df.o)
                0x0000000006023e80                __pack_d
 .text          0x00000000060240dc       0xcc /joengine/Compiler/LINUX/bin/../lib/gcc/sh-none-elf/8.2.0/libgcc.a(_unpack_df.o)
                0x00000000060240dc                __unpack_d
 .text          0x00000000060241a8       0xc8 /joengine/Compiler/LINUX/bin/../lib/gcc/sh-none-elf/8.2.0/libgcc.a(_fpcmp_parts_df.o)
                0x00000000060241a8                __fpcmp_parts_d
 *(.strings)
 *(SEGA_P)
 *(.eh_frame_hdr)
 *(.eh_frame)
 .eh_frame      0x0000000006024270       0xa8 /joengine/Compiler/LINUX/bin/../lib/gcc/sh-none-elf/8.2.0/libgcc.a(_udivdi3.o)
 .eh_frame      0x0000000006024318       0xdc /joengine/Compiler/LINUX/bin/../lib/gcc/sh-none-elf/8.2.0/libgcc.a(_umoddi3.o)
                0x00000000060243f4                __etext = .

.text.startup   0x0000000006024400      0xb80
 .text.startup  0x0000000006024400      0xb7c /tmp/ccDKVNpG.ltrans0.ltrans.o
                0x0000000006024400                main

SLPROG          0x0000000006024f80    0x158a0
                0x0000000006024f80                __slprog_start = .
 *(SLPROG)
 SLPROG         0x0000000006024f80     0x6540 /joengine/Compiler/COMMON/SGL_302j/LIB_ELF/SGLAREA.O
                0x0000000006024f80                MasterStack
                0x0000000006024f84                SlaveStack
                0x0000000006024f88                MaxVertices
                0x0000000006024f8a                MaxPolygons
                0x0000000006024f8c                SortList
                0x0000000006024f90                SortListSize
                0x0000000006024f94                TransList
                0x0000000006024f98                Zbuffer
                0x0000000006024f9c                SpriteBuf
                0x0000000006024fa0                SpriteBufSize
                0x0000000006024fa4                Pbuffer
                0x0000000006024fa8                CommandBuf
                0x0000000006024fac                CLOfstBuf
                0x0000000006024fb0                PCM_Work
                0x0000000006024fb4                PCM_WkSize
                0x0000000006024fb8                MaxEvents
                0x0000000006024fba                EventSize
                0x0000000006024fbc                MaxWorks
                0x0000000006024fbe                WorkSize
                0x0000000006024fc0                RemainEvent
                0x00000000060250c0                RemainWork
                0x00000000060254c0                EventBuf
                0x00000000060274c0                WorkBuf
 SLPROG         0x000000000602b4c0     0x411e /joengine/Compiler/COMMON/SGL_302j/LIB_ELF/LIBSGL.A(sglA01.o)
                0x000000000602b4c0                slSin
                0x000000000602b4e4                slCos
                0x000000000602b508                GetSinCos
                0x000000000602b59c                sin_cos_index_tbl
                0x000000000602b5dc                sin_tbl
 *fill*         0x000000000602f5de        0x2 
 SLPROG         0x000000000602f5e0       0x18 /joengine/Compiler/COMMON/SGL_302j/LIB_ELF/LIBSGL.A(sglA15.o)
                0x000000000602f5e0                slSlaveFunc
 *fill*         0x000000000602f5f8        0x8 
 SLPROG         0x000000000602f600       0xd0 /joengine/Compiler/COMMON/SGL_302j/LIB_ELF/LIBSGL.A(sglA16.o)
                0x000000000602f600                slLookAt
 SLPROG         0x000000000602f6d0       0x78 /joengine/Compiler/COMMON/SGL_302j/LIB_ELF/LIBSGL.A(sglA17.o)
                0x000000000602f6d0                slRotZ
                0x000000000602f6da                slRotZSC
 *fill*         0x000000000602f748        0x8 
 SLPROG         0x000000000602f750       0x78 /joengine/Compiler/COMMON/SGL_302j/LIB_ELF/LIBSGL.A(sglA18.o)
                0x000000000602f750                slRotY
                0x000000000602f75a                slRotYSC
 *fill*         0x000000000602f7c8        0x8 
 SLPROG         0x000000000602f7d0       0x78 /joengine/Compiler/COMMON/SGL_302j/LIB_ELF/LIBSGL.A(sglA19.o)
                0x000000000602f7d0                slRotX
                0x000000000602f7da                slRotXSC
 *fill*         0x000000000602f848        0x8 
 SLPROG         0x000000000602f850      0x42c /joengine/Compiler/COMMON/SGL_302j/LIB_ELF/LIBSGL.A(sglA20.o)
                0x000000000602f850                slInitMatrix
                0x000000000602f85a                slPushUnitMatrix
                0x000000000602f86e                slUnitMatrix
 *fill*         0x000000000602fc7c        0x4 
 SLPROG         0x000000000602fc80       0x48 /joengine/Compiler/COMMON/SGL_302j/LIB_ELF/LIBSGL.A(sglA21.o)
                0x000000000602fc80                slPushMatrix
                0x000000000602fcb4                slPopMatrix
                0x000000000602fcb4                slDecMatrixPtr
 *fill*         0x000000000602fcc8        0x8 
 SLPROG         0x000000000602fcd0       0x50 /joengine/Compiler/COMMON/SGL_302j/LIB_ELF/LIBSGL.A(sglA27.o)
                0x000000000602fcd0                slTranslate
 SLPROG         0x000000000602fd20       0x70 /joengine/Compiler/COMMON/SGL_302j/LIB_ELF/LIBSGL.A(sglA28.o)
                0x000000000602fd20                slScale
 SLPROG         0x000000000602fd90       0x22 /joengine/Compiler/COMMON/SGL_302j/LIB_ELF/LIBSGL.A(sglA40.o)
                0x000000000602fd90                slCalcVector
 *fill*         0x000000000602fdb2        0xe 
 SLPROG         0x000000000602fdc0       0x20 /joengine/Compiler/COMMON/SGL_302j/LIB_ELF/LIBSGL.A(sglB001.o)
                0x000000000602fdc0                slTVOn
                0x000000000602fdca                slTVOff
 SLPROG         0x000000000602fde0       0x24 /joengine/Compiler/COMMON/SGL_302j/LIB_ELF/LIBSGL.A(sglB011.o)
                0x000000000602fde0                slBitMapNbg1
 *fill*         0x000000000602fe04        0xc 
 SLPROG         0x000000000602fe10        0x8 /joengine/Compiler/COMMON/SGL_302j/LIB_ELF/LIBSGL.A(sglB014.o)
                0x000000000602fe10                slScrTransparent
 *fill*         0x000000000602fe18        0x8 
 SLPROG         0x000000000602fe20      0x40c /joengine/Compiler/COMMON/SGL_302j/LIB_ELF/LIBSGL.A(sglB015.o)
                0x000000000602fe20                slScrAutoDisp
 *fill*         0x000000000603022c        0x4 
 SLPROG         0x0000000006030230        0xc /joengine/Compiler/COMMON/SGL_302j/LIB_ELF/LIBSGL.A(sglB016.o)
                0x0000000006030230                slBack1ColSet
 *fill*         0x000000000603023c        0x4 
 SLPROG         0x0000000006030240       0x10 /joengine/Compiler/COMMON/SGL_302j/LIB_ELF/LIBSGL.A(sglB020.o)
                0x0000000006030240                slColorCalc
 SLPROG         0x0000000006030250        0xc /joengine/Compiler/COMMON/SGL_302j/LIB_ELF/LIBSGL.A(sglB021.o)
                0x0000000006030250                slColorCalcOn
 *fill*         0x000000000603025c        0x4 
 SLPROG         0x0000000006030260        0xc /joengine/Compiler/COMMON/SGL_302j/LIB_ELF/LIBSGL.A(sglB023.o)
                0x0000000006030260                slColRate
 *fill*         0x000000000603026c        0x4 
 SLPROG         0x0000000006030270       0xb0 /joengine/Compiler/COMMON/SGL_302j/LIB_ELF/LIBSGL.A(sglB031.o)
                0x0000000006030270                slMapNbg0
 SLPROG         0x0000000006030320       0xb4 /joengine/Compiler/COMMON/SGL_302j/LIB_ELF/LIBSGL.A(sglB032.o)
                0x0000000006030320                slMapNbg1
 *fill*         0x00000000060303d4        0xc 
 SLPROG         0x00000000060303e0       0xb0 /joengine/Compiler/COMMON/SGL_302j/LIB_ELF/LIBSGL.A(sglB033.o)
                0x00000000060303e0                slMapNbg2
 SLPROG         0x0000000006030490       0xb4 /joengine/Compiler/COMMON/SGL_302j/LIB_ELF/LIBSGL.A(sglB034.o)
                0x0000000006030490                slMapNbg3
 *fill*         0x0000000006030544        0xc 
 SLPROG         0x0000000006030550       0xd4 /joengine/Compiler/COMMON/SGL_302j/LIB_ELF/LIBSGL.A(sglB035.o)
                0x0000000006030550                sl1MapRA
                0x00000000060305e2                rbank_set
 *fill*         0x0000000006030624        0xc 
 SLPROG         0x0000000006030630       0xa0 /joengine/Compiler/COMMON/SGL_302j/LIB_ELF/LIBSGL.A(sglB036.o)
                0x0000000006030630                sl1MapRB
 SLPROG         0x00000000060306d0       0x70 /joengine/Compiler/COMMON/SGL_302j/LIB_ELF/LIBSGL.A(sglB038.o)
                0x00000000060306d0                slRparaInitSet
 SLPROG         0x0000000006030740       0x7e /joengine/Compiler/COMMON/SGL_302j/LIB_ELF/LIBSGL.A(sglB039.o)
                0x0000000006030740                slMakeKtable
 *fill*         0x00000000060307be        0x2 
 SLPROG         0x00000000060307c0       0x58 /joengine/Compiler/COMMON/SGL_302j/LIB_ELF/LIBSGL.A(sglB040.o)
                0x00000000060307c0                slKtableRA
 *fill*         0x0000000006030818        0x8 
 SLPROG         0x0000000006030820       0x5c /joengine/Compiler/COMMON/SGL_302j/LIB_ELF/LIBSGL.A(sglB041.o)
                0x0000000006030820                slKtableRB
 *fill*         0x000000000603087c        0x4 
 SLPROG         0x0000000006030880       0x10 /joengine/Compiler/COMMON/SGL_302j/LIB_ELF/LIBSGL.A(sglB042.o)
                0x0000000006030880                slCurRpara
 SLPROG         0x0000000006030890        0x8 /joengine/Compiler/COMMON/SGL_302j/LIB_ELF/LIBSGL.A(sglB043.o)
                0x0000000006030890                slRparaMode
 *fill*         0x0000000006030898        0x8 
 SLPROG         0x00000000060308a0      0x4e4 /joengine/Compiler/COMMON/SGL_302j/LIB_ELF/LIBSGL.A(sglB044.o)
                0x00000000060308a0                slScrMatSet
 *fill*         0x0000000006030d84        0xc 
 SLPROG         0x0000000006030d90       0x28 /joengine/Compiler/COMMON/SGL_302j/LIB_ELF/LIBSGL.A(sglB045.o)
                0x0000000006030d90                slScrMatConv
 *fill*         0x0000000006030db8        0x8 
 SLPROG         0x0000000006030dc0        0xc /joengine/Compiler/COMMON/SGL_302j/LIB_ELF/LIBSGL.A(sglB047.o)
                0x0000000006030dc0                slOverRA
 *fill*         0x0000000006030dcc        0x4 
 SLPROG         0x0000000006030dd0       0x10 /joengine/Compiler/COMMON/SGL_302j/LIB_ELF/LIBSGL.A(sglB048.o)
                0x0000000006030dd0                slOverRB
 SLPROG         0x0000000006030de0        0xc /joengine/Compiler/COMMON/SGL_302j/LIB_ELF/LIBSGL.A(sglB055.o)
                0x0000000006030de0                slPlaneNbg0
 *fill*         0x0000000006030dec        0x4 
 SLPROG         0x0000000006030df0        0xc /joengine/Compiler/COMMON/SGL_302j/LIB_ELF/LIBSGL.A(sglB056.o)
                0x0000000006030df0                slPlaneNbg1
 *fill*         0x0000000006030dfc        0x4 
 SLPROG         0x0000000006030e00       0x10 /joengine/Compiler/COMMON/SGL_302j/LIB_ELF/LIBSGL.A(sglB057.o)
                0x0000000006030e00                slPlaneNbg2
 SLPROG         0x0000000006030e10       0x10 /joengine/Compiler/COMMON/SGL_302j/LIB_ELF/LIBSGL.A(sglB058.o)
                0x0000000006030e10                slPlaneNbg3
 SLPROG         0x0000000006030e20        0xc /joengine/Compiler/COMMON/SGL_302j/LIB_ELF/LIBSGL.A(sglB059.o)
                0x0000000006030e20                slPlaneRA
 *fill*         0x0000000006030e2c        0x4 
 SLPROG         0x0000000006030e30       0x10 /joengine/Compiler/COMMON/SGL_302j/LIB_ELF/LIBSGL.A(sglB060.o)
                0x0000000006030e30                slPlaneRB
 SLPROG         0x0000000006030e40        0xc /joengine/Compiler/COMMON/SGL_302j/LIB_ELF/LIBSGL.A(sglB063.o)
                0x0000000006030e40                slPriority
 *fill*         0x0000000006030e4c        0x4 
 SLPROG         0x0000000006030e50       0x18 /joengine/Compiler/COMMON/SGL_302j/LIB_ELF/LIBSGL.A(sglB087.o)
                0x0000000006030e50                slLineScrollTable0
 *fill*         0x0000000006030e68        0x8 
 SLPROG         0x0000000006030e70        0x8 /joengine/Compiler/COMMON/SGL_302j/LIB_ELF/LIBSGL.A(sglB088.o)
                0x0000000006030e70                slLineScrollTable1
 *fill*         0x0000000006030e78        0x8 
 SLPROG         0x0000000006030e80        0xc /joengine/Compiler/COMMON/SGL_302j/LIB_ELF/LIBSGL.A(sglB090.o)
                0x0000000006030e80                slLineScrollMode
 *fill*         0x0000000006030e8c        0x4 
 SLPROG         0x0000000006030e90      0x114 /joengine/Compiler/COMMON/SGL_302j/LIB_ELF/LIBSGL.A(sglB200.o)
                0x0000000006030e90                slCharRbg0
                0x0000000006030e9c                slCharNbg0
                0x0000000006030ea8                slCharNbg1
                0x0000000006030eb4                slCharNbg2
                0x0000000006030eca                slCharNbg3
                0x0000000006030ee2                slPageRbg0
                0x0000000006030ef8                slPageNbg1
                0x0000000006030f00                slPageNbg2
                0x0000000006030f08                slPageNbg3
                0x0000000006030f14                slPageNbg0
 *fill*         0x0000000006030fa4        0xc 
 SLPROG         0x0000000006030fb0       0x6c /joengine/Compiler/COMMON/SGL_302j/LIB_ELF/LIBSGL.A(sglC01.o)
                0x0000000006030fb0                slPerspective
 *fill*         0x000000000603101c        0x4 
 SLPROG         0x0000000006031020       0xc4 /joengine/Compiler/COMMON/SGL_302j/LIB_ELF/LIBSGL.A(sglC03.o)
                0x0000000006031020                slWindow
 *fill*         0x00000000060310e4        0xc 
 SLPROG         0x00000000060310f0       0x2c /joengine/Compiler/COMMON/SGL_302j/LIB_ELF/LIBSGL.A(sglC04.o)
                0x00000000060310f0                slZdspLevel
 *fill*         0x000000000603111c        0x4 
 SLPROG         0x0000000006031120       0x78 /joengine/Compiler/COMMON/SGL_302j/LIB_ELF/LIBSGL.A(sglC05.o)
                0x0000000006031120                slSetSprite
 *fill*         0x0000000006031198        0x8 
 SLPROG         0x00000000060311a0       0xfa /joengine/Compiler/COMMON/SGL_302j/LIB_ELF/LIBSGL.A(sglC06.o)
                0x00000000060311a0                slDispSprite
 *fill*         0x000000000603129a        0x6 
 SLPROG         0x00000000060312a0      0x162 /joengine/Compiler/COMMON/SGL_302j/LIB_ELF/LIBSGL.A(sglC07.o)
                0x00000000060312a6                slPutSprite
 *fill*         0x0000000006031402        0xe 
 SLPROG         0x0000000006031410     0x1218 /joengine/Compiler/COMMON/SGL_302j/LIB_ELF/LIBSGL.A(sglC08.o)
                0x0000000006031410                slPutPolygon
                0x000000000603208c                MsCalcDepthFlat
 *fill*         0x0000000006032628        0x8 
 SLPROG         0x0000000006032630       0x8c /joengine/Compiler/COMMON/SGL_302j/LIB_ELF/LIBSGL.A(sglC14.o)
                0x0000000006032630                slCurWindow
 *fill*         0x00000000060326bc        0x4 
 SLPROG         0x00000000060326c0       0x54 /joengine/Compiler/COMMON/SGL_302j/LIB_ELF/LIBSGL.A(sglC16.o)
                0x00000000060326c0                slDynamicFrame
 *fill*         0x0000000006032714        0xc 
 SLPROG         0x0000000006032720       0x4c /joengine/Compiler/COMMON/SGL_302j/LIB_ELF/LIBSGL.A(sglC17.o)
                0x0000000006032720                slDispSpriteHV
 *fill*         0x000000000603276c        0x4 
 SLPROG         0x0000000006032770       0xd4 /joengine/Compiler/COMMON/SGL_302j/LIB_ELF/LIBSGL.A(sglC19.o)
                0x0000000006032770                slDispSprite4P
 *fill*         0x0000000006032844        0xc 
 SLPROG         0x0000000006032850       0x40 /joengine/Compiler/COMMON/SGL_302j/LIB_ELF/LIBSGL.A(sglC20.o)
                0x0000000006032850                SpriteEntry
 SLPROG         0x0000000006032890      0x4ae /joengine/Compiler/COMMON/SGL_302j/LIB_ELF/LIBSGL.A(sglC21.o)
                0x0000000006032918                RotSprite
                0x00000000060329a6                SetSprPosition
 *fill*         0x0000000006032d3e        0x2 
 SLPROG         0x0000000006032d40       0x84 /joengine/Compiler/COMMON/SGL_302j/LIB_ELF/LIBSGL.A(sglD00.o)
                0x0000000006032d40                slDMACopy
                0x0000000006032d40                slCpuDMACopy
                0x0000000006032d9a                slCashPurge
                0x0000000006032d9a                CSH_AllClr
 *fill*         0x0000000006032dc4        0xc 
 SLPROG         0x0000000006032dd0       0xa0 /joengine/Compiler/COMMON/SGL_302j/LIB_ELF/LIBSGL.A(sglD01.o)
                0x0000000006032dd0                slDMAXCopy
 SLPROG         0x0000000006032e70       0x10 /joengine/Compiler/COMMON/SGL_302j/LIB_ELF/LIBSGL.A(sglD02.o)
                0x0000000006032e70                slDMAWait
 SLPROG         0x0000000006032e80        0xc /joengine/Compiler/COMMON/SGL_302j/LIB_ELF/LIBSGL.A(sglD03.o)
                0x0000000006032e80                slDMAStatus
 *fill*         0x0000000006032e8c        0x4 
 SLPROG         0x0000000006032e90       0x20 /joengine/Compiler/COMMON/SGL_302j/LIB_ELF/LIBSGL.A(sglD15.o)
                0x0000000006032e90                CSH_Purge
 SLPROG         0x0000000006032eb0       0x84 /joengine/Compiler/COMMON/SGL_302j/LIB_ELF/LIBSGL.A(sglD16.o)
                0x0000000006032eb0                DMA_ScuSetPrm
                0x0000000006032ef8                DMA_SCU_PRM0
 *fill*         0x0000000006032f34        0xc 
 SLPROG         0x0000000006032f40       0x88 /joengine/Compiler/COMMON/SGL_302j/LIB_ELF/LIBSGL.A(sglD17.o)
                0x0000000006032f40                DMA_ScuStart
 *fill*         0x0000000006032fc8        0x8 
 SLPROG         0x0000000006032fd0       0x34 /joengine/Compiler/COMMON/SGL_302j/LIB_ELF/LIBSGL.A(sglD18.o)
                0x0000000006032fd0                DMA_ScuGetStatus
 *fill*         0x0000000006033004        0xc 
 SLPROG         0x0000000006033010       0x34 /joengine/Compiler/COMMON/SGL_302j/LIB_ELF/LIBSGL.A(sglF08.o)
                0x0000000006033010                slDec2Hex
 *fill*         0x0000000006033044        0xc 
 SLPROG         0x0000000006033050      0xfc8 /joengine/Compiler/COMMON/SGL_302j/LIB_ELF/LIBSGL.A(sglH00.o)
                0x0000000006033068                slGetPortDir1
                0x0000000006033070                slGetPortDir2
                0x0000000006033078                slSetPortDir1
                0x00000000060330a2                slSetPortDir2
                0x00000000060330dc                slGetPortData1
                0x00000000060330e4                slGetPortData2
                0x00000000060330ec                slSetPortData1
                0x00000000060330f6                slSetPortData2
                0x0000000006033108                slGetPortSelect1
                0x0000000006033112                slGetPortSelect2
                0x000000000603311c                slSetPortSelect1
                0x0000000006033150                slSetPortSelect2
                0x000000000603318c                slGetPortExt1
                0x0000000006033196                slGetPortExt2
                0x00000000060331a0                slSetPortExt1
                0x00000000060331d0                slSetPortExt2
                0x0000000006033344                slSmpcDirectAccess
                0x00000000060333c4                slInitPeripheral
                0x0000000006033456                slSetResultBuffer
                0x00000000060334e2                slCheckIntBackSet
                0x00000000060334ee                slIntBackCancel
                0x0000000006033518                slCheckReset
                0x0000000006033522                slClearReset
                0x00000000060336e8                slSmpcCashSend
                0x00000000060337a4                slSmpcCashBlow
                0x0000000006033880                slGetOptimize
                0x000000000603388a                slSetOptimize
                0x00000000060338b0                slGetPortMode1
                0x00000000060338bc                slGetPortMode2
                0x00000000060338ca                slSetPortMode1
                0x0000000006033908                slSetPortMode2
                0x0000000006033a94                slRequestCommand
                0x0000000006033b04                Smpc_Status
                0x0000000006033b08                Smpc_Result
                0x0000000006033b0c                Smpc_Peripheral
                0x0000000006033b12                Per_Connect1
                0x0000000006033b13                Per_Connect2
                0x0000000006033b34                SmpcStatusBuf
 *fill*         0x0000000006034018        0x8 
 SLPROG         0x0000000006034020       0xa8 /joengine/Compiler/COMMON/SGL_302j/LIB_ELF/LIBSGL.A(sglH01.o)
                0x0000000006034020                slGetLanguage
                0x000000000603402a                slSetLanguage
                0x000000000603404c                slGetSoundEffect
                0x0000000006034058                slSetSoundEffect
                0x0000000006034074                slGetSoundOutput
                0x0000000006034080                slSetSoundOutput
                0x000000000603409c                slGetHelpWindow
                0x00000000060340a8                slSetHelpWindow
 *fill*         0x00000000060340c8        0x8 
 SLPROG         0x00000000060340d0      0x470 /joengine/Compiler/COMMON/SGL_302j/LIB_ELF/LIBSGL.A(sglH02.o)
                0x00000000060344c0                smpc_pfr_tbl
                0x0000000006034500                smpc_ptf_tbl
 SLPROG         0x0000000006034540       0x60 /joengine/Compiler/COMMON/SGL_302j/LIB_ELF/LIBSGL.A(sglH04.o)
                0x0000000006034540                slComPrmIntBack
                0x0000000006034554                slComPrmSetMemory
                0x000000000603456a                slComPrmSetTime
 SLPROG         0x00000000060345a0      0x3a4 /joengine/Compiler/COMMON/SGL_302j/LIB_ELF/LIBSGL.A(sglI01.o)
                0x00000000060345a0                slInitSynch
                0x00000000060345ba                slSynch
                0x00000000060346b0                slRandom
                0x00000000060346ce                PCM_EndCheck
                0x000000000603478a                RetPCMBuf
                0x0000000006034824                PCM_Buf
                0x00000000060348c4                Sound_Buf
 *fill*         0x0000000006034944        0xc 
 SLPROG         0x0000000006034950       0x10 /joengine/Compiler/COMMON/SGL_302j/LIB_ELF/LIBSGL.A(sglI04.o)
                0x0000000006034950                slIntFunction
 SLPROG         0x0000000006034960       0x74 /joengine/Compiler/COMMON/SGL_302j/LIB_ELF/LIBSGL.A(sglJ00.o)
                0x0000000006034960                InitSlaveSH
                0x00000000060349c8                SlaveCommand
 *fill*         0x00000000060349d4        0xc 
 SLPROG         0x00000000060349e0      0x3d0 /joengine/Compiler/COMMON/SGL_302j/LIB_ELF/LIBSGL.A(sglJ01.o)
                0x00000000060349e0                SlaveControl
                0x0000000006034d9c                ErasePolygonData
 SLPROG         0x0000000006034db0     0x12b8 /joengine/Compiler/COMMON/SGL_302j/LIB_ELF/LIBSGL.A(sglJ02.o)
                0x0000000006034db0                sbMakePolygon
                0x0000000006034f98                sbCalcPolygon
                0x0000000006035cd0                SetTexture
                0x0000000006035cdc                SetPolygon
                0x0000000006035ce4                SetPosition
                0x0000000006035d1c                stvtc_4
                0x0000000006035dd4                stvtc_3
                0x0000000006035fe4                stvtc_1
                0x0000000006035ff8                stvtc_2
                0x000000000603600c                stvtc_0
 *fill*         0x0000000006036068        0x8 
 SLPROG         0x0000000006036070      0x140 /joengine/Compiler/COMMON/SGL_302j/LIB_ELF/LIBSGL.A(sglJ03.o)
                0x0000000006036070                sbMakeDMATable
 SLPROG         0x00000000060361b0      0x470 /joengine/Compiler/COMMON/SGL_302j/LIB_ELF/LIBSGL.A(sglJ04.o)
                0x000000000603620e                sbMakeSprite
                0x0000000006036274                sbMakeRotSprite
 SLPROG         0x0000000006036620       0x3c /joengine/Compiler/COMMON/SGL_302j/LIB_ELF/LIBSGL.A(sglJ05.o)
                0x0000000006036620                sbSortEntry
 *fill*         0x000000000603665c        0x4 
 SLPROG         0x0000000006036660      0x4b8 /joengine/Compiler/COMMON/SGL_302j/LIB_ELF/LIBSGL.A(sglM00.o)
                0x0000000006036660                slInitGouraud
                0x0000000006036754                slPutPolygonX
                0x000000000603679a                slGouraudTblCopy
                0x00000000060367f2                slSetGouraudTbl
                0x00000000060367f8                slSetGouraudColor
                0x0000000006036870                slSetAmbient
                0x0000000006036894                slSetFlatColor
 *fill*         0x0000000006036b18        0x8 
 SLPROG         0x0000000006036b20       0x6a /joengine/Compiler/COMMON/SGL_302j/LIB_ELF/LIBSGL.A(sglM01.o)
                0x0000000006036b20                slSetDepthLimit
                0x0000000006036b4c                slSetDepthTbl
                0x0000000006036b7c                DepthWorkArea
 *fill*         0x0000000006036b8a        0x6 
 SLPROG         0x0000000006036b90       0x20 /joengine/Compiler/COMMON/SGL_302j/LIB_ELF/LIBSGL.A(sglA00.o)
                0x0000000006036b90                set_imask
                0x0000000006036b90                _builtin_set_imask
                0x0000000006036ba4                get_imask
                0x0000000006036ba4                _builtin_get_imask
 SLPROG         0x0000000006036bb0     0x215c /joengine/Compiler/COMMON/SGL_302j/LIB_ELF/LIBSGL.A(sglA03.o)
                0x0000000006036bb0                slTan
 *fill*         0x0000000006038d0c        0x4 
 SLPROG         0x0000000006038d10       0x34 /joengine/Compiler/COMMON/SGL_302j/LIB_ELF/LIBSGL.A(sglA10.o)
                0x0000000006038d10                slSquartDbl
 *fill*         0x0000000006038d44        0xc 
 SLPROG         0x0000000006038d50      0x3c2 /joengine/Compiler/COMMON/SGL_302j/LIB_ELF/LIBSGL.A(sglA24.o)
                0x0000000006038d50                slInversMatrix
 *fill*         0x0000000006039112        0xe 
 SLPROG         0x0000000006039120       0x24 /joengine/Compiler/COMMON/SGL_302j/LIB_ELF/LIBSGL.A(sglA25.o)
                0x0000000006039120                slTransposeMatrix
 *fill*         0x0000000006039144        0xc 
 SLPROG         0x0000000006039150      0xbd0 /joengine/Compiler/COMMON/SGL_302j/LIB_ELF/LIBSGL.A(sglB000.o)
                0x0000000006039150                slInitScroll
                0x0000000006039270                setASC_1to8
                0x00000000060392a0                setASC_4to8
                0x00000000060393b0                TVSizeTbl