Archive member included to satisfy reference by file (symbol)

D:/joengine-master/Compiler/COMMON/SGL_302j/LIB_ELF/SEGA_SYS.A(sys_exit.o)
                              D:/joengine-master/jo_engine/core.o (SYS_Exit)
D:/joengine-master/Compiler/COMMON/SGL_302j/LIB_ELF/SEGA_SYS.A(sys_sub.o)
                              D:/joengine-master/Compiler/COMMON/SGL_302j/LIB_ELF/SEGA_SYS.A(sys_exit.o) (SYSUB_SetStackptr)
D:/joengine-master/Compiler/COMMON/SGL_302j/LIB_ELF/LIBCD.A(CDC_CMN.O)
                              D:/joengine-master/Compiler/COMMON/SGL_302j/LIB_ELF/SEGA_SYS.A(sys_exit.o) (CDC_GetCurStat)
D:/joengine-master/Compiler/COMMON/SGL_302j/LIB_ELF/LIBCD.A(CDC_DRV.O)
                              pcmsys.o (CDC_CdPlay)
D:/joengine-master/Compiler/COMMON/SGL_302j/LIB_ELF/LIBCD.A(CDC_CFS.O)
                              D:/joengine-master/Compiler/COMMON/SGL_302j/LIB_ELF/SEGA_SYS.A(sys_exit.o) (CDC_ChgDir)
D:/joengine-master/Compiler/COMMON/SGL_302j/LIB_ELF/LIBCD.A(CDC_REG.O)
                              D:/joengine-master/Compiler/COMMON/SGL_302j/LIB_ELF/SEGA_SYS.A(sys_exit.o) (CDC_GetHirqReq)
D:/joengine-master/Compiler/COMMON/SGL_302j/LIB_ELF/LIBCD.A(CDC_SUB.O)
                              D:/joengine-master/Compiler/COMMON/SGL_302j/LIB_ELF/LIBCD.A(CDC_CMN.O) (CDSUB_UpdStatus)
D:/joengine-master/Compiler/COMMON/SGL_302j/LIB_ELF/LIBCD.A(GFS.O)
                              pcmsys.o (GFS_Init)
D:/joengine-master/Compiler/COMMON/SGL_302j/LIB_ELF/LIBCD.A(GFS_BUF.O)
                              D:/joengine-master/Compiler/COMMON/SGL_302j/LIB_ELF/LIBCD.A(GFS.O) (GFBF_GetNumData)
D:/joengine-master/Compiler/COMMON/SGL_302j/LIB_ELF/LIBCD.A(GFS_CDB.O)
                              D:/joengine-master/Compiler/COMMON/SGL_302j/LIB_ELF/LIBCD.A(GFS.O) (GFCB_Close)
D:/joengine-master/Compiler/COMMON/SGL_302j/LIB_ELF/LIBCD.A(GFS_CDC.O)
                              D:/joengine-master/Compiler/COMMON/SGL_302j/LIB_ELF/LIBCD.A(GFS.O) (GFCD_SetCdbfs)
D:/joengine-master/Compiler/COMMON/SGL_302j/LIB_ELF/LIBCD.A(GFS_CDF.O)
                              D:/joengine-master/Compiler/COMMON/SGL_302j/LIB_ELF/LIBCD.A(GFS.O) (GFCF_Init)
D:/joengine-master/Compiler/COMMON/SGL_302j/LIB_ELF/LIBCD.A(GFS_DIR.O)
                              D:/joengine-master/Compiler/COMMON/SGL_302j/LIB_ELF/LIBCD.A(GFS.O) (GFDR_SetupDirTbl)
D:/joengine-master/Compiler/COMMON/SGL_302j/LIB_ELF/LIBCD.A(GFS_TRN.O)
                              D:/joengine-master/Compiler/COMMON/SGL_302j/LIB_ELF/LIBCD.A(GFS.O) (GFTR_Setup)
D:/joengine-master/Compiler/COMMON/SGL_302j/LIB_ELF/LIBCD.A(CDC_DEV.O)
                              D:/joengine-master/Compiler/COMMON/SGL_302j/LIB_ELF/LIBCD.A(GFS_CDC.O) (CDC_CdSetCon)
D:/joengine-master/Compiler/COMMON/SGL_302j/LIB_ELF/LIBCD.A(CDC_SEL.O)
                              D:/joengine-master/Compiler/COMMON/SGL_302j/LIB_ELF/LIBCD.A(GFS_CDC.O) (CDC_SetFiltRange)
D:/joengine-master/Compiler/COMMON/SGL_302j/LIB_ELF/LIBCD.A(CDC_BIF.O)
                              D:/joengine-master/Compiler/COMMON/SGL_302j/LIB_ELF/LIBCD.A(GFS_CDC.O) (CDC_GetBufSiz)
D:/joengine-master/Compiler/COMMON/SGL_302j/LIB_ELF/LIBCD.A(CDC_BIO.O)
                              D:/joengine-master/Compiler/COMMON/SGL_302j/LIB_ELF/LIBCD.A(GFS_CDC.O) (CDC_SetSctLen)
D:/joengine-master/Compiler/COMMON/SGL_302j/LIB_ELF/LIBSGL.A(sglA01.o)
                              D:/joengine-master/jo_engine/math.o (slSin)
D:/joengine-master/Compiler/COMMON/SGL_302j/LIB_ELF/LIBSGL.A(sglA15.o)
                              D:/joengine-master/jo_engine/slave.o (slSlaveFunc)
D:/joengine-master/Compiler/COMMON/SGL_302j/LIB_ELF/LIBSGL.A(sglA16.o)
                              main.o (slLookAt)
D:/joengine-master/Compiler/COMMON/SGL_302j/LIB_ELF/LIBSGL.A(sglA17.o)
                              main.o (slRotZ)
D:/joengine-master/Compiler/COMMON/SGL_302j/LIB_ELF/LIBSGL.A(sglA18.o)
                              main.o (slRotY)
D:/joengine-master/Compiler/COMMON/SGL_302j/LIB_ELF/LIBSGL.A(sglA19.o)
                              main.o (slRotX)
D:/joengine-master/Compiler/COMMON/SGL_302j/LIB_ELF/LIBSGL.A(sglA20.o)
                              main.o (slUnitMatrix)
D:/joengine-master/Compiler/COMMON/SGL_302j/LIB_ELF/LIBSGL.A(sglA21.o)
                              main.o (slPushMatrix)
D:/joengine-master/Compiler/COMMON/SGL_302j/LIB_ELF/LIBSGL.A(sglA27.o)
                              main.o (slTranslate)
D:/joengine-master/Compiler/COMMON/SGL_302j/LIB_ELF/LIBSGL.A(sglA28.o)
                              main.o (slScale)
D:/joengine-master/Compiler/COMMON/SGL_302j/LIB_ELF/LIBSGL.A(sglA40.o)
                              main.o (slCalcVector)
D:/joengine-master/Compiler/COMMON/SGL_302j/LIB_ELF/LIBSGL.A(sglB001.o)
                              main.o (slTVOn)
D:/joengine-master/Compiler/COMMON/SGL_302j/LIB_ELF/LIBSGL.A(sglB011.o)
                              D:/joengine-master/jo_engine/vdp2.o (slBitMapNbg1)
D:/joengine-master/Compiler/COMMON/SGL_302j/LIB_ELF/LIBSGL.A(sglB014.o)
[...]
Memory Configuration

Name             Origin             Length             Attributes
*default*        0x00000000         0xffffffff

Linker script and memory map


SLSTART         0x06004000       0x30
                0x06004000                ___Start = .
 *(SLSTART)
 SLSTART        0x06004000       0x28 D:/joengine-master/Compiler/COMMON/SGL_302j/LIB_ELF/LIBSGL.A(sglI00.o)
                0x06004000                SGL_Start
                0x06004002                slStartSGL

.text           0x06004040    0x230c0
 *(.text)
 .text          0x06004040        0x0 D:/joengine-master/Compiler/COMMON/SGL_302j/LIB_ELF/SGLAREA.O
 .text          0x06004040     0xdaac main.o
                0x06004040                my_vblank
                0x06004ed4                mmm_set_game_state
                0x06004ee0                mmm_get_game_state
                0x06004eec                mmm_get_p2_port
                0x06004f2c                mmm_set_player_net_info
                0x06004f4c                mmm_diag_race_state
                0x06005278                ztClearText
                0x060052b8                count_char
                0x060052c8                render_CLUT_sprite_HT
                0x06005318                render_CLUT_sprite
                0x06005368                render_CLUT_sprite_MESH
                0x060053b8                render_CLUT_sprite2
                0x0600542c                replace_texture
                0x06005468                change_player_volume
                0x06005518                stop_engine_sound
                0x06005584                stop_sounds
                0x06005604                init_2p_display
                0x06005694                init_1p_display
                0x0600571c                effect
                0x06005798                create_checkpoint
                0x060057b4                create_waypoint
                0x060057d4                roundUp
                0x06005818                animate_texture
                0x06005868                apply_player_gravity
                0x060058bc                getTime
                0x0600591c                getSeconds
                0x0600596c                reset_demo
                0x06005b58                reset_to_last_checkpoint
                0x06005c50                player_jump
                0x06005c74                player_high_bounce
                0x06005cb4                player_bounce
                0x06005cf4                player_ramp_jump
                0x06005d58                pup_timer_counter
                0x06005e04                player_hurt
                0x06005e64                set_player_position
                0x06005f68                set_player_total_position
                0x06005fc8                transition_to_end_level
                0x060060f8                race_ended
                0x06006118                player_collision_handling
                0x06007bc8                create_enemy
                0x06007c9c                create_powerup
                0x06007cc4                create_player
                0x06007eac                create_map_section
                0x06007ee8                computeLight
                0x06007f5c                create_particles
                0x06008004                create_clouds
                0x06008094                animate_player
                0x060081fc                draw_powerups
                0x06008300                draw_player
                0x06008fe8                map_builder_draw_section
                0x060094c8                map_builder_draw_powerup
                0x06009620                draw_walls
                0x0600964c                draw_map
                0x060097b8                draw_hud
                0x0600a200                move_camera
                0x0600a7e4                race_start
                0x0600aa7c                my_draw
                0x0600b178                load_car
                0x0600b2f0                load_binary
                0x0600bbfc                load_textures
                0x0600bc48                load_level
                0x0600bd54                load_preview
                0x0600bd98                load_trackmap
                0x0600bddc                set_palette
                0x0600bdf8                change_player_palette
                0x0600bef0                transition_to_title_screen
                0x0600bf58                transition_to_player_select
                0x0600c0d8                transition_to_level_select
                0x0600c1c8                clear_level
                0x0600c21c                menu
                0x0600c3ac                object_viewer
                0x0600c810                pause_game
                0x0600cb10                attract_mode
                0x0600cb14                title_screen
                0x0600cef8                init_display
                0x0600cf6c                cpu_control
                0x0600d154                my_gamepad
                0x0600e210                load_background
                0x0600e250                draw_3d_planes
                0x0600e5f4                init_3d_planes
                0x0600e6e8                mmm_online_start_race
                0x0600eae4                load_hud
                0x0600eb1c                load_4bits_car_textures
                0x0600eba4                load_4bits_player_textures
                0x0600ed64                total_table
                0x0600eeb8                race_table
                0x0600f0c8                end_level
                0x0600f7c8                extra_select
                0x0600f8b0                player_select
                0x06010d50                level_select
                0x06011384                gameLoop
                0x060115a4                load_player_and_enemies
                0x060115f0                load_sound
                0x06011822                load_nbg2_font
                0x06011880                jo_main
 .text          0x06011aec      0x618 collision.o
                0x06011b42                Lerp
                0x06011b78                has_collision
                0x06011bee                has_horizontal_collision
                0x06011c8c                has_vertical_collision
                0x06011d26                has_ramp_collision
                0x06011ee8                has_trigger_collision
                0x06011f74                has_shadow_collision
                0x06011fee                has_ceiling_collision
                0x06012090                has_object_collision
 .text          0x06012104      0x7cc pcmsys.o
                0x0601215a                pcm_play
                0x06012180                pcm_parameter_change
                0x060121a0                pcm_cease
                0x060121c8                cd_init
                0x06012200                smpc_wait_till_ready
                0x06012210                smpc_issue_command
                0x06012224                load_driver_binary
                0x06012344                load_drv
                0x06012390                calculate_bytes_per_blank
                0x060123c0                convert_bitrate_to_pitchword
                0x0601241c                load_16bit_pcm
                0x06012540                load_8bit_pcm
                0x06012660                gcd
                0x06012690                lcm
                0x060126c0                load_adx
                0x06012844                sdrv_vblank_rq
                0x06012854                CDDASetVolume
                0x06012868                CDDAPlay
                0x060128a8                CDDAPlaySingle
                0x060128b4                CDDAStop
 .text          0x060128d0      0x69c name_entry.o
                0x06012a0e                name_entry_init
                0x06012a1c                name_entry_screen
 .text          0x06012f6c     0x1260 connecting.o
                0x06013d88                connecting_init
                0x06013d94                connecting_screen
 .text          0x060141cc      0xc2c lobby.o
                0x060146a6                lobby_init
                0x060146b4                lobby_screen
 .text          0x06014df8     0x1a40 net/mmm_net.o
                0x060152ea                mnet_init
                0x06015368                mnet_set_modem_available
                0x06015374                mnet_set_transport
                0x06015380                mnet_set_username
                0x060153a4                mnet_set_username_2
                0x060153d4                mnet_get_state
                0x060153e0                mnet_log
                0x06015478                mnet_clear_log
                0x060154a0                mnet_client_log
                0x06016048                mnet_enter_offline
                0x06016064                mnet_on_connected
                0x0601611e                mnet_tick
                0x06016284                mnet_send_input_state
                0x0601630c                mnet_send_input_state_p2
                0x060163a4                mnet_send_player_state
                0x06016444                mnet_send_player_state_p2
                0x06016500                mnet_send_lap_complete
                0x06016540                mnet_send_powerup_pickup
                0x0601657c                mnet_send_ready_toggle
                0x060165bc                mnet_request_start_game
                0x060165f0                mnet_send_car_select
                0x0601662c                mnet_send_add_local_player
                0x060166a0                mnet_send_remove_local_player
                0x06016714                mnet_send_disconnect
                0x06016774                mnet_request_leaderboard
                0x060167a8                mnet_get_remote_input
                0x060167e8                mnet_get_remote_state
                0x0601681c                mnet_get_powerup_type
 .text          0x06016838      0x168 libc_stubs.o
                0x0601688e                malloc
                0x06016898                free
                0x060168ac                calloc
                0x060168dc                realloc
                0x06016944                _malloc_r
                0x06016950                _free_r
                0x0601695c                _calloc_r
                0x06016968                _realloc_r
                0x06016974                _sbrk
                0x06016978                _read
                0x0601697c                _write
                0x06016980                _close
                0x06016984                _open
                0x06016988                _fstat
                0x0601698c                _isatty
                0x06016990                _lseek
                0x06016994                _kill
                0x06016998                _getpid
                0x0601699c                _exit
 .text          0x060169a0      0xd50 D:/joengine-master/jo_engine/backup.o
                0x060169f6                jo_backup_get_free_block_count
                0x06016a18                jo_backup_get_total_block_count
                0x06016a3c                jo_backup_format_device
                0x06016ad4                jo_backup_mount
                0x06016bd8                jo_backup_read_device
                0x06016d24                jo_backup_file_exists
                0x06016de0                jo_backup_get_file_partition
                0x06016e98                jo_backup_init_file
                0x06016ed8                jo_backup_save
                0x06017114                jo_backup_load_file_comment
                0x060171a8                jo_backup_load_file_contents
                0x06017318                jo_backup_delete_file
                0x06017424                jo_backup_unmount
                0x060174a4                jo_backup_get_file_last_modified_date
                0x0601758c                jo_backup_get_file_info
                0x0601769c                jo_backup_get_file_size
                0x060176bc                jo_backup_get_last_status
 .text          0x060176f0      0x8cc D:/joengine-master/jo_engine/tga.o
                0x06017916                jo_set_tga_default_palette
                0x06017920                jo_set_tga_palette_handling
                0x0601792c                __jo_tga_load
                0x060179f4                __jo_tga_any_loader_from_stream
                0x06017a40                jo_tga_8bits_loader_from_stream
                0x06017a58                jo_tga_loader_from_stream
                0x06017a70                __jo_tga_any_loader
                0x06017ac4                jo_tga_8bits_loader
                0x06017ae0                jo_tga_loader
                0x06017afc                jo_tga_8bits_tileset_loader
                0x06017ce8                jo_sprite_add_tga_tileset
                0x06017edc                jo_sprite_add_tga_from_stream
                0x06017f30                jo_sprite_add_tga
 .text          0x06017fbc      0x620 D:/joengine-master/jo_engine/3d.o
                0x06018012                jo_3d_init
                0x06018040                jo_3d_create_triangle
                0x06018080                jo_3d_create_plane
                0x060180c0                jo_3d_create_mesh_from_vertices_and_normals
                0x060181b0                jo_3d_free_mesh
                0x060181d4                jo_3d_create_cube
                0x06018230                jo_3d_set_mesh_polygon_transparency
                0x06018250                jo_3d_set_mesh_transparency
                0x06018288                jo_3d_set_mesh_polygon_screen_doors
                0x060182ae                jo_3d_set_mesh_polygon_high_speed_shrink
                0x060182d4                jo_3d_set_mesh_high_speed_shrink
                0x0601830c                jo_3d_set_mesh_screen_doors
                0x06018344                jo_3d_set_mesh_polygon_light
                0x06018362                jo_3d_set_mesh_light
                0x06018398                jo_3d_set_mesh_polygon_texture
                0x06018404                jo_3d_set_mesh_texture
                0x0601843c                jo_3d_set_mesh_polygon_wireframe
                0x0601845e                jo_3d_set_mesh_polygon_color_ex
                0x060184ae                jo_3d_set_mesh_color
                0x060184e8                jo_3d_free_sprite_quad
                0x06018514                jo_3d_create_sprite_quad
 .text          0x060185dc      0x5a4 D:/joengine-master/jo_engine/fs.o
                0x06018632                jo_fs_init
                0x0601867c                jo_fs_do_background_jobs
                0x06018710                jo_fs_read_file_async_ptr
                0x0601880c                jo_fs_cd
                0x0601884c                jo_fs_read_file_ptr
                0x0601892c                jo_fs_read_file_in_dir
                0x06018974                jo_fs_open
                0x060189f0                jo_fs_seek_forward
                0x06018ab0                jo_fs_read_next_bytes
                0x06018b50                jo_fs_close
                0x06018b70                jo_fs_set_read_sector_count
 .text          0x06018b80       0xec D:/joengine-master/jo_engine/slave.o
                0x06018bee                jo_core_add_slave_callback
                0x06018c14                jo_core_remove_slave_callback
                0x06018c28                jo_core_slave_init
                0x06018c38                jo_core_wait_for_slave
                0x06018c58                jo_core_exec_on_slave
 .text          0x06018c6c      0x3f4 D:/joengine-master/jo_engine/font.o
                0x06018cc2                jo_font_load
                0x06018e84                jo_font_print
                0x06018f5c                jo_font_print_centered
 .text          0x06019060      0x1bc D:/joengine-master/jo_engine/input.o
                0x060190b6                jo_get_inputs_vblank
                0x060190fc                jo_get_input_type
                0x06019164                jo_get_input_count
                0x06019194                jo_get_input_axis
 .text          0x0601921c        0x0 D:/joengine-master/jo_engine/physics.o
 .text          0x0601921c      0x450 D:/joengine-master/jo_engine/core.o
                0x060192b2                __jo_core_set_screens_order
                0x06019378                jo_core_add_vblank_callback
                0x060193b8                jo_core_init
                0x06019548                jo_core_remove_vblank_callback
                0x06019578                jo_core_add_callback
                0x0601959c                jo_core_remove_callback
                0x060195b0                jo_goto_boot_menu
                0x060195bc                jo_core_set_restart_game_callback
                0x060195c8                jo_core_run
 .text          0x0601966c      0x9c0 D:/joengine-master/jo_engine/math.o
                0x060196c2                jo_fixed_mult
                0x060196d4                jo_fixed_dot
                0x060196ec                jo_fixed_pow
                0x06019728                jo_fixed_div
                0x06019750                jo_fixed_sin
                0x060197ac                jo_fixed_cos
                0x06019808                jo_gcd
                0x0601981e                jo_atan2f_rad
                0x060199b8                jo_planar_rotate
                0x06019a98                jo_random
                0x06019b10                jo_vector_fixed_compute_bezier_point
                0x06019ca0                jo_vectorf_compute_bezier_point
                0x06019df0                jo_fixed_sqrt
                0x06019e7c                jo_sqrt
                0x06019eb2                jo_fixed_rsqrt
                0x06019fbc                jo_rsqrt
 .text          0x0601a02c      0x1a0 D:/joengine-master/jo_engine/malloc.o
                0x0601a082                jo_add_memory_zone
                0x0601a0c0                jo_malloc_with_behaviour
                0x0601a158                jo_reduce_memory_fragmentation
                0x0601a1a4                jo_free
 .text          0x0601a1cc      0x258 D:/joengine-master/jo_engine/tools.o
                0x0601a222                jo_getdate
                0x0601a28c                jo_get_current_language
                0x0601a2b0                jo_tools_atoi
                0x0601a2da                jo_strlen
                0x0601a2ea                jo_endwith
                0x0601a33c                jo_strcmp
                0x0601a368                jo_memset
                0x0601a3d2                jo_map_to_vram
 .text          0x0601a424       0xa4 D:/joengine-master/jo_engine/palette.o
                0x0601a47a                jo_create_palette
                0x0601a4a0                jo_set_palette_register
                0x0601a4b4                jo_get_palette_register
 .text          0x0601a4c8      0x7a8 D:/joengine-master/jo_engine/sprites.o
                0x0601a606                jo_sprite_usage_percent
                0x0601a68c                jo_get_last_sprite_id
                0x0601a698                jo_sprite_init
                0x0601a6bc                jo_sprite_name2id
                0x0601a700                jo_sprite_replace
                0x0601a794                jo_sprite_add
                0x0601a7a8                jo_sprite_add_8bits_image
                0x0601a7bc                jo_sprite_free_from
                0x0601a860                jo_set_gouraud_shading_colors
                0x0601a888                jo_set_gouraud_shading_brightness
                0x0601a8b4                jo_sprite_draw_4p_fixed
                0x0601a9cc                jo_sprite_draw
                0x0601aae0                jo_sprite_draw_rotate
                0x0601ac3c                jo_sprite_set_clipping_area
 .text          0x0601ac70      0x910 D:/joengine-master/jo_engine/map.o
                0x0601ad8a                jo_map_per_pixel_vertical_collision
                0x0601af18                jo_map_hitbox_detection_custom_boundaries
                0x0601af88                jo_map_create
                0x0601afd4                jo_map_add_tile
                0x0601aff8                jo_map_add_animated_tile
                0x0601b01c                jo_map_draw_background
                0x0601b0a0                jo_map_3d_draw
                0x0601b1b0                jo_map_draw
                0x0601b284                jo_map_free
                0x0601b29c                jo_map_load_from_file
                0x0601b510                jo_map_move_tiles_by_attribute
 .text          0x0601b580      0x15c D:/joengine-master/jo_engine/list.o
                0x0601b5d6                jo_list_init
                0x0601b5e4                jo_list_add
                0x0601b628                jo_list_insert_at
                0x0601b698                jo_list_remove
 .text          0x0601b6dc      0x254 D:/joengine-master/jo_engine/sprite_animator.o
                0x0601b796                jo_replace_sprite_anim
                0x0601b7f8                jo_create_sprite_anim
                0x0601b874                jo_remove_sprite_anim
                0x0601b900                jo_clear_all_sprite_anim
 .text          0x0601b930      0x4ac D:/joengine-master/jo_engine/image.o
                0x0601b986                __jo_bin_load
                0x0601b9cc                jo_free_img
                0x0601b9e8                jo_bin_loader_from_stream
                0x0601ba78                jo_bin_loader
                0x0601bae8                jo_replace_color
                0x0601bb16                jo_sprite_add_bin_tileset
                0x0601bc14                jo_sprite_add_bin
                0x0601bc88                jo_sprite_add_bin_from_stream
                0x0601bcc8                jo_sprite_add_image_pack
 .text          0x0601bddc      0xfd0 D:/joengine-master/jo_engine/vdp2.o
                0x0601be92                jo_set_default_background_color
                0x0601bec8                __jo_init_vdp2
                0x0601bf24                jo_img_to_vdp2_cells
                0x0601bfa0                jo_vdp2_replace_rbg0_plane_a_8bits_image
                0x0601bfb4                jo_vdp2_replace_rbg0_plane_b_8bits_image
                0x0601bfc8                jo_vdp2_set_rbg0_plane_a_8bits_image
                0x0601c08c                jo_vdp2_set_rbg0_plane_b_8bits_image
                0x0601c150                jo_vdp2_enable_rbg0
                0x0601c21c                jo_vdp2_disable_rbg0
                0x0601c278                jo_vdp2_set_nbg0_8bits_image
                0x0601c384                jo_vdp2_disable_nbg0_line_scroll
                0x0601c3a8                jo_vdp2_compute_nbg0_line_scroll
                0x0601c3c0                jo_vdp2_enable_nbg0_line_scroll
                0x0601c41c                jo_vdp2_draw_bitmap_nbg1_line
                0x0601c4b8                jo_vdp2_clear_bitmap_nbg1
                0x0601c524                jo_vdp2_set_nbg1_8bits_image
                0x0601c614                jo_vdp2_set_nbg1_image
                0x0601c808                jo_vdp2_disable_nbg1_line_scroll
                0x0601c82c                jo_vdp2_compute_nbg1_line_scroll
                0x0601c844                jo_vdp2_enable_nbg1_line_scroll
                0x0601c8a0                jo_nbg2_clear
                0x0601c8cc                __jo_set_nbg2_8bits_image
                0x0601c970                jo_nbg2_print
                0x0601c9cc                jo_vdp2_set_nbg2_8bits_font
                0x0601ca3c                jo_vdp2_set_nbg2_8bits_image
                0x0601caa8                jo_nbg3_clear
                0x0601cad4                __jo_set_nbg3_8bits_image
                0x0601cb78                jo_nbg3_print
                0x0601cbd4                jo_vdp2_set_nbg3_8bits_font
                0x0601cc44                jo_vdp2_set_nbg3_8bits_image
                0x0601ccb0                jo_set_displayed_screens
                0x0601ccc0                jo_disable_all_screens_transparency
                0x0601cce4                jo_enable_screen_transparency
 .text          0x0601cdac      0x26c D:/joengine-master/jo_engine/time.o
                0x0601ce02                jo_time_init
                0x0601ce2c                jo_get_ticks
                0x0601cf0c                jo_fixed_point_time
 .text          0x0601d018       0x56 D:/joengine-master/jo_engine/vdp1_command_pipeline.o
 *fill*         0x0601d06e        0x2 
 .text          0x0601d070      0x258 D:/joengine-master/jo_engine/vdp2_malloc.o
                0x0601d0c6                jo_vdp2_malloc_init
                0x0601d0fc                jo_vdp2_free
                0x0601d1a0                jo_vdp2_malloc
 *fill*         0x0601d2c8        0x8 
 .text          0x0601d2d0      0x238 D:/joengine-master/Compiler/COMMON/SGL_302j/LIB_ELF/SEGA_SYS.A(sys_exit.o)
                0x0601d2d0                sys_version
                0x0601d2f0                SYS_Exit
 *fill*         0x0601d508        0x8 
 .text          0x0601d510        0x6 D:/joengine-master/Compiler/COMMON/SGL_302j/LIB_ELF/SEGA_SYS.A(sys_sub.o)
                0x0601d510                SYSUB_SetStackptr
 *fill*         0x0601d516        0xa 
 .text          0x0601d520      0x3a0 D:/joengine-master/Compiler/COMMON/SGL_302j/LIB_ELF/LIBCD.A(CDC_CMN.O)
                0x0601d520                CDC_GetCurStat
                0x0601d570                CDC_GetLastStat
                0x0601d588                CDC_GetPeriStat
                0x0601d65c                CDC_GetHwInfo
                0x0601d6c4                CDC_TgetToc
                0x0601d714                CDC_GetSes
                0x0601d750                CDC_CdInit
                0x0601d7d4                CDC_CdOpen
                0x0601d7fc                CDC_DataReady
                0x0601d868                CDC_DataEnd
 .text          0x0601d8c0      0x130 D:/joengine-master/Compiler/COMMON/SGL_302j/LIB_ELF/LIBCD.A(CDC_DRV.O)
                0x0601d8c0                CDC_CdPlay
                0x0601d98c                CDC_CdSeek
                0x0601d9c0                CDC_CdScan
 .text          0x0601d9f0      0x194 D:/joengine-master/Compiler/COMMON/SGL_302j/LIB_ELF/LIBCD.A(CDC_CFS.O)
                0x0601d9f0                CDC_ChgDir
                0x0601da24                CDC_ReadDir
                0x0601da58                CDC_GetFileScope
                0x0601dab8                CDC_TgetFileInfo
                0x0601db14                CDC_ReadFile
                0x0601db48                CDC_AbortFile
 *fill*         0x0601db84        0xc 
 .text          0x0601db90      0x2dc D:/joengine-master/Compiler/COMMON/SGL_302j/LIB_ELF/LIBCD.A(CDC_REG.O)
                0x0601db90                CDC_GetDataPtr
                0x0601dba0                CDC_GetHirqReq
                0x0601dbb4                CDC_ClrHirqReq
                0x0601dbe4                CDREG_ClrHirqReq
                0x0601dbf4                CDREG_InitHirqReq
                0x0601dc1c                CDREG_SetHirqFlag
                0x0601dc30                CDC_GetHirqMsk
                0x0601dc44                CDC_SetHirqMsk
                0x0601dc54                CDC_GetMpegPtr
                0x0601dc64                CDREG_TgetData
                0x0601dcc0                CDREG_CmdRsp
                0x0601ddc0                CDREG_WaitHirq
                0x0601de30                CDREG_ReadRsp
 *fill*         0x0601de6c        0x4 
 .text          0x0601de70      0x152 D:/joengine-master/Compiler/COMMON/SGL_302j/LIB_ELF/LIBCD.A(CDC_SUB.O)
                0x0601de70                CDSUB_UpdStatus
                0x0601de88                CDSUB_UpdCdstat
                0x0601dea8                CDSUB_CdCmd
                0x0601df18                CDSUB_GetCdstat
                0x0601df58                CDSUB_RspToCdstat
                0x0601dfa0                CDSUB_SoftTimer
 *fill*         0x0601dfc2        0xe 
 .text          0x0601dfd0     0x1adc D:/joengine-master/Compiler/COMMON/SGL_302j/LIB_ELF/LIBCD.A(GFS.O)
                0x0601dfd0                gfs_version
                0x0601dff0                GFS_Init
                0x0601e0d8                GFS_LoadDir
                0x0601e180                GFS_SetDir
                0x0601e1e8                GFS_NameToId
                0x0601e24c                GFS_IdToName
                0x0601e2b8                GFS_GetDirInfo
                0x0601e328                GFS_Reset
                0x0601e3ac                GFS_Open
                0x0601e460                GFS_Close
                0x0601e498                GFS_Seek
                0x0601e54c                GFS_Tell
                0x0601e59c                GFS_IsEof
                0x0601e5f0                GFS_ByteToSct
                0x0601e64c                GFS_GetFileSize
                0x0601e6a8                GFS_GetFileInfo
                0x0601e71c                GFS_GetNumCdbuf
                0x0601e744                GFS_Load
                0x0601e808                GFS_Fread
                0x0601e8a4                gfs_waitRead
                0x0601e94c                GFS_NwFread
                0x0601ea58                GFS_NwCdRead
                0x0601ead0                GFS_NwIsComplete
                0x0601eb08                GFS_NwStop
                0x0601eb74                GFS_NwGetStat
                0x0601ebf0                gfs_recovRdErr
                0x0601ec20                GFS_NwExecOne
                0x0601ece0                GFS_NwExecServer
                0x0601ed5c                GFS_SetGmode
                0x0601edc0                GFS_SetTmode
                0x0601ee2c                GFS_SetReadPara
                0x0601ee90                GFS_SetTransPara
                0x0601eefc                GFS_SetTrFunc
                0x0601ef60                GFS_StartTrans
                0x0601efac                GFS_CdMovePickup
                0x0601f018                GFS_SetErrFunc
                0x0601f044                GFS_GetErrStat
                0x0601f068                GFS_ConvTno
                0x0601f090                gfs_chgRoot
                0x0601f15c                gfs_aborttrans
                0x0601f168                gfs_mngSetupFuncTbl
                0x0601f19c                gfs_mngInitWork
                0x0601f240                gfs_mngGetNumFile
                0x0601f2a8                GFS_mngAllocGrp
                0x0601f2f0                gfs_mngFreeGrp
                0x0601f2fc                gfs_mngTermAccess
                0x0601f380                gfs_mngSetErrCode
                0x0601f400                gfs_svrSearchHndl
                0x0601f440                gfs_svrAddHndl
                0x0601f47c                gfs_svrRemoveHndl
                0x0601f4d8                GFS_OpenSub
                0x0601f530                gfs_loadVol
                0x0601f5f4                gfs_getRootDir
                0x0601f6f0                gfs_loadRootDir
                0x0601f778                gfs_flowIn
                0x0601f820                gfs_transData
                0x0601f8c4                GFS_GetFad
                0x0601f91c                gfs_SetSct
                0x0601f95c                gfs_GetFinfo
                0x0601f99c                gfs_closeSub
                0x0601f9d8                gfs_getGmode
                0x0601f9e4                gfs_isTaskDone
                0x0601fa38                gfs_convFinStat
 *fill*         0x0601faac        0x4 
 .text          0x0601fab0      0x106 D:/joengine-master/Compiler/COMMON/SGL_302j/LIB_ELF/LIBCD.A(GFS_BUF.O)
                0x0601fae0                GFBF_GetTranData
                0x0601fb08                GFBF_GetNumData
                0x0601fb38                GFBF_GetSrcPk
                0x0601fb60                GFBF_GetSctData
                0x0601fb84                GFBF_RtnPk
                0x0601fbac                gfbf_getSctDt
 *fill*         0x0601fbb6        0xa 
 .text          0x0601fbc0      0x600 D:/joengine-master/Compiler/COMMON/SGL_302j/LIB_ELF/LIBCD.A(GFS_CDB.O)
                0x0601fbc0                GFCB_Setup
                0x0601fce0                GFCB_Close
                0x0601fd08                GFCB_GetLenData
                0x0601fdb4                GFCB_GetLenRoom
                0x0601fdc0                GFCB_SetFilt
                0x0601fe28                GFCB_DeleteAllData
                0x0601fe50                GFCB_Tell
                0x0601fe60                gfcb_getSctNum
                0x0601feb0                GFCB_Seek
                0x0601ffac                GFCB_GetSrcPack
                0x0602008c                GFCB_GetSctData
                0x060200c4                GFCB_GetDstPack
                0x060200d0                GFCB_RtnPk
                0x06020118                GFCB_MovePickup
                0x06020134                GFCB_SetCon
                0x06020168                GFCB_GetPickup
                0x06020190                GFCB_IsPuOwner
                0x060201a8                GFCB_UngetPickup
 .text          0x060201c0     0x1a10 D:/joengine-master/Compiler/COMMON/SGL_302j/LIB_ELF/LIBCD.A(GFS_CDC.O)
                0x060201c0                GFCD_SetCdbfs
                0x060201ec                GFCD_Init
                0x060203f0                GFCD_AllocFilt
                0x0602042c                GFCD_FreeFilt
                0x0602045c                GFCD_AllocBuf
                0x06020490                GFCD_FreeBuf
                0x06020534                GFCD_GetBaseFad
                0x06020568                GFCD_GetPickup
                0x0602059c                GFCD_UngetPickup
                0x060205c8                GFCD_IsPuOwner
                0x060205ec                GFCD_SetFilt
                0x060206b0                GFCD_GetFilt
                0x060206f8                GFCD_SetCon
                0x06020750                GFCD_Play
                0x060207b0                GFCD_GetLenData
                0x06020818                GFCD_ReqData
                0x06020874                GFCD_EndData
                0x060208bc                GFCD_DelSctData
                0x06020914                GFCD_CheckDelSctData
                0x06020944                GFCD_GetStat
                0x060209f8                GFCD_MovePickup
                0x06020a44                GFCD_MoveSctData
                0x06020ab8                GFCD_CheckMove
                0x06020adc                GFCD_GetSctInfo
                0x06020b24                GFCD_ChgDir
                0x06020b98                GFCD_SetFiltCon
                0x06020c80                GFCD_GetFileInfo
                0x06020d5c                GFCD_GetBufSiz
                0x06020d94                GFCD_ExecServer
                0x06020e68                gfcd_isIdleTask
                0x06020ef4                gfcd_doTask
                0x06020fa0                GFCD_SetTimer
                0x06020fb4                GFCD_WaitServer
                0x06020ff0                gfcd_doSetFiltTsk
                0x060211b4                gfcd_doSetConTsk
                0x06021244                gfcd_doGetLenDataTsk
                0x06021398                gfcd_doReqDataTsk
                0x06021438                gfcd_doDelSctDataTsk
                0x0602156c                gfcd_doMoveSctTsk
                0x060216d0                gfcd_doChgDirTsk
                0x060218cc                gfcd_doSetFiltConTsk
                0x06021a10                gfcd_checkEflag
                0x06021a34                gfcd_initCdbMng
                0x06021ab4                gfcd_setStat
                0x06021ae0                GFCD_SetCsctFunc
                0x06021afc                GFCD_ChkScdqFlag
                0x06021b20                GFCD_ClrScdqFlag
                0x06021b3c                GFCD_WaitScdqFlag
                0x06021b80                GFCD_WaitPause
 .text          0x06021bd0      0x8d8 D:/joengine-master/Compiler/COMMON/SGL_302j/LIB_ELF/LIBCD.A(GFS_CDF.O)
                0x06021bd0                GFCF_Init
                0x06021c70                GFCF_Setup
                0x06021db8                GFCF_SetSct
                0x06021dfc                GFCF_GetFileInfo
                0x06021e70                GFCF_FlowInBuf
                0x06021fc4                GFCF_StopInBuf
                0x06022064                GFCF_Recover
                0x060220ac                GFCF_Tell
                0x060220c4                GFCF_Seek
                0x060220dc                GFCF_MovePickup
                0x06022178                GFCF_cnvIntlvOfs
                0x060221cc                GFCF_GetStat
                0x06022264                gfcf_getSctSize
                0x060222a0                gfcf_isCdOk
                0x06022360                gfcf_getPlayRange
 *fill*         0x060224a8        0x8 
 .text          0x060224b0      0x92c D:/joengine-master/Compiler/COMMON/SGL_302j/LIB_ELF/LIBCD.A(GFS_DIR.O)
                0x060224b0                GFDR_SetupDirTbl
                0x06022524                GFDR_NameToId
                0x06022584                GFDR_GetInfoDirId
                0x06022598                GFDR_GetInfoDirName
                0x060225ac                GFDR_GetAtrDirId
                0x060225c4                GFDR_GetAtrDirName
                0x060225dc                GFDR_ChgRoot
                0x060225f4                GFDR_ChgDir
                0x06022668                gfdr_setupDirIdTbl
                0x060226ec                gfdr_setupDirNameTbl
                0x06022798                gfdr_open
                0x060227c0                gfdr_read
                0x06022880                gfdr_readByte
                0x060228ac                gfdr_readWord
                0x060228d8                gfdr_readWordNB
                0x0602292c                gfdr_readLongNB
                0x06022978                gfdr_readLongNM
                0x060229a0                gfdr_setNextRec
                0x06022a24                gfdr_readDirEnt
                0x06022da0                gfdr_setDirrecCd
 *fill*         0x06022ddc        0x4 
 .text          0x06022de0      0x9c6 D:/joengine-master/Compiler/COMMON/SGL_302j/LIB_ELF/LIBCD.A(GFS_TRN.O)
                0x06022e10                GFTR_Setup
                0x06022e54                GFTR_SetMode
                0x06022e68                GFTR_SetUnit
                0x06022e74                GFTR_SetTransPara
                0x06022ea8                GFTR_GetTransPara
                0x06022eb4                GFTR_GetNumTrans
                0x06022ec0                GFTR_SetTransMax
                0x06022ecc                GFTR_Start
                0x06022ed8                GFTR_Pause
                0x06022ee4                GFTR_Stop
                0x06022f9c                GFTR_Exec
                0x06023020                GFTR_Idle
                0x06023098                GFTR_ExecSvr
                0x060231a0                gftr_getSrcPack
                0x06023228                gftr_getDstPack
                0x06023284                gftr_reqScu
                0x06023290                gftr_execScu
                0x0602332c                gftr_remScu
                0x06023360                gfdma_canUse
                0x0602336c                gfdma_exec
                0x060233dc                gfdma_getBytecnt
                0x06023414                gftr_reqDma0
                0x0602342c                gftr_execSdma0
                0x06023450                gftr_remDma0
                0x06023468                gftr_reqDma1
                0x06023480                gftr_execSdma1
                0x060234a4                gftr_remDma1
                0x060234bc                gftr_reqCpu
                0x060234c8                gftr_execCpu
                0x06023508                gftr_remCpu
                0x06023514                gftr_reqTrn
                0x06023584                gftr_execTrn
                0x0602365c                gftr_remTrn
                0x060236d0                gftr_copyFrac
                0x060236f8                GFTR_GetLenData
                0x06023704                GFTR_GetLenRoom
                0x0602371c                GFTR_GetDstPack
                0x06023750                GFTR_RtnDstPk
                0x0602376c                GFTR_GetData
                0x06023780                GFTR_SetData
                0x06023794                GFTR_SetTransFunc
 *fill*         0x060237a6        0xa 
 .text          0x060237b0       0xa8 D:/joengine-master/Compiler/COMMON/SGL_302j/LIB_ELF/LIBCD.A(CDC_DEV.O)
                0x060237b0                CDC_CdSetCon
                0x060237e0                CDC_CdGetCon
                0x0602381c                CDC_CdGetLastBuf
 *fill*         0x06023858        0x8 
 .text          0x06023860      0x2b8 D:/joengine-master/Compiler/COMMON/SGL_302j/LIB_ELF/LIBCD.A(CDC_SEL.O)
                0x06023860                CDC_SetFiltRange
                0x06023894                CDC_GetFiltRange
                0x060238ec                CDC_SetFiltSubh
                0x0602395c                CDC_GetFiltSubh
                0x060239d8                CDC_SetFiltMode
                0x06023a0c                CDC_GetFiltMode
                0x06023a50                CDC_SetFiltCon
                0x06023a90                CDC_GetFiltCon
                0x06023ae4                CDC_ResetSelector
 *fill*         0x06023b18        0x8 
 .text          0x06023b20      0x270 D:/joengine-master/Compiler/COMMON/SGL_302j/LIB_ELF/LIBCD.A(CDC_BIF.O)
                0x06023b20                CDC_GetBufSiz
                0x06023b7c                CDC_GetSctNum
                0x06023bc0                CDC_CalActSiz
                0x06023bfc                CDC_GetActSiz
                0x06023c7c                CDC_GetSctInfo
                0x06023cfc                CDC_ExeFadSearch
                0x06023d34                CDC_GetFadSearch
 .text          0x06023d90      0x1e4 D:/joengine-master/Compiler/COMMON/SGL_302j/LIB_ELF/LIBCD.A(CDC_BIO.O)
                0x06023d90                CDC_SetSctLen
                0x06023dc4                CDC_GetSctData
                0x06023e00                CDC_DelSctData
                0x06023e3c                CDC_GetdelSctData
                0x06023e78                CDC_PutSctData
                0x06023eb0                CDC_CopySctData
                0x06023ef4                CDC_MoveSctData
                0x06023f38                CDC_GetCopyErr
 *fill*         0x06023f74        0xc 
 .text          0x06023f80        0x0 D:/joengine-master/Compiler/COMMON/SGL_302j/LIB_ELF/LIBSGL.A(sglA01.o)
 .text          0x06023f80        0x0 D:/joengine-master/Compiler/COMMON/SGL_302j/LIB_ELF/LIBSGL.A(sglA15.o)
 .text          0x06023f80        0x0 D:/joengine-master/Compiler/COMMON/SGL_302j/LIB_ELF/LIBSGL.A(sglA16.o)
 .text          0x06023f80        0x0 D:/joengine-master/Compiler/COMMON/SGL_302j/LIB_ELF/LIBSGL.A(sglA17.o)
 .text          0x06023f80        0x0 D:/joengine-master/Compiler/COMMON/SGL_302j/LIB_ELF/LIBSGL.A(sglA18.o)
 .text          0x06023f80        0x0 D:/joengine-master/Compiler/COMMON/SGL_302j/LIB_ELF/LIBSGL.A(sglA19.o)
 .text          0x06023f80        0x0 D:/joengine-master/Compiler/COMMON/SGL_302j/LIB_ELF/LIBSGL.A(sglA20.o)
 .text          0x06023f80        0x0 D:/joengine-master/Compiler/COMMON/SGL_302j/LIB_ELF/LIBSGL.A(sglA21.o)
 .text          0x06023f80        0x0 D:/joengine-master/Compiler/COMMON/SGL_302j/LIB_ELF/LIBSGL.A(sglA27.o)
 .text          0x06023f80        0x0 D:/joengine-master/Compiler/COMMON/SGL_302j/LIB_ELF/LIBSGL.A(sglA28.o)
 .text          0x06023f80        0x0 D:/joengine-master/Compiler/COMMON/SGL_302j/LIB_ELF/LIBSGL.A(sglA40.o)
 .text          0x06023f80        0x0 D:/joengine-master/Compiler/COMMON/SGL_302j/LIB_ELF/LIBSGL.A(sglB001.o)
 .text          0x06023f80        0x0 D:/joengine-master/Compiler/COMMON/SGL_302j/LIB_ELF/LIBSGL.A(sglB011.o)
 .text          0x06023f80        0x0 D:/joengine-master/Compiler/COMMON/SGL_302j/LIB_ELF/LIBSGL.A(sglB014.o)
 .text          0x06023f80        0x0 D:/joengine-master/Compiler/COMMON/SGL_302j/LIB_ELF/LIBSGL.A(sglB015.o)
 .text          0x06023f80        0x0 D:/joengine-master/Compiler/COMMON/SGL_302j/LIB_ELF/LIBSGL.A(sglB016.o)
 .text          0x06023f80        0x0 D:/joengine-master/Compiler/COMMON/SGL_302j/LIB_ELF/LIBSGL.A(sglB020.o)
 .text          0x06023f80        0x0 D:/joengine-master/Compiler/COMMON/SGL_302j/LIB_ELF/LIBSGL.A(sglB021.o)
 .text          0x06023f80        0x0 D:/joengine-master/Compiler/COMMON/SGL_302j/LIB_ELF/LIBSGL.A(sglB023.o)
 .text          0x06023f80        0x0 D:/joengine-master/Compiler/COMMON/SGL_302j/LIB_ELF/LIBSGL.A(sglB031.o)
 .text          0x06023f80        0x0 D:/joengine-master/Compiler/COMMON/SGL_302j/LIB_ELF/LIBSGL.A(sglB032.o)
 .text          0x06023f80        0x0 D:/joengine-master/Compiler/COMMON/SGL_302j/LIB_ELF/LIBSGL.A(sglB033.o)
 .text          0x06023f80        0x0 D:/joengine-master/Compiler/COMMON/SGL_302j/LIB_ELF/LIBSGL.A(sglB034.o)
 .text          0x06023f80        0x0 D:/joengine-master/Compiler/COMMON/SGL_302j/LIB_ELF/LIBSGL.A(sglB035.o)
 .text          0x06023f80        0x0 D:/joengine-master/Compiler/COMMON/SGL_302j/LIB_ELF/LIBSGL.A(sglB036.o)
 .text          0x06023f80        0x0 D:/joengine-master/Compiler/COMMON/SGL_302j/LIB_ELF/LIBSGL.A(sglB038.o)
 .text          0x06023f80        0x0 D:/joengine-master/Compiler/COMMON/SGL_302j/LIB_ELF/LIBSGL.A(sglB039.o)
 .text          0x06023f80        0x0 D:/joengine-master/Compiler/COMMON/SGL_302j/LIB_ELF/LIBSGL.A(sglB040.o)
 .text          0x06023f80        0x0 D:/joengine-master/Compiler/COMMON/SGL_302j/LIB_ELF/LIBSGL.A(sglB041.o)
 .text          0x06023f80        0x0 D:/joengine-master/Compiler/COMMON/SGL_302j/LIB_ELF/LIBSGL.A(sglB042.o)
 .text          0x06023f80        0x0 D:/joengine-master/Compiler/COMMON/SGL_302j/LIB_ELF/LIBSGL.A(sglB043.o)
 .text          0x06023f80        0x0 D:/joengine-master/Compiler/COMMON/SGL_302j/LIB_ELF/LIBSGL.A(sglB044.o)
 .text          0x06023f80        0x0 D:/joengine-master/Compiler/COMMON/SGL_302j/LIB_ELF/LIBSGL.A(sglB045.o)
 .text          0x06023f80        0x0 D:/joengine-master/Compiler/COMMON/SGL_302j/LIB_ELF/LIBSGL.A(sglB047.o)
 .text          0x06023f80        0x0 D:/joengine-master/Compiler/COMMON/SGL_302j/LIB_ELF/LIBSGL.A(sglB048.o)
 .text          0x06023f80        0x0 D:/joengine-master/Compiler/COMMON/SGL_302j/LIB_ELF/LIBSGL.A(sglB055.o)
 .text          0x06023f80        0x0 D:/joengine-master/Compiler/COMMON/SGL_302j/LIB_ELF/LIBSGL.A(sglB056.o)
 .text          0x06023f80        0x0 D:/joengine-master/Compiler/COMMON/SGL_302j/LIB_ELF/LIBSGL.A(sglB057.o)
 .text          0x06023f80        0x0 D:/joengine-master/Compiler/COMMON/SGL_302j/LIB_ELF/LIBSGL.A(sglB058.o)
 .text          0x06023f80        0x0 D:/joengine-master/Compiler/COMMON/SGL_302j/LIB_ELF/LIBSGL.A(sglB059.o)
 .text          0x06023f80        0x0 D:/joengine-master/Compiler/COMMON/SGL_302j/LIB_ELF/LIBSGL.A(sglB060.o)
 .text          0x06023f80        0x0 D:/joengine-master/Compiler/COMMON/SGL_302j/LIB_ELF/LIBSGL.A(sglB063.o)
 .text          0x06023f80        0x0 D:/joengine-master/Compiler/COMMON/SGL_302j/LIB_ELF/LIBSGL.A(sglB087.o)
 .text          0x06023f80        0x0 D:/joengine-master/Compiler/COMMON/SGL_302j/LIB_ELF/LIBSGL.A(sglB088.o)
 .text          0x06023f80        0x0 D:/joengine-master/Compiler/COMMON/SGL_302j/LIB_ELF/LIBSGL.A(sglB090.o)
 .text          0x06023f80        0x0 D:/joengine-master/Compiler/COMMON/SGL_302j/LIB_ELF/LIBSGL.A(sglB200.o)
 .text          0x06023f80        0x0 D:/joengine-master/Compiler/COMMON/SGL_302j/LIB_ELF/LIBSGL.A(sglC01.o)
 .text          0x06023f80        0x0 D:/joengine-master/Compiler/COMMON/SGL_302j/LIB_ELF/LIBSGL.A(sglC03.o)
 .text          0x06023f80        0x0 D:/joengine-master/Compiler/COMMON/SGL_302j/LIB_ELF/LIBSGL.A(sglC04.o)
 .text          0x06023f80        0x0 D:/joengine-master/Compiler/COMMON/SGL_302j/LIB_ELF/LIBSGL.A(sglC05.o)
 .text          0x06023f80        0x0 D:/joengine-master/Compiler/COMMON/SGL_302j/LIB_ELF/LIBSGL.A(sglC06.o)
 .text          0x06023f80        0x0 D:/joengine-master/Compiler/COMMON/SGL_302j/LIB_ELF/LIBSGL.A(sglC07.o)
 .text          0x06023f80        0x0 D:/joengine-master/Compiler/COMMON/SGL_302j/LIB_ELF/LIBSGL.A(sglC08.o)
 .text          0x06023f80        0x0 D:/joengine-master/Compiler/COMMON/SGL_302j/LIB_ELF/LIBSGL.A(sglC14.o)
 .text          0x06023f80        0x0 D:/joengine-master/Compiler/COMMON/SGL_302j/LIB_ELF/LIBSGL.A(sglC16.o)
 .text          0x06023f80        0x0 D:/joengine-master/Compiler/COMMON/SGL_302j/LIB_ELF/LIBSGL.A(sglC17.o)
 .text          0x06023f80        0x0 D:/joengine-master/Compiler/COMMON/SGL_302j/LIB_ELF/LIBSGL.A(sglC19.o)
 .text          0x06023f80        0x0 D:/joengine-master/Compiler/COMMON/SGL_302j/LIB_ELF/LIBSGL.A(sglC20.o)
 .text          0x06023f80        0x0 D:/joengine-master/Compiler/COMMON/SGL_302j/LIB_ELF/LIBSGL.A(sglC21.o)
 .text          0x06023f80        0x0 D:/joengine-master/Compiler/COMMON/SGL_302j/LIB_ELF/LIBSGL.A(sglD00.o)
 .text          0x06023f80        0x0 D:/joengine-master/Compiler/COMMON/SGL_302j/LIB_ELF/LIBSGL.A(sglD01.o)
 .text          0x06023f80        0x0 D:/joengine-master/Compiler/COMMON/SGL_302j/LIB_ELF/LIBSGL.A(sglD02.o)
 .text          0x06023f80        0x0 D:/joengine-master/Compiler/COMMON/SGL_302j/LIB_ELF/LIBSGL.A(sglD03.o)
 .text          0x06023f80        0x0 D:/joengine-master/Compiler/COMMON/SGL_302j/LIB_ELF/LIBSGL.A(sglD15.o)
 .text          0x06023f80        0x0 D:/joengine-master/Compiler/COMMON/SGL_302j/LIB_ELF/LIBSGL.A(sglD16.o)
 .text          0x06023f80        0x0 D:/joengine-master/Compiler/COMMON/SGL_302j/LIB_ELF/LIBSGL.A(sglD17.o)
 .text          0x06023f80        0x0 D:/joengine-master/Compiler/COMMON/SGL_302j/LIB_ELF/LIBSGL.A(sglD18.o)
 .text          0x06023f80        0x0 D:/joengine-master/Compiler/COMMON/SGL_302j/LIB_ELF/LIBSGL.A(sglF08.o)
 .text          0x06023f80        0x0 D:/joengine-master/Compiler/COMMON/SGL_302j/LIB_ELF/LIBSGL.A(sglH00.o)
 .text          0x06023f80        0x0 D:/joengine-master/Compiler/COMMON/SGL_302j/LIB_ELF/LIBSGL.A(sglH01.o)
 .text          0x06023f80        0x0 D:/joengine-master/Compiler/COMMON/SGL_302j/LIB_ELF/LIBSGL.A(sglH02.o)
 .text          0x06023f80        0x0 D:/joengine-master/Compiler/COMMON/SGL_302j/LIB_ELF/LIBSGL.A(sglH04.o)
 .text          0x06023f80        0x0 D:/joengine-master/Compiler/COMMON/SGL_302j/LIB_ELF/LIBSGL.A(sglI01.o)
 .text          0x06023f80        0x0 D:/joengine-master/Compiler/COMMON/SGL_302j/LIB_ELF/LIBSGL.A(sglI04.o)
 .text          0x06023f80      0x128 D:/joengine-master/Compiler/COMMON/SGL_302j/LIB_ELF/LIBSGL.A(sglIc0.o)
                0x06023f80                slInitSystem
 *fill*         0x060240a8        0x8 
 .text          0x060240b0        0x0 D:/joengine-master/Compiler/COMMON/SGL_302j/LIB_ELF/LIBSGL.A(sglJ00.o)
 .text          0x060240b0        0x0 D:/joengine-master/Compiler/COMMON/SGL_302j/LIB_ELF/LIBSGL.A(sglJ01.o)
 .text          0x060240b0        0x0 D:/joengine-master/Compiler/COMMON/SGL_302j/LIB_ELF/LIBSGL.A(sglJ02.o)
 .text          0x060240b0        0x0 D:/joengine-master/Compiler/COMMON/SGL_302j/LIB_ELF/LIBSGL.A(sglJ03.o)
 .text          0x060240b0        0x0 D:/joengine-master/Compiler/COMMON/SGL_302j/LIB_ELF/LIBSGL.A(sglJ04.o)
 .text          0x060240b0        0x0 D:/joengine-master/Compiler/COMMON/SGL_302j/LIB_ELF/LIBSGL.A(sglJ05.o)
 .text          0x060240b0        0x0 D:/joengine-master/Compiler/COMMON/SGL_302j/LIB_ELF/LIBSGL.A(sglK01.o)
 .text          0x060240b0        0x0 D:/joengine-master/Compiler/COMMON/SGL_302j/LIB_ELF/LIBSGL.A(sglM00.o)
 .text          0x060240b0        0x0 D:/joengine-master/Compiler/COMMON/SGL_302j/LIB_ELF/LIBSGL.A(sglM01.o)
 .text          0x060240b0        0x0 D:/joengine-master/Compiler/COMMON/SGL_302j/LIB_ELF/LIBSGL.A(sglA00.o)
 .text          0x060240b0        0x0 D:/joengine-master/Compiler/COMMON/SGL_302j/LIB_ELF/LIBSGL.A(sglA03.o)
 .text          0x060240b0        0x0 D:/joengine-master/Compiler/COMMON/SGL_302j/LIB_ELF/LIBSGL.A(sglA10.o)
 .text          0x060240b0        0x0 D:/joengine-master/Compiler/COMMON/SGL_302j/LIB_ELF/LIBSGL.A(sglA24.o)
 .text          0x060240b0        0x0 D:/joengine-master/Compiler/COMMON/SGL_302j/LIB_ELF/LIBSGL.A(sglA25.o)
 .text          0x060240b0        0x0 D:/joengine-master/Compiler/COMMON/SGL_302j/LIB_ELF/LIBSGL.A(sglB000.o)
 .text          0x060240b0        0x0 D:/joengine-master/Compiler/COMMON/SGL_302j/LIB_ELF/LIBSGL.A(sglC00.o)
 .text          0x060240b0        0x0 D:/joengine-master/Compiler/COMMON/SGL_302j/LIB_ELF/LIBSGL.A(sglC13.o)
 .text          0x060240b0        0x0 D:/joengine-master/Compiler/COMMON/SGL_302j/LIB_ELF/LIBSGL.A(sglD19.o)
 .text          0x060240b0        0x0 D:/joengine-master/Compiler/COMMON/SGL_302j/LIB_ELF/LIBSGL.A(sglI00.o)
 .text          0x060240b0        0x0 D:/joengine-master/Compiler/COMMON/SGL_302j/LIB_ELF/LIBSGL.A(sglH03.o)
 .text          0x060240b0       0x52 d:/joengine-master/compiler/windows/bin/../lib/gcc/sh-elf/9.3.0\libgcc.a(_ashiftrt.o)
                0x060240b0                __ashiftrt_r4_31
                0x060240b0                __ashiftrt_r4_32
                0x060240b6                __ashiftrt_r4_30
                0x060240b8                __ashiftrt_r4_29
                0x060240ba                __ashiftrt_r4_28
                0x060240bc                __ashiftrt_r4_27
                0x060240be                __ashiftrt_r4_26
                0x060240c0                __ashiftrt_r4_25
                0x060240c2                __ashiftrt_r4_24
                0x060240ca                __ashiftrt_r4_23
                0x060240cc                __ashiftrt_r4_22
                0x060240ce                __ashiftrt_r4_21
                0x060240d0                __ashiftrt_r4_20
                0x060240d2                __ashiftrt_r4_19
                0x060240d4                __ashiftrt_r4_18
                0x060240d6                __ashiftrt_r4_17
                0x060240d8                __ashiftrt_r4_16
                0x060240de                __ashiftrt_r4_15
                0x060240e0                __ashiftrt_r4_14
                0x060240e2                __ashiftrt_r4_13
                0x060240e4                __ashiftrt_r4_12
                0x060240e6                __ashiftrt_r4_11
                0x060240e8                __ashiftrt_r4_10
                0x060240ea                __ashiftrt_r4_9
                0x060240ec                __ashiftrt_r4_8
                0x060240ee                __ashiftrt_r4_7
                0x060240f0                __ashiftrt_r4_6
                0x060240f2                __ashiftrt_r4_5
                0x060240f4                __ashiftrt_r4_4
                0x060240f6                __ashiftrt_r4_3
                0x060240f8                __ashiftrt_r4_2
                0x060240fa                __ashiftrt_r4_1
                0x060240fe                __ashiftrt_r4_0
 *fill*         0x06024102        0x2 
 .text          0x06024104       0x80 d:/joengine-master/compiler/windows/bin/../lib/gcc/sh-elf/9.3.0\libgcc.a(_ashiftrt_n.o)
                0x06024104                __ashrsi3
 .text          0x06024184       0xbc d:/joengine-master/compiler/windows/bin/../lib/gcc/sh-elf/9.3.0\libgcc.a(_ashiftlt.o)
                0x06024184                __ashlsi3
                0x06024188                __ashlsi3_r0
 .text          0x06024240       0xbc d:/joengine-master/compiler/windows/bin/../lib/gcc/sh-elf/9.3.0\libgcc.a(_lshiftrt.o)
                0x06024240                __lshrsi3
                0x06024244                __lshrsi3_r0
 .text          0x060242fc       0x78 d:/joengine-master/compiler/windows/bin/../lib/gcc/sh-elf/9.3.0\libgcc.a(_movmem.o)
                0x060242fc                __movmem
                0x060242fc                __movstr
                0x06024330                __movstrSI64
                0x06024330                __movmemSI64
                0x06024334                __movstrSI60
                0x06024334                __movmemSI60
                0x06024338                __movstrSI56
                0x06024338                __movmemSI56
                0x0602433c                __movstrSI52
                0x0602433c                __movmemSI52
                0x06024340                __movstrSI48
                0x06024340                __movmemSI48
                0x06024344                __movmemSI44
                0x06024344                __movstrSI44
                0x06024348                __movstrSI40
                0x06024348                __movmemSI40
                0x0602434c                __movmemSI36
                0x0602434c                __movstrSI36
                0x06024350                __movmemSI32
                0x06024350                __movstrSI32
                0x06024354                __movstrSI28
                0x06024354                __movmemSI28
                0x06024358                __movmemSI24
                0x06024358                __movstrSI24
                0x0602435c                __movstrSI20
                0x0602435c                __movmemSI20
                0x06024360                __movstrSI16
                0x06024360                __movmemSI16
                0x06024364                __movstrSI12
                0x06024364                __movmemSI12
                0x06024368                __movmemSI8
                0x06024368                __movstrSI8
                0x0602436c                __movmemSI4
                0x0602436c                __movstrSI4
 .text          0x06024374       0xa0 d:/joengine-master/compiler/windows/bin/../lib/gcc/sh-elf/9.3.0\libgcc.a(_sdivsi3.o)
                0x06024374                __sdivsi3
 .text          0x06024414       0x6c d:/joengine-master/compiler/windows/bin/../lib/gcc/sh-elf/9.3.0\libgcc.a(_udivsi3.o)
                0x06024436                __udivsi3
 .text          0x06024480      0x21c d:/joengine-master/compiler/windows/bin/../lib/gcc/sh-elf/9.3.0\libgcc.a(_addsub_sf.o)
                0x06024600                __addsf3
                0x0602464c                __subsf3
 .text          0x0602469c      0x134 d:/joengine-master/compiler/windows/bin/../lib/gcc/sh-elf/9.3.0\libgcc.a(_mul_sf.o)
                0x0602469c                __mulsf3
 .text          0x060247d0       0xdc d:/joengine-master/compiler/windows/bin/../lib/gcc/sh-elf/9.3.0\libgcc.a(_div_sf.o)
                0x060247d0                __divsf3
 .text          0x060248ac       0x54 d:/joengine-master/compiler/windows/bin/../lib/gcc/sh-elf/9.3.0\libgcc.a(_eq_sf.o)
                0x060248ac                __eqsf2
 .text          0x06024900       0x54 d:/joengine-master/compiler/windows/bin/../lib/gcc/sh-elf/9.3.0\libgcc.a(_ne_sf.o)
                0x06024900                __nesf2
 .text          0x06024954       0x54 d:/joengine-master/compiler/windows/bin/../lib/gcc/sh-elf/9.3.0\libgcc.a(_gt_sf.o)
                0x06024954                __gtsf2
 .text          0x060249a8       0x54 d:/joengine-master/compiler/windows/bin/../lib/gcc/sh-elf/9.3.0\libgcc.a(_ge_sf.o)
                0x060249a8                __gesf2
 .text          0x060249fc       0x54 d:/joengine-master/compiler/windows/bin/../lib/gcc/sh-elf/9.3.0\libgcc.a(_lt_sf.o)
                0x060249fc                __ltsf2
 .text          0x06024a50       0x54 d:/joengine-master/compiler/windows/bin/../lib/gcc/sh-elf/9.3.0\libgcc.a(_le_sf.o)
                0x06024a50                __lesf2
 .text          0x06024aa4       0x84 d:/joengine-master/compiler/windows/bin/../lib/gcc/sh-elf/9.3.0\libgcc.a(_si_to_sf.o)
                0x06024aa4                __floatsisf
 .text          0x06024b28       0x70 d:/joengine-master/compiler/windows/bin/../lib/gcc/sh-elf/9.3.0\libgcc.a(_sf_to_si.o)
                0x06024b28                __fixsfsi
 .text          0x06024b98       0x3c d:/joengine-master/compiler/windows/bin/../lib/gcc/sh-elf/9.3.0\libgcc.a(_sf_to_df.o)
                0x06024b98                __extendsfdf2
 .text          0x06024bd4        0x0 d:/joengine-master/compiler/windows/bin/../lib/gcc/sh-elf/9.3.0\libgcc.a(_thenan_sf.o)
 .text          0x06024bd4       0x94 d:/joengine-master/compiler/windows/bin/../lib/gcc/sh-elf/9.3.0\libgcc.a(_usi_to_sf.o)
                0x06024bd4                __floatunsisf
 .text          0x06024c68      0x3e0 d:/joengine-master/compiler/windows/bin/../lib/gcc/sh-elf/9.3.0\libgcc.a(_addsub_df.o)
                0x06024fa4                __adddf3
                0x06024ff4                __subdf3
 .text          0x06025048      0x208 d:/joengine-master/compiler/windows/bin/../lib/gcc/sh-elf/9.3.0\libgcc.a(_mul_df.o)
                0x06025048                __muldf3
 .text          0x06025250       0xa8 d:/joengine-master/compiler/windows/bin/../lib/gcc/sh-elf/9.3.0\libgcc.a(_si_to_df.o)
                0x06025250                __floatsidf
 .text          0x060252f8       0xa0 d:/joengine-master/compiler/windows/bin/../lib/gcc/sh-elf/9.3.0\libgcc.a(_df_to_si.o)
                0x060252f8                __fixdfsi
 .text          0x06025398       0x28 d:/joengine-master/compiler/windows/bin/../lib/gcc/sh-elf/9.3.0\libgcc.a(_make_df.o)
                0x06025398                __make_dp
 .text          0x060253c0       0x4c d:/joengine-master/compiler/windows/bin/../lib/gcc/sh-elf/9.3.0\libgcc.a(_df_to_sf.o)
                0x060253c0                __truncdfsf2
 .text          0x0602540c        0x0 d:/joengine-master/compiler/windows/bin/../lib/gcc/sh-elf/9.3.0\libgcc.a(_thenan_df.o)
 .text          0x0602540c       0x54 d:/joengine-master/compiler/windows/bin/../lib/gcc/sh-elf/9.3.0\libgcc.a(_clzsi2.o)
                0x0602540c                __clzsi2
 .text          0x06025460      0x11c d:/joengine-master/compiler/windows/bin/../lib/gcc/sh-elf/9.3.0\libgcc.a(_pack_sf.o)
                0x06025460                __pack_f
 .text          0x0602557c       0xa0 d:/joengine-master/compiler/windows/bin/../lib/gcc/sh-elf/9.3.0\libgcc.a(_unpack_sf.o)
                0x0602557c                __unpack_f
 .text          0x0602561c       0xac d:/joengine-master/compiler/windows/bin/../lib/gcc/sh-elf/9.3.0\libgcc.a(_fpcmp_parts_sf.o)
                0x0602561c                __fpcmp_parts_f
 .text          0x060256c8       0x20 d:/joengine-master/compiler/windows/bin/../lib/gcc/sh-elf/9.3.0\libgcc.a(_make_sf.o)
                0x060256c8                __make_fp
 .text          0x060256e8      0x274 d:/joengine-master/compiler/windows/bin/../lib/gcc/sh-elf/9.3.0\libgcc.a(_pack_df.o)
                0x060256e8                __pack_d
 .text          0x0602595c       0xcc d:/joengine-master/compiler/windows/bin/../lib/gcc/sh-elf/9.3.0\libgcc.a(_unpack_df.o)
                0x0602595c                __unpack_d
 .text          0x06025a28        0x0 d:/joengine-master/compiler/windows/bin/../lib/gcc/sh-elf/9.3.0\libgcc.a(_clz.o)
 .text          0x06025a28        0x0 d:/joengine-master/compiler/windows/bin/../lib/gcc/sh-elf/9.3.0/../../../../sh-elf/lib\libc.a(lib_a-impure.o)
 .text          0x06025a28       0x1e d:/joengine-master/compiler/windows/bin/../lib/gcc/sh-elf/9.3.0/../../../../sh-elf/lib\libc.a(lib_a-memcmp.o)
                0x06025a28                memcmp
 *fill*         0x06025a46        0x2 
 .text          0x06025a48       0x94 d:/joengine-master/compiler/windows/bin/../lib/gcc/sh-elf/9.3.0/../../../../sh-elf/lib\libc.a(lib_a-memcpy.o)
                0x06025a48                memcpy
 .text          0x06025adc       0x40 d:/joengine-master/compiler/windows/bin/../lib/gcc/sh-elf/9.3.0/../../../../sh-elf/lib\libc.a(lib_a-memset.o)
                0x06025adc                memset
 .text          0x06025b1c       0x58 d:/joengine-master/compiler/windows/bin/../lib/gcc/sh-elf/9.3.0/../../../../sh-elf/lib\libc.a(lib_a-rand.o)
                0x06025b1c                srand
                0x06025b30                rand
 .text          0x06025b74       0x60 d:/joengine-master/compiler/windows/bin/../lib/gcc/sh-elf/9.3.0/../../../../sh-elf/lib\libc.a(lib_a-rget.o)
                0x06025b74                __srget_r
                0x06025bc0                __srget
 .text          0x06025bd4       0x8c d:/joengine-master/compiler/windows/bin/../lib/gcc/sh-elf/9.3.0/../../../../sh-elf/lib\libc.a(lib_a-sprintf.o)
                0x06025bd4                _siprintf_r
                0x06025bd4                _sprintf_r
                0x06025c14                siprintf
                0x06025c14                sprintf
 .text          0x06025c60       0x20 d:/joengine-master/compiler/windows/bin/../lib/gcc/sh-elf/9.3.0/../../../../sh-elf/lib\libc.a(lib_a-strcat.o)
                0x06025c60                strcat
 .text          0x06025c80       0x38 d:/joengine-master/compiler/windows/bin/../lib/gcc/sh-elf/9.3.0/../../../../sh-elf/lib\libc.a(lib_a-strcmp.o)
                0x06025c80                strcmp
 .text          0x06025cb8       0x3c d:/joengine-master/compiler/windows/bin/../lib/gcc/sh-elf/9.3.0/../../../../sh-elf/lib\libc.a(lib_a-strcpy.o)
                0x06025cb8                strcpy
 .text          0x06025cf4       0x20 d:/joengine-master/compiler/windows/bin/../lib/gcc/sh-elf/9.3.0/../../../../sh-elf/lib\libc.a(lib_a-strlen.o)
                0x06025cf4                strlen
 .text          0x06025d14       0x2a d:/joengine-master/compiler/windows/bin/../lib/gcc/sh-elf/9.3.0/../../../../sh-elf/lib\libc.a(lib_a-strncmp.o)
                0x06025d14                strncmp
 .text          0x06025d3e       0x36 d:/joengine-master/compiler/windows/bin/../lib/gcc/sh-elf/9.3.0/../../../../sh-elf/lib\libc.a(lib_a-strncpy.o)
                0x06025d3e                strncpy
 .text          0x06025d74       0x36 d:/joengine-master/compiler/windows/bin/../lib/gcc/sh-elf/9.3.0/../../../../sh-elf/lib\libc.a(lib_a-strstr.o)
                0x06025d74                strstr
 *fill*         0x06025daa        0x2 
 .text          0x06025dac       0xdc d:/joengine-master/compiler/windows/bin/../lib/gcc/sh-elf/9.3.0/../../../../sh-elf/lib\libc.a(lib_a-wbuf.o)
                0x06025dac                __swbuf_r
                0x06025e74                __swbuf
 .text          0x06025e88       0xcc d:/joengine-master/compiler/windows/bin/../lib/gcc/sh-elf/9.3.0/../../../../sh-elf/lib\libc.a(lib_a-wsetup.o)
                0x06025e88                __swsetup_r
 .text          0x06025f54      0x1a4 d:/joengine-master/compiler/windows/bin/../lib/gcc/sh-elf/9.3.0/../../../../sh-elf/lib\libc.a(lib_a-fflush.o)
                0x06025f54                __sflush_r
                0x06026090                _fflush_r
                0x060260d0                fflush
 .text          0x060260f8      0x1d0 d:/joengine-master/compiler/windows/bin/../lib/gcc/sh-elf/9.3.0/../../../../sh-elf/lib\libc.a(lib_a-findfp.o)
                0x06026150                _cleanup_r
                0x06026160                __sfmoreglue
                0x060261ac                _cleanup
                0x060261c0                __sinit
                0x06026214                __sfp
 .text          0x060262c8       0xb0 d:/joengine-master/compiler/windows/bin/../lib/gcc/sh-elf/9.3.0/../../../../sh-elf/lib\libc.a(lib_a-fwalk.o)
                0x060262c8                _fwalk
                0x0602631c                _fwalk_reent
 .text          0x06026378      0x108 d:/joengine-master/compiler/windows/bin/../lib/gcc/sh-elf/9.3.0/../../../../sh-elf/lib\libc.a(lib_a-makebuf.o)
                0x06026378                __swhatbuf_r
                0x060263d4                __smakebuf_r
 .text          0x06026480      0x444 d:/joengine-master/compiler/windows/bin/../lib/gcc/sh-elf/9.3.0/../../../../sh-elf/lib\libc.a(lib_a-nano-svfprintf.o)
                0x06026480                __ssputs_r
                0x06026574                __ssprint_r
                0x060266a8                _svfprintf_r
                0x060266a8                _svfiprintf_r
 .text          0x060268c4      0x380 d:/joengine-master/compiler/windows/bin/../lib/gcc/sh-elf/9.3.0/../../../../sh-elf/lib\libc.a(lib_a-nano-vfprintf_i.o)
                0x060268c4                _printf_common
                0x060269c4                _printf_i
 .text          0x06026c44      0x150 d:/joengine-master/compiler/windows/bin/../lib/gcc/sh-elf/9.3.0/../../../../sh-elf/lib\libc.a(lib_a-refill.o)
                0x06026c5c                __srefill_r
 .text          0x06026d94       0xe0 d:/joengine-master/compiler/windows/bin/../lib/gcc/sh-elf/9.3.0/../../../../sh-elf/lib\libc.a(lib_a-stdio.o)
                0x06026d94                __sread
                0x06026dd0                __seofread
                0x06026dd4                __swrite
                0x06026e24                __sseek
                0x06026e64                __sclose
 .text          0x06026e74       0x34 d:/joengine-master/compiler/windows/bin/../lib/gcc/sh-elf/9.3.0/../../../../sh-elf/lib\libc.a(lib_a-writer.o)
                0x06026e74                _write_r
 .text          0x06026ea8       0x30 d:/joengine-master/compiler/windows/bin/../lib/gcc/sh-elf/9.3.0/../../../../sh-elf/lib\libc.a(lib_a-closer.o)
                0x06026ea8                _close_r
 .text          0x06026ed8       0x34 d:/joengine-master/compiler/windows/bin/../lib/gcc/sh-elf/9.3.0/../../../../sh-elf/lib\libc.a(lib_a-fstatr.o)
                0x06026ed8                _fstat_r
 .text          0x06026f0c       0x30 d:/joengine-master/compiler/windows/bin/../lib/gcc/sh-elf/9.3.0/../../../../sh-elf/lib\libc.a(lib_a-isattyr.o)
                0x06026f0c                _isatty_r
 .text          0x06026f3c       0x34 d:/joengine-master/compiler/windows/bin/../lib/gcc/sh-elf/9.3.0/../../../../sh-elf/lib\libc.a(lib_a-lseekr.o)
                0x06026f3c                _lseek_r
 .text          0x06026f70       0x1c d:/joengine-master/compiler/windows/bin/../lib/gcc/sh-elf/9.3.0/../../../../sh-elf/lib\libc.a(lib_a-memchr.o)
                0x06026f70                memchr
 .text          0x06026f8c       0x3c d:/joengine-master/compiler/windows/bin/../lib/gcc/sh-elf/9.3.0/../../../../sh-elf/lib\libc.a(lib_a-memmove.o)
                0x06026f8c                memmove
 .text          0x06026fc8       0x34 d:/joengine-master/compiler/windows/bin/../lib/gcc/sh-elf/9.3.0/../../../../sh-elf/lib\libc.a(lib_a-readr.o)
                0x06026fc8                _read_r
 .text          0x06026ffc      0x100 d:/joengine-master/compiler/windows/bin/../lib/gcc/sh-elf/9.3.0/../../../../sh-elf/lib\libc.a(lib_a-reent.o)
                0x06026ffc                cleanup_glue
                0x06027028                _reclaim_reent
 *(.strings)
 *(SEGA_P)
 *(.eh_frame_hdr)
 *(.eh_frame)
                0x060270fc                __etext = .

.text.startup   0x06027100       0x40
 .text.startup  0x06027100       0x40 D:/joengine-master/jo_engine/core.o
                0x06027100                main

SLPROG          0x06027140    0x158a0
                0x06027140                __slprog_start = .
 *(SLPROG)
 SLPROG         0x06027140     0x6540 D:/joengine-master/Compiler/COMMON/SGL_302j/LIB_ELF/SGLAREA.O
                0x06027140                MasterStack
                0x06027144                SlaveStack
                0x06027148                MaxVertices
                0x0602714a                MaxPolygons
                0x0602714c                SortList
                0x06027150                SortListSize
                0x06027154                TransList
                0x06027158                Zbuffer
                0x0602715c                SpriteBuf
                0x06027160                SpriteBufSize
                0x06027164                Pbuffer
                0x06027168                CommandBuf
                0x0602716c                CLOfstBuf
                0x06027170                PCM_Work
                0x06027174                PCM_WkSize
                0x06027178                MaxEvents
                0x0602717a                EventSize
                0x0602717c                MaxWorks
                0x0602717e                WorkSize
                0x06027180                RemainEvent
                0x06027280                RemainWork
                0x06027680                EventBuf
                0x06029680                WorkBuf
 SLPROG         0x0602d680     0x411e D:/joengine-master/Compiler/COMMON/SGL_302j/LIB_ELF/LIBSGL.A(sglA01.o)
                0x0602d680                slSin
                0x0602d6a4                slCos
                0x0602d6c8                GetSinCos
                0x0602d75c                sin_cos_index_tbl
                0x0602d79c                sin_tbl
 *fill*         0x0603179e        0x2 
 SLPROG         0x060317a0       0x18 D:/joengine-master/Compiler/COMMON/SGL_302j/LIB_ELF/LIBSGL.A(sglA15.o)
                0x060317a0                slSlaveFunc
 *fill*         0x060317b8        0x8 
 SLPROG         0x060317c0       0xd0 D:/joengine-master/Compiler/COMMON/SGL_302j/LIB_ELF/LIBSGL.A(sglA16.o)
                0x060317c0                slLookAt
 SLPROG         0x06031890       0x78 D:/joengine-master/Compiler/COMMON/SGL_302j/LIB_ELF/LIBSGL.A(sglA17.o)
                0x06031890                slRotZ
                0x0603189a                slRotZSC
 *fill*         0x06031908        0x8 
 SLPROG         0x06031910       0x78 D:/joengine-master/Compiler/COMMON/SGL_302j/LIB_ELF/LIBSGL.A(sglA18.o)
                0x06031910                slRotY
                0x0603191a                slRotYSC
 *fill*         0x06031988        0x8 
 SLPROG         0x06031990       0x78 D:/joengine-master/Compiler/COMMON/SGL_302j/LIB_ELF/LIBSGL.A(sglA19.o)
                0x06031990                slRotX
                0x0603199a                slRotXSC
 *fill*         0x06031a08        0x8 
 SLPROG         0x06031a10      0x42c D:/joengine-master/Compiler/COMMON/SGL_302j/LIB_ELF/LIBSGL.A(sglA20.o)
                0x06031a10                slInitMatrix
                0x06031a1a                slPushUnitMatrix
                0x06031a2e                slUnitMatrix
 *fill*         0x06031e3c        0x4 
 SLPROG         0x06031e40       0x48 D:/joengine-master/Compiler/COMMON/SGL_302j/LIB_ELF/LIBSGL.A(sglA21.o)
                0x06031e40                slPushMatrix
                0x06031e74                slDecMatrixPtr
                0x06031e74                slPopMatrix
 *fill*         0x06031e88        0x8 
 SLPROG         0x06031e90       0x50 D:/joengine-master/Compiler/COMMON/SGL_302j/LIB_ELF/LIBSGL.A(sglA27.o)
                0x06031e90                slTranslate
 SLPROG         0x06031ee0       0x70 D:/joengine-master/Compiler/COMMON/SGL_302j/LIB_ELF/LIBSGL.A(sglA28.o)
                0x06031ee0                slScale
 SLPROG         0x06031f50       0x22 D:/joengine-master/Compiler/COMMON/SGL_302j/LIB_ELF/LIBSGL.A(sglA40.o)
                0x06031f50                slCalcVector
 *fill*         0x06031f72        0xe 
 SLPROG         0x06031f80       0x20 D:/joengine-master/Compiler/COMMON/SGL_302j/LIB_ELF/LIBSGL.A(sglB001.o)
                0x06031f80                slTVOn
                0x06031f8a                slTVOff
 SLPROG         0x06031fa0       0x24 D:/joengine-master/Compiler/COMMON/SGL_302j/LIB_ELF/LIBSGL.A(sglB011.o)
                0x06031fa0                slBitMapNbg1
 *fill*         0x06031fc4        0xc 
 SLPROG         0x06031fd0        0x8 D:/joengine-master/Compiler/COMMON/SGL_302j/LIB_ELF/LIBSGL.A(sglB014.o)
                0x06031fd0                slScrTransparent
 *fill*         0x06031fd8        0x8 
 SLPROG         0x06031fe0      0x40c D:/joengine-master/Compiler/COMMON/SGL_302j/LIB_ELF/LIBSGL.A(sglB015.o)
                0x06031fe0                slScrAutoDisp
 *fill*         0x060323ec        0x4 
 SLPROG         0x060323f0        0xc D:/joengine-master/Compiler/COMMON/SGL_302j/LIB_ELF/LIBSGL.A(sglB016.o)
                0x060323f0                slBack1ColSet
 *fill*         0x060323fc        0x4 
 SLPROG         0x06032400       0x10 D:/joengine-master/Compiler/COMMON/SGL_302j/LIB_ELF/LIBSGL.A(sglB020.o)
                0x06032400                slColorCalc
 SLPROG         0x06032410        0xc D:/joengine-master/Compiler/COMMON/SGL_302j/LIB_ELF/LIBSGL.A(sglB021.o)
                0x06032410                slColorCalcOn
 *fill*         0x0603241c        0x4 
 SLPROG         0x06032420        0xc D:/joengine-master/Compiler/COMMON/SGL_302j/LIB_ELF/LIBSGL.A(sglB023.o)
                0x06032420                slColRate
 *fill*         0x0603242c        0x4 
 SLPROG         0x06032430       0xb0 D:/joengine-master/Compiler/COMMON/SGL_302j/LIB_ELF/LIBSGL.A(sglB031.o)
                0x06032430                slMapNbg0
 SLPROG         0x060324e0       0xb4 D:/joengine-master/Compiler/COMMON/SGL_302j/LIB_ELF/LIBSGL.A(sglB032.o)
                0x060324e0                slMapNbg1
 *fill*         0x06032594        0xc 
 SLPROG         0x060325a0       0xb0 D:/joengine-master/Compiler/COMMON/SGL_302j/LIB_ELF/LIBSGL.A(sglB033.o)
                0x060325a0                slMapNbg2
 SLPROG         0x06032650       0xb4 D:/joengine-master/Compiler/COMMON/SGL_302j/LIB_ELF/LIBSGL.A(sglB034.o)
                0x06032650                slMapNbg3
 *fill*         0x06032704        0xc 
 SLPROG         0x06032710       0xd4 D:/joengine-master/Compiler/COMMON/SGL_302j/LIB_ELF/LIBSGL.A(sglB035.o)
                0x06032710                sl1MapRA
                0x060327a2                rbank_set
 *fill*         0x060327e4        0xc 
 SLPROG         0x060327f0       0xa0 D:/joengine-master/Compiler/COMMON/SGL_302j/LIB_ELF/LIBSGL.A(sglB036.o)
                0x060327f0                sl1MapRB
 SLPROG         0x06032890       0x70 D:/joengine-master/Compiler/COMMON/SGL_302j/LIB_ELF/LIBSGL.A(sglB038.o)
                0x06032890                slRparaInitSet
 SLPROG         0x06032900       0x7e D:/joengine-master/Compiler/COMMON/SGL_302j/LIB_ELF/LIBSGL.A(sglB039.o)
                0x06032900                slMakeKtable
 *fill*         0x0603297e        0x2 
 SLPROG         0x06032980       0x58 D:/joengine-master/Compiler/COMMON/SGL_302j/LIB_ELF/LIBSGL.A(sglB040.o)
                0x06032980                slKtableRA
 *fill*         0x060329d8        0x8 
 SLPROG         0x060329e0       0x5c D:/joengine-master/Compiler/COMMON/SGL_302j/LIB_ELF/LIBSGL.A(sglB041.o)
                0x060329e0                slKtableRB
 *fill*         0x06032a3c        0x4 
 SLPROG         0x06032a40       0x10 D:/joengine-master/Compiler/COMMON/SGL_302j/LIB_ELF/LIBSGL.A(sglB042.o)
                0x06032a40                slCurRpara
 SLPROG         0x06032a50        0x8 D:/joengine-master/Compiler/COMMON/SGL_302j/LIB_ELF/LIBSGL.A(sglB043.o)
                0x06032a50                slRparaMode
 *fill*         0x06032a58        0x8 
 SLPROG         0x06032a60      0x4e4 D:/joengine-master/Compiler/COMMON/SGL_302j/LIB_ELF/LIBSGL.A(sglB044.o)
                0x06032a60                slScrMatSet
 *fill*         0x06032f44        0xc 
 SLPROG         0x06032f50       0x28 D:/joengine-master/Compiler/COMMON/SGL_302j/LIB_ELF/LIBSGL.A(sglB045.o)
                0x06032f50                slScrMatConv
 *fill*         0x06032f78        0x8 
 SLPROG         0x06032f80        0xc D:/joengine-master/Compiler/COMMON/SGL_302j/LIB_ELF/LIBSGL.A(sglB047.o)
                0x06032f80                slOverRA
 *fill*         0x06032f8c        0x4 
 SLPROG         0x06032f90       0x10 D:/joengine-master/Compiler/COMMON/SGL_302j/LIB_ELF/LIBSGL.A(sglB048.o)
                0x06032f90                slOverRB
 SLPROG         0x06032fa0        0xc D:/joengine-master/Compiler/COMMON/SGL_302j/LIB_ELF/LIBSGL.A(sglB055.o)
                0x06032fa0                slPlaneNbg0
 *fill*         0x06032fac        0x4 
 SLPROG         0x06032fb0        0xc D:/joengine-master/Compiler/COMMON/SGL_302j/LIB_ELF/LIBSGL.A(sglB056.o)
                0x06032fb0                slPlaneNbg1
 *fill*         0x06032fbc        0x4 
 SLPROG         0x06032fc0       0x10 D:/joengine-master/Compiler/COMMON/SGL_302j/LIB_ELF/LIBSGL.A(sglB057.o)
                0x06032fc0                slPlaneNbg2
 SLPROG         0x06032fd0       0x10 D:/joengine-master/Compiler/COMMON/SGL_302j/LIB_ELF/LIBSGL.A(sglB058.o)
                0x06032fd0                slPlaneNbg3
 SLPROG         0x06032fe0        0xc D:/joengine-master/Compiler/COMMON/SGL_302j/LIB_ELF/LIBSGL.A(sglB059.o)
                0x06032fe0                slPlaneRA
 *fill*         0x06032fec        0x4 
 SLPROG         0x06032ff0       0x10 D:/joengine-master/Compiler/COMMON/SGL_302j/LIB_ELF/LIBSGL.A(sglB060.o)
                0x06032ff0                slPlaneRB
 SLPROG         0x06033000        0xc D:/joengine-master/Compiler/COMMON/SGL_302j/LIB_ELF/LIBSGL.A(sglB063.o)
                0x06033000                slPriority
 *fill*         0x0603300c        0x4 
 SLPROG         0x06033010       0x18 D:/joengine-master/Compiler/COMMON/SGL_302j/LIB_ELF/LIBSGL.A(sglB087.o)
                0x06033010                slLineScrollTable0
 *fill*         0x06033028        0x8 
 SLPROG         0x06033030        0x8 D:/joengine-master/Compiler/COMMON/SGL_302j/LIB_ELF/LIBSGL.A(sglB088.o)
                0x06033030                slLineScrollTable1
 *fill*         0x06033038        0x8 
 SLPROG         0x06033040        0xc D:/joengine-master/Compiler/COMMON/SGL_302j/LIB_ELF/LIBSGL.A(sglB090.o)
                0x06033040                slLineScrollMode
 *fill*         0x0603304c        0x4 
 SLPROG         0x06033050      0x114 D:/joengine-master/Compiler/COMMON/SGL_302j/LIB_ELF/LIBSGL.A(sglB200.o)
                0x06033050                slCharRbg0
                0x0603305c                slCharNbg0
                0x06033068                slCharNbg1
                0x06033074                slCharNbg2
                0x0603308a                slCharNbg3
                0x060330a2                slPageRbg0
                0x060330b8                slPageNbg1
                0x060330c0                slPageNbg2
                0x060330c8                slPageNbg3
                0x060330d4                slPageNbg0
 *fill*         0x06033164        0xc 
 SLPROG         0x06033170       0x6c D:/joengine-master/Compiler/COMMON/SGL_302j/LIB_ELF/LIBSGL.A(sglC01.o)
                0x06033170                slPerspective
 *fill*         0x060331dc        0x4 
 SLPROG         0x060331e0       0xc4 D:/joengine-master/Compiler/COMMON/SGL_302j/LIB_ELF/LIBSGL.A(sglC03.o)
                0x060331e0                slWindow
 *fill*         0x060332a4        0xc 
 SLPROG         0x060332b0       0x2c D:/joengine-master/Compiler/COMMON/SGL_302j/LIB_ELF/LIBSGL.A(sglC04.o)
                0x060332b0                slZdspLevel
 *fill*         0x060332dc        0x4 
 SLPROG         0x060332e0       0x78 D:/joengine-master/Compiler/COMMON/SGL_302j/LIB_ELF/LIBSGL.A(sglC05.o)
                0x060332e0                slSetSprite
 *fill*         0x06033358        0x8 
 SLPROG         0x06033360       0xfa D:/joengine-master/Compiler/COMMON/SGL_302j/LIB_ELF/LIBSGL.A(sglC06.o)
                0x06033360                slDispSprite
 *fill*         0x0603345a        0x6 
 SLPROG         0x06033460      0x162 D:/joengine-master/Compiler/COMMON/SGL_302j/LIB_ELF/LIBSGL.A(sglC07.o)
                0x06033466                slPutSprite
 *fill*         0x060335c2        0xe 
 SLPROG         0x060335d0     0x1218 D:/joengine-master/Compiler/COMMON/SGL_302j/LIB_ELF/LIBSGL.A(sglC08.o)
                0x060335d0                slPutPolygon
                0x0603424c                MsCalcDepthFlat
 *fill*         0x060347e8        0x8 
 SLPROG         0x060347f0       0x8c D:/joengine-master/Compiler/COMMON/SGL_302j/LIB_ELF/LIBSGL.A(sglC14.o)
                0x060347f0                slCurWindow
 *fill*         0x0603487c        0x4 
 SLPROG         0x06034880       0x54 D:/joengine-master/Compiler/COMMON/SGL_302j/LIB_ELF/LIBSGL.A(sglC16.o)
                0x06034880                slDynamicFrame
 *fill*         0x060348d4        0xc 
 SLPROG         0x060348e0       0x4c D:/joengine-master/Compiler/COMMON/SGL_302j/LIB_ELF/LIBSGL.A(sglC17.o)
                0x060348e0                slDispSpriteHV
 *fill*         0x0603492c        0x4 
 SLPROG         0x06034930       0xd4 D:/joengine-master/Compiler/COMMON/SGL_302j/LIB_ELF/LIBSGL.A(sglC19.o)
                0x06034930                slDispSprite4P
 *fill*         0x06034a04        0xc 
 SLPROG         0x06034a10       0x40 D:/joengine-master/Compiler/COMMON/SGL_302j/LIB_ELF/LIBSGL.A(sglC20.o)
                0x06034a10                SpriteEntry
 SLPROG         0x06034a50      0x4ae D:/joengine-master/Compiler/COMMON/SGL_302j/LIB_ELF/LIBSGL.A(sglC21.o)
                0x06034ad8                RotSprite
                0x06034b66                SetSprPosition
 *fill*         0x06034efe        0x2 
 SLPROG         0x06034f00       0x84 D:/joengine-master/Compiler/COMMON/SGL_302j/LIB_ELF/LIBSGL.A(sglD00.o)
                0x06034f00                slCpuDMACopy
                0x06034f00                slDMACopy
                0x06034f5a                CSH_AllClr
                0x06034f5a                slCashPurge
 *fill*         0x06034f84        0xc 
 SLPROG         0x06034f90       0xa0 D:/joengine-master/Compiler/COMMON/SGL_302j/LIB_ELF/LIBSGL.A(sglD01.o)
                0x06034f90                slDMAXCopy
 SLPROG         0x06035030       0x10 D:/joengine-master/Compiler/COMMON/SGL_302j/LIB_ELF/LIBSGL.A(sglD02.o)
                0x06035030                slDMAWait
 SLPROG         0x06035040        0xc D:/joengine-master/Compiler/COMMON/SGL_302j/LIB_ELF/LIBSGL.A(sglD03.o)
                0x06035040                slDMAStatus
 *fill*         0x0603504c        0x4 
 SLPROG         0x06035050       0x20 D:/joengine-master/Compiler/COMMON/SGL_302j/LIB_ELF/LIBSGL.A(sglD15.o)
                0x06035050                CSH_Purge
 SLPROG         0x06035070       0x84 D:/joengine-master/Compiler/COMMON/SGL_302j/LIB_ELF/LIBSGL.A(sglD16.o)
                0x06035070                DMA_ScuSetPrm
                0x060350b8                DMA_SCU_PRM0
 *fill*         0x060350f4        0xc 
 SLPROG         0x06035100       0x88 D:/joengine-master/Compiler/COMMON/SGL_302j/LIB_ELF/LIBSGL.A(sglD17.o)
                0x06035100                DMA_ScuStart
 *fill*         0x06035188        0x8 
 SLPROG         0x06035190       0x34 D:/joengine-master/Compiler/COMMON/SGL_302j/LIB_ELF/LIBSGL.A(sglD18.o)
                0x06035190                DMA_ScuGetStatus
 *fill*         0x060351c4        0xc 
 SLPROG         0x060351d0       0x34 D:/joengine-master/Compiler/COMMON/SGL_302j/LIB_ELF/LIBSGL.A(sglF08.o)
                0x060351d0                slDec2Hex
 *fill*         0x06035204        0xc 
 SLPROG         0x06035210      0xfc8 D:/joengine-master/Compiler/COMMON/SGL_302j/LIB_ELF/LIBSGL.A(sglH00.o)
                0x06035228                slGetPortDir1
                0x06035230                slGetPortDir2
                0x06035238                slSetPortDir1
                0x06035262                slSetPortDir2
                0x0603529c                slGetPortData1
                0x060352a4                slGetPortData2
                0x060352ac                slSetPortData1
                0x060352b6                slSetPortData2
                0x060352c8                slGetPortSelect1
                0x060352d2                slGetPortSelect2
                0x060352dc                slSetPortSelect1
                0x06035310                slSetPortSelect2
                0x0603534c                slGetPortExt1
                0x06035356                slGetPortExt2
                0x06035360                slSetPortExt1
                0x06035390                slSetPortExt2
                0x06035504                slSmpcDirectAccess
                0x06035584                slInitPeripheral
                0x06035616                slSetResultBuffer
                0x060356a2                slCheckIntBackSet
                0x060356ae                slIntBackCancel
                0x060356d8                slCheckReset
                0x060356e2                slClearReset
                0x060358a8                slSmpcCashSend
                0x06035964                slSmpcCashBlow
                0x06035a40                slGetOptimize
                0x06035a4a                slSetOptimize
                0x06035a70                slGetPortMode1
                0x06035a7c                slGetPortMode2
                0x06035a8a                slSetPortMode1
                0x06035ac8                slSetPortMode2
                0x06035c54                slRequestCommand
                0x06035cc4                Smpc_Status
                0x06035cc8                Smpc_Result
                0x06035ccc                Smpc_Peripheral
                0x06035cd2                Per_Connect1
                0x06035cd3                Per_Connect2
                0x06035cf4                SmpcStatusBuf
 *fill*         0x060361d8        0x8 
 SLPROG         0x060361e0       0xa8 D:/joengine-master/Compiler/COMMON/SGL_302j/LIB_ELF/LIBSGL.A(sglH01.o)
                0x060361e0                slGetLanguage
                0x060361ea                slSetLanguage
                0x0603620c                slGetSoundEffect
                0x06036218                slSetSoundEffect
                0x06036234                slGetSoundOutput
                0x06036240                slSetSoundOutput
                0x0603625c                slGetHelpWindow
                0x06036268                slSetHelpWindow
 *fill*         0x06036288        0x8 
 SLPROG         0x06036290      0x470 D:/joengine-master/Compiler/COMMON/SGL_302j/LIB_ELF/LIBSGL.A(sglH02.o)
                0x06036680                smpc_pfr_tbl
                0x060366c0                smpc_ptf_tbl
 SLPROG         0x06036700       0x60 D:/joengine-master/Compiler/COMMON/SGL_302j/LIB_ELF/LIBSGL.A(sglH04.o)
                0x06036700                slComPrmIntBack
                0x06036714                slComPrmSetMemory
                0x0603672a                slComPrmSetTime
 SLPROG         0x06036760      0x3a4 D:/joengine-master/Compiler/COMMON/SGL_302j/LIB_ELF/LIBSGL.A(sglI01.o)
                0x06036760                slInitSynch
                0x0603677a                slSynch
                0x06036870                slRandom
                0x0603688e                PCM_EndCheck
                0x0603694a                RetPCMBuf
                0x060369e4                PCM_Buf
                0x06036a84                Sound_Buf
 *fill*         0x06036b04        0xc 
 SLPROG         0x06036b10       0x10 D:/joengine-master/Compiler/COMMON/SGL_302j/LIB_ELF/LIBSGL.A(sglI04.o)
                0x06036b10                slIntFunction
 SLPROG         0x06036b20       0x74 D:/joengine-master/Compiler/COMMON/SGL_302j/LIB_ELF/LIBSGL.A(sglJ00.o)
                0x06036b20                InitSlaveSH
                0x06036b88                SlaveCommand
 *fill*         0x06036b94        0xc 
 SLPROG         0x06036ba0      0x3d0 D:/joengine-master/Compiler/COMMON/SGL_302j/LIB_ELF/LIBSGL.A(sglJ01.o)
                0x06036ba0                SlaveControl
                0x06036f5c                ErasePolygonData
 SLPROG         0x06036f70     0x12b8 D:/joengine-master/Compiler/COMMON/SGL_302j/LIB_ELF/LIBSGL.A(sglJ02.o)
                0x06036f70                sbMakePolygon
                0x06037158                sbCalcPolygon
                0x06037e90                SetTexture
                0x06037e9c                SetPolygon
                0x06037ea4                SetPosition
                0x06037edc                stvtc_4
                0x06037f94                stvtc_3
                0x060381a4                stvtc_1
                0x060381b8                stvtc_2
                0x060381cc                stvtc_0
 *fill*         0x06038228        0x8 
 SLPROG         0x06038230      0x140 D:/joengine-master/Compiler/COMMON/SGL_302j/LIB_ELF/LIBSGL.A(sglJ03.o)
                0x06038230                sbMakeDMATable
 SLPROG         0x06038370      0x470 D:/joengine-master/Compiler/COMMON/SGL_302j/LIB_ELF/LIBSGL.A(sglJ04.o)
                0x060383ce                sbMakeSprite
                0x06038434                sbMakeRotSprite
 SLPROG         0x060387e0       0x3c D:/joengine-master/Compiler/COMMON/SGL_302j/LIB_ELF/LIBSGL.A(sglJ05.o)
                0x060387e0                sbSortEntry
 *fill*         0x0603881c        0x4 
 SLPROG         0x06038820      0x4b8 D:/joengine-master/Compiler/COMMON/SGL_302j/LIB_ELF/LIBSGL.A(sglM00.o)
                0x06038820                slInitGouraud
                0x06038914                slPutPolygonX
                0x0603895a                slGouraudTblCopy
                0x060389b2                slSetGouraudTbl
                0x060389b8                slSetGouraudColor
                0x06038a30                slSetAmbient
                0x06038a54                slSetFlatColor
 *fill*         0x06038cd8        0x8 
 SLPROG         0x06038ce0       0x6a D:/joengine-master/Compiler/COMMON/SGL_302j/LIB_ELF/LIBSGL.A(sglM01.o)
                0x06038ce0                slSetDepthLimit