Archive member included to satisfy reference by file (symbol)

/joe/Compiler/COMMON/SGL_302j/LIB_ELF/SEGA_SYS.A(sys_exit.o)
                              jo_engine/core.o (symbol from plugin) (SYS_Exit)
/joe/Compiler/COMMON/SGL_302j/LIB_ELF/SEGA_SYS.A(sys_sub.o)
                              /joe/Compiler/COMMON/SGL_302j/LIB_ELF/SEGA_SYS.A(sys_exit.o) (SYSUB_SetStackptr)
/joe/Compiler/COMMON/SGL_302j/LIB_ELF/LIBCD.A(CDC_CMN.O)
                              /joe/Compiler/COMMON/SGL_302j/LIB_ELF/SEGA_SYS.A(sys_exit.o) (CDC_GetCurStat)
/joe/Compiler/COMMON/SGL_302j/LIB_ELF/LIBCD.A(CDC_DRV.O)
                              pcmsys.o (symbol from plugin) (CDC_CdPlay)
/joe/Compiler/COMMON/SGL_302j/LIB_ELF/LIBCD.A(CDC_CFS.O)
                              /joe/Compiler/COMMON/SGL_302j/LIB_ELF/SEGA_SYS.A(sys_exit.o) (CDC_ChgDir)
/joe/Compiler/COMMON/SGL_302j/LIB_ELF/LIBCD.A(CDC_REG.O)
                              /joe/Compiler/COMMON/SGL_302j/LIB_ELF/SEGA_SYS.A(sys_exit.o) (CDC_GetHirqReq)
/joe/Compiler/COMMON/SGL_302j/LIB_ELF/LIBCD.A(CDC_SUB.O)
                              /joe/Compiler/COMMON/SGL_302j/LIB_ELF/LIBCD.A(CDC_CMN.O) (CDSUB_UpdStatus)
/joe/Compiler/COMMON/SGL_302j/LIB_ELF/LIBCD.A(GFS.O)
                              pcmsys.o (symbol from plugin) (GFS_Init)
/joe/Compiler/COMMON/SGL_302j/LIB_ELF/LIBCD.A(GFS_BUF.O)
                              /joe/Compiler/COMMON/SGL_302j/LIB_ELF/LIBCD.A(GFS.O) (GFBF_GetNumData)
/joe/Compiler/COMMON/SGL_302j/LIB_ELF/LIBCD.A(GFS_CDB.O)
                              /joe/Compiler/COMMON/SGL_302j/LIB_ELF/LIBCD.A(GFS.O) (GFCB_Close)
/joe/Compiler/COMMON/SGL_302j/LIB_ELF/LIBCD.A(GFS_CDC.O)
                              /joe/Compiler/COMMON/SGL_302j/LIB_ELF/LIBCD.A(GFS.O) (GFCD_SetCdbfs)
/joe/Compiler/COMMON/SGL_302j/LIB_ELF/LIBCD.A(GFS_CDF.O)
                              /joe/Compiler/COMMON/SGL_302j/LIB_ELF/LIBCD.A(GFS.O) (GFCF_Init)
/joe/Compiler/COMMON/SGL_302j/LIB_ELF/LIBCD.A(GFS_DIR.O)
                              /joe/Compiler/COMMON/SGL_302j/LIB_ELF/LIBCD.A(GFS.O) (GFDR_SetupDirTbl)
/joe/Compiler/COMMON/SGL_302j/LIB_ELF/LIBCD.A(GFS_TRN.O)
                              /joe/Compiler/COMMON/SGL_302j/LIB_ELF/LIBCD.A(GFS.O) (GFTR_Setup)
/joe/Compiler/COMMON/SGL_302j/LIB_ELF/LIBCD.A(CDC_DEV.O)
                              /joe/Compiler/COMMON/SGL_302j/LIB_ELF/LIBCD.A(GFS_CDC.O) (CDC_CdSetCon)
/joe/Compiler/COMMON/SGL_302j/LIB_ELF/LIBCD.A(CDC_SEL.O)
                              /joe/Compiler/COMMON/SGL_302j/LIB_ELF/LIBCD.A(GFS_CDC.O) (CDC_SetFiltRange)
/joe/Compiler/COMMON/SGL_302j/LIB_ELF/LIBCD.A(CDC_BIF.O)
                              /joe/Compiler/COMMON/SGL_302j/LIB_ELF/LIBCD.A(GFS_CDC.O) (CDC_GetBufSiz)
/joe/Compiler/COMMON/SGL_302j/LIB_ELF/LIBCD.A(CDC_BIO.O)
                              /joe/Compiler/COMMON/SGL_302j/LIB_ELF/LIBCD.A(GFS_CDC.O) (CDC_SetSctLen)
/joe/Compiler/COMMON/SGL_302j/LIB_ELF/LIBSGL.A(sglA01.o)
                              jo_engine/math.o (symbol from plugin) (slSin)
/joe/Compiler/COMMON/SGL_302j/LIB_ELF/LIBSGL.A(sglA15.o)
                              jo_engine/slave.o (symbol from plugin) (slSlaveFunc)
/joe/Compiler/COMMON/SGL_302j/LIB_ELF/LIBSGL.A(sglA16.o)
                              main.o (symbol from plugin) (slLookAt)
/joe/Compiler/COMMON/SGL_302j/LIB_ELF/LIBSGL.A(sglA17.o)
                              /joe/Compiler/COMMON/SGL_302j/LIB_ELF/LIBSGL.A(sglA16.o) (slRotZ)
/joe/Compiler/COMMON/SGL_302j/LIB_ELF/LIBSGL.A(sglA18.o)
                              main.o (symbol from plugin) (slRotY)
/joe/Compiler/COMMON/SGL_302j/LIB_ELF/LIBSGL.A(sglA19.o)
                              main.o (symbol from plugin) (slRotX)
/joe/Compiler/COMMON/SGL_302j/LIB_ELF/LIBSGL.A(sglA20.o)
                              main.o (symbol from plugin) (slUnitMatrix)
/joe/Compiler/COMMON/SGL_302j/LIB_ELF/LIBSGL.A(sglA21.o)
                              main.o (symbol from plugin) (slPushMatrix)
/joe/Compiler/COMMON/SGL_302j/LIB_ELF/LIBSGL.A(sglA27.o)
                              /joe/Compiler/COMMON/SGL_302j/LIB_ELF/LIBSGL.A(sglA16.o) (slTranslate)
/joe/Compiler/COMMON/SGL_302j/LIB_ELF/LIBSGL.A(sglA28.o)
                              main.o (symbol from plugin) (slScale)
/joe/Compiler/COMMON/SGL_302j/LIB_ELF/LIBSGL.A(sglA40.o)
                              main.o (symbol from plugin) (slCalcVector)
/joe/Compiler/COMMON/SGL_302j/LIB_ELF/LIBSGL.A(sglB001.o)
                              main.o (symbol from plugin) (slTVOn)
/joe/Compiler/COMMON/SGL_302j/LIB_ELF/LIBSGL.A(sglB011.o)
                              jo_engine/vdp2.o (symbol from plugin) (slBitMapNbg1)
/joe/Compiler/COMMON/SGL_302j/LIB_ELF/LIBSGL.A(sglB014.o)
                              jo_engine/vdp2.o (symbol from plugin) (slScrTransparent)
/joe/Compiler/COMMON/SGL_302j/LIB_ELF/LIBSGL.A(sglB015.o)
                              jo_engine/vdp2.o (symbol from plugin) (slScrAutoDisp)
/joe/Compiler/COMMON/SGL_302j/LIB_ELF/LIBSGL.A(sglB016.o)
[...]
Memory Configuration

Name             Origin             Length             Attributes
*default*        0x0000000000000000 0xffffffffffffffff

Linker script and memory map


SLSTART         0x0000000006004000       0x30
                0x0000000006004000                ___Start = .
 *(SLSTART)
 SLSTART        0x0000000006004000       0x28 /joe/Compiler/COMMON/SGL_302j/LIB_ELF/LIBSGL.A(sglI00.o)
                0x0000000006004000                SGL_Start
                0x0000000006004002                slStartSGL

.text           0x0000000006004040    0x26430
 *(.text)
 .text          0x0000000006004040        0x0 /joe/Compiler/COMMON/SGL_302j/LIB_ELF/SGLAREA.O
 .text          0x0000000006004040     0x8138 /tmp/ccTbkdcY.ltrans0.ltrans.o
                0x0000000006004684                jo_sprite_draw.constprop.39
                0x00000000060047c8                jo_nbg2_print.constprop.38
                0x0000000006004854                render_CLUT_sprite_MESH.constprop.37
                0x00000000060048a0                __jo_core_set_screens_order.constprop.36
                0x0000000006004970                CDDAPlaySingle.constprop.31
                0x00000000060049ac                jo_free
                0x00000000060049d4                jo_vdp2_clear_bitmap_nbg1.constprop.23
                0x0000000006004a44                jo_backup_unmount.constprop.12
                0x0000000006004adc                jo_vdp2_malloc
                0x0000000006004c80                jo_vdp2_free
                0x0000000006004e78                jo_vdp2_disable_rbg0
                0x0000000006005058                __jo_create_map.lto_priv.573
                0x00000000060050d0                jo_img_to_vdp2_cells
                0x0000000006005178                jo_set_default_background_color
                0x00000000060053a8                jo_sprite_free_from
                0x00000000060055e0                jo_strlen
                0x0000000006005644                jo_getdate
                0x0000000006005718                jo_malloc_with_behaviour
                0x0000000006005d6c                load_textures.constprop.25
                0x0000000006005da8                jo_backup_mount.constprop.7
                0x0000000006005fbc                jo_random
                0x000000000600602c                jo_atan2f_rad
                0x00000000060061f0                load_binary.constprop.29
                0x0000000006006d20                jo_fixed_cos
                0x0000000006006d7c                jo_fixed_sin
                0x00000000060071cc                __jo_tga_any_loader
                0x0000000006007394                jo_sprite_add_tga.constprop.24
                0x0000000006007508                _realloc_r
                0x00000000060075ac                _calloc_r
                0x00000000060075e0                _free_r
                0x0000000006007610                _malloc_r
                0x0000000006007684                mnet_send_remove_local_player
                0x0000000006007700                mnet_tick
                0x0000000006008dd4                lobby_screen
                0x000000000600a5d4                connecting_screen
 .text          0x000000000600c178     0xd2fc /tmp/ccTbkdcY.ltrans1.ltrans.o
                0x000000000600cfac                my_vblank
                0x000000000600f840                load_16bit_pcm
                0x000000000600f9a0                pcm_cease
                0x000000000600f9c8                pcm_play
                0x00000000060135fc                init_3d_planes
                0x0000000006013b3c                load_trackmap
                0x0000000006013b78                load_preview
                0x0000000006013bb4                load_level
                0x0000000006015014                load_car
                0x0000000006016844                gameLoop
 .text          0x0000000006019474     0x3028 /tmp/ccTbkdcY.ltrans2.ltrans.o
                0x0000000006019474                saturn_transport_send.lto_priv.451
                0x00000000060194cc                saturn_transport_rx_byte.lto_priv.450
                0x00000000060194e0                saturn_transport_rx_ready.lto_priv.449
                0x00000000060194fc                draw_powerups
                0x0000000006019604                create_particles
                0x00000000060196d8                computeLight
                0x0000000006019748                create_player
                0x0000000006019988                set_player_position
                0x0000000006019ad0                getSeconds
                0x0000000006019b54                apply_player_gravity
                0x0000000006019bac                init_1p_display
                0x0000000006019c34                init_2p_display
                0x0000000006019cc4                stop_engine_sound
                0x0000000006019d30                stop_sounds
                0x0000000006019db0                reset_to_last_checkpoint
                0x0000000006019ea8                reset_demo
                0x000000000601a0b0                render_CLUT_sprite
                0x000000000601a100                ztClearText
                0x000000000601a14c                transition_to_end_level
                0x000000000601a2dc                mmm_get_p2_port
                0x000000000601a7b8                saturn_uart_puts.lto_priv.441
                0x000000000601a80c                modem_read_line.lto_priv.442
                0x000000000601a9bc                modem_escape_to_command.lto_priv.445.lto_priv.447
                0x000000000601b048                saturn_uart_init.lto_priv.443
                0x000000000601b100                saturn_uart_set_baud.lto_priv.444
                0x000000000601b934                saturn_uart_flush_rx.lto_priv.448
                0x000000000601b980                saturn_uart_loopback_test.lto_priv.453.lto_priv.455
                0x000000000601ba48                saturn_uart_read_raw.lto_priv.456.lto_priv.458
                0x000000000601bac4                saturn_uart_getc_timeout.lto_priv.459.lto_priv.461
                0x000000000601baf8                saturn_uart_getc.lto_priv.462.lto_priv.464
                0x000000000601bb24                saturn_uart_putc.lto_priv.465.lto_priv.467
                0x000000000601bb60                saturn_uart_read_iir.lto_priv.468.lto_priv.470
                0x000000000601bb78                saturn_uart_read_msr.lto_priv.471.lto_priv.473
                0x000000000601bb98                saturn_uart_read_lsr.lto_priv.474.lto_priv.476
                0x000000000601bbb4                saturn_uart_clear_errors.lto_priv.477.lto_priv.479
                0x000000000601bbd4                saturn_uart_rx_error.lto_priv.480.lto_priv.482
                0x000000000601bbf4                saturn_uart_rx_ready.lto_priv.483.lto_priv.485
                0x000000000601bc10                saturn_uart_tx_ready.lto_priv.486.lto_priv.488
                0x000000000601bcf0                saturn_uart_detect.lto_priv.328
                0x000000000601bd7c                saturn_uart_reg_write.lto_priv.489.lto_priv.491
                0x000000000601bd94                saturn_uart_reg_read.lto_priv.492.lto_priv.494
                0x000000000601bdb0                saturn_netlink_smpc_disable.lto_priv.495.lto_priv.497
                0x000000000601bddc                saturn_netlink_smpc_enable.lto_priv.452
                0x000000000601be68                saturn_smpc_command.lto_priv.498.lto_priv.500
                0x000000000601be90                mnet_encode_lap_complete.lto_priv.341.lto_priv.344
                0x000000000601beb8                mnet_encode_client_log.lto_priv.337.lto_priv.340
                0x000000000601bf60                mnet_encode_leaderboard_req.lto_priv.345.lto_priv.348
                0x000000000601bf70                mnet_encode_remove_local_player.lto_priv.349.lto_priv.352
                0x000000000601bf80                mnet_encode_add_local_player.lto_priv.329.lto_priv.332
                0x000000000601c004                mnet_encode_powerup_pickup.lto_priv.353.lto_priv.356
                0x000000000601c018                mnet_encode_player_state_p2.lto_priv.357.lto_priv.360
                0x000000000601c0b0                mnet_encode_player_state.lto_priv.361.lto_priv.364
                0x000000000601c140                mnet_encode_input_state_p2.lto_priv.365.lto_priv.368
                0x000000000601c16c                mnet_encode_input_state.lto_priv.369.lto_priv.372
                0x000000000601c194                mnet_encode_car_select.lto_priv.373.lto_priv.376
                0x000000000601c1a8                mnet_encode_start_game.lto_priv.377.lto_priv.380
                0x000000000601c1b8                mnet_encode_ready.lto_priv.381.lto_priv.384
                0x000000000601c1c8                mnet_encode_heartbeat.lto_priv.385.lto_priv.388
                0x000000000601c1d8                mnet_encode_disconnect.lto_priv.389.lto_priv.392
                0x000000000601c1e8                mnet_encode_set_username.lto_priv.333.lto_priv.336
                0x000000000601c268                mnet_encode_connect_uuid.lto_priv.393.lto_priv.396
                0x000000000601c288                mnet_encode_connect.lto_priv.397.lto_priv.400
                0x000000000601c298                mnet_read_string.lto_priv.401.lto_priv.404
                0x000000000601c2e0                mnet_rx_poll.lto_priv.405.lto_priv.440
                0x000000000601c390                mnet_rx_init.lto_priv.408.lto_priv.411
                0x000000000601c3a0                mnet_send_frame.lto_priv.412.lto_priv.415
                0x000000000601c3e0                net_transport_is_connected.lto_priv.416.lto_priv.419
                0x000000000601c3f8                net_transport_send.lto_priv.420.lto_priv.423
                0x000000000601c40c                net_transport_rx_byte.lto_priv.424.lto_priv.427
                0x000000000601c420                net_transport_rx_ready.lto_priv.428.lto_priv.431
                0x000000000601c434                get_gbr.lto_priv.53.lto_priv.77
                0x000000000601c43c                set_gbr.lto_priv.78.lto_priv.102
                0x000000000601c444                get_vbr.lto_priv.103.lto_priv.127
                0x000000000601c44c                set_vbr.lto_priv.128.lto_priv.152
                0x000000000601c454                set_imask.lto_priv.153.lto_priv.177
                0x000000000601c468                get_imask.lto_priv.178.lto_priv.202
                0x000000000601c474                get_sr.lto_priv.203.lto_priv.227
                0x000000000601c47c                set_sr.lto_priv.228.lto_priv.252
                0x000000000601c484                tas.lto_priv.253.lto_priv.277
                0x000000000601c48c                sleep.lto_priv.278.lto_priv.302
                0x000000000601c494                nop.lto_priv.303.lto_priv.327
 *fill*         0x000000000601c49c        0x4 
 .text          0x000000000601c4a0      0x238 /joe/Compiler/COMMON/SGL_302j/LIB_ELF/SEGA_SYS.A(sys_exit.o)
                0x000000000601c4a0                sys_version
                0x000000000601c4c0                SYS_Exit
 *fill*         0x000000000601c6d8        0x8 
 .text          0x000000000601c6e0        0x6 /joe/Compiler/COMMON/SGL_302j/LIB_ELF/SEGA_SYS.A(sys_sub.o)
                0x000000000601c6e0                SYSUB_SetStackptr
 *fill*         0x000000000601c6e6        0xa 
 .text          0x000000000601c6f0      0x3a0 /joe/Compiler/COMMON/SGL_302j/LIB_ELF/LIBCD.A(CDC_CMN.O)
                0x000000000601c6f0                CDC_GetCurStat
                0x000000000601c740                CDC_GetLastStat
                0x000000000601c758                CDC_GetPeriStat
                0x000000000601c82c                CDC_GetHwInfo
                0x000000000601c894                CDC_TgetToc
                0x000000000601c8e4                CDC_GetSes
                0x000000000601c920                CDC_CdInit
                0x000000000601c9a4                CDC_CdOpen
                0x000000000601c9cc                CDC_DataReady
                0x000000000601ca38                CDC_DataEnd
 .text          0x000000000601ca90      0x130 /joe/Compiler/COMMON/SGL_302j/LIB_ELF/LIBCD.A(CDC_DRV.O)
                0x000000000601ca90                CDC_CdPlay
                0x000000000601cb5c                CDC_CdSeek
                0x000000000601cb90                CDC_CdScan
 .text          0x000000000601cbc0      0x194 /joe/Compiler/COMMON/SGL_302j/LIB_ELF/LIBCD.A(CDC_CFS.O)
                0x000000000601cbc0                CDC_ChgDir
                0x000000000601cbf4                CDC_ReadDir
                0x000000000601cc28                CDC_GetFileScope
                0x000000000601cc88                CDC_TgetFileInfo
                0x000000000601cce4                CDC_ReadFile
                0x000000000601cd18                CDC_AbortFile
 *fill*         0x000000000601cd54        0xc 
 .text          0x000000000601cd60      0x2dc /joe/Compiler/COMMON/SGL_302j/LIB_ELF/LIBCD.A(CDC_REG.O)
                0x000000000601cd60                CDC_GetDataPtr
                0x000000000601cd70                CDC_GetHirqReq
                0x000000000601cd84                CDC_ClrHirqReq
                0x000000000601cdb4                CDREG_ClrHirqReq
                0x000000000601cdc4                CDREG_InitHirqReq
                0x000000000601cdec                CDREG_SetHirqFlag
                0x000000000601ce00                CDC_GetHirqMsk
                0x000000000601ce14                CDC_SetHirqMsk
                0x000000000601ce24                CDC_GetMpegPtr
                0x000000000601ce34                CDREG_TgetData
                0x000000000601ce90                CDREG_CmdRsp
                0x000000000601cf90                CDREG_WaitHirq
                0x000000000601d000                CDREG_ReadRsp
 *fill*         0x000000000601d03c        0x4 
 .text          0x000000000601d040      0x152 /joe/Compiler/COMMON/SGL_302j/LIB_ELF/LIBCD.A(CDC_SUB.O)
                0x000000000601d040                CDSUB_UpdStatus
                0x000000000601d058                CDSUB_UpdCdstat
                0x000000000601d078                CDSUB_CdCmd
                0x000000000601d0e8                CDSUB_GetCdstat
                0x000000000601d128                CDSUB_RspToCdstat
                0x000000000601d170                CDSUB_SoftTimer
 *fill*         0x000000000601d192        0xe 
 .text          0x000000000601d1a0     0x1adc /joe/Compiler/COMMON/SGL_302j/LIB_ELF/LIBCD.A(GFS.O)
                0x000000000601d1a0                gfs_version
                0x000000000601d1c0                GFS_Init
                0x000000000601d2a8                GFS_LoadDir
                0x000000000601d350                GFS_SetDir
                0x000000000601d3b8                GFS_NameToId
                0x000000000601d41c                GFS_IdToName
                0x000000000601d488                GFS_GetDirInfo
                0x000000000601d4f8                GFS_Reset
                0x000000000601d57c                GFS_Open
                0x000000000601d630                GFS_Close
                0x000000000601d668                GFS_Seek
                0x000000000601d71c                GFS_Tell
                0x000000000601d76c                GFS_IsEof
                0x000000000601d7c0                GFS_ByteToSct
                0x000000000601d81c                GFS_GetFileSize
                0x000000000601d878                GFS_GetFileInfo
                0x000000000601d8ec                GFS_GetNumCdbuf
                0x000000000601d914                GFS_Load
                0x000000000601d9d8                GFS_Fread
                0x000000000601da74                gfs_waitRead
                0x000000000601db1c                GFS_NwFread
                0x000000000601dc28                GFS_NwCdRead
                0x000000000601dca0                GFS_NwIsComplete
                0x000000000601dcd8                GFS_NwStop
                0x000000000601dd44                GFS_NwGetStat
                0x000000000601ddc0                gfs_recovRdErr
                0x000000000601ddf0                GFS_NwExecOne
                0x000000000601deb0                GFS_NwExecServer
                0x000000000601df2c                GFS_SetGmode
                0x000000000601df90                GFS_SetTmode
                0x000000000601dffc                GFS_SetReadPara
                0x000000000601e060                GFS_SetTransPara
                0x000000000601e0cc                GFS_SetTrFunc
                0x000000000601e130                GFS_StartTrans
                0x000000000601e17c                GFS_CdMovePickup
                0x000000000601e1e8                GFS_SetErrFunc
                0x000000000601e214                GFS_GetErrStat
                0x000000000601e238                GFS_ConvTno
                0x000000000601e260                gfs_chgRoot
                0x000000000601e32c                gfs_aborttrans
                0x000000000601e338                gfs_mngSetupFuncTbl
                0x000000000601e36c                gfs_mngInitWork
                0x000000000601e410                gfs_mngGetNumFile
                0x000000000601e478                GFS_mngAllocGrp
                0x000000000601e4c0                gfs_mngFreeGrp
                0x000000000601e4cc                gfs_mngTermAccess
                0x000000000601e550                gfs_mngSetErrCode
                0x000000000601e5d0                gfs_svrSearchHndl
                0x000000000601e610                gfs_svrAddHndl
                0x000000000601e64c                gfs_svrRemoveHndl
                0x000000000601e6a8                GFS_OpenSub
                0x000000000601e700                gfs_loadVol
                0x000000000601e7c4                gfs_getRootDir
                0x000000000601e8c0                gfs_loadRootDir
                0x000000000601e948                gfs_flowIn
                0x000000000601e9f0                gfs_transData
                0x000000000601ea94                GFS_GetFad
                0x000000000601eaec                gfs_SetSct
                0x000000000601eb2c                gfs_GetFinfo
                0x000000000601eb6c                gfs_closeSub
                0x000000000601eba8                gfs_getGmode
                0x000000000601ebb4                gfs_isTaskDone
                0x000000000601ec08                gfs_convFinStat
 *fill*         0x000000000601ec7c        0x4 
 .text          0x000000000601ec80      0x106 /joe/Compiler/COMMON/SGL_302j/LIB_ELF/LIBCD.A(GFS_BUF.O)
                0x000000000601ecb0                GFBF_GetTranData
                0x000000000601ecd8                GFBF_GetNumData
                0x000000000601ed08                GFBF_GetSrcPk
                0x000000000601ed30                GFBF_GetSctData
                0x000000000601ed54                GFBF_RtnPk
                0x000000000601ed7c                gfbf_getSctDt
 *fill*         0x000000000601ed86        0xa 
 .text          0x000000000601ed90      0x600 /joe/Compiler/COMMON/SGL_302j/LIB_ELF/LIBCD.A(GFS_CDB.O)
                0x000000000601ed90                GFCB_Setup
                0x000000000601eeb0                GFCB_Close
                0x000000000601eed8                GFCB_GetLenData
                0x000000000601ef84                GFCB_GetLenRoom
                0x000000000601ef90                GFCB_SetFilt
                0x000000000601eff8                GFCB_DeleteAllData
                0x000000000601f020                GFCB_Tell
                0x000000000601f030                gfcb_getSctNum
                0x000000000601f080                GFCB_Seek
                0x000000000601f17c                GFCB_GetSrcPack
                0x000000000601f25c                GFCB_GetSctData
                0x000000000601f294                GFCB_GetDstPack
                0x000000000601f2a0                GFCB_RtnPk
                0x000000000601f2e8                GFCB_MovePickup
                0x000000000601f304                GFCB_SetCon
                0x000000000601f338                GFCB_GetPickup
                0x000000000601f360                GFCB_IsPuOwner
                0x000000000601f378                GFCB_UngetPickup
 .text          0x000000000601f390     0x1a10 /joe/Compiler/COMMON/SGL_302j/LIB_ELF/LIBCD.A(GFS_CDC.O)
                0x000000000601f390                GFCD_SetCdbfs
                0x000000000601f3bc                GFCD_Init
                0x000000000601f5c0                GFCD_AllocFilt
                0x000000000601f5fc                GFCD_FreeFilt
                0x000000000601f62c                GFCD_AllocBuf
                0x000000000601f660                GFCD_FreeBuf
                0x000000000601f704                GFCD_GetBaseFad
                0x000000000601f738                GFCD_GetPickup
                0x000000000601f76c                GFCD_UngetPickup
                0x000000000601f798                GFCD_IsPuOwner
                0x000000000601f7bc                GFCD_SetFilt
                0x000000000601f880                GFCD_GetFilt
                0x000000000601f8c8                GFCD_SetCon
                0x000000000601f920                GFCD_Play
                0x000000000601f980                GFCD_GetLenData
                0x000000000601f9e8                GFCD_ReqData
                0x000000000601fa44                GFCD_EndData
                0x000000000601fa8c                GFCD_DelSctData
                0x000000000601fae4                GFCD_CheckDelSctData
                0x000000000601fb14                GFCD_GetStat
                0x000000000601fbc8                GFCD_MovePickup
                0x000000000601fc14                GFCD_MoveSctData
                0x000000000601fc88                GFCD_CheckMove
                0x000000000601fcac                GFCD_GetSctInfo
                0x000000000601fcf4                GFCD_ChgDir
                0x000000000601fd68                GFCD_SetFiltCon
                0x000000000601fe50                GFCD_GetFileInfo
                0x000000000601ff2c                GFCD_GetBufSiz
                0x000000000601ff64                GFCD_ExecServer
                0x0000000006020038                gfcd_isIdleTask
                0x00000000060200c4                gfcd_doTask
                0x0000000006020170                GFCD_SetTimer
                0x0000000006020184                GFCD_WaitServer
                0x00000000060201c0                gfcd_doSetFiltTsk
                0x0000000006020384                gfcd_doSetConTsk
                0x0000000006020414                gfcd_doGetLenDataTsk
                0x0000000006020568                gfcd_doReqDataTsk
                0x0000000006020608                gfcd_doDelSctDataTsk
                0x000000000602073c                gfcd_doMoveSctTsk
                0x00000000060208a0                gfcd_doChgDirTsk
                0x0000000006020a9c                gfcd_doSetFiltConTsk
                0x0000000006020be0                gfcd_checkEflag
                0x0000000006020c04                gfcd_initCdbMng
                0x0000000006020c84                gfcd_setStat
                0x0000000006020cb0                GFCD_SetCsctFunc
                0x0000000006020ccc                GFCD_ChkScdqFlag
                0x0000000006020cf0                GFCD_ClrScdqFlag
                0x0000000006020d0c                GFCD_WaitScdqFlag
                0x0000000006020d50                GFCD_WaitPause
 .text          0x0000000006020da0      0x8d8 /joe/Compiler/COMMON/SGL_302j/LIB_ELF/LIBCD.A(GFS_CDF.O)
                0x0000000006020da0                GFCF_Init
                0x0000000006020e40                GFCF_Setup
                0x0000000006020f88                GFCF_SetSct
                0x0000000006020fcc                GFCF_GetFileInfo
                0x0000000006021040                GFCF_FlowInBuf
                0x0000000006021194                GFCF_StopInBuf
                0x0000000006021234                GFCF_Recover
                0x000000000602127c                GFCF_Tell
                0x0000000006021294                GFCF_Seek
                0x00000000060212ac                GFCF_MovePickup
                0x0000000006021348                GFCF_cnvIntlvOfs
                0x000000000602139c                GFCF_GetStat
                0x0000000006021434                gfcf_getSctSize
                0x0000000006021470                gfcf_isCdOk
                0x0000000006021530                gfcf_getPlayRange
 *fill*         0x0000000006021678        0x8 
 .text          0x0000000006021680      0x92c /joe/Compiler/COMMON/SGL_302j/LIB_ELF/LIBCD.A(GFS_DIR.O)
                0x0000000006021680                GFDR_SetupDirTbl
                0x00000000060216f4                GFDR_NameToId
                0x0000000006021754                GFDR_GetInfoDirId
                0x0000000006021768                GFDR_GetInfoDirName
                0x000000000602177c                GFDR_GetAtrDirId
                0x0000000006021794                GFDR_GetAtrDirName
                0x00000000060217ac                GFDR_ChgRoot
                0x00000000060217c4                GFDR_ChgDir
                0x0000000006021838                gfdr_setupDirIdTbl
                0x00000000060218bc                gfdr_setupDirNameTbl
                0x0000000006021968                gfdr_open
                0x0000000006021990                gfdr_read
                0x0000000006021a50                gfdr_readByte
                0x0000000006021a7c                gfdr_readWord
                0x0000000006021aa8                gfdr_readWordNB
                0x0000000006021afc                gfdr_readLongNB
                0x0000000006021b48                gfdr_readLongNM
                0x0000000006021b70                gfdr_setNextRec
                0x0000000006021bf4                gfdr_readDirEnt
                0x0000000006021f70                gfdr_setDirrecCd
 *fill*         0x0000000006021fac        0x4 
 .text          0x0000000006021fb0      0x9c6 /joe/Compiler/COMMON/SGL_302j/LIB_ELF/LIBCD.A(GFS_TRN.O)
                0x0000000006021fe0                GFTR_Setup
                0x0000000006022024                GFTR_SetMode
                0x0000000006022038                GFTR_SetUnit
                0x0000000006022044                GFTR_SetTransPara
                0x0000000006022078                GFTR_GetTransPara
                0x0000000006022084                GFTR_GetNumTrans
                0x0000000006022090                GFTR_SetTransMax
                0x000000000602209c                GFTR_Start
                0x00000000060220a8                GFTR_Pause
                0x00000000060220b4                GFTR_Stop
                0x000000000602216c                GFTR_Exec
                0x00000000060221f0                GFTR_Idle
                0x0000000006022268                GFTR_ExecSvr
                0x0000000006022370                gftr_getSrcPack
                0x00000000060223f8                gftr_getDstPack
                0x0000000006022454                gftr_reqScu
                0x0000000006022460                gftr_execScu
                0x00000000060224fc                gftr_remScu
                0x0000000006022530                gfdma_canUse
                0x000000000602253c                gfdma_exec
                0x00000000060225ac                gfdma_getBytecnt
                0x00000000060225e4                gftr_reqDma0
                0x00000000060225fc                gftr_execSdma0
                0x0000000006022620                gftr_remDma0
                0x0000000006022638                gftr_reqDma1
                0x0000000006022650                gftr_execSdma1
                0x0000000006022674                gftr_remDma1
                0x000000000602268c                gftr_reqCpu
                0x0000000006022698                gftr_execCpu
                0x00000000060226d8                gftr_remCpu
                0x00000000060226e4                gftr_reqTrn
                0x0000000006022754                gftr_execTrn
                0x000000000602282c                gftr_remTrn
                0x00000000060228a0                gftr_copyFrac
                0x00000000060228c8                GFTR_GetLenData
                0x00000000060228d4                GFTR_GetLenRoom
                0x00000000060228ec                GFTR_GetDstPack
                0x0000000006022920                GFTR_RtnDstPk
                0x000000000602293c                GFTR_GetData
                0x0000000006022950                GFTR_SetData
                0x0000000006022964                GFTR_SetTransFunc
 *fill*         0x0000000006022976        0xa 
 .text          0x0000000006022980       0xa8 /joe/Compiler/COMMON/SGL_302j/LIB_ELF/LIBCD.A(CDC_DEV.O)
                0x0000000006022980                CDC_CdSetCon
                0x00000000060229b0                CDC_CdGetCon
                0x00000000060229ec                CDC_CdGetLastBuf
 *fill*         0x0000000006022a28        0x8 
 .text          0x0000000006022a30      0x2b8 /joe/Compiler/COMMON/SGL_302j/LIB_ELF/LIBCD.A(CDC_SEL.O)
                0x0000000006022a30                CDC_SetFiltRange
                0x0000000006022a64                CDC_GetFiltRange
                0x0000000006022abc                CDC_SetFiltSubh
                0x0000000006022b2c                CDC_GetFiltSubh
                0x0000000006022ba8                CDC_SetFiltMode
                0x0000000006022bdc                CDC_GetFiltMode
                0x0000000006022c20                CDC_SetFiltCon
                0x0000000006022c60                CDC_GetFiltCon
                0x0000000006022cb4                CDC_ResetSelector
 *fill*         0x0000000006022ce8        0x8 
 .text          0x0000000006022cf0      0x270 /joe/Compiler/COMMON/SGL_302j/LIB_ELF/LIBCD.A(CDC_BIF.O)
                0x0000000006022cf0                CDC_GetBufSiz
                0x0000000006022d4c                CDC_GetSctNum
                0x0000000006022d90                CDC_CalActSiz
                0x0000000006022dcc                CDC_GetActSiz
                0x0000000006022e4c                CDC_GetSctInfo
                0x0000000006022ecc                CDC_ExeFadSearch
                0x0000000006022f04                CDC_GetFadSearch
 .text          0x0000000006022f60      0x1e4 /joe/Compiler/COMMON/SGL_302j/LIB_ELF/LIBCD.A(CDC_BIO.O)
                0x0000000006022f60                CDC_SetSctLen
                0x0000000006022f94                CDC_GetSctData
                0x0000000006022fd0                CDC_DelSctData
                0x000000000602300c                CDC_GetdelSctData
                0x0000000006023048                CDC_PutSctData
                0x0000000006023080                CDC_CopySctData
                0x00000000060230c4                CDC_MoveSctData
                0x0000000006023108                CDC_GetCopyErr
 *fill*         0x0000000006023144        0xc 
 .text          0x0000000006023150        0x0 /joe/Compiler/COMMON/SGL_302j/LIB_ELF/LIBSGL.A(sglA01.o)
 .text          0x0000000006023150        0x0 /joe/Compiler/COMMON/SGL_302j/LIB_ELF/LIBSGL.A(sglA15.o)
 .text          0x0000000006023150        0x0 /joe/Compiler/COMMON/SGL_302j/LIB_ELF/LIBSGL.A(sglA16.o)
 .text          0x0000000006023150        0x0 /joe/Compiler/COMMON/SGL_302j/LIB_ELF/LIBSGL.A(sglA17.o)
 .text          0x0000000006023150        0x0 /joe/Compiler/COMMON/SGL_302j/LIB_ELF/LIBSGL.A(sglA18.o)
 .text          0x0000000006023150        0x0 /joe/Compiler/COMMON/SGL_302j/LIB_ELF/LIBSGL.A(sglA19.o)
 .text          0x0000000006023150        0x0 /joe/Compiler/COMMON/SGL_302j/LIB_ELF/LIBSGL.A(sglA20.o)
 .text          0x0000000006023150        0x0 /joe/Compiler/COMMON/SGL_302j/LIB_ELF/LIBSGL.A(sglA21.o)
 .text          0x0000000006023150        0x0 /joe/Compiler/COMMON/SGL_302j/LIB_ELF/LIBSGL.A(sglA27.o)
 .text          0x0000000006023150        0x0 /joe/Compiler/COMMON/SGL_302j/LIB_ELF/LIBSGL.A(sglA28.o)
 .text          0x0000000006023150        0x0 /joe/Compiler/COMMON/SGL_302j/LIB_ELF/LIBSGL.A(sglA40.o)
 .text          0x0000000006023150        0x0 /joe/Compiler/COMMON/SGL_302j/LIB_ELF/LIBSGL.A(sglB001.o)
 .text          0x0000000006023150        0x0 /joe/Compiler/COMMON/SGL_302j/LIB_ELF/LIBSGL.A(sglB011.o)
 .text          0x0000000006023150        0x0 /joe/Compiler/COMMON/SGL_302j/LIB_ELF/LIBSGL.A(sglB014.o)
 .text          0x0000000006023150        0x0 /joe/Compiler/COMMON/SGL_302j/LIB_ELF/LIBSGL.A(sglB015.o)
 .text          0x0000000006023150        0x0 /joe/Compiler/COMMON/SGL_302j/LIB_ELF/LIBSGL.A(sglB016.o)
 .text          0x0000000006023150        0x0 /joe/Compiler/COMMON/SGL_302j/LIB_ELF/LIBSGL.A(sglB020.o)
 .text          0x0000000006023150        0x0 /joe/Compiler/COMMON/SGL_302j/LIB_ELF/LIBSGL.A(sglB021.o)
 .text          0x0000000006023150        0x0 /joe/Compiler/COMMON/SGL_302j/LIB_ELF/LIBSGL.A(sglB023.o)
 .text          0x0000000006023150        0x0 /joe/Compiler/COMMON/SGL_302j/LIB_ELF/LIBSGL.A(sglB031.o)
 .text          0x0000000006023150        0x0 /joe/Compiler/COMMON/SGL_302j/LIB_ELF/LIBSGL.A(sglB032.o)
 .text          0x0000000006023150        0x0 /joe/Compiler/COMMON/SGL_302j/LIB_ELF/LIBSGL.A(sglB033.o)
 .text          0x0000000006023150        0x0 /joe/Compiler/COMMON/SGL_302j/LIB_ELF/LIBSGL.A(sglB034.o)
 .text          0x0000000006023150        0x0 /joe/Compiler/COMMON/SGL_302j/LIB_ELF/LIBSGL.A(sglB035.o)
 .text          0x0000000006023150        0x0 /joe/Compiler/COMMON/SGL_302j/LIB_ELF/LIBSGL.A(sglB036.o)
 .text          0x0000000006023150        0x0 /joe/Compiler/COMMON/SGL_302j/LIB_ELF/LIBSGL.A(sglB038.o)
 .text          0x0000000006023150        0x0 /joe/Compiler/COMMON/SGL_302j/LIB_ELF/LIBSGL.A(sglB039.o)
 .text          0x0000000006023150        0x0 /joe/Compiler/COMMON/SGL_302j/LIB_ELF/LIBSGL.A(sglB040.o)
 .text          0x0000000006023150        0x0 /joe/Compiler/COMMON/SGL_302j/LIB_ELF/LIBSGL.A(sglB041.o)
 .text          0x0000000006023150        0x0 /joe/Compiler/COMMON/SGL_302j/LIB_ELF/LIBSGL.A(sglB042.o)
 .text          0x0000000006023150        0x0 /joe/Compiler/COMMON/SGL_302j/LIB_ELF/LIBSGL.A(sglB043.o)
 .text          0x0000000006023150        0x0 /joe/Compiler/COMMON/SGL_302j/LIB_ELF/LIBSGL.A(sglB044.o)
 .text          0x0000000006023150        0x0 /joe/Compiler/COMMON/SGL_302j/LIB_ELF/LIBSGL.A(sglB045.o)
 .text          0x0000000006023150        0x0 /joe/Compiler/COMMON/SGL_302j/LIB_ELF/LIBSGL.A(sglB047.o)
 .text          0x0000000006023150        0x0 /joe/Compiler/COMMON/SGL_302j/LIB_ELF/LIBSGL.A(sglB048.o)
 .text          0x0000000006023150        0x0 /joe/Compiler/COMMON/SGL_302j/LIB_ELF/LIBSGL.A(sglB055.o)
 .text          0x0000000006023150        0x0 /joe/Compiler/COMMON/SGL_302j/LIB_ELF/LIBSGL.A(sglB056.o)
 .text          0x0000000006023150        0x0 /joe/Compiler/COMMON/SGL_302j/LIB_ELF/LIBSGL.A(sglB057.o)
 .text          0x0000000006023150        0x0 /joe/Compiler/COMMON/SGL_302j/LIB_ELF/LIBSGL.A(sglB058.o)
 .text          0x0000000006023150        0x0 /joe/Compiler/COMMON/SGL_302j/LIB_ELF/LIBSGL.A(sglB059.o)
 .text          0x0000000006023150        0x0 /joe/Compiler/COMMON/SGL_302j/LIB_ELF/LIBSGL.A(sglB060.o)
 .text          0x0000000006023150        0x0 /joe/Compiler/COMMON/SGL_302j/LIB_ELF/LIBSGL.A(sglB063.o)
 .text          0x0000000006023150        0x0 /joe/Compiler/COMMON/SGL_302j/LIB_ELF/LIBSGL.A(sglB087.o)
 .text          0x0000000006023150        0x0 /joe/Compiler/COMMON/SGL_302j/LIB_ELF/LIBSGL.A(sglB088.o)
 .text          0x0000000006023150        0x0 /joe/Compiler/COMMON/SGL_302j/LIB_ELF/LIBSGL.A(sglB090.o)
 .text          0x0000000006023150        0x0 /joe/Compiler/COMMON/SGL_302j/LIB_ELF/LIBSGL.A(sglB200.o)
 .text          0x0000000006023150        0x0 /joe/Compiler/COMMON/SGL_302j/LIB_ELF/LIBSGL.A(sglC01.o)
 .text          0x0000000006023150        0x0 /joe/Compiler/COMMON/SGL_302j/LIB_ELF/LIBSGL.A(sglC03.o)
 .text          0x0000000006023150        0x0 /joe/Compiler/COMMON/SGL_302j/LIB_ELF/LIBSGL.A(sglC04.o)
 .text          0x0000000006023150        0x0 /joe/Compiler/COMMON/SGL_302j/LIB_ELF/LIBSGL.A(sglC05.o)
 .text          0x0000000006023150        0x0 /joe/Compiler/COMMON/SGL_302j/LIB_ELF/LIBSGL.A(sglC06.o)
 .text          0x0000000006023150        0x0 /joe/Compiler/COMMON/SGL_302j/LIB_ELF/LIBSGL.A(sglC07.o)
 .text          0x0000000006023150        0x0 /joe/Compiler/COMMON/SGL_302j/LIB_ELF/LIBSGL.A(sglC08.o)
 .text          0x0000000006023150        0x0 /joe/Compiler/COMMON/SGL_302j/LIB_ELF/LIBSGL.A(sglC14.o)
 .text          0x0000000006023150        0x0 /joe/Compiler/COMMON/SGL_302j/LIB_ELF/LIBSGL.A(sglC16.o)
 .text          0x0000000006023150        0x0 /joe/Compiler/COMMON/SGL_302j/LIB_ELF/LIBSGL.A(sglC17.o)
 .text          0x0000000006023150        0x0 /joe/Compiler/COMMON/SGL_302j/LIB_ELF/LIBSGL.A(sglC19.o)
 .text          0x0000000006023150        0x0 /joe/Compiler/COMMON/SGL_302j/LIB_ELF/LIBSGL.A(sglC20.o)
 .text          0x0000000006023150        0x0 /joe/Compiler/COMMON/SGL_302j/LIB_ELF/LIBSGL.A(sglC21.o)
 .text          0x0000000006023150        0x0 /joe/Compiler/COMMON/SGL_302j/LIB_ELF/LIBSGL.A(sglD00.o)
 .text          0x0000000006023150        0x0 /joe/Compiler/COMMON/SGL_302j/LIB_ELF/LIBSGL.A(sglD01.o)
 .text          0x0000000006023150        0x0 /joe/Compiler/COMMON/SGL_302j/LIB_ELF/LIBSGL.A(sglD02.o)
 .text          0x0000000006023150        0x0 /joe/Compiler/COMMON/SGL_302j/LIB_ELF/LIBSGL.A(sglD03.o)
 .text          0x0000000006023150        0x0 /joe/Compiler/COMMON/SGL_302j/LIB_ELF/LIBSGL.A(sglD15.o)
 .text          0x0000000006023150        0x0 /joe/Compiler/COMMON/SGL_302j/LIB_ELF/LIBSGL.A(sglD16.o)
 .text          0x0000000006023150        0x0 /joe/Compiler/COMMON/SGL_302j/LIB_ELF/LIBSGL.A(sglD17.o)
 .text          0x0000000006023150        0x0 /joe/Compiler/COMMON/SGL_302j/LIB_ELF/LIBSGL.A(sglD18.o)
 .text          0x0000000006023150        0x0 /joe/Compiler/COMMON/SGL_302j/LIB_ELF/LIBSGL.A(sglF08.o)
 .text          0x0000000006023150        0x0 /joe/Compiler/COMMON/SGL_302j/LIB_ELF/LIBSGL.A(sglH00.o)
 .text          0x0000000006023150        0x0 /joe/Compiler/COMMON/SGL_302j/LIB_ELF/LIBSGL.A(sglH01.o)
 .text          0x0000000006023150        0x0 /joe/Compiler/COMMON/SGL_302j/LIB_ELF/LIBSGL.A(sglH02.o)
 .text          0x0000000006023150        0x0 /joe/Compiler/COMMON/SGL_302j/LIB_ELF/LIBSGL.A(sglH04.o)
 .text          0x0000000006023150        0x0 /joe/Compiler/COMMON/SGL_302j/LIB_ELF/LIBSGL.A(sglI01.o)
 .text          0x0000000006023150        0x0 /joe/Compiler/COMMON/SGL_302j/LIB_ELF/LIBSGL.A(sglI04.o)
 .text          0x0000000006023150      0x128 /joe/Compiler/COMMON/SGL_302j/LIB_ELF/LIBSGL.A(sglIc0.o)
                0x0000000006023150                slInitSystem
 *fill*         0x0000000006023278        0x8 
 .text          0x0000000006023280        0x0 /joe/Compiler/COMMON/SGL_302j/LIB_ELF/LIBSGL.A(sglJ00.o)
 .text          0x0000000006023280        0x0 /joe/Compiler/COMMON/SGL_302j/LIB_ELF/LIBSGL.A(sglJ01.o)
 .text          0x0000000006023280        0x0 /joe/Compiler/COMMON/SGL_302j/LIB_ELF/LIBSGL.A(sglJ02.o)
 .text          0x0000000006023280        0x0 /joe/Compiler/COMMON/SGL_302j/LIB_ELF/LIBSGL.A(sglJ03.o)
 .text          0x0000000006023280        0x0 /joe/Compiler/COMMON/SGL_302j/LIB_ELF/LIBSGL.A(sglJ04.o)
 .text          0x0000000006023280        0x0 /joe/Compiler/COMMON/SGL_302j/LIB_ELF/LIBSGL.A(sglJ05.o)
 .text          0x0000000006023280        0x0 /joe/Compiler/COMMON/SGL_302j/LIB_ELF/LIBSGL.A(sglK01.o)
 .text          0x0000000006023280        0x0 /joe/Compiler/COMMON/SGL_302j/LIB_ELF/LIBSGL.A(sglM00.o)
 .text          0x0000000006023280        0x0 /joe/Compiler/COMMON/SGL_302j/LIB_ELF/LIBSGL.A(sglM01.o)
 .text          0x0000000006023280        0x0 /joe/Compiler/COMMON/SGL_302j/LIB_ELF/LIBSGL.A(sglA00.o)
 .text          0x0000000006023280        0x0 /joe/Compiler/COMMON/SGL_302j/LIB_ELF/LIBSGL.A(sglA03.o)
 .text          0x0000000006023280        0x0 /joe/Compiler/COMMON/SGL_302j/LIB_ELF/LIBSGL.A(sglA10.o)
 .text          0x0000000006023280        0x0 /joe/Compiler/COMMON/SGL_302j/LIB_ELF/LIBSGL.A(sglA24.o)
 .text          0x0000000006023280        0x0 /joe/Compiler/COMMON/SGL_302j/LIB_ELF/LIBSGL.A(sglA25.o)
 .text          0x0000000006023280        0x0 /joe/Compiler/COMMON/SGL_302j/LIB_ELF/LIBSGL.A(sglB000.o)
 .text          0x0000000006023280        0x0 /joe/Compiler/COMMON/SGL_302j/LIB_ELF/LIBSGL.A(sglC00.o)
 .text          0x0000000006023280        0x0 /joe/Compiler/COMMON/SGL_302j/LIB_ELF/LIBSGL.A(sglC13.o)
 .text          0x0000000006023280        0x0 /joe/Compiler/COMMON/SGL_302j/LIB_ELF/LIBSGL.A(sglD19.o)
 .text          0x0000000006023280        0x0 /joe/Compiler/COMMON/SGL_302j/LIB_ELF/LIBSGL.A(sglI00.o)
 .text          0x0000000006023280        0x0 /joe/Compiler/COMMON/SGL_302j/LIB_ELF/LIBSGL.A(sglH03.o)
 .text          0x0000000006023280       0x52 /joe/Compiler/LINUX/bin/../lib/gcc/sh-none-elf/8.2.0/libgcc.a(_ashiftrt.o)
                0x0000000006023280                __ashiftrt_r4_31
                0x0000000006023280                __ashiftrt_r4_32
                0x0000000006023286                __ashiftrt_r4_30
                0x0000000006023288                __ashiftrt_r4_29
                0x000000000602328a                __ashiftrt_r4_28
                0x000000000602328c                __ashiftrt_r4_27
                0x000000000602328e                __ashiftrt_r4_26
                0x0000000006023290                __ashiftrt_r4_25
                0x0000000006023292                __ashiftrt_r4_24
                0x000000000602329a                __ashiftrt_r4_23
                0x000000000602329c                __ashiftrt_r4_22
                0x000000000602329e                __ashiftrt_r4_21
                0x00000000060232a0                __ashiftrt_r4_20
                0x00000000060232a2                __ashiftrt_r4_19
                0x00000000060232a4                __ashiftrt_r4_18
                0x00000000060232a6                __ashiftrt_r4_17
                0x00000000060232a8                __ashiftrt_r4_16
                0x00000000060232ae                __ashiftrt_r4_15
                0x00000000060232b0                __ashiftrt_r4_14
                0x00000000060232b2                __ashiftrt_r4_13
                0x00000000060232b4                __ashiftrt_r4_12
                0x00000000060232b6                __ashiftrt_r4_11
                0x00000000060232b8                __ashiftrt_r4_10
                0x00000000060232ba                __ashiftrt_r4_9
                0x00000000060232bc                __ashiftrt_r4_8
                0x00000000060232be                __ashiftrt_r4_7
                0x00000000060232c0                __ashiftrt_r4_6
                0x00000000060232c2                __ashiftrt_r4_5
                0x00000000060232c4                __ashiftrt_r4_4
                0x00000000060232c6                __ashiftrt_r4_3
                0x00000000060232c8                __ashiftrt_r4_2
                0x00000000060232ca                __ashiftrt_r4_1
                0x00000000060232ce                __ashiftrt_r4_0
 *fill*         0x00000000060232d2        0x2 
 .text          0x00000000060232d4       0xa0 /joe/Compiler/LINUX/bin/../lib/gcc/sh-none-elf/8.2.0/libgcc.a(_sdivsi3.o)
                0x00000000060232d4                __sdivsi3
 .text          0x0000000006023374       0x6c /joe/Compiler/LINUX/bin/../lib/gcc/sh-none-elf/8.2.0/libgcc.a(_udivsi3.o)
                0x0000000006023396                __udivsi3
 .text          0x00000000060233e0      0x210 /joe/Compiler/LINUX/bin/../lib/gcc/sh-none-elf/8.2.0/libgcc.a(_addsub_sf.o)
                0x0000000006023554                __addsf3
                0x00000000060235a0                __subsf3
 .text          0x00000000060235f0      0x134 /joe/Compiler/LINUX/bin/../lib/gcc/sh-none-elf/8.2.0/libgcc.a(_mul_sf.o)
                0x00000000060235f0                __mulsf3
 .text          0x0000000006023724       0xdc /joe/Compiler/LINUX/bin/../lib/gcc/sh-none-elf/8.2.0/libgcc.a(_div_sf.o)
                0x0000000006023724                __divsf3
 .text          0x0000000006023800       0x54 /joe/Compiler/LINUX/bin/../lib/gcc/sh-none-elf/8.2.0/libgcc.a(_eq_sf.o)
                0x0000000006023800                __eqsf2
 .text          0x0000000006023854       0x54 /joe/Compiler/LINUX/bin/../lib/gcc/sh-none-elf/8.2.0/libgcc.a(_ne_sf.o)
                0x0000000006023854                __nesf2
 .text          0x00000000060238a8       0x4c /joe/Compiler/LINUX/bin/../lib/gcc/sh-none-elf/8.2.0/libgcc.a(_gt_sf.o)
                0x00000000060238a8                __gtsf2
 .text          0x00000000060238f4       0x4c /joe/Compiler/LINUX/bin/../lib/gcc/sh-none-elf/8.2.0/libgcc.a(_ge_sf.o)
                0x00000000060238f4                __gesf2
 .text          0x0000000006023940       0x54 /joe/Compiler/LINUX/bin/../lib/gcc/sh-none-elf/8.2.0/libgcc.a(_lt_sf.o)
                0x0000000006023940                __ltsf2
 .text          0x0000000006023994       0x54 /joe/Compiler/LINUX/bin/../lib/gcc/sh-none-elf/8.2.0/libgcc.a(_le_sf.o)
                0x0000000006023994                __lesf2
 .text          0x00000000060239e8       0x84 /joe/Compiler/LINUX/bin/../lib/gcc/sh-none-elf/8.2.0/libgcc.a(_si_to_sf.o)
                0x00000000060239e8                __floatsisf
 .text          0x0000000006023a6c       0x7c /joe/Compiler/LINUX/bin/../lib/gcc/sh-none-elf/8.2.0/libgcc.a(_sf_to_si.o)
                0x0000000006023a6c                __fixsfsi
 .text          0x0000000006023ae8       0x3c /joe/Compiler/LINUX/bin/../lib/gcc/sh-none-elf/8.2.0/libgcc.a(_sf_to_df.o)
                0x0000000006023ae8                __extendsfdf2
 .text          0x0000000006023b24        0x0 /joe/Compiler/LINUX/bin/../lib/gcc/sh-none-elf/8.2.0/libgcc.a(_thenan_sf.o)
 .text          0x0000000006023b24       0x94 /joe/Compiler/LINUX/bin/../lib/gcc/sh-none-elf/8.2.0/libgcc.a(_usi_to_sf.o)
                0x0000000006023b24                __floatunsisf
 .text          0x0000000006023bb8       0x28 /joe/Compiler/LINUX/bin/../lib/gcc/sh-none-elf/8.2.0/libgcc.a(_make_df.o)
                0x0000000006023bb8                __make_dp
 .text          0x0000000006023be0       0x4c /joe/Compiler/LINUX/bin/../lib/gcc/sh-none-elf/8.2.0/libgcc.a(_df_to_sf.o)
                0x0000000006023be0                __truncdfsf2
 .text          0x0000000006023c2c      0x114 /joe/Compiler/LINUX/bin/../lib/gcc/sh-none-elf/8.2.0/libgcc.a(_pack_sf.o)
                0x0000000006023c2c                __pack_f
 .text          0x0000000006023d40       0xa0 /joe/Compiler/LINUX/bin/../lib/gcc/sh-none-elf/8.2.0/libgcc.a(_unpack_sf.o)
                0x0000000006023d40                __unpack_f
 .text          0x0000000006023de0       0xa8 /joe/Compiler/LINUX/bin/../lib/gcc/sh-none-elf/8.2.0/libgcc.a(_fpcmp_parts_sf.o)
                0x0000000006023de0                __fpcmp_parts_f
 .text          0x0000000006023e88       0x20 /joe/Compiler/LINUX/bin/../lib/gcc/sh-none-elf/8.2.0/libgcc.a(_make_sf.o)
                0x0000000006023e88                __make_fp
 .text          0x0000000006023ea8        0x0 /joe/Compiler/LINUX/bin/../lib/gcc/sh-none-elf/8.2.0/../../../../sh-none-elf/lib/libc.a(lib_a-impure.o)
 .text          0x0000000006023ea8       0x1e /joe/Compiler/LINUX/bin/../lib/gcc/sh-none-elf/8.2.0/../../../../sh-none-elf/lib/libc.a(lib_a-memcmp.o)
                0x0000000006023ea8                memcmp
 *fill*         0x0000000006023ec6        0x2 
 .text          0x0000000006023ec8       0x94 /joe/Compiler/LINUX/bin/../lib/gcc/sh-none-elf/8.2.0/../../../../sh-none-elf/lib/libc.a(lib_a-memcpy.o)
                0x0000000006023ec8                memcpy
 .text          0x0000000006023f5c       0x40 /joe/Compiler/LINUX/bin/../lib/gcc/sh-none-elf/8.2.0/../../../../sh-none-elf/lib/libc.a(lib_a-memset.o)
                0x0000000006023f5c                memset
 .text          0x0000000006023f9c       0x58 /joe/Compiler/LINUX/bin/../lib/gcc/sh-none-elf/8.2.0/../../../../sh-none-elf/lib/libc.a(lib_a-rand.o)
                0x0000000006023f9c                srand
                0x0000000006023fb0                rand
 .text          0x0000000006023ff4       0x60 /joe/Compiler/LINUX/bin/../lib/gcc/sh-none-elf/8.2.0/../../../../sh-none-elf/lib/libc.a(lib_a-rget.o)
                0x0000000006023ff4                __srget_r
                0x0000000006024040                __srget
 .text          0x0000000006024054       0x8c /joe/Compiler/LINUX/bin/../lib/gcc/sh-none-elf/8.2.0/../../../../sh-none-elf/lib/libc.a(lib_a-sprintf.o)
                0x0000000006024054                _sprintf_r
                0x0000000006024094                sprintf
 .text          0x00000000060240e0       0x22 /joe/Compiler/LINUX/bin/../lib/gcc/sh-none-elf/8.2.0/../../../../sh-none-elf/lib/libc.a(lib_a-strcat.o)
                0x00000000060240e0                strcat
 *fill*         0x0000000006024102        0x2 
 .text          0x0000000006024104       0x38 /joe/Compiler/LINUX/bin/../lib/gcc/sh-none-elf/8.2.0/../../../../sh-none-elf/lib/libc.a(lib_a-strcmp.o)
                0x0000000006024104                strcmp
 .text          0x000000000602413c       0x3c /joe/Compiler/LINUX/bin/../lib/gcc/sh-none-elf/8.2.0/../../../../sh-none-elf/lib/libc.a(lib_a-strcpy.o)
                0x000000000602413c                strcpy
 .text          0x0000000006024178       0x20 /joe/Compiler/LINUX/bin/../lib/gcc/sh-none-elf/8.2.0/../../../../sh-none-elf/lib/libc.a(lib_a-strlen.o)
                0x0000000006024178                strlen
 .text          0x0000000006024198       0x2a /joe/Compiler/LINUX/bin/../lib/gcc/sh-none-elf/8.2.0/../../../../sh-none-elf/lib/libc.a(lib_a-strncmp.o)
                0x0000000006024198                strncmp
 .text          0x00000000060241c2       0x32 /joe/Compiler/LINUX/bin/../lib/gcc/sh-none-elf/8.2.0/../../../../sh-none-elf/lib/libc.a(lib_a-strncpy.o)
                0x00000000060241c2                strncpy
 .text          0x00000000060241f4       0x36 /joe/Compiler/LINUX/bin/../lib/gcc/sh-none-elf/8.2.0/../../../../sh-none-elf/lib/libc.a(lib_a-strstr.o)
                0x00000000060241f4                strstr
 *fill*         0x000000000602422a        0x2 
 .text          0x000000000602422c     0x1378 /joe/Compiler/LINUX/bin/../lib/gcc/sh-none-elf/8.2.0/../../../../sh-none-elf/lib/libc.a(lib_a-svfprintf.o)
                0x000000000602422c                _svfprintf_r
 .text          0x00000000060255a4       0xdc /joe/Compiler/LINUX/bin/../lib/gcc/sh-none-elf/8.2.0/../../../../sh-none-elf/lib/libc.a(lib_a-wbuf.o)
                0x00000000060255a4                __swbuf_r
                0x000000000602566c                __swbuf
 .text          0x0000000006025680       0xcc /joe/Compiler/LINUX/bin/../lib/gcc/sh-none-elf/8.2.0/../../../../sh-none-elf/lib/libc.a(lib_a-wsetup.o)
                0x0000000006025680                __swsetup_r
 .text          0x000000000602574c      0xef4 /joe/Compiler/LINUX/bin/../lib/gcc/sh-none-elf/8.2.0/../../../../sh-none-elf/lib/libc.a(lib_a-dtoa.o)
                0x0000000006025880                _dtoa_r
 .text          0x0000000006026640      0x1a8 /joe/Compiler/LINUX/bin/../lib/gcc/sh-none-elf/8.2.0/../../../../sh-none-elf/lib/libc.a(lib_a-fflush.o)
                0x0000000006026640                __sflush_r
                0x0000000006026780                _fflush_r
                0x00000000060267c0                fflush
 .text          0x00000000060267e8      0x218 /joe/Compiler/LINUX/bin/../lib/gcc/sh-none-elf/8.2.0/../../../../sh-none-elf/lib/libc.a(lib_a-findfp.o)
                0x0000000006026844                _cleanup_r
                0x0000000006026858                __sfmoreglue
                0x00000000060268a4                _cleanup
                0x00000000060268b8                __sinit
                0x000000000602690c                __sfp
                0x00000000060269c0                __sfp_lock_acquire
                0x00000000060269c4                __sfp_lock_release
                0x00000000060269c8                __sinit_lock_acquire
                0x00000000060269cc                __sinit_lock_release
                0x00000000060269d0                __fp_lock_all
                0x00000000060269e8                __fp_unlock_all
 .text          0x0000000006026a00       0xb4 /joe/Compiler/LINUX/bin/../lib/gcc/sh-none-elf/8.2.0/../../../../sh-none-elf/lib/libc.a(lib_a-fwalk.o)
                0x0000000006026a00                _fwalk
                0x0000000006026a56                _fwalk_reent
 .text          0x0000000006026ab4       0x40 /joe/Compiler/LINUX/bin/../lib/gcc/sh-none-elf/8.2.0/../../../../sh-none-elf/lib/libc.a(lib_a-localeconv.o)
                0x0000000006026ab4                __localeconv_l
                0x0000000006026abc                _localeconv_r
                0x0000000006026ad8                localeconv
 .text          0x0000000006026af4       0xa8 /joe/Compiler/LINUX/bin/../lib/gcc/sh-none-elf/8.2.0/../../../../sh-none-elf/lib/libc.a(lib_a-locale.o)
                0x0000000006026af4                _setlocale_r
                0x0000000006026b40                __locale_mb_cur_max
                0x0000000006026b60                __locale_ctype_ptr_l
                0x0000000006026b6a                __locale_ctype_ptr
                0x0000000006026b88                setlocale
 .text          0x0000000006026b9c      0x110 /joe/Compiler/LINUX/bin/../lib/gcc/sh-none-elf/8.2.0/../../../../sh-none-elf/lib/libc.a(lib_a-makebuf.o)
                0x0000000006026b9c                __swhatbuf_r
                0x0000000006026c00                __smakebuf_r
 .text          0x0000000006026cac       0x4c /joe/Compiler/LINUX/bin/../lib/gcc/sh-none-elf/8.2.0/../../../../sh-none-elf/lib/libc.a(lib_a-mbtowc_r.o)
                0x0000000006026cac                _mbtowc_r
                0x0000000006026cd0                __ascii_mbtowc
 .text          0x0000000006026cf8       0x1c /joe/Compiler/LINUX/bin/../lib/gcc/sh-none-elf/8.2.0/../../../../sh-none-elf/lib/libc.a(lib_a-memchr.o)
                0x0000000006026cf8                memchr
 .text          0x0000000006026d14      0xa9c /joe/Compiler/LINUX/bin/../lib/gcc/sh-none-elf/8.2.0/../../../../sh-none-elf/lib/libc.a(lib_a-mprec.o)
                0x0000000006026d14                _Balloc
                0x0000000006026d88                _Bfree
                0x0000000006026da0                __multadd
                0x0000000006026e48                __s2b
                0x0000000006026f08                __hi0bits
                0x0000000006026f5c                __lo0bits
                0x0000000006026fc0                __i2b
                0x0000000006026fdc                __multiply
                0x0000000006027120                __pow5mult
                0x00000000060271dc                __lshift
                0x00000000060272d0                __mcmp
                0x0000000006027308                __mdiff
                0x00000000060273e4                __ulp
                0x0000000006027450                __b2d
                0x0000000006027538                __d2b
                0x0000000006027624                __ratio
                0x00000000060276a8                _mprec_log10
                0x0000000006027700                __copybits
                0x0000000006027744                __any_on
 .text          0x00000000060277b0      0x14c /joe/Compiler/LINUX/bin/../lib/gcc/sh-none-elf/8.2.0/../../../../sh-none-elf/lib/libc.a(lib_a-refill.o)
                0x00000000060277c8                __srefill_r
 .text          0x00000000060278fc       0xe0 /joe/Compiler/LINUX/bin/../lib/gcc/sh-none-elf/8.2.0/../../../../sh-none-elf/lib/libc.a(lib_a-stdio.o)
                0x00000000060278fc                __sread
                0x0000000006027938                __seofread
                0x000000000602793c                __swrite
                0x000000000602798c                __sseek
                0x00000000060279cc                __sclose
 .text          0x00000000060279dc      0xa60 /joe/Compiler/LINUX/bin/../lib/gcc/sh-none-elf/8.2.0/../../../../sh-none-elf/lib/libc.a(lib_a-svfiprintf.o)
                0x00000000060279dc                __ssprint_r
                0x0000000006027b10                _svfiprintf_r
 .text          0x000000000602843c       0x40 /joe/Compiler/LINUX/bin/../lib/gcc/sh-none-elf/8.2.0/../../../../sh-none-elf/lib/libc.a(lib_a-wctomb_r.o)
                0x000000000602843c                _wctomb_r
                0x000000000602845c                __ascii_wctomb
 .text          0x000000000602847c       0x34 /joe/Compiler/LINUX/bin/../lib/gcc/sh-none-elf/8.2.0/../../../../sh-none-elf/lib/libc.a(lib_a-writer.o)
                0x000000000602847c                _write_r
 .text          0x00000000060284b0       0x30 /joe/Compiler/LINUX/bin/../lib/gcc/sh-none-elf/8.2.0/../../../../sh-none-elf/lib/libc.a(lib_a-closer.o)
                0x00000000060284b0                _close_r
 .text          0x00000000060284e0        0x0 /joe/Compiler/LINUX/bin/../lib/gcc/sh-none-elf/8.2.0/../../../../sh-none-elf/lib/libc.a(lib_a-ctype_.o)
 .text          0x00000000060284e0       0xc8 /joe/Compiler/LINUX/bin/../lib/gcc/sh-none-elf/8.2.0/../../../../sh-none-elf/lib/libc.a(lib_a-fclose.o)
                0x00000000060284e0                _fclose_r
                0x0000000006028594                fclose
 .text          0x00000000060285a8       0x34 /joe/Compiler/LINUX/bin/../lib/gcc/sh-none-elf/8.2.0/../../../../sh-none-elf/lib/libc.a(lib_a-fstatr.o)
                0x00000000060285a8                _fstat_r
 .text          0x00000000060285dc       0x30 /joe/Compiler/LINUX/bin/../lib/gcc/sh-none-elf/8.2.0/../../../../sh-none-elf/lib/libc.a(lib_a-isattyr.o)
                0x00000000060285dc                _isatty_r
 .text          0x000000000602860c       0x34 /joe/Compiler/LINUX/bin/../lib/gcc/sh-none-elf/8.2.0/../../../../sh-none-elf/lib/libc.a(lib_a-lseekr.o)
                0x000000000602860c                _lseek_r
 .text          0x0000000006028640       0x3c /joe/Compiler/LINUX/bin/../lib/gcc/sh-none-elf/8.2.0/../../../../sh-none-elf/lib/libc.a(lib_a-memmove.o)
                0x0000000006028640                memmove
 .text          0x000000000602867c       0x34 /joe/Compiler/LINUX/bin/../lib/gcc/sh-none-elf/8.2.0/../../../../sh-none-elf/lib/libc.a(lib_a-readr.o)
                0x000000000602867c                _read_r
 .text          0x00000000060286b0      0x100 /joe/Compiler/LINUX/bin/../lib/gcc/sh-none-elf/8.2.0/../../../../sh-none-elf/lib/libc.a(lib_a-reent.o)
                0x00000000060286b0                cleanup_glue
                0x00000000060286dc                _reclaim_reent
 .text          0x00000000060287b0      0x25c /joe/Compiler/LINUX/bin/../lib/gcc/sh-none-elf/8.2.0/../../../../sh-none-elf/lib/libc.a(lib_a-syscalls.o)
                0x0000000006028828                _read
                0x0000000006028838                _lseek
                0x0000000006028848                _write
                0x0000000006028858                _close
                0x0000000006028868                _link
                0x000000000602886c                _sbrk
                0x00000000060288c4                _fstat
                0x00000000060288ce                _open
                0x00000000060288e0                _creat
                0x00000000060288f0                _unlink
                0x00000000060288f4                isatty
                0x00000000060288f8                _isatty
                0x00000000060288fc                _exit
                0x000000000602890c                _kill
                0x0000000006028920                _getpid
                0x0000000006028924                _raise
                0x0000000006028928                _stat
                0x0000000006028938                _chmod
                0x0000000006028948                _chown
                0x0000000006028958                _utime
                0x000000000602896c                _fork
                0x0000000006028978                _wait
                0x0000000006028988                _execve
                0x0000000006028998                _execv
                0x00000000060289a8                _pipe
                0x00000000060289b4                _times
                0x00000000060289b8                _gettimeofday
                0x00000000060289e0                __setup_argv_and_call_main
 .text          0x0000000006028a0c       0x14 /joe/Compiler/LINUX/bin/../lib/gcc/sh-none-elf/8.2.0/../../../../sh-none-elf/lib/libc.a(lib_a-trap.o)
                0x0000000006028a0c                __trap34
 .text          0x0000000006028a20       0x18 /joe/Compiler/LINUX/bin/../lib/gcc/sh-none-elf/8.2.0/../../../../sh-none-elf/lib/libc.a(lib_a-abort.o)
                0x0000000006028a20                abort
 .text          0x0000000006028a38      0x1b0 /joe/Compiler/LINUX/bin/../lib/gcc/sh-none-elf/8.2.0/../../../../sh-none-elf/lib/libc.a(lib_a-signal.o)
                0x0000000006028a38                _init_signal_r
                0x0000000006028a74                _signal_r
                0x0000000006028ac0                _raise_r
                0x0000000006028b38                __sigtramp_r
                0x0000000006028b9c                raise
                0x0000000006028bb0                signal
                0x0000000006028bc4                _init_signal
                0x0000000006028bd4                __sigtramp
 .text          0x0000000006028be8       0x40 /joe/Compiler/LINUX/bin/../lib/gcc/sh-none-elf/8.2.0/../../../../sh-none-elf/lib/libc.a(lib_a-signalr.o)
                0x0000000006028be8                _kill_r
                0x0000000006028c1c                _getpid_r
 .text          0x0000000006028c28       0x80 /joe/Compiler/LINUX/bin/../lib/gcc/sh-none-elf/8.2.0/libgcc.a(_ashiftrt_n.o)
                0x0000000006028c28                __ashrsi3
 .text          0x0000000006028ca8       0xbc /joe/Compiler/LINUX/bin/../lib/gcc/sh-none-elf/8.2.0/libgcc.a(_ashiftlt.o)
                0x0000000006028ca8                __ashlsi3
                0x0000000006028cac                __ashlsi3_r0
 .text          0x0000000006028d64       0xbc /joe/Compiler/LINUX/bin/../lib/gcc/sh-none-elf/8.2.0/libgcc.a(_lshiftrt.o)
                0x0000000006028d64                __lshrsi3
                0x0000000006028d68                __lshrsi3_r0
 .text          0x0000000006028e20      0x258 /joe/Compiler/LINUX/bin/../lib/gcc/sh-none-elf/8.2.0/libgcc.a(_udivdi3.o)
                0x0000000006028e20                __udivdi3
 .text          0x0000000006029078      0x2bc /joe/Compiler/LINUX/bin/../lib/gcc/sh-none-elf/8.2.0/libgcc.a(_umoddi3.o)
                0x0000000006029078                __umoddi3
 .text          0x0000000006029334      0x3b4 /joe/Compiler/LINUX/bin/../lib/gcc/sh-none-elf/8.2.0/libgcc.a(_addsub_df.o)
                0x0000000006029644                __adddf3
                0x0000000006029694                __subdf3
 .text          0x00000000060296e8      0x208 /joe/Compiler/LINUX/bin/../lib/gcc/sh-none-elf/8.2.0/libgcc.a(_mul_df.o)
                0x00000000060296e8                __muldf3
 .text          0x00000000060298f0      0x130 /joe/Compiler/LINUX/bin/../lib/gcc/sh-none-elf/8.2.0/libgcc.a(_div_df.o)
                0x00000000060298f0                __divdf3
 .text          0x0000000006029a20       0x58 /joe/Compiler/LINUX/bin/../lib/gcc/sh-none-elf/8.2.0/libgcc.a(_eq_df.o)
                0x0000000006029a20                __eqdf2
 .text          0x0000000006029a78       0x58 /joe/Compiler/LINUX/bin/../lib/gcc/sh-none-elf/8.2.0/libgcc.a(_ne_df.o)
                0x0000000006029a78                __nedf2
 .text          0x0000000006029ad0       0x50 /joe/Compiler/LINUX/bin/../lib/gcc/sh-none-elf/8.2.0/libgcc.a(_gt_df.o)
                0x0000000006029ad0                __gtdf2
 .text          0x0000000006029b20       0x50 /joe/Compiler/LINUX/bin/../lib/gcc/sh-none-elf/8.2.0/libgcc.a(_ge_df.o)
                0x0000000006029b20                __gedf2
 .text          0x0000000006029b70       0x58 /joe/Compiler/LINUX/bin/../lib/gcc/sh-none-elf/8.2.0/libgcc.a(_lt_df.o)
                0x0000000006029b70                __ltdf2
 .text          0x0000000006029bc8       0x58 /joe/Compiler/LINUX/bin/../lib/gcc/sh-none-elf/8.2.0/libgcc.a(_le_df.o)
                0x0000000006029bc8                __ledf2
 .text          0x0000000006029c20       0x40 /joe/Compiler/LINUX/bin/../lib/gcc/sh-none-elf/8.2.0/libgcc.a(_unord_df.o)
                0x0000000006029c20                __unorddf2
 .text          0x0000000006029c60       0xa8 /joe/Compiler/LINUX/bin/../lib/gcc/sh-none-elf/8.2.0/libgcc.a(_si_to_df.o)
                0x0000000006029c60                __floatsidf
 .text          0x0000000006029d08       0xa4 /joe/Compiler/LINUX/bin/../lib/gcc/sh-none-elf/8.2.0/libgcc.a(_df_to_si.o)
                0x0000000006029d08                __fixdfsi
 .text          0x0000000006029dac        0x0 /joe/Compiler/LINUX/bin/../lib/gcc/sh-none-elf/8.2.0/libgcc.a(_thenan_df.o)
 .text          0x0000000006029dac       0x88 /joe/Compiler/LINUX/bin/../lib/gcc/sh-none-elf/8.2.0/libgcc.a(_usi_to_df.o)
                0x0000000006029dac                __floatunsidf
 *fill*         0x0000000006029e34        0x4 
 .text          0x0000000006029e38       0x60 /joe/Compiler/LINUX/bin/../lib/gcc/sh-none-elf/8.2.0/libgcc.a(_udiv_qrnnd_16.o)
                0x0000000006029e38                __udiv_qrnnd_16
 .text          0x0000000006029e98        0x0 /joe/Compiler/LINUX/bin/../lib/gcc/sh-none-elf/8.2.0/libgcc.a(_clz.o)
 .text          0x0000000006029e98       0x58 /joe/Compiler/LINUX/bin/../lib/gcc/sh-none-elf/8.2.0/libgcc.a(_clzsi2.o)
                0x0000000006029e98                __clzsi2
 .text          0x0000000006029ef0      0x25c /joe/Compiler/LINUX/bin/../lib/gcc/sh-none-elf/8.2.0/libgcc.a(_pack_df.o)
                0x0000000006029ef0                __pack_d
 .text          0x000000000602a14c       0xcc /joe/Compiler/LINUX/bin/../lib/gcc/sh-none-elf/8.2.0/libgcc.a(_unpack_df.o)
                0x000000000602a14c                __unpack_d
 .text          0x000000000602a218       0xc8 /joe/Compiler/LINUX/bin/../lib/gcc/sh-none-elf/8.2.0/libgcc.a(_fpcmp_parts_df.o)
                0x000000000602a218                __fpcmp_parts_d
 *(.strings)
 *(SEGA_P)
 *(.eh_frame_hdr)
 *(.eh_frame)
 .eh_frame      0x000000000602a2e0       0xa8 /joe/Compiler/LINUX/bin/../lib/gcc/sh-none-elf/8.2.0/libgcc.a(_udivdi3.o)
 .eh_frame      0x000000000602a388       0xdc /joe/Compiler/LINUX/bin/../lib/gcc/sh-none-elf/8.2.0/libgcc.a(_umoddi3.o)
                0x000000000602a464                __etext = .

.text.startup   0x000000000602a470      0xc20
 .text.startup  0x000000000602a470      0xc14 /tmp/ccTbkdcY.ltrans0.ltrans.o
                0x000000000602a470                main

SLPROG          0x000000000602b0a0    0x158a0
                0x000000000602b0a0                __slprog_start = .
 *(SLPROG)
 SLPROG         0x000000000602b0a0     0x6540 /joe/Compiler/COMMON/SGL_302j/LIB_ELF/SGLAREA.O
                0x000000000602b0a0                MasterStack
                0x000000000602b0a4                SlaveStack
                0x000000000602b0a8                MaxVertices
                0x000000000602b0aa                MaxPolygons
                0x000000000602b0ac                SortList
                0x000000000602b0b0                SortListSize
                0x000000000602b0b4                TransList
                0x000000000602b0b8                Zbuffer
                0x000000000602b0bc                SpriteBuf
                0x000000000602b0c0                SpriteBufSize
                0x000000000602b0c4                Pbuffer
                0x000000000602b0c8                CommandBuf
                0x000000000602b0cc                CLOfstBuf
                0x000000000602b0d0                PCM_Work
                0x000000000602b0d4                PCM_WkSize
                0x000000000602b0d8                MaxEvents
                0x000000000602b0da                EventSize
                0x000000000602b0dc                MaxWorks
                0x000000000602b0de                WorkSize
                0x000000000602b0e0                RemainEvent
                0x000000000602b1e0                RemainWork
                0x000000000602b5e0                EventBuf
                0x000000000602d5e0                WorkBuf
 SLPROG         0x00000000060315e0     0x411e /joe/Compiler/COMMON/SGL_302j/LIB_ELF/LIBSGL.A(sglA01.o)
                0x00000000060315e0                slSin
                0x0000000006031604                slCos
                0x0000000006031628                GetSinCos
                0x00000000060316bc                sin_cos_index_tbl
                0x00000000060316fc                sin_tbl
 *fill*         0x00000000060356fe        0x2 
 SLPROG         0x0000000006035700       0x18 /joe/Compiler/COMMON/SGL_302j/LIB_ELF/LIBSGL.A(sglA15.o)
                0x0000000006035700                slSlaveFunc
 *fill*         0x0000000006035718        0x8 
 SLPROG         0x0000000006035720       0xd0 /joe/Compiler/COMMON/SGL_302j/LIB_ELF/LIBSGL.A(sglA16.o)
                0x0000000006035720                slLookAt
 SLPROG         0x00000000060357f0       0x78 /joe/Compiler/COMMON/SGL_302j/LIB_ELF/LIBSGL.A(sglA17.o)
                0x00000000060357f0                slRotZ
                0x00000000060357fa                slRotZSC
 *fill*         0x0000000006035868        0x8 
 SLPROG         0x0000000006035870       0x78 /joe/Compiler/COMMON/SGL_302j/LIB_ELF/LIBSGL.A(sglA18.o)
                0x0000000006035870                slRotY
                0x000000000603587a                slRotYSC
 *fill*         0x00000000060358e8        0x8 
 SLPROG         0x00000000060358f0       0x78 /joe/Compiler/COMMON/SGL_302j/LIB_ELF/LIBSGL.A(sglA19.o)
                0x00000000060358f0                slRotX
                0x00000000060358fa                slRotXSC
 *fill*         0x0000000006035968        0x8 
 SLPROG         0x0000000006035970      0x42c /joe/Compiler/COMMON/SGL_302j/LIB_ELF/LIBSGL.A(sglA20.o)
                0x0000000006035970                slInitMatrix
                0x000000000603597a                slPushUnitMatrix
                0x000000000603598e                slUnitMatrix
 *fill*         0x0000000006035d9c        0x4 
 SLPROG         0x0000000006035da0       0x48 /joe/Compiler/COMMON/SGL_302j/LIB_ELF/LIBSGL.A(sglA21.o)
                0x0000000006035da0                slPushMatrix
                0x0000000006035dd4                slPopMatrix
                0x0000000006035dd4                slDecMatrixPtr
 *fill*         0x0000000006035de8        0x8 
 SLPROG         0x0000000006035df0       0x50 /joe/Compiler/COMMON/SGL_302j/LIB_ELF/LIBSGL.A(sglA27.o)
                0x0000000006035df0                slTranslate
 SLPROG         0x0000000006035e40       0x70 /joe/Compiler/COMMON/SGL_302j/LIB_ELF/LIBSGL.A(sglA28.o)
                0x0000000006035e40                slScale
 SLPROG         0x0000000006035eb0       0x22 /joe/Compiler/COMMON/SGL_302j/LIB_ELF/LIBSGL.A(sglA40.o)
                0x0000000006035eb0                slCalcVector
 *fill*         0x0000000006035ed2        0xe 
 SLPROG         0x0000000006035ee0       0x20 /joe/Compiler/COMMON/SGL_302j/LIB_ELF/LIBSGL.A(sglB001.o)
                0x0000000006035ee0                slTVOn
                0x0000000006035eea                slTVOff
 SLPROG         0x0000000006035f00       0x24 /joe/Compiler/COMMON/SGL_302j/LIB_ELF/LIBSGL.A(sglB011.o)
                0x0000000006035f00                slBitMapNbg1
 *fill*         0x0000000006035f24        0xc 
 SLPROG         0x0000000006035f30        0x8 /joe/Compiler/COMMON/SGL_302j/LIB_ELF/LIBSGL.A(sglB014.o)
                0x0000000006035f30                slScrTransparent
 *fill*         0x0000000006035f38        0x8 
 SLPROG         0x0000000006035f40      0x40c /joe/Compiler/COMMON/SGL_302j/LIB_ELF/LIBSGL.A(sglB015.o)
                0x0000000006035f40                slScrAutoDisp
 *fill*         0x000000000603634c        0x4 
 SLPROG         0x0000000006036350        0xc /joe/Compiler/COMMON/SGL_302j/LIB_ELF/LIBSGL.A(sglB016.o)
                0x0000000006036350                slBack1ColSet
 *fill*         0x000000000603635c        0x4 
 SLPROG         0x0000000006036360       0x10 /joe/Compiler/COMMON/SGL_302j/LIB_ELF/LIBSGL.A(sglB020.o)
                0x0000000006036360                slColorCalc
 SLPROG         0x0000000006036370        0xc /joe/Compiler/COMMON/SGL_302j/LIB_ELF/LIBSGL.A(sglB021.o)
                0x0000000006036370                slColorCalcOn
 *fill*         0x000000000603637c        0x4 
 SLPROG         0x0000000006036380        0xc /joe/Compiler/COMMON/SGL_302j/LIB_ELF/LIBSGL.A(sglB023.o)
                0x0000000006036380                slColRate
 *fill*         0x000000000603638c        0x4 
 SLPROG         0x0000000006036390       0xb0 /joe/Compiler/COMMON/SGL_302j/LIB_ELF/LIBSGL.A(sglB031.o)
                0x0000000006036390                slMapNbg0
 SLPROG         0x0000000006036440       0xb4 /joe/Compiler/COMMON/SGL_302j/LIB_ELF/LIBSGL.A(sglB032.o)
                0x0000000006036440                slMapNbg1
 *fill*         0x00000000060364f4        0xc 
 SLPROG         0x0000000006036500       0xb0 /joe/Compiler/COMMON/SGL_302j/LIB_ELF/LIBSGL.A(sglB033.o)
                0x0000000006036500                slMapNbg2
 SLPROG         0x00000000060365b0       0xb4 /joe/Compiler/COMMON/SGL_302j/LIB_ELF/LIBSGL.A(sglB034.o)
                0x00000000060365b0                slMapNbg3
 *fill*         0x0000000006036664        0xc 
 SLPROG         0x0000000006036670       0xd4 /joe/Compiler/COMMON/SGL_302j/LIB_ELF/LIBSGL.A(sglB035.o)
                0x0000000006036670                sl1MapRA
                0x0000000006036702                rbank_set
 *fill*         0x0000000006036744        0xc 
 SLPROG         0x0000000006036750       0xa0 /joe/Compiler/COMMON/SGL_302j/LIB_ELF/LIBSGL.A(sglB036.o)
                0x0000000006036750                sl1MapRB
 SLPROG         0x00000000060367f0       0x70 /joe/Compiler/COMMON/SGL_302j/LIB_ELF/LIBSGL.A(sglB038.o)
                0x00000000060367f0                slRparaInitSet
 SLPROG         0x0000000006036860       0x7e /joe/Compiler/COMMON/SGL_302j/LIB_ELF/LIBSGL.A(sglB039.o)
                0x0000000006036860                slMakeKtable
 *fill*         0x00000000060368de        0x2 
 SLPROG         0x00000000060368e0       0x58 /joe/Compiler/COMMON/SGL_302j/LIB_ELF/LIBSGL.A(sglB040.o)
                0x00000000060368e0                slKtableRA
 *fill*         0x0000000006036938        0x8 
 SLPROG         0x0000000006036940       0x5c /joe/Compiler/COMMON/SGL_302j/LIB_ELF/LIBSGL.A(sglB041.o)
                0x0000000006036940                slKtableRB
 *fill*         0x000000000603699c        0x4 
 SLPROG         0x00000000060369a0       0x10 /joe/Compiler/COMMON/SGL_302j/LIB_ELF/LIBSGL.A(sglB042.o)
                0x00000000060369a0                slCurRpara
 SLPROG         0x00000000060369b0        0x8 /joe/Compiler/COMMON/SGL_302j/LIB_ELF/LIBSGL.A(sglB043.o)
                0x00000000060369b0                slRparaMode
 *fill*         0x00000000060369b8        0x8 
 SLPROG         0x00000000060369c0      0x4e4 /joe/Compiler/COMMON/SGL_302j/LIB_ELF/LIBSGL.A(sglB044.o)
                0x00000000060369c0                slScrMatSet
 *fill*         0x0000000006036ea4        0xc 
 SLPROG         0x0000000006036eb0       0x28 /joe/Compiler/COMMON/SGL_302j/LIB_ELF/LIBSGL.A(sglB045.o)
                0x0000000006036eb0                slScrMatConv
 *fill*         0x0000000006036ed8        0x8 
 SLPROG         0x0000000006036ee0        0xc /joe/Compiler/COMMON/SGL_302j/LIB_ELF/LIBSGL.A(sglB047.o)
                0x0000000006036ee0                slOverRA
 *fill*         0x0000000006036eec        0x4 
 SLPROG         0x0000000006036ef0       0x10 /joe/Compiler/COMMON/SGL_302j/LIB_ELF/LIBSGL.A(sglB048.o)
                0x0000000006036ef0                slOverRB
 SLPROG         0x0000000006036f00        0xc /joe/Compiler/COMMON/SGL_302j/LIB_ELF/LIBSGL.A(sglB055.o)
                0x0000000006036f00                slPlaneNbg0
 *fill*         0x0000000006036f0c        0x4 
 SLPROG         0x0000000006036f10        0xc /joe/Compiler/COMMON/SGL_302j/LIB_ELF/LIBSGL.A(sglB056.o)
                0x0000000006036f10                slPlaneNbg1
 *fill*         0x0000000006036f1c        0x4 
 SLPROG         0x0000000006036f20       0x10 /joe/Compiler/COMMON/SGL_302j/LIB_ELF/LIBSGL.A(sglB057.o)
                0x0000000006036f20                slPlaneNbg2
 SLPROG         0x0000000006036f30       0x10 /joe/Compiler/COMMON/SGL_302j/LIB_ELF/LIBSGL.A(sglB058.o)
                0x0000000006036f30                slPlaneNbg3
 SLPROG         0x0000000006036f40        0xc /joe/Compiler/COMMON/SGL_302j/LIB_ELF/LIBSGL.A(sglB059.o)
                0x0000000006036f40                slPlaneRA
 *fill*         0x0000000006036f4c        0x4 
 SLPROG         0x0000000006036f50       0x10 /joe/Compiler/COMMON/SGL_302j/LIB_ELF/LIBSGL.A(sglB060.o)
                0x0000000006036f50                slPlaneRB
 SLPROG         0x0000000006036f60        0xc /joe/Compiler/COMMON/SGL_302j/LIB_ELF/LIBSGL.A(sglB063.o)
                0x0000000006036f60                slPriority
 *fill*         0x0000000006036f6c        0x4 
 SLPROG         0x0000000006036f70       0x18 /joe/Compiler/COMMON/SGL_302j/LIB_ELF/LIBSGL.A(sglB087.o)
                0x0000000006036f70                slLineScrollTable0
 *fill*         0x0000000006036f88        0x8 
 SLPROG         0x0000000006036f90        0x8 /joe/Compiler/COMMON/SGL_302j/LIB_ELF/LIBSGL.A(sglB088.o)
                0x0000000006036f90                slLineScrollTable1
 *fill*         0x0000000006036f98        0x8 
 SLPROG         0x0000000006036fa0        0xc /joe/Compiler/COMMON/SGL_302j/LIB_ELF/LIBSGL.A(sglB090.o)
                0x0000000006036fa0                slLineScrollMode
 *fill*         0x0000000006036fac        0x4 
 SLPROG         0x0000000006036fb0      0x114 /joe/Compiler/COMMON/SGL_302j/LIB_ELF/LIBSGL.A(sglB200.o)
                0x0000000006036fb0                slCharRbg0
                0x0000000006036fbc                slCharNbg0
                0x0000000006036fc8                slCharNbg1
                0x0000000006036fd4                slCharNbg2
                0x0000000006036fea                slCharNbg3
                0x0000000006037002                slPageRbg0
                0x0000000006037018                slPageNbg1
                0x0000000006037020                slPageNbg2
                0x0000000006037028                slPageNbg3
                0x0000000006037034                slPageNbg0
 *fill*         0x00000000060370c4        0xc 
 SLPROG         0x00000000060370d0       0x6c /joe/Compiler/COMMON/SGL_302j/LIB_ELF/LIBSGL.A(sglC01.o)
                0x00000000060370d0                slPerspective
 *fill*         0x000000000603713c        0x4 
 SLPROG         0x0000000006037140       0xc4 /joe/Compiler/COMMON/SGL_302j/LIB_ELF/LIBSGL.A(sglC03.o)
                0x0000000006037140                slWindow
 *fill*         0x0000000006037204        0xc 
 SLPROG         0x0000000006037210       0x2c /joe/Compiler/COMMON/SGL_302j/LIB_ELF/LIBSGL.A(sglC04.o)
                0x0000000006037210                slZdspLevel
 *fill*         0x000000000603723c        0x4 
 SLPROG         0x0000000006037240       0x78 /joe/Compiler/COMMON/SGL_302j/LIB_ELF/LIBSGL.A(sglC05.o)
                0x0000000006037240                slSetSprite
 *fill*         0x00000000060372b8        0x8 
 SLPROG         0x00000000060372c0       0xfa /joe/Compiler/COMMON/SGL_302j/LIB_ELF/LIBSGL.A(sglC06.o)
                0x00000000060372c0                slDispSprite
 *fill*         0x00000000060373ba        0x6 
 SLPROG         0x00000000060373c0      0x162 /joe/Compiler/COMMON/SGL_302j/LIB_ELF/LIBSGL.A(sglC07.o)
                0x00000000060373c6                slPutSprite
 *fill*         0x0000000006037522        0xe 
 SLPROG         0x0000000006037530     0x1218 /joe/Compiler/COMMON/SGL_302j/LIB_ELF/LIBSGL.A(sglC08.o)
                0x0000000006037530                slPutPolygon
                0x00000000060381ac                MsCalcDepthFlat
 *fill*         0x0000000006038748        0x8 
 SLPROG         0x0000000006038750       0x8c /joe/Compiler/COMMON/SGL_302j/LIB_ELF/LIBSGL.A(sglC14.o)
                0x0000000006038750                slCurWindow
 *fill*         0x00000000060387dc        0x4 
 SLPROG         0x00000000060387e0       0x54 /joe/Compiler/COMMON/SGL_302j/LIB_ELF/LIBSGL.A(sglC16.o)
                0x00000000060387e0                slDynamicFrame
 *fill*         0x0000000006038834        0xc 
 SLPROG         0x0000000006038840       0x4c /joe/Compiler/COMMON/SGL_302j/LIB_ELF/LIBSGL.A(sglC17.o)
                0x0000000006038840                slDispSpriteHV
 *fill*         0x000000000603888c        0x4 
 SLPROG         0x0000000006038890       0xd4 /joe/Compiler/COMMON/SGL_302j/LIB_ELF/LIBSGL.A(sglC19.o)
                0x0000000006038890                slDispSprite4P
 *fill*         0x0000000006038964        0xc 
 SLPROG         0x0000000006038970       0x40 /joe/Compiler/COMMON/SGL_302j/LIB_ELF/LIBSGL.A(sglC20.o)
                0x0000000006038970                SpriteEntry
 SLPROG         0x00000000060389b0      0x4ae /joe/Compiler/COMMON/SGL_302j/LIB_ELF/LIBSGL.A(sglC21.o)
                0x0000000006038a38                RotSprite
                0x0000000006038ac6                SetSprPosition
 *fill*         0x0000000006038e5e        0x2 
 SLPROG         0x0000000006038e60       0x84 /joe/Compiler/COMMON/SGL_302j/LIB_ELF/LIBSGL.A(sglD00.o)
                0x0000000006038e60                slDMACopy
                0x0000000006038e60                slCpuDMACopy
                0x0000000006038eba                slCashPurge
                0x0000000006038eba                CSH_AllClr
 *fill*         0x0000000006038ee4        0xc 
 SLPROG         0x0000000006038ef0       0xa0 /joe/Compiler/COMMON/SGL_302j/LIB_ELF/LIBSGL.A(sglD01.o)
                0x0000000006038ef0                slDMAXCopy
 SLPROG         0x0000000006038f90       0x10 /joe/Compiler/COMMON/SGL_302j/LIB_ELF/LIBSGL.A(sglD02.o)
                0x0000000006038f90                slDMAWait
 SLPROG         0x0000000006038fa0        0xc /joe/Compiler/COMMON/SGL_302j/LIB_ELF/LIBSGL.A(sglD03.o)
                0x0000000006038fa0                slDMAStatus
 *fill*         0x0000000006038fac        0x4 
 SLPROG         0x0000000006038fb0       0x20 /joe/Compiler/COMMON/SGL_302j/LIB_ELF/LIBSGL.A(sglD15.o)
                0x0000000006038fb0                CSH_Purge
 SLPROG         0x0000000006038fd0       0x84 /joe/Compiler/COMMON/SGL_302j/LIB_ELF/LIBSGL.A(sglD16.o)
                0x0000000006038fd0                DMA_ScuSetPrm
                0x0000000006039018                DMA_SCU_PRM0
 *fill*         0x0000000006039054        0xc 
 SLPROG         0x0000000006039060       0x88 /joe/Compiler/COMMON/SGL_302j/LIB_ELF/LIBSGL.A(sglD17.o)
                0x0000000006039060                DMA_ScuStart
 *fill*         0x00000000060390e8        0x8 
 SLPROG         0x00000000060390f0       0x34 /joe/Compiler/COMMON/SGL_302j/LIB_ELF/LIBSGL.A(sglD18.o)
                0x00000000060390f0                DMA_ScuGetStatus
 *fill*         0x0000000006039124        0xc 
 SLPROG         0x0000000006039130       0x34 /joe/Compiler/COMMON/SGL_302j/LIB_ELF/LIBSGL.A(sglF08.o)
                0x0000000006039130                slDec2Hex
 *fill*         0x0000000006039164        0xc 
 SLPROG         0x0000000006039170      0xfc8 /joe/Compiler/COMMON/SGL_302j/LIB_ELF/LIBSGL.A(sglH00.o)
                0x0000000006039188                slGetPortDir1
                0x0000000006039190                slGetPortDir2
                0x0000000006039198                slSetPortDir1
                0x00000000060391c2                slSetPortDir2
                0x00000000060391fc                slGetPortData1
                0x0000000006039204                slGetPortData2
                0x000000000603920c                slSetPortData1
                0x0000000006039216                slSetPortData2
                0x0000000006039228                slGetPortSelect1
                0x0000000006039232                slGetPortSelect2
                0x000000000603923c                slSetPortSelect1
                0x0000000006039270                slSetPortSelect2
                0x00000000060392ac                slGetPortExt1
                0x00000000060392b6                slGetPortExt2
                0x00000000060392c0                slSetPortExt1
                0x00000000060392f0                slSetPortExt2
                0x0000000006039464                slSmpcDirectAccess
                0x00000000060394e4                slInitPeripheral
                0x0000000006039576                slSetResultBuffer
                0x0000000006039602                slCheckIntBackSet
                0x000000000603960e                slIntBackCancel
                0x0000000006039638                slCheckReset
                0x0000000006039642                slClearReset
                0x0000000006039808                slSmpcCashSend
                0x00000000060398c4                slSmpcCashBlow
                0x00000000060399a0                slGetOptimize
                0x00000000060399aa                slSetOptimize
                0x00000000060399d0                slGetPortMode1
                0x00000000060399dc                slGetPortMode2
                0x00000000060399ea                slSetPortMode1
                0x0000000006039a28                slSetPortMode2
                0x0000000006039bb4                slRequestCommand
                0x0000000006039c24                Smpc_Status
                0x0000000006039c28                Smpc_Result
                0x0000000006039c2c                Smpc_Peripheral
                0x0000000006039c32                Per_Connect1
                0x0000000006039c33                Per_Connect2
                0x0000000006039c54                SmpcStatusBuf
 *fill*         0x000000000603a138        0x8 
 SLPROG         0x000000000603a140       0xa8 /joe/Compiler/COMMON/SGL_302j/LIB_ELF/LIBSGL.A(sglH01.o)
                0x000000000603a140                slGetLanguage
                0x000000000603a14a                slSetLanguage
                0x000000000603a16c                slGetSoundEffect
                0x000000000603a178                slSetSoundEffect
                0x000000000603a194                slGetSoundOutput
                0x000000000603a1a0                slSetSoundOutput
                0x000000000603a1bc                slGetHelpWindow
                0x000000000603a1c8                slSetHelpWindow
 *fill*         0x000000000603a1e8        0x8 
 SLPROG         0x000000000603a1f0      0x470 /joe/Compiler/COMMON/SGL_302j/LIB_ELF/LIBSGL.A(sglH02.o)
                0x000000000603a5e0                smpc_pfr_tbl
                0x000000000603a620                smpc_ptf_tbl
 SLPROG         0x000000000603a660       0x60 /joe/Compiler/COMMON/SGL_302j/LIB_ELF/LIBSGL.A(sglH04.o)
                0x000000000603a660                slComPrmIntBack
                0x000000000603a674                slComPrmSetMemory
                0x000000000603a68a                slComPrmSetTime
 SLPROG         0x000000000603a6c0      0x3a4 /joe/Compiler/COMMON/SGL_302j/LIB_ELF/LIBSGL.A(sglI01.o)
                0x000000000603a6c0                slInitSynch
                0x000000000603a6da                slSynch
                0x000000000603a7d0                slRandom
                0x000000000603a7ee                PCM_EndCheck
                0x000000000603a8aa                RetPCMBuf
                0x000000000603a944                PCM_Buf
                0x000000000603a9e4                Sound_Buf
 *fill*         0x000000000603aa64        0xc 
 SLPROG         0x000000000603aa70       0x10 /joe/Compiler/COMMON/SGL_302j/LIB_ELF/LIBSGL.A(sglI04.o)
                0x000000000603aa70                slIntFunction
 SLPROG         0x000000000603aa80       0x74 /joe/Compiler/COMMON/SGL_302j/LIB_ELF/LIBSGL.A(sglJ00.o)
                0x000000000603aa80                InitSlaveSH
                0x000000000603aae8                SlaveCommand
 *fill*         0x000000000603aaf4        0xc 
 SLPROG         0x000000000603ab00      0x3d0 /joe/Compiler/COMMON/SGL_302j/LIB_ELF/LIBSGL.A(sglJ01.o)
                0x000000000603ab00                SlaveControl
                0x000000000603aebc                ErasePolygonData
 SLPROG         0x000000000603aed0     0x12b8 /joe/Compiler/COMMON/SGL_302j/LIB_ELF/LIBSGL.A(sglJ02.o)
                0x000000000603aed0                sbMakePolygon
                0x000000000603b0b8                sbCalcPolygon
                0x000000000603bdf0                SetTexture
                0x000000000603bdfc                SetPolygon
                0x000000000603be04                SetPosition
                0x000000000603be3c                stvtc_4
                0x000000000603bef4                stvtc_3
                0x000000000603c104                stvtc_1
                0x000000000603c118                stvtc_2
                0x000000000603c12c                stvtc_0
 *fill*         0x000000000603c188        0x8 
 SLPROG         0x000000000603c190      0x140 /joe/Compiler/COMMON/SGL_302j/LIB_ELF/LIBSGL.A(sglJ03.o)
                0x000000000603c190                sbMakeDMATable
 SLPROG         0x000000000603c2d0      0x470 /joe/Compiler/COMMON/SGL_302j/LIB_ELF/LIBSGL.A(sglJ04.o)
                0x000000000603c32e                sbMakeSprite
                0x000000000603c394                sbMakeRotSprite
 SLPROG         0x000000000603c740       0x3c /joe/Compiler/COMMON/SGL_302j/LIB_ELF/LIBSGL.A(sglJ05.o)
                0x000000000603c740                sbSortEntry
 *fill*         0x000000000603c77c        0x4 
 SLPROG         0x000000000603c780      0x4b8 /joe/Compiler/COMMON/SGL_302j/LIB_ELF/LIBSGL.A(sglM00.o)
                0x000000000603c780                slInitGouraud
                0x000000000603c874                slPutPolygonX
                0x000000000603c8ba                slGouraudTblCopy
                0x000000000603c912                slSetGouraudTbl
                0x000000000603c918                slSetGouraudColor
                0x000000000603c990                slSetAmbient
                0x000000000603c9b4                slSetFlatColor
 *fill*         0x000000000603cc38        0x8 
 SLPROG         0x000000000603cc40       0x6a /joe/Compiler/COMMON/SGL_302j/LIB_ELF/LIBSGL.A(sglM01.o)
                0x000000000603cc40                slSetDepthLimit
                0x000000000603cc6c                slSetDepthTbl
                0x000000000603cc9c                DepthWorkArea
 *fill*         0x000000000603ccaa        0x6 
 SLPROG         0x000000000603ccb0       0x20 /joe/Compiler/COMMON/SGL_302j/LIB_ELF/LIBSGL.A(sglA00.o)
                0x000000000603ccb0                set_imask
                0x000000000603ccb0                _builtin_set_imask
                0x000000000603ccc4                get_imask
                0x000000000603ccc4                _builtin_get_imask
 SLPROG         0x000000000603ccd0     0x215c /joe/Compiler/COMMON/SGL_302j/LIB_ELF/LIBSGL.A(sglA03.o)
                0x000000000603ccd0                slTan
 *fill*         0x000000000603ee2c        0x4 
 SLPROG         0x000000000603ee30       0x34 /joe/Compiler/COMMON/SGL_302j/LIB_ELF/LIBSGL.A(sglA10.o)
                0x000000000603ee30                slSquartDbl
 *fill*         0x000000000603ee64        0xc 
 SLPROG         0x000000000603ee70      0x3c2 /joe/Compiler/COMMON/SGL_302j/LIB_ELF/LIBSGL.A(sglA24.o)
                0x000000000603ee70                slInversMatrix
 *fill*         0x000000000603f232        0xe 
 SLPROG         0x000000000603f240       0x24 /joe/Compiler/COMMON/SGL_302j/LIB_ELF/LIBSGL.A(sglA25.o)
                0x000000000603f240                slTransposeMatrix
 *fill*         0x000000000603f264        0xc 
 SLPROG         0x000000000603f270      0xbd0 /joe/Compiler/COMMON/SGL_302j/LIB_ELF/LIBSGL.A(sglB000.o)
                0x000000000603f270                slInitScroll
                0x000000000603f390                setASC_1to8
                0x000000000603f3c0                setASC_4to8
                0x000000000603f4d0                TVSizeTbl
                0x000000000603f550                TVModeTbl
                0x000000000603f728                SGL_ASCII_CG
 SLPROG         0x000000000603fe40      0x134 /joe/Compiler/COMMON/SGL_302j/LIB_ELF/LIBSGL.A(sglC00.o)
                0x000000000603fe40                slInitSprite
 *fill*         0x000000000603ff74        0xc 
 SLPROG         0x000000000603ff80       0xac /joe/Compiler/COMMON/SGL_302j/LIB_ELF/LIBSGL.A(sglC13.o)
                0x000000000603ff80                slPutPolygonS
 *fill*         0x000000000604002c        0x4 
 SLPROG         0x0000000006040030       0xc0 /joe/Compiler/COMMON/SGL_302j/LIB_ELF/LIBSGL.A(sglD19.o)
                0x0000000006040030                DMA_ScuMemCopy
 SLPROG         0x00000000060400f0      0x75c /joe/Compiler/COMMON/SGL_302j/LIB_ELF/LIBSGL.A(sglI00.o)
                0x00000000060403e0                slInitInterrupt
 *fill*         0x000000000604084c        0x4 
 SLPROG         0x0000000006040850       0xf0 /joe/Compiler/COMMON/SGL_302j/LIB_ELF/LIBSGL.A(sglH03.o)
                0x00000000060408b4                slSmpcIntBack
                0x0000000006040940                __slprog_end = .
