Archive member included to satisfy reference by file (symbol)

/joe/Compiler/COMMON/SGL_302j/LIB_ELF/SEGA_SYS.A(sys_exit.o)
                              jo_engine/core.o (symbol from plugin) (SYS_Exit)
/joe/Compiler/COMMON/SGL_302j/LIB_ELF/SEGA_SYS.A(sys_sub.o)
                              /joe/Compiler/COMMON/SGL_302j/LIB_ELF/SEGA_SYS.A(sys_exit.o) (SYSUB_SetStackptr)
/joe/Compiler/COMMON/SGL_302j/LIB_ELF/LIBCD.A(CDC_CMN.O)
                              /joe/Compiler/COMMON/SGL_302j/LIB_ELF/SEGA_SYS.A(sys_exit.o) (CDC_GetCurStat)
/joe/Compiler/COMMON/SGL_302j/LIB_ELF/LIBCD.A(CDC_DRV.O)
                              pcmsys.o (symbol from plugin) (CDC_CdPlay)
/joe/Compiler/COMMON/SGL_302j/LIB_ELF/LIBCD.A(CDC_CFS.O)
                              /joe/Compiler/COMMON/SGL_302j/LIB_ELF/SEGA_SYS.A(sys_exit.o) (CDC_ChgDir)
/joe/Compiler/COMMON/SGL_302j/LIB_ELF/LIBCD.A(CDC_REG.O)
                              /joe/Compiler/COMMON/SGL_302j/LIB_ELF/SEGA_SYS.A(sys_exit.o) (CDC_GetHirqReq)
/joe/Compiler/COMMON/SGL_302j/LIB_ELF/LIBCD.A(CDC_SUB.O)
                              /joe/Compiler/COMMON/SGL_302j/LIB_ELF/LIBCD.A(CDC_CMN.O) (CDSUB_UpdStatus)
/joe/Compiler/COMMON/SGL_302j/LIB_ELF/LIBCD.A(GFS.O)
                              pcmsys.o (symbol from plugin) (GFS_Init)
/joe/Compiler/COMMON/SGL_302j/LIB_ELF/LIBCD.A(GFS_BUF.O)
                              /joe/Compiler/COMMON/SGL_302j/LIB_ELF/LIBCD.A(GFS.O) (GFBF_GetNumData)
/joe/Compiler/COMMON/SGL_302j/LIB_ELF/LIBCD.A(GFS_CDB.O)
                              /joe/Compiler/COMMON/SGL_302j/LIB_ELF/LIBCD.A(GFS.O) (GFCB_Close)
/joe/Compiler/COMMON/SGL_302j/LIB_ELF/LIBCD.A(GFS_CDC.O)
                              /joe/Compiler/COMMON/SGL_302j/LIB_ELF/LIBCD.A(GFS.O) (GFCD_SetCdbfs)
/joe/Compiler/COMMON/SGL_302j/LIB_ELF/LIBCD.A(GFS_CDF.O)
                              /joe/Compiler/COMMON/SGL_302j/LIB_ELF/LIBCD.A(GFS.O) (GFCF_Init)
/joe/Compiler/COMMON/SGL_302j/LIB_ELF/LIBCD.A(GFS_DIR.O)
                              /joe/Compiler/COMMON/SGL_302j/LIB_ELF/LIBCD.A(GFS.O) (GFDR_SetupDirTbl)
/joe/Compiler/COMMON/SGL_302j/LIB_ELF/LIBCD.A(GFS_TRN.O)
                              /joe/Compiler/COMMON/SGL_302j/LIB_ELF/LIBCD.A(GFS.O) (GFTR_Setup)
/joe/Compiler/COMMON/SGL_302j/LIB_ELF/LIBCD.A(CDC_DEV.O)
                              /joe/Compiler/COMMON/SGL_302j/LIB_ELF/LIBCD.A(GFS_CDC.O) (CDC_CdSetCon)
/joe/Compiler/COMMON/SGL_302j/LIB_ELF/LIBCD.A(CDC_SEL.O)
                              /joe/Compiler/COMMON/SGL_302j/LIB_ELF/LIBCD.A(GFS_CDC.O) (CDC_SetFiltRange)
/joe/Compiler/COMMON/SGL_302j/LIB_ELF/LIBCD.A(CDC_BIF.O)
                              /joe/Compiler/COMMON/SGL_302j/LIB_ELF/LIBCD.A(GFS_CDC.O) (CDC_GetBufSiz)
/joe/Compiler/COMMON/SGL_302j/LIB_ELF/LIBCD.A(CDC_BIO.O)
                              /joe/Compiler/COMMON/SGL_302j/LIB_ELF/LIBCD.A(GFS_CDC.O) (CDC_SetSctLen)
/joe/Compiler/COMMON/SGL_302j/LIB_ELF/LIBSGL.A(sglA01.o)
                              jo_engine/math.o (symbol from plugin) (slSin)
/joe/Compiler/COMMON/SGL_302j/LIB_ELF/LIBSGL.A(sglA15.o)
                              jo_engine/slave.o (symbol from plugin) (slSlaveFunc)
/joe/Compiler/COMMON/SGL_302j/LIB_ELF/LIBSGL.A(sglA16.o)
                              main.o (symbol from plugin) (slLookAt)
/joe/Compiler/COMMON/SGL_302j/LIB_ELF/LIBSGL.A(sglA17.o)
                              /joe/Compiler/COMMON/SGL_302j/LIB_ELF/LIBSGL.A(sglA16.o) (slRotZ)
/joe/Compiler/COMMON/SGL_302j/LIB_ELF/LIBSGL.A(sglA18.o)
                              main.o (symbol from plugin) (slRotY)
/joe/Compiler/COMMON/SGL_302j/LIB_ELF/LIBSGL.A(sglA19.o)
                              main.o (symbol from plugin) (slRotX)
/joe/Compiler/COMMON/SGL_302j/LIB_ELF/LIBSGL.A(sglA20.o)
                              main.o (symbol from plugin) (slUnitMatrix)
/joe/Compiler/COMMON/SGL_302j/LIB_ELF/LIBSGL.A(sglA21.o)
                              main.o (symbol from plugin) (slPushMatrix)
/joe/Compiler/COMMON/SGL_302j/LIB_ELF/LIBSGL.A(sglA27.o)
                              /joe/Compiler/COMMON/SGL_302j/LIB_ELF/LIBSGL.A(sglA16.o) (slTranslate)
/joe/Compiler/COMMON/SGL_302j/LIB_ELF/LIBSGL.A(sglA28.o)
                              main.o (symbol from plugin) (slScale)
/joe/Compiler/COMMON/SGL_302j/LIB_ELF/LIBSGL.A(sglA40.o)
                              main.o (symbol from plugin) (slCalcVector)
/joe/Compiler/COMMON/SGL_302j/LIB_ELF/LIBSGL.A(sglB001.o)
                              main.o (symbol from plugin) (slTVOn)
/joe/Compiler/COMMON/SGL_302j/LIB_ELF/LIBSGL.A(sglB011.o)
                              jo_engine/vdp2.o (symbol from plugin) (slBitMapNbg1)
/joe/Compiler/COMMON/SGL_302j/LIB_ELF/LIBSGL.A(sglB014.o)
                              jo_engine/vdp2.o (symbol from plugin) (slScrTransparent)
/joe/Compiler/COMMON/SGL_302j/LIB_ELF/LIBSGL.A(sglB015.o)
                              jo_engine/vdp2.o (symbol from plugin) (slScrAutoDisp)
/joe/Compiler/COMMON/SGL_302j/LIB_ELF/LIBSGL.A(sglB016.o)
[...]
Memory Configuration

Name             Origin             Length             Attributes
*default*        0x0000000000000000 0xffffffffffffffff

Linker script and memory map


SLSTART         0x0000000006004000       0x30
                0x0000000006004000                ___Start = .
 *(SLSTART)
 SLSTART        0x0000000006004000       0x28 /joe/Compiler/COMMON/SGL_302j/LIB_ELF/LIBSGL.A(sglI00.o)
                0x0000000006004000                SGL_Start
                0x0000000006004002                slStartSGL

.text           0x0000000006004040    0x26790
 *(.text)
 .text          0x0000000006004040        0x0 /joe/Compiler/COMMON/SGL_302j/LIB_ELF/SGLAREA.O
 .text          0x0000000006004040     0x8234 /tmp/ccuBsEv2.ltrans0.ltrans.o
                0x0000000006004684                jo_sprite_draw.constprop.39
                0x00000000060047c8                jo_nbg2_print.constprop.38
                0x0000000006004854                render_CLUT_sprite_MESH.constprop.37
                0x00000000060048a0                __jo_core_set_screens_order.constprop.36
                0x0000000006004970                CDDAPlaySingle.constprop.31
                0x00000000060049ac                jo_free
                0x00000000060049d4                jo_vdp2_clear_bitmap_nbg1.constprop.23
                0x0000000006004a44                jo_backup_unmount.constprop.12
                0x0000000006004adc                jo_vdp2_malloc
                0x0000000006004c80                jo_vdp2_free
                0x0000000006004e78                jo_vdp2_disable_rbg0
                0x0000000006005058                __jo_create_map.lto_priv.574
                0x00000000060050d0                jo_img_to_vdp2_cells
                0x0000000006005178                jo_set_default_background_color
                0x00000000060053a8                jo_sprite_free_from
                0x00000000060055e0                jo_strlen
                0x0000000006005644                jo_getdate
                0x0000000006005718                jo_malloc_with_behaviour
                0x0000000006005d6c                load_textures.constprop.25
                0x0000000006005da8                jo_backup_mount.constprop.7
                0x0000000006005fbc                jo_random
                0x000000000600602c                jo_atan2f_rad
                0x00000000060061f0                load_binary.constprop.29
                0x0000000006006db0                jo_fixed_cos
                0x0000000006006e0c                jo_fixed_sin
                0x000000000600725c                __jo_tga_any_loader
                0x0000000006007424                jo_sprite_add_tga.constprop.24
                0x0000000006007598                _realloc_r
                0x000000000600763c                _calloc_r
                0x0000000006007670                _free_r
                0x00000000060076a0                _malloc_r
                0x0000000006007714                mnet_send_remove_local_player
                0x0000000006007790                mnet_tick
                0x0000000006008e64                lobby_screen
                0x000000000600a6d0                connecting_screen
 .text          0x000000000600c274     0xd538 /tmp/ccuBsEv2.ltrans1.ltrans.o
                0x000000000600d0a8                my_vblank
                0x000000000600f93c                CDDAStop
                0x000000000600f958                load_16bit_pcm
                0x000000000600fab8                pcm_cease
                0x000000000600fae0                pcm_play
                0x0000000006013864                init_3d_planes
                0x0000000006013da4                load_trackmap
                0x0000000006013de0                load_preview
                0x0000000006013e1c                load_level
                0x000000000601527c                load_car
                0x0000000006016aac                gameLoop
 .text          0x00000000060197ac     0x304c /tmp/ccuBsEv2.ltrans2.ltrans.o
                0x00000000060197ac                saturn_transport_send.lto_priv.451
                0x0000000006019804                saturn_transport_rx_byte.lto_priv.450
                0x0000000006019818                saturn_transport_rx_ready.lto_priv.449
                0x0000000006019834                draw_powerups
                0x000000000601993c                create_particles
                0x0000000006019a10                computeLight
                0x0000000006019a80                create_player
                0x0000000006019cc0                set_player_position
                0x0000000006019e08                getSeconds
                0x0000000006019e8c                apply_player_gravity
                0x0000000006019ee4                init_1p_display
                0x0000000006019f6c                init_2p_display
                0x0000000006019ffc                stop_engine_sound
                0x000000000601a068                stop_sounds
                0x000000000601a0e8                reset_to_last_checkpoint
                0x000000000601a1e0                reset_demo
                0x000000000601a3e8                render_CLUT_sprite
                0x000000000601a438                ztClearText
                0x000000000601a484                transition_to_end_level
                0x000000000601a624                mmm_get_p2_port
                0x000000000601ab14                saturn_uart_puts.lto_priv.441
                0x000000000601ab68                modem_read_line.lto_priv.442
                0x000000000601ad18                modem_escape_to_command.lto_priv.445.lto_priv.447
                0x000000000601b3a4                saturn_uart_init.lto_priv.443
                0x000000000601b45c                saturn_uart_set_baud.lto_priv.444
                0x000000000601bc90                saturn_uart_flush_rx.lto_priv.448
                0x000000000601bcdc                saturn_uart_loopback_test.lto_priv.453.lto_priv.455
                0x000000000601bda4                saturn_uart_read_raw.lto_priv.456.lto_priv.458
                0x000000000601be20                saturn_uart_getc_timeout.lto_priv.459.lto_priv.461
                0x000000000601be54                saturn_uart_getc.lto_priv.462.lto_priv.464
                0x000000000601be80                saturn_uart_putc.lto_priv.465.lto_priv.467
                0x000000000601bebc                saturn_uart_read_iir.lto_priv.468.lto_priv.470
                0x000000000601bed4                saturn_uart_read_msr.lto_priv.471.lto_priv.473
                0x000000000601bef4                saturn_uart_read_lsr.lto_priv.474.lto_priv.476
                0x000000000601bf10                saturn_uart_clear_errors.lto_priv.477.lto_priv.479
                0x000000000601bf30                saturn_uart_rx_error.lto_priv.480.lto_priv.482
                0x000000000601bf50                saturn_uart_rx_ready.lto_priv.483.lto_priv.485
                0x000000000601bf6c                saturn_uart_tx_ready.lto_priv.486.lto_priv.488
                0x000000000601c04c                saturn_uart_detect.lto_priv.328
                0x000000000601c0d8                saturn_uart_reg_write.lto_priv.489.lto_priv.491
                0x000000000601c0f0                saturn_uart_reg_read.lto_priv.492.lto_priv.494
                0x000000000601c10c                saturn_netlink_smpc_disable.lto_priv.495.lto_priv.497
                0x000000000601c138                saturn_netlink_smpc_enable.lto_priv.452
                0x000000000601c1c4                saturn_smpc_command.lto_priv.498.lto_priv.500
                0x000000000601c1ec                mnet_encode_lap_complete.lto_priv.341.lto_priv.344
                0x000000000601c214                mnet_encode_client_log.lto_priv.337.lto_priv.340
                0x000000000601c2bc                mnet_encode_leaderboard_req.lto_priv.345.lto_priv.348
                0x000000000601c2cc                mnet_encode_remove_local_player.lto_priv.349.lto_priv.352
                0x000000000601c2dc                mnet_encode_add_local_player.lto_priv.329.lto_priv.332
                0x000000000601c360                mnet_encode_powerup_pickup.lto_priv.353.lto_priv.356
                0x000000000601c374                mnet_encode_player_state_p2.lto_priv.357.lto_priv.360
                0x000000000601c40c                mnet_encode_player_state.lto_priv.361.lto_priv.364
                0x000000000601c49c                mnet_encode_input_state_p2.lto_priv.365.lto_priv.368
                0x000000000601c4c8                mnet_encode_input_state.lto_priv.369.lto_priv.372
                0x000000000601c4f0                mnet_encode_car_select.lto_priv.373.lto_priv.376
                0x000000000601c504                mnet_encode_start_game.lto_priv.377.lto_priv.380
                0x000000000601c514                mnet_encode_ready.lto_priv.381.lto_priv.384
                0x000000000601c524                mnet_encode_heartbeat.lto_priv.385.lto_priv.388
                0x000000000601c534                mnet_encode_disconnect.lto_priv.389.lto_priv.392
                0x000000000601c544                mnet_encode_set_username.lto_priv.333.lto_priv.336
                0x000000000601c5c4                mnet_encode_connect_uuid.lto_priv.393.lto_priv.396
                0x000000000601c5e4                mnet_encode_connect.lto_priv.397.lto_priv.400
                0x000000000601c5f4                mnet_read_string.lto_priv.401.lto_priv.404
                0x000000000601c63c                mnet_rx_poll.lto_priv.405.lto_priv.440
                0x000000000601c6ec                mnet_rx_init.lto_priv.408.lto_priv.411
                0x000000000601c6fc                mnet_send_frame.lto_priv.412.lto_priv.415
                0x000000000601c73c                net_transport_is_connected.lto_priv.416.lto_priv.419
                0x000000000601c754                net_transport_send.lto_priv.420.lto_priv.423
                0x000000000601c768                net_transport_rx_byte.lto_priv.424.lto_priv.427
                0x000000000601c77c                net_transport_rx_ready.lto_priv.428.lto_priv.431
                0x000000000601c790                get_gbr.lto_priv.53.lto_priv.77
                0x000000000601c798                set_gbr.lto_priv.78.lto_priv.102
                0x000000000601c7a0                get_vbr.lto_priv.103.lto_priv.127
                0x000000000601c7a8                set_vbr.lto_priv.128.lto_priv.152
                0x000000000601c7b0                set_imask.lto_priv.153.lto_priv.177
                0x000000000601c7c4                get_imask.lto_priv.178.lto_priv.202
                0x000000000601c7d0                get_sr.lto_priv.203.lto_priv.227
                0x000000000601c7d8                set_sr.lto_priv.228.lto_priv.252
                0x000000000601c7e0                tas.lto_priv.253.lto_priv.277
                0x000000000601c7e8                sleep.lto_priv.278.lto_priv.302
                0x000000000601c7f0                nop.lto_priv.303.lto_priv.327
 *fill*         0x000000000601c7f8        0x8 
 .text          0x000000000601c800      0x238 /joe/Compiler/COMMON/SGL_302j/LIB_ELF/SEGA_SYS.A(sys_exit.o)
                0x000000000601c800                sys_version
                0x000000000601c820                SYS_Exit
 *fill*         0x000000000601ca38        0x8 
 .text          0x000000000601ca40        0x6 /joe/Compiler/COMMON/SGL_302j/LIB_ELF/SEGA_SYS.A(sys_sub.o)
                0x000000000601ca40                SYSUB_SetStackptr
 *fill*         0x000000000601ca46        0xa 
 .text          0x000000000601ca50      0x3a0 /joe/Compiler/COMMON/SGL_302j/LIB_ELF/LIBCD.A(CDC_CMN.O)
                0x000000000601ca50                CDC_GetCurStat
                0x000000000601caa0                CDC_GetLastStat
                0x000000000601cab8                CDC_GetPeriStat
                0x000000000601cb8c                CDC_GetHwInfo
                0x000000000601cbf4                CDC_TgetToc
                0x000000000601cc44                CDC_GetSes
                0x000000000601cc80                CDC_CdInit
                0x000000000601cd04                CDC_CdOpen
                0x000000000601cd2c                CDC_DataReady
                0x000000000601cd98                CDC_DataEnd
 .text          0x000000000601cdf0      0x130 /joe/Compiler/COMMON/SGL_302j/LIB_ELF/LIBCD.A(CDC_DRV.O)
                0x000000000601cdf0                CDC_CdPlay
                0x000000000601cebc                CDC_CdSeek
                0x000000000601cef0                CDC_CdScan
 .text          0x000000000601cf20      0x194 /joe/Compiler/COMMON/SGL_302j/LIB_ELF/LIBCD.A(CDC_CFS.O)
                0x000000000601cf20                CDC_ChgDir
                0x000000000601cf54                CDC_ReadDir
                0x000000000601cf88                CDC_GetFileScope
                0x000000000601cfe8                CDC_TgetFileInfo
                0x000000000601d044                CDC_ReadFile
                0x000000000601d078                CDC_AbortFile
 *fill*         0x000000000601d0b4        0xc 
 .text          0x000000000601d0c0      0x2dc /joe/Compiler/COMMON/SGL_302j/LIB_ELF/LIBCD.A(CDC_REG.O)
                0x000000000601d0c0                CDC_GetDataPtr
                0x000000000601d0d0                CDC_GetHirqReq
                0x000000000601d0e4                CDC_ClrHirqReq
                0x000000000601d114                CDREG_ClrHirqReq
                0x000000000601d124                CDREG_InitHirqReq
                0x000000000601d14c                CDREG_SetHirqFlag
                0x000000000601d160                CDC_GetHirqMsk
                0x000000000601d174                CDC_SetHirqMsk
                0x000000000601d184                CDC_GetMpegPtr
                0x000000000601d194                CDREG_TgetData
                0x000000000601d1f0                CDREG_CmdRsp
                0x000000000601d2f0                CDREG_WaitHirq
                0x000000000601d360                CDREG_ReadRsp
 *fill*         0x000000000601d39c        0x4 
 .text          0x000000000601d3a0      0x152 /joe/Compiler/COMMON/SGL_302j/LIB_ELF/LIBCD.A(CDC_SUB.O)
                0x000000000601d3a0                CDSUB_UpdStatus
                0x000000000601d3b8                CDSUB_UpdCdstat
                0x000000000601d3d8                CDSUB_CdCmd
                0x000000000601d448                CDSUB_GetCdstat
                0x000000000601d488                CDSUB_RspToCdstat
                0x000000000601d4d0                CDSUB_SoftTimer
 *fill*         0x000000000601d4f2        0xe 
 .text          0x000000000601d500     0x1adc /joe/Compiler/COMMON/SGL_302j/LIB_ELF/LIBCD.A(GFS.O)
                0x000000000601d500                gfs_version
                0x000000000601d520                GFS_Init
                0x000000000601d608                GFS_LoadDir
                0x000000000601d6b0                GFS_SetDir
                0x000000000601d718                GFS_NameToId
                0x000000000601d77c                GFS_IdToName
                0x000000000601d7e8                GFS_GetDirInfo
                0x000000000601d858                GFS_Reset
                0x000000000601d8dc                GFS_Open
                0x000000000601d990                GFS_Close
                0x000000000601d9c8                GFS_Seek
                0x000000000601da7c                GFS_Tell
                0x000000000601dacc                GFS_IsEof
                0x000000000601db20                GFS_ByteToSct
                0x000000000601db7c                GFS_GetFileSize
                0x000000000601dbd8                GFS_GetFileInfo
                0x000000000601dc4c                GFS_GetNumCdbuf
                0x000000000601dc74                GFS_Load
                0x000000000601dd38                GFS_Fread
                0x000000000601ddd4                gfs_waitRead
                0x000000000601de7c                GFS_NwFread
                0x000000000601df88                GFS_NwCdRead
                0x000000000601e000                GFS_NwIsComplete
                0x000000000601e038                GFS_NwStop
                0x000000000601e0a4                GFS_NwGetStat
                0x000000000601e120                gfs_recovRdErr
                0x000000000601e150                GFS_NwExecOne
                0x000000000601e210                GFS_NwExecServer
                0x000000000601e28c                GFS_SetGmode
                0x000000000601e2f0                GFS_SetTmode
                0x000000000601e35c                GFS_SetReadPara
                0x000000000601e3c0                GFS_SetTransPara
                0x000000000601e42c                GFS_SetTrFunc
                0x000000000601e490                GFS_StartTrans
                0x000000000601e4dc                GFS_CdMovePickup
                0x000000000601e548                GFS_SetErrFunc
                0x000000000601e574                GFS_GetErrStat
                0x000000000601e598                GFS_ConvTno
                0x000000000601e5c0                gfs_chgRoot
                0x000000000601e68c                gfs_aborttrans
                0x000000000601e698                gfs_mngSetupFuncTbl
                0x000000000601e6cc                gfs_mngInitWork
                0x000000000601e770                gfs_mngGetNumFile
                0x000000000601e7d8                GFS_mngAllocGrp
                0x000000000601e820                gfs_mngFreeGrp
                0x000000000601e82c                gfs_mngTermAccess
                0x000000000601e8b0                gfs_mngSetErrCode
                0x000000000601e930                gfs_svrSearchHndl
                0x000000000601e970                gfs_svrAddHndl
                0x000000000601e9ac                gfs_svrRemoveHndl
                0x000000000601ea08                GFS_OpenSub
                0x000000000601ea60                gfs_loadVol
                0x000000000601eb24                gfs_getRootDir
                0x000000000601ec20                gfs_loadRootDir
                0x000000000601eca8                gfs_flowIn
                0x000000000601ed50                gfs_transData
                0x000000000601edf4                GFS_GetFad
                0x000000000601ee4c                gfs_SetSct
                0x000000000601ee8c                gfs_GetFinfo
                0x000000000601eecc                gfs_closeSub
                0x000000000601ef08                gfs_getGmode
                0x000000000601ef14                gfs_isTaskDone
                0x000000000601ef68                gfs_convFinStat
 *fill*         0x000000000601efdc        0x4 
 .text          0x000000000601efe0      0x106 /joe/Compiler/COMMON/SGL_302j/LIB_ELF/LIBCD.A(GFS_BUF.O)
                0x000000000601f010                GFBF_GetTranData
                0x000000000601f038                GFBF_GetNumData
                0x000000000601f068                GFBF_GetSrcPk
                0x000000000601f090                GFBF_GetSctData
                0x000000000601f0b4                GFBF_RtnPk
                0x000000000601f0dc                gfbf_getSctDt
 *fill*         0x000000000601f0e6        0xa 
 .text          0x000000000601f0f0      0x600 /joe/Compiler/COMMON/SGL_302j/LIB_ELF/LIBCD.A(GFS_CDB.O)
                0x000000000601f0f0                GFCB_Setup
                0x000000000601f210                GFCB_Close
                0x000000000601f238                GFCB_GetLenData
                0x000000000601f2e4                GFCB_GetLenRoom
                0x000000000601f2f0                GFCB_SetFilt
                0x000000000601f358                GFCB_DeleteAllData
                0x000000000601f380                GFCB_Tell
                0x000000000601f390                gfcb_getSctNum
                0x000000000601f3e0                GFCB_Seek
                0x000000000601f4dc                GFCB_GetSrcPack
                0x000000000601f5bc                GFCB_GetSctData
                0x000000000601f5f4                GFCB_GetDstPack
                0x000000000601f600                GFCB_RtnPk
                0x000000000601f648                GFCB_MovePickup
                0x000000000601f664                GFCB_SetCon
                0x000000000601f698                GFCB_GetPickup
                0x000000000601f6c0                GFCB_IsPuOwner
                0x000000000601f6d8                GFCB_UngetPickup
 .text          0x000000000601f6f0     0x1a10 /joe/Compiler/COMMON/SGL_302j/LIB_ELF/LIBCD.A(GFS_CDC.O)
                0x000000000601f6f0                GFCD_SetCdbfs
                0x000000000601f71c                GFCD_Init
                0x000000000601f920                GFCD_AllocFilt
                0x000000000601f95c                GFCD_FreeFilt
                0x000000000601f98c                GFCD_AllocBuf
                0x000000000601f9c0                GFCD_FreeBuf
                0x000000000601fa64                GFCD_GetBaseFad
                0x000000000601fa98                GFCD_GetPickup
                0x000000000601facc                GFCD_UngetPickup
                0x000000000601faf8                GFCD_IsPuOwner
                0x000000000601fb1c                GFCD_SetFilt
                0x000000000601fbe0                GFCD_GetFilt
                0x000000000601fc28                GFCD_SetCon
                0x000000000601fc80                GFCD_Play
                0x000000000601fce0                GFCD_GetLenData
                0x000000000601fd48                GFCD_ReqData
                0x000000000601fda4                GFCD_EndData
                0x000000000601fdec                GFCD_DelSctData
                0x000000000601fe44                GFCD_CheckDelSctData
                0x000000000601fe74                GFCD_GetStat
                0x000000000601ff28                GFCD_MovePickup
                0x000000000601ff74                GFCD_MoveSctData
                0x000000000601ffe8                GFCD_CheckMove
                0x000000000602000c                GFCD_GetSctInfo
                0x0000000006020054                GFCD_ChgDir
                0x00000000060200c8                GFCD_SetFiltCon
                0x00000000060201b0                GFCD_GetFileInfo
                0x000000000602028c                GFCD_GetBufSiz
                0x00000000060202c4                GFCD_ExecServer
                0x0000000006020398                gfcd_isIdleTask
                0x0000000006020424                gfcd_doTask
                0x00000000060204d0                GFCD_SetTimer
                0x00000000060204e4                GFCD_WaitServer
                0x0000000006020520                gfcd_doSetFiltTsk
                0x00000000060206e4                gfcd_doSetConTsk
                0x0000000006020774                gfcd_doGetLenDataTsk
                0x00000000060208c8                gfcd_doReqDataTsk
                0x0000000006020968                gfcd_doDelSctDataTsk
                0x0000000006020a9c                gfcd_doMoveSctTsk
                0x0000000006020c00                gfcd_doChgDirTsk
                0x0000000006020dfc                gfcd_doSetFiltConTsk
                0x0000000006020f40                gfcd_checkEflag
                0x0000000006020f64                gfcd_initCdbMng
                0x0000000006020fe4                gfcd_setStat
                0x0000000006021010                GFCD_SetCsctFunc
                0x000000000602102c                GFCD_ChkScdqFlag
                0x0000000006021050                GFCD_ClrScdqFlag
                0x000000000602106c                GFCD_WaitScdqFlag
                0x00000000060210b0                GFCD_WaitPause
 .text          0x0000000006021100      0x8d8 /joe/Compiler/COMMON/SGL_302j/LIB_ELF/LIBCD.A(GFS_CDF.O)
                0x0000000006021100                GFCF_Init
                0x00000000060211a0                GFCF_Setup
                0x00000000060212e8                GFCF_SetSct
                0x000000000602132c                GFCF_GetFileInfo
                0x00000000060213a0                GFCF_FlowInBuf
                0x00000000060214f4                GFCF_StopInBuf
                0x0000000006021594                GFCF_Recover
                0x00000000060215dc                GFCF_Tell
                0x00000000060215f4                GFCF_Seek
                0x000000000602160c                GFCF_MovePickup
                0x00000000060216a8                GFCF_cnvIntlvOfs
                0x00000000060216fc                GFCF_GetStat
                0x0000000006021794                gfcf_getSctSize
                0x00000000060217d0                gfcf_isCdOk
                0x0000000006021890                gfcf_getPlayRange
 *fill*         0x00000000060219d8        0x8 
 .text          0x00000000060219e0      0x92c /joe/Compiler/COMMON/SGL_302j/LIB_ELF/LIBCD.A(GFS_DIR.O)
                0x00000000060219e0                GFDR_SetupDirTbl
                0x0000000006021a54                GFDR_NameToId
                0x0000000006021ab4                GFDR_GetInfoDirId
                0x0000000006021ac8                GFDR_GetInfoDirName
                0x0000000006021adc                GFDR_GetAtrDirId
                0x0000000006021af4                GFDR_GetAtrDirName
                0x0000000006021b0c                GFDR_ChgRoot
                0x0000000006021b24                GFDR_ChgDir
                0x0000000006021b98                gfdr_setupDirIdTbl
                0x0000000006021c1c                gfdr_setupDirNameTbl
                0x0000000006021cc8                gfdr_open
                0x0000000006021cf0                gfdr_read
                0x0000000006021db0                gfdr_readByte
                0x0000000006021ddc                gfdr_readWord
                0x0000000006021e08                gfdr_readWordNB
                0x0000000006021e5c                gfdr_readLongNB
                0x0000000006021ea8                gfdr_readLongNM
                0x0000000006021ed0                gfdr_setNextRec
                0x0000000006021f54                gfdr_readDirEnt
                0x00000000060222d0                gfdr_setDirrecCd
 *fill*         0x000000000602230c        0x4 
 .text          0x0000000006022310      0x9c6 /joe/Compiler/COMMON/SGL_302j/LIB_ELF/LIBCD.A(GFS_TRN.O)
                0x0000000006022340                GFTR_Setup
                0x0000000006022384                GFTR_SetMode
                0x0000000006022398                GFTR_SetUnit
                0x00000000060223a4                GFTR_SetTransPara
                0x00000000060223d8                GFTR_GetTransPara
                0x00000000060223e4                GFTR_GetNumTrans
                0x00000000060223f0                GFTR_SetTransMax
                0x00000000060223fc                GFTR_Start
                0x0000000006022408                GFTR_Pause
                0x0000000006022414                GFTR_Stop
                0x00000000060224cc                GFTR_Exec
                0x0000000006022550                GFTR_Idle
                0x00000000060225c8                GFTR_ExecSvr
                0x00000000060226d0                gftr_getSrcPack
                0x0000000006022758                gftr_getDstPack
                0x00000000060227b4                gftr_reqScu
                0x00000000060227c0                gftr_execScu
                0x000000000602285c                gftr_remScu
                0x0000000006022890                gfdma_canUse
                0x000000000602289c                gfdma_exec
                0x000000000602290c                gfdma_getBytecnt
                0x0000000006022944                gftr_reqDma0
                0x000000000602295c                gftr_execSdma0
                0x0000000006022980                gftr_remDma0
                0x0000000006022998                gftr_reqDma1
                0x00000000060229b0                gftr_execSdma1
                0x00000000060229d4                gftr_remDma1
                0x00000000060229ec                gftr_reqCpu
                0x00000000060229f8                gftr_execCpu
                0x0000000006022a38                gftr_remCpu
                0x0000000006022a44                gftr_reqTrn
                0x0000000006022ab4                gftr_execTrn
                0x0000000006022b8c                gftr_remTrn
                0x0000000006022c00                gftr_copyFrac
                0x0000000006022c28                GFTR_GetLenData
                0x0000000006022c34                GFTR_GetLenRoom
                0x0000000006022c4c                GFTR_GetDstPack
                0x0000000006022c80                GFTR_RtnDstPk
                0x0000000006022c9c                GFTR_GetData
                0x0000000006022cb0                GFTR_SetData
                0x0000000006022cc4                GFTR_SetTransFunc
 *fill*         0x0000000006022cd6        0xa 
 .text          0x0000000006022ce0       0xa8 /joe/Compiler/COMMON/SGL_302j/LIB_ELF/LIBCD.A(CDC_DEV.O)
                0x0000000006022ce0                CDC_CdSetCon
                0x0000000006022d10                CDC_CdGetCon
                0x0000000006022d4c                CDC_CdGetLastBuf
 *fill*         0x0000000006022d88        0x8 
 .text          0x0000000006022d90      0x2b8 /joe/Compiler/COMMON/SGL_302j/LIB_ELF/LIBCD.A(CDC_SEL.O)
                0x0000000006022d90                CDC_SetFiltRange
                0x0000000006022dc4                CDC_GetFiltRange
                0x0000000006022e1c                CDC_SetFiltSubh
                0x0000000006022e8c                CDC_GetFiltSubh
                0x0000000006022f08                CDC_SetFiltMode
                0x0000000006022f3c                CDC_GetFiltMode
                0x0000000006022f80                CDC_SetFiltCon
                0x0000000006022fc0                CDC_GetFiltCon
                0x0000000006023014                CDC_ResetSelector
 *fill*         0x0000000006023048        0x8 
 .text          0x0000000006023050      0x270 /joe/Compiler/COMMON/SGL_302j/LIB_ELF/LIBCD.A(CDC_BIF.O)
                0x0000000006023050                CDC_GetBufSiz
                0x00000000060230ac                CDC_GetSctNum
                0x00000000060230f0                CDC_CalActSiz
                0x000000000602312c                CDC_GetActSiz
                0x00000000060231ac                CDC_GetSctInfo
                0x000000000602322c                CDC_ExeFadSearch
                0x0000000006023264                CDC_GetFadSearch
 .text          0x00000000060232c0      0x1e4 /joe/Compiler/COMMON/SGL_302j/LIB_ELF/LIBCD.A(CDC_BIO.O)
                0x00000000060232c0                CDC_SetSctLen
                0x00000000060232f4                CDC_GetSctData
                0x0000000006023330                CDC_DelSctData
                0x000000000602336c                CDC_GetdelSctData
                0x00000000060233a8                CDC_PutSctData
                0x00000000060233e0                CDC_CopySctData
                0x0000000006023424                CDC_MoveSctData
                0x0000000006023468                CDC_GetCopyErr
 *fill*         0x00000000060234a4        0xc 
 .text          0x00000000060234b0        0x0 /joe/Compiler/COMMON/SGL_302j/LIB_ELF/LIBSGL.A(sglA01.o)
 .text          0x00000000060234b0        0x0 /joe/Compiler/COMMON/SGL_302j/LIB_ELF/LIBSGL.A(sglA15.o)
 .text          0x00000000060234b0        0x0 /joe/Compiler/COMMON/SGL_302j/LIB_ELF/LIBSGL.A(sglA16.o)
 .text          0x00000000060234b0        0x0 /joe/Compiler/COMMON/SGL_302j/LIB_ELF/LIBSGL.A(sglA17.o)
 .text          0x00000000060234b0        0x0 /joe/Compiler/COMMON/SGL_302j/LIB_ELF/LIBSGL.A(sglA18.o)
 .text          0x00000000060234b0        0x0 /joe/Compiler/COMMON/SGL_302j/LIB_ELF/LIBSGL.A(sglA19.o)
 .text          0x00000000060234b0        0x0 /joe/Compiler/COMMON/SGL_302j/LIB_ELF/LIBSGL.A(sglA20.o)
 .text          0x00000000060234b0        0x0 /joe/Compiler/COMMON/SGL_302j/LIB_ELF/LIBSGL.A(sglA21.o)
 .text          0x00000000060234b0        0x0 /joe/Compiler/COMMON/SGL_302j/LIB_ELF/LIBSGL.A(sglA27.o)
 .text          0x00000000060234b0        0x0 /joe/Compiler/COMMON/SGL_302j/LIB_ELF/LIBSGL.A(sglA28.o)
 .text          0x00000000060234b0        0x0 /joe/Compiler/COMMON/SGL_302j/LIB_ELF/LIBSGL.A(sglA40.o)
 .text          0x00000000060234b0        0x0 /joe/Compiler/COMMON/SGL_302j/LIB_ELF/LIBSGL.A(sglB001.o)
 .text          0x00000000060234b0        0x0 /joe/Compiler/COMMON/SGL_302j/LIB_ELF/LIBSGL.A(sglB011.o)
 .text          0x00000000060234b0        0x0 /joe/Compiler/COMMON/SGL_302j/LIB_ELF/LIBSGL.A(sglB014.o)
 .text          0x00000000060234b0        0x0 /joe/Compiler/COMMON/SGL_302j/LIB_ELF/LIBSGL.A(sglB015.o)
 .text          0x00000000060234b0        0x0 /joe/Compiler/COMMON/SGL_302j/LIB_ELF/LIBSGL.A(sglB016.o)
 .text          0x00000000060234b0        0x0 /joe/Compiler/COMMON/SGL_302j/LIB_ELF/LIBSGL.A(sglB020.o)
 .text          0x00000000060234b0        0x0 /joe/Compiler/COMMON/SGL_302j/LIB_ELF/LIBSGL.A(sglB021.o)
 .text          0x00000000060234b0        0x0 /joe/Compiler/COMMON/SGL_302j/LIB_ELF/LIBSGL.A(sglB023.o)
 .text          0x00000000060234b0        0x0 /joe/Compiler/COMMON/SGL_302j/LIB_ELF/LIBSGL.A(sglB031.o)
 .text          0x00000000060234b0        0x0 /joe/Compiler/COMMON/SGL_302j/LIB_ELF/LIBSGL.A(sglB032.o)
 .text          0x00000000060234b0        0x0 /joe/Compiler/COMMON/SGL_302j/LIB_ELF/LIBSGL.A(sglB033.o)
 .text          0x00000000060234b0        0x0 /joe/Compiler/COMMON/SGL_302j/LIB_ELF/LIBSGL.A(sglB034.o)
 .text          0x00000000060234b0        0x0 /joe/Compiler/COMMON/SGL_302j/LIB_ELF/LIBSGL.A(sglB035.o)
 .text          0x00000000060234b0        0x0 /joe/Compiler/COMMON/SGL_302j/LIB_ELF/LIBSGL.A(sglB036.o)
 .text          0x00000000060234b0        0x0 /joe/Compiler/COMMON/SGL_302j/LIB_ELF/LIBSGL.A(sglB038.o)
 .text          0x00000000060234b0        0x0 /joe/Compiler/COMMON/SGL_302j/LIB_ELF/LIBSGL.A(sglB039.o)
 .text          0x00000000060234b0        0x0 /joe/Compiler/COMMON/SGL_302j/LIB_ELF/LIBSGL.A(sglB040.o)
 .text          0x00000000060234b0        0x0 /joe/Compiler/COMMON/SGL_302j/LIB_ELF/LIBSGL.A(sglB041.o)
 .text          0x00000000060234b0        0x0 /joe/Compiler/COMMON/SGL_302j/LIB_ELF/LIBSGL.A(sglB042.o)
 .text          0x00000000060234b0        0x0 /joe/Compiler/COMMON/SGL_302j/LIB_ELF/LIBSGL.A(sglB043.o)
 .text          0x00000000060234b0        0x0 /joe/Compiler/COMMON/SGL_302j/LIB_ELF/LIBSGL.A(sglB044.o)
 .text          0x00000000060234b0        0x0 /joe/Compiler/COMMON/SGL_302j/LIB_ELF/LIBSGL.A(sglB045.o)
 .text          0x00000000060234b0        0x0 /joe/Compiler/COMMON/SGL_302j/LIB_ELF/LIBSGL.A(sglB047.o)
 .text          0x00000000060234b0        0x0 /joe/Compiler/COMMON/SGL_302j/LIB_ELF/LIBSGL.A(sglB048.o)
 .text          0x00000000060234b0        0x0 /joe/Compiler/COMMON/SGL_302j/LIB_ELF/LIBSGL.A(sglB055.o)
 .text          0x00000000060234b0        0x0 /joe/Compiler/COMMON/SGL_302j/LIB_ELF/LIBSGL.A(sglB056.o)
 .text          0x00000000060234b0        0x0 /joe/Compiler/COMMON/SGL_302j/LIB_ELF/LIBSGL.A(sglB057.o)
 .text          0x00000000060234b0        0x0 /joe/Compiler/COMMON/SGL_302j/LIB_ELF/LIBSGL.A(sglB058.o)
 .text          0x00000000060234b0        0x0 /joe/Compiler/COMMON/SGL_302j/LIB_ELF/LIBSGL.A(sglB059.o)
 .text          0x00000000060234b0        0x0 /joe/Compiler/COMMON/SGL_302j/LIB_ELF/LIBSGL.A(sglB060.o)
 .text          0x00000000060234b0        0x0 /joe/Compiler/COMMON/SGL_302j/LIB_ELF/LIBSGL.A(sglB063.o)
 .text          0x00000000060234b0        0x0 /joe/Compiler/COMMON/SGL_302j/LIB_ELF/LIBSGL.A(sglB087.o)
 .text          0x00000000060234b0        0x0 /joe/Compiler/COMMON/SGL_302j/LIB_ELF/LIBSGL.A(sglB088.o)
 .text          0x00000000060234b0        0x0 /joe/Compiler/COMMON/SGL_302j/LIB_ELF/LIBSGL.A(sglB090.o)
 .text          0x00000000060234b0        0x0 /joe/Compiler/COMMON/SGL_302j/LIB_ELF/LIBSGL.A(sglB200.o)
 .text          0x00000000060234b0        0x0 /joe/Compiler/COMMON/SGL_302j/LIB_ELF/LIBSGL.A(sglC01.o)
 .text          0x00000000060234b0        0x0 /joe/Compiler/COMMON/SGL_302j/LIB_ELF/LIBSGL.A(sglC03.o)
 .text          0x00000000060234b0        0x0 /joe/Compiler/COMMON/SGL_302j/LIB_ELF/LIBSGL.A(sglC04.o)
 .text          0x00000000060234b0        0x0 /joe/Compiler/COMMON/SGL_302j/LIB_ELF/LIBSGL.A(sglC05.o)
 .text          0x00000000060234b0        0x0 /joe/Compiler/COMMON/SGL_302j/LIB_ELF/LIBSGL.A(sglC06.o)
 .text          0x00000000060234b0        0x0 /joe/Compiler/COMMON/SGL_302j/LIB_ELF/LIBSGL.A(sglC07.o)
 .text          0x00000000060234b0        0x0 /joe/Compiler/COMMON/SGL_302j/LIB_ELF/LIBSGL.A(sglC08.o)
 .text          0x00000000060234b0        0x0 /joe/Compiler/COMMON/SGL_302j/LIB_ELF/LIBSGL.A(sglC14.o)
 .text          0x00000000060234b0        0x0 /joe/Compiler/COMMON/SGL_302j/LIB_ELF/LIBSGL.A(sglC16.o)
 .text          0x00000000060234b0        0x0 /joe/Compiler/COMMON/SGL_302j/LIB_ELF/LIBSGL.A(sglC17.o)
 .text          0x00000000060234b0        0x0 /joe/Compiler/COMMON/SGL_302j/LIB_ELF/LIBSGL.A(sglC19.o)
 .text          0x00000000060234b0        0x0 /joe/Compiler/COMMON/SGL_302j/LIB_ELF/LIBSGL.A(sglC20.o)
 .text          0x00000000060234b0        0x0 /joe/Compiler/COMMON/SGL_302j/LIB_ELF/LIBSGL.A(sglC21.o)
 .text          0x00000000060234b0        0x0 /joe/Compiler/COMMON/SGL_302j/LIB_ELF/LIBSGL.A(sglD00.o)
 .text          0x00000000060234b0        0x0 /joe/Compiler/COMMON/SGL_302j/LIB_ELF/LIBSGL.A(sglD01.o)
 .text          0x00000000060234b0        0x0 /joe/Compiler/COMMON/SGL_302j/LIB_ELF/LIBSGL.A(sglD02.o)
 .text          0x00000000060234b0        0x0 /joe/Compiler/COMMON/SGL_302j/LIB_ELF/LIBSGL.A(sglD03.o)
 .text          0x00000000060234b0        0x0 /joe/Compiler/COMMON/SGL_302j/LIB_ELF/LIBSGL.A(sglD15.o)
 .text          0x00000000060234b0        0x0 /joe/Compiler/COMMON/SGL_302j/LIB_ELF/LIBSGL.A(sglD16.o)
 .text          0x00000000060234b0        0x0 /joe/Compiler/COMMON/SGL_302j/LIB_ELF/LIBSGL.A(sglD17.o)
 .text          0x00000000060234b0        0x0 /joe/Compiler/COMMON/SGL_302j/LIB_ELF/LIBSGL.A(sglD18.o)
 .text          0x00000000060234b0        0x0 /joe/Compiler/COMMON/SGL_302j/LIB_ELF/LIBSGL.A(sglF08.o)
 .text          0x00000000060234b0        0x0 /joe/Compiler/COMMON/SGL_302j/LIB_ELF/LIBSGL.A(sglH00.o)
 .text          0x00000000060234b0        0x0 /joe/Compiler/COMMON/SGL_302j/LIB_ELF/LIBSGL.A(sglH01.o)
 .text          0x00000000060234b0        0x0 /joe/Compiler/COMMON/SGL_302j/LIB_ELF/LIBSGL.A(sglH02.o)
 .text          0x00000000060234b0        0x0 /joe/Compiler/COMMON/SGL_302j/LIB_ELF/LIBSGL.A(sglH04.o)
 .text          0x00000000060234b0        0x0 /joe/Compiler/COMMON/SGL_302j/LIB_ELF/LIBSGL.A(sglI01.o)
 .text          0x00000000060234b0        0x0 /joe/Compiler/COMMON/SGL_302j/LIB_ELF/LIBSGL.A(sglI04.o)
 .text          0x00000000060234b0      0x128 /joe/Compiler/COMMON/SGL_302j/LIB_ELF/LIBSGL.A(sglIc0.o)
                0x00000000060234b0                slInitSystem
 *fill*         0x00000000060235d8        0x8 
 .text          0x00000000060235e0        0x0 /joe/Compiler/COMMON/SGL_302j/LIB_ELF/LIBSGL.A(sglJ00.o)
 .text          0x00000000060235e0        0x0 /joe/Compiler/COMMON/SGL_302j/LIB_ELF/LIBSGL.A(sglJ01.o)
 .text          0x00000000060235e0        0x0 /joe/Compiler/COMMON/SGL_302j/LIB_ELF/LIBSGL.A(sglJ02.o)
 .text          0x00000000060235e0        0x0 /joe/Compiler/COMMON/SGL_302j/LIB_ELF/LIBSGL.A(sglJ03.o)
 .text          0x00000000060235e0        0x0 /joe/Compiler/COMMON/SGL_302j/LIB_ELF/LIBSGL.A(sglJ04.o)
 .text          0x00000000060235e0        0x0 /joe/Compiler/COMMON/SGL_302j/LIB_ELF/LIBSGL.A(sglJ05.o)
 .text          0x00000000060235e0        0x0 /joe/Compiler/COMMON/SGL_302j/LIB_ELF/LIBSGL.A(sglK01.o)
 .text          0x00000000060235e0        0x0 /joe/Compiler/COMMON/SGL_302j/LIB_ELF/LIBSGL.A(sglM00.o)
 .text          0x00000000060235e0        0x0 /joe/Compiler/COMMON/SGL_302j/LIB_ELF/LIBSGL.A(sglM01.o)
 .text          0x00000000060235e0        0x0 /joe/Compiler/COMMON/SGL_302j/LIB_ELF/LIBSGL.A(sglA00.o)
 .text          0x00000000060235e0        0x0 /joe/Compiler/COMMON/SGL_302j/LIB_ELF/LIBSGL.A(sglA03.o)
 .text          0x00000000060235e0        0x0 /joe/Compiler/COMMON/SGL_302j/LIB_ELF/LIBSGL.A(sglA10.o)
 .text          0x00000000060235e0        0x0 /joe/Compiler/COMMON/SGL_302j/LIB_ELF/LIBSGL.A(sglA24.o)
 .text          0x00000000060235e0        0x0 /joe/Compiler/COMMON/SGL_302j/LIB_ELF/LIBSGL.A(sglA25.o)
 .text          0x00000000060235e0        0x0 /joe/Compiler/COMMON/SGL_302j/LIB_ELF/LIBSGL.A(sglB000.o)
 .text          0x00000000060235e0        0x0 /joe/Compiler/COMMON/SGL_302j/LIB_ELF/LIBSGL.A(sglC00.o)
 .text          0x00000000060235e0        0x0 /joe/Compiler/COMMON/SGL_302j/LIB_ELF/LIBSGL.A(sglC13.o)
 .text          0x00000000060235e0        0x0 /joe/Compiler/COMMON/SGL_302j/LIB_ELF/LIBSGL.A(sglD19.o)
 .text          0x00000000060235e0        0x0 /joe/Compiler/COMMON/SGL_302j/LIB_ELF/LIBSGL.A(sglI00.o)
 .text          0x00000000060235e0        0x0 /joe/Compiler/COMMON/SGL_302j/LIB_ELF/LIBSGL.A(sglH03.o)
 .text          0x00000000060235e0       0x52 /joe/Compiler/LINUX/bin/../lib/gcc/sh-none-elf/8.2.0/libgcc.a(_ashiftrt.o)
                0x00000000060235e0                __ashiftrt_r4_31
                0x00000000060235e0                __ashiftrt_r4_32
                0x00000000060235e6                __ashiftrt_r4_30
                0x00000000060235e8                __ashiftrt_r4_29
                0x00000000060235ea                __ashiftrt_r4_28
                0x00000000060235ec                __ashiftrt_r4_27
                0x00000000060235ee                __ashiftrt_r4_26
                0x00000000060235f0                __ashiftrt_r4_25
                0x00000000060235f2                __ashiftrt_r4_24
                0x00000000060235fa                __ashiftrt_r4_23
                0x00000000060235fc                __ashiftrt_r4_22
                0x00000000060235fe                __ashiftrt_r4_21
                0x0000000006023600                __ashiftrt_r4_20
                0x0000000006023602                __ashiftrt_r4_19
                0x0000000006023604                __ashiftrt_r4_18
                0x0000000006023606                __ashiftrt_r4_17
                0x0000000006023608                __ashiftrt_r4_16
                0x000000000602360e                __ashiftrt_r4_15
                0x0000000006023610                __ashiftrt_r4_14
                0x0000000006023612                __ashiftrt_r4_13
                0x0000000006023614                __ashiftrt_r4_12
                0x0000000006023616                __ashiftrt_r4_11
                0x0000000006023618                __ashiftrt_r4_10
                0x000000000602361a                __ashiftrt_r4_9
                0x000000000602361c                __ashiftrt_r4_8
                0x000000000602361e                __ashiftrt_r4_7
                0x0000000006023620                __ashiftrt_r4_6
                0x0000000006023622                __ashiftrt_r4_5
                0x0000000006023624                __ashiftrt_r4_4
                0x0000000006023626                __ashiftrt_r4_3
                0x0000000006023628                __ashiftrt_r4_2
                0x000000000602362a                __ashiftrt_r4_1
                0x000000000602362e                __ashiftrt_r4_0
 *fill*         0x0000000006023632        0x2 
 .text          0x0000000006023634       0xa0 /joe/Compiler/LINUX/bin/../lib/gcc/sh-none-elf/8.2.0/libgcc.a(_sdivsi3.o)
                0x0000000006023634                __sdivsi3
 .text          0x00000000060236d4       0x6c /joe/Compiler/LINUX/bin/../lib/gcc/sh-none-elf/8.2.0/libgcc.a(_udivsi3.o)
                0x00000000060236f6                __udivsi3
 .text          0x0000000006023740      0x210 /joe/Compiler/LINUX/bin/../lib/gcc/sh-none-elf/8.2.0/libgcc.a(_addsub_sf.o)
                0x00000000060238b4                __addsf3
                0x0000000006023900                __subsf3
 .text          0x0000000006023950      0x134 /joe/Compiler/LINUX/bin/../lib/gcc/sh-none-elf/8.2.0/libgcc.a(_mul_sf.o)
                0x0000000006023950                __mulsf3
 .text          0x0000000006023a84       0xdc /joe/Compiler/LINUX/bin/../lib/gcc/sh-none-elf/8.2.0/libgcc.a(_div_sf.o)
                0x0000000006023a84                __divsf3
 .text          0x0000000006023b60       0x54 /joe/Compiler/LINUX/bin/../lib/gcc/sh-none-elf/8.2.0/libgcc.a(_eq_sf.o)
                0x0000000006023b60                __eqsf2
 .text          0x0000000006023bb4       0x54 /joe/Compiler/LINUX/bin/../lib/gcc/sh-none-elf/8.2.0/libgcc.a(_ne_sf.o)
                0x0000000006023bb4                __nesf2
 .text          0x0000000006023c08       0x4c /joe/Compiler/LINUX/bin/../lib/gcc/sh-none-elf/8.2.0/libgcc.a(_gt_sf.o)
                0x0000000006023c08                __gtsf2
 .text          0x0000000006023c54       0x4c /joe/Compiler/LINUX/bin/../lib/gcc/sh-none-elf/8.2.0/libgcc.a(_ge_sf.o)
                0x0000000006023c54                __gesf2
 .text          0x0000000006023ca0       0x54 /joe/Compiler/LINUX/bin/../lib/gcc/sh-none-elf/8.2.0/libgcc.a(_lt_sf.o)
                0x0000000006023ca0                __ltsf2
 .text          0x0000000006023cf4       0x54 /joe/Compiler/LINUX/bin/../lib/gcc/sh-none-elf/8.2.0/libgcc.a(_le_sf.o)
                0x0000000006023cf4                __lesf2
 .text          0x0000000006023d48       0x84 /joe/Compiler/LINUX/bin/../lib/gcc/sh-none-elf/8.2.0/libgcc.a(_si_to_sf.o)
                0x0000000006023d48                __floatsisf
 .text          0x0000000006023dcc       0x7c /joe/Compiler/LINUX/bin/../lib/gcc/sh-none-elf/8.2.0/libgcc.a(_sf_to_si.o)
                0x0000000006023dcc                __fixsfsi
 .text          0x0000000006023e48       0x3c /joe/Compiler/LINUX/bin/../lib/gcc/sh-none-elf/8.2.0/libgcc.a(_sf_to_df.o)
                0x0000000006023e48                __extendsfdf2
 .text          0x0000000006023e84        0x0 /joe/Compiler/LINUX/bin/../lib/gcc/sh-none-elf/8.2.0/libgcc.a(_thenan_sf.o)
 .text          0x0000000006023e84       0x94 /joe/Compiler/LINUX/bin/../lib/gcc/sh-none-elf/8.2.0/libgcc.a(_usi_to_sf.o)
                0x0000000006023e84                __floatunsisf
 .text          0x0000000006023f18       0x28 /joe/Compiler/LINUX/bin/../lib/gcc/sh-none-elf/8.2.0/libgcc.a(_make_df.o)
                0x0000000006023f18                __make_dp
 .text          0x0000000006023f40       0x4c /joe/Compiler/LINUX/bin/../lib/gcc/sh-none-elf/8.2.0/libgcc.a(_df_to_sf.o)
                0x0000000006023f40                __truncdfsf2
 .text          0x0000000006023f8c      0x114 /joe/Compiler/LINUX/bin/../lib/gcc/sh-none-elf/8.2.0/libgcc.a(_pack_sf.o)
                0x0000000006023f8c                __pack_f
 .text          0x00000000060240a0       0xa0 /joe/Compiler/LINUX/bin/../lib/gcc/sh-none-elf/8.2.0/libgcc.a(_unpack_sf.o)
                0x00000000060240a0                __unpack_f
 .text          0x0000000006024140       0xa8 /joe/Compiler/LINUX/bin/../lib/gcc/sh-none-elf/8.2.0/libgcc.a(_fpcmp_parts_sf.o)
                0x0000000006024140                __fpcmp_parts_f
 .text          0x00000000060241e8       0x20 /joe/Compiler/LINUX/bin/../lib/gcc/sh-none-elf/8.2.0/libgcc.a(_make_sf.o)
                0x00000000060241e8                __make_fp
 .text          0x0000000006024208        0x0 /joe/Compiler/LINUX/bin/../lib/gcc/sh-none-elf/8.2.0/../../../../sh-none-elf/lib/libc.a(lib_a-impure.o)
 .text          0x0000000006024208       0x1e /joe/Compiler/LINUX/bin/../lib/gcc/sh-none-elf/8.2.0/../../../../sh-none-elf/lib/libc.a(lib_a-memcmp.o)
                0x0000000006024208                memcmp
 *fill*         0x0000000006024226        0x2 
 .text          0x0000000006024228       0x94 /joe/Compiler/LINUX/bin/../lib/gcc/sh-none-elf/8.2.0/../../../../sh-none-elf/lib/libc.a(lib_a-memcpy.o)
                0x0000000006024228                memcpy
 .text          0x00000000060242bc       0x40 /joe/Compiler/LINUX/bin/../lib/gcc/sh-none-elf/8.2.0/../../../../sh-none-elf/lib/libc.a(lib_a-memset.o)
                0x00000000060242bc                memset
 .text          0x00000000060242fc       0x58 /joe/Compiler/LINUX/bin/../lib/gcc/sh-none-elf/8.2.0/../../../../sh-none-elf/lib/libc.a(lib_a-rand.o)
                0x00000000060242fc                srand
                0x0000000006024310                rand
 .text          0x0000000006024354       0x60 /joe/Compiler/LINUX/bin/../lib/gcc/sh-none-elf/8.2.0/../../../../sh-none-elf/lib/libc.a(lib_a-rget.o)
                0x0000000006024354                __srget_r
                0x00000000060243a0                __srget
 .text          0x00000000060243b4       0x8c /joe/Compiler/LINUX/bin/../lib/gcc/sh-none-elf/8.2.0/../../../../sh-none-elf/lib/libc.a(lib_a-sprintf.o)
                0x00000000060243b4                _sprintf_r
                0x00000000060243f4                sprintf
 .text          0x0000000006024440       0x22 /joe/Compiler/LINUX/bin/../lib/gcc/sh-none-elf/8.2.0/../../../../sh-none-elf/lib/libc.a(lib_a-strcat.o)
                0x0000000006024440                strcat
 *fill*         0x0000000006024462        0x2 
 .text          0x0000000006024464       0x38 /joe/Compiler/LINUX/bin/../lib/gcc/sh-none-elf/8.2.0/../../../../sh-none-elf/lib/libc.a(lib_a-strcmp.o)
                0x0000000006024464                strcmp
 .text          0x000000000602449c       0x3c /joe/Compiler/LINUX/bin/../lib/gcc/sh-none-elf/8.2.0/../../../../sh-none-elf/lib/libc.a(lib_a-strcpy.o)
                0x000000000602449c                strcpy
 .text          0x00000000060244d8       0x20 /joe/Compiler/LINUX/bin/../lib/gcc/sh-none-elf/8.2.0/../../../../sh-none-elf/lib/libc.a(lib_a-strlen.o)
                0x00000000060244d8                strlen
 .text          0x00000000060244f8       0x2a /joe/Compiler/LINUX/bin/../lib/gcc/sh-none-elf/8.2.0/../../../../sh-none-elf/lib/libc.a(lib_a-strncmp.o)
                0x00000000060244f8                strncmp
 .text          0x0000000006024522       0x32 /joe/Compiler/LINUX/bin/../lib/gcc/sh-none-elf/8.2.0/../../../../sh-none-elf/lib/libc.a(lib_a-strncpy.o)
                0x0000000006024522                strncpy
 .text          0x0000000006024554       0x36 /joe/Compiler/LINUX/bin/../lib/gcc/sh-none-elf/8.2.0/../../../../sh-none-elf/lib/libc.a(lib_a-strstr.o)
                0x0000000006024554                strstr
 *fill*         0x000000000602458a        0x2 
 .text          0x000000000602458c     0x1378 /joe/Compiler/LINUX/bin/../lib/gcc/sh-none-elf/8.2.0/../../../../sh-none-elf/lib/libc.a(lib_a-svfprintf.o)
                0x000000000602458c                _svfprintf_r
 .text          0x0000000006025904       0xdc /joe/Compiler/LINUX/bin/../lib/gcc/sh-none-elf/8.2.0/../../../../sh-none-elf/lib/libc.a(lib_a-wbuf.o)
                0x0000000006025904                __swbuf_r
                0x00000000060259cc                __swbuf
 .text          0x00000000060259e0       0xcc /joe/Compiler/LINUX/bin/../lib/gcc/sh-none-elf/8.2.0/../../../../sh-none-elf/lib/libc.a(lib_a-wsetup.o)
                0x00000000060259e0                __swsetup_r
 .text          0x0000000006025aac      0xef4 /joe/Compiler/LINUX/bin/../lib/gcc/sh-none-elf/8.2.0/../../../../sh-none-elf/lib/libc.a(lib_a-dtoa.o)
                0x0000000006025be0                _dtoa_r
 .text          0x00000000060269a0      0x1a8 /joe/Compiler/LINUX/bin/../lib/gcc/sh-none-elf/8.2.0/../../../../sh-none-elf/lib/libc.a(lib_a-fflush.o)
                0x00000000060269a0                __sflush_r
                0x0000000006026ae0                _fflush_r
                0x0000000006026b20                fflush
 .text          0x0000000006026b48      0x218 /joe/Compiler/LINUX/bin/../lib/gcc/sh-none-elf/8.2.0/../../../../sh-none-elf/lib/libc.a(lib_a-findfp.o)
                0x0000000006026ba4                _cleanup_r
                0x0000000006026bb8                __sfmoreglue
                0x0000000006026c04                _cleanup
                0x0000000006026c18                __sinit
                0x0000000006026c6c                __sfp
                0x0000000006026d20                __sfp_lock_acquire
                0x0000000006026d24                __sfp_lock_release
                0x0000000006026d28                __sinit_lock_acquire
                0x0000000006026d2c                __sinit_lock_release
                0x0000000006026d30                __fp_lock_all
                0x0000000006026d48                __fp_unlock_all
 .text          0x0000000006026d60       0xb4 /joe/Compiler/LINUX/bin/../lib/gcc/sh-none-elf/8.2.0/../../../../sh-none-elf/lib/libc.a(lib_a-fwalk.o)
                0x0000000006026d60                _fwalk
                0x0000000006026db6                _fwalk_reent
 .text          0x0000000006026e14       0x40 /joe/Compiler/LINUX/bin/../lib/gcc/sh-none-elf/8.2.0/../../../../sh-none-elf/lib/libc.a(lib_a-localeconv.o)
                0x0000000006026e14                __localeconv_l
                0x0000000006026e1c                _localeconv_r
                0x0000000006026e38                localeconv
 .text          0x0000000006026e54       0xa8 /joe/Compiler/LINUX/bin/../lib/gcc/sh-none-elf/8.2.0/../../../../sh-none-elf/lib/libc.a(lib_a-locale.o)
                0x0000000006026e54                _setlocale_r
                0x0000000006026ea0                __locale_mb_cur_max
                0x0000000006026ec0                __locale_ctype_ptr_l
                0x0000000006026eca                __locale_ctype_ptr
                0x0000000006026ee8                setlocale
 .text          0x0000000006026efc      0x110 /joe/Compiler/LINUX/bin/../lib/gcc/sh-none-elf/8.2.0/../../../../sh-none-elf/lib/libc.a(lib_a-makebuf.o)
                0x0000000006026efc                __swhatbuf_r
                0x0000000006026f60                __smakebuf_r
 .text          0x000000000602700c       0x4c /joe/Compiler/LINUX/bin/../lib/gcc/sh-none-elf/8.2.0/../../../../sh-none-elf/lib/libc.a(lib_a-mbtowc_r.o)
                0x000000000602700c                _mbtowc_r
                0x0000000006027030                __ascii_mbtowc
 .text          0x0000000006027058       0x1c /joe/Compiler/LINUX/bin/../lib/gcc/sh-none-elf/8.2.0/../../../../sh-none-elf/lib/libc.a(lib_a-memchr.o)
                0x0000000006027058                memchr
 .text          0x0000000006027074      0xa9c /joe/Compiler/LINUX/bin/../lib/gcc/sh-none-elf/8.2.0/../../../../sh-none-elf/lib/libc.a(lib_a-mprec.o)
                0x0000000006027074                _Balloc
                0x00000000060270e8                _Bfree
                0x0000000006027100                __multadd
                0x00000000060271a8                __s2b
                0x0000000006027268                __hi0bits
                0x00000000060272bc                __lo0bits
                0x0000000006027320                __i2b
                0x000000000602733c                __multiply
                0x0000000006027480                __pow5mult
                0x000000000602753c                __lshift
                0x0000000006027630                __mcmp
                0x0000000006027668                __mdiff
                0x0000000006027744                __ulp
                0x00000000060277b0                __b2d
                0x0000000006027898                __d2b
                0x0000000006027984                __ratio
                0x0000000006027a08                _mprec_log10
                0x0000000006027a60                __copybits
                0x0000000006027aa4                __any_on
 .text          0x0000000006027b10      0x14c /joe/Compiler/LINUX/bin/../lib/gcc/sh-none-elf/8.2.0/../../../../sh-none-elf/lib/libc.a(lib_a-refill.o)
                0x0000000006027b28                __srefill_r
 .text          0x0000000006027c5c       0xe0 /joe/Compiler/LINUX/bin/../lib/gcc/sh-none-elf/8.2.0/../../../../sh-none-elf/lib/libc.a(lib_a-stdio.o)
                0x0000000006027c5c                __sread
                0x0000000006027c98                __seofread
                0x0000000006027c9c                __swrite
                0x0000000006027cec                __sseek
                0x0000000006027d2c                __sclose
 .text          0x0000000006027d3c      0xa60 /joe/Compiler/LINUX/bin/../lib/gcc/sh-none-elf/8.2.0/../../../../sh-none-elf/lib/libc.a(lib_a-svfiprintf.o)
                0x0000000006027d3c                __ssprint_r
                0x0000000006027e70                _svfiprintf_r
 .text          0x000000000602879c       0x40 /joe/Compiler/LINUX/bin/../lib/gcc/sh-none-elf/8.2.0/../../../../sh-none-elf/lib/libc.a(lib_a-wctomb_r.o)
                0x000000000602879c                _wctomb_r
                0x00000000060287bc                __ascii_wctomb
 .text          0x00000000060287dc       0x34 /joe/Compiler/LINUX/bin/../lib/gcc/sh-none-elf/8.2.0/../../../../sh-none-elf/lib/libc.a(lib_a-writer.o)
                0x00000000060287dc                _write_r
 .text          0x0000000006028810       0x30 /joe/Compiler/LINUX/bin/../lib/gcc/sh-none-elf/8.2.0/../../../../sh-none-elf/lib/libc.a(lib_a-closer.o)
                0x0000000006028810                _close_r
 .text          0x0000000006028840        0x0 /joe/Compiler/LINUX/bin/../lib/gcc/sh-none-elf/8.2.0/../../../../sh-none-elf/lib/libc.a(lib_a-ctype_.o)
 .text          0x0000000006028840       0xc8 /joe/Compiler/LINUX/bin/../lib/gcc/sh-none-elf/8.2.0/../../../../sh-none-elf/lib/libc.a(lib_a-fclose.o)
                0x0000000006028840                _fclose_r
                0x00000000060288f4                fclose
 .text          0x0000000006028908       0x34 /joe/Compiler/LINUX/bin/../lib/gcc/sh-none-elf/8.2.0/../../../../sh-none-elf/lib/libc.a(lib_a-fstatr.o)
                0x0000000006028908                _fstat_r
 .text          0x000000000602893c       0x30 /joe/Compiler/LINUX/bin/../lib/gcc/sh-none-elf/8.2.0/../../../../sh-none-elf/lib/libc.a(lib_a-isattyr.o)
                0x000000000602893c                _isatty_r
 .text          0x000000000602896c       0x34 /joe/Compiler/LINUX/bin/../lib/gcc/sh-none-elf/8.2.0/../../../../sh-none-elf/lib/libc.a(lib_a-lseekr.o)
                0x000000000602896c                _lseek_r
 .text          0x00000000060289a0       0x3c /joe/Compiler/LINUX/bin/../lib/gcc/sh-none-elf/8.2.0/../../../../sh-none-elf/lib/libc.a(lib_a-memmove.o)
                0x00000000060289a0                memmove
 .text          0x00000000060289dc       0x34 /joe/Compiler/LINUX/bin/../lib/gcc/sh-none-elf/8.2.0/../../../../sh-none-elf/lib/libc.a(lib_a-readr.o)
                0x00000000060289dc                _read_r
 .text          0x0000000006028a10      0x100 /joe/Compiler/LINUX/bin/../lib/gcc/sh-none-elf/8.2.0/../../../../sh-none-elf/lib/libc.a(lib_a-reent.o)
                0x0000000006028a10                cleanup_glue
                0x0000000006028a3c                _reclaim_reent
 .text          0x0000000006028b10      0x25c /joe/Compiler/LINUX/bin/../lib/gcc/sh-none-elf/8.2.0/../../../../sh-none-elf/lib/libc.a(lib_a-syscalls.o)
                0x0000000006028b88                _read
                0x0000000006028b98                _lseek
                0x0000000006028ba8                _write
                0x0000000006028bb8                _close
                0x0000000006028bc8                _link
                0x0000000006028bcc                _sbrk
                0x0000000006028c24                _fstat
                0x0000000006028c2e                _open
                0x0000000006028c40                _creat
                0x0000000006028c50                _unlink
                0x0000000006028c54                isatty
                0x0000000006028c58                _isatty
                0x0000000006028c5c                _exit
                0x0000000006028c6c                _kill
                0x0000000006028c80                _getpid
                0x0000000006028c84                _raise
                0x0000000006028c88                _stat
                0x0000000006028c98                _chmod
                0x0000000006028ca8                _chown
                0x0000000006028cb8                _utime
                0x0000000006028ccc                _fork
                0x0000000006028cd8                _wait
                0x0000000006028ce8                _execve
                0x0000000006028cf8                _execv
                0x0000000006028d08                _pipe
                0x0000000006028d14                _times
                0x0000000006028d18                _gettimeofday
                0x0000000006028d40                __setup_argv_and_call_main
 .text          0x0000000006028d6c       0x14 /joe/Compiler/LINUX/bin/../lib/gcc/sh-none-elf/8.2.0/../../../../sh-none-elf/lib/libc.a(lib_a-trap.o)
                0x0000000006028d6c                __trap34
 .text          0x0000000006028d80       0x18 /joe/Compiler/LINUX/bin/../lib/gcc/sh-none-elf/8.2.0/../../../../sh-none-elf/lib/libc.a(lib_a-abort.o)
                0x0000000006028d80                abort
 .text          0x0000000006028d98      0x1b0 /joe/Compiler/LINUX/bin/../lib/gcc/sh-none-elf/8.2.0/../../../../sh-none-elf/lib/libc.a(lib_a-signal.o)
                0x0000000006028d98                _init_signal_r
                0x0000000006028dd4                _signal_r
                0x0000000006028e20                _raise_r
                0x0000000006028e98                __sigtramp_r
                0x0000000006028efc                raise
                0x0000000006028f10                signal
                0x0000000006028f24                _init_signal
                0x0000000006028f34                __sigtramp
 .text          0x0000000006028f48       0x40 /joe/Compiler/LINUX/bin/../lib/gcc/sh-none-elf/8.2.0/../../../../sh-none-elf/lib/libc.a(lib_a-signalr.o)
                0x0000000006028f48                _kill_r
                0x0000000006028f7c                _getpid_r
 .text          0x0000000006028f88       0x80 /joe/Compiler/LINUX/bin/../lib/gcc/sh-none-elf/8.2.0/libgcc.a(_ashiftrt_n.o)
                0x0000000006028f88                __ashrsi3
 .text          0x0000000006029008       0xbc /joe/Compiler/LINUX/bin/../lib/gcc/sh-none-elf/8.2.0/libgcc.a(_ashiftlt.o)
                0x0000000006029008                __ashlsi3
                0x000000000602900c                __ashlsi3_r0
 .text          0x00000000060290c4       0xbc /joe/Compiler/LINUX/bin/../lib/gcc/sh-none-elf/8.2.0/libgcc.a(_lshiftrt.o)
                0x00000000060290c4                __lshrsi3
                0x00000000060290c8                __lshrsi3_r0
 .text          0x0000000006029180      0x258 /joe/Compiler/LINUX/bin/../lib/gcc/sh-none-elf/8.2.0/libgcc.a(_udivdi3.o)
                0x0000000006029180                __udivdi3
 .text          0x00000000060293d8      0x2bc /joe/Compiler/LINUX/bin/../lib/gcc/sh-none-elf/8.2.0/libgcc.a(_umoddi3.o)
                0x00000000060293d8                __umoddi3
 .text          0x0000000006029694      0x3b4 /joe/Compiler/LINUX/bin/../lib/gcc/sh-none-elf/8.2.0/libgcc.a(_addsub_df.o)
                0x00000000060299a4                __adddf3
                0x00000000060299f4                __subdf3
 .text          0x0000000006029a48      0x208 /joe/Compiler/LINUX/bin/../lib/gcc/sh-none-elf/8.2.0/libgcc.a(_mul_df.o)
                0x0000000006029a48                __muldf3
 .text          0x0000000006029c50      0x130 /joe/Compiler/LINUX/bin/../lib/gcc/sh-none-elf/8.2.0/libgcc.a(_div_df.o)
                0x0000000006029c50                __divdf3
 .text          0x0000000006029d80       0x58 /joe/Compiler/LINUX/bin/../lib/gcc/sh-none-elf/8.2.0/libgcc.a(_eq_df.o)
                0x0000000006029d80                __eqdf2
 .text          0x0000000006029dd8       0x58 /joe/Compiler/LINUX/bin/../lib/gcc/sh-none-elf/8.2.0/libgcc.a(_ne_df.o)
                0x0000000006029dd8                __nedf2
 .text          0x0000000006029e30       0x50 /joe/Compiler/LINUX/bin/../lib/gcc/sh-none-elf/8.2.0/libgcc.a(_gt_df.o)
                0x0000000006029e30                __gtdf2
 .text          0x0000000006029e80       0x50 /joe/Compiler/LINUX/bin/../lib/gcc/sh-none-elf/8.2.0/libgcc.a(_ge_df.o)
                0x0000000006029e80                __gedf2
 .text          0x0000000006029ed0       0x58 /joe/Compiler/LINUX/bin/../lib/gcc/sh-none-elf/8.2.0/libgcc.a(_lt_df.o)
                0x0000000006029ed0                __ltdf2
 .text          0x0000000006029f28       0x58 /joe/Compiler/LINUX/bin/../lib/gcc/sh-none-elf/8.2.0/libgcc.a(_le_df.o)
                0x0000000006029f28                __ledf2
 .text          0x0000000006029f80       0x40 /joe/Compiler/LINUX/bin/../lib/gcc/sh-none-elf/8.2.0/libgcc.a(_unord_df.o)
                0x0000000006029f80                __unorddf2
 .text          0x0000000006029fc0       0xa8 /joe/Compiler/LINUX/bin/../lib/gcc/sh-none-elf/8.2.0/libgcc.a(_si_to_df.o)
                0x0000000006029fc0                __floatsidf
 .text          0x000000000602a068       0xa4 /joe/Compiler/LINUX/bin/../lib/gcc/sh-none-elf/8.2.0/libgcc.a(_df_to_si.o)
                0x000000000602a068                __fixdfsi
 .text          0x000000000602a10c        0x0 /joe/Compiler/LINUX/bin/../lib/gcc/sh-none-elf/8.2.0/libgcc.a(_thenan_df.o)
 .text          0x000000000602a10c       0x88 /joe/Compiler/LINUX/bin/../lib/gcc/sh-none-elf/8.2.0/libgcc.a(_usi_to_df.o)
                0x000000000602a10c                __floatunsidf
 *fill*         0x000000000602a194        0x4 
 .text          0x000000000602a198       0x60 /joe/Compiler/LINUX/bin/../lib/gcc/sh-none-elf/8.2.0/libgcc.a(_udiv_qrnnd_16.o)
                0x000000000602a198                __udiv_qrnnd_16
 .text          0x000000000602a1f8        0x0 /joe/Compiler/LINUX/bin/../lib/gcc/sh-none-elf/8.2.0/libgcc.a(_clz.o)
 .text          0x000000000602a1f8       0x58 /joe/Compiler/LINUX/bin/../lib/gcc/sh-none-elf/8.2.0/libgcc.a(_clzsi2.o)
                0x000000000602a1f8                __clzsi2
 .text          0x000000000602a250      0x25c /joe/Compiler/LINUX/bin/../lib/gcc/sh-none-elf/8.2.0/libgcc.a(_pack_df.o)
                0x000000000602a250                __pack_d
 .text          0x000000000602a4ac       0xcc /joe/Compiler/LINUX/bin/../lib/gcc/sh-none-elf/8.2.0/libgcc.a(_unpack_df.o)
                0x000000000602a4ac                __unpack_d
 .text          0x000000000602a578       0xc8 /joe/Compiler/LINUX/bin/../lib/gcc/sh-none-elf/8.2.0/libgcc.a(_fpcmp_parts_df.o)
                0x000000000602a578                __fpcmp_parts_d
 *(.strings)
 *(SEGA_P)
 *(.eh_frame_hdr)
 *(.eh_frame)
 .eh_frame      0x000000000602a640       0xa8 /joe/Compiler/LINUX/bin/../lib/gcc/sh-none-elf/8.2.0/libgcc.a(_udivdi3.o)
 .eh_frame      0x000000000602a6e8       0xdc /joe/Compiler/LINUX/bin/../lib/gcc/sh-none-elf/8.2.0/libgcc.a(_umoddi3.o)
                0x000000000602a7c4                __etext = .

.text.startup   0x000000000602a7d0      0xc20
 .text.startup  0x000000000602a7d0      0xc14 /tmp/ccuBsEv2.ltrans0.ltrans.o
                0x000000000602a7d0                main

SLPROG          0x000000000602b400    0x158a0
                0x000000000602b400                __slprog_start = .
 *(SLPROG)
 SLPROG         0x000000000602b400     0x6540 /joe/Compiler/COMMON/SGL_302j/LIB_ELF/SGLAREA.O
                0x000000000602b400                MasterStack
                0x000000000602b404                SlaveStack
                0x000000000602b408                MaxVertices
                0x000000000602b40a                MaxPolygons
                0x000000000602b40c                SortList
                0x000000000602b410                SortListSize
                0x000000000602b414                TransList
                0x000000000602b418                Zbuffer
                0x000000000602b41c                SpriteBuf
                0x000000000602b420                SpriteBufSize
                0x000000000602b424                Pbuffer
                0x000000000602b428                CommandBuf
                0x000000000602b42c                CLOfstBuf
                0x000000000602b430                PCM_Work
                0x000000000602b434                PCM_WkSize
                0x000000000602b438                MaxEvents
                0x000000000602b43a                EventSize
                0x000000000602b43c                MaxWorks
                0x000000000602b43e                WorkSize
                0x000000000602b440                RemainEvent
                0x000000000602b540                RemainWork
                0x000000000602b940                EventBuf
                0x000000000602d940                WorkBuf
 SLPROG         0x0000000006031940     0x411e /joe/Compiler/COMMON/SGL_302j/LIB_ELF/LIBSGL.A(sglA01.o)
                0x0000000006031940                slSin
                0x0000000006031964                slCos
                0x0000000006031988                GetSinCos
                0x0000000006031a1c                sin_cos_index_tbl
                0x0000000006031a5c                sin_tbl
 *fill*         0x0000000006035a5e        0x2 
 SLPROG         0x0000000006035a60       0x18 /joe/Compiler/COMMON/SGL_302j/LIB_ELF/LIBSGL.A(sglA15.o)
                0x0000000006035a60                slSlaveFunc
 *fill*         0x0000000006035a78        0x8 
 SLPROG         0x0000000006035a80       0xd0 /joe/Compiler/COMMON/SGL_302j/LIB_ELF/LIBSGL.A(sglA16.o)
                0x0000000006035a80                slLookAt
 SLPROG         0x0000000006035b50       0x78 /joe/Compiler/COMMON/SGL_302j/LIB_ELF/LIBSGL.A(sglA17.o)
                0x0000000006035b50                slRotZ
                0x0000000006035b5a                slRotZSC
 *fill*         0x0000000006035bc8        0x8 
 SLPROG         0x0000000006035bd0       0x78 /joe/Compiler/COMMON/SGL_302j/LIB_ELF/LIBSGL.A(sglA18.o)
                0x0000000006035bd0                slRotY
                0x0000000006035bda                slRotYSC
 *fill*         0x0000000006035c48        0x8 
 SLPROG         0x0000000006035c50       0x78 /joe/Compiler/COMMON/SGL_302j/LIB_ELF/LIBSGL.A(sglA19.o)
                0x0000000006035c50                slRotX
                0x0000000006035c5a                slRotXSC
 *fill*         0x0000000006035cc8        0x8 
 SLPROG         0x0000000006035cd0      0x42c /joe/Compiler/COMMON/SGL_302j/LIB_ELF/LIBSGL.A(sglA20.o)
                0x0000000006035cd0                slInitMatrix
                0x0000000006035cda                slPushUnitMatrix
                0x0000000006035cee                slUnitMatrix
 *fill*         0x00000000060360fc        0x4 
 SLPROG         0x0000000006036100       0x48 /joe/Compiler/COMMON/SGL_302j/LIB_ELF/LIBSGL.A(sglA21.o)
                0x0000000006036100                slPushMatrix
                0x0000000006036134                slPopMatrix
                0x0000000006036134                slDecMatrixPtr
 *fill*         0x0000000006036148        0x8 
 SLPROG         0x0000000006036150       0x50 /joe/Compiler/COMMON/SGL_302j/LIB_ELF/LIBSGL.A(sglA27.o)
                0x0000000006036150                slTranslate
 SLPROG         0x00000000060361a0       0x70 /joe/Compiler/COMMON/SGL_302j/LIB_ELF/LIBSGL.A(sglA28.o)
                0x00000000060361a0                slScale
 SLPROG         0x0000000006036210       0x22 /joe/Compiler/COMMON/SGL_302j/LIB_ELF/LIBSGL.A(sglA40.o)
                0x0000000006036210                slCalcVector
 *fill*         0x0000000006036232        0xe 
 SLPROG         0x0000000006036240       0x20 /joe/Compiler/COMMON/SGL_302j/LIB_ELF/LIBSGL.A(sglB001.o)
                0x0000000006036240                slTVOn
                0x000000000603624a                slTVOff
 SLPROG         0x0000000006036260       0x24 /joe/Compiler/COMMON/SGL_302j/LIB_ELF/LIBSGL.A(sglB011.o)
                0x0000000006036260                slBitMapNbg1
 *fill*         0x0000000006036284        0xc 
 SLPROG         0x0000000006036290        0x8 /joe/Compiler/COMMON/SGL_302j/LIB_ELF/LIBSGL.A(sglB014.o)
                0x0000000006036290                slScrTransparent
 *fill*         0x0000000006036298        0x8 
 SLPROG         0x00000000060362a0      0x40c /joe/Compiler/COMMON/SGL_302j/LIB_ELF/LIBSGL.A(sglB015.o)
                0x00000000060362a0                slScrAutoDisp
 *fill*         0x00000000060366ac        0x4 
 SLPROG         0x00000000060366b0        0xc /joe/Compiler/COMMON/SGL_302j/LIB_ELF/LIBSGL.A(sglB016.o)
                0x00000000060366b0                slBack1ColSet
 *fill*         0x00000000060366bc        0x4 
 SLPROG         0x00000000060366c0       0x10 /joe/Compiler/COMMON/SGL_302j/LIB_ELF/LIBSGL.A(sglB020.o)
                0x00000000060366c0                slColorCalc
 SLPROG         0x00000000060366d0        0xc /joe/Compiler/COMMON/SGL_302j/LIB_ELF/LIBSGL.A(sglB021.o)
                0x00000000060366d0                slColorCalcOn
 *fill*         0x00000000060366dc        0x4 
 SLPROG         0x00000000060366e0        0xc /joe/Compiler/COMMON/SGL_302j/LIB_ELF/LIBSGL.A(sglB023.o)
                0x00000000060366e0                slColRate
 *fill*         0x00000000060366ec        0x4 
 SLPROG         0x00000000060366f0       0xb0 /joe/Compiler/COMMON/SGL_302j/LIB_ELF/LIBSGL.A(sglB031.o)
                0x00000000060366f0                slMapNbg0
 SLPROG         0x00000000060367a0       0xb4 /joe/Compiler/COMMON/SGL_302j/LIB_ELF/LIBSGL.A(sglB032.o)
                0x00000000060367a0                slMapNbg1
 *fill*         0x0000000006036854        0xc 
 SLPROG         0x0000000006036860       0xb0 /joe/Compiler/COMMON/SGL_302j/LIB_ELF/LIBSGL.A(sglB033.o)
                0x0000000006036860                slMapNbg2
 SLPROG         0x0000000006036910       0xb4 /joe/Compiler/COMMON/SGL_302j/LIB_ELF/LIBSGL.A(sglB034.o)
                0x0000000006036910                slMapNbg3
 *fill*         0x00000000060369c4        0xc 
 SLPROG         0x00000000060369d0       0xd4 /joe/Compiler/COMMON/SGL_302j/LIB_ELF/LIBSGL.A(sglB035.o)
                0x00000000060369d0                sl1MapRA
                0x0000000006036a62                rbank_set
 *fill*         0x0000000006036aa4        0xc 
 SLPROG         0x0000000006036ab0       0xa0 /joe/Compiler/COMMON/SGL_302j/LIB_ELF/LIBSGL.A(sglB036.o)
                0x0000000006036ab0                sl1MapRB
 SLPROG         0x0000000006036b50       0x70 /joe/Compiler/COMMON/SGL_302j/LIB_ELF/LIBSGL.A(sglB038.o)
                0x0000000006036b50                slRparaInitSet
 SLPROG         0x0000000006036bc0       0x7e /joe/Compiler/COMMON/SGL_302j/LIB_ELF/LIBSGL.A(sglB039.o)
                0x0000000006036bc0                slMakeKtable
 *fill*         0x0000000006036c3e        0x2 
 SLPROG         0x0000000006036c40       0x58 /joe/Compiler/COMMON/SGL_302j/LIB_ELF/LIBSGL.A(sglB040.o)
                0x0000000006036c40                slKtableRA
 *fill*         0x0000000006036c98        0x8 
 SLPROG         0x0000000006036ca0       0x5c /joe/Compiler/COMMON/SGL_302j/LIB_ELF/LIBSGL.A(sglB041.o)
                0x0000000006036ca0                slKtableRB
 *fill*         0x0000000006036cfc        0x4 
 SLPROG         0x0000000006036d00       0x10 /joe/Compiler/COMMON/SGL_302j/LIB_ELF/LIBSGL.A(sglB042.o)
                0x0000000006036d00                slCurRpara
 SLPROG         0x0000000006036d10        0x8 /joe/Compiler/COMMON/SGL_302j/LIB_ELF/LIBSGL.A(sglB043.o)
                0x0000000006036d10                slRparaMode
 *fill*         0x0000000006036d18        0x8 
 SLPROG         0x0000000006036d20      0x4e4 /joe/Compiler/COMMON/SGL_302j/LIB_ELF/LIBSGL.A(sglB044.o)
                0x0000000006036d20                slScrMatSet
 *fill*         0x0000000006037204        0xc 
 SLPROG         0x0000000006037210       0x28 /joe/Compiler/COMMON/SGL_302j/LIB_ELF/LIBSGL.A(sglB045.o)
                0x0000000006037210                slScrMatConv
 *fill*         0x0000000006037238        0x8 
 SLPROG         0x0000000006037240        0xc /joe/Compiler/COMMON/SGL_302j/LIB_ELF/LIBSGL.A(sglB047.o)
                0x0000000006037240                slOverRA
 *fill*         0x000000000603724c        0x4 
 SLPROG         0x0000000006037250       0x10 /joe/Compiler/COMMON/SGL_302j/LIB_ELF/LIBSGL.A(sglB048.o)
                0x0000000006037250                slOverRB
 SLPROG         0x0000000006037260        0xc /joe/Compiler/COMMON/SGL_302j/LIB_ELF/LIBSGL.A(sglB055.o)
                0x0000000006037260                slPlaneNbg0
 *fill*         0x000000000603726c        0x4 
 SLPROG         0x0000000006037270        0xc /joe/Compiler/COMMON/SGL_302j/LIB_ELF/LIBSGL.A(sglB056.o)
                0x0000000006037270                slPlaneNbg1
 *fill*         0x000000000603727c        0x4 
 SLPROG         0x0000000006037280       0x10 /joe/Compiler/COMMON/SGL_302j/LIB_ELF/LIBSGL.A(sglB057.o)
                0x0000000006037280                slPlaneNbg2
 SLPROG         0x0000000006037290       0x10 /joe/Compiler/COMMON/SGL_302j/LIB_ELF/LIBSGL.A(sglB058.o)
                0x0000000006037290                slPlaneNbg3
 SLPROG         0x00000000060372a0        0xc /joe/Compiler/COMMON/SGL_302j/LIB_ELF/LIBSGL.A(sglB059.o)
                0x00000000060372a0                slPlaneRA
 *fill*         0x00000000060372ac        0x4 
 SLPROG         0x00000000060372b0       0x10 /joe/Compiler/COMMON/SGL_302j/LIB_ELF/LIBSGL.A(sglB060.o)
                0x00000000060372b0                slPlaneRB
 SLPROG         0x00000000060372c0        0xc /joe/Compiler/COMMON/SGL_302j/LIB_ELF/LIBSGL.A(sglB063.o)
                0x00000000060372c0                slPriority
 *fill*         0x00000000060372cc        0x4 
 SLPROG         0x00000000060372d0       0x18 /joe/Compiler/COMMON/SGL_302j/LIB_ELF/LIBSGL.A(sglB087.o)
                0x00000000060372d0                slLineScrollTable0
 *fill*         0x00000000060372e8        0x8 
 SLPROG         0x00000000060372f0        0x8 /joe/Compiler/COMMON/SGL_302j/LIB_ELF/LIBSGL.A(sglB088.o)
                0x00000000060372f0                slLineScrollTable1
 *fill*         0x00000000060372f8        0x8 
 SLPROG         0x0000000006037300        0xc /joe/Compiler/COMMON/SGL_302j/LIB_ELF/LIBSGL.A(sglB090.o)
                0x0000000006037300                slLineScrollMode
 *fill*         0x000000000603730c        0x4 
 SLPROG         0x0000000006037310      0x114 /joe/Compiler/COMMON/SGL_302j/LIB_ELF/LIBSGL.A(sglB200.o)
                0x0000000006037310                slCharRbg0
                0x000000000603731c                slCharNbg0
                0x0000000006037328                slCharNbg1
                0x0000000006037334                slCharNbg2
                0x000000000603734a                slCharNbg3
                0x0000000006037362                slPageRbg0
                0x0000000006037378                slPageNbg1
                0x0000000006037380                slPageNbg2
                0x0000000006037388                slPageNbg3
                0x0000000006037394                slPageNbg0
 *fill*         0x0000000006037424        0xc 
 SLPROG         0x0000000006037430       0x6c /joe/Compiler/COMMON/SGL_302j/LIB_ELF/LIBSGL.A(sglC01.o)
                0x0000000006037430                slPerspective
 *fill*         0x000000000603749c        0x4 
 SLPROG         0x00000000060374a0       0xc4 /joe/Compiler/COMMON/SGL_302j/LIB_ELF/LIBSGL.A(sglC03.o)
                0x00000000060374a0                slWindow
 *fill*         0x0000000006037564        0xc 
 SLPROG         0x0000000006037570       0x2c /joe/Compiler/COMMON/SGL_302j/LIB_ELF/LIBSGL.A(sglC04.o)
                0x0000000006037570                slZdspLevel
 *fill*         0x000000000603759c        0x4 
 SLPROG         0x00000000060375a0       0x78 /joe/Compiler/COMMON/SGL_302j/LIB_ELF/LIBSGL.A(sglC05.o)
                0x00000000060375a0                slSetSprite
 *fill*         0x0000000006037618        0x8 
 SLPROG         0x0000000006037620       0xfa /joe/Compiler/COMMON/SGL_302j/LIB_ELF/LIBSGL.A(sglC06.o)
                0x0000000006037620                slDispSprite
 *fill*         0x000000000603771a        0x6 
 SLPROG         0x0000000006037720      0x162 /joe/Compiler/COMMON/SGL_302j/LIB_ELF/LIBSGL.A(sglC07.o)
                0x0000000006037726                slPutSprite
 *fill*         0x0000000006037882        0xe 
 SLPROG         0x0000000006037890     0x1218 /joe/Compiler/COMMON/SGL_302j/LIB_ELF/LIBSGL.A(sglC08.o)
                0x0000000006037890                slPutPolygon
                0x000000000603850c                MsCalcDepthFlat
 *fill*         0x0000000006038aa8        0x8 
 SLPROG         0x0000000006038ab0       0x8c /joe/Compiler/COMMON/SGL_302j/LIB_ELF/LIBSGL.A(sglC14.o)
                0x0000000006038ab0                slCurWindow
 *fill*         0x0000000006038b3c        0x4 
 SLPROG         0x0000000006038b40       0x54 /joe/Compiler/COMMON/SGL_302j/LIB_ELF/LIBSGL.A(sglC16.o)
                0x0000000006038b40                slDynamicFrame
 *fill*         0x0000000006038b94        0xc 
 SLPROG         0x0000000006038ba0       0x4c /joe/Compiler/COMMON/SGL_302j/LIB_ELF/LIBSGL.A(sglC17.o)
                0x0000000006038ba0                slDispSpriteHV
 *fill*         0x0000000006038bec        0x4 
 SLPROG         0x0000000006038bf0       0xd4 /joe/Compiler/COMMON/SGL_302j/LIB_ELF/LIBSGL.A(sglC19.o)
                0x0000000006038bf0                slDispSprite4P
 *fill*         0x0000000006038cc4        0xc 
 SLPROG         0x0000000006038cd0       0x40 /joe/Compiler/COMMON/SGL_302j/LIB_ELF/LIBSGL.A(sglC20.o)
                0x0000000006038cd0                SpriteEntry
 SLPROG         0x0000000006038d10      0x4ae /joe/Compiler/COMMON/SGL_302j/LIB_ELF/LIBSGL.A(sglC21.o)
                0x0000000006038d98                RotSprite
                0x0000000006038e26                SetSprPosition
 *fill*         0x00000000060391be        0x2 
 SLPROG         0x00000000060391c0       0x84 /joe/Compiler/COMMON/SGL_302j/LIB_ELF/LIBSGL.A(sglD00.o)
                0x00000000060391c0                slDMACopy
                0x00000000060391c0                slCpuDMACopy
                0x000000000603921a                slCashPurge
                0x000000000603921a                CSH_AllClr
 *fill*         0x0000000006039244        0xc 
 SLPROG         0x0000000006039250       0xa0 /joe/Compiler/COMMON/SGL_302j/LIB_ELF/LIBSGL.A(sglD01.o)
                0x0000000006039250                slDMAXCopy
 SLPROG         0x00000000060392f0       0x10 /joe/Compiler/COMMON/SGL_302j/LIB_ELF/LIBSGL.A(sglD02.o)
                0x00000000060392f0                slDMAWait
 SLPROG         0x0000000006039300        0xc /joe/Compiler/COMMON/SGL_302j/LIB_ELF/LIBSGL.A(sglD03.o)
                0x0000000006039300                slDMAStatus
 *fill*         0x000000000603930c        0x4 
 SLPROG         0x0000000006039310       0x20 /joe/Compiler/COMMON/SGL_302j/LIB_ELF/LIBSGL.A(sglD15.o)
                0x0000000006039310                CSH_Purge
 SLPROG         0x0000000006039330       0x84 /joe/Compiler/COMMON/SGL_302j/LIB_ELF/LIBSGL.A(sglD16.o)
                0x0000000006039330                DMA_ScuSetPrm
                0x0000000006039378                DMA_SCU_PRM0
 *fill*         0x00000000060393b4        0xc 
 SLPROG         0x00000000060393c0       0x88 /joe/Compiler/COMMON/SGL_302j/LIB_ELF/LIBSGL.A(sglD17.o)
                0x00000000060393c0                DMA_ScuStart
 *fill*         0x0000000006039448        0x8 
 SLPROG         0x0000000006039450       0x34 /joe/Compiler/COMMON/SGL_302j/LIB_ELF/LIBSGL.A(sglD18.o)
                0x0000000006039450                DMA_ScuGetStatus
 *fill*         0x0000000006039484        0xc 
 SLPROG         0x0000000006039490       0x34 /joe/Compiler/COMMON/SGL_302j/LIB_ELF/LIBSGL.A(sglF08.o)
                0x0000000006039490                slDec2Hex
 *fill*         0x00000000060394c4        0xc 
 SLPROG         0x00000000060394d0      0xfc8 /joe/Compiler/COMMON/SGL_302j/LIB_ELF/LIBSGL.A(sglH00.o)
                0x00000000060394e8                slGetPortDir1
                0x00000000060394f0                slGetPortDir2
                0x00000000060394f8                slSetPortDir1
                0x0000000006039522                slSetPortDir2
                0x000000000603955c                slGetPortData1
                0x0000000006039564                slGetPortData2
                0x000000000603956c                slSetPortData1
                0x0000000006039576                slSetPortData2
                0x0000000006039588                slGetPortSelect1
                0x0000000006039592                slGetPortSelect2
                0x000000000603959c                slSetPortSelect1
                0x00000000060395d0                slSetPortSelect2
                0x000000000603960c                slGetPortExt1
                0x0000000006039616                slGetPortExt2
                0x0000000006039620                slSetPortExt1
                0x0000000006039650                slSetPortExt2
                0x00000000060397c4                slSmpcDirectAccess
                0x0000000006039844                slInitPeripheral
                0x00000000060398d6                slSetResultBuffer
                0x0000000006039962                slCheckIntBackSet
                0x000000000603996e                slIntBackCancel
                0x0000000006039998                slCheckReset
                0x00000000060399a2                slClearReset
                0x0000000006039b68                slSmpcCashSend
                0x0000000006039c24                slSmpcCashBlow
                0x0000000006039d00                slGetOptimize
                0x0000000006039d0a                slSetOptimize
                0x0000000006039d30                slGetPortMode1
                0x0000000006039d3c                slGetPortMode2
                0x0000000006039d4a                slSetPortMode1
                0x0000000006039d88                slSetPortMode2
                0x0000000006039f14                slRequestCommand
                0x0000000006039f84                Smpc_Status
                0x0000000006039f88                Smpc_Result
                0x0000000006039f8c                Smpc_Peripheral
                0x0000000006039f92                Per_Connect1
                0x0000000006039f93                Per_Connect2
                0x0000000006039fb4                SmpcStatusBuf
 *fill*         0x000000000603a498        0x8 
 SLPROG         0x000000000603a4a0       0xa8 /joe/Compiler/COMMON/SGL_302j/LIB_ELF/LIBSGL.A(sglH01.o)
                0x000000000603a4a0                slGetLanguage
                0x000000000603a4aa                slSetLanguage
                0x000000000603a4cc                slGetSoundEffect
                0x000000000603a4d8                slSetSoundEffect
                0x000000000603a4f4                slGetSoundOutput
                0x000000000603a500                slSetSoundOutput
                0x000000000603a51c                slGetHelpWindow
                0x000000000603a528                slSetHelpWindow
 *fill*         0x000000000603a548        0x8 
 SLPROG         0x000000000603a550      0x470 /joe/Compiler/COMMON/SGL_302j/LIB_ELF/LIBSGL.A(sglH02.o)
                0x000000000603a940                smpc_pfr_tbl
                0x000000000603a980                smpc_ptf_tbl
 SLPROG         0x000000000603a9c0       0x60 /joe/Compiler/COMMON/SGL_302j/LIB_ELF/LIBSGL.A(sglH04.o)
                0x000000000603a9c0                slComPrmIntBack
                0x000000000603a9d4                slComPrmSetMemory
                0x000000000603a9ea                slComPrmSetTime
 SLPROG         0x000000000603aa20      0x3a4 /joe/Compiler/COMMON/SGL_302j/LIB_ELF/LIBSGL.A(sglI01.o)
                0x000000000603aa20                slInitSynch
                0x000000000603aa3a                slSynch
                0x000000000603ab30                slRandom
                0x000000000603ab4e                PCM_EndCheck
                0x000000000603ac0a                RetPCMBuf
                0x000000000603aca4                PCM_Buf
                0x000000000603ad44                Sound_Buf
 *fill*         0x000000000603adc4        0xc 
 SLPROG         0x000000000603add0       0x10 /joe/Compiler/COMMON/SGL_302j/LIB_ELF/LIBSGL.A(sglI04.o)
                0x000000000603add0                slIntFunction
 SLPROG         0x000000000603ade0       0x74 /joe/Compiler/COMMON/SGL_302j/LIB_ELF/LIBSGL.A(sglJ00.o)
                0x000000000603ade0                InitSlaveSH
                0x000000000603ae48                SlaveCommand
 *fill*         0x000000000603ae54        0xc 
 SLPROG         0x000000000603ae60      0x3d0 /joe/Compiler/COMMON/SGL_302j/LIB_ELF/LIBSGL.A(sglJ01.o)
                0x000000000603ae60                SlaveControl
                0x000000000603b21c                ErasePolygonData
 SLPROG         0x000000000603b230     0x12b8 /joe/Compiler/COMMON/SGL_302j/LIB_ELF/LIBSGL.A(sglJ02.o)
                0x000000000603b230                sbMakePolygon
                0x000000000603b418                sbCalcPolygon
                0x000000000603c150                SetTexture
                0x000000000603c15c                SetPolygon
                0x000000000603c164                SetPosition
                0x000000000603c19c                stvtc_4
                0x000000000603c254                stvtc_3
                0x000000000603c464                stvtc_1
                0x000000000603c478                stvtc_2
                0x000000000603c48c                stvtc_0
 *fill*         0x000000000603c4e8        0x8 
 SLPROG         0x000000000603c4f0      0x140 /joe/Compiler/COMMON/SGL_302j/LIB_ELF/LIBSGL.A(sglJ03.o)
                0x000000000603c4f0                sbMakeDMATable
 SLPROG         0x000000000603c630      0x470 /joe/Compiler/COMMON/SGL_302j/LIB_ELF/LIBSGL.A(sglJ04.o)
                0x000000000603c68e                sbMakeSprite
                0x000000000603c6f4                sbMakeRotSprite
 SLPROG         0x000000000603caa0       0x3c /joe/Compiler/COMMON/SGL_302j/LIB_ELF/LIBSGL.A(sglJ05.o)
                0x000000000603caa0                sbSortEntry
 *fill*         0x000000000603cadc        0x4 
 SLPROG         0x000000000603cae0      0x4b8 /joe/Compiler/COMMON/SGL_302j/LIB_ELF/LIBSGL.A(sglM00.o)
                0x000000000603cae0                slInitGouraud
                0x000000000603cbd4                slPutPolygonX
                0x000000000603cc1a                slGouraudTblCopy
                0x000000000603cc72                slSetGouraudTbl
                0x000000000603cc78                slSetGouraudColor
                0x000000000603ccf0                slSetAmbient
                0x000000000603cd14                slSetFlatColor
 *fill*         0x000000000603cf98        0x8 
 SLPROG         0x000000000603cfa0       0x6a /joe/Compiler/COMMON/SGL_302j/LIB_ELF/LIBSGL.A(sglM01.o)
                0x000000000603cfa0                slSetDepthLimit
                0x000000000603cfcc                slSetDepthTbl
                0x000000000603cffc                DepthWorkArea
 *fill*         0x000000000603d00a        0x6 
 SLPROG         0x000000000603d010       0x20 /joe/Compiler/COMMON/SGL_302j/LIB_ELF/LIBSGL.A(sglA00.o)
                0x000000000603d010                set_imask
                0x000000000603d010                _builtin_set_imask
                0x000000000603d024                get_imask
                0x000000000603d024                _builtin_get_imask
 SLPROG         0x000000000603d030     0x215c /joe/Compiler/COMMON/SGL_302j/LIB_ELF/LIBSGL.A(sglA03.o)
                0x000000000603d030                slTan
 *fill*         0x000000000603f18c        0x4 
 SLPROG         0x000000000603f190       0x34 /joe/Compiler/COMMON/SGL_302j/LIB_ELF/LIBSGL.A(sglA10.o)
                0x000000000603f190                slSquartDbl
 *fill*         0x000000000603f1c4        0xc 
 SLPROG         0x000000000603f1d0      0x3c2 /joe/Compiler/COMMON/SGL_302j/LIB_ELF/LIBSGL.A(sglA24.o)
                0x000000000603f1d0                slInversMatrix
 *fill*         0x000000000603f592        0xe 
 SLPROG         0x000000000603f5a0       0x24 /joe/Compiler/COMMON/SGL_302j/LIB_ELF/LIBSGL.A(sglA25.o)
                0x000000000603f5a0                slTransposeMatrix
 *fill*         0x000000000603f5c4        0xc 
 SLPROG         0x000000000603f5d0      0xbd0 /joe/Compiler/COMMON/SGL_302j/LIB_ELF/LIBSGL.A(sglB000.o)
                0x000000000603f5d0                slInitScroll
                0x000000000603f6f0                setASC_1to8
                0x000000000603f720                setASC_4to8
                0x000000000603f830                TVSizeTbl
                0x000000000603f8b0                TVModeTbl
                0x000000000603fa88                SGL_ASCII_CG
 SLPROG         0x00000000060401a0      0x134 /joe/Compiler/COMMON/SGL_302j/LIB_ELF/LIBSGL.A(sglC00.o)
                0x00000000060401a0                slInitSprite
 *fill*         0x00000000060402d4        0xc 
 SLPROG         0x00000000060402e0       0xac /joe/Compiler/COMMON/SGL_302j/LIB_ELF/LIBSGL.A(sglC13.o)
                0x00000000060402e0                slPutPolygonS
 *fill*         0x000000000604038c        0x4 
 SLPROG         0x0000000006040390       0xc0 /joe/Compiler/COMMON/SGL_302j/LIB_ELF/LIBSGL.A(sglD19.o)
                0x0000000006040390                DMA_ScuMemCopy
 SLPROG         0x0000000006040450      0x75c /joe/Compiler/COMMON/SGL_302j/LIB_ELF/LIBSGL.A(sglI00.o)
                0x0000000006040740                slInitInterrupt
 *fill*         0x0000000006040bac        0x4 
 SLPROG         0x0000000006040bb0       0xf0 /joe/Compiler/COMMON/SGL_302j/LIB_ELF/LIBSGL.A(sglH03.o)
                0x0000000006040c14                slSmpcIntBack