Archive member included to satisfy reference by file (symbol)

/joengine/Compiler/COMMON/SGL_302j/LIB_ELF/SEGA_SYS.A(sys_exit.o)
                              /work/jo_engine/core.o (symbol from plugin) (SYS_Exit)
/joengine/Compiler/COMMON/SGL_302j/LIB_ELF/SEGA_SYS.A(sys_sub.o)
                              /joengine/Compiler/COMMON/SGL_302j/LIB_ELF/SEGA_SYS.A(sys_exit.o) (SYSUB_SetStackptr)
/joengine/Compiler/COMMON/SGL_302j/LIB_ELF/LIBCD.A(CDC_CMN.O)
                              /joengine/Compiler/COMMON/SGL_302j/LIB_ELF/SEGA_SYS.A(sys_exit.o) (CDC_GetCurStat)
/joengine/Compiler/COMMON/SGL_302j/LIB_ELF/LIBCD.A(CDC_DRV.O)
                              pcmsys.o (symbol from plugin) (CDC_CdPlay)
/joengine/Compiler/COMMON/SGL_302j/LIB_ELF/LIBCD.A(CDC_CFS.O)
                              /joengine/Compiler/COMMON/SGL_302j/LIB_ELF/SEGA_SYS.A(sys_exit.o) (CDC_ChgDir)
/joengine/Compiler/COMMON/SGL_302j/LIB_ELF/LIBCD.A(CDC_REG.O)
                              /joengine/Compiler/COMMON/SGL_302j/LIB_ELF/SEGA_SYS.A(sys_exit.o) (CDC_GetHirqReq)
/joengine/Compiler/COMMON/SGL_302j/LIB_ELF/LIBCD.A(CDC_SUB.O)
                              /joengine/Compiler/COMMON/SGL_302j/LIB_ELF/LIBCD.A(CDC_CMN.O) (CDSUB_UpdStatus)
/joengine/Compiler/COMMON/SGL_302j/LIB_ELF/LIBCD.A(GFS.O)
                              pcmsys.o (symbol from plugin) (GFS_Init)
/joengine/Compiler/COMMON/SGL_302j/LIB_ELF/LIBCD.A(GFS_BUF.O)
                              /joengine/Compiler/COMMON/SGL_302j/LIB_ELF/LIBCD.A(GFS.O) (GFBF_GetNumData)
/joengine/Compiler/COMMON/SGL_302j/LIB_ELF/LIBCD.A(GFS_CDB.O)
                              /joengine/Compiler/COMMON/SGL_302j/LIB_ELF/LIBCD.A(GFS.O) (GFCB_Close)
/joengine/Compiler/COMMON/SGL_302j/LIB_ELF/LIBCD.A(GFS_CDC.O)
                              /joengine/Compiler/COMMON/SGL_302j/LIB_ELF/LIBCD.A(GFS.O) (GFCD_SetCdbfs)
/joengine/Compiler/COMMON/SGL_302j/LIB_ELF/LIBCD.A(GFS_CDF.O)
                              /joengine/Compiler/COMMON/SGL_302j/LIB_ELF/LIBCD.A(GFS.O) (GFCF_Init)
/joengine/Compiler/COMMON/SGL_302j/LIB_ELF/LIBCD.A(GFS_DIR.O)
                              /joengine/Compiler/COMMON/SGL_302j/LIB_ELF/LIBCD.A(GFS.O) (GFDR_SetupDirTbl)
/joengine/Compiler/COMMON/SGL_302j/LIB_ELF/LIBCD.A(GFS_TRN.O)
                              /joengine/Compiler/COMMON/SGL_302j/LIB_ELF/LIBCD.A(GFS.O) (GFTR_Setup)
/joengine/Compiler/COMMON/SGL_302j/LIB_ELF/LIBCD.A(CDC_DEV.O)
                              /joengine/Compiler/COMMON/SGL_302j/LIB_ELF/LIBCD.A(GFS_CDC.O) (CDC_CdSetCon)
/joengine/Compiler/COMMON/SGL_302j/LIB_ELF/LIBCD.A(CDC_SEL.O)
                              /joengine/Compiler/COMMON/SGL_302j/LIB_ELF/LIBCD.A(GFS_CDC.O) (CDC_SetFiltRange)
/joengine/Compiler/COMMON/SGL_302j/LIB_ELF/LIBCD.A(CDC_BIF.O)
                              /joengine/Compiler/COMMON/SGL_302j/LIB_ELF/LIBCD.A(GFS_CDC.O) (CDC_GetBufSiz)
/joengine/Compiler/COMMON/SGL_302j/LIB_ELF/LIBCD.A(CDC_BIO.O)
                              /joengine/Compiler/COMMON/SGL_302j/LIB_ELF/LIBCD.A(GFS_CDC.O) (CDC_SetSctLen)
/joengine/Compiler/COMMON/SGL_302j/LIB_ELF/LIBSGL.A(sglA01.o)
                              /work/jo_engine/math.o (symbol from plugin) (slSin)
/joengine/Compiler/COMMON/SGL_302j/LIB_ELF/LIBSGL.A(sglA15.o)
                              /work/jo_engine/slave.o (symbol from plugin) (slSlaveFunc)
/joengine/Compiler/COMMON/SGL_302j/LIB_ELF/LIBSGL.A(sglA16.o)
                              main.o (symbol from plugin) (slLookAt)
/joengine/Compiler/COMMON/SGL_302j/LIB_ELF/LIBSGL.A(sglA17.o)
                              /joengine/Compiler/COMMON/SGL_302j/LIB_ELF/LIBSGL.A(sglA16.o) (slRotZ)
/joengine/Compiler/COMMON/SGL_302j/LIB_ELF/LIBSGL.A(sglA18.o)
                              main.o (symbol from plugin) (slRotY)
/joengine/Compiler/COMMON/SGL_302j/LIB_ELF/LIBSGL.A(sglA19.o)
                              main.o (symbol from plugin) (slRotX)
/joengine/Compiler/COMMON/SGL_302j/LIB_ELF/LIBSGL.A(sglA20.o)
                              main.o (symbol from plugin) (slUnitMatrix)
/joengine/Compiler/COMMON/SGL_302j/LIB_ELF/LIBSGL.A(sglA21.o)
                              main.o (symbol from plugin) (slPushMatrix)
/joengine/Compiler/COMMON/SGL_302j/LIB_ELF/LIBSGL.A(sglA27.o)
                              /joengine/Compiler/COMMON/SGL_302j/LIB_ELF/LIBSGL.A(sglA16.o) (slTranslate)
/joengine/Compiler/COMMON/SGL_302j/LIB_ELF/LIBSGL.A(sglA28.o)
                              main.o (symbol from plugin) (slScale)
/joengine/Compiler/COMMON/SGL_302j/LIB_ELF/LIBSGL.A(sglA40.o)
                              main.o (symbol from plugin) (slCalcVector)
/joengine/Compiler/COMMON/SGL_302j/LIB_ELF/LIBSGL.A(sglB001.o)
                              main.o (symbol from plugin) (slTVOn)
/joengine/Compiler/COMMON/SGL_302j/LIB_ELF/LIBSGL.A(sglB011.o)
                              /work/jo_engine/vdp2.o (symbol from plugin) (slBitMapNbg1)
/joengine/Compiler/COMMON/SGL_302j/LIB_ELF/LIBSGL.A(sglB014.o)
[...]
Memory Configuration

Name             Origin             Length             Attributes
*default*        0x0000000000000000 0xffffffffffffffff

Linker script and memory map


SLSTART         0x0000000006004000       0x30
                0x0000000006004000                ___Start = .
 *(SLSTART)
 SLSTART        0x0000000006004000       0x28 /joengine/Compiler/COMMON/SGL_302j/LIB_ELF/LIBSGL.A(sglI00.o)
                0x0000000006004000                SGL_Start
                0x0000000006004002                slStartSGL

.text           0x0000000006004040    0x1f6c0
 *(.text)
 .text          0x0000000006004040        0x0 /joengine/Compiler/COMMON/SGL_302j/LIB_ELF/SGLAREA.O
 .text          0x0000000006004040     0x91c4 /tmp/ccWAKH0X.ltrans0.ltrans.o
                0x00000000060045d8                jo_sprite_draw.constprop.53
                0x00000000060046e4                jo_nbg2_print.constprop.38
                0x0000000006004748                render_CLUT_sprite_MESH.constprop.37
                0x0000000006004794                __jo_core_set_screens_order.constprop.36
                0x000000000600484c                CDDAPlaySingle.constprop.31
                0x0000000006004888                jo_vdp2_clear_bitmap_nbg1.constprop.23
                0x00000000060048f4                jo_vdp2_malloc
                0x0000000006004a38                jo_vdp2_free
                0x0000000006004b84                jo_nbg2_clear
                0x0000000006004bb0                jo_vdp2_disable_rbg0
                0x0000000006004c0c                __jo_create_map.lto_priv.626
                0x0000000006004c6c                jo_img_to_vdp2_cells
                0x0000000006004ce6                jo_set_default_background_color
                0x0000000006004f52                jo_free
                0x0000000006004f78                jo_backup_unmount.constprop.12
                0x000000000600501c                jo_sprite_free_from
                0x00000000060050d8                jo_malloc_with_behaviour
                0x0000000006005518                load_textures.constprop.25
                0x0000000006005554                jo_backup_mount.constprop.7
                0x0000000006005714                jo_atan2f_rad
                0x00000000060058b0                jo_fixed_cos
                0x000000000600590c                jo_fixed_sin
                0x0000000006005c04                __jo_tga_any_loader
                0x0000000006005d40                jo_sprite_add_tga.constprop.24
                0x0000000006005e1c                _lseek
                0x0000000006005e20                _isatty
                0x0000000006005e24                _fstat
                0x0000000006005e28                _close
                0x0000000006005e2c                _write
                0x0000000006005e30                _read
                0x0000000006005e34                _realloc_r
                0x0000000006005ea0                _calloc_r
                0x0000000006005ed0                _free_r
                0x0000000006005ee4                _malloc_r
                0x0000000006005f46                mnet_log
                0x0000000006005fdc                mnet_init
                0x00000000060066e0                confirm_name.lto_priv.625
                0x0000000006006990                CDDAStop
                0x00000000060069ac                pcm_cease
                0x00000000060069d4                pcm_play
                0x0000000006006a68                object_viewer.part.12
                0x000000000600762c                my_draw.part.10
                0x0000000006009804                mnet_client_log
                0x0000000006009894                load_binary.constprop.29
                0x000000000600a2dc                player_select.part.17
                0x000000000600b710                mnet_send_disconnect
                0x000000000600b770                mnet_send_remove_local_player
                0x000000000600b7e4                lobby_screen
                0x000000000600bfd0                mnet_tick
                0x000000000600cf38                modem_dial.lto_priv.620
                0x000000000600cfdc                modem_init.lto_priv.624
                0x000000000600d080                modem_probe.lto_priv.622
 .text          0x000000000600d204     0x892c /tmp/ccWAKH0X.ltrans1.ltrans.o
                0x000000000600d654                my_vblank
                0x000000000600d72c                set_palette
                0x000000000600d744                change_player_palette
                0x000000000600d834                load_preview
                0x000000000600d870                load_level
                0x000000000600d940                load_car
                0x000000000600dab8                move_camera
                0x000000000600e0d4                draw_map
                0x000000000600e240                draw_powerups
                0x000000000600e344                create_particles
                0x000000000600e3ec                computeLight
                0x000000000600e460                set_player_position
                0x000000000600e564                getSeconds
                0x000000000600e5e4                apply_player_gravity
                0x000000000600e634                init_1p_display
                0x000000000600e6bc                stop_sounds
                0x000000000600e73c                reset_to_last_checkpoint
                0x000000000600e834                reset_demo
                0x000000000600ea18                render_CLUT_sprite
                0x000000000600ea68                draw_player
                0x000000000600f738                ztClearText
                0x000000000600fa14                transition_to_title_screen
                0x000000000600fa7c                transition_to_end_level
                0x000000000600fbe0                draw_hud
                0x0000000006010658                mmm_get_p2_port
                0x000000000601086a                saturn_uart_detect.lto_priv.527
                0x00000000060108ea                saturn_uart_reg_write.lto_priv.529.lto_priv.576
                0x0000000006010904                saturn_uart_reg_read.lto_priv.531.lto_priv.577
                0x0000000006010920                saturn_transport_rx_byte.lto_priv.540
                0x000000000601092c                saturn_uart_read_iir.lto_priv.509.lto_priv.568
                0x0000000006010938                saturn_uart_read_msr.lto_priv.511.lto_priv.569
                0x0000000006010944                saturn_uart_read_lsr.lto_priv.513.lto_priv.570
                0x0000000006010950                saturn_uart_clear_errors.lto_priv.515.lto_priv.571
                0x0000000006010970                saturn_uart_rx_error.lto_priv.517.lto_priv.572
                0x0000000006010988                saturn_uart_rx_ready.lto_priv.519.lto_priv.573
                0x000000000601099c                saturn_transport_rx_ready.lto_priv.539
                0x00000000060109a8                saturn_uart_flush_rx.lto_priv.497.lto_priv.561
                0x00000000060109dc                modem_flush_input.lto_priv.490.lto_priv.492
                0x00000000060109e8                saturn_uart_loopback_test.lto_priv.495.lto_priv.563
                0x0000000006010a74                saturn_uart_read_raw.lto_priv.499.lto_priv.564
                0x0000000006010af4                saturn_uart_getc_timeout.lto_priv.503.lto_priv.565
                0x0000000006010b2c                modem_read_line.lto_priv.493.lto_priv.559
                0x0000000006010b98                saturn_uart_getc.lto_priv.505.lto_priv.566
                0x0000000006010bc0                saturn_uart_tx_ready.lto_priv.521.lto_priv.574
                0x0000000006010bd8                saturn_uart_putc.lto_priv.507.lto_priv.567
                0x0000000006010c24                saturn_transport_send.lto_priv.541
                0x0000000006010c68                saturn_uart_puts.lto_priv.501.lto_priv.560
                0x0000000006010dec                modem_escape_to_command.lto_priv.488.lto_priv.558
                0x0000000006010e68                saturn_uart_set_baud.lto_priv.525.lto_priv.575
                0x0000000006010ec0                saturn_uart_init.lto_priv.523.lto_priv.562
                0x0000000006010fd8                saturn_smpc_command.lto_priv.537.lto_priv.579
                0x0000000006011000                saturn_netlink_smpc_disable.lto_priv.533.lto_priv.578
                0x000000000601100c                saturn_netlink_smpc_enable.lto_priv.535.lto_priv.544
                0x000000000601105c                mnet_encode_lap_complete.lto_priv.371.lto_priv.375
                0x0000000006011082                mnet_encode_client_log.lto_priv.376.lto_priv.551
                0x00000000060110d4                mnet_encode_leaderboard_req.lto_priv.380.lto_priv.384
                0x00000000060110e4                mnet_encode_remove_local_player.lto_priv.385.lto_priv.389
                0x00000000060110f4                mnet_encode_add_local_player.lto_priv.390.lto_priv.550
                0x0000000006011138                mnet_encode_powerup_pickup.lto_priv.394.lto_priv.398
                0x000000000601114c                mnet_encode_player_state_p2.lto_priv.399.lto_priv.552
                0x00000000060111e4                mnet_encode_player_state.lto_priv.403.lto_priv.553
                0x0000000006011274                mnet_encode_input_state_p2.lto_priv.407.lto_priv.411
                0x000000000601129e                mnet_encode_input_state.lto_priv.412.lto_priv.416
                0x00000000060112c4                mnet_encode_car_select.lto_priv.417.lto_priv.421
                0x00000000060112d8                mnet_encode_start_game.lto_priv.422.lto_priv.426
                0x00000000060112e8                mnet_encode_ready.lto_priv.427.lto_priv.431
                0x00000000060112f8                mnet_encode_heartbeat.lto_priv.432.lto_priv.436
                0x0000000006011308                mnet_encode_disconnect.lto_priv.437.lto_priv.441
                0x0000000006011318                mnet_encode_set_username.lto_priv.442.lto_priv.548
                0x000000000601135c                mnet_encode_connect_uuid.lto_priv.446.lto_priv.547
                0x000000000601137a                mnet_encode_connect.lto_priv.450.lto_priv.454
                0x0000000006011388                mnet_read_string.lto_priv.455.lto_priv.549
                0x00000000060113d0                mnet_rx_init.lto_priv.463.lto_priv.467
                0x00000000060113de                net_transport_is_connected.lto_priv.472.lto_priv.555
                0x00000000060113f4                net_transport_send.lto_priv.476.lto_priv.545
                0x00000000060126f4                mnet_send_frame.lto_priv.468.lto_priv.554
                0x000000000601272c                net_transport_rx_byte.lto_priv.480.lto_priv.556
                0x000000000601273e                net_transport_rx_ready.lto_priv.484.lto_priv.557
                0x0000000006012750                mnet_rx_poll.lto_priv.459.lto_priv.546
                0x00000000060127e8                get_gbr.lto_priv.54.lto_priv.82
                0x00000000060127ee                set_gbr.lto_priv.83.lto_priv.111
                0x00000000060127f4                get_vbr.lto_priv.112.lto_priv.140
                0x00000000060127fa                set_vbr.lto_priv.141.lto_priv.169
                0x0000000006012800                set_imask.lto_priv.170.lto_priv.542
                0x0000000006012814                get_imask.lto_priv.198.lto_priv.543
                0x000000000601281e                get_sr.lto_priv.226.lto_priv.254
                0x0000000006012824                set_sr.lto_priv.255.lto_priv.283
                0x000000000601282a                tas.lto_priv.284.lto_priv.312
                0x0000000006012832                sleep.lto_priv.313.lto_priv.341
                0x0000000006012838                nop.lto_priv.342.lto_priv.370
                0x000000000601283e                init_3d_planes
                0x00000000060132e4                gameLoop
                0x00000000060156e0                mmm_online_start_race
 .text          0x0000000006015b30      0x238 /joengine/Compiler/COMMON/SGL_302j/LIB_ELF/SEGA_SYS.A(sys_exit.o)
                0x0000000006015b30                sys_version
                0x0000000006015b50                SYS_Exit
 *fill*         0x0000000006015d68        0x8 
 .text          0x0000000006015d70        0x6 /joengine/Compiler/COMMON/SGL_302j/LIB_ELF/SEGA_SYS.A(sys_sub.o)
                0x0000000006015d70                SYSUB_SetStackptr
 *fill*         0x0000000006015d76        0xa 
 .text          0x0000000006015d80      0x3a0 /joengine/Compiler/COMMON/SGL_302j/LIB_ELF/LIBCD.A(CDC_CMN.O)
                0x0000000006015d80                CDC_GetCurStat
                0x0000000006015dd0                CDC_GetLastStat
                0x0000000006015de8                CDC_GetPeriStat
                0x0000000006015ebc                CDC_GetHwInfo
                0x0000000006015f24                CDC_TgetToc
                0x0000000006015f74                CDC_GetSes
                0x0000000006015fb0                CDC_CdInit
                0x0000000006016034                CDC_CdOpen
                0x000000000601605c                CDC_DataReady
                0x00000000060160c8                CDC_DataEnd
 .text          0x0000000006016120      0x130 /joengine/Compiler/COMMON/SGL_302j/LIB_ELF/LIBCD.A(CDC_DRV.O)
                0x0000000006016120                CDC_CdPlay
                0x00000000060161ec                CDC_CdSeek
                0x0000000006016220                CDC_CdScan
 .text          0x0000000006016250      0x194 /joengine/Compiler/COMMON/SGL_302j/LIB_ELF/LIBCD.A(CDC_CFS.O)
                0x0000000006016250                CDC_ChgDir
                0x0000000006016284                CDC_ReadDir
                0x00000000060162b8                CDC_GetFileScope
                0x0000000006016318                CDC_TgetFileInfo
                0x0000000006016374                CDC_ReadFile
                0x00000000060163a8                CDC_AbortFile
 *fill*         0x00000000060163e4        0xc 
 .text          0x00000000060163f0      0x2dc /joengine/Compiler/COMMON/SGL_302j/LIB_ELF/LIBCD.A(CDC_REG.O)
                0x00000000060163f0                CDC_GetDataPtr
                0x0000000006016400                CDC_GetHirqReq
                0x0000000006016414                CDC_ClrHirqReq
                0x0000000006016444                CDREG_ClrHirqReq
                0x0000000006016454                CDREG_InitHirqReq
                0x000000000601647c                CDREG_SetHirqFlag
                0x0000000006016490                CDC_GetHirqMsk
                0x00000000060164a4                CDC_SetHirqMsk
                0x00000000060164b4                CDC_GetMpegPtr
                0x00000000060164c4                CDREG_TgetData
                0x0000000006016520                CDREG_CmdRsp
                0x0000000006016620                CDREG_WaitHirq
                0x0000000006016690                CDREG_ReadRsp
 *fill*         0x00000000060166cc        0x4 
 .text          0x00000000060166d0      0x152 /joengine/Compiler/COMMON/SGL_302j/LIB_ELF/LIBCD.A(CDC_SUB.O)
                0x00000000060166d0                CDSUB_UpdStatus
                0x00000000060166e8                CDSUB_UpdCdstat
                0x0000000006016708                CDSUB_CdCmd
                0x0000000006016778                CDSUB_GetCdstat
                0x00000000060167b8                CDSUB_RspToCdstat
                0x0000000006016800                CDSUB_SoftTimer
 *fill*         0x0000000006016822        0xe 
 .text          0x0000000006016830     0x1adc /joengine/Compiler/COMMON/SGL_302j/LIB_ELF/LIBCD.A(GFS.O)
                0x0000000006016830                gfs_version
                0x0000000006016850                GFS_Init
                0x0000000006016938                GFS_LoadDir
                0x00000000060169e0                GFS_SetDir
                0x0000000006016a48                GFS_NameToId
                0x0000000006016aac                GFS_IdToName
                0x0000000006016b18                GFS_GetDirInfo
                0x0000000006016b88                GFS_Reset
                0x0000000006016c0c                GFS_Open
                0x0000000006016cc0                GFS_Close
                0x0000000006016cf8                GFS_Seek
                0x0000000006016dac                GFS_Tell
                0x0000000006016dfc                GFS_IsEof
                0x0000000006016e50                GFS_ByteToSct
                0x0000000006016eac                GFS_GetFileSize
                0x0000000006016f08                GFS_GetFileInfo
                0x0000000006016f7c                GFS_GetNumCdbuf
                0x0000000006016fa4                GFS_Load
                0x0000000006017068                GFS_Fread
                0x0000000006017104                gfs_waitRead
                0x00000000060171ac                GFS_NwFread
                0x00000000060172b8                GFS_NwCdRead
                0x0000000006017330                GFS_NwIsComplete
                0x0000000006017368                GFS_NwStop
                0x00000000060173d4                GFS_NwGetStat
                0x0000000006017450                gfs_recovRdErr
                0x0000000006017480                GFS_NwExecOne
                0x0000000006017540                GFS_NwExecServer
                0x00000000060175bc                GFS_SetGmode
                0x0000000006017620                GFS_SetTmode
                0x000000000601768c                GFS_SetReadPara
                0x00000000060176f0                GFS_SetTransPara
                0x000000000601775c                GFS_SetTrFunc
                0x00000000060177c0                GFS_StartTrans
                0x000000000601780c                GFS_CdMovePickup
                0x0000000006017878                GFS_SetErrFunc
                0x00000000060178a4                GFS_GetErrStat
                0x00000000060178c8                GFS_ConvTno
                0x00000000060178f0                gfs_chgRoot
                0x00000000060179bc                gfs_aborttrans
                0x00000000060179c8                gfs_mngSetupFuncTbl
                0x00000000060179fc                gfs_mngInitWork
                0x0000000006017aa0                gfs_mngGetNumFile
                0x0000000006017b08                GFS_mngAllocGrp
                0x0000000006017b50                gfs_mngFreeGrp
                0x0000000006017b5c                gfs_mngTermAccess
                0x0000000006017be0                gfs_mngSetErrCode
                0x0000000006017c60                gfs_svrSearchHndl
                0x0000000006017ca0                gfs_svrAddHndl
                0x0000000006017cdc                gfs_svrRemoveHndl
                0x0000000006017d38                GFS_OpenSub
                0x0000000006017d90                gfs_loadVol
                0x0000000006017e54                gfs_getRootDir
                0x0000000006017f50                gfs_loadRootDir
                0x0000000006017fd8                gfs_flowIn
                0x0000000006018080                gfs_transData
                0x0000000006018124                GFS_GetFad
                0x000000000601817c                gfs_SetSct
                0x00000000060181bc                gfs_GetFinfo
                0x00000000060181fc                gfs_closeSub
                0x0000000006018238                gfs_getGmode
                0x0000000006018244                gfs_isTaskDone
                0x0000000006018298                gfs_convFinStat
 *fill*         0x000000000601830c        0x4 
 .text          0x0000000006018310      0x106 /joengine/Compiler/COMMON/SGL_302j/LIB_ELF/LIBCD.A(GFS_BUF.O)
                0x0000000006018340                GFBF_GetTranData
                0x0000000006018368                GFBF_GetNumData
                0x0000000006018398                GFBF_GetSrcPk
                0x00000000060183c0                GFBF_GetSctData
                0x00000000060183e4                GFBF_RtnPk
                0x000000000601840c                gfbf_getSctDt
 *fill*         0x0000000006018416        0xa 
 .text          0x0000000006018420      0x600 /joengine/Compiler/COMMON/SGL_302j/LIB_ELF/LIBCD.A(GFS_CDB.O)
                0x0000000006018420                GFCB_Setup
                0x0000000006018540                GFCB_Close
                0x0000000006018568                GFCB_GetLenData
                0x0000000006018614                GFCB_GetLenRoom
                0x0000000006018620                GFCB_SetFilt
                0x0000000006018688                GFCB_DeleteAllData
                0x00000000060186b0                GFCB_Tell
                0x00000000060186c0                gfcb_getSctNum
                0x0000000006018710                GFCB_Seek
                0x000000000601880c                GFCB_GetSrcPack
                0x00000000060188ec                GFCB_GetSctData
                0x0000000006018924                GFCB_GetDstPack
                0x0000000006018930                GFCB_RtnPk
                0x0000000006018978                GFCB_MovePickup
                0x0000000006018994                GFCB_SetCon
                0x00000000060189c8                GFCB_GetPickup
                0x00000000060189f0                GFCB_IsPuOwner
                0x0000000006018a08                GFCB_UngetPickup
 .text          0x0000000006018a20     0x1a10 /joengine/Compiler/COMMON/SGL_302j/LIB_ELF/LIBCD.A(GFS_CDC.O)
                0x0000000006018a20                GFCD_SetCdbfs
                0x0000000006018a4c                GFCD_Init
                0x0000000006018c50                GFCD_AllocFilt
                0x0000000006018c8c                GFCD_FreeFilt
                0x0000000006018cbc                GFCD_AllocBuf
                0x0000000006018cf0                GFCD_FreeBuf
                0x0000000006018d94                GFCD_GetBaseFad
                0x0000000006018dc8                GFCD_GetPickup
                0x0000000006018dfc                GFCD_UngetPickup
                0x0000000006018e28                GFCD_IsPuOwner
                0x0000000006018e4c                GFCD_SetFilt
                0x0000000006018f10                GFCD_GetFilt
                0x0000000006018f58                GFCD_SetCon
                0x0000000006018fb0                GFCD_Play
                0x0000000006019010                GFCD_GetLenData
                0x0000000006019078                GFCD_ReqData
                0x00000000060190d4                GFCD_EndData
                0x000000000601911c                GFCD_DelSctData
                0x0000000006019174                GFCD_CheckDelSctData
                0x00000000060191a4                GFCD_GetStat
                0x0000000006019258                GFCD_MovePickup
                0x00000000060192a4                GFCD_MoveSctData
                0x0000000006019318                GFCD_CheckMove
                0x000000000601933c                GFCD_GetSctInfo
                0x0000000006019384                GFCD_ChgDir
                0x00000000060193f8                GFCD_SetFiltCon
                0x00000000060194e0                GFCD_GetFileInfo
                0x00000000060195bc                GFCD_GetBufSiz
                0x00000000060195f4                GFCD_ExecServer
                0x00000000060196c8                gfcd_isIdleTask
                0x0000000006019754                gfcd_doTask
                0x0000000006019800                GFCD_SetTimer
                0x0000000006019814                GFCD_WaitServer
                0x0000000006019850                gfcd_doSetFiltTsk
                0x0000000006019a14                gfcd_doSetConTsk
                0x0000000006019aa4                gfcd_doGetLenDataTsk
                0x0000000006019bf8                gfcd_doReqDataTsk
                0x0000000006019c98                gfcd_doDelSctDataTsk
                0x0000000006019dcc                gfcd_doMoveSctTsk
                0x0000000006019f30                gfcd_doChgDirTsk
                0x000000000601a12c                gfcd_doSetFiltConTsk
                0x000000000601a270                gfcd_checkEflag
                0x000000000601a294                gfcd_initCdbMng
                0x000000000601a314                gfcd_setStat
                0x000000000601a340                GFCD_SetCsctFunc
                0x000000000601a35c                GFCD_ChkScdqFlag
                0x000000000601a380                GFCD_ClrScdqFlag
                0x000000000601a39c                GFCD_WaitScdqFlag
                0x000000000601a3e0                GFCD_WaitPause
 .text          0x000000000601a430      0x8d8 /joengine/Compiler/COMMON/SGL_302j/LIB_ELF/LIBCD.A(GFS_CDF.O)
                0x000000000601a430                GFCF_Init
                0x000000000601a4d0                GFCF_Setup
                0x000000000601a618                GFCF_SetSct
                0x000000000601a65c                GFCF_GetFileInfo
                0x000000000601a6d0                GFCF_FlowInBuf
                0x000000000601a824                GFCF_StopInBuf
                0x000000000601a8c4                GFCF_Recover
                0x000000000601a90c                GFCF_Tell
                0x000000000601a924                GFCF_Seek
                0x000000000601a93c                GFCF_MovePickup
                0x000000000601a9d8                GFCF_cnvIntlvOfs
                0x000000000601aa2c                GFCF_GetStat
                0x000000000601aac4                gfcf_getSctSize
                0x000000000601ab00                gfcf_isCdOk
                0x000000000601abc0                gfcf_getPlayRange
 *fill*         0x000000000601ad08        0x8 
 .text          0x000000000601ad10      0x92c /joengine/Compiler/COMMON/SGL_302j/LIB_ELF/LIBCD.A(GFS_DIR.O)
                0x000000000601ad10                GFDR_SetupDirTbl
                0x000000000601ad84                GFDR_NameToId
                0x000000000601ade4                GFDR_GetInfoDirId
                0x000000000601adf8                GFDR_GetInfoDirName
                0x000000000601ae0c                GFDR_GetAtrDirId
                0x000000000601ae24                GFDR_GetAtrDirName
                0x000000000601ae3c                GFDR_ChgRoot
                0x000000000601ae54                GFDR_ChgDir
                0x000000000601aec8                gfdr_setupDirIdTbl
                0x000000000601af4c                gfdr_setupDirNameTbl
                0x000000000601aff8                gfdr_open
                0x000000000601b020                gfdr_read
                0x000000000601b0e0                gfdr_readByte
                0x000000000601b10c                gfdr_readWord
                0x000000000601b138                gfdr_readWordNB
                0x000000000601b18c                gfdr_readLongNB
                0x000000000601b1d8                gfdr_readLongNM
                0x000000000601b200                gfdr_setNextRec
                0x000000000601b284                gfdr_readDirEnt
                0x000000000601b600                gfdr_setDirrecCd
 *fill*         0x000000000601b63c        0x4 
 .text          0x000000000601b640      0x9c6 /joengine/Compiler/COMMON/SGL_302j/LIB_ELF/LIBCD.A(GFS_TRN.O)
                0x000000000601b670                GFTR_Setup
                0x000000000601b6b4                GFTR_SetMode
                0x000000000601b6c8                GFTR_SetUnit
                0x000000000601b6d4                GFTR_SetTransPara
                0x000000000601b708                GFTR_GetTransPara
                0x000000000601b714                GFTR_GetNumTrans
                0x000000000601b720                GFTR_SetTransMax
                0x000000000601b72c                GFTR_Start
                0x000000000601b738                GFTR_Pause
                0x000000000601b744                GFTR_Stop
                0x000000000601b7fc                GFTR_Exec
                0x000000000601b880                GFTR_Idle
                0x000000000601b8f8                GFTR_ExecSvr
                0x000000000601ba00                gftr_getSrcPack
                0x000000000601ba88                gftr_getDstPack
                0x000000000601bae4                gftr_reqScu
                0x000000000601baf0                gftr_execScu
                0x000000000601bb8c                gftr_remScu
                0x000000000601bbc0                gfdma_canUse
                0x000000000601bbcc                gfdma_exec
                0x000000000601bc3c                gfdma_getBytecnt
                0x000000000601bc74                gftr_reqDma0
                0x000000000601bc8c                gftr_execSdma0
                0x000000000601bcb0                gftr_remDma0
                0x000000000601bcc8                gftr_reqDma1
                0x000000000601bce0                gftr_execSdma1
                0x000000000601bd04                gftr_remDma1
                0x000000000601bd1c                gftr_reqCpu
                0x000000000601bd28                gftr_execCpu
                0x000000000601bd68                gftr_remCpu
                0x000000000601bd74                gftr_reqTrn
                0x000000000601bde4                gftr_execTrn
                0x000000000601bebc                gftr_remTrn
                0x000000000601bf30                gftr_copyFrac
                0x000000000601bf58                GFTR_GetLenData
                0x000000000601bf64                GFTR_GetLenRoom
                0x000000000601bf7c                GFTR_GetDstPack
                0x000000000601bfb0                GFTR_RtnDstPk
                0x000000000601bfcc                GFTR_GetData
                0x000000000601bfe0                GFTR_SetData
                0x000000000601bff4                GFTR_SetTransFunc
 *fill*         0x000000000601c006        0xa 
 .text          0x000000000601c010       0xa8 /joengine/Compiler/COMMON/SGL_302j/LIB_ELF/LIBCD.A(CDC_DEV.O)
                0x000000000601c010                CDC_CdSetCon
                0x000000000601c040                CDC_CdGetCon
                0x000000000601c07c                CDC_CdGetLastBuf
 *fill*         0x000000000601c0b8        0x8 
 .text          0x000000000601c0c0      0x2b8 /joengine/Compiler/COMMON/SGL_302j/LIB_ELF/LIBCD.A(CDC_SEL.O)
                0x000000000601c0c0                CDC_SetFiltRange
                0x000000000601c0f4                CDC_GetFiltRange
                0x000000000601c14c                CDC_SetFiltSubh
                0x000000000601c1bc                CDC_GetFiltSubh
                0x000000000601c238                CDC_SetFiltMode
                0x000000000601c26c                CDC_GetFiltMode
                0x000000000601c2b0                CDC_SetFiltCon
                0x000000000601c2f0                CDC_GetFiltCon
                0x000000000601c344                CDC_ResetSelector
 *fill*         0x000000000601c378        0x8 
 .text          0x000000000601c380      0x270 /joengine/Compiler/COMMON/SGL_302j/LIB_ELF/LIBCD.A(CDC_BIF.O)
                0x000000000601c380                CDC_GetBufSiz
                0x000000000601c3dc                CDC_GetSctNum
                0x000000000601c420                CDC_CalActSiz
                0x000000000601c45c                CDC_GetActSiz
                0x000000000601c4dc                CDC_GetSctInfo
                0x000000000601c55c                CDC_ExeFadSearch
                0x000000000601c594                CDC_GetFadSearch
 .text          0x000000000601c5f0      0x1e4 /joengine/Compiler/COMMON/SGL_302j/LIB_ELF/LIBCD.A(CDC_BIO.O)
                0x000000000601c5f0                CDC_SetSctLen
                0x000000000601c624                CDC_GetSctData
                0x000000000601c660                CDC_DelSctData
                0x000000000601c69c                CDC_GetdelSctData
                0x000000000601c6d8                CDC_PutSctData
                0x000000000601c710                CDC_CopySctData
                0x000000000601c754                CDC_MoveSctData
                0x000000000601c798                CDC_GetCopyErr
 *fill*         0x000000000601c7d4        0xc 
 .text          0x000000000601c7e0        0x0 /joengine/Compiler/COMMON/SGL_302j/LIB_ELF/LIBSGL.A(sglA01.o)
 .text          0x000000000601c7e0        0x0 /joengine/Compiler/COMMON/SGL_302j/LIB_ELF/LIBSGL.A(sglA15.o)
 .text          0x000000000601c7e0        0x0 /joengine/Compiler/COMMON/SGL_302j/LIB_ELF/LIBSGL.A(sglA16.o)
 .text          0x000000000601c7e0        0x0 /joengine/Compiler/COMMON/SGL_302j/LIB_ELF/LIBSGL.A(sglA17.o)
 .text          0x000000000601c7e0        0x0 /joengine/Compiler/COMMON/SGL_302j/LIB_ELF/LIBSGL.A(sglA18.o)
 .text          0x000000000601c7e0        0x0 /joengine/Compiler/COMMON/SGL_302j/LIB_ELF/LIBSGL.A(sglA19.o)
 .text          0x000000000601c7e0        0x0 /joengine/Compiler/COMMON/SGL_302j/LIB_ELF/LIBSGL.A(sglA20.o)
 .text          0x000000000601c7e0        0x0 /joengine/Compiler/COMMON/SGL_302j/LIB_ELF/LIBSGL.A(sglA21.o)
 .text          0x000000000601c7e0        0x0 /joengine/Compiler/COMMON/SGL_302j/LIB_ELF/LIBSGL.A(sglA27.o)
 .text          0x000000000601c7e0        0x0 /joengine/Compiler/COMMON/SGL_302j/LIB_ELF/LIBSGL.A(sglA28.o)
 .text          0x000000000601c7e0        0x0 /joengine/Compiler/COMMON/SGL_302j/LIB_ELF/LIBSGL.A(sglA40.o)
 .text          0x000000000601c7e0        0x0 /joengine/Compiler/COMMON/SGL_302j/LIB_ELF/LIBSGL.A(sglB001.o)
 .text          0x000000000601c7e0        0x0 /joengine/Compiler/COMMON/SGL_302j/LIB_ELF/LIBSGL.A(sglB011.o)
 .text          0x000000000601c7e0        0x0 /joengine/Compiler/COMMON/SGL_302j/LIB_ELF/LIBSGL.A(sglB014.o)
 .text          0x000000000601c7e0        0x0 /joengine/Compiler/COMMON/SGL_302j/LIB_ELF/LIBSGL.A(sglB015.o)
 .text          0x000000000601c7e0        0x0 /joengine/Compiler/COMMON/SGL_302j/LIB_ELF/LIBSGL.A(sglB016.o)
 .text          0x000000000601c7e0        0x0 /joengine/Compiler/COMMON/SGL_302j/LIB_ELF/LIBSGL.A(sglB020.o)
 .text          0x000000000601c7e0        0x0 /joengine/Compiler/COMMON/SGL_302j/LIB_ELF/LIBSGL.A(sglB021.o)
 .text          0x000000000601c7e0        0x0 /joengine/Compiler/COMMON/SGL_302j/LIB_ELF/LIBSGL.A(sglB023.o)
 .text          0x000000000601c7e0        0x0 /joengine/Compiler/COMMON/SGL_302j/LIB_ELF/LIBSGL.A(sglB031.o)
 .text          0x000000000601c7e0        0x0 /joengine/Compiler/COMMON/SGL_302j/LIB_ELF/LIBSGL.A(sglB032.o)
 .text          0x000000000601c7e0        0x0 /joengine/Compiler/COMMON/SGL_302j/LIB_ELF/LIBSGL.A(sglB033.o)
 .text          0x000000000601c7e0        0x0 /joengine/Compiler/COMMON/SGL_302j/LIB_ELF/LIBSGL.A(sglB034.o)
 .text          0x000000000601c7e0        0x0 /joengine/Compiler/COMMON/SGL_302j/LIB_ELF/LIBSGL.A(sglB035.o)
 .text          0x000000000601c7e0        0x0 /joengine/Compiler/COMMON/SGL_302j/LIB_ELF/LIBSGL.A(sglB036.o)
 .text          0x000000000601c7e0        0x0 /joengine/Compiler/COMMON/SGL_302j/LIB_ELF/LIBSGL.A(sglB038.o)
 .text          0x000000000601c7e0        0x0 /joengine/Compiler/COMMON/SGL_302j/LIB_ELF/LIBSGL.A(sglB039.o)
 .text          0x000000000601c7e0        0x0 /joengine/Compiler/COMMON/SGL_302j/LIB_ELF/LIBSGL.A(sglB040.o)
 .text          0x000000000601c7e0        0x0 /joengine/Compiler/COMMON/SGL_302j/LIB_ELF/LIBSGL.A(sglB041.o)
 .text          0x000000000601c7e0        0x0 /joengine/Compiler/COMMON/SGL_302j/LIB_ELF/LIBSGL.A(sglB042.o)
 .text          0x000000000601c7e0        0x0 /joengine/Compiler/COMMON/SGL_302j/LIB_ELF/LIBSGL.A(sglB043.o)
 .text          0x000000000601c7e0        0x0 /joengine/Compiler/COMMON/SGL_302j/LIB_ELF/LIBSGL.A(sglB044.o)
 .text          0x000000000601c7e0        0x0 /joengine/Compiler/COMMON/SGL_302j/LIB_ELF/LIBSGL.A(sglB045.o)
 .text          0x000000000601c7e0        0x0 /joengine/Compiler/COMMON/SGL_302j/LIB_ELF/LIBSGL.A(sglB047.o)
 .text          0x000000000601c7e0        0x0 /joengine/Compiler/COMMON/SGL_302j/LIB_ELF/LIBSGL.A(sglB048.o)
 .text          0x000000000601c7e0        0x0 /joengine/Compiler/COMMON/SGL_302j/LIB_ELF/LIBSGL.A(sglB055.o)
 .text          0x000000000601c7e0        0x0 /joengine/Compiler/COMMON/SGL_302j/LIB_ELF/LIBSGL.A(sglB056.o)
 .text          0x000000000601c7e0        0x0 /joengine/Compiler/COMMON/SGL_302j/LIB_ELF/LIBSGL.A(sglB057.o)
 .text          0x000000000601c7e0        0x0 /joengine/Compiler/COMMON/SGL_302j/LIB_ELF/LIBSGL.A(sglB058.o)
 .text          0x000000000601c7e0        0x0 /joengine/Compiler/COMMON/SGL_302j/LIB_ELF/LIBSGL.A(sglB059.o)
 .text          0x000000000601c7e0        0x0 /joengine/Compiler/COMMON/SGL_302j/LIB_ELF/LIBSGL.A(sglB060.o)
 .text          0x000000000601c7e0        0x0 /joengine/Compiler/COMMON/SGL_302j/LIB_ELF/LIBSGL.A(sglB063.o)
 .text          0x000000000601c7e0        0x0 /joengine/Compiler/COMMON/SGL_302j/LIB_ELF/LIBSGL.A(sglB087.o)
 .text          0x000000000601c7e0        0x0 /joengine/Compiler/COMMON/SGL_302j/LIB_ELF/LIBSGL.A(sglB088.o)
 .text          0x000000000601c7e0        0x0 /joengine/Compiler/COMMON/SGL_302j/LIB_ELF/LIBSGL.A(sglB090.o)
 .text          0x000000000601c7e0        0x0 /joengine/Compiler/COMMON/SGL_302j/LIB_ELF/LIBSGL.A(sglB200.o)
 .text          0x000000000601c7e0        0x0 /joengine/Compiler/COMMON/SGL_302j/LIB_ELF/LIBSGL.A(sglC01.o)
 .text          0x000000000601c7e0        0x0 /joengine/Compiler/COMMON/SGL_302j/LIB_ELF/LIBSGL.A(sglC03.o)
 .text          0x000000000601c7e0        0x0 /joengine/Compiler/COMMON/SGL_302j/LIB_ELF/LIBSGL.A(sglC04.o)
 .text          0x000000000601c7e0        0x0 /joengine/Compiler/COMMON/SGL_302j/LIB_ELF/LIBSGL.A(sglC05.o)
 .text          0x000000000601c7e0        0x0 /joengine/Compiler/COMMON/SGL_302j/LIB_ELF/LIBSGL.A(sglC06.o)
 .text          0x000000000601c7e0        0x0 /joengine/Compiler/COMMON/SGL_302j/LIB_ELF/LIBSGL.A(sglC07.o)
 .text          0x000000000601c7e0        0x0 /joengine/Compiler/COMMON/SGL_302j/LIB_ELF/LIBSGL.A(sglC08.o)
 .text          0x000000000601c7e0        0x0 /joengine/Compiler/COMMON/SGL_302j/LIB_ELF/LIBSGL.A(sglC14.o)
 .text          0x000000000601c7e0        0x0 /joengine/Compiler/COMMON/SGL_302j/LIB_ELF/LIBSGL.A(sglC16.o)
 .text          0x000000000601c7e0        0x0 /joengine/Compiler/COMMON/SGL_302j/LIB_ELF/LIBSGL.A(sglC17.o)
 .text          0x000000000601c7e0        0x0 /joengine/Compiler/COMMON/SGL_302j/LIB_ELF/LIBSGL.A(sglC19.o)
 .text          0x000000000601c7e0        0x0 /joengine/Compiler/COMMON/SGL_302j/LIB_ELF/LIBSGL.A(sglC20.o)
 .text          0x000000000601c7e0        0x0 /joengine/Compiler/COMMON/SGL_302j/LIB_ELF/LIBSGL.A(sglC21.o)
 .text          0x000000000601c7e0        0x0 /joengine/Compiler/COMMON/SGL_302j/LIB_ELF/LIBSGL.A(sglD00.o)
 .text          0x000000000601c7e0        0x0 /joengine/Compiler/COMMON/SGL_302j/LIB_ELF/LIBSGL.A(sglD01.o)
 .text          0x000000000601c7e0        0x0 /joengine/Compiler/COMMON/SGL_302j/LIB_ELF/LIBSGL.A(sglD02.o)
 .text          0x000000000601c7e0        0x0 /joengine/Compiler/COMMON/SGL_302j/LIB_ELF/LIBSGL.A(sglD03.o)
 .text          0x000000000601c7e0        0x0 /joengine/Compiler/COMMON/SGL_302j/LIB_ELF/LIBSGL.A(sglD15.o)
 .text          0x000000000601c7e0        0x0 /joengine/Compiler/COMMON/SGL_302j/LIB_ELF/LIBSGL.A(sglD16.o)
 .text          0x000000000601c7e0        0x0 /joengine/Compiler/COMMON/SGL_302j/LIB_ELF/LIBSGL.A(sglD17.o)
 .text          0x000000000601c7e0        0x0 /joengine/Compiler/COMMON/SGL_302j/LIB_ELF/LIBSGL.A(sglD18.o)
 .text          0x000000000601c7e0        0x0 /joengine/Compiler/COMMON/SGL_302j/LIB_ELF/LIBSGL.A(sglF08.o)
 .text          0x000000000601c7e0        0x0 /joengine/Compiler/COMMON/SGL_302j/LIB_ELF/LIBSGL.A(sglH00.o)
 .text          0x000000000601c7e0        0x0 /joengine/Compiler/COMMON/SGL_302j/LIB_ELF/LIBSGL.A(sglH01.o)
 .text          0x000000000601c7e0        0x0 /joengine/Compiler/COMMON/SGL_302j/LIB_ELF/LIBSGL.A(sglH02.o)
 .text          0x000000000601c7e0        0x0 /joengine/Compiler/COMMON/SGL_302j/LIB_ELF/LIBSGL.A(sglH04.o)
 .text          0x000000000601c7e0        0x0 /joengine/Compiler/COMMON/SGL_302j/LIB_ELF/LIBSGL.A(sglI01.o)
 .text          0x000000000601c7e0        0x0 /joengine/Compiler/COMMON/SGL_302j/LIB_ELF/LIBSGL.A(sglI04.o)
 .text          0x000000000601c7e0      0x128 /joengine/Compiler/COMMON/SGL_302j/LIB_ELF/LIBSGL.A(sglIc0.o)
                0x000000000601c7e0                slInitSystem
 *fill*         0x000000000601c908        0x8 
 .text          0x000000000601c910        0x0 /joengine/Compiler/COMMON/SGL_302j/LIB_ELF/LIBSGL.A(sglJ00.o)
 .text          0x000000000601c910        0x0 /joengine/Compiler/COMMON/SGL_302j/LIB_ELF/LIBSGL.A(sglJ01.o)
 .text          0x000000000601c910        0x0 /joengine/Compiler/COMMON/SGL_302j/LIB_ELF/LIBSGL.A(sglJ02.o)
 .text          0x000000000601c910        0x0 /joengine/Compiler/COMMON/SGL_302j/LIB_ELF/LIBSGL.A(sglJ03.o)
 .text          0x000000000601c910        0x0 /joengine/Compiler/COMMON/SGL_302j/LIB_ELF/LIBSGL.A(sglJ04.o)
 .text          0x000000000601c910        0x0 /joengine/Compiler/COMMON/SGL_302j/LIB_ELF/LIBSGL.A(sglJ05.o)
 .text          0x000000000601c910        0x0 /joengine/Compiler/COMMON/SGL_302j/LIB_ELF/LIBSGL.A(sglK01.o)
 .text          0x000000000601c910        0x0 /joengine/Compiler/COMMON/SGL_302j/LIB_ELF/LIBSGL.A(sglM00.o)
 .text          0x000000000601c910        0x0 /joengine/Compiler/COMMON/SGL_302j/LIB_ELF/LIBSGL.A(sglM01.o)
 .text          0x000000000601c910        0x0 /joengine/Compiler/COMMON/SGL_302j/LIB_ELF/LIBSGL.A(sglA00.o)
 .text          0x000000000601c910        0x0 /joengine/Compiler/COMMON/SGL_302j/LIB_ELF/LIBSGL.A(sglA03.o)
 .text          0x000000000601c910        0x0 /joengine/Compiler/COMMON/SGL_302j/LIB_ELF/LIBSGL.A(sglA10.o)
 .text          0x000000000601c910        0x0 /joengine/Compiler/COMMON/SGL_302j/LIB_ELF/LIBSGL.A(sglA24.o)
 .text          0x000000000601c910        0x0 /joengine/Compiler/COMMON/SGL_302j/LIB_ELF/LIBSGL.A(sglA25.o)
 .text          0x000000000601c910        0x0 /joengine/Compiler/COMMON/SGL_302j/LIB_ELF/LIBSGL.A(sglB000.o)
 .text          0x000000000601c910        0x0 /joengine/Compiler/COMMON/SGL_302j/LIB_ELF/LIBSGL.A(sglC00.o)
 .text          0x000000000601c910        0x0 /joengine/Compiler/COMMON/SGL_302j/LIB_ELF/LIBSGL.A(sglC13.o)
 .text          0x000000000601c910        0x0 /joengine/Compiler/COMMON/SGL_302j/LIB_ELF/LIBSGL.A(sglD19.o)
 .text          0x000000000601c910        0x0 /joengine/Compiler/COMMON/SGL_302j/LIB_ELF/LIBSGL.A(sglI00.o)
 .text          0x000000000601c910        0x0 /joengine/Compiler/COMMON/SGL_302j/LIB_ELF/LIBSGL.A(sglH03.o)
 .text          0x000000000601c910       0x52 /joengine/Compiler/LINUX/bin/../lib/gcc/sh-none-elf/8.2.0/libgcc.a(_ashiftrt.o)
                0x000000000601c910                __ashiftrt_r4_31
                0x000000000601c910                __ashiftrt_r4_32
                0x000000000601c916                __ashiftrt_r4_30
                0x000000000601c918                __ashiftrt_r4_29
                0x000000000601c91a                __ashiftrt_r4_28
                0x000000000601c91c                __ashiftrt_r4_27
                0x000000000601c91e                __ashiftrt_r4_26
                0x000000000601c920                __ashiftrt_r4_25
                0x000000000601c922                __ashiftrt_r4_24
                0x000000000601c92a                __ashiftrt_r4_23
                0x000000000601c92c                __ashiftrt_r4_22
                0x000000000601c92e                __ashiftrt_r4_21
                0x000000000601c930                __ashiftrt_r4_20
                0x000000000601c932                __ashiftrt_r4_19
                0x000000000601c934                __ashiftrt_r4_18
                0x000000000601c936                __ashiftrt_r4_17
                0x000000000601c938                __ashiftrt_r4_16
                0x000000000601c93e                __ashiftrt_r4_15
                0x000000000601c940                __ashiftrt_r4_14
                0x000000000601c942                __ashiftrt_r4_13
                0x000000000601c944                __ashiftrt_r4_12
                0x000000000601c946                __ashiftrt_r4_11
                0x000000000601c948                __ashiftrt_r4_10
                0x000000000601c94a                __ashiftrt_r4_9
                0x000000000601c94c                __ashiftrt_r4_8
                0x000000000601c94e                __ashiftrt_r4_7
                0x000000000601c950                __ashiftrt_r4_6
                0x000000000601c952                __ashiftrt_r4_5
                0x000000000601c954                __ashiftrt_r4_4
                0x000000000601c956                __ashiftrt_r4_3
                0x000000000601c958                __ashiftrt_r4_2
                0x000000000601c95a                __ashiftrt_r4_1
                0x000000000601c95e                __ashiftrt_r4_0
 *fill*         0x000000000601c962        0x2 
 .text          0x000000000601c964       0xa0 /joengine/Compiler/LINUX/bin/../lib/gcc/sh-none-elf/8.2.0/libgcc.a(_sdivsi3.o)
                0x000000000601c964                __sdivsi3
 .text          0x000000000601ca04       0x6c /joengine/Compiler/LINUX/bin/../lib/gcc/sh-none-elf/8.2.0/libgcc.a(_udivsi3.o)
                0x000000000601ca26                __udivsi3
 .text          0x000000000601ca70       0x78 /joengine/Compiler/LINUX/bin/../lib/gcc/sh-none-elf/8.2.0/libgcc.a(_movmem.o)
                0x000000000601ca70                __movstr
                0x000000000601ca70                __movmem
                0x000000000601caa4                __movmemSI64
                0x000000000601caa4                __movstrSI64
                0x000000000601caa8                __movstrSI60
                0x000000000601caa8                __movmemSI60
                0x000000000601caac                __movmemSI56
                0x000000000601caac                __movstrSI56
                0x000000000601cab0                __movstrSI52
                0x000000000601cab0                __movmemSI52
                0x000000000601cab4                __movstrSI48
                0x000000000601cab4                __movmemSI48
                0x000000000601cab8                __movstrSI44
                0x000000000601cab8                __movmemSI44
                0x000000000601cabc                __movstrSI40
                0x000000000601cabc                __movmemSI40
                0x000000000601cac0                __movstrSI36
                0x000000000601cac0                __movmemSI36
                0x000000000601cac4                __movmemSI32
                0x000000000601cac4                __movstrSI32
                0x000000000601cac8                __movmemSI28
                0x000000000601cac8                __movstrSI28
                0x000000000601cacc                __movstrSI24
                0x000000000601cacc                __movmemSI24
                0x000000000601cad0                __movmemSI20
                0x000000000601cad0                __movstrSI20
                0x000000000601cad4                __movstrSI16
                0x000000000601cad4                __movmemSI16
                0x000000000601cad8                __movmemSI12
                0x000000000601cad8                __movstrSI12
                0x000000000601cadc                __movmemSI8
                0x000000000601cadc                __movstrSI8
                0x000000000601cae0                __movmemSI4
                0x000000000601cae0                __movstrSI4
 .text          0x000000000601cae8      0x210 /joengine/Compiler/LINUX/bin/../lib/gcc/sh-none-elf/8.2.0/libgcc.a(_addsub_sf.o)
                0x000000000601cc5c                __addsf3
                0x000000000601cca8                __subsf3
 .text          0x000000000601ccf8      0x134 /joengine/Compiler/LINUX/bin/../lib/gcc/sh-none-elf/8.2.0/libgcc.a(_mul_sf.o)
                0x000000000601ccf8                __mulsf3
 .text          0x000000000601ce2c       0xdc /joengine/Compiler/LINUX/bin/../lib/gcc/sh-none-elf/8.2.0/libgcc.a(_div_sf.o)
                0x000000000601ce2c                __divsf3
 .text          0x000000000601cf08       0x54 /joengine/Compiler/LINUX/bin/../lib/gcc/sh-none-elf/8.2.0/libgcc.a(_eq_sf.o)
                0x000000000601cf08                __eqsf2
 .text          0x000000000601cf5c       0x54 /joengine/Compiler/LINUX/bin/../lib/gcc/sh-none-elf/8.2.0/libgcc.a(_ne_sf.o)
                0x000000000601cf5c                __nesf2
 .text          0x000000000601cfb0       0x4c /joengine/Compiler/LINUX/bin/../lib/gcc/sh-none-elf/8.2.0/libgcc.a(_gt_sf.o)
                0x000000000601cfb0                __gtsf2
 .text          0x000000000601cffc       0x4c /joengine/Compiler/LINUX/bin/../lib/gcc/sh-none-elf/8.2.0/libgcc.a(_ge_sf.o)
                0x000000000601cffc                __gesf2
 .text          0x000000000601d048       0x54 /joengine/Compiler/LINUX/bin/../lib/gcc/sh-none-elf/8.2.0/libgcc.a(_lt_sf.o)
                0x000000000601d048                __ltsf2
 .text          0x000000000601d09c       0x54 /joengine/Compiler/LINUX/bin/../lib/gcc/sh-none-elf/8.2.0/libgcc.a(_le_sf.o)
                0x000000000601d09c                __lesf2
 .text          0x000000000601d0f0       0x84 /joengine/Compiler/LINUX/bin/../lib/gcc/sh-none-elf/8.2.0/libgcc.a(_si_to_sf.o)
                0x000000000601d0f0                __floatsisf
 .text          0x000000000601d174       0x7c /joengine/Compiler/LINUX/bin/../lib/gcc/sh-none-elf/8.2.0/libgcc.a(_sf_to_si.o)
                0x000000000601d174                __fixsfsi
 .text          0x000000000601d1f0       0x3c /joengine/Compiler/LINUX/bin/../lib/gcc/sh-none-elf/8.2.0/libgcc.a(_sf_to_df.o)
                0x000000000601d1f0                __extendsfdf2
 .text          0x000000000601d22c        0x0 /joengine/Compiler/LINUX/bin/../lib/gcc/sh-none-elf/8.2.0/libgcc.a(_thenan_sf.o)
 .text          0x000000000601d22c       0x94 /joengine/Compiler/LINUX/bin/../lib/gcc/sh-none-elf/8.2.0/libgcc.a(_usi_to_sf.o)
                0x000000000601d22c                __floatunsisf
 .text          0x000000000601d2c0       0x28 /joengine/Compiler/LINUX/bin/../lib/gcc/sh-none-elf/8.2.0/libgcc.a(_make_df.o)
                0x000000000601d2c0                __make_dp
 .text          0x000000000601d2e8       0x4c /joengine/Compiler/LINUX/bin/../lib/gcc/sh-none-elf/8.2.0/libgcc.a(_df_to_sf.o)
                0x000000000601d2e8                __truncdfsf2
 .text          0x000000000601d334      0x114 /joengine/Compiler/LINUX/bin/../lib/gcc/sh-none-elf/8.2.0/libgcc.a(_pack_sf.o)
                0x000000000601d334                __pack_f
 .text          0x000000000601d448       0xa0 /joengine/Compiler/LINUX/bin/../lib/gcc/sh-none-elf/8.2.0/libgcc.a(_unpack_sf.o)
                0x000000000601d448                __unpack_f
 .text          0x000000000601d4e8       0xa8 /joengine/Compiler/LINUX/bin/../lib/gcc/sh-none-elf/8.2.0/libgcc.a(_fpcmp_parts_sf.o)
                0x000000000601d4e8                __fpcmp_parts_f
 .text          0x000000000601d590       0x20 /joengine/Compiler/LINUX/bin/../lib/gcc/sh-none-elf/8.2.0/libgcc.a(_make_sf.o)
                0x000000000601d590                __make_fp
 .text          0x000000000601d5b0        0x0 /joengine/Compiler/LINUX/bin/../lib/gcc/sh-none-elf/8.2.0/../../../../sh-none-elf/lib/libc.a(lib_a-impure.o)
 .text          0x000000000601d5b0       0x1e /joengine/Compiler/LINUX/bin/../lib/gcc/sh-none-elf/8.2.0/../../../../sh-none-elf/lib/libc.a(lib_a-memcmp.o)
                0x000000000601d5b0                memcmp
 *fill*         0x000000000601d5ce        0x2 
 .text          0x000000000601d5d0       0x94 /joengine/Compiler/LINUX/bin/../lib/gcc/sh-none-elf/8.2.0/../../../../sh-none-elf/lib/libc.a(lib_a-memcpy.o)
                0x000000000601d5d0                memcpy
 .text          0x000000000601d664       0x40 /joengine/Compiler/LINUX/bin/../lib/gcc/sh-none-elf/8.2.0/../../../../sh-none-elf/lib/libc.a(lib_a-memset.o)
                0x000000000601d664                memset
 .text          0x000000000601d6a4       0x58 /joengine/Compiler/LINUX/bin/../lib/gcc/sh-none-elf/8.2.0/../../../../sh-none-elf/lib/libc.a(lib_a-rand.o)
                0x000000000601d6a4                srand
                0x000000000601d6b8                rand
 .text          0x000000000601d6fc       0x60 /joengine/Compiler/LINUX/bin/../lib/gcc/sh-none-elf/8.2.0/../../../../sh-none-elf/lib/libc.a(lib_a-rget.o)
                0x000000000601d6fc                __srget_r
                0x000000000601d748                __srget
 .text          0x000000000601d75c       0x8c /joengine/Compiler/LINUX/bin/../lib/gcc/sh-none-elf/8.2.0/../../../../sh-none-elf/lib/libc.a(lib_a-sprintf.o)
                0x000000000601d75c                _sprintf_r
                0x000000000601d79c                sprintf
 .text          0x000000000601d7e8       0x22 /joengine/Compiler/LINUX/bin/../lib/gcc/sh-none-elf/8.2.0/../../../../sh-none-elf/lib/libc.a(lib_a-strcat.o)
                0x000000000601d7e8                strcat
 *fill*         0x000000000601d80a        0x2 
 .text          0x000000000601d80c       0x38 /joengine/Compiler/LINUX/bin/../lib/gcc/sh-none-elf/8.2.0/../../../../sh-none-elf/lib/libc.a(lib_a-strcmp.o)
                0x000000000601d80c                strcmp
 .text          0x000000000601d844       0x3c /joengine/Compiler/LINUX/bin/../lib/gcc/sh-none-elf/8.2.0/../../../../sh-none-elf/lib/libc.a(lib_a-strcpy.o)
                0x000000000601d844                strcpy
 .text          0x000000000601d880       0x20 /joengine/Compiler/LINUX/bin/../lib/gcc/sh-none-elf/8.2.0/../../../../sh-none-elf/lib/libc.a(lib_a-strlen.o)
                0x000000000601d880                strlen
 .text          0x000000000601d8a0       0x2a /joengine/Compiler/LINUX/bin/../lib/gcc/sh-none-elf/8.2.0/../../../../sh-none-elf/lib/libc.a(lib_a-strncmp.o)
                0x000000000601d8a0                strncmp
 .text          0x000000000601d8ca       0x32 /joengine/Compiler/LINUX/bin/../lib/gcc/sh-none-elf/8.2.0/../../../../sh-none-elf/lib/libc.a(lib_a-strncpy.o)
                0x000000000601d8ca                strncpy
 .text          0x000000000601d8fc       0x36 /joengine/Compiler/LINUX/bin/../lib/gcc/sh-none-elf/8.2.0/../../../../sh-none-elf/lib/libc.a(lib_a-strstr.o)
                0x000000000601d8fc                strstr
 *fill*         0x000000000601d932        0x2 
 .text          0x000000000601d934     0x1378 /joengine/Compiler/LINUX/bin/../lib/gcc/sh-none-elf/8.2.0/../../../../sh-none-elf/lib/libc.a(lib_a-svfprintf.o)
                0x000000000601d934                _svfprintf_r
 .text          0x000000000601ecac       0xdc /joengine/Compiler/LINUX/bin/../lib/gcc/sh-none-elf/8.2.0/../../../../sh-none-elf/lib/libc.a(lib_a-wbuf.o)
                0x000000000601ecac                __swbuf_r
                0x000000000601ed74                __swbuf
 .text          0x000000000601ed88       0xcc /joengine/Compiler/LINUX/bin/../lib/gcc/sh-none-elf/8.2.0/../../../../sh-none-elf/lib/libc.a(lib_a-wsetup.o)
                0x000000000601ed88                __swsetup_r
 .text          0x000000000601ee54      0xef4 /joengine/Compiler/LINUX/bin/../lib/gcc/sh-none-elf/8.2.0/../../../../sh-none-elf/lib/libc.a(lib_a-dtoa.o)
                0x000000000601ef88                _dtoa_r
 .text          0x000000000601fd48      0x1a8 /joengine/Compiler/LINUX/bin/../lib/gcc/sh-none-elf/8.2.0/../../../../sh-none-elf/lib/libc.a(lib_a-fflush.o)
                0x000000000601fd48                __sflush_r
                0x000000000601fe88                _fflush_r
                0x000000000601fec8                fflush
 .text          0x000000000601fef0      0x218 /joengine/Compiler/LINUX/bin/../lib/gcc/sh-none-elf/8.2.0/../../../../sh-none-elf/lib/libc.a(lib_a-findfp.o)
                0x000000000601ff4c                _cleanup_r
                0x000000000601ff60                __sfmoreglue
                0x000000000601ffac                _cleanup
                0x000000000601ffc0                __sinit
                0x0000000006020014                __sfp
                0x00000000060200c8                __sfp_lock_acquire
                0x00000000060200cc                __sfp_lock_release
                0x00000000060200d0                __sinit_lock_acquire
                0x00000000060200d4                __sinit_lock_release
                0x00000000060200d8                __fp_lock_all
                0x00000000060200f0                __fp_unlock_all
 .text          0x0000000006020108       0xb4 /joengine/Compiler/LINUX/bin/../lib/gcc/sh-none-elf/8.2.0/../../../../sh-none-elf/lib/libc.a(lib_a-fwalk.o)
                0x0000000006020108                _fwalk
                0x000000000602015e                _fwalk_reent
 .text          0x00000000060201bc       0x40 /joengine/Compiler/LINUX/bin/../lib/gcc/sh-none-elf/8.2.0/../../../../sh-none-elf/lib/libc.a(lib_a-localeconv.o)
                0x00000000060201bc                __localeconv_l
                0x00000000060201c4                _localeconv_r
                0x00000000060201e0                localeconv
 .text          0x00000000060201fc       0xa8 /joengine/Compiler/LINUX/bin/../lib/gcc/sh-none-elf/8.2.0/../../../../sh-none-elf/lib/libc.a(lib_a-locale.o)
                0x00000000060201fc                _setlocale_r
                0x0000000006020248                __locale_mb_cur_max
                0x0000000006020268                __locale_ctype_ptr_l
                0x0000000006020272                __locale_ctype_ptr
                0x0000000006020290                setlocale
 .text          0x00000000060202a4      0x110 /joengine/Compiler/LINUX/bin/../lib/gcc/sh-none-elf/8.2.0/../../../../sh-none-elf/lib/libc.a(lib_a-makebuf.o)
                0x00000000060202a4                __swhatbuf_r
                0x0000000006020308                __smakebuf_r
 .text          0x00000000060203b4       0x4c /joengine/Compiler/LINUX/bin/../lib/gcc/sh-none-elf/8.2.0/../../../../sh-none-elf/lib/libc.a(lib_a-mbtowc_r.o)
                0x00000000060203b4                _mbtowc_r
                0x00000000060203d8                __ascii_mbtowc
 .text          0x0000000006020400       0x1c /joengine/Compiler/LINUX/bin/../lib/gcc/sh-none-elf/8.2.0/../../../../sh-none-elf/lib/libc.a(lib_a-memchr.o)
                0x0000000006020400                memchr
 .text          0x000000000602041c      0xa9c /joengine/Compiler/LINUX/bin/../lib/gcc/sh-none-elf/8.2.0/../../../../sh-none-elf/lib/libc.a(lib_a-mprec.o)
                0x000000000602041c                _Balloc
                0x0000000006020490                _Bfree
                0x00000000060204a8                __multadd
                0x0000000006020550                __s2b
                0x0000000006020610                __hi0bits
                0x0000000006020664                __lo0bits
                0x00000000060206c8                __i2b
                0x00000000060206e4                __multiply
                0x0000000006020828                __pow5mult
                0x00000000060208e4                __lshift
                0x00000000060209d8                __mcmp
                0x0000000006020a10                __mdiff
                0x0000000006020aec                __ulp
                0x0000000006020b58                __b2d
                0x0000000006020c40                __d2b
                0x0000000006020d2c                __ratio
                0x0000000006020db0                _mprec_log10
                0x0000000006020e08                __copybits
                0x0000000006020e4c                __any_on
 .text          0x0000000006020eb8      0x14c /joengine/Compiler/LINUX/bin/../lib/gcc/sh-none-elf/8.2.0/../../../../sh-none-elf/lib/libc.a(lib_a-refill.o)
                0x0000000006020ed0                __srefill_r
 .text          0x0000000006021004       0xe0 /joengine/Compiler/LINUX/bin/../lib/gcc/sh-none-elf/8.2.0/../../../../sh-none-elf/lib/libc.a(lib_a-stdio.o)
                0x0000000006021004                __sread
                0x0000000006021040                __seofread
                0x0000000006021044                __swrite
                0x0000000006021094                __sseek
                0x00000000060210d4                __sclose
 .text          0x00000000060210e4      0xa60 /joengine/Compiler/LINUX/bin/../lib/gcc/sh-none-elf/8.2.0/../../../../sh-none-elf/lib/libc.a(lib_a-svfiprintf.o)
                0x00000000060210e4                __ssprint_r
                0x0000000006021218                _svfiprintf_r
 .text          0x0000000006021b44       0x40 /joengine/Compiler/LINUX/bin/../lib/gcc/sh-none-elf/8.2.0/../../../../sh-none-elf/lib/libc.a(lib_a-wctomb_r.o)
                0x0000000006021b44                _wctomb_r
                0x0000000006021b64                __ascii_wctomb
 .text          0x0000000006021b84       0x34 /joengine/Compiler/LINUX/bin/../lib/gcc/sh-none-elf/8.2.0/../../../../sh-none-elf/lib/libc.a(lib_a-writer.o)
                0x0000000006021b84                _write_r
 .text          0x0000000006021bb8       0x30 /joengine/Compiler/LINUX/bin/../lib/gcc/sh-none-elf/8.2.0/../../../../sh-none-elf/lib/libc.a(lib_a-closer.o)
                0x0000000006021bb8                _close_r
 .text          0x0000000006021be8        0x0 /joengine/Compiler/LINUX/bin/../lib/gcc/sh-none-elf/8.2.0/../../../../sh-none-elf/lib/libc.a(lib_a-ctype_.o)
 .text          0x0000000006021be8       0xc8 /joengine/Compiler/LINUX/bin/../lib/gcc/sh-none-elf/8.2.0/../../../../sh-none-elf/lib/libc.a(lib_a-fclose.o)
                0x0000000006021be8                _fclose_r
                0x0000000006021c9c                fclose
 .text          0x0000000006021cb0       0x34 /joengine/Compiler/LINUX/bin/../lib/gcc/sh-none-elf/8.2.0/../../../../sh-none-elf/lib/libc.a(lib_a-fstatr.o)
                0x0000000006021cb0                _fstat_r
 .text          0x0000000006021ce4       0x30 /joengine/Compiler/LINUX/bin/../lib/gcc/sh-none-elf/8.2.0/../../../../sh-none-elf/lib/libc.a(lib_a-isattyr.o)
                0x0000000006021ce4                _isatty_r
 .text          0x0000000006021d14       0x34 /joengine/Compiler/LINUX/bin/../lib/gcc/sh-none-elf/8.2.0/../../../../sh-none-elf/lib/libc.a(lib_a-lseekr.o)
                0x0000000006021d14                _lseek_r
 .text          0x0000000006021d48       0x3c /joengine/Compiler/LINUX/bin/../lib/gcc/sh-none-elf/8.2.0/../../../../sh-none-elf/lib/libc.a(lib_a-memmove.o)
                0x0000000006021d48                memmove
 .text          0x0000000006021d84       0x34 /joengine/Compiler/LINUX/bin/../lib/gcc/sh-none-elf/8.2.0/../../../../sh-none-elf/lib/libc.a(lib_a-readr.o)
                0x0000000006021d84                _read_r
 .text          0x0000000006021db8      0x100 /joengine/Compiler/LINUX/bin/../lib/gcc/sh-none-elf/8.2.0/../../../../sh-none-elf/lib/libc.a(lib_a-reent.o)
                0x0000000006021db8                cleanup_glue
                0x0000000006021de4                _reclaim_reent
 .text          0x0000000006021eb8       0x80 /joengine/Compiler/LINUX/bin/../lib/gcc/sh-none-elf/8.2.0/libgcc.a(_ashiftrt_n.o)
                0x0000000006021eb8                __ashrsi3
 .text          0x0000000006021f38       0xbc /joengine/Compiler/LINUX/bin/../lib/gcc/sh-none-elf/8.2.0/libgcc.a(_ashiftlt.o)
                0x0000000006021f38                __ashlsi3
                0x0000000006021f3c                __ashlsi3_r0
 .text          0x0000000006021ff4       0xbc /joengine/Compiler/LINUX/bin/../lib/gcc/sh-none-elf/8.2.0/libgcc.a(_lshiftrt.o)
                0x0000000006021ff4                __lshrsi3
                0x0000000006021ff8                __lshrsi3_r0
 .text          0x00000000060220b0      0x258 /joengine/Compiler/LINUX/bin/../lib/gcc/sh-none-elf/8.2.0/libgcc.a(_udivdi3.o)
                0x00000000060220b0                __udivdi3
 .text          0x0000000006022308      0x2bc /joengine/Compiler/LINUX/bin/../lib/gcc/sh-none-elf/8.2.0/libgcc.a(_umoddi3.o)
                0x0000000006022308                __umoddi3
 .text          0x00000000060225c4      0x3b4 /joengine/Compiler/LINUX/bin/../lib/gcc/sh-none-elf/8.2.0/libgcc.a(_addsub_df.o)
                0x00000000060228d4                __adddf3
                0x0000000006022924                __subdf3
 .text          0x0000000006022978      0x208 /joengine/Compiler/LINUX/bin/../lib/gcc/sh-none-elf/8.2.0/libgcc.a(_mul_df.o)
                0x0000000006022978                __muldf3
 .text          0x0000000006022b80      0x130 /joengine/Compiler/LINUX/bin/../lib/gcc/sh-none-elf/8.2.0/libgcc.a(_div_df.o)
                0x0000000006022b80                __divdf3
 .text          0x0000000006022cb0       0x58 /joengine/Compiler/LINUX/bin/../lib/gcc/sh-none-elf/8.2.0/libgcc.a(_eq_df.o)
                0x0000000006022cb0                __eqdf2
 .text          0x0000000006022d08       0x58 /joengine/Compiler/LINUX/bin/../lib/gcc/sh-none-elf/8.2.0/libgcc.a(_ne_df.o)
                0x0000000006022d08                __nedf2
 .text          0x0000000006022d60       0x50 /joengine/Compiler/LINUX/bin/../lib/gcc/sh-none-elf/8.2.0/libgcc.a(_gt_df.o)
                0x0000000006022d60                __gtdf2
 .text          0x0000000006022db0       0x50 /joengine/Compiler/LINUX/bin/../lib/gcc/sh-none-elf/8.2.0/libgcc.a(_ge_df.o)
                0x0000000006022db0                __gedf2
 .text          0x0000000006022e00       0x58 /joengine/Compiler/LINUX/bin/../lib/gcc/sh-none-elf/8.2.0/libgcc.a(_lt_df.o)
                0x0000000006022e00                __ltdf2
 .text          0x0000000006022e58       0x58 /joengine/Compiler/LINUX/bin/../lib/gcc/sh-none-elf/8.2.0/libgcc.a(_le_df.o)
                0x0000000006022e58                __ledf2
 .text          0x0000000006022eb0       0x40 /joengine/Compiler/LINUX/bin/../lib/gcc/sh-none-elf/8.2.0/libgcc.a(_unord_df.o)
                0x0000000006022eb0                __unorddf2
 .text          0x0000000006022ef0       0xa8 /joengine/Compiler/LINUX/bin/../lib/gcc/sh-none-elf/8.2.0/libgcc.a(_si_to_df.o)
                0x0000000006022ef0                __floatsidf
 .text          0x0000000006022f98       0xa4 /joengine/Compiler/LINUX/bin/../lib/gcc/sh-none-elf/8.2.0/libgcc.a(_df_to_si.o)
                0x0000000006022f98                __fixdfsi
 .text          0x000000000602303c        0x0 /joengine/Compiler/LINUX/bin/../lib/gcc/sh-none-elf/8.2.0/libgcc.a(_thenan_df.o)
 .text          0x000000000602303c       0x88 /joengine/Compiler/LINUX/bin/../lib/gcc/sh-none-elf/8.2.0/libgcc.a(_usi_to_df.o)
                0x000000000602303c                __floatunsidf
 *fill*         0x00000000060230c4        0x4 
 .text          0x00000000060230c8       0x60 /joengine/Compiler/LINUX/bin/../lib/gcc/sh-none-elf/8.2.0/libgcc.a(_udiv_qrnnd_16.o)
                0x00000000060230c8                __udiv_qrnnd_16
 .text          0x0000000006023128        0x0 /joengine/Compiler/LINUX/bin/../lib/gcc/sh-none-elf/8.2.0/libgcc.a(_clz.o)
 .text          0x0000000006023128       0x58 /joengine/Compiler/LINUX/bin/../lib/gcc/sh-none-elf/8.2.0/libgcc.a(_clzsi2.o)
                0x0000000006023128                __clzsi2
 .text          0x0000000006023180      0x25c /joengine/Compiler/LINUX/bin/../lib/gcc/sh-none-elf/8.2.0/libgcc.a(_pack_df.o)
                0x0000000006023180                __pack_d
 .text          0x00000000060233dc       0xcc /joengine/Compiler/LINUX/bin/../lib/gcc/sh-none-elf/8.2.0/libgcc.a(_unpack_df.o)
                0x00000000060233dc                __unpack_d
 .text          0x00000000060234a8       0xc8 /joengine/Compiler/LINUX/bin/../lib/gcc/sh-none-elf/8.2.0/libgcc.a(_fpcmp_parts_df.o)
                0x00000000060234a8                __fpcmp_parts_d
 *(.strings)
 *(SEGA_P)
 *(.eh_frame_hdr)
 *(.eh_frame)
 .eh_frame      0x0000000006023570       0xa8 /joengine/Compiler/LINUX/bin/../lib/gcc/sh-none-elf/8.2.0/libgcc.a(_udivdi3.o)
 .eh_frame      0x0000000006023618       0xdc /joengine/Compiler/LINUX/bin/../lib/gcc/sh-none-elf/8.2.0/libgcc.a(_umoddi3.o)
                0x00000000060236f4                __etext = .

.text.startup   0x0000000006023700      0xb80
 .text.startup  0x0000000006023700      0xb7c /tmp/ccWAKH0X.ltrans0.ltrans.o
                0x0000000006023700                main

SLPROG          0x0000000006024280    0x158a0
                0x0000000006024280                __slprog_start = .
 *(SLPROG)
 SLPROG         0x0000000006024280     0x6540 /joengine/Compiler/COMMON/SGL_302j/LIB_ELF/SGLAREA.O
                0x0000000006024280                MasterStack
                0x0000000006024284                SlaveStack
                0x0000000006024288                MaxVertices
                0x000000000602428a                MaxPolygons
                0x000000000602428c                SortList
                0x0000000006024290                SortListSize
                0x0000000006024294                TransList
                0x0000000006024298                Zbuffer
                0x000000000602429c                SpriteBuf
                0x00000000060242a0                SpriteBufSize
                0x00000000060242a4                Pbuffer
                0x00000000060242a8                CommandBuf
                0x00000000060242ac                CLOfstBuf
                0x00000000060242b0                PCM_Work
                0x00000000060242b4                PCM_WkSize
                0x00000000060242b8                MaxEvents
                0x00000000060242ba                EventSize
                0x00000000060242bc                MaxWorks
                0x00000000060242be                WorkSize
                0x00000000060242c0                RemainEvent
                0x00000000060243c0                RemainWork
                0x00000000060247c0                EventBuf
                0x00000000060267c0                WorkBuf
 SLPROG         0x000000000602a7c0     0x411e /joengine/Compiler/COMMON/SGL_302j/LIB_ELF/LIBSGL.A(sglA01.o)
                0x000000000602a7c0                slSin
                0x000000000602a7e4                slCos
                0x000000000602a808                GetSinCos
                0x000000000602a89c                sin_cos_index_tbl
                0x000000000602a8dc                sin_tbl
 *fill*         0x000000000602e8de        0x2 
 SLPROG         0x000000000602e8e0       0x18 /joengine/Compiler/COMMON/SGL_302j/LIB_ELF/LIBSGL.A(sglA15.o)
                0x000000000602e8e0                slSlaveFunc
 *fill*         0x000000000602e8f8        0x8 
 SLPROG         0x000000000602e900       0xd0 /joengine/Compiler/COMMON/SGL_302j/LIB_ELF/LIBSGL.A(sglA16.o)
                0x000000000602e900                slLookAt
 SLPROG         0x000000000602e9d0       0x78 /joengine/Compiler/COMMON/SGL_302j/LIB_ELF/LIBSGL.A(sglA17.o)
                0x000000000602e9d0                slRotZ
                0x000000000602e9da                slRotZSC
 *fill*         0x000000000602ea48        0x8 
 SLPROG         0x000000000602ea50       0x78 /joengine/Compiler/COMMON/SGL_302j/LIB_ELF/LIBSGL.A(sglA18.o)
                0x000000000602ea50                slRotY
                0x000000000602ea5a                slRotYSC
 *fill*         0x000000000602eac8        0x8 
 SLPROG         0x000000000602ead0       0x78 /joengine/Compiler/COMMON/SGL_302j/LIB_ELF/LIBSGL.A(sglA19.o)
                0x000000000602ead0                slRotX
                0x000000000602eada                slRotXSC
 *fill*         0x000000000602eb48        0x8 
 SLPROG         0x000000000602eb50      0x42c /joengine/Compiler/COMMON/SGL_302j/LIB_ELF/LIBSGL.A(sglA20.o)
                0x000000000602eb50                slInitMatrix
                0x000000000602eb5a                slPushUnitMatrix
                0x000000000602eb6e                slUnitMatrix
 *fill*         0x000000000602ef7c        0x4 
 SLPROG         0x000000000602ef80       0x48 /joengine/Compiler/COMMON/SGL_302j/LIB_ELF/LIBSGL.A(sglA21.o)
                0x000000000602ef80                slPushMatrix
                0x000000000602efb4                slPopMatrix
                0x000000000602efb4                slDecMatrixPtr
 *fill*         0x000000000602efc8        0x8 
 SLPROG         0x000000000602efd0       0x50 /joengine/Compiler/COMMON/SGL_302j/LIB_ELF/LIBSGL.A(sglA27.o)
                0x000000000602efd0                slTranslate
 SLPROG         0x000000000602f020       0x70 /joengine/Compiler/COMMON/SGL_302j/LIB_ELF/LIBSGL.A(sglA28.o)
                0x000000000602f020                slScale
 SLPROG         0x000000000602f090       0x22 /joengine/Compiler/COMMON/SGL_302j/LIB_ELF/LIBSGL.A(sglA40.o)
                0x000000000602f090                slCalcVector
 *fill*         0x000000000602f0b2        0xe 
 SLPROG         0x000000000602f0c0       0x20 /joengine/Compiler/COMMON/SGL_302j/LIB_ELF/LIBSGL.A(sglB001.o)
                0x000000000602f0c0                slTVOn
                0x000000000602f0ca                slTVOff
 SLPROG         0x000000000602f0e0       0x24 /joengine/Compiler/COMMON/SGL_302j/LIB_ELF/LIBSGL.A(sglB011.o)
                0x000000000602f0e0                slBitMapNbg1
 *fill*         0x000000000602f104        0xc 
 SLPROG         0x000000000602f110        0x8 /joengine/Compiler/COMMON/SGL_302j/LIB_ELF/LIBSGL.A(sglB014.o)
                0x000000000602f110                slScrTransparent
 *fill*         0x000000000602f118        0x8 
 SLPROG         0x000000000602f120      0x40c /joengine/Compiler/COMMON/SGL_302j/LIB_ELF/LIBSGL.A(sglB015.o)
                0x000000000602f120                slScrAutoDisp
 *fill*         0x000000000602f52c        0x4 
 SLPROG         0x000000000602f530        0xc /joengine/Compiler/COMMON/SGL_302j/LIB_ELF/LIBSGL.A(sglB016.o)
                0x000000000602f530                slBack1ColSet
 *fill*         0x000000000602f53c        0x4 
 SLPROG         0x000000000602f540       0x10 /joengine/Compiler/COMMON/SGL_302j/LIB_ELF/LIBSGL.A(sglB020.o)
                0x000000000602f540                slColorCalc
 SLPROG         0x000000000602f550        0xc /joengine/Compiler/COMMON/SGL_302j/LIB_ELF/LIBSGL.A(sglB021.o)
                0x000000000602f550                slColorCalcOn
 *fill*         0x000000000602f55c        0x4 
 SLPROG         0x000000000602f560        0xc /joengine/Compiler/COMMON/SGL_302j/LIB_ELF/LIBSGL.A(sglB023.o)
                0x000000000602f560                slColRate
 *fill*         0x000000000602f56c        0x4 
 SLPROG         0x000000000602f570       0xb0 /joengine/Compiler/COMMON/SGL_302j/LIB_ELF/LIBSGL.A(sglB031.o)
                0x000000000602f570                slMapNbg0
 SLPROG         0x000000000602f620       0xb4 /joengine/Compiler/COMMON/SGL_302j/LIB_ELF/LIBSGL.A(sglB032.o)
                0x000000000602f620                slMapNbg1
 *fill*         0x000000000602f6d4        0xc 
 SLPROG         0x000000000602f6e0       0xb0 /joengine/Compiler/COMMON/SGL_302j/LIB_ELF/LIBSGL.A(sglB033.o)
                0x000000000602f6e0                slMapNbg2
 SLPROG         0x000000000602f790       0xb4 /joengine/Compiler/COMMON/SGL_302j/LIB_ELF/LIBSGL.A(sglB034.o)
                0x000000000602f790                slMapNbg3
 *fill*         0x000000000602f844        0xc 
 SLPROG         0x000000000602f850       0xd4 /joengine/Compiler/COMMON/SGL_302j/LIB_ELF/LIBSGL.A(sglB035.o)
                0x000000000602f850                sl1MapRA
                0x000000000602f8e2                rbank_set
 *fill*         0x000000000602f924        0xc 
 SLPROG         0x000000000602f930       0xa0 /joengine/Compiler/COMMON/SGL_302j/LIB_ELF/LIBSGL.A(sglB036.o)
                0x000000000602f930                sl1MapRB
 SLPROG         0x000000000602f9d0       0x70 /joengine/Compiler/COMMON/SGL_302j/LIB_ELF/LIBSGL.A(sglB038.o)
                0x000000000602f9d0                slRparaInitSet
 SLPROG         0x000000000602fa40       0x7e /joengine/Compiler/COMMON/SGL_302j/LIB_ELF/LIBSGL.A(sglB039.o)
                0x000000000602fa40                slMakeKtable
 *fill*         0x000000000602fabe        0x2 
 SLPROG         0x000000000602fac0       0x58 /joengine/Compiler/COMMON/SGL_302j/LIB_ELF/LIBSGL.A(sglB040.o)
                0x000000000602fac0                slKtableRA
 *fill*         0x000000000602fb18        0x8 
 SLPROG         0x000000000602fb20       0x5c /joengine/Compiler/COMMON/SGL_302j/LIB_ELF/LIBSGL.A(sglB041.o)
                0x000000000602fb20                slKtableRB
 *fill*         0x000000000602fb7c        0x4 
 SLPROG         0x000000000602fb80       0x10 /joengine/Compiler/COMMON/SGL_302j/LIB_ELF/LIBSGL.A(sglB042.o)
                0x000000000602fb80                slCurRpara
 SLPROG         0x000000000602fb90        0x8 /joengine/Compiler/COMMON/SGL_302j/LIB_ELF/LIBSGL.A(sglB043.o)
                0x000000000602fb90                slRparaMode
 *fill*         0x000000000602fb98        0x8 
 SLPROG         0x000000000602fba0      0x4e4 /joengine/Compiler/COMMON/SGL_302j/LIB_ELF/LIBSGL.A(sglB044.o)
                0x000000000602fba0                slScrMatSet
 *fill*         0x0000000006030084        0xc 
 SLPROG         0x0000000006030090       0x28 /joengine/Compiler/COMMON/SGL_302j/LIB_ELF/LIBSGL.A(sglB045.o)
                0x0000000006030090                slScrMatConv
 *fill*         0x00000000060300b8        0x8 
 SLPROG         0x00000000060300c0        0xc /joengine/Compiler/COMMON/SGL_302j/LIB_ELF/LIBSGL.A(sglB047.o)
                0x00000000060300c0                slOverRA
 *fill*         0x00000000060300cc        0x4 
 SLPROG         0x00000000060300d0       0x10 /joengine/Compiler/COMMON/SGL_302j/LIB_ELF/LIBSGL.A(sglB048.o)
                0x00000000060300d0                slOverRB
 SLPROG         0x00000000060300e0        0xc /joengine/Compiler/COMMON/SGL_302j/LIB_ELF/LIBSGL.A(sglB055.o)
                0x00000000060300e0                slPlaneNbg0
 *fill*         0x00000000060300ec        0x4 
 SLPROG         0x00000000060300f0        0xc /joengine/Compiler/COMMON/SGL_302j/LIB_ELF/LIBSGL.A(sglB056.o)
                0x00000000060300f0                slPlaneNbg1
 *fill*         0x00000000060300fc        0x4 
 SLPROG         0x0000000006030100       0x10 /joengine/Compiler/COMMON/SGL_302j/LIB_ELF/LIBSGL.A(sglB057.o)
                0x0000000006030100                slPlaneNbg2
 SLPROG         0x0000000006030110       0x10 /joengine/Compiler/COMMON/SGL_302j/LIB_ELF/LIBSGL.A(sglB058.o)
                0x0000000006030110                slPlaneNbg3
 SLPROG         0x0000000006030120        0xc /joengine/Compiler/COMMON/SGL_302j/LIB_ELF/LIBSGL.A(sglB059.o)
                0x0000000006030120                slPlaneRA
 *fill*         0x000000000603012c        0x4 
 SLPROG         0x0000000006030130       0x10 /joengine/Compiler/COMMON/SGL_302j/LIB_ELF/LIBSGL.A(sglB060.o)
                0x0000000006030130                slPlaneRB
 SLPROG         0x0000000006030140        0xc /joengine/Compiler/COMMON/SGL_302j/LIB_ELF/LIBSGL.A(sglB063.o)
                0x0000000006030140                slPriority
 *fill*         0x000000000603014c        0x4 
 SLPROG         0x0000000006030150       0x18 /joengine/Compiler/COMMON/SGL_302j/LIB_ELF/LIBSGL.A(sglB087.o)
                0x0000000006030150                slLineScrollTable0
 *fill*         0x0000000006030168        0x8 
 SLPROG         0x0000000006030170        0x8 /joengine/Compiler/COMMON/SGL_302j/LIB_ELF/LIBSGL.A(sglB088.o)
                0x0000000006030170                slLineScrollTable1
 *fill*         0x0000000006030178        0x8 
 SLPROG         0x0000000006030180        0xc /joengine/Compiler/COMMON/SGL_302j/LIB_ELF/LIBSGL.A(sglB090.o)
                0x0000000006030180                slLineScrollMode
 *fill*         0x000000000603018c        0x4 
 SLPROG         0x0000000006030190      0x114 /joengine/Compiler/COMMON/SGL_302j/LIB_ELF/LIBSGL.A(sglB200.o)
                0x0000000006030190                slCharRbg0
                0x000000000603019c                slCharNbg0
                0x00000000060301a8                slCharNbg1
                0x00000000060301b4                slCharNbg2
                0x00000000060301ca                slCharNbg3
                0x00000000060301e2                slPageRbg0
                0x00000000060301f8                slPageNbg1
                0x0000000006030200                slPageNbg2
                0x0000000006030208                slPageNbg3
                0x0000000006030214                slPageNbg0
 *fill*         0x00000000060302a4        0xc 
 SLPROG         0x00000000060302b0       0x6c /joengine/Compiler/COMMON/SGL_302j/LIB_ELF/LIBSGL.A(sglC01.o)
                0x00000000060302b0                slPerspective
 *fill*         0x000000000603031c        0x4 
 SLPROG         0x0000000006030320       0xc4 /joengine/Compiler/COMMON/SGL_302j/LIB_ELF/LIBSGL.A(sglC03.o)
                0x0000000006030320                slWindow
 *fill*         0x00000000060303e4        0xc 
 SLPROG         0x00000000060303f0       0x2c /joengine/Compiler/COMMON/SGL_302j/LIB_ELF/LIBSGL.A(sglC04.o)
                0x00000000060303f0                slZdspLevel
 *fill*         0x000000000603041c        0x4 
 SLPROG         0x0000000006030420       0x78 /joengine/Compiler/COMMON/SGL_302j/LIB_ELF/LIBSGL.A(sglC05.o)
                0x0000000006030420                slSetSprite
 *fill*         0x0000000006030498        0x8 
 SLPROG         0x00000000060304a0       0xfa /joengine/Compiler/COMMON/SGL_302j/LIB_ELF/LIBSGL.A(sglC06.o)
                0x00000000060304a0                slDispSprite
 *fill*         0x000000000603059a        0x6 
 SLPROG         0x00000000060305a0      0x162 /joengine/Compiler/COMMON/SGL_302j/LIB_ELF/LIBSGL.A(sglC07.o)
                0x00000000060305a6                slPutSprite
 *fill*         0x0000000006030702        0xe 
 SLPROG         0x0000000006030710     0x1218 /joengine/Compiler/COMMON/SGL_302j/LIB_ELF/LIBSGL.A(sglC08.o)
                0x0000000006030710                slPutPolygon
                0x000000000603138c                MsCalcDepthFlat
 *fill*         0x0000000006031928        0x8 
 SLPROG         0x0000000006031930       0x8c /joengine/Compiler/COMMON/SGL_302j/LIB_ELF/LIBSGL.A(sglC14.o)
                0x0000000006031930                slCurWindow
 *fill*         0x00000000060319bc        0x4 
 SLPROG         0x00000000060319c0       0x54 /joengine/Compiler/COMMON/SGL_302j/LIB_ELF/LIBSGL.A(sglC16.o)
                0x00000000060319c0                slDynamicFrame
 *fill*         0x0000000006031a14        0xc 
 SLPROG         0x0000000006031a20       0x4c /joengine/Compiler/COMMON/SGL_302j/LIB_ELF/LIBSGL.A(sglC17.o)
                0x0000000006031a20                slDispSpriteHV
 *fill*         0x0000000006031a6c        0x4 
 SLPROG         0x0000000006031a70       0xd4 /joengine/Compiler/COMMON/SGL_302j/LIB_ELF/LIBSGL.A(sglC19.o)
                0x0000000006031a70                slDispSprite4P
 *fill*         0x0000000006031b44        0xc 
 SLPROG         0x0000000006031b50       0x40 /joengine/Compiler/COMMON/SGL_302j/LIB_ELF/LIBSGL.A(sglC20.o)
                0x0000000006031b50                SpriteEntry
 SLPROG         0x0000000006031b90      0x4ae /joengine/Compiler/COMMON/SGL_302j/LIB_ELF/LIBSGL.A(sglC21.o)
                0x0000000006031c18                RotSprite
                0x0000000006031ca6                SetSprPosition
 *fill*         0x000000000603203e        0x2 
 SLPROG         0x0000000006032040       0x84 /joengine/Compiler/COMMON/SGL_302j/LIB_ELF/LIBSGL.A(sglD00.o)
                0x0000000006032040                slDMACopy
                0x0000000006032040                slCpuDMACopy
                0x000000000603209a                slCashPurge
                0x000000000603209a                CSH_AllClr
 *fill*         0x00000000060320c4        0xc 
 SLPROG         0x00000000060320d0       0xa0 /joengine/Compiler/COMMON/SGL_302j/LIB_ELF/LIBSGL.A(sglD01.o)
                0x00000000060320d0                slDMAXCopy
 SLPROG         0x0000000006032170       0x10 /joengine/Compiler/COMMON/SGL_302j/LIB_ELF/LIBSGL.A(sglD02.o)
                0x0000000006032170                slDMAWait
 SLPROG         0x0000000006032180        0xc /joengine/Compiler/COMMON/SGL_302j/LIB_ELF/LIBSGL.A(sglD03.o)
                0x0000000006032180                slDMAStatus
 *fill*         0x000000000603218c        0x4 
 SLPROG         0x0000000006032190       0x20 /joengine/Compiler/COMMON/SGL_302j/LIB_ELF/LIBSGL.A(sglD15.o)
                0x0000000006032190                CSH_Purge
 SLPROG         0x00000000060321b0       0x84 /joengine/Compiler/COMMON/SGL_302j/LIB_ELF/LIBSGL.A(sglD16.o)
                0x00000000060321b0                DMA_ScuSetPrm
                0x00000000060321f8                DMA_SCU_PRM0
 *fill*         0x0000000006032234        0xc 
 SLPROG         0x0000000006032240       0x88 /joengine/Compiler/COMMON/SGL_302j/LIB_ELF/LIBSGL.A(sglD17.o)
                0x0000000006032240                DMA_ScuStart
 *fill*         0x00000000060322c8        0x8 
 SLPROG         0x00000000060322d0       0x34 /joengine/Compiler/COMMON/SGL_302j/LIB_ELF/LIBSGL.A(sglD18.o)
                0x00000000060322d0                DMA_ScuGetStatus
 *fill*         0x0000000006032304        0xc 
 SLPROG         0x0000000006032310       0x34 /joengine/Compiler/COMMON/SGL_302j/LIB_ELF/LIBSGL.A(sglF08.o)
                0x0000000006032310                slDec2Hex
 *fill*         0x0000000006032344        0xc 
 SLPROG         0x0000000006032350      0xfc8 /joengine/Compiler/COMMON/SGL_302j/LIB_ELF/LIBSGL.A(sglH00.o)
                0x0000000006032368                slGetPortDir1
                0x0000000006032370                slGetPortDir2
                0x0000000006032378                slSetPortDir1
                0x00000000060323a2                slSetPortDir2
                0x00000000060323dc                slGetPortData1
                0x00000000060323e4                slGetPortData2
                0x00000000060323ec                slSetPortData1
                0x00000000060323f6                slSetPortData2
                0x0000000006032408                slGetPortSelect1
                0x0000000006032412                slGetPortSelect2
                0x000000000603241c                slSetPortSelect1
                0x0000000006032450                slSetPortSelect2
                0x000000000603248c                slGetPortExt1
                0x0000000006032496                slGetPortExt2
                0x00000000060324a0                slSetPortExt1
                0x00000000060324d0                slSetPortExt2
                0x0000000006032644                slSmpcDirectAccess
                0x00000000060326c4                slInitPeripheral
                0x0000000006032756                slSetResultBuffer
                0x00000000060327e2                slCheckIntBackSet
                0x00000000060327ee                slIntBackCancel
                0x0000000006032818                slCheckReset
                0x0000000006032822                slClearReset
                0x00000000060329e8                slSmpcCashSend
                0x0000000006032aa4                slSmpcCashBlow
                0x0000000006032b80                slGetOptimize
                0x0000000006032b8a                slSetOptimize
                0x0000000006032bb0                slGetPortMode1
                0x0000000006032bbc                slGetPortMode2
                0x0000000006032bca                slSetPortMode1
                0x0000000006032c08                slSetPortMode2
                0x0000000006032d94                slRequestCommand
                0x0000000006032e04                Smpc_Status
                0x0000000006032e08                Smpc_Result
                0x0000000006032e0c                Smpc_Peripheral
                0x0000000006032e12                Per_Connect1
                0x0000000006032e13                Per_Connect2
                0x0000000006032e34                SmpcStatusBuf
 *fill*         0x0000000006033318        0x8 
 SLPROG         0x0000000006033320       0xa8 /joengine/Compiler/COMMON/SGL_302j/LIB_ELF/LIBSGL.A(sglH01.o)
                0x0000000006033320                slGetLanguage
                0x000000000603332a                slSetLanguage
                0x000000000603334c                slGetSoundEffect
                0x0000000006033358                slSetSoundEffect
                0x0000000006033374                slGetSoundOutput
                0x0000000006033380                slSetSoundOutput
                0x000000000603339c                slGetHelpWindow
                0x00000000060333a8                slSetHelpWindow
 *fill*         0x00000000060333c8        0x8 
 SLPROG         0x00000000060333d0      0x470 /joengine/Compiler/COMMON/SGL_302j/LIB_ELF/LIBSGL.A(sglH02.o)
                0x00000000060337c0                smpc_pfr_tbl
                0x0000000006033800                smpc_ptf_tbl
 SLPROG         0x0000000006033840       0x60 /joengine/Compiler/COMMON/SGL_302j/LIB_ELF/LIBSGL.A(sglH04.o)
                0x0000000006033840                slComPrmIntBack
                0x0000000006033854                slComPrmSetMemory
                0x000000000603386a                slComPrmSetTime
 SLPROG         0x00000000060338a0      0x3a4 /joengine/Compiler/COMMON/SGL_302j/LIB_ELF/LIBSGL.A(sglI01.o)
                0x00000000060338a0                slInitSynch
                0x00000000060338ba                slSynch
                0x00000000060339b0                slRandom
                0x00000000060339ce                PCM_EndCheck
                0x0000000006033a8a                RetPCMBuf
                0x0000000006033b24                PCM_Buf
                0x0000000006033bc4                Sound_Buf
 *fill*         0x0000000006033c44        0xc 
 SLPROG         0x0000000006033c50       0x10 /joengine/Compiler/COMMON/SGL_302j/LIB_ELF/LIBSGL.A(sglI04.o)
                0x0000000006033c50                slIntFunction
 SLPROG         0x0000000006033c60       0x74 /joengine/Compiler/COMMON/SGL_302j/LIB_ELF/LIBSGL.A(sglJ00.o)
                0x0000000006033c60                InitSlaveSH
                0x0000000006033cc8                SlaveCommand
 *fill*         0x0000000006033cd4        0xc 
 SLPROG         0x0000000006033ce0      0x3d0 /joengine/Compiler/COMMON/SGL_302j/LIB_ELF/LIBSGL.A(sglJ01.o)
                0x0000000006033ce0                SlaveControl
                0x000000000603409c                ErasePolygonData
 SLPROG         0x00000000060340b0     0x12b8 /joengine/Compiler/COMMON/SGL_302j/LIB_ELF/LIBSGL.A(sglJ02.o)
                0x00000000060340b0                sbMakePolygon
                0x0000000006034298                sbCalcPolygon
                0x0000000006034fd0                SetTexture
                0x0000000006034fdc                SetPolygon
                0x0000000006034fe4                SetPosition
                0x000000000603501c                stvtc_4
                0x00000000060350d4                stvtc_3
                0x00000000060352e4                stvtc_1
                0x00000000060352f8                stvtc_2
                0x000000000603530c                stvtc_0
 *fill*         0x0000000006035368        0x8 
 SLPROG         0x0000000006035370      0x140 /joengine/Compiler/COMMON/SGL_302j/LIB_ELF/LIBSGL.A(sglJ03.o)
                0x0000000006035370                sbMakeDMATable
 SLPROG         0x00000000060354b0      0x470 /joengine/Compiler/COMMON/SGL_302j/LIB_ELF/LIBSGL.A(sglJ04.o)
                0x000000000603550e                sbMakeSprite
                0x0000000006035574                sbMakeRotSprite
 SLPROG         0x0000000006035920       0x3c /joengine/Compiler/COMMON/SGL_302j/LIB_ELF/LIBSGL.A(sglJ05.o)
                0x0000000006035920                sbSortEntry
 *fill*         0x000000000603595c        0x4 
 SLPROG         0x0000000006035960      0x4b8 /joengine/Compiler/COMMON/SGL_302j/LIB_ELF/LIBSGL.A(sglM00.o)
                0x0000000006035960                slInitGouraud
                0x0000000006035a54                slPutPolygonX
                0x0000000006035a9a                slGouraudTblCopy
                0x0000000006035af2                slSetGouraudTbl
                0x0000000006035af8                slSetGouraudColor
                0x0000000006035b70                slSetAmbient
                0x0000000006035b94                slSetFlatColor
 *fill*         0x0000000006035e18        0x8 
 SLPROG         0x0000000006035e20       0x6a /joengine/Compiler/COMMON/SGL_302j/LIB_ELF/LIBSGL.A(sglM01.o)
                0x0000000006035e20                slSetDepthLimit
                0x0000000006035e4c                slSetDepthTbl
                0x0000000006035e7c                DepthWorkArea
 *fill*         0x0000000006035e8a        0x6 
 SLPROG         0x0000000006035e90       0x20 /joengine/Compiler/COMMON/SGL_302j/LIB_ELF/LIBSGL.A(sglA00.o)
                0x0000000006035e90                set_imask
                0x0000000006035e90                _builtin_set_imask
                0x0000000006035ea4                get_imask
                0x0000000006035ea4                _builtin_get_imask
 SLPROG         0x0000000006035eb0     0x215c /joengine/Compiler/COMMON/SGL_302j/LIB_ELF/LIBSGL.A(sglA03.o)
                0x0000000006035eb0                slTan
 *fill*         0x000000000603800c        0x4 
 SLPROG         0x0000000006038010       0x34 /joengine/Compiler/COMMON/SGL_302j/LIB_ELF/LIBSGL.A(sglA10.o)
                0x0000000006038010                slSquartDbl
 *fill*         0x0000000006038044        0xc 
 SLPROG         0x0000000006038050      0x3c2 /joengine/Compiler/COMMON/SGL_302j/LIB_ELF/LIBSGL.A(sglA24.o)