Archive member included to satisfy reference by file (symbol)

D:/joengine-master/Compiler/COMMON/SGL_302j/LIB_ELF/SEGA_SYS.A(sys_exit.o)
                              D:/joengine-master/jo_engine/core.o (SYS_Exit)
D:/joengine-master/Compiler/COMMON/SGL_302j/LIB_ELF/SEGA_SYS.A(sys_sub.o)
                              D:/joengine-master/Compiler/COMMON/SGL_302j/LIB_ELF/SEGA_SYS.A(sys_exit.o) (SYSUB_SetStackptr)
D:/joengine-master/Compiler/COMMON/SGL_302j/LIB_ELF/LIBCD.A(CDC_CMN.O)
                              D:/joengine-master/Compiler/COMMON/SGL_302j/LIB_ELF/SEGA_SYS.A(sys_exit.o) (CDC_GetCurStat)
D:/joengine-master/Compiler/COMMON/SGL_302j/LIB_ELF/LIBCD.A(CDC_DRV.O)
                              pcmsys.o (CDC_CdPlay)
D:/joengine-master/Compiler/COMMON/SGL_302j/LIB_ELF/LIBCD.A(CDC_CFS.O)
                              D:/joengine-master/Compiler/COMMON/SGL_302j/LIB_ELF/SEGA_SYS.A(sys_exit.o) (CDC_ChgDir)
D:/joengine-master/Compiler/COMMON/SGL_302j/LIB_ELF/LIBCD.A(CDC_REG.O)
                              D:/joengine-master/Compiler/COMMON/SGL_302j/LIB_ELF/SEGA_SYS.A(sys_exit.o) (CDC_GetHirqReq)
D:/joengine-master/Compiler/COMMON/SGL_302j/LIB_ELF/LIBCD.A(CDC_SUB.O)
                              D:/joengine-master/Compiler/COMMON/SGL_302j/LIB_ELF/LIBCD.A(CDC_CMN.O) (CDSUB_UpdStatus)
D:/joengine-master/Compiler/COMMON/SGL_302j/LIB_ELF/LIBCD.A(GFS.O)
                              pcmsys.o (GFS_Init)
D:/joengine-master/Compiler/COMMON/SGL_302j/LIB_ELF/LIBCD.A(GFS_BUF.O)
                              D:/joengine-master/Compiler/COMMON/SGL_302j/LIB_ELF/LIBCD.A(GFS.O) (GFBF_GetNumData)
D:/joengine-master/Compiler/COMMON/SGL_302j/LIB_ELF/LIBCD.A(GFS_CDB.O)
                              D:/joengine-master/Compiler/COMMON/SGL_302j/LIB_ELF/LIBCD.A(GFS.O) (GFCB_Close)
D:/joengine-master/Compiler/COMMON/SGL_302j/LIB_ELF/LIBCD.A(GFS_CDC.O)
                              D:/joengine-master/Compiler/COMMON/SGL_302j/LIB_ELF/LIBCD.A(GFS.O) (GFCD_SetCdbfs)
D:/joengine-master/Compiler/COMMON/SGL_302j/LIB_ELF/LIBCD.A(GFS_CDF.O)
                              D:/joengine-master/Compiler/COMMON/SGL_302j/LIB_ELF/LIBCD.A(GFS.O) (GFCF_Init)
D:/joengine-master/Compiler/COMMON/SGL_302j/LIB_ELF/LIBCD.A(GFS_DIR.O)
                              D:/joengine-master/Compiler/COMMON/SGL_302j/LIB_ELF/LIBCD.A(GFS.O) (GFDR_SetupDirTbl)
D:/joengine-master/Compiler/COMMON/SGL_302j/LIB_ELF/LIBCD.A(GFS_TRN.O)
                              D:/joengine-master/Compiler/COMMON/SGL_302j/LIB_ELF/LIBCD.A(GFS.O) (GFTR_Setup)
D:/joengine-master/Compiler/COMMON/SGL_302j/LIB_ELF/LIBCD.A(CDC_DEV.O)
                              D:/joengine-master/Compiler/COMMON/SGL_302j/LIB_ELF/LIBCD.A(GFS_CDC.O) (CDC_CdSetCon)
D:/joengine-master/Compiler/COMMON/SGL_302j/LIB_ELF/LIBCD.A(CDC_SEL.O)
                              D:/joengine-master/Compiler/COMMON/SGL_302j/LIB_ELF/LIBCD.A(GFS_CDC.O) (CDC_SetFiltRange)
D:/joengine-master/Compiler/COMMON/SGL_302j/LIB_ELF/LIBCD.A(CDC_BIF.O)
                              D:/joengine-master/Compiler/COMMON/SGL_302j/LIB_ELF/LIBCD.A(GFS_CDC.O) (CDC_GetBufSiz)
D:/joengine-master/Compiler/COMMON/SGL_302j/LIB_ELF/LIBCD.A(CDC_BIO.O)
                              D:/joengine-master/Compiler/COMMON/SGL_302j/LIB_ELF/LIBCD.A(GFS_CDC.O) (CDC_SetSctLen)
D:/joengine-master/Compiler/COMMON/SGL_302j/LIB_ELF/LIBSGL.A(sglA01.o)
                              D:/joengine-master/jo_engine/math.o (slSin)
D:/joengine-master/Compiler/COMMON/SGL_302j/LIB_ELF/LIBSGL.A(sglA15.o)
                              D:/joengine-master/jo_engine/slave.o (slSlaveFunc)
D:/joengine-master/Compiler/COMMON/SGL_302j/LIB_ELF/LIBSGL.A(sglA16.o)
                              main.o (slLookAt)
D:/joengine-master/Compiler/COMMON/SGL_302j/LIB_ELF/LIBSGL.A(sglA17.o)
                              main.o (slRotZ)
D:/joengine-master/Compiler/COMMON/SGL_302j/LIB_ELF/LIBSGL.A(sglA18.o)
                              main.o (slRotY)
D:/joengine-master/Compiler/COMMON/SGL_302j/LIB_ELF/LIBSGL.A(sglA19.o)
                              main.o (slRotX)
D:/joengine-master/Compiler/COMMON/SGL_302j/LIB_ELF/LIBSGL.A(sglA20.o)
                              main.o (slUnitMatrix)
D:/joengine-master/Compiler/COMMON/SGL_302j/LIB_ELF/LIBSGL.A(sglA21.o)
                              main.o (slPushMatrix)
D:/joengine-master/Compiler/COMMON/SGL_302j/LIB_ELF/LIBSGL.A(sglA27.o)
                              main.o (slTranslate)
D:/joengine-master/Compiler/COMMON/SGL_302j/LIB_ELF/LIBSGL.A(sglA28.o)
                              main.o (slScale)
D:/joengine-master/Compiler/COMMON/SGL_302j/LIB_ELF/LIBSGL.A(sglA40.o)
                              main.o (slCalcVector)
D:/joengine-master/Compiler/COMMON/SGL_302j/LIB_ELF/LIBSGL.A(sglB001.o)
                              main.o (slTVOn)
D:/joengine-master/Compiler/COMMON/SGL_302j/LIB_ELF/LIBSGL.A(sglB011.o)
                              D:/joengine-master/jo_engine/vdp2.o (slBitMapNbg1)
D:/joengine-master/Compiler/COMMON/SGL_302j/LIB_ELF/LIBSGL.A(sglB014.o)
[...]
Memory Configuration

Name             Origin             Length             Attributes
*default*        0x00000000         0xffffffff

Linker script and memory map


SLSTART         0x06004000       0x30
                0x06004000                ___Start = .
 *(SLSTART)
 SLSTART        0x06004000       0x28 D:/joengine-master/Compiler/COMMON/SGL_302j/LIB_ELF/LIBSGL.A(sglI00.o)
                0x06004000                SGL_Start
                0x06004002                slStartSGL

.text           0x06004040    0x22e40
 *(.text)
 .text          0x06004040        0x0 D:/joengine-master/Compiler/COMMON/SGL_302j/LIB_ELF/SGLAREA.O
 .text          0x06004040     0xd830 main.o
                0x06004040                my_vblank
                0x06004ed4                mmm_set_game_state
                0x06004ee0                mmm_get_game_state
                0x06004eec                mmm_get_p2_port
                0x06004f2c                mmm_set_player_net_info
                0x06004f4c                ztClearText
                0x06004f8c                count_char
                0x06004f9c                render_CLUT_sprite_HT
                0x06004fec                render_CLUT_sprite
                0x0600503c                render_CLUT_sprite_MESH
                0x0600508c                render_CLUT_sprite2
                0x06005100                replace_texture
                0x0600513c                change_player_volume
                0x060051ec                stop_engine_sound
                0x06005258                stop_sounds
                0x060052d8                init_2p_display
                0x06005368                init_1p_display
                0x060053f0                effect
                0x0600546c                create_checkpoint
                0x06005488                create_waypoint
                0x060054a8                roundUp
                0x060054ec                animate_texture
                0x0600553c                apply_player_gravity
                0x06005590                getTime
                0x060055f0                getSeconds
                0x06005640                reset_demo
                0x0600582c                reset_to_last_checkpoint
                0x06005924                player_jump
                0x06005948                player_high_bounce
                0x06005988                player_bounce
                0x060059c8                player_ramp_jump
                0x06005a2c                pup_timer_counter
                0x06005ad8                player_hurt
                0x06005b38                set_player_position
                0x06005c3c                set_player_total_position
                0x06005c9c                transition_to_end_level
                0x06005dcc                race_ended
                0x06005dec                player_collision_handling
                0x0600789c                create_enemy
                0x06007970                create_powerup
                0x06007998                create_player
                0x06007b80                create_map_section
                0x06007bbc                computeLight
                0x06007c30                create_particles
                0x06007cd8                create_clouds
                0x06007d68                animate_player
                0x06007ed0                draw_powerups
                0x06007fd4                draw_player
                0x06008cbc                map_builder_draw_section
                0x0600919c                map_builder_draw_powerup
                0x060092f4                draw_walls
                0x06009320                draw_map
                0x0600948c                draw_hud
                0x06009ed4                move_camera
                0x0600a4b8                race_start
                0x0600a750                my_draw
                0x0600ae4c                load_car
                0x0600afc4                load_binary
                0x0600b8d0                load_textures
                0x0600b91c                load_level
                0x0600ba28                load_preview
                0x0600ba6c                load_trackmap
                0x0600bab0                set_palette
                0x0600bacc                change_player_palette
                0x0600bbc4                transition_to_title_screen
                0x0600bc2c                transition_to_player_select
                0x0600bdac                transition_to_level_select
                0x0600be9c                clear_level
                0x0600bef0                menu
                0x0600c080                object_viewer
                0x0600c4e4                pause_game
                0x0600c7e4                attract_mode
                0x0600c7e8                title_screen
                0x0600cbcc                init_display
                0x0600cc40                cpu_control
                0x0600ce28                my_gamepad
                0x0600dea8                load_background
                0x0600dee8                draw_3d_planes
                0x0600e28c                init_3d_planes
                0x0600e380                mmm_online_start_race
                0x0600e890                load_hud
                0x0600e8c8                load_4bits_car_textures
                0x0600e950                load_4bits_player_textures
                0x0600eb10                total_table
                0x0600ec64                race_table
                0x0600ee74                end_level
                0x0600f54c                extra_select
                0x0600f634                player_select
                0x06010ad4                level_select
                0x06011108                gameLoop
                0x06011328                load_player_and_enemies
                0x06011374                load_sound
                0x060115a6                load_nbg2_font
                0x06011604                jo_main
 .text          0x06011870      0x618 collision.o
                0x060118c6                Lerp
                0x060118fc                has_collision
                0x06011972                has_horizontal_collision
                0x06011a10                has_vertical_collision
                0x06011aaa                has_ramp_collision
                0x06011c6c                has_trigger_collision
                0x06011cf8                has_shadow_collision
                0x06011d72                has_ceiling_collision
                0x06011e14                has_object_collision
 .text          0x06011e88      0x7cc pcmsys.o
                0x06011ede                pcm_play
                0x06011f04                pcm_parameter_change
                0x06011f24                pcm_cease
                0x06011f4c                cd_init
                0x06011f84                smpc_wait_till_ready
                0x06011f94                smpc_issue_command
                0x06011fa8                load_driver_binary
                0x060120c8                load_drv
                0x06012114                calculate_bytes_per_blank
                0x06012144                convert_bitrate_to_pitchword
                0x060121a0                load_16bit_pcm
                0x060122c4                load_8bit_pcm
                0x060123e4                gcd
                0x06012414                lcm
                0x06012444                load_adx
                0x060125c8                sdrv_vblank_rq
                0x060125d8                CDDASetVolume
                0x060125ec                CDDAPlay
                0x0601262c                CDDAPlaySingle
                0x06012638                CDDAStop
 .text          0x06012654      0x69c name_entry.o
                0x06012792                name_entry_init
                0x060127a0                name_entry_screen
 .text          0x06012cf0     0x1260 connecting.o
                0x06013b0c                connecting_init
                0x06013b18                connecting_screen
 .text          0x06013f50      0xc2c lobby.o
                0x0601442a                lobby_init
                0x06014438                lobby_screen
 .text          0x06014b7c     0x1a40 net/mmm_net.o
                0x0601506e                mnet_init
                0x060150ec                mnet_set_modem_available
                0x060150f8                mnet_set_transport
                0x06015104                mnet_set_username
                0x06015128                mnet_set_username_2
                0x06015158                mnet_get_state
                0x06015164                mnet_log
                0x060151fc                mnet_clear_log
                0x06015224                mnet_client_log
                0x06015dcc                mnet_enter_offline
                0x06015de8                mnet_on_connected
                0x06015ea2                mnet_tick
                0x06016008                mnet_send_input_state
                0x06016090                mnet_send_input_state_p2
                0x06016128                mnet_send_player_state
                0x060161c8                mnet_send_player_state_p2
                0x06016284                mnet_send_lap_complete
                0x060162c4                mnet_send_powerup_pickup
                0x06016300                mnet_send_ready_toggle
                0x06016340                mnet_request_start_game
                0x06016374                mnet_send_car_select
                0x060163b0                mnet_send_add_local_player
                0x06016424                mnet_send_remove_local_player
                0x06016498                mnet_send_disconnect
                0x060164f8                mnet_request_leaderboard
                0x0601652c                mnet_get_remote_input
                0x0601656c                mnet_get_remote_state
                0x060165a0                mnet_get_powerup_type
 .text          0x060165bc      0x168 libc_stubs.o
                0x06016612                malloc
                0x0601661c                free
                0x06016630                calloc
                0x06016660                realloc
                0x060166c8                _malloc_r
                0x060166d4                _free_r
                0x060166e0                _calloc_r
                0x060166ec                _realloc_r
                0x060166f8                _sbrk
                0x060166fc                _read
                0x06016700                _write
                0x06016704                _close
                0x06016708                _open
                0x0601670c                _fstat
                0x06016710                _isatty
                0x06016714                _lseek
                0x06016718                _kill
                0x0601671c                _getpid
                0x06016720                _exit
 .text          0x06016724      0xd50 D:/joengine-master/jo_engine/backup.o
                0x0601677a                jo_backup_get_free_block_count
                0x0601679c                jo_backup_get_total_block_count
                0x060167c0                jo_backup_format_device
                0x06016858                jo_backup_mount
                0x0601695c                jo_backup_read_device
                0x06016aa8                jo_backup_file_exists
                0x06016b64                jo_backup_get_file_partition
                0x06016c1c                jo_backup_init_file
                0x06016c5c                jo_backup_save
                0x06016e98                jo_backup_load_file_comment
                0x06016f2c                jo_backup_load_file_contents
                0x0601709c                jo_backup_delete_file
                0x060171a8                jo_backup_unmount
                0x06017228                jo_backup_get_file_last_modified_date
                0x06017310                jo_backup_get_file_info
                0x06017420                jo_backup_get_file_size
                0x06017440                jo_backup_get_last_status
 .text          0x06017474      0x8cc D:/joengine-master/jo_engine/tga.o
                0x0601769a                jo_set_tga_default_palette
                0x060176a4                jo_set_tga_palette_handling
                0x060176b0                __jo_tga_load
                0x06017778                __jo_tga_any_loader_from_stream
                0x060177c4                jo_tga_8bits_loader_from_stream
                0x060177dc                jo_tga_loader_from_stream
                0x060177f4                __jo_tga_any_loader
                0x06017848                jo_tga_8bits_loader
                0x06017864                jo_tga_loader
                0x06017880                jo_tga_8bits_tileset_loader
                0x06017a6c                jo_sprite_add_tga_tileset
                0x06017c60                jo_sprite_add_tga_from_stream
                0x06017cb4                jo_sprite_add_tga
 .text          0x06017d40      0x620 D:/joengine-master/jo_engine/3d.o
                0x06017d96                jo_3d_init
                0x06017dc4                jo_3d_create_triangle
                0x06017e04                jo_3d_create_plane
                0x06017e44                jo_3d_create_mesh_from_vertices_and_normals
                0x06017f34                jo_3d_free_mesh
                0x06017f58                jo_3d_create_cube
                0x06017fb4                jo_3d_set_mesh_polygon_transparency
                0x06017fd4                jo_3d_set_mesh_transparency
                0x0601800c                jo_3d_set_mesh_polygon_screen_doors
                0x06018032                jo_3d_set_mesh_polygon_high_speed_shrink
                0x06018058                jo_3d_set_mesh_high_speed_shrink
                0x06018090                jo_3d_set_mesh_screen_doors
                0x060180c8                jo_3d_set_mesh_polygon_light
                0x060180e6                jo_3d_set_mesh_light
                0x0601811c                jo_3d_set_mesh_polygon_texture
                0x06018188                jo_3d_set_mesh_texture
                0x060181c0                jo_3d_set_mesh_polygon_wireframe
                0x060181e2                jo_3d_set_mesh_polygon_color_ex
                0x06018232                jo_3d_set_mesh_color
                0x0601826c                jo_3d_free_sprite_quad
                0x06018298                jo_3d_create_sprite_quad
 .text          0x06018360      0x5a4 D:/joengine-master/jo_engine/fs.o
                0x060183b6                jo_fs_init
                0x06018400                jo_fs_do_background_jobs
                0x06018494                jo_fs_read_file_async_ptr
                0x06018590                jo_fs_cd
                0x060185d0                jo_fs_read_file_ptr
                0x060186b0                jo_fs_read_file_in_dir
                0x060186f8                jo_fs_open
                0x06018774                jo_fs_seek_forward
                0x06018834                jo_fs_read_next_bytes
                0x060188d4                jo_fs_close
                0x060188f4                jo_fs_set_read_sector_count
 .text          0x06018904       0xec D:/joengine-master/jo_engine/slave.o
                0x06018972                jo_core_add_slave_callback
                0x06018998                jo_core_remove_slave_callback
                0x060189ac                jo_core_slave_init
                0x060189bc                jo_core_wait_for_slave
                0x060189dc                jo_core_exec_on_slave
 .text          0x060189f0      0x3f4 D:/joengine-master/jo_engine/font.o
                0x06018a46                jo_font_load
                0x06018c08                jo_font_print
                0x06018ce0                jo_font_print_centered
 .text          0x06018de4      0x1bc D:/joengine-master/jo_engine/input.o
                0x06018e3a                jo_get_inputs_vblank
                0x06018e80                jo_get_input_type
                0x06018ee8                jo_get_input_count
                0x06018f18                jo_get_input_axis
 .text          0x06018fa0        0x0 D:/joengine-master/jo_engine/physics.o
 .text          0x06018fa0      0x450 D:/joengine-master/jo_engine/core.o
                0x06019036                __jo_core_set_screens_order
                0x060190fc                jo_core_add_vblank_callback
                0x0601913c                jo_core_init
                0x060192cc                jo_core_remove_vblank_callback
                0x060192fc                jo_core_add_callback
                0x06019320                jo_core_remove_callback
                0x06019334                jo_goto_boot_menu
                0x06019340                jo_core_set_restart_game_callback
                0x0601934c                jo_core_run
 .text          0x060193f0      0x9c0 D:/joengine-master/jo_engine/math.o
                0x06019446                jo_fixed_mult
                0x06019458                jo_fixed_dot
                0x06019470                jo_fixed_pow
                0x060194ac                jo_fixed_div
                0x060194d4                jo_fixed_sin
                0x06019530                jo_fixed_cos
                0x0601958c                jo_gcd
                0x060195a2                jo_atan2f_rad
                0x0601973c                jo_planar_rotate
                0x0601981c                jo_random
                0x06019894                jo_vector_fixed_compute_bezier_point
                0x06019a24                jo_vectorf_compute_bezier_point
                0x06019b74                jo_fixed_sqrt
                0x06019c00                jo_sqrt
                0x06019c36                jo_fixed_rsqrt
                0x06019d40                jo_rsqrt
 .text          0x06019db0      0x1a0 D:/joengine-master/jo_engine/malloc.o
                0x06019e06                jo_add_memory_zone
                0x06019e44                jo_malloc_with_behaviour
                0x06019edc                jo_reduce_memory_fragmentation
                0x06019f28                jo_free
 .text          0x06019f50      0x258 D:/joengine-master/jo_engine/tools.o
                0x06019fa6                jo_getdate
                0x0601a010                jo_get_current_language
                0x0601a034                jo_tools_atoi
                0x0601a05e                jo_strlen
                0x0601a06e                jo_endwith
                0x0601a0c0                jo_strcmp
                0x0601a0ec                jo_memset
                0x0601a156                jo_map_to_vram
 .text          0x0601a1a8       0xa4 D:/joengine-master/jo_engine/palette.o
                0x0601a1fe                jo_create_palette
                0x0601a224                jo_set_palette_register
                0x0601a238                jo_get_palette_register
 .text          0x0601a24c      0x7a8 D:/joengine-master/jo_engine/sprites.o
                0x0601a38a                jo_sprite_usage_percent
                0x0601a410                jo_get_last_sprite_id
                0x0601a41c                jo_sprite_init
                0x0601a440                jo_sprite_name2id
                0x0601a484                jo_sprite_replace
                0x0601a518                jo_sprite_add
                0x0601a52c                jo_sprite_add_8bits_image
                0x0601a540                jo_sprite_free_from
                0x0601a5e4                jo_set_gouraud_shading_colors
                0x0601a60c                jo_set_gouraud_shading_brightness
                0x0601a638                jo_sprite_draw_4p_fixed
                0x0601a750                jo_sprite_draw
                0x0601a864                jo_sprite_draw_rotate
                0x0601a9c0                jo_sprite_set_clipping_area
 .text          0x0601a9f4      0x910 D:/joengine-master/jo_engine/map.o
                0x0601ab0e                jo_map_per_pixel_vertical_collision
                0x0601ac9c                jo_map_hitbox_detection_custom_boundaries
                0x0601ad0c                jo_map_create
                0x0601ad58                jo_map_add_tile
                0x0601ad7c                jo_map_add_animated_tile
                0x0601ada0                jo_map_draw_background
                0x0601ae24                jo_map_3d_draw
                0x0601af34                jo_map_draw
                0x0601b008                jo_map_free
                0x0601b020                jo_map_load_from_file
                0x0601b294                jo_map_move_tiles_by_attribute
 .text          0x0601b304      0x15c D:/joengine-master/jo_engine/list.o
                0x0601b35a                jo_list_init
                0x0601b368                jo_list_add
                0x0601b3ac                jo_list_insert_at
                0x0601b41c                jo_list_remove
 .text          0x0601b460      0x254 D:/joengine-master/jo_engine/sprite_animator.o
                0x0601b51a                jo_replace_sprite_anim
                0x0601b57c                jo_create_sprite_anim
                0x0601b5f8                jo_remove_sprite_anim
                0x0601b684                jo_clear_all_sprite_anim
 .text          0x0601b6b4      0x4ac D:/joengine-master/jo_engine/image.o
                0x0601b70a                __jo_bin_load
                0x0601b750                jo_free_img
                0x0601b76c                jo_bin_loader_from_stream
                0x0601b7fc                jo_bin_loader
                0x0601b86c                jo_replace_color
                0x0601b89a                jo_sprite_add_bin_tileset
                0x0601b998                jo_sprite_add_bin
                0x0601ba0c                jo_sprite_add_bin_from_stream
                0x0601ba4c                jo_sprite_add_image_pack
 .text          0x0601bb60      0xfd0 D:/joengine-master/jo_engine/vdp2.o
                0x0601bc16                jo_set_default_background_color
                0x0601bc4c                __jo_init_vdp2
                0x0601bca8                jo_img_to_vdp2_cells
                0x0601bd24                jo_vdp2_replace_rbg0_plane_a_8bits_image
                0x0601bd38                jo_vdp2_replace_rbg0_plane_b_8bits_image
                0x0601bd4c                jo_vdp2_set_rbg0_plane_a_8bits_image
                0x0601be10                jo_vdp2_set_rbg0_plane_b_8bits_image
                0x0601bed4                jo_vdp2_enable_rbg0
                0x0601bfa0                jo_vdp2_disable_rbg0
                0x0601bffc                jo_vdp2_set_nbg0_8bits_image
                0x0601c108                jo_vdp2_disable_nbg0_line_scroll
                0x0601c12c                jo_vdp2_compute_nbg0_line_scroll
                0x0601c144                jo_vdp2_enable_nbg0_line_scroll
                0x0601c1a0                jo_vdp2_draw_bitmap_nbg1_line
                0x0601c23c                jo_vdp2_clear_bitmap_nbg1
                0x0601c2a8                jo_vdp2_set_nbg1_8bits_image
                0x0601c398                jo_vdp2_set_nbg1_image
                0x0601c58c                jo_vdp2_disable_nbg1_line_scroll
                0x0601c5b0                jo_vdp2_compute_nbg1_line_scroll
                0x0601c5c8                jo_vdp2_enable_nbg1_line_scroll
                0x0601c624                jo_nbg2_clear
                0x0601c650                __jo_set_nbg2_8bits_image
                0x0601c6f4                jo_nbg2_print
                0x0601c750                jo_vdp2_set_nbg2_8bits_font
                0x0601c7c0                jo_vdp2_set_nbg2_8bits_image
                0x0601c82c                jo_nbg3_clear
                0x0601c858                __jo_set_nbg3_8bits_image
                0x0601c8fc                jo_nbg3_print
                0x0601c958                jo_vdp2_set_nbg3_8bits_font
                0x0601c9c8                jo_vdp2_set_nbg3_8bits_image
                0x0601ca34                jo_set_displayed_screens
                0x0601ca44                jo_disable_all_screens_transparency
                0x0601ca68                jo_enable_screen_transparency
 .text          0x0601cb30      0x26c D:/joengine-master/jo_engine/time.o
                0x0601cb86                jo_time_init
                0x0601cbb0                jo_get_ticks
                0x0601cc90                jo_fixed_point_time
 .text          0x0601cd9c       0x56 D:/joengine-master/jo_engine/vdp1_command_pipeline.o
 *fill*         0x0601cdf2        0x2 
 .text          0x0601cdf4      0x258 D:/joengine-master/jo_engine/vdp2_malloc.o
                0x0601ce4a                jo_vdp2_malloc_init
                0x0601ce80                jo_vdp2_free
                0x0601cf24                jo_vdp2_malloc
 *fill*         0x0601d04c        0x4 
 .text          0x0601d050      0x238 D:/joengine-master/Compiler/COMMON/SGL_302j/LIB_ELF/SEGA_SYS.A(sys_exit.o)
                0x0601d050                sys_version
                0x0601d070                SYS_Exit
 *fill*         0x0601d288        0x8 
 .text          0x0601d290        0x6 D:/joengine-master/Compiler/COMMON/SGL_302j/LIB_ELF/SEGA_SYS.A(sys_sub.o)
                0x0601d290                SYSUB_SetStackptr
 *fill*         0x0601d296        0xa 
 .text          0x0601d2a0      0x3a0 D:/joengine-master/Compiler/COMMON/SGL_302j/LIB_ELF/LIBCD.A(CDC_CMN.O)
                0x0601d2a0                CDC_GetCurStat
                0x0601d2f0                CDC_GetLastStat
                0x0601d308                CDC_GetPeriStat
                0x0601d3dc                CDC_GetHwInfo
                0x0601d444                CDC_TgetToc
                0x0601d494                CDC_GetSes
                0x0601d4d0                CDC_CdInit
                0x0601d554                CDC_CdOpen
                0x0601d57c                CDC_DataReady
                0x0601d5e8                CDC_DataEnd
 .text          0x0601d640      0x130 D:/joengine-master/Compiler/COMMON/SGL_302j/LIB_ELF/LIBCD.A(CDC_DRV.O)
                0x0601d640                CDC_CdPlay
                0x0601d70c                CDC_CdSeek
                0x0601d740                CDC_CdScan
 .text          0x0601d770      0x194 D:/joengine-master/Compiler/COMMON/SGL_302j/LIB_ELF/LIBCD.A(CDC_CFS.O)
                0x0601d770                CDC_ChgDir
                0x0601d7a4                CDC_ReadDir
                0x0601d7d8                CDC_GetFileScope
                0x0601d838                CDC_TgetFileInfo
                0x0601d894                CDC_ReadFile
                0x0601d8c8                CDC_AbortFile
 *fill*         0x0601d904        0xc 
 .text          0x0601d910      0x2dc D:/joengine-master/Compiler/COMMON/SGL_302j/LIB_ELF/LIBCD.A(CDC_REG.O)
                0x0601d910                CDC_GetDataPtr
                0x0601d920                CDC_GetHirqReq
                0x0601d934                CDC_ClrHirqReq
                0x0601d964                CDREG_ClrHirqReq
                0x0601d974                CDREG_InitHirqReq
                0x0601d99c                CDREG_SetHirqFlag
                0x0601d9b0                CDC_GetHirqMsk
                0x0601d9c4                CDC_SetHirqMsk
                0x0601d9d4                CDC_GetMpegPtr
                0x0601d9e4                CDREG_TgetData
                0x0601da40                CDREG_CmdRsp
                0x0601db40                CDREG_WaitHirq
                0x0601dbb0                CDREG_ReadRsp
 *fill*         0x0601dbec        0x4 
 .text          0x0601dbf0      0x152 D:/joengine-master/Compiler/COMMON/SGL_302j/LIB_ELF/LIBCD.A(CDC_SUB.O)
                0x0601dbf0                CDSUB_UpdStatus
                0x0601dc08                CDSUB_UpdCdstat
                0x0601dc28                CDSUB_CdCmd
                0x0601dc98                CDSUB_GetCdstat
                0x0601dcd8                CDSUB_RspToCdstat
                0x0601dd20                CDSUB_SoftTimer
 *fill*         0x0601dd42        0xe 
 .text          0x0601dd50     0x1adc D:/joengine-master/Compiler/COMMON/SGL_302j/LIB_ELF/LIBCD.A(GFS.O)
                0x0601dd50                gfs_version
                0x0601dd70                GFS_Init
                0x0601de58                GFS_LoadDir
                0x0601df00                GFS_SetDir
                0x0601df68                GFS_NameToId
                0x0601dfcc                GFS_IdToName
                0x0601e038                GFS_GetDirInfo
                0x0601e0a8                GFS_Reset
                0x0601e12c                GFS_Open
                0x0601e1e0                GFS_Close
                0x0601e218                GFS_Seek
                0x0601e2cc                GFS_Tell
                0x0601e31c                GFS_IsEof
                0x0601e370                GFS_ByteToSct
                0x0601e3cc                GFS_GetFileSize
                0x0601e428                GFS_GetFileInfo
                0x0601e49c                GFS_GetNumCdbuf
                0x0601e4c4                GFS_Load
                0x0601e588                GFS_Fread
                0x0601e624                gfs_waitRead
                0x0601e6cc                GFS_NwFread
                0x0601e7d8                GFS_NwCdRead
                0x0601e850                GFS_NwIsComplete
                0x0601e888                GFS_NwStop
                0x0601e8f4                GFS_NwGetStat
                0x0601e970                gfs_recovRdErr
                0x0601e9a0                GFS_NwExecOne
                0x0601ea60                GFS_NwExecServer
                0x0601eadc                GFS_SetGmode
                0x0601eb40                GFS_SetTmode
                0x0601ebac                GFS_SetReadPara
                0x0601ec10                GFS_SetTransPara
                0x0601ec7c                GFS_SetTrFunc
                0x0601ece0                GFS_StartTrans
                0x0601ed2c                GFS_CdMovePickup
                0x0601ed98                GFS_SetErrFunc
                0x0601edc4                GFS_GetErrStat
                0x0601ede8                GFS_ConvTno
                0x0601ee10                gfs_chgRoot
                0x0601eedc                gfs_aborttrans
                0x0601eee8                gfs_mngSetupFuncTbl
                0x0601ef1c                gfs_mngInitWork
                0x0601efc0                gfs_mngGetNumFile
                0x0601f028                GFS_mngAllocGrp
                0x0601f070                gfs_mngFreeGrp
                0x0601f07c                gfs_mngTermAccess
                0x0601f100                gfs_mngSetErrCode
                0x0601f180                gfs_svrSearchHndl
                0x0601f1c0                gfs_svrAddHndl
                0x0601f1fc                gfs_svrRemoveHndl
                0x0601f258                GFS_OpenSub
                0x0601f2b0                gfs_loadVol
                0x0601f374                gfs_getRootDir
                0x0601f470                gfs_loadRootDir
                0x0601f4f8                gfs_flowIn
                0x0601f5a0                gfs_transData
                0x0601f644                GFS_GetFad
                0x0601f69c                gfs_SetSct
                0x0601f6dc                gfs_GetFinfo
                0x0601f71c                gfs_closeSub
                0x0601f758                gfs_getGmode
                0x0601f764                gfs_isTaskDone
                0x0601f7b8                gfs_convFinStat
 *fill*         0x0601f82c        0x4 
 .text          0x0601f830      0x106 D:/joengine-master/Compiler/COMMON/SGL_302j/LIB_ELF/LIBCD.A(GFS_BUF.O)
                0x0601f860                GFBF_GetTranData
                0x0601f888                GFBF_GetNumData
                0x0601f8b8                GFBF_GetSrcPk
                0x0601f8e0                GFBF_GetSctData
                0x0601f904                GFBF_RtnPk
                0x0601f92c                gfbf_getSctDt
 *fill*         0x0601f936        0xa 
 .text          0x0601f940      0x600 D:/joengine-master/Compiler/COMMON/SGL_302j/LIB_ELF/LIBCD.A(GFS_CDB.O)
                0x0601f940                GFCB_Setup
                0x0601fa60                GFCB_Close
                0x0601fa88                GFCB_GetLenData
                0x0601fb34                GFCB_GetLenRoom
                0x0601fb40                GFCB_SetFilt
                0x0601fba8                GFCB_DeleteAllData
                0x0601fbd0                GFCB_Tell
                0x0601fbe0                gfcb_getSctNum
                0x0601fc30                GFCB_Seek
                0x0601fd2c                GFCB_GetSrcPack
                0x0601fe0c                GFCB_GetSctData
                0x0601fe44                GFCB_GetDstPack
                0x0601fe50                GFCB_RtnPk
                0x0601fe98                GFCB_MovePickup
                0x0601feb4                GFCB_SetCon
                0x0601fee8                GFCB_GetPickup
                0x0601ff10                GFCB_IsPuOwner
                0x0601ff28                GFCB_UngetPickup
 .text          0x0601ff40     0x1a10 D:/joengine-master/Compiler/COMMON/SGL_302j/LIB_ELF/LIBCD.A(GFS_CDC.O)
                0x0601ff40                GFCD_SetCdbfs
                0x0601ff6c                GFCD_Init
                0x06020170                GFCD_AllocFilt
                0x060201ac                GFCD_FreeFilt
                0x060201dc                GFCD_AllocBuf
                0x06020210                GFCD_FreeBuf
                0x060202b4                GFCD_GetBaseFad
                0x060202e8                GFCD_GetPickup
                0x0602031c                GFCD_UngetPickup
                0x06020348                GFCD_IsPuOwner
                0x0602036c                GFCD_SetFilt
                0x06020430                GFCD_GetFilt
                0x06020478                GFCD_SetCon
                0x060204d0                GFCD_Play
                0x06020530                GFCD_GetLenData
                0x06020598                GFCD_ReqData
                0x060205f4                GFCD_EndData
                0x0602063c                GFCD_DelSctData
                0x06020694                GFCD_CheckDelSctData
                0x060206c4                GFCD_GetStat
                0x06020778                GFCD_MovePickup
                0x060207c4                GFCD_MoveSctData
                0x06020838                GFCD_CheckMove
                0x0602085c                GFCD_GetSctInfo
                0x060208a4                GFCD_ChgDir
                0x06020918                GFCD_SetFiltCon
                0x06020a00                GFCD_GetFileInfo
                0x06020adc                GFCD_GetBufSiz
                0x06020b14                GFCD_ExecServer
                0x06020be8                gfcd_isIdleTask
                0x06020c74                gfcd_doTask
                0x06020d20                GFCD_SetTimer
                0x06020d34                GFCD_WaitServer
                0x06020d70                gfcd_doSetFiltTsk
                0x06020f34                gfcd_doSetConTsk
                0x06020fc4                gfcd_doGetLenDataTsk
                0x06021118                gfcd_doReqDataTsk
                0x060211b8                gfcd_doDelSctDataTsk
                0x060212ec                gfcd_doMoveSctTsk
                0x06021450                gfcd_doChgDirTsk
                0x0602164c                gfcd_doSetFiltConTsk
                0x06021790                gfcd_checkEflag
                0x060217b4                gfcd_initCdbMng
                0x06021834                gfcd_setStat
                0x06021860                GFCD_SetCsctFunc
                0x0602187c                GFCD_ChkScdqFlag
                0x060218a0                GFCD_ClrScdqFlag
                0x060218bc                GFCD_WaitScdqFlag
                0x06021900                GFCD_WaitPause
 .text          0x06021950      0x8d8 D:/joengine-master/Compiler/COMMON/SGL_302j/LIB_ELF/LIBCD.A(GFS_CDF.O)
                0x06021950                GFCF_Init
                0x060219f0                GFCF_Setup
                0x06021b38                GFCF_SetSct
                0x06021b7c                GFCF_GetFileInfo
                0x06021bf0                GFCF_FlowInBuf
                0x06021d44                GFCF_StopInBuf
                0x06021de4                GFCF_Recover
                0x06021e2c                GFCF_Tell
                0x06021e44                GFCF_Seek
                0x06021e5c                GFCF_MovePickup
                0x06021ef8                GFCF_cnvIntlvOfs
                0x06021f4c                GFCF_GetStat
                0x06021fe4                gfcf_getSctSize
                0x06022020                gfcf_isCdOk
                0x060220e0                gfcf_getPlayRange
 *fill*         0x06022228        0x8 
 .text          0x06022230      0x92c D:/joengine-master/Compiler/COMMON/SGL_302j/LIB_ELF/LIBCD.A(GFS_DIR.O)
                0x06022230                GFDR_SetupDirTbl
                0x060222a4                GFDR_NameToId
                0x06022304                GFDR_GetInfoDirId
                0x06022318                GFDR_GetInfoDirName
                0x0602232c                GFDR_GetAtrDirId
                0x06022344                GFDR_GetAtrDirName
                0x0602235c                GFDR_ChgRoot
                0x06022374                GFDR_ChgDir
                0x060223e8                gfdr_setupDirIdTbl
                0x0602246c                gfdr_setupDirNameTbl
                0x06022518                gfdr_open
                0x06022540                gfdr_read
                0x06022600                gfdr_readByte
                0x0602262c                gfdr_readWord
                0x06022658                gfdr_readWordNB
                0x060226ac                gfdr_readLongNB
                0x060226f8                gfdr_readLongNM
                0x06022720                gfdr_setNextRec
                0x060227a4                gfdr_readDirEnt
                0x06022b20                gfdr_setDirrecCd
 *fill*         0x06022b5c        0x4 
 .text          0x06022b60      0x9c6 D:/joengine-master/Compiler/COMMON/SGL_302j/LIB_ELF/LIBCD.A(GFS_TRN.O)
                0x06022b90                GFTR_Setup
                0x06022bd4                GFTR_SetMode
                0x06022be8                GFTR_SetUnit
                0x06022bf4                GFTR_SetTransPara
                0x06022c28                GFTR_GetTransPara
                0x06022c34                GFTR_GetNumTrans
                0x06022c40                GFTR_SetTransMax
                0x06022c4c                GFTR_Start
                0x06022c58                GFTR_Pause
                0x06022c64                GFTR_Stop
                0x06022d1c                GFTR_Exec
                0x06022da0                GFTR_Idle
                0x06022e18                GFTR_ExecSvr
                0x06022f20                gftr_getSrcPack
                0x06022fa8                gftr_getDstPack
                0x06023004                gftr_reqScu
                0x06023010                gftr_execScu
                0x060230ac                gftr_remScu
                0x060230e0                gfdma_canUse
                0x060230ec                gfdma_exec
                0x0602315c                gfdma_getBytecnt
                0x06023194                gftr_reqDma0
                0x060231ac                gftr_execSdma0
                0x060231d0                gftr_remDma0
                0x060231e8                gftr_reqDma1
                0x06023200                gftr_execSdma1
                0x06023224                gftr_remDma1
                0x0602323c                gftr_reqCpu
                0x06023248                gftr_execCpu
                0x06023288                gftr_remCpu
                0x06023294                gftr_reqTrn
                0x06023304                gftr_execTrn
                0x060233dc                gftr_remTrn
                0x06023450                gftr_copyFrac
                0x06023478                GFTR_GetLenData
                0x06023484                GFTR_GetLenRoom
                0x0602349c                GFTR_GetDstPack
                0x060234d0                GFTR_RtnDstPk
                0x060234ec                GFTR_GetData
                0x06023500                GFTR_SetData
                0x06023514                GFTR_SetTransFunc
 *fill*         0x06023526        0xa 
 .text          0x06023530       0xa8 D:/joengine-master/Compiler/COMMON/SGL_302j/LIB_ELF/LIBCD.A(CDC_DEV.O)
                0x06023530                CDC_CdSetCon
                0x06023560                CDC_CdGetCon
                0x0602359c                CDC_CdGetLastBuf
 *fill*         0x060235d8        0x8 
 .text          0x060235e0      0x2b8 D:/joengine-master/Compiler/COMMON/SGL_302j/LIB_ELF/LIBCD.A(CDC_SEL.O)
                0x060235e0                CDC_SetFiltRange
                0x06023614                CDC_GetFiltRange
                0x0602366c                CDC_SetFiltSubh
                0x060236dc                CDC_GetFiltSubh
                0x06023758                CDC_SetFiltMode
                0x0602378c                CDC_GetFiltMode
                0x060237d0                CDC_SetFiltCon
                0x06023810                CDC_GetFiltCon
                0x06023864                CDC_ResetSelector
 *fill*         0x06023898        0x8 
 .text          0x060238a0      0x270 D:/joengine-master/Compiler/COMMON/SGL_302j/LIB_ELF/LIBCD.A(CDC_BIF.O)
                0x060238a0                CDC_GetBufSiz
                0x060238fc                CDC_GetSctNum
                0x06023940                CDC_CalActSiz
                0x0602397c                CDC_GetActSiz
                0x060239fc                CDC_GetSctInfo
                0x06023a7c                CDC_ExeFadSearch
                0x06023ab4                CDC_GetFadSearch
 .text          0x06023b10      0x1e4 D:/joengine-master/Compiler/COMMON/SGL_302j/LIB_ELF/LIBCD.A(CDC_BIO.O)
                0x06023b10                CDC_SetSctLen
                0x06023b44                CDC_GetSctData
                0x06023b80                CDC_DelSctData
                0x06023bbc                CDC_GetdelSctData
                0x06023bf8                CDC_PutSctData
                0x06023c30                CDC_CopySctData
                0x06023c74                CDC_MoveSctData
                0x06023cb8                CDC_GetCopyErr
 *fill*         0x06023cf4        0xc 
 .text          0x06023d00        0x0 D:/joengine-master/Compiler/COMMON/SGL_302j/LIB_ELF/LIBSGL.A(sglA01.o)
 .text          0x06023d00        0x0 D:/joengine-master/Compiler/COMMON/SGL_302j/LIB_ELF/LIBSGL.A(sglA15.o)
 .text          0x06023d00        0x0 D:/joengine-master/Compiler/COMMON/SGL_302j/LIB_ELF/LIBSGL.A(sglA16.o)
 .text          0x06023d00        0x0 D:/joengine-master/Compiler/COMMON/SGL_302j/LIB_ELF/LIBSGL.A(sglA17.o)
 .text          0x06023d00        0x0 D:/joengine-master/Compiler/COMMON/SGL_302j/LIB_ELF/LIBSGL.A(sglA18.o)
 .text          0x06023d00        0x0 D:/joengine-master/Compiler/COMMON/SGL_302j/LIB_ELF/LIBSGL.A(sglA19.o)
 .text          0x06023d00        0x0 D:/joengine-master/Compiler/COMMON/SGL_302j/LIB_ELF/LIBSGL.A(sglA20.o)
 .text          0x06023d00        0x0 D:/joengine-master/Compiler/COMMON/SGL_302j/LIB_ELF/LIBSGL.A(sglA21.o)
 .text          0x06023d00        0x0 D:/joengine-master/Compiler/COMMON/SGL_302j/LIB_ELF/LIBSGL.A(sglA27.o)
 .text          0x06023d00        0x0 D:/joengine-master/Compiler/COMMON/SGL_302j/LIB_ELF/LIBSGL.A(sglA28.o)
 .text          0x06023d00        0x0 D:/joengine-master/Compiler/COMMON/SGL_302j/LIB_ELF/LIBSGL.A(sglA40.o)
 .text          0x06023d00        0x0 D:/joengine-master/Compiler/COMMON/SGL_302j/LIB_ELF/LIBSGL.A(sglB001.o)
 .text          0x06023d00        0x0 D:/joengine-master/Compiler/COMMON/SGL_302j/LIB_ELF/LIBSGL.A(sglB011.o)
 .text          0x06023d00        0x0 D:/joengine-master/Compiler/COMMON/SGL_302j/LIB_ELF/LIBSGL.A(sglB014.o)
 .text          0x06023d00        0x0 D:/joengine-master/Compiler/COMMON/SGL_302j/LIB_ELF/LIBSGL.A(sglB015.o)
 .text          0x06023d00        0x0 D:/joengine-master/Compiler/COMMON/SGL_302j/LIB_ELF/LIBSGL.A(sglB016.o)
 .text          0x06023d00        0x0 D:/joengine-master/Compiler/COMMON/SGL_302j/LIB_ELF/LIBSGL.A(sglB020.o)
 .text          0x06023d00        0x0 D:/joengine-master/Compiler/COMMON/SGL_302j/LIB_ELF/LIBSGL.A(sglB021.o)
 .text          0x06023d00        0x0 D:/joengine-master/Compiler/COMMON/SGL_302j/LIB_ELF/LIBSGL.A(sglB023.o)
 .text          0x06023d00        0x0 D:/joengine-master/Compiler/COMMON/SGL_302j/LIB_ELF/LIBSGL.A(sglB031.o)
 .text          0x06023d00        0x0 D:/joengine-master/Compiler/COMMON/SGL_302j/LIB_ELF/LIBSGL.A(sglB032.o)
 .text          0x06023d00        0x0 D:/joengine-master/Compiler/COMMON/SGL_302j/LIB_ELF/LIBSGL.A(sglB033.o)
 .text          0x06023d00        0x0 D:/joengine-master/Compiler/COMMON/SGL_302j/LIB_ELF/LIBSGL.A(sglB034.o)
 .text          0x06023d00        0x0 D:/joengine-master/Compiler/COMMON/SGL_302j/LIB_ELF/LIBSGL.A(sglB035.o)
 .text          0x06023d00        0x0 D:/joengine-master/Compiler/COMMON/SGL_302j/LIB_ELF/LIBSGL.A(sglB036.o)
 .text          0x06023d00        0x0 D:/joengine-master/Compiler/COMMON/SGL_302j/LIB_ELF/LIBSGL.A(sglB038.o)
 .text          0x06023d00        0x0 D:/joengine-master/Compiler/COMMON/SGL_302j/LIB_ELF/LIBSGL.A(sglB039.o)
 .text          0x06023d00        0x0 D:/joengine-master/Compiler/COMMON/SGL_302j/LIB_ELF/LIBSGL.A(sglB040.o)
 .text          0x06023d00        0x0 D:/joengine-master/Compiler/COMMON/SGL_302j/LIB_ELF/LIBSGL.A(sglB041.o)
 .text          0x06023d00        0x0 D:/joengine-master/Compiler/COMMON/SGL_302j/LIB_ELF/LIBSGL.A(sglB042.o)
 .text          0x06023d00        0x0 D:/joengine-master/Compiler/COMMON/SGL_302j/LIB_ELF/LIBSGL.A(sglB043.o)
 .text          0x06023d00        0x0 D:/joengine-master/Compiler/COMMON/SGL_302j/LIB_ELF/LIBSGL.A(sglB044.o)
 .text          0x06023d00        0x0 D:/joengine-master/Compiler/COMMON/SGL_302j/LIB_ELF/LIBSGL.A(sglB045.o)
 .text          0x06023d00        0x0 D:/joengine-master/Compiler/COMMON/SGL_302j/LIB_ELF/LIBSGL.A(sglB047.o)
 .text          0x06023d00        0x0 D:/joengine-master/Compiler/COMMON/SGL_302j/LIB_ELF/LIBSGL.A(sglB048.o)
 .text          0x06023d00        0x0 D:/joengine-master/Compiler/COMMON/SGL_302j/LIB_ELF/LIBSGL.A(sglB055.o)
 .text          0x06023d00        0x0 D:/joengine-master/Compiler/COMMON/SGL_302j/LIB_ELF/LIBSGL.A(sglB056.o)
 .text          0x06023d00        0x0 D:/joengine-master/Compiler/COMMON/SGL_302j/LIB_ELF/LIBSGL.A(sglB057.o)
 .text          0x06023d00        0x0 D:/joengine-master/Compiler/COMMON/SGL_302j/LIB_ELF/LIBSGL.A(sglB058.o)
 .text          0x06023d00        0x0 D:/joengine-master/Compiler/COMMON/SGL_302j/LIB_ELF/LIBSGL.A(sglB059.o)
 .text          0x06023d00        0x0 D:/joengine-master/Compiler/COMMON/SGL_302j/LIB_ELF/LIBSGL.A(sglB060.o)
 .text          0x06023d00        0x0 D:/joengine-master/Compiler/COMMON/SGL_302j/LIB_ELF/LIBSGL.A(sglB063.o)
 .text          0x06023d00        0x0 D:/joengine-master/Compiler/COMMON/SGL_302j/LIB_ELF/LIBSGL.A(sglB087.o)
 .text          0x06023d00        0x0 D:/joengine-master/Compiler/COMMON/SGL_302j/LIB_ELF/LIBSGL.A(sglB088.o)
 .text          0x06023d00        0x0 D:/joengine-master/Compiler/COMMON/SGL_302j/LIB_ELF/LIBSGL.A(sglB090.o)
 .text          0x06023d00        0x0 D:/joengine-master/Compiler/COMMON/SGL_302j/LIB_ELF/LIBSGL.A(sglB200.o)
 .text          0x06023d00        0x0 D:/joengine-master/Compiler/COMMON/SGL_302j/LIB_ELF/LIBSGL.A(sglC01.o)
 .text          0x06023d00        0x0 D:/joengine-master/Compiler/COMMON/SGL_302j/LIB_ELF/LIBSGL.A(sglC03.o)
 .text          0x06023d00        0x0 D:/joengine-master/Compiler/COMMON/SGL_302j/LIB_ELF/LIBSGL.A(sglC04.o)
 .text          0x06023d00        0x0 D:/joengine-master/Compiler/COMMON/SGL_302j/LIB_ELF/LIBSGL.A(sglC05.o)
 .text          0x06023d00        0x0 D:/joengine-master/Compiler/COMMON/SGL_302j/LIB_ELF/LIBSGL.A(sglC06.o)
 .text          0x06023d00        0x0 D:/joengine-master/Compiler/COMMON/SGL_302j/LIB_ELF/LIBSGL.A(sglC07.o)
 .text          0x06023d00        0x0 D:/joengine-master/Compiler/COMMON/SGL_302j/LIB_ELF/LIBSGL.A(sglC08.o)
 .text          0x06023d00        0x0 D:/joengine-master/Compiler/COMMON/SGL_302j/LIB_ELF/LIBSGL.A(sglC14.o)
 .text          0x06023d00        0x0 D:/joengine-master/Compiler/COMMON/SGL_302j/LIB_ELF/LIBSGL.A(sglC16.o)
 .text          0x06023d00        0x0 D:/joengine-master/Compiler/COMMON/SGL_302j/LIB_ELF/LIBSGL.A(sglC17.o)
 .text          0x06023d00        0x0 D:/joengine-master/Compiler/COMMON/SGL_302j/LIB_ELF/LIBSGL.A(sglC19.o)
 .text          0x06023d00        0x0 D:/joengine-master/Compiler/COMMON/SGL_302j/LIB_ELF/LIBSGL.A(sglC20.o)
 .text          0x06023d00        0x0 D:/joengine-master/Compiler/COMMON/SGL_302j/LIB_ELF/LIBSGL.A(sglC21.o)
 .text          0x06023d00        0x0 D:/joengine-master/Compiler/COMMON/SGL_302j/LIB_ELF/LIBSGL.A(sglD00.o)
 .text          0x06023d00        0x0 D:/joengine-master/Compiler/COMMON/SGL_302j/LIB_ELF/LIBSGL.A(sglD01.o)
 .text          0x06023d00        0x0 D:/joengine-master/Compiler/COMMON/SGL_302j/LIB_ELF/LIBSGL.A(sglD02.o)
 .text          0x06023d00        0x0 D:/joengine-master/Compiler/COMMON/SGL_302j/LIB_ELF/LIBSGL.A(sglD03.o)
 .text          0x06023d00        0x0 D:/joengine-master/Compiler/COMMON/SGL_302j/LIB_ELF/LIBSGL.A(sglD15.o)
 .text          0x06023d00        0x0 D:/joengine-master/Compiler/COMMON/SGL_302j/LIB_ELF/LIBSGL.A(sglD16.o)
 .text          0x06023d00        0x0 D:/joengine-master/Compiler/COMMON/SGL_302j/LIB_ELF/LIBSGL.A(sglD17.o)
 .text          0x06023d00        0x0 D:/joengine-master/Compiler/COMMON/SGL_302j/LIB_ELF/LIBSGL.A(sglD18.o)
 .text          0x06023d00        0x0 D:/joengine-master/Compiler/COMMON/SGL_302j/LIB_ELF/LIBSGL.A(sglF08.o)
 .text          0x06023d00        0x0 D:/joengine-master/Compiler/COMMON/SGL_302j/LIB_ELF/LIBSGL.A(sglH00.o)
 .text          0x06023d00        0x0 D:/joengine-master/Compiler/COMMON/SGL_302j/LIB_ELF/LIBSGL.A(sglH01.o)
 .text          0x06023d00        0x0 D:/joengine-master/Compiler/COMMON/SGL_302j/LIB_ELF/LIBSGL.A(sglH02.o)
 .text          0x06023d00        0x0 D:/joengine-master/Compiler/COMMON/SGL_302j/LIB_ELF/LIBSGL.A(sglH04.o)
 .text          0x06023d00        0x0 D:/joengine-master/Compiler/COMMON/SGL_302j/LIB_ELF/LIBSGL.A(sglI01.o)
 .text          0x06023d00        0x0 D:/joengine-master/Compiler/COMMON/SGL_302j/LIB_ELF/LIBSGL.A(sglI04.o)
 .text          0x06023d00      0x128 D:/joengine-master/Compiler/COMMON/SGL_302j/LIB_ELF/LIBSGL.A(sglIc0.o)
                0x06023d00                slInitSystem
 *fill*         0x06023e28        0x8 
 .text          0x06023e30        0x0 D:/joengine-master/Compiler/COMMON/SGL_302j/LIB_ELF/LIBSGL.A(sglJ00.o)
 .text          0x06023e30        0x0 D:/joengine-master/Compiler/COMMON/SGL_302j/LIB_ELF/LIBSGL.A(sglJ01.o)
 .text          0x06023e30        0x0 D:/joengine-master/Compiler/COMMON/SGL_302j/LIB_ELF/LIBSGL.A(sglJ02.o)
 .text          0x06023e30        0x0 D:/joengine-master/Compiler/COMMON/SGL_302j/LIB_ELF/LIBSGL.A(sglJ03.o)
 .text          0x06023e30        0x0 D:/joengine-master/Compiler/COMMON/SGL_302j/LIB_ELF/LIBSGL.A(sglJ04.o)
 .text          0x06023e30        0x0 D:/joengine-master/Compiler/COMMON/SGL_302j/LIB_ELF/LIBSGL.A(sglJ05.o)
 .text          0x06023e30        0x0 D:/joengine-master/Compiler/COMMON/SGL_302j/LIB_ELF/LIBSGL.A(sglK01.o)
 .text          0x06023e30        0x0 D:/joengine-master/Compiler/COMMON/SGL_302j/LIB_ELF/LIBSGL.A(sglM00.o)
 .text          0x06023e30        0x0 D:/joengine-master/Compiler/COMMON/SGL_302j/LIB_ELF/LIBSGL.A(sglM01.o)
 .text          0x06023e30        0x0 D:/joengine-master/Compiler/COMMON/SGL_302j/LIB_ELF/LIBSGL.A(sglA00.o)
 .text          0x06023e30        0x0 D:/joengine-master/Compiler/COMMON/SGL_302j/LIB_ELF/LIBSGL.A(sglA03.o)
 .text          0x06023e30        0x0 D:/joengine-master/Compiler/COMMON/SGL_302j/LIB_ELF/LIBSGL.A(sglA10.o)
 .text          0x06023e30        0x0 D:/joengine-master/Compiler/COMMON/SGL_302j/LIB_ELF/LIBSGL.A(sglA24.o)
 .text          0x06023e30        0x0 D:/joengine-master/Compiler/COMMON/SGL_302j/LIB_ELF/LIBSGL.A(sglA25.o)
 .text          0x06023e30        0x0 D:/joengine-master/Compiler/COMMON/SGL_302j/LIB_ELF/LIBSGL.A(sglB000.o)
 .text          0x06023e30        0x0 D:/joengine-master/Compiler/COMMON/SGL_302j/LIB_ELF/LIBSGL.A(sglC00.o)
 .text          0x06023e30        0x0 D:/joengine-master/Compiler/COMMON/SGL_302j/LIB_ELF/LIBSGL.A(sglC13.o)
 .text          0x06023e30        0x0 D:/joengine-master/Compiler/COMMON/SGL_302j/LIB_ELF/LIBSGL.A(sglD19.o)
 .text          0x06023e30        0x0 D:/joengine-master/Compiler/COMMON/SGL_302j/LIB_ELF/LIBSGL.A(sglI00.o)
 .text          0x06023e30        0x0 D:/joengine-master/Compiler/COMMON/SGL_302j/LIB_ELF/LIBSGL.A(sglH03.o)
 .text          0x06023e30       0x52 d:/joengine-master/compiler/windows/bin/../lib/gcc/sh-elf/9.3.0\libgcc.a(_ashiftrt.o)
                0x06023e30                __ashiftrt_r4_31
                0x06023e30                __ashiftrt_r4_32
                0x06023e36                __ashiftrt_r4_30
                0x06023e38                __ashiftrt_r4_29
                0x06023e3a                __ashiftrt_r4_28
                0x06023e3c                __ashiftrt_r4_27
                0x06023e3e                __ashiftrt_r4_26
                0x06023e40                __ashiftrt_r4_25
                0x06023e42                __ashiftrt_r4_24
                0x06023e4a                __ashiftrt_r4_23
                0x06023e4c                __ashiftrt_r4_22
                0x06023e4e                __ashiftrt_r4_21
                0x06023e50                __ashiftrt_r4_20
                0x06023e52                __ashiftrt_r4_19
                0x06023e54                __ashiftrt_r4_18
                0x06023e56                __ashiftrt_r4_17
                0x06023e58                __ashiftrt_r4_16
                0x06023e5e                __ashiftrt_r4_15
                0x06023e60                __ashiftrt_r4_14
                0x06023e62                __ashiftrt_r4_13
                0x06023e64                __ashiftrt_r4_12
                0x06023e66                __ashiftrt_r4_11
                0x06023e68                __ashiftrt_r4_10
                0x06023e6a                __ashiftrt_r4_9
                0x06023e6c                __ashiftrt_r4_8
                0x06023e6e                __ashiftrt_r4_7
                0x06023e70                __ashiftrt_r4_6
                0x06023e72                __ashiftrt_r4_5
                0x06023e74                __ashiftrt_r4_4
                0x06023e76                __ashiftrt_r4_3
                0x06023e78                __ashiftrt_r4_2
                0x06023e7a                __ashiftrt_r4_1
                0x06023e7e                __ashiftrt_r4_0
 *fill*         0x06023e82        0x2 
 .text          0x06023e84       0x80 d:/joengine-master/compiler/windows/bin/../lib/gcc/sh-elf/9.3.0\libgcc.a(_ashiftrt_n.o)
                0x06023e84                __ashrsi3
 .text          0x06023f04       0xbc d:/joengine-master/compiler/windows/bin/../lib/gcc/sh-elf/9.3.0\libgcc.a(_ashiftlt.o)
                0x06023f04                __ashlsi3
                0x06023f08                __ashlsi3_r0
 .text          0x06023fc0       0xbc d:/joengine-master/compiler/windows/bin/../lib/gcc/sh-elf/9.3.0\libgcc.a(_lshiftrt.o)
                0x06023fc0                __lshrsi3
                0x06023fc4                __lshrsi3_r0
 .text          0x0602407c       0x78 d:/joengine-master/compiler/windows/bin/../lib/gcc/sh-elf/9.3.0\libgcc.a(_movmem.o)
                0x0602407c                __movmem
                0x0602407c                __movstr
                0x060240b0                __movstrSI64
                0x060240b0                __movmemSI64
                0x060240b4                __movstrSI60
                0x060240b4                __movmemSI60
                0x060240b8                __movstrSI56
                0x060240b8                __movmemSI56
                0x060240bc                __movstrSI52
                0x060240bc                __movmemSI52
                0x060240c0                __movstrSI48
                0x060240c0                __movmemSI48
                0x060240c4                __movmemSI44
                0x060240c4                __movstrSI44
                0x060240c8                __movstrSI40
                0x060240c8                __movmemSI40
                0x060240cc                __movmemSI36
                0x060240cc                __movstrSI36
                0x060240d0                __movmemSI32
                0x060240d0                __movstrSI32
                0x060240d4                __movstrSI28
                0x060240d4                __movmemSI28
                0x060240d8                __movmemSI24
                0x060240d8                __movstrSI24
                0x060240dc                __movstrSI20
                0x060240dc                __movmemSI20
                0x060240e0                __movstrSI16
                0x060240e0                __movmemSI16
                0x060240e4                __movstrSI12
                0x060240e4                __movmemSI12
                0x060240e8                __movmemSI8
                0x060240e8                __movstrSI8
                0x060240ec                __movmemSI4
                0x060240ec                __movstrSI4
 .text          0x060240f4       0xa0 d:/joengine-master/compiler/windows/bin/../lib/gcc/sh-elf/9.3.0\libgcc.a(_sdivsi3.o)
                0x060240f4                __sdivsi3
 .text          0x06024194       0x6c d:/joengine-master/compiler/windows/bin/../lib/gcc/sh-elf/9.3.0\libgcc.a(_udivsi3.o)
                0x060241b6                __udivsi3
 .text          0x06024200      0x21c d:/joengine-master/compiler/windows/bin/../lib/gcc/sh-elf/9.3.0\libgcc.a(_addsub_sf.o)
                0x06024380                __addsf3
                0x060243cc                __subsf3
 .text          0x0602441c      0x134 d:/joengine-master/compiler/windows/bin/../lib/gcc/sh-elf/9.3.0\libgcc.a(_mul_sf.o)
                0x0602441c                __mulsf3
 .text          0x06024550       0xdc d:/joengine-master/compiler/windows/bin/../lib/gcc/sh-elf/9.3.0\libgcc.a(_div_sf.o)
                0x06024550                __divsf3
 .text          0x0602462c       0x54 d:/joengine-master/compiler/windows/bin/../lib/gcc/sh-elf/9.3.0\libgcc.a(_eq_sf.o)
                0x0602462c                __eqsf2
 .text          0x06024680       0x54 d:/joengine-master/compiler/windows/bin/../lib/gcc/sh-elf/9.3.0\libgcc.a(_ne_sf.o)
                0x06024680                __nesf2
 .text          0x060246d4       0x54 d:/joengine-master/compiler/windows/bin/../lib/gcc/sh-elf/9.3.0\libgcc.a(_gt_sf.o)
                0x060246d4                __gtsf2
 .text          0x06024728       0x54 d:/joengine-master/compiler/windows/bin/../lib/gcc/sh-elf/9.3.0\libgcc.a(_ge_sf.o)
                0x06024728                __gesf2
 .text          0x0602477c       0x54 d:/joengine-master/compiler/windows/bin/../lib/gcc/sh-elf/9.3.0\libgcc.a(_lt_sf.o)
                0x0602477c                __ltsf2
 .text          0x060247d0       0x54 d:/joengine-master/compiler/windows/bin/../lib/gcc/sh-elf/9.3.0\libgcc.a(_le_sf.o)
                0x060247d0                __lesf2
 .text          0x06024824       0x84 d:/joengine-master/compiler/windows/bin/../lib/gcc/sh-elf/9.3.0\libgcc.a(_si_to_sf.o)
                0x06024824                __floatsisf
 .text          0x060248a8       0x70 d:/joengine-master/compiler/windows/bin/../lib/gcc/sh-elf/9.3.0\libgcc.a(_sf_to_si.o)
                0x060248a8                __fixsfsi
 .text          0x06024918       0x3c d:/joengine-master/compiler/windows/bin/../lib/gcc/sh-elf/9.3.0\libgcc.a(_sf_to_df.o)
                0x06024918                __extendsfdf2
 .text          0x06024954        0x0 d:/joengine-master/compiler/windows/bin/../lib/gcc/sh-elf/9.3.0\libgcc.a(_thenan_sf.o)
 .text          0x06024954       0x94 d:/joengine-master/compiler/windows/bin/../lib/gcc/sh-elf/9.3.0\libgcc.a(_usi_to_sf.o)
                0x06024954                __floatunsisf
 .text          0x060249e8      0x3e0 d:/joengine-master/compiler/windows/bin/../lib/gcc/sh-elf/9.3.0\libgcc.a(_addsub_df.o)
                0x06024d24                __adddf3
                0x06024d74                __subdf3
 .text          0x06024dc8      0x208 d:/joengine-master/compiler/windows/bin/../lib/gcc/sh-elf/9.3.0\libgcc.a(_mul_df.o)
                0x06024dc8                __muldf3
 .text          0x06024fd0       0xa8 d:/joengine-master/compiler/windows/bin/../lib/gcc/sh-elf/9.3.0\libgcc.a(_si_to_df.o)
                0x06024fd0                __floatsidf
 .text          0x06025078       0xa0 d:/joengine-master/compiler/windows/bin/../lib/gcc/sh-elf/9.3.0\libgcc.a(_df_to_si.o)
                0x06025078                __fixdfsi
 .text          0x06025118       0x28 d:/joengine-master/compiler/windows/bin/../lib/gcc/sh-elf/9.3.0\libgcc.a(_make_df.o)
                0x06025118                __make_dp
 .text          0x06025140       0x4c d:/joengine-master/compiler/windows/bin/../lib/gcc/sh-elf/9.3.0\libgcc.a(_df_to_sf.o)
                0x06025140                __truncdfsf2
 .text          0x0602518c        0x0 d:/joengine-master/compiler/windows/bin/../lib/gcc/sh-elf/9.3.0\libgcc.a(_thenan_df.o)
 .text          0x0602518c       0x54 d:/joengine-master/compiler/windows/bin/../lib/gcc/sh-elf/9.3.0\libgcc.a(_clzsi2.o)
                0x0602518c                __clzsi2
 .text          0x060251e0      0x11c d:/joengine-master/compiler/windows/bin/../lib/gcc/sh-elf/9.3.0\libgcc.a(_pack_sf.o)
                0x060251e0                __pack_f
 .text          0x060252fc       0xa0 d:/joengine-master/compiler/windows/bin/../lib/gcc/sh-elf/9.3.0\libgcc.a(_unpack_sf.o)
                0x060252fc                __unpack_f
 .text          0x0602539c       0xac d:/joengine-master/compiler/windows/bin/../lib/gcc/sh-elf/9.3.0\libgcc.a(_fpcmp_parts_sf.o)
                0x0602539c                __fpcmp_parts_f
 .text          0x06025448       0x20 d:/joengine-master/compiler/windows/bin/../lib/gcc/sh-elf/9.3.0\libgcc.a(_make_sf.o)
                0x06025448                __make_fp
 .text          0x06025468      0x274 d:/joengine-master/compiler/windows/bin/../lib/gcc/sh-elf/9.3.0\libgcc.a(_pack_df.o)
                0x06025468                __pack_d
 .text          0x060256dc       0xcc d:/joengine-master/compiler/windows/bin/../lib/gcc/sh-elf/9.3.0\libgcc.a(_unpack_df.o)
                0x060256dc                __unpack_d
 .text          0x060257a8        0x0 d:/joengine-master/compiler/windows/bin/../lib/gcc/sh-elf/9.3.0\libgcc.a(_clz.o)
 .text          0x060257a8        0x0 d:/joengine-master/compiler/windows/bin/../lib/gcc/sh-elf/9.3.0/../../../../sh-elf/lib\libc.a(lib_a-impure.o)
 .text          0x060257a8       0x1e d:/joengine-master/compiler/windows/bin/../lib/gcc/sh-elf/9.3.0/../../../../sh-elf/lib\libc.a(lib_a-memcmp.o)
                0x060257a8                memcmp
 *fill*         0x060257c6        0x2 
 .text          0x060257c8       0x94 d:/joengine-master/compiler/windows/bin/../lib/gcc/sh-elf/9.3.0/../../../../sh-elf/lib\libc.a(lib_a-memcpy.o)
                0x060257c8                memcpy
 .text          0x0602585c       0x40 d:/joengine-master/compiler/windows/bin/../lib/gcc/sh-elf/9.3.0/../../../../sh-elf/lib\libc.a(lib_a-memset.o)
                0x0602585c                memset
 .text          0x0602589c       0x58 d:/joengine-master/compiler/windows/bin/../lib/gcc/sh-elf/9.3.0/../../../../sh-elf/lib\libc.a(lib_a-rand.o)
                0x0602589c                srand
                0x060258b0                rand
 .text          0x060258f4       0x60 d:/joengine-master/compiler/windows/bin/../lib/gcc/sh-elf/9.3.0/../../../../sh-elf/lib\libc.a(lib_a-rget.o)
                0x060258f4                __srget_r
                0x06025940                __srget
 .text          0x06025954       0x8c d:/joengine-master/compiler/windows/bin/../lib/gcc/sh-elf/9.3.0/../../../../sh-elf/lib\libc.a(lib_a-sprintf.o)
                0x06025954                _siprintf_r
                0x06025954                _sprintf_r
                0x06025994                siprintf
                0x06025994                sprintf
 .text          0x060259e0       0x20 d:/joengine-master/compiler/windows/bin/../lib/gcc/sh-elf/9.3.0/../../../../sh-elf/lib\libc.a(lib_a-strcat.o)
                0x060259e0                strcat
 .text          0x06025a00       0x38 d:/joengine-master/compiler/windows/bin/../lib/gcc/sh-elf/9.3.0/../../../../sh-elf/lib\libc.a(lib_a-strcmp.o)
                0x06025a00                strcmp
 .text          0x06025a38       0x3c d:/joengine-master/compiler/windows/bin/../lib/gcc/sh-elf/9.3.0/../../../../sh-elf/lib\libc.a(lib_a-strcpy.o)
                0x06025a38                strcpy
 .text          0x06025a74       0x20 d:/joengine-master/compiler/windows/bin/../lib/gcc/sh-elf/9.3.0/../../../../sh-elf/lib\libc.a(lib_a-strlen.o)
                0x06025a74                strlen
 .text          0x06025a94       0x2a d:/joengine-master/compiler/windows/bin/../lib/gcc/sh-elf/9.3.0/../../../../sh-elf/lib\libc.a(lib_a-strncmp.o)
                0x06025a94                strncmp
 .text          0x06025abe       0x36 d:/joengine-master/compiler/windows/bin/../lib/gcc/sh-elf/9.3.0/../../../../sh-elf/lib\libc.a(lib_a-strncpy.o)
                0x06025abe                strncpy
 .text          0x06025af4       0x36 d:/joengine-master/compiler/windows/bin/../lib/gcc/sh-elf/9.3.0/../../../../sh-elf/lib\libc.a(lib_a-strstr.o)
                0x06025af4                strstr
 *fill*         0x06025b2a        0x2 
 .text          0x06025b2c       0xdc d:/joengine-master/compiler/windows/bin/../lib/gcc/sh-elf/9.3.0/../../../../sh-elf/lib\libc.a(lib_a-wbuf.o)
                0x06025b2c                __swbuf_r
                0x06025bf4                __swbuf
 .text          0x06025c08       0xcc d:/joengine-master/compiler/windows/bin/../lib/gcc/sh-elf/9.3.0/../../../../sh-elf/lib\libc.a(lib_a-wsetup.o)
                0x06025c08                __swsetup_r
 .text          0x06025cd4      0x1a4 d:/joengine-master/compiler/windows/bin/../lib/gcc/sh-elf/9.3.0/../../../../sh-elf/lib\libc.a(lib_a-fflush.o)
                0x06025cd4                __sflush_r
                0x06025e10                _fflush_r
                0x06025e50                fflush
 .text          0x06025e78      0x1d0 d:/joengine-master/compiler/windows/bin/../lib/gcc/sh-elf/9.3.0/../../../../sh-elf/lib\libc.a(lib_a-findfp.o)
                0x06025ed0                _cleanup_r
                0x06025ee0                __sfmoreglue
                0x06025f2c                _cleanup
                0x06025f40                __sinit
                0x06025f94                __sfp
 .text          0x06026048       0xb0 d:/joengine-master/compiler/windows/bin/../lib/gcc/sh-elf/9.3.0/../../../../sh-elf/lib\libc.a(lib_a-fwalk.o)
                0x06026048                _fwalk
                0x0602609c                _fwalk_reent
 .text          0x060260f8      0x108 d:/joengine-master/compiler/windows/bin/../lib/gcc/sh-elf/9.3.0/../../../../sh-elf/lib\libc.a(lib_a-makebuf.o)
                0x060260f8                __swhatbuf_r
                0x06026154                __smakebuf_r
 .text          0x06026200      0x444 d:/joengine-master/compiler/windows/bin/../lib/gcc/sh-elf/9.3.0/../../../../sh-elf/lib\libc.a(lib_a-nano-svfprintf.o)
                0x06026200                __ssputs_r
                0x060262f4                __ssprint_r
                0x06026428                _svfprintf_r
                0x06026428                _svfiprintf_r
 .text          0x06026644      0x380 d:/joengine-master/compiler/windows/bin/../lib/gcc/sh-elf/9.3.0/../../../../sh-elf/lib\libc.a(lib_a-nano-vfprintf_i.o)
                0x06026644                _printf_common
                0x06026744                _printf_i
 .text          0x060269c4      0x150 d:/joengine-master/compiler/windows/bin/../lib/gcc/sh-elf/9.3.0/../../../../sh-elf/lib\libc.a(lib_a-refill.o)
                0x060269dc                __srefill_r
 .text          0x06026b14       0xe0 d:/joengine-master/compiler/windows/bin/../lib/gcc/sh-elf/9.3.0/../../../../sh-elf/lib\libc.a(lib_a-stdio.o)
                0x06026b14                __sread
                0x06026b50                __seofread
                0x06026b54                __swrite
                0x06026ba4                __sseek
                0x06026be4                __sclose
 .text          0x06026bf4       0x34 d:/joengine-master/compiler/windows/bin/../lib/gcc/sh-elf/9.3.0/../../../../sh-elf/lib\libc.a(lib_a-writer.o)
                0x06026bf4                _write_r
 .text          0x06026c28       0x30 d:/joengine-master/compiler/windows/bin/../lib/gcc/sh-elf/9.3.0/../../../../sh-elf/lib\libc.a(lib_a-closer.o)
                0x06026c28                _close_r
 .text          0x06026c58       0x34 d:/joengine-master/compiler/windows/bin/../lib/gcc/sh-elf/9.3.0/../../../../sh-elf/lib\libc.a(lib_a-fstatr.o)
                0x06026c58                _fstat_r
 .text          0x06026c8c       0x30 d:/joengine-master/compiler/windows/bin/../lib/gcc/sh-elf/9.3.0/../../../../sh-elf/lib\libc.a(lib_a-isattyr.o)
                0x06026c8c                _isatty_r
 .text          0x06026cbc       0x34 d:/joengine-master/compiler/windows/bin/../lib/gcc/sh-elf/9.3.0/../../../../sh-elf/lib\libc.a(lib_a-lseekr.o)
                0x06026cbc                _lseek_r
 .text          0x06026cf0       0x1c d:/joengine-master/compiler/windows/bin/../lib/gcc/sh-elf/9.3.0/../../../../sh-elf/lib\libc.a(lib_a-memchr.o)
                0x06026cf0                memchr
 .text          0x06026d0c       0x3c d:/joengine-master/compiler/windows/bin/../lib/gcc/sh-elf/9.3.0/../../../../sh-elf/lib\libc.a(lib_a-memmove.o)
                0x06026d0c                memmove
 .text          0x06026d48       0x34 d:/joengine-master/compiler/windows/bin/../lib/gcc/sh-elf/9.3.0/../../../../sh-elf/lib\libc.a(lib_a-readr.o)
                0x06026d48                _read_r
 .text          0x06026d7c      0x100 d:/joengine-master/compiler/windows/bin/../lib/gcc/sh-elf/9.3.0/../../../../sh-elf/lib\libc.a(lib_a-reent.o)
                0x06026d7c                cleanup_glue
                0x06026da8                _reclaim_reent
 *(.strings)
 *(SEGA_P)
 *(.eh_frame_hdr)
 *(.eh_frame)
                0x06026e7c                __etext = .

.text.startup   0x06026e80       0x40
 .text.startup  0x06026e80       0x40 D:/joengine-master/jo_engine/core.o
                0x06026e80                main

SLPROG          0x06026ec0    0x158a0
                0x06026ec0                __slprog_start = .
 *(SLPROG)
 SLPROG         0x06026ec0     0x6540 D:/joengine-master/Compiler/COMMON/SGL_302j/LIB_ELF/SGLAREA.O
                0x06026ec0                MasterStack
                0x06026ec4                SlaveStack
                0x06026ec8                MaxVertices
                0x06026eca                MaxPolygons
                0x06026ecc                SortList
                0x06026ed0                SortListSize
                0x06026ed4                TransList
                0x06026ed8                Zbuffer
                0x06026edc                SpriteBuf
                0x06026ee0                SpriteBufSize
                0x06026ee4                Pbuffer
                0x06026ee8                CommandBuf
                0x06026eec                CLOfstBuf
                0x06026ef0                PCM_Work
                0x06026ef4                PCM_WkSize
                0x06026ef8                MaxEvents
                0x06026efa                EventSize
                0x06026efc                MaxWorks
                0x06026efe                WorkSize
                0x06026f00                RemainEvent
                0x06027000                RemainWork
                0x06027400                EventBuf
                0x06029400                WorkBuf
 SLPROG         0x0602d400     0x411e D:/joengine-master/Compiler/COMMON/SGL_302j/LIB_ELF/LIBSGL.A(sglA01.o)
                0x0602d400                slSin
                0x0602d424                slCos
                0x0602d448                GetSinCos
                0x0602d4dc                sin_cos_index_tbl
                0x0602d51c                sin_tbl
 *fill*         0x0603151e        0x2 
 SLPROG         0x06031520       0x18 D:/joengine-master/Compiler/COMMON/SGL_302j/LIB_ELF/LIBSGL.A(sglA15.o)
                0x06031520                slSlaveFunc
 *fill*         0x06031538        0x8 
 SLPROG         0x06031540       0xd0 D:/joengine-master/Compiler/COMMON/SGL_302j/LIB_ELF/LIBSGL.A(sglA16.o)
                0x06031540                slLookAt
 SLPROG         0x06031610       0x78 D:/joengine-master/Compiler/COMMON/SGL_302j/LIB_ELF/LIBSGL.A(sglA17.o)
                0x06031610                slRotZ
                0x0603161a                slRotZSC
 *fill*         0x06031688        0x8 
 SLPROG         0x06031690       0x78 D:/joengine-master/Compiler/COMMON/SGL_302j/LIB_ELF/LIBSGL.A(sglA18.o)
                0x06031690                slRotY
                0x0603169a                slRotYSC
 *fill*         0x06031708        0x8 
 SLPROG         0x06031710       0x78 D:/joengine-master/Compiler/COMMON/SGL_302j/LIB_ELF/LIBSGL.A(sglA19.o)
                0x06031710                slRotX
                0x0603171a                slRotXSC
 *fill*         0x06031788        0x8 
 SLPROG         0x06031790      0x42c D:/joengine-master/Compiler/COMMON/SGL_302j/LIB_ELF/LIBSGL.A(sglA20.o)
                0x06031790                slInitMatrix
                0x0603179a                slPushUnitMatrix
                0x060317ae                slUnitMatrix
 *fill*         0x06031bbc        0x4 
 SLPROG         0x06031bc0       0x48 D:/joengine-master/Compiler/COMMON/SGL_302j/LIB_ELF/LIBSGL.A(sglA21.o)
                0x06031bc0                slPushMatrix
                0x06031bf4                slDecMatrixPtr
                0x06031bf4                slPopMatrix
 *fill*         0x06031c08        0x8 
 SLPROG         0x06031c10       0x50 D:/joengine-master/Compiler/COMMON/SGL_302j/LIB_ELF/LIBSGL.A(sglA27.o)
                0x06031c10                slTranslate
 SLPROG         0x06031c60       0x70 D:/joengine-master/Compiler/COMMON/SGL_302j/LIB_ELF/LIBSGL.A(sglA28.o)
                0x06031c60                slScale
 SLPROG         0x06031cd0       0x22 D:/joengine-master/Compiler/COMMON/SGL_302j/LIB_ELF/LIBSGL.A(sglA40.o)
                0x06031cd0                slCalcVector
 *fill*         0x06031cf2        0xe 
 SLPROG         0x06031d00       0x20 D:/joengine-master/Compiler/COMMON/SGL_302j/LIB_ELF/LIBSGL.A(sglB001.o)
                0x06031d00                slTVOn
                0x06031d0a                slTVOff
 SLPROG         0x06031d20       0x24 D:/joengine-master/Compiler/COMMON/SGL_302j/LIB_ELF/LIBSGL.A(sglB011.o)
                0x06031d20                slBitMapNbg1
 *fill*         0x06031d44        0xc 
 SLPROG         0x06031d50        0x8 D:/joengine-master/Compiler/COMMON/SGL_302j/LIB_ELF/LIBSGL.A(sglB014.o)
                0x06031d50                slScrTransparent
 *fill*         0x06031d58        0x8 
 SLPROG         0x06031d60      0x40c D:/joengine-master/Compiler/COMMON/SGL_302j/LIB_ELF/LIBSGL.A(sglB015.o)
                0x06031d60                slScrAutoDisp
 *fill*         0x0603216c        0x4 
 SLPROG         0x06032170        0xc D:/joengine-master/Compiler/COMMON/SGL_302j/LIB_ELF/LIBSGL.A(sglB016.o)
                0x06032170                slBack1ColSet
 *fill*         0x0603217c        0x4 
 SLPROG         0x06032180       0x10 D:/joengine-master/Compiler/COMMON/SGL_302j/LIB_ELF/LIBSGL.A(sglB020.o)
                0x06032180                slColorCalc
 SLPROG         0x06032190        0xc D:/joengine-master/Compiler/COMMON/SGL_302j/LIB_ELF/LIBSGL.A(sglB021.o)
                0x06032190                slColorCalcOn
 *fill*         0x0603219c        0x4 
 SLPROG         0x060321a0        0xc D:/joengine-master/Compiler/COMMON/SGL_302j/LIB_ELF/LIBSGL.A(sglB023.o)
                0x060321a0                slColRate
 *fill*         0x060321ac        0x4 
 SLPROG         0x060321b0       0xb0 D:/joengine-master/Compiler/COMMON/SGL_302j/LIB_ELF/LIBSGL.A(sglB031.o)
                0x060321b0                slMapNbg0
 SLPROG         0x06032260       0xb4 D:/joengine-master/Compiler/COMMON/SGL_302j/LIB_ELF/LIBSGL.A(sglB032.o)
                0x06032260                slMapNbg1
 *fill*         0x06032314        0xc 
 SLPROG         0x06032320       0xb0 D:/joengine-master/Compiler/COMMON/SGL_302j/LIB_ELF/LIBSGL.A(sglB033.o)
                0x06032320                slMapNbg2
 SLPROG         0x060323d0       0xb4 D:/joengine-master/Compiler/COMMON/SGL_302j/LIB_ELF/LIBSGL.A(sglB034.o)
                0x060323d0                slMapNbg3
 *fill*         0x06032484        0xc 
 SLPROG         0x06032490       0xd4 D:/joengine-master/Compiler/COMMON/SGL_302j/LIB_ELF/LIBSGL.A(sglB035.o)
                0x06032490                sl1MapRA
                0x06032522                rbank_set
 *fill*         0x06032564        0xc 
 SLPROG         0x06032570       0xa0 D:/joengine-master/Compiler/COMMON/SGL_302j/LIB_ELF/LIBSGL.A(sglB036.o)
                0x06032570                sl1MapRB
 SLPROG         0x06032610       0x70 D:/joengine-master/Compiler/COMMON/SGL_302j/LIB_ELF/LIBSGL.A(sglB038.o)
                0x06032610                slRparaInitSet
 SLPROG         0x06032680       0x7e D:/joengine-master/Compiler/COMMON/SGL_302j/LIB_ELF/LIBSGL.A(sglB039.o)
                0x06032680                slMakeKtable
 *fill*         0x060326fe        0x2 
 SLPROG         0x06032700       0x58 D:/joengine-master/Compiler/COMMON/SGL_302j/LIB_ELF/LIBSGL.A(sglB040.o)
                0x06032700                slKtableRA
 *fill*         0x06032758        0x8 
 SLPROG         0x06032760       0x5c D:/joengine-master/Compiler/COMMON/SGL_302j/LIB_ELF/LIBSGL.A(sglB041.o)
                0x06032760                slKtableRB
 *fill*         0x060327bc        0x4 
 SLPROG         0x060327c0       0x10 D:/joengine-master/Compiler/COMMON/SGL_302j/LIB_ELF/LIBSGL.A(sglB042.o)
                0x060327c0                slCurRpara
 SLPROG         0x060327d0        0x8 D:/joengine-master/Compiler/COMMON/SGL_302j/LIB_ELF/LIBSGL.A(sglB043.o)
                0x060327d0                slRparaMode
 *fill*         0x060327d8        0x8 
 SLPROG         0x060327e0      0x4e4 D:/joengine-master/Compiler/COMMON/SGL_302j/LIB_ELF/LIBSGL.A(sglB044.o)
                0x060327e0                slScrMatSet
 *fill*         0x06032cc4        0xc 
 SLPROG         0x06032cd0       0x28 D:/joengine-master/Compiler/COMMON/SGL_302j/LIB_ELF/LIBSGL.A(sglB045.o)
                0x06032cd0                slScrMatConv
 *fill*         0x06032cf8        0x8 
 SLPROG         0x06032d00        0xc D:/joengine-master/Compiler/COMMON/SGL_302j/LIB_ELF/LIBSGL.A(sglB047.o)
                0x06032d00                slOverRA
 *fill*         0x06032d0c        0x4 
 SLPROG         0x06032d10       0x10 D:/joengine-master/Compiler/COMMON/SGL_302j/LIB_ELF/LIBSGL.A(sglB048.o)
                0x06032d10                slOverRB
 SLPROG         0x06032d20        0xc D:/joengine-master/Compiler/COMMON/SGL_302j/LIB_ELF/LIBSGL.A(sglB055.o)
                0x06032d20                slPlaneNbg0
 *fill*         0x06032d2c        0x4 
 SLPROG         0x06032d30        0xc D:/joengine-master/Compiler/COMMON/SGL_302j/LIB_ELF/LIBSGL.A(sglB056.o)
                0x06032d30                slPlaneNbg1
 *fill*         0x06032d3c        0x4 
 SLPROG         0x06032d40       0x10 D:/joengine-master/Compiler/COMMON/SGL_302j/LIB_ELF/LIBSGL.A(sglB057.o)
                0x06032d40                slPlaneNbg2
 SLPROG         0x06032d50       0x10 D:/joengine-master/Compiler/COMMON/SGL_302j/LIB_ELF/LIBSGL.A(sglB058.o)
                0x06032d50                slPlaneNbg3
 SLPROG         0x06032d60        0xc D:/joengine-master/Compiler/COMMON/SGL_302j/LIB_ELF/LIBSGL.A(sglB059.o)
                0x06032d60                slPlaneRA
 *fill*         0x06032d6c        0x4 
 SLPROG         0x06032d70       0x10 D:/joengine-master/Compiler/COMMON/SGL_302j/LIB_ELF/LIBSGL.A(sglB060.o)
                0x06032d70                slPlaneRB
 SLPROG         0x06032d80        0xc D:/joengine-master/Compiler/COMMON/SGL_302j/LIB_ELF/LIBSGL.A(sglB063.o)
                0x06032d80                slPriority
 *fill*         0x06032d8c        0x4 
 SLPROG         0x06032d90       0x18 D:/joengine-master/Compiler/COMMON/SGL_302j/LIB_ELF/LIBSGL.A(sglB087.o)
                0x06032d90                slLineScrollTable0
 *fill*         0x06032da8        0x8 
 SLPROG         0x06032db0        0x8 D:/joengine-master/Compiler/COMMON/SGL_302j/LIB_ELF/LIBSGL.A(sglB088.o)
                0x06032db0                slLineScrollTable1
 *fill*         0x06032db8        0x8 
 SLPROG         0x06032dc0        0xc D:/joengine-master/Compiler/COMMON/SGL_302j/LIB_ELF/LIBSGL.A(sglB090.o)
                0x06032dc0                slLineScrollMode
 *fill*         0x06032dcc        0x4 
 SLPROG         0x06032dd0      0x114 D:/joengine-master/Compiler/COMMON/SGL_302j/LIB_ELF/LIBSGL.A(sglB200.o)
                0x06032dd0                slCharRbg0
                0x06032ddc                slCharNbg0
                0x06032de8                slCharNbg1
                0x06032df4                slCharNbg2
                0x06032e0a                slCharNbg3
                0x06032e22                slPageRbg0
                0x06032e38                slPageNbg1
                0x06032e40                slPageNbg2
                0x06032e48                slPageNbg3
                0x06032e54                slPageNbg0
 *fill*         0x06032ee4        0xc 
 SLPROG         0x06032ef0       0x6c D:/joengine-master/Compiler/COMMON/SGL_302j/LIB_ELF/LIBSGL.A(sglC01.o)
                0x06032ef0                slPerspective
 *fill*         0x06032f5c        0x4 
 SLPROG         0x06032f60       0xc4 D:/joengine-master/Compiler/COMMON/SGL_302j/LIB_ELF/LIBSGL.A(sglC03.o)
                0x06032f60                slWindow
 *fill*         0x06033024        0xc 
 SLPROG         0x06033030       0x2c D:/joengine-master/Compiler/COMMON/SGL_302j/LIB_ELF/LIBSGL.A(sglC04.o)
                0x06033030                slZdspLevel
 *fill*         0x0603305c        0x4 
 SLPROG         0x06033060       0x78 D:/joengine-master/Compiler/COMMON/SGL_302j/LIB_ELF/LIBSGL.A(sglC05.o)
                0x06033060                slSetSprite
 *fill*         0x060330d8        0x8 
 SLPROG         0x060330e0       0xfa D:/joengine-master/Compiler/COMMON/SGL_302j/LIB_ELF/LIBSGL.A(sglC06.o)
                0x060330e0                slDispSprite
 *fill*         0x060331da        0x6 
 SLPROG         0x060331e0      0x162 D:/joengine-master/Compiler/COMMON/SGL_302j/LIB_ELF/LIBSGL.A(sglC07.o)
                0x060331e6                slPutSprite
 *fill*         0x06033342        0xe 
 SLPROG         0x06033350     0x1218 D:/joengine-master/Compiler/COMMON/SGL_302j/LIB_ELF/LIBSGL.A(sglC08.o)
                0x06033350                slPutPolygon
                0x06033fcc                MsCalcDepthFlat
 *fill*         0x06034568        0x8 
 SLPROG         0x06034570       0x8c D:/joengine-master/Compiler/COMMON/SGL_302j/LIB_ELF/LIBSGL.A(sglC14.o)
                0x06034570                slCurWindow
 *fill*         0x060345fc        0x4 
 SLPROG         0x06034600       0x54 D:/joengine-master/Compiler/COMMON/SGL_302j/LIB_ELF/LIBSGL.A(sglC16.o)
                0x06034600                slDynamicFrame
 *fill*         0x06034654        0xc 
 SLPROG         0x06034660       0x4c D:/joengine-master/Compiler/COMMON/SGL_302j/LIB_ELF/LIBSGL.A(sglC17.o)
                0x06034660                slDispSpriteHV
 *fill*         0x060346ac        0x4 
 SLPROG         0x060346b0       0xd4 D:/joengine-master/Compiler/COMMON/SGL_302j/LIB_ELF/LIBSGL.A(sglC19.o)
                0x060346b0                slDispSprite4P
 *fill*         0x06034784        0xc 
 SLPROG         0x06034790       0x40 D:/joengine-master/Compiler/COMMON/SGL_302j/LIB_ELF/LIBSGL.A(sglC20.o)
                0x06034790                SpriteEntry
 SLPROG         0x060347d0      0x4ae D:/joengine-master/Compiler/COMMON/SGL_302j/LIB_ELF/LIBSGL.A(sglC21.o)
                0x06034858                RotSprite
                0x060348e6                SetSprPosition
 *fill*         0x06034c7e        0x2 
 SLPROG         0x06034c80       0x84 D:/joengine-master/Compiler/COMMON/SGL_302j/LIB_ELF/LIBSGL.A(sglD00.o)
                0x06034c80                slCpuDMACopy
                0x06034c80                slDMACopy
                0x06034cda                CSH_AllClr
                0x06034cda                slCashPurge
 *fill*         0x06034d04        0xc 
 SLPROG         0x06034d10       0xa0 D:/joengine-master/Compiler/COMMON/SGL_302j/LIB_ELF/LIBSGL.A(sglD01.o)
                0x06034d10                slDMAXCopy
 SLPROG         0x06034db0       0x10 D:/joengine-master/Compiler/COMMON/SGL_302j/LIB_ELF/LIBSGL.A(sglD02.o)
                0x06034db0                slDMAWait
 SLPROG         0x06034dc0        0xc D:/joengine-master/Compiler/COMMON/SGL_302j/LIB_ELF/LIBSGL.A(sglD03.o)
                0x06034dc0                slDMAStatus
 *fill*         0x06034dcc        0x4 
 SLPROG         0x06034dd0       0x20 D:/joengine-master/Compiler/COMMON/SGL_302j/LIB_ELF/LIBSGL.A(sglD15.o)
                0x06034dd0                CSH_Purge
 SLPROG         0x06034df0       0x84 D:/joengine-master/Compiler/COMMON/SGL_302j/LIB_ELF/LIBSGL.A(sglD16.o)
                0x06034df0                DMA_ScuSetPrm
                0x06034e38                DMA_SCU_PRM0
 *fill*         0x06034e74        0xc 
 SLPROG         0x06034e80       0x88 D:/joengine-master/Compiler/COMMON/SGL_302j/LIB_ELF/LIBSGL.A(sglD17.o)
                0x06034e80                DMA_ScuStart
 *fill*         0x06034f08        0x8 
 SLPROG         0x06034f10       0x34 D:/joengine-master/Compiler/COMMON/SGL_302j/LIB_ELF/LIBSGL.A(sglD18.o)
                0x06034f10                DMA_ScuGetStatus
 *fill*         0x06034f44        0xc 
 SLPROG         0x06034f50       0x34 D:/joengine-master/Compiler/COMMON/SGL_302j/LIB_ELF/LIBSGL.A(sglF08.o)
                0x06034f50                slDec2Hex
 *fill*         0x06034f84        0xc 
 SLPROG         0x06034f90      0xfc8 D:/joengine-master/Compiler/COMMON/SGL_302j/LIB_ELF/LIBSGL.A(sglH00.o)
                0x06034fa8                slGetPortDir1
                0x06034fb0                slGetPortDir2
                0x06034fb8                slSetPortDir1
                0x06034fe2                slSetPortDir2
                0x0603501c                slGetPortData1
                0x06035024                slGetPortData2
                0x0603502c                slSetPortData1
                0x06035036                slSetPortData2
                0x06035048                slGetPortSelect1
                0x06035052                slGetPortSelect2
                0x0603505c                slSetPortSelect1
                0x06035090                slSetPortSelect2
                0x060350cc                slGetPortExt1
                0x060350d6                slGetPortExt2
                0x060350e0                slSetPortExt1
                0x06035110                slSetPortExt2
                0x06035284                slSmpcDirectAccess
                0x06035304                slInitPeripheral
                0x06035396                slSetResultBuffer
                0x06035422                slCheckIntBackSet
                0x0603542e                slIntBackCancel
                0x06035458                slCheckReset
                0x06035462                slClearReset
                0x06035628                slSmpcCashSend
                0x060356e4                slSmpcCashBlow
                0x060357c0                slGetOptimize
                0x060357ca                slSetOptimize
                0x060357f0                slGetPortMode1
                0x060357fc                slGetPortMode2
                0x0603580a                slSetPortMode1
                0x06035848                slSetPortMode2
                0x060359d4                slRequestCommand
                0x06035a44                Smpc_Status
                0x06035a48                Smpc_Result
                0x06035a4c                Smpc_Peripheral
                0x06035a52                Per_Connect1
                0x06035a53                Per_Connect2
                0x06035a74                SmpcStatusBuf
 *fill*         0x06035f58        0x8 
 SLPROG         0x06035f60       0xa8 D:/joengine-master/Compiler/COMMON/SGL_302j/LIB_ELF/LIBSGL.A(sglH01.o)
                0x06035f60                slGetLanguage
                0x06035f6a                slSetLanguage
                0x06035f8c                slGetSoundEffect
                0x06035f98                slSetSoundEffect
                0x06035fb4                slGetSoundOutput
                0x06035fc0                slSetSoundOutput
                0x06035fdc                slGetHelpWindow
                0x06035fe8                slSetHelpWindow
 *fill*         0x06036008        0x8 
 SLPROG         0x06036010      0x470 D:/joengine-master/Compiler/COMMON/SGL_302j/LIB_ELF/LIBSGL.A(sglH02.o)
                0x06036400                smpc_pfr_tbl
                0x06036440                smpc_ptf_tbl
 SLPROG         0x06036480       0x60 D:/joengine-master/Compiler/COMMON/SGL_302j/LIB_ELF/LIBSGL.A(sglH04.o)
                0x06036480                slComPrmIntBack
                0x06036494                slComPrmSetMemory
                0x060364aa                slComPrmSetTime
 SLPROG         0x060364e0      0x3a4 D:/joengine-master/Compiler/COMMON/SGL_302j/LIB_ELF/LIBSGL.A(sglI01.o)
                0x060364e0                slInitSynch
                0x060364fa                slSynch
                0x060365f0                slRandom
                0x0603660e                PCM_EndCheck
                0x060366ca                RetPCMBuf
                0x06036764                PCM_Buf
                0x06036804                Sound_Buf
 *fill*         0x06036884        0xc 
 SLPROG         0x06036890       0x10 D:/joengine-master/Compiler/COMMON/SGL_302j/LIB_ELF/LIBSGL.A(sglI04.o)
                0x06036890                slIntFunction
 SLPROG         0x060368a0       0x74 D:/joengine-master/Compiler/COMMON/SGL_302j/LIB_ELF/LIBSGL.A(sglJ00.o)
                0x060368a0                InitSlaveSH
                0x06036908                SlaveCommand
 *fill*         0x06036914        0xc 
 SLPROG         0x06036920      0x3d0 D:/joengine-master/Compiler/COMMON/SGL_302j/LIB_ELF/LIBSGL.A(sglJ01.o)
                0x06036920                SlaveControl
                0x06036cdc                ErasePolygonData
 SLPROG         0x06036cf0     0x12b8 D:/joengine-master/Compiler/COMMON/SGL_302j/LIB_ELF/LIBSGL.A(sglJ02.o)
                0x06036cf0                sbMakePolygon
                0x06036ed8                sbCalcPolygon
                0x06037c10                SetTexture
                0x06037c1c                SetPolygon
                0x06037c24                SetPosition
                0x06037c5c                stvtc_4
                0x06037d14                stvtc_3
                0x06037f24                stvtc_1
                0x06037f38                stvtc_2
                0x06037f4c                stvtc_0
 *fill*         0x06037fa8        0x8 
 SLPROG         0x06037fb0      0x140 D:/joengine-master/Compiler/COMMON/SGL_302j/LIB_ELF/LIBSGL.A(sglJ03.o)
                0x06037fb0                sbMakeDMATable
 SLPROG         0x060380f0      0x470 D:/joengine-master/Compiler/COMMON/SGL_302j/LIB_ELF/LIBSGL.A(sglJ04.o)
                0x0603814e                sbMakeSprite
                0x060381b4                sbMakeRotSprite
 SLPROG         0x06038560       0x3c D:/joengine-master/Compiler/COMMON/SGL_302j/LIB_ELF/LIBSGL.A(sglJ05.o)
                0x06038560                sbSortEntry
 *fill*         0x0603859c        0x4 
 SLPROG         0x060385a0      0x4b8 D:/joengine-master/Compiler/COMMON/SGL_302j/LIB_ELF/LIBSGL.A(sglM00.o)
                0x060385a0                slInitGouraud
                0x06038694                slPutPolygonX
                0x060386da                slGouraudTblCopy
                0x06038732                slSetGouraudTbl
                0x06038738                slSetGouraudColor
                0x060387b0                slSetAmbient
                0x060387d4                slSetFlatColor
 *fill*         0x06038a58        0x8 
 SLPROG         0x06038a60       0x6a D:/joengine-master/Compiler/COMMON/SGL_302j/LIB_ELF/LIBSGL.A(sglM01.o)
                0x06038a60                slSetDepthLimit
                0x06038a8c                slSetDepthTbl