Archive member included to satisfy reference by file (symbol)

/joe/Compiler/COMMON/SGL_302j/LIB_ELF/SEGA_SYS.A(sys_exit.o)
                              jo_engine/core.o (symbol from plugin) (SYS_Exit)
/joe/Compiler/COMMON/SGL_302j/LIB_ELF/SEGA_SYS.A(sys_sub.o)
                              /joe/Compiler/COMMON/SGL_302j/LIB_ELF/SEGA_SYS.A(sys_exit.o) (SYSUB_SetStackptr)
/joe/Compiler/COMMON/SGL_302j/LIB_ELF/LIBCD.A(CDC_CMN.O)
                              /joe/Compiler/COMMON/SGL_302j/LIB_ELF/SEGA_SYS.A(sys_exit.o) (CDC_GetCurStat)
/joe/Compiler/COMMON/SGL_302j/LIB_ELF/LIBCD.A(CDC_DRV.O)
                              pcmsys.o (symbol from plugin) (CDC_CdPlay)
/joe/Compiler/COMMON/SGL_302j/LIB_ELF/LIBCD.A(CDC_CFS.O)
                              /joe/Compiler/COMMON/SGL_302j/LIB_ELF/SEGA_SYS.A(sys_exit.o) (CDC_ChgDir)
/joe/Compiler/COMMON/SGL_302j/LIB_ELF/LIBCD.A(CDC_REG.O)
                              /joe/Compiler/COMMON/SGL_302j/LIB_ELF/SEGA_SYS.A(sys_exit.o) (CDC_GetHirqReq)
/joe/Compiler/COMMON/SGL_302j/LIB_ELF/LIBCD.A(CDC_SUB.O)
                              /joe/Compiler/COMMON/SGL_302j/LIB_ELF/LIBCD.A(CDC_CMN.O) (CDSUB_UpdStatus)
/joe/Compiler/COMMON/SGL_302j/LIB_ELF/LIBCD.A(GFS.O)
                              pcmsys.o (symbol from plugin) (GFS_Init)
/joe/Compiler/COMMON/SGL_302j/LIB_ELF/LIBCD.A(GFS_BUF.O)
                              /joe/Compiler/COMMON/SGL_302j/LIB_ELF/LIBCD.A(GFS.O) (GFBF_GetNumData)
/joe/Compiler/COMMON/SGL_302j/LIB_ELF/LIBCD.A(GFS_CDB.O)
                              /joe/Compiler/COMMON/SGL_302j/LIB_ELF/LIBCD.A(GFS.O) (GFCB_Close)
/joe/Compiler/COMMON/SGL_302j/LIB_ELF/LIBCD.A(GFS_CDC.O)
                              /joe/Compiler/COMMON/SGL_302j/LIB_ELF/LIBCD.A(GFS.O) (GFCD_SetCdbfs)
/joe/Compiler/COMMON/SGL_302j/LIB_ELF/LIBCD.A(GFS_CDF.O)
                              /joe/Compiler/COMMON/SGL_302j/LIB_ELF/LIBCD.A(GFS.O) (GFCF_Init)
/joe/Compiler/COMMON/SGL_302j/LIB_ELF/LIBCD.A(GFS_DIR.O)
                              /joe/Compiler/COMMON/SGL_302j/LIB_ELF/LIBCD.A(GFS.O) (GFDR_SetupDirTbl)
/joe/Compiler/COMMON/SGL_302j/LIB_ELF/LIBCD.A(GFS_TRN.O)
                              /joe/Compiler/COMMON/SGL_302j/LIB_ELF/LIBCD.A(GFS.O) (GFTR_Setup)
/joe/Compiler/COMMON/SGL_302j/LIB_ELF/LIBCD.A(CDC_DEV.O)
                              /joe/Compiler/COMMON/SGL_302j/LIB_ELF/LIBCD.A(GFS_CDC.O) (CDC_CdSetCon)
/joe/Compiler/COMMON/SGL_302j/LIB_ELF/LIBCD.A(CDC_SEL.O)
                              /joe/Compiler/COMMON/SGL_302j/LIB_ELF/LIBCD.A(GFS_CDC.O) (CDC_SetFiltRange)
/joe/Compiler/COMMON/SGL_302j/LIB_ELF/LIBCD.A(CDC_BIF.O)
                              /joe/Compiler/COMMON/SGL_302j/LIB_ELF/LIBCD.A(GFS_CDC.O) (CDC_GetBufSiz)
/joe/Compiler/COMMON/SGL_302j/LIB_ELF/LIBCD.A(CDC_BIO.O)
                              /joe/Compiler/COMMON/SGL_302j/LIB_ELF/LIBCD.A(GFS_CDC.O) (CDC_SetSctLen)
/joe/Compiler/COMMON/SGL_302j/LIB_ELF/LIBSGL.A(sglA01.o)
                              jo_engine/math.o (symbol from plugin) (slSin)
/joe/Compiler/COMMON/SGL_302j/LIB_ELF/LIBSGL.A(sglA15.o)
                              jo_engine/slave.o (symbol from plugin) (slSlaveFunc)
/joe/Compiler/COMMON/SGL_302j/LIB_ELF/LIBSGL.A(sglA16.o)
                              main.o (symbol from plugin) (slLookAt)
/joe/Compiler/COMMON/SGL_302j/LIB_ELF/LIBSGL.A(sglA17.o)
                              /joe/Compiler/COMMON/SGL_302j/LIB_ELF/LIBSGL.A(sglA16.o) (slRotZ)
/joe/Compiler/COMMON/SGL_302j/LIB_ELF/LIBSGL.A(sglA18.o)
                              main.o (symbol from plugin) (slRotY)
/joe/Compiler/COMMON/SGL_302j/LIB_ELF/LIBSGL.A(sglA19.o)
                              main.o (symbol from plugin) (slRotX)
/joe/Compiler/COMMON/SGL_302j/LIB_ELF/LIBSGL.A(sglA20.o)
                              main.o (symbol from plugin) (slUnitMatrix)
/joe/Compiler/COMMON/SGL_302j/LIB_ELF/LIBSGL.A(sglA21.o)
                              main.o (symbol from plugin) (slPushMatrix)
/joe/Compiler/COMMON/SGL_302j/LIB_ELF/LIBSGL.A(sglA27.o)
                              /joe/Compiler/COMMON/SGL_302j/LIB_ELF/LIBSGL.A(sglA16.o) (slTranslate)
/joe/Compiler/COMMON/SGL_302j/LIB_ELF/LIBSGL.A(sglA28.o)
                              main.o (symbol from plugin) (slScale)
/joe/Compiler/COMMON/SGL_302j/LIB_ELF/LIBSGL.A(sglA40.o)
                              main.o (symbol from plugin) (slCalcVector)
/joe/Compiler/COMMON/SGL_302j/LIB_ELF/LIBSGL.A(sglB001.o)
                              main.o (symbol from plugin) (slTVOn)
/joe/Compiler/COMMON/SGL_302j/LIB_ELF/LIBSGL.A(sglB011.o)
                              jo_engine/vdp2.o (symbol from plugin) (slBitMapNbg1)
/joe/Compiler/COMMON/SGL_302j/LIB_ELF/LIBSGL.A(sglB014.o)
                              jo_engine/vdp2.o (symbol from plugin) (slScrTransparent)
/joe/Compiler/COMMON/SGL_302j/LIB_ELF/LIBSGL.A(sglB015.o)
                              jo_engine/vdp2.o (symbol from plugin) (slScrAutoDisp)
/joe/Compiler/COMMON/SGL_302j/LIB_ELF/LIBSGL.A(sglB016.o)
[...]
Memory Configuration

Name             Origin             Length             Attributes
*default*        0x0000000000000000 0xffffffffffffffff

Linker script and memory map


SLSTART         0x0000000006004000       0x30
                0x0000000006004000                ___Start = .
 *(SLSTART)
 SLSTART        0x0000000006004000       0x28 /joe/Compiler/COMMON/SGL_302j/LIB_ELF/LIBSGL.A(sglI00.o)
                0x0000000006004000                SGL_Start
                0x0000000006004002                slStartSGL

.text           0x0000000006004040    0x26700
 *(.text)
 .text          0x0000000006004040        0x0 /joe/Compiler/COMMON/SGL_302j/LIB_ELF/SGLAREA.O
 .text          0x0000000006004040     0x82f8 /tmp/ccPkc5Zk.ltrans0.ltrans.o
                0x0000000006004684                jo_sprite_draw.constprop.39
                0x00000000060047c8                jo_nbg2_print.constprop.38
                0x0000000006004854                render_CLUT_sprite_MESH.constprop.37
                0x00000000060048a0                __jo_core_set_screens_order.constprop.36
                0x0000000006004970                CDDAPlaySingle.constprop.31
                0x00000000060049ac                jo_free
                0x00000000060049d4                jo_vdp2_clear_bitmap_nbg1.constprop.23
                0x0000000006004a44                jo_backup_unmount.constprop.12
                0x0000000006004adc                jo_vdp2_malloc
                0x0000000006004c80                jo_vdp2_free
                0x0000000006004e78                jo_vdp2_disable_rbg0
                0x0000000006005058                __jo_create_map.lto_priv.574
                0x00000000060050d0                jo_img_to_vdp2_cells
                0x0000000006005178                jo_set_default_background_color
                0x00000000060053a8                jo_sprite_free_from
                0x00000000060055e0                jo_strlen
                0x0000000006005644                jo_getdate
                0x0000000006005718                jo_malloc_with_behaviour
                0x0000000006005d6c                load_textures.constprop.25
                0x0000000006005da8                jo_backup_mount.constprop.7
                0x0000000006005fbc                jo_random
                0x000000000600602c                jo_atan2f_rad
                0x00000000060061f0                load_binary.constprop.29
                0x0000000006006db0                jo_fixed_cos
                0x0000000006006e0c                jo_fixed_sin
                0x000000000600725c                __jo_tga_any_loader
                0x0000000006007424                jo_sprite_add_tga.constprop.24
                0x0000000006007598                _realloc_r
                0x000000000600763c                _calloc_r
                0x0000000006007670                _free_r
                0x00000000060076a0                _malloc_r
                0x0000000006007714                mnet_send_remove_local_player
                0x0000000006007790                mnet_tick
                0x0000000006008e64                lobby_screen
                0x000000000600a794                connecting_screen
 .text          0x000000000600c338     0xd400 /tmp/ccPkc5Zk.ltrans1.ltrans.o
                0x000000000600d16c                my_vblank
                0x000000000600fa00                CDDAStop
                0x000000000600fa1c                load_16bit_pcm
                0x000000000600fb7c                pcm_cease
                0x000000000600fba4                pcm_play
                0x0000000006013850                init_3d_planes
                0x0000000006013d90                load_trackmap
                0x0000000006013dcc                load_preview
                0x0000000006013e08                load_level
                0x0000000006015268                load_car
                0x0000000006016a98                gameLoop
 .text          0x0000000006019738     0x3038 /tmp/ccPkc5Zk.ltrans2.ltrans.o
                0x0000000006019738                saturn_transport_send.lto_priv.451
                0x0000000006019790                saturn_transport_rx_byte.lto_priv.450
                0x00000000060197a4                saturn_transport_rx_ready.lto_priv.449
                0x00000000060197c0                draw_powerups
                0x00000000060198c8                create_particles
                0x000000000601999c                computeLight
                0x0000000006019a0c                create_player
                0x0000000006019c4c                set_player_position
                0x0000000006019d94                getSeconds
                0x0000000006019e18                apply_player_gravity
                0x0000000006019e70                init_1p_display
                0x0000000006019ef8                init_2p_display
                0x0000000006019f88                stop_engine_sound
                0x0000000006019ff4                stop_sounds
                0x000000000601a074                reset_to_last_checkpoint
                0x000000000601a16c                reset_demo
                0x000000000601a374                render_CLUT_sprite
                0x000000000601a3c4                ztClearText
                0x000000000601a410                transition_to_end_level
                0x000000000601a5b0                mmm_get_p2_port
                0x000000000601aa8c                saturn_uart_puts.lto_priv.441
                0x000000000601aae0                modem_read_line.lto_priv.442
                0x000000000601ac90                modem_escape_to_command.lto_priv.445.lto_priv.447
                0x000000000601b31c                saturn_uart_init.lto_priv.443
                0x000000000601b3d4                saturn_uart_set_baud.lto_priv.444
                0x000000000601bc08                saturn_uart_flush_rx.lto_priv.448
                0x000000000601bc54                saturn_uart_loopback_test.lto_priv.453.lto_priv.455
                0x000000000601bd1c                saturn_uart_read_raw.lto_priv.456.lto_priv.458
                0x000000000601bd98                saturn_uart_getc_timeout.lto_priv.459.lto_priv.461
                0x000000000601bdcc                saturn_uart_getc.lto_priv.462.lto_priv.464
                0x000000000601bdf8                saturn_uart_putc.lto_priv.465.lto_priv.467
                0x000000000601be34                saturn_uart_read_iir.lto_priv.468.lto_priv.470
                0x000000000601be4c                saturn_uart_read_msr.lto_priv.471.lto_priv.473
                0x000000000601be6c                saturn_uart_read_lsr.lto_priv.474.lto_priv.476
                0x000000000601be88                saturn_uart_clear_errors.lto_priv.477.lto_priv.479
                0x000000000601bea8                saturn_uart_rx_error.lto_priv.480.lto_priv.482
                0x000000000601bec8                saturn_uart_rx_ready.lto_priv.483.lto_priv.485
                0x000000000601bee4                saturn_uart_tx_ready.lto_priv.486.lto_priv.488
                0x000000000601bfc4                saturn_uart_detect.lto_priv.328
                0x000000000601c050                saturn_uart_reg_write.lto_priv.489.lto_priv.491
                0x000000000601c068                saturn_uart_reg_read.lto_priv.492.lto_priv.494
                0x000000000601c084                saturn_netlink_smpc_disable.lto_priv.495.lto_priv.497
                0x000000000601c0b0                saturn_netlink_smpc_enable.lto_priv.452
                0x000000000601c13c                saturn_smpc_command.lto_priv.498.lto_priv.500
                0x000000000601c164                mnet_encode_lap_complete.lto_priv.341.lto_priv.344
                0x000000000601c18c                mnet_encode_client_log.lto_priv.337.lto_priv.340
                0x000000000601c234                mnet_encode_leaderboard_req.lto_priv.345.lto_priv.348
                0x000000000601c244                mnet_encode_remove_local_player.lto_priv.349.lto_priv.352
                0x000000000601c254                mnet_encode_add_local_player.lto_priv.329.lto_priv.332
                0x000000000601c2d8                mnet_encode_powerup_pickup.lto_priv.353.lto_priv.356
                0x000000000601c2ec                mnet_encode_player_state_p2.lto_priv.357.lto_priv.360
                0x000000000601c384                mnet_encode_player_state.lto_priv.361.lto_priv.364
                0x000000000601c414                mnet_encode_input_state_p2.lto_priv.365.lto_priv.368
                0x000000000601c440                mnet_encode_input_state.lto_priv.369.lto_priv.372
                0x000000000601c468                mnet_encode_car_select.lto_priv.373.lto_priv.376
                0x000000000601c47c                mnet_encode_start_game.lto_priv.377.lto_priv.380
                0x000000000601c48c                mnet_encode_ready.lto_priv.381.lto_priv.384
                0x000000000601c49c                mnet_encode_heartbeat.lto_priv.385.lto_priv.388
                0x000000000601c4ac                mnet_encode_disconnect.lto_priv.389.lto_priv.392
                0x000000000601c4bc                mnet_encode_set_username.lto_priv.333.lto_priv.336
                0x000000000601c53c                mnet_encode_connect_uuid.lto_priv.393.lto_priv.396
                0x000000000601c55c                mnet_encode_connect.lto_priv.397.lto_priv.400
                0x000000000601c56c                mnet_read_string.lto_priv.401.lto_priv.404
                0x000000000601c5b4                mnet_rx_poll.lto_priv.405.lto_priv.440
                0x000000000601c664                mnet_rx_init.lto_priv.408.lto_priv.411
                0x000000000601c674                mnet_send_frame.lto_priv.412.lto_priv.415
                0x000000000601c6b4                net_transport_is_connected.lto_priv.416.lto_priv.419
                0x000000000601c6cc                net_transport_send.lto_priv.420.lto_priv.423
                0x000000000601c6e0                net_transport_rx_byte.lto_priv.424.lto_priv.427
                0x000000000601c6f4                net_transport_rx_ready.lto_priv.428.lto_priv.431
                0x000000000601c708                get_gbr.lto_priv.53.lto_priv.77
                0x000000000601c710                set_gbr.lto_priv.78.lto_priv.102
                0x000000000601c718                get_vbr.lto_priv.103.lto_priv.127
                0x000000000601c720                set_vbr.lto_priv.128.lto_priv.152
                0x000000000601c728                set_imask.lto_priv.153.lto_priv.177
                0x000000000601c73c                get_imask.lto_priv.178.lto_priv.202
                0x000000000601c748                get_sr.lto_priv.203.lto_priv.227
                0x000000000601c750                set_sr.lto_priv.228.lto_priv.252
                0x000000000601c758                tas.lto_priv.253.lto_priv.277
                0x000000000601c760                sleep.lto_priv.278.lto_priv.302
                0x000000000601c768                nop.lto_priv.303.lto_priv.327
 .text          0x000000000601c770      0x238 /joe/Compiler/COMMON/SGL_302j/LIB_ELF/SEGA_SYS.A(sys_exit.o)
                0x000000000601c770                sys_version
                0x000000000601c790                SYS_Exit
 *fill*         0x000000000601c9a8        0x8 
 .text          0x000000000601c9b0        0x6 /joe/Compiler/COMMON/SGL_302j/LIB_ELF/SEGA_SYS.A(sys_sub.o)
                0x000000000601c9b0                SYSUB_SetStackptr
 *fill*         0x000000000601c9b6        0xa 
 .text          0x000000000601c9c0      0x3a0 /joe/Compiler/COMMON/SGL_302j/LIB_ELF/LIBCD.A(CDC_CMN.O)
                0x000000000601c9c0                CDC_GetCurStat
                0x000000000601ca10                CDC_GetLastStat
                0x000000000601ca28                CDC_GetPeriStat
                0x000000000601cafc                CDC_GetHwInfo
                0x000000000601cb64                CDC_TgetToc
                0x000000000601cbb4                CDC_GetSes
                0x000000000601cbf0                CDC_CdInit
                0x000000000601cc74                CDC_CdOpen
                0x000000000601cc9c                CDC_DataReady
                0x000000000601cd08                CDC_DataEnd
 .text          0x000000000601cd60      0x130 /joe/Compiler/COMMON/SGL_302j/LIB_ELF/LIBCD.A(CDC_DRV.O)
                0x000000000601cd60                CDC_CdPlay
                0x000000000601ce2c                CDC_CdSeek
                0x000000000601ce60                CDC_CdScan
 .text          0x000000000601ce90      0x194 /joe/Compiler/COMMON/SGL_302j/LIB_ELF/LIBCD.A(CDC_CFS.O)
                0x000000000601ce90                CDC_ChgDir
                0x000000000601cec4                CDC_ReadDir
                0x000000000601cef8                CDC_GetFileScope
                0x000000000601cf58                CDC_TgetFileInfo
                0x000000000601cfb4                CDC_ReadFile
                0x000000000601cfe8                CDC_AbortFile
 *fill*         0x000000000601d024        0xc 
 .text          0x000000000601d030      0x2dc /joe/Compiler/COMMON/SGL_302j/LIB_ELF/LIBCD.A(CDC_REG.O)
                0x000000000601d030                CDC_GetDataPtr
                0x000000000601d040                CDC_GetHirqReq
                0x000000000601d054                CDC_ClrHirqReq
                0x000000000601d084                CDREG_ClrHirqReq
                0x000000000601d094                CDREG_InitHirqReq
                0x000000000601d0bc                CDREG_SetHirqFlag
                0x000000000601d0d0                CDC_GetHirqMsk
                0x000000000601d0e4                CDC_SetHirqMsk
                0x000000000601d0f4                CDC_GetMpegPtr
                0x000000000601d104                CDREG_TgetData
                0x000000000601d160                CDREG_CmdRsp
                0x000000000601d260                CDREG_WaitHirq
                0x000000000601d2d0                CDREG_ReadRsp
 *fill*         0x000000000601d30c        0x4 
 .text          0x000000000601d310      0x152 /joe/Compiler/COMMON/SGL_302j/LIB_ELF/LIBCD.A(CDC_SUB.O)
                0x000000000601d310                CDSUB_UpdStatus
                0x000000000601d328                CDSUB_UpdCdstat
                0x000000000601d348                CDSUB_CdCmd
                0x000000000601d3b8                CDSUB_GetCdstat
                0x000000000601d3f8                CDSUB_RspToCdstat
                0x000000000601d440                CDSUB_SoftTimer
 *fill*         0x000000000601d462        0xe 
 .text          0x000000000601d470     0x1adc /joe/Compiler/COMMON/SGL_302j/LIB_ELF/LIBCD.A(GFS.O)
                0x000000000601d470                gfs_version
                0x000000000601d490                GFS_Init
                0x000000000601d578                GFS_LoadDir
                0x000000000601d620                GFS_SetDir
                0x000000000601d688                GFS_NameToId
                0x000000000601d6ec                GFS_IdToName
                0x000000000601d758                GFS_GetDirInfo
                0x000000000601d7c8                GFS_Reset
                0x000000000601d84c                GFS_Open
                0x000000000601d900                GFS_Close
                0x000000000601d938                GFS_Seek
                0x000000000601d9ec                GFS_Tell
                0x000000000601da3c                GFS_IsEof
                0x000000000601da90                GFS_ByteToSct
                0x000000000601daec                GFS_GetFileSize
                0x000000000601db48                GFS_GetFileInfo
                0x000000000601dbbc                GFS_GetNumCdbuf
                0x000000000601dbe4                GFS_Load
                0x000000000601dca8                GFS_Fread
                0x000000000601dd44                gfs_waitRead
                0x000000000601ddec                GFS_NwFread
                0x000000000601def8                GFS_NwCdRead
                0x000000000601df70                GFS_NwIsComplete
                0x000000000601dfa8                GFS_NwStop
                0x000000000601e014                GFS_NwGetStat
                0x000000000601e090                gfs_recovRdErr
                0x000000000601e0c0                GFS_NwExecOne
                0x000000000601e180                GFS_NwExecServer
                0x000000000601e1fc                GFS_SetGmode
                0x000000000601e260                GFS_SetTmode
                0x000000000601e2cc                GFS_SetReadPara
                0x000000000601e330                GFS_SetTransPara
                0x000000000601e39c                GFS_SetTrFunc
                0x000000000601e400                GFS_StartTrans
                0x000000000601e44c                GFS_CdMovePickup
                0x000000000601e4b8                GFS_SetErrFunc
                0x000000000601e4e4                GFS_GetErrStat
                0x000000000601e508                GFS_ConvTno
                0x000000000601e530                gfs_chgRoot
                0x000000000601e5fc                gfs_aborttrans
                0x000000000601e608                gfs_mngSetupFuncTbl
                0x000000000601e63c                gfs_mngInitWork
                0x000000000601e6e0                gfs_mngGetNumFile
                0x000000000601e748                GFS_mngAllocGrp
                0x000000000601e790                gfs_mngFreeGrp
                0x000000000601e79c                gfs_mngTermAccess
                0x000000000601e820                gfs_mngSetErrCode
                0x000000000601e8a0                gfs_svrSearchHndl
                0x000000000601e8e0                gfs_svrAddHndl
                0x000000000601e91c                gfs_svrRemoveHndl
                0x000000000601e978                GFS_OpenSub
                0x000000000601e9d0                gfs_loadVol
                0x000000000601ea94                gfs_getRootDir
                0x000000000601eb90                gfs_loadRootDir
                0x000000000601ec18                gfs_flowIn
                0x000000000601ecc0                gfs_transData
                0x000000000601ed64                GFS_GetFad
                0x000000000601edbc                gfs_SetSct
                0x000000000601edfc                gfs_GetFinfo
                0x000000000601ee3c                gfs_closeSub
                0x000000000601ee78                gfs_getGmode
                0x000000000601ee84                gfs_isTaskDone
                0x000000000601eed8                gfs_convFinStat
 *fill*         0x000000000601ef4c        0x4 
 .text          0x000000000601ef50      0x106 /joe/Compiler/COMMON/SGL_302j/LIB_ELF/LIBCD.A(GFS_BUF.O)
                0x000000000601ef80                GFBF_GetTranData
                0x000000000601efa8                GFBF_GetNumData
                0x000000000601efd8                GFBF_GetSrcPk
                0x000000000601f000                GFBF_GetSctData
                0x000000000601f024                GFBF_RtnPk
                0x000000000601f04c                gfbf_getSctDt
 *fill*         0x000000000601f056        0xa 
 .text          0x000000000601f060      0x600 /joe/Compiler/COMMON/SGL_302j/LIB_ELF/LIBCD.A(GFS_CDB.O)
                0x000000000601f060                GFCB_Setup
                0x000000000601f180                GFCB_Close
                0x000000000601f1a8                GFCB_GetLenData
                0x000000000601f254                GFCB_GetLenRoom
                0x000000000601f260                GFCB_SetFilt
                0x000000000601f2c8                GFCB_DeleteAllData
                0x000000000601f2f0                GFCB_Tell
                0x000000000601f300                gfcb_getSctNum
                0x000000000601f350                GFCB_Seek
                0x000000000601f44c                GFCB_GetSrcPack
                0x000000000601f52c                GFCB_GetSctData
                0x000000000601f564                GFCB_GetDstPack
                0x000000000601f570                GFCB_RtnPk
                0x000000000601f5b8                GFCB_MovePickup
                0x000000000601f5d4                GFCB_SetCon
                0x000000000601f608                GFCB_GetPickup
                0x000000000601f630                GFCB_IsPuOwner
                0x000000000601f648                GFCB_UngetPickup
 .text          0x000000000601f660     0x1a10 /joe/Compiler/COMMON/SGL_302j/LIB_ELF/LIBCD.A(GFS_CDC.O)
                0x000000000601f660                GFCD_SetCdbfs
                0x000000000601f68c                GFCD_Init
                0x000000000601f890                GFCD_AllocFilt
                0x000000000601f8cc                GFCD_FreeFilt
                0x000000000601f8fc                GFCD_AllocBuf
                0x000000000601f930                GFCD_FreeBuf
                0x000000000601f9d4                GFCD_GetBaseFad
                0x000000000601fa08                GFCD_GetPickup
                0x000000000601fa3c                GFCD_UngetPickup
                0x000000000601fa68                GFCD_IsPuOwner
                0x000000000601fa8c                GFCD_SetFilt
                0x000000000601fb50                GFCD_GetFilt
                0x000000000601fb98                GFCD_SetCon
                0x000000000601fbf0                GFCD_Play
                0x000000000601fc50                GFCD_GetLenData
                0x000000000601fcb8                GFCD_ReqData
                0x000000000601fd14                GFCD_EndData
                0x000000000601fd5c                GFCD_DelSctData
                0x000000000601fdb4                GFCD_CheckDelSctData
                0x000000000601fde4                GFCD_GetStat
                0x000000000601fe98                GFCD_MovePickup
                0x000000000601fee4                GFCD_MoveSctData
                0x000000000601ff58                GFCD_CheckMove
                0x000000000601ff7c                GFCD_GetSctInfo
                0x000000000601ffc4                GFCD_ChgDir
                0x0000000006020038                GFCD_SetFiltCon
                0x0000000006020120                GFCD_GetFileInfo
                0x00000000060201fc                GFCD_GetBufSiz
                0x0000000006020234                GFCD_ExecServer
                0x0000000006020308                gfcd_isIdleTask
                0x0000000006020394                gfcd_doTask
                0x0000000006020440                GFCD_SetTimer
                0x0000000006020454                GFCD_WaitServer
                0x0000000006020490                gfcd_doSetFiltTsk
                0x0000000006020654                gfcd_doSetConTsk
                0x00000000060206e4                gfcd_doGetLenDataTsk
                0x0000000006020838                gfcd_doReqDataTsk
                0x00000000060208d8                gfcd_doDelSctDataTsk
                0x0000000006020a0c                gfcd_doMoveSctTsk
                0x0000000006020b70                gfcd_doChgDirTsk
                0x0000000006020d6c                gfcd_doSetFiltConTsk
                0x0000000006020eb0                gfcd_checkEflag
                0x0000000006020ed4                gfcd_initCdbMng
                0x0000000006020f54                gfcd_setStat
                0x0000000006020f80                GFCD_SetCsctFunc
                0x0000000006020f9c                GFCD_ChkScdqFlag
                0x0000000006020fc0                GFCD_ClrScdqFlag
                0x0000000006020fdc                GFCD_WaitScdqFlag
                0x0000000006021020                GFCD_WaitPause
 .text          0x0000000006021070      0x8d8 /joe/Compiler/COMMON/SGL_302j/LIB_ELF/LIBCD.A(GFS_CDF.O)
                0x0000000006021070                GFCF_Init
                0x0000000006021110                GFCF_Setup
                0x0000000006021258                GFCF_SetSct
                0x000000000602129c                GFCF_GetFileInfo
                0x0000000006021310                GFCF_FlowInBuf
                0x0000000006021464                GFCF_StopInBuf
                0x0000000006021504                GFCF_Recover
                0x000000000602154c                GFCF_Tell
                0x0000000006021564                GFCF_Seek
                0x000000000602157c                GFCF_MovePickup
                0x0000000006021618                GFCF_cnvIntlvOfs
                0x000000000602166c                GFCF_GetStat
                0x0000000006021704                gfcf_getSctSize
                0x0000000006021740                gfcf_isCdOk
                0x0000000006021800                gfcf_getPlayRange
 *fill*         0x0000000006021948        0x8 
 .text          0x0000000006021950      0x92c /joe/Compiler/COMMON/SGL_302j/LIB_ELF/LIBCD.A(GFS_DIR.O)
                0x0000000006021950                GFDR_SetupDirTbl
                0x00000000060219c4                GFDR_NameToId
                0x0000000006021a24                GFDR_GetInfoDirId
                0x0000000006021a38                GFDR_GetInfoDirName
                0x0000000006021a4c                GFDR_GetAtrDirId
                0x0000000006021a64                GFDR_GetAtrDirName
                0x0000000006021a7c                GFDR_ChgRoot
                0x0000000006021a94                GFDR_ChgDir
                0x0000000006021b08                gfdr_setupDirIdTbl
                0x0000000006021b8c                gfdr_setupDirNameTbl
                0x0000000006021c38                gfdr_open
                0x0000000006021c60                gfdr_read
                0x0000000006021d20                gfdr_readByte
                0x0000000006021d4c                gfdr_readWord
                0x0000000006021d78                gfdr_readWordNB
                0x0000000006021dcc                gfdr_readLongNB
                0x0000000006021e18                gfdr_readLongNM
                0x0000000006021e40                gfdr_setNextRec
                0x0000000006021ec4                gfdr_readDirEnt
                0x0000000006022240                gfdr_setDirrecCd
 *fill*         0x000000000602227c        0x4 
 .text          0x0000000006022280      0x9c6 /joe/Compiler/COMMON/SGL_302j/LIB_ELF/LIBCD.A(GFS_TRN.O)
                0x00000000060222b0                GFTR_Setup
                0x00000000060222f4                GFTR_SetMode
                0x0000000006022308                GFTR_SetUnit
                0x0000000006022314                GFTR_SetTransPara
                0x0000000006022348                GFTR_GetTransPara
                0x0000000006022354                GFTR_GetNumTrans
                0x0000000006022360                GFTR_SetTransMax
                0x000000000602236c                GFTR_Start
                0x0000000006022378                GFTR_Pause
                0x0000000006022384                GFTR_Stop
                0x000000000602243c                GFTR_Exec
                0x00000000060224c0                GFTR_Idle
                0x0000000006022538                GFTR_ExecSvr
                0x0000000006022640                gftr_getSrcPack
                0x00000000060226c8                gftr_getDstPack
                0x0000000006022724                gftr_reqScu
                0x0000000006022730                gftr_execScu
                0x00000000060227cc                gftr_remScu
                0x0000000006022800                gfdma_canUse
                0x000000000602280c                gfdma_exec
                0x000000000602287c                gfdma_getBytecnt
                0x00000000060228b4                gftr_reqDma0
                0x00000000060228cc                gftr_execSdma0
                0x00000000060228f0                gftr_remDma0
                0x0000000006022908                gftr_reqDma1
                0x0000000006022920                gftr_execSdma1
                0x0000000006022944                gftr_remDma1
                0x000000000602295c                gftr_reqCpu
                0x0000000006022968                gftr_execCpu
                0x00000000060229a8                gftr_remCpu
                0x00000000060229b4                gftr_reqTrn
                0x0000000006022a24                gftr_execTrn
                0x0000000006022afc                gftr_remTrn
                0x0000000006022b70                gftr_copyFrac
                0x0000000006022b98                GFTR_GetLenData
                0x0000000006022ba4                GFTR_GetLenRoom
                0x0000000006022bbc                GFTR_GetDstPack
                0x0000000006022bf0                GFTR_RtnDstPk
                0x0000000006022c0c                GFTR_GetData
                0x0000000006022c20                GFTR_SetData
                0x0000000006022c34                GFTR_SetTransFunc
 *fill*         0x0000000006022c46        0xa 
 .text          0x0000000006022c50       0xa8 /joe/Compiler/COMMON/SGL_302j/LIB_ELF/LIBCD.A(CDC_DEV.O)
                0x0000000006022c50                CDC_CdSetCon
                0x0000000006022c80                CDC_CdGetCon
                0x0000000006022cbc                CDC_CdGetLastBuf
 *fill*         0x0000000006022cf8        0x8 
 .text          0x0000000006022d00      0x2b8 /joe/Compiler/COMMON/SGL_302j/LIB_ELF/LIBCD.A(CDC_SEL.O)
                0x0000000006022d00                CDC_SetFiltRange
                0x0000000006022d34                CDC_GetFiltRange
                0x0000000006022d8c                CDC_SetFiltSubh
                0x0000000006022dfc                CDC_GetFiltSubh
                0x0000000006022e78                CDC_SetFiltMode
                0x0000000006022eac                CDC_GetFiltMode
                0x0000000006022ef0                CDC_SetFiltCon
                0x0000000006022f30                CDC_GetFiltCon
                0x0000000006022f84                CDC_ResetSelector
 *fill*         0x0000000006022fb8        0x8 
 .text          0x0000000006022fc0      0x270 /joe/Compiler/COMMON/SGL_302j/LIB_ELF/LIBCD.A(CDC_BIF.O)
                0x0000000006022fc0                CDC_GetBufSiz
                0x000000000602301c                CDC_GetSctNum
                0x0000000006023060                CDC_CalActSiz
                0x000000000602309c                CDC_GetActSiz
                0x000000000602311c                CDC_GetSctInfo
                0x000000000602319c                CDC_ExeFadSearch
                0x00000000060231d4                CDC_GetFadSearch
 .text          0x0000000006023230      0x1e4 /joe/Compiler/COMMON/SGL_302j/LIB_ELF/LIBCD.A(CDC_BIO.O)
                0x0000000006023230                CDC_SetSctLen
                0x0000000006023264                CDC_GetSctData
                0x00000000060232a0                CDC_DelSctData
                0x00000000060232dc                CDC_GetdelSctData
                0x0000000006023318                CDC_PutSctData
                0x0000000006023350                CDC_CopySctData
                0x0000000006023394                CDC_MoveSctData
                0x00000000060233d8                CDC_GetCopyErr
 *fill*         0x0000000006023414        0xc 
 .text          0x0000000006023420        0x0 /joe/Compiler/COMMON/SGL_302j/LIB_ELF/LIBSGL.A(sglA01.o)
 .text          0x0000000006023420        0x0 /joe/Compiler/COMMON/SGL_302j/LIB_ELF/LIBSGL.A(sglA15.o)
 .text          0x0000000006023420        0x0 /joe/Compiler/COMMON/SGL_302j/LIB_ELF/LIBSGL.A(sglA16.o)
 .text          0x0000000006023420        0x0 /joe/Compiler/COMMON/SGL_302j/LIB_ELF/LIBSGL.A(sglA17.o)
 .text          0x0000000006023420        0x0 /joe/Compiler/COMMON/SGL_302j/LIB_ELF/LIBSGL.A(sglA18.o)
 .text          0x0000000006023420        0x0 /joe/Compiler/COMMON/SGL_302j/LIB_ELF/LIBSGL.A(sglA19.o)
 .text          0x0000000006023420        0x0 /joe/Compiler/COMMON/SGL_302j/LIB_ELF/LIBSGL.A(sglA20.o)
 .text          0x0000000006023420        0x0 /joe/Compiler/COMMON/SGL_302j/LIB_ELF/LIBSGL.A(sglA21.o)
 .text          0x0000000006023420        0x0 /joe/Compiler/COMMON/SGL_302j/LIB_ELF/LIBSGL.A(sglA27.o)
 .text          0x0000000006023420        0x0 /joe/Compiler/COMMON/SGL_302j/LIB_ELF/LIBSGL.A(sglA28.o)
 .text          0x0000000006023420        0x0 /joe/Compiler/COMMON/SGL_302j/LIB_ELF/LIBSGL.A(sglA40.o)
 .text          0x0000000006023420        0x0 /joe/Compiler/COMMON/SGL_302j/LIB_ELF/LIBSGL.A(sglB001.o)
 .text          0x0000000006023420        0x0 /joe/Compiler/COMMON/SGL_302j/LIB_ELF/LIBSGL.A(sglB011.o)
 .text          0x0000000006023420        0x0 /joe/Compiler/COMMON/SGL_302j/LIB_ELF/LIBSGL.A(sglB014.o)
 .text          0x0000000006023420        0x0 /joe/Compiler/COMMON/SGL_302j/LIB_ELF/LIBSGL.A(sglB015.o)
 .text          0x0000000006023420        0x0 /joe/Compiler/COMMON/SGL_302j/LIB_ELF/LIBSGL.A(sglB016.o)
 .text          0x0000000006023420        0x0 /joe/Compiler/COMMON/SGL_302j/LIB_ELF/LIBSGL.A(sglB020.o)
 .text          0x0000000006023420        0x0 /joe/Compiler/COMMON/SGL_302j/LIB_ELF/LIBSGL.A(sglB021.o)
 .text          0x0000000006023420        0x0 /joe/Compiler/COMMON/SGL_302j/LIB_ELF/LIBSGL.A(sglB023.o)
 .text          0x0000000006023420        0x0 /joe/Compiler/COMMON/SGL_302j/LIB_ELF/LIBSGL.A(sglB031.o)
 .text          0x0000000006023420        0x0 /joe/Compiler/COMMON/SGL_302j/LIB_ELF/LIBSGL.A(sglB032.o)
 .text          0x0000000006023420        0x0 /joe/Compiler/COMMON/SGL_302j/LIB_ELF/LIBSGL.A(sglB033.o)
 .text          0x0000000006023420        0x0 /joe/Compiler/COMMON/SGL_302j/LIB_ELF/LIBSGL.A(sglB034.o)
 .text          0x0000000006023420        0x0 /joe/Compiler/COMMON/SGL_302j/LIB_ELF/LIBSGL.A(sglB035.o)
 .text          0x0000000006023420        0x0 /joe/Compiler/COMMON/SGL_302j/LIB_ELF/LIBSGL.A(sglB036.o)
 .text          0x0000000006023420        0x0 /joe/Compiler/COMMON/SGL_302j/LIB_ELF/LIBSGL.A(sglB038.o)
 .text          0x0000000006023420        0x0 /joe/Compiler/COMMON/SGL_302j/LIB_ELF/LIBSGL.A(sglB039.o)
 .text          0x0000000006023420        0x0 /joe/Compiler/COMMON/SGL_302j/LIB_ELF/LIBSGL.A(sglB040.o)
 .text          0x0000000006023420        0x0 /joe/Compiler/COMMON/SGL_302j/LIB_ELF/LIBSGL.A(sglB041.o)
 .text          0x0000000006023420        0x0 /joe/Compiler/COMMON/SGL_302j/LIB_ELF/LIBSGL.A(sglB042.o)
 .text          0x0000000006023420        0x0 /joe/Compiler/COMMON/SGL_302j/LIB_ELF/LIBSGL.A(sglB043.o)
 .text          0x0000000006023420        0x0 /joe/Compiler/COMMON/SGL_302j/LIB_ELF/LIBSGL.A(sglB044.o)
 .text          0x0000000006023420        0x0 /joe/Compiler/COMMON/SGL_302j/LIB_ELF/LIBSGL.A(sglB045.o)
 .text          0x0000000006023420        0x0 /joe/Compiler/COMMON/SGL_302j/LIB_ELF/LIBSGL.A(sglB047.o)
 .text          0x0000000006023420        0x0 /joe/Compiler/COMMON/SGL_302j/LIB_ELF/LIBSGL.A(sglB048.o)
 .text          0x0000000006023420        0x0 /joe/Compiler/COMMON/SGL_302j/LIB_ELF/LIBSGL.A(sglB055.o)
 .text          0x0000000006023420        0x0 /joe/Compiler/COMMON/SGL_302j/LIB_ELF/LIBSGL.A(sglB056.o)
 .text          0x0000000006023420        0x0 /joe/Compiler/COMMON/SGL_302j/LIB_ELF/LIBSGL.A(sglB057.o)
 .text          0x0000000006023420        0x0 /joe/Compiler/COMMON/SGL_302j/LIB_ELF/LIBSGL.A(sglB058.o)
 .text          0x0000000006023420        0x0 /joe/Compiler/COMMON/SGL_302j/LIB_ELF/LIBSGL.A(sglB059.o)
 .text          0x0000000006023420        0x0 /joe/Compiler/COMMON/SGL_302j/LIB_ELF/LIBSGL.A(sglB060.o)
 .text          0x0000000006023420        0x0 /joe/Compiler/COMMON/SGL_302j/LIB_ELF/LIBSGL.A(sglB063.o)
 .text          0x0000000006023420        0x0 /joe/Compiler/COMMON/SGL_302j/LIB_ELF/LIBSGL.A(sglB087.o)
 .text          0x0000000006023420        0x0 /joe/Compiler/COMMON/SGL_302j/LIB_ELF/LIBSGL.A(sglB088.o)
 .text          0x0000000006023420        0x0 /joe/Compiler/COMMON/SGL_302j/LIB_ELF/LIBSGL.A(sglB090.o)
 .text          0x0000000006023420        0x0 /joe/Compiler/COMMON/SGL_302j/LIB_ELF/LIBSGL.A(sglB200.o)
 .text          0x0000000006023420        0x0 /joe/Compiler/COMMON/SGL_302j/LIB_ELF/LIBSGL.A(sglC01.o)
 .text          0x0000000006023420        0x0 /joe/Compiler/COMMON/SGL_302j/LIB_ELF/LIBSGL.A(sglC03.o)
 .text          0x0000000006023420        0x0 /joe/Compiler/COMMON/SGL_302j/LIB_ELF/LIBSGL.A(sglC04.o)
 .text          0x0000000006023420        0x0 /joe/Compiler/COMMON/SGL_302j/LIB_ELF/LIBSGL.A(sglC05.o)
 .text          0x0000000006023420        0x0 /joe/Compiler/COMMON/SGL_302j/LIB_ELF/LIBSGL.A(sglC06.o)
 .text          0x0000000006023420        0x0 /joe/Compiler/COMMON/SGL_302j/LIB_ELF/LIBSGL.A(sglC07.o)
 .text          0x0000000006023420        0x0 /joe/Compiler/COMMON/SGL_302j/LIB_ELF/LIBSGL.A(sglC08.o)
 .text          0x0000000006023420        0x0 /joe/Compiler/COMMON/SGL_302j/LIB_ELF/LIBSGL.A(sglC14.o)
 .text          0x0000000006023420        0x0 /joe/Compiler/COMMON/SGL_302j/LIB_ELF/LIBSGL.A(sglC16.o)
 .text          0x0000000006023420        0x0 /joe/Compiler/COMMON/SGL_302j/LIB_ELF/LIBSGL.A(sglC17.o)
 .text          0x0000000006023420        0x0 /joe/Compiler/COMMON/SGL_302j/LIB_ELF/LIBSGL.A(sglC19.o)
 .text          0x0000000006023420        0x0 /joe/Compiler/COMMON/SGL_302j/LIB_ELF/LIBSGL.A(sglC20.o)
 .text          0x0000000006023420        0x0 /joe/Compiler/COMMON/SGL_302j/LIB_ELF/LIBSGL.A(sglC21.o)
 .text          0x0000000006023420        0x0 /joe/Compiler/COMMON/SGL_302j/LIB_ELF/LIBSGL.A(sglD00.o)
 .text          0x0000000006023420        0x0 /joe/Compiler/COMMON/SGL_302j/LIB_ELF/LIBSGL.A(sglD01.o)
 .text          0x0000000006023420        0x0 /joe/Compiler/COMMON/SGL_302j/LIB_ELF/LIBSGL.A(sglD02.o)
 .text          0x0000000006023420        0x0 /joe/Compiler/COMMON/SGL_302j/LIB_ELF/LIBSGL.A(sglD03.o)
 .text          0x0000000006023420        0x0 /joe/Compiler/COMMON/SGL_302j/LIB_ELF/LIBSGL.A(sglD15.o)
 .text          0x0000000006023420        0x0 /joe/Compiler/COMMON/SGL_302j/LIB_ELF/LIBSGL.A(sglD16.o)
 .text          0x0000000006023420        0x0 /joe/Compiler/COMMON/SGL_302j/LIB_ELF/LIBSGL.A(sglD17.o)
 .text          0x0000000006023420        0x0 /joe/Compiler/COMMON/SGL_302j/LIB_ELF/LIBSGL.A(sglD18.o)
 .text          0x0000000006023420        0x0 /joe/Compiler/COMMON/SGL_302j/LIB_ELF/LIBSGL.A(sglF08.o)
 .text          0x0000000006023420        0x0 /joe/Compiler/COMMON/SGL_302j/LIB_ELF/LIBSGL.A(sglH00.o)
 .text          0x0000000006023420        0x0 /joe/Compiler/COMMON/SGL_302j/LIB_ELF/LIBSGL.A(sglH01.o)
 .text          0x0000000006023420        0x0 /joe/Compiler/COMMON/SGL_302j/LIB_ELF/LIBSGL.A(sglH02.o)
 .text          0x0000000006023420        0x0 /joe/Compiler/COMMON/SGL_302j/LIB_ELF/LIBSGL.A(sglH04.o)
 .text          0x0000000006023420        0x0 /joe/Compiler/COMMON/SGL_302j/LIB_ELF/LIBSGL.A(sglI01.o)
 .text          0x0000000006023420        0x0 /joe/Compiler/COMMON/SGL_302j/LIB_ELF/LIBSGL.A(sglI04.o)
 .text          0x0000000006023420      0x128 /joe/Compiler/COMMON/SGL_302j/LIB_ELF/LIBSGL.A(sglIc0.o)
                0x0000000006023420                slInitSystem
 *fill*         0x0000000006023548        0x8 
 .text          0x0000000006023550        0x0 /joe/Compiler/COMMON/SGL_302j/LIB_ELF/LIBSGL.A(sglJ00.o)
 .text          0x0000000006023550        0x0 /joe/Compiler/COMMON/SGL_302j/LIB_ELF/LIBSGL.A(sglJ01.o)
 .text          0x0000000006023550        0x0 /joe/Compiler/COMMON/SGL_302j/LIB_ELF/LIBSGL.A(sglJ02.o)
 .text          0x0000000006023550        0x0 /joe/Compiler/COMMON/SGL_302j/LIB_ELF/LIBSGL.A(sglJ03.o)
 .text          0x0000000006023550        0x0 /joe/Compiler/COMMON/SGL_302j/LIB_ELF/LIBSGL.A(sglJ04.o)
 .text          0x0000000006023550        0x0 /joe/Compiler/COMMON/SGL_302j/LIB_ELF/LIBSGL.A(sglJ05.o)
 .text          0x0000000006023550        0x0 /joe/Compiler/COMMON/SGL_302j/LIB_ELF/LIBSGL.A(sglK01.o)
 .text          0x0000000006023550        0x0 /joe/Compiler/COMMON/SGL_302j/LIB_ELF/LIBSGL.A(sglM00.o)
 .text          0x0000000006023550        0x0 /joe/Compiler/COMMON/SGL_302j/LIB_ELF/LIBSGL.A(sglM01.o)
 .text          0x0000000006023550        0x0 /joe/Compiler/COMMON/SGL_302j/LIB_ELF/LIBSGL.A(sglA00.o)
 .text          0x0000000006023550        0x0 /joe/Compiler/COMMON/SGL_302j/LIB_ELF/LIBSGL.A(sglA03.o)
 .text          0x0000000006023550        0x0 /joe/Compiler/COMMON/SGL_302j/LIB_ELF/LIBSGL.A(sglA10.o)
 .text          0x0000000006023550        0x0 /joe/Compiler/COMMON/SGL_302j/LIB_ELF/LIBSGL.A(sglA24.o)
 .text          0x0000000006023550        0x0 /joe/Compiler/COMMON/SGL_302j/LIB_ELF/LIBSGL.A(sglA25.o)
 .text          0x0000000006023550        0x0 /joe/Compiler/COMMON/SGL_302j/LIB_ELF/LIBSGL.A(sglB000.o)
 .text          0x0000000006023550        0x0 /joe/Compiler/COMMON/SGL_302j/LIB_ELF/LIBSGL.A(sglC00.o)
 .text          0x0000000006023550        0x0 /joe/Compiler/COMMON/SGL_302j/LIB_ELF/LIBSGL.A(sglC13.o)
 .text          0x0000000006023550        0x0 /joe/Compiler/COMMON/SGL_302j/LIB_ELF/LIBSGL.A(sglD19.o)
 .text          0x0000000006023550        0x0 /joe/Compiler/COMMON/SGL_302j/LIB_ELF/LIBSGL.A(sglI00.o)
 .text          0x0000000006023550        0x0 /joe/Compiler/COMMON/SGL_302j/LIB_ELF/LIBSGL.A(sglH03.o)
 .text          0x0000000006023550       0x52 /joe/Compiler/LINUX/bin/../lib/gcc/sh-none-elf/8.2.0/libgcc.a(_ashiftrt.o)
                0x0000000006023550                __ashiftrt_r4_31
                0x0000000006023550                __ashiftrt_r4_32
                0x0000000006023556                __ashiftrt_r4_30
                0x0000000006023558                __ashiftrt_r4_29
                0x000000000602355a                __ashiftrt_r4_28
                0x000000000602355c                __ashiftrt_r4_27
                0x000000000602355e                __ashiftrt_r4_26
                0x0000000006023560                __ashiftrt_r4_25
                0x0000000006023562                __ashiftrt_r4_24
                0x000000000602356a                __ashiftrt_r4_23
                0x000000000602356c                __ashiftrt_r4_22
                0x000000000602356e                __ashiftrt_r4_21
                0x0000000006023570                __ashiftrt_r4_20
                0x0000000006023572                __ashiftrt_r4_19
                0x0000000006023574                __ashiftrt_r4_18
                0x0000000006023576                __ashiftrt_r4_17
                0x0000000006023578                __ashiftrt_r4_16
                0x000000000602357e                __ashiftrt_r4_15
                0x0000000006023580                __ashiftrt_r4_14
                0x0000000006023582                __ashiftrt_r4_13
                0x0000000006023584                __ashiftrt_r4_12
                0x0000000006023586                __ashiftrt_r4_11
                0x0000000006023588                __ashiftrt_r4_10
                0x000000000602358a                __ashiftrt_r4_9
                0x000000000602358c                __ashiftrt_r4_8
                0x000000000602358e                __ashiftrt_r4_7
                0x0000000006023590                __ashiftrt_r4_6
                0x0000000006023592                __ashiftrt_r4_5
                0x0000000006023594                __ashiftrt_r4_4
                0x0000000006023596                __ashiftrt_r4_3
                0x0000000006023598                __ashiftrt_r4_2
                0x000000000602359a                __ashiftrt_r4_1
                0x000000000602359e                __ashiftrt_r4_0
 *fill*         0x00000000060235a2        0x2 
 .text          0x00000000060235a4       0xa0 /joe/Compiler/LINUX/bin/../lib/gcc/sh-none-elf/8.2.0/libgcc.a(_sdivsi3.o)
                0x00000000060235a4                __sdivsi3
 .text          0x0000000006023644       0x6c /joe/Compiler/LINUX/bin/../lib/gcc/sh-none-elf/8.2.0/libgcc.a(_udivsi3.o)
                0x0000000006023666                __udivsi3
 .text          0x00000000060236b0      0x210 /joe/Compiler/LINUX/bin/../lib/gcc/sh-none-elf/8.2.0/libgcc.a(_addsub_sf.o)
                0x0000000006023824                __addsf3
                0x0000000006023870                __subsf3
 .text          0x00000000060238c0      0x134 /joe/Compiler/LINUX/bin/../lib/gcc/sh-none-elf/8.2.0/libgcc.a(_mul_sf.o)
                0x00000000060238c0                __mulsf3
 .text          0x00000000060239f4       0xdc /joe/Compiler/LINUX/bin/../lib/gcc/sh-none-elf/8.2.0/libgcc.a(_div_sf.o)
                0x00000000060239f4                __divsf3
 .text          0x0000000006023ad0       0x54 /joe/Compiler/LINUX/bin/../lib/gcc/sh-none-elf/8.2.0/libgcc.a(_eq_sf.o)
                0x0000000006023ad0                __eqsf2
 .text          0x0000000006023b24       0x54 /joe/Compiler/LINUX/bin/../lib/gcc/sh-none-elf/8.2.0/libgcc.a(_ne_sf.o)
                0x0000000006023b24                __nesf2
 .text          0x0000000006023b78       0x4c /joe/Compiler/LINUX/bin/../lib/gcc/sh-none-elf/8.2.0/libgcc.a(_gt_sf.o)
                0x0000000006023b78                __gtsf2
 .text          0x0000000006023bc4       0x4c /joe/Compiler/LINUX/bin/../lib/gcc/sh-none-elf/8.2.0/libgcc.a(_ge_sf.o)
                0x0000000006023bc4                __gesf2
 .text          0x0000000006023c10       0x54 /joe/Compiler/LINUX/bin/../lib/gcc/sh-none-elf/8.2.0/libgcc.a(_lt_sf.o)
                0x0000000006023c10                __ltsf2
 .text          0x0000000006023c64       0x54 /joe/Compiler/LINUX/bin/../lib/gcc/sh-none-elf/8.2.0/libgcc.a(_le_sf.o)
                0x0000000006023c64                __lesf2
 .text          0x0000000006023cb8       0x84 /joe/Compiler/LINUX/bin/../lib/gcc/sh-none-elf/8.2.0/libgcc.a(_si_to_sf.o)
                0x0000000006023cb8                __floatsisf
 .text          0x0000000006023d3c       0x7c /joe/Compiler/LINUX/bin/../lib/gcc/sh-none-elf/8.2.0/libgcc.a(_sf_to_si.o)
                0x0000000006023d3c                __fixsfsi
 .text          0x0000000006023db8       0x3c /joe/Compiler/LINUX/bin/../lib/gcc/sh-none-elf/8.2.0/libgcc.a(_sf_to_df.o)
                0x0000000006023db8                __extendsfdf2
 .text          0x0000000006023df4        0x0 /joe/Compiler/LINUX/bin/../lib/gcc/sh-none-elf/8.2.0/libgcc.a(_thenan_sf.o)
 .text          0x0000000006023df4       0x94 /joe/Compiler/LINUX/bin/../lib/gcc/sh-none-elf/8.2.0/libgcc.a(_usi_to_sf.o)
                0x0000000006023df4                __floatunsisf
 .text          0x0000000006023e88       0x28 /joe/Compiler/LINUX/bin/../lib/gcc/sh-none-elf/8.2.0/libgcc.a(_make_df.o)
                0x0000000006023e88                __make_dp
 .text          0x0000000006023eb0       0x4c /joe/Compiler/LINUX/bin/../lib/gcc/sh-none-elf/8.2.0/libgcc.a(_df_to_sf.o)
                0x0000000006023eb0                __truncdfsf2
 .text          0x0000000006023efc      0x114 /joe/Compiler/LINUX/bin/../lib/gcc/sh-none-elf/8.2.0/libgcc.a(_pack_sf.o)
                0x0000000006023efc                __pack_f
 .text          0x0000000006024010       0xa0 /joe/Compiler/LINUX/bin/../lib/gcc/sh-none-elf/8.2.0/libgcc.a(_unpack_sf.o)
                0x0000000006024010                __unpack_f
 .text          0x00000000060240b0       0xa8 /joe/Compiler/LINUX/bin/../lib/gcc/sh-none-elf/8.2.0/libgcc.a(_fpcmp_parts_sf.o)
                0x00000000060240b0                __fpcmp_parts_f
 .text          0x0000000006024158       0x20 /joe/Compiler/LINUX/bin/../lib/gcc/sh-none-elf/8.2.0/libgcc.a(_make_sf.o)
                0x0000000006024158                __make_fp
 .text          0x0000000006024178        0x0 /joe/Compiler/LINUX/bin/../lib/gcc/sh-none-elf/8.2.0/../../../../sh-none-elf/lib/libc.a(lib_a-impure.o)
 .text          0x0000000006024178       0x1e /joe/Compiler/LINUX/bin/../lib/gcc/sh-none-elf/8.2.0/../../../../sh-none-elf/lib/libc.a(lib_a-memcmp.o)
                0x0000000006024178                memcmp
 *fill*         0x0000000006024196        0x2 
 .text          0x0000000006024198       0x94 /joe/Compiler/LINUX/bin/../lib/gcc/sh-none-elf/8.2.0/../../../../sh-none-elf/lib/libc.a(lib_a-memcpy.o)
                0x0000000006024198                memcpy
 .text          0x000000000602422c       0x40 /joe/Compiler/LINUX/bin/../lib/gcc/sh-none-elf/8.2.0/../../../../sh-none-elf/lib/libc.a(lib_a-memset.o)
                0x000000000602422c                memset
 .text          0x000000000602426c       0x58 /joe/Compiler/LINUX/bin/../lib/gcc/sh-none-elf/8.2.0/../../../../sh-none-elf/lib/libc.a(lib_a-rand.o)
                0x000000000602426c                srand
                0x0000000006024280                rand
 .text          0x00000000060242c4       0x60 /joe/Compiler/LINUX/bin/../lib/gcc/sh-none-elf/8.2.0/../../../../sh-none-elf/lib/libc.a(lib_a-rget.o)
                0x00000000060242c4                __srget_r
                0x0000000006024310                __srget
 .text          0x0000000006024324       0x8c /joe/Compiler/LINUX/bin/../lib/gcc/sh-none-elf/8.2.0/../../../../sh-none-elf/lib/libc.a(lib_a-sprintf.o)
                0x0000000006024324                _sprintf_r
                0x0000000006024364                sprintf
 .text          0x00000000060243b0       0x22 /joe/Compiler/LINUX/bin/../lib/gcc/sh-none-elf/8.2.0/../../../../sh-none-elf/lib/libc.a(lib_a-strcat.o)
                0x00000000060243b0                strcat
 *fill*         0x00000000060243d2        0x2 
 .text          0x00000000060243d4       0x38 /joe/Compiler/LINUX/bin/../lib/gcc/sh-none-elf/8.2.0/../../../../sh-none-elf/lib/libc.a(lib_a-strcmp.o)
                0x00000000060243d4                strcmp
 .text          0x000000000602440c       0x3c /joe/Compiler/LINUX/bin/../lib/gcc/sh-none-elf/8.2.0/../../../../sh-none-elf/lib/libc.a(lib_a-strcpy.o)
                0x000000000602440c                strcpy
 .text          0x0000000006024448       0x20 /joe/Compiler/LINUX/bin/../lib/gcc/sh-none-elf/8.2.0/../../../../sh-none-elf/lib/libc.a(lib_a-strlen.o)
                0x0000000006024448                strlen
 .text          0x0000000006024468       0x2a /joe/Compiler/LINUX/bin/../lib/gcc/sh-none-elf/8.2.0/../../../../sh-none-elf/lib/libc.a(lib_a-strncmp.o)
                0x0000000006024468                strncmp
 .text          0x0000000006024492       0x32 /joe/Compiler/LINUX/bin/../lib/gcc/sh-none-elf/8.2.0/../../../../sh-none-elf/lib/libc.a(lib_a-strncpy.o)
                0x0000000006024492                strncpy
 .text          0x00000000060244c4       0x36 /joe/Compiler/LINUX/bin/../lib/gcc/sh-none-elf/8.2.0/../../../../sh-none-elf/lib/libc.a(lib_a-strstr.o)
                0x00000000060244c4                strstr
 *fill*         0x00000000060244fa        0x2 
 .text          0x00000000060244fc     0x1378 /joe/Compiler/LINUX/bin/../lib/gcc/sh-none-elf/8.2.0/../../../../sh-none-elf/lib/libc.a(lib_a-svfprintf.o)
                0x00000000060244fc                _svfprintf_r
 .text          0x0000000006025874       0xdc /joe/Compiler/LINUX/bin/../lib/gcc/sh-none-elf/8.2.0/../../../../sh-none-elf/lib/libc.a(lib_a-wbuf.o)
                0x0000000006025874                __swbuf_r
                0x000000000602593c                __swbuf
 .text          0x0000000006025950       0xcc /joe/Compiler/LINUX/bin/../lib/gcc/sh-none-elf/8.2.0/../../../../sh-none-elf/lib/libc.a(lib_a-wsetup.o)
                0x0000000006025950                __swsetup_r
 .text          0x0000000006025a1c      0xef4 /joe/Compiler/LINUX/bin/../lib/gcc/sh-none-elf/8.2.0/../../../../sh-none-elf/lib/libc.a(lib_a-dtoa.o)
                0x0000000006025b50                _dtoa_r
 .text          0x0000000006026910      0x1a8 /joe/Compiler/LINUX/bin/../lib/gcc/sh-none-elf/8.2.0/../../../../sh-none-elf/lib/libc.a(lib_a-fflush.o)
                0x0000000006026910                __sflush_r
                0x0000000006026a50                _fflush_r
                0x0000000006026a90                fflush
 .text          0x0000000006026ab8      0x218 /joe/Compiler/LINUX/bin/../lib/gcc/sh-none-elf/8.2.0/../../../../sh-none-elf/lib/libc.a(lib_a-findfp.o)
                0x0000000006026b14                _cleanup_r
                0x0000000006026b28                __sfmoreglue
                0x0000000006026b74                _cleanup
                0x0000000006026b88                __sinit
                0x0000000006026bdc                __sfp
                0x0000000006026c90                __sfp_lock_acquire
                0x0000000006026c94                __sfp_lock_release
                0x0000000006026c98                __sinit_lock_acquire
                0x0000000006026c9c                __sinit_lock_release
                0x0000000006026ca0                __fp_lock_all
                0x0000000006026cb8                __fp_unlock_all
 .text          0x0000000006026cd0       0xb4 /joe/Compiler/LINUX/bin/../lib/gcc/sh-none-elf/8.2.0/../../../../sh-none-elf/lib/libc.a(lib_a-fwalk.o)
                0x0000000006026cd0                _fwalk
                0x0000000006026d26                _fwalk_reent
 .text          0x0000000006026d84       0x40 /joe/Compiler/LINUX/bin/../lib/gcc/sh-none-elf/8.2.0/../../../../sh-none-elf/lib/libc.a(lib_a-localeconv.o)
                0x0000000006026d84                __localeconv_l
                0x0000000006026d8c                _localeconv_r
                0x0000000006026da8                localeconv
 .text          0x0000000006026dc4       0xa8 /joe/Compiler/LINUX/bin/../lib/gcc/sh-none-elf/8.2.0/../../../../sh-none-elf/lib/libc.a(lib_a-locale.o)
                0x0000000006026dc4                _setlocale_r
                0x0000000006026e10                __locale_mb_cur_max
                0x0000000006026e30                __locale_ctype_ptr_l
                0x0000000006026e3a                __locale_ctype_ptr
                0x0000000006026e58                setlocale
 .text          0x0000000006026e6c      0x110 /joe/Compiler/LINUX/bin/../lib/gcc/sh-none-elf/8.2.0/../../../../sh-none-elf/lib/libc.a(lib_a-makebuf.o)
                0x0000000006026e6c                __swhatbuf_r
                0x0000000006026ed0                __smakebuf_r
 .text          0x0000000006026f7c       0x4c /joe/Compiler/LINUX/bin/../lib/gcc/sh-none-elf/8.2.0/../../../../sh-none-elf/lib/libc.a(lib_a-mbtowc_r.o)
                0x0000000006026f7c                _mbtowc_r
                0x0000000006026fa0                __ascii_mbtowc
 .text          0x0000000006026fc8       0x1c /joe/Compiler/LINUX/bin/../lib/gcc/sh-none-elf/8.2.0/../../../../sh-none-elf/lib/libc.a(lib_a-memchr.o)
                0x0000000006026fc8                memchr
 .text          0x0000000006026fe4      0xa9c /joe/Compiler/LINUX/bin/../lib/gcc/sh-none-elf/8.2.0/../../../../sh-none-elf/lib/libc.a(lib_a-mprec.o)
                0x0000000006026fe4                _Balloc
                0x0000000006027058                _Bfree
                0x0000000006027070                __multadd
                0x0000000006027118                __s2b
                0x00000000060271d8                __hi0bits
                0x000000000602722c                __lo0bits
                0x0000000006027290                __i2b
                0x00000000060272ac                __multiply
                0x00000000060273f0                __pow5mult
                0x00000000060274ac                __lshift
                0x00000000060275a0                __mcmp
                0x00000000060275d8                __mdiff
                0x00000000060276b4                __ulp
                0x0000000006027720                __b2d
                0x0000000006027808                __d2b
                0x00000000060278f4                __ratio
                0x0000000006027978                _mprec_log10
                0x00000000060279d0                __copybits
                0x0000000006027a14                __any_on
 .text          0x0000000006027a80      0x14c /joe/Compiler/LINUX/bin/../lib/gcc/sh-none-elf/8.2.0/../../../../sh-none-elf/lib/libc.a(lib_a-refill.o)
                0x0000000006027a98                __srefill_r
 .text          0x0000000006027bcc       0xe0 /joe/Compiler/LINUX/bin/../lib/gcc/sh-none-elf/8.2.0/../../../../sh-none-elf/lib/libc.a(lib_a-stdio.o)
                0x0000000006027bcc                __sread
                0x0000000006027c08                __seofread
                0x0000000006027c0c                __swrite
                0x0000000006027c5c                __sseek
                0x0000000006027c9c                __sclose
 .text          0x0000000006027cac      0xa60 /joe/Compiler/LINUX/bin/../lib/gcc/sh-none-elf/8.2.0/../../../../sh-none-elf/lib/libc.a(lib_a-svfiprintf.o)
                0x0000000006027cac                __ssprint_r
                0x0000000006027de0                _svfiprintf_r
 .text          0x000000000602870c       0x40 /joe/Compiler/LINUX/bin/../lib/gcc/sh-none-elf/8.2.0/../../../../sh-none-elf/lib/libc.a(lib_a-wctomb_r.o)
                0x000000000602870c                _wctomb_r
                0x000000000602872c                __ascii_wctomb
 .text          0x000000000602874c       0x34 /joe/Compiler/LINUX/bin/../lib/gcc/sh-none-elf/8.2.0/../../../../sh-none-elf/lib/libc.a(lib_a-writer.o)
                0x000000000602874c                _write_r
 .text          0x0000000006028780       0x30 /joe/Compiler/LINUX/bin/../lib/gcc/sh-none-elf/8.2.0/../../../../sh-none-elf/lib/libc.a(lib_a-closer.o)
                0x0000000006028780                _close_r
 .text          0x00000000060287b0        0x0 /joe/Compiler/LINUX/bin/../lib/gcc/sh-none-elf/8.2.0/../../../../sh-none-elf/lib/libc.a(lib_a-ctype_.o)
 .text          0x00000000060287b0       0xc8 /joe/Compiler/LINUX/bin/../lib/gcc/sh-none-elf/8.2.0/../../../../sh-none-elf/lib/libc.a(lib_a-fclose.o)
                0x00000000060287b0                _fclose_r
                0x0000000006028864                fclose
 .text          0x0000000006028878       0x34 /joe/Compiler/LINUX/bin/../lib/gcc/sh-none-elf/8.2.0/../../../../sh-none-elf/lib/libc.a(lib_a-fstatr.o)
                0x0000000006028878                _fstat_r
 .text          0x00000000060288ac       0x30 /joe/Compiler/LINUX/bin/../lib/gcc/sh-none-elf/8.2.0/../../../../sh-none-elf/lib/libc.a(lib_a-isattyr.o)
                0x00000000060288ac                _isatty_r
 .text          0x00000000060288dc       0x34 /joe/Compiler/LINUX/bin/../lib/gcc/sh-none-elf/8.2.0/../../../../sh-none-elf/lib/libc.a(lib_a-lseekr.o)
                0x00000000060288dc                _lseek_r
 .text          0x0000000006028910       0x3c /joe/Compiler/LINUX/bin/../lib/gcc/sh-none-elf/8.2.0/../../../../sh-none-elf/lib/libc.a(lib_a-memmove.o)
                0x0000000006028910                memmove
 .text          0x000000000602894c       0x34 /joe/Compiler/LINUX/bin/../lib/gcc/sh-none-elf/8.2.0/../../../../sh-none-elf/lib/libc.a(lib_a-readr.o)
                0x000000000602894c                _read_r
 .text          0x0000000006028980      0x100 /joe/Compiler/LINUX/bin/../lib/gcc/sh-none-elf/8.2.0/../../../../sh-none-elf/lib/libc.a(lib_a-reent.o)
                0x0000000006028980                cleanup_glue
                0x00000000060289ac                _reclaim_reent
 .text          0x0000000006028a80      0x25c /joe/Compiler/LINUX/bin/../lib/gcc/sh-none-elf/8.2.0/../../../../sh-none-elf/lib/libc.a(lib_a-syscalls.o)
                0x0000000006028af8                _read
                0x0000000006028b08                _lseek
                0x0000000006028b18                _write
                0x0000000006028b28                _close
                0x0000000006028b38                _link
                0x0000000006028b3c                _sbrk
                0x0000000006028b94                _fstat
                0x0000000006028b9e                _open
                0x0000000006028bb0                _creat
                0x0000000006028bc0                _unlink
                0x0000000006028bc4                isatty
                0x0000000006028bc8                _isatty
                0x0000000006028bcc                _exit
                0x0000000006028bdc                _kill
                0x0000000006028bf0                _getpid
                0x0000000006028bf4                _raise
                0x0000000006028bf8                _stat
                0x0000000006028c08                _chmod
                0x0000000006028c18                _chown
                0x0000000006028c28                _utime
                0x0000000006028c3c                _fork
                0x0000000006028c48                _wait
                0x0000000006028c58                _execve
                0x0000000006028c68                _execv
                0x0000000006028c78                _pipe
                0x0000000006028c84                _times
                0x0000000006028c88                _gettimeofday
                0x0000000006028cb0                __setup_argv_and_call_main
 .text          0x0000000006028cdc       0x14 /joe/Compiler/LINUX/bin/../lib/gcc/sh-none-elf/8.2.0/../../../../sh-none-elf/lib/libc.a(lib_a-trap.o)
                0x0000000006028cdc                __trap34
 .text          0x0000000006028cf0       0x18 /joe/Compiler/LINUX/bin/../lib/gcc/sh-none-elf/8.2.0/../../../../sh-none-elf/lib/libc.a(lib_a-abort.o)
                0x0000000006028cf0                abort
 .text          0x0000000006028d08      0x1b0 /joe/Compiler/LINUX/bin/../lib/gcc/sh-none-elf/8.2.0/../../../../sh-none-elf/lib/libc.a(lib_a-signal.o)
                0x0000000006028d08                _init_signal_r
                0x0000000006028d44                _signal_r
                0x0000000006028d90                _raise_r
                0x0000000006028e08                __sigtramp_r
                0x0000000006028e6c                raise
                0x0000000006028e80                signal
                0x0000000006028e94                _init_signal
                0x0000000006028ea4                __sigtramp
 .text          0x0000000006028eb8       0x40 /joe/Compiler/LINUX/bin/../lib/gcc/sh-none-elf/8.2.0/../../../../sh-none-elf/lib/libc.a(lib_a-signalr.o)
                0x0000000006028eb8                _kill_r
                0x0000000006028eec                _getpid_r
 .text          0x0000000006028ef8       0x80 /joe/Compiler/LINUX/bin/../lib/gcc/sh-none-elf/8.2.0/libgcc.a(_ashiftrt_n.o)
                0x0000000006028ef8                __ashrsi3
 .text          0x0000000006028f78       0xbc /joe/Compiler/LINUX/bin/../lib/gcc/sh-none-elf/8.2.0/libgcc.a(_ashiftlt.o)
                0x0000000006028f78                __ashlsi3
                0x0000000006028f7c                __ashlsi3_r0
 .text          0x0000000006029034       0xbc /joe/Compiler/LINUX/bin/../lib/gcc/sh-none-elf/8.2.0/libgcc.a(_lshiftrt.o)
                0x0000000006029034                __lshrsi3
                0x0000000006029038                __lshrsi3_r0
 .text          0x00000000060290f0      0x258 /joe/Compiler/LINUX/bin/../lib/gcc/sh-none-elf/8.2.0/libgcc.a(_udivdi3.o)
                0x00000000060290f0                __udivdi3
 .text          0x0000000006029348      0x2bc /joe/Compiler/LINUX/bin/../lib/gcc/sh-none-elf/8.2.0/libgcc.a(_umoddi3.o)
                0x0000000006029348                __umoddi3
 .text          0x0000000006029604      0x3b4 /joe/Compiler/LINUX/bin/../lib/gcc/sh-none-elf/8.2.0/libgcc.a(_addsub_df.o)
                0x0000000006029914                __adddf3
                0x0000000006029964                __subdf3
 .text          0x00000000060299b8      0x208 /joe/Compiler/LINUX/bin/../lib/gcc/sh-none-elf/8.2.0/libgcc.a(_mul_df.o)
                0x00000000060299b8                __muldf3
 .text          0x0000000006029bc0      0x130 /joe/Compiler/LINUX/bin/../lib/gcc/sh-none-elf/8.2.0/libgcc.a(_div_df.o)
                0x0000000006029bc0                __divdf3
 .text          0x0000000006029cf0       0x58 /joe/Compiler/LINUX/bin/../lib/gcc/sh-none-elf/8.2.0/libgcc.a(_eq_df.o)
                0x0000000006029cf0                __eqdf2
 .text          0x0000000006029d48       0x58 /joe/Compiler/LINUX/bin/../lib/gcc/sh-none-elf/8.2.0/libgcc.a(_ne_df.o)
                0x0000000006029d48                __nedf2
 .text          0x0000000006029da0       0x50 /joe/Compiler/LINUX/bin/../lib/gcc/sh-none-elf/8.2.0/libgcc.a(_gt_df.o)
                0x0000000006029da0                __gtdf2
 .text          0x0000000006029df0       0x50 /joe/Compiler/LINUX/bin/../lib/gcc/sh-none-elf/8.2.0/libgcc.a(_ge_df.o)
                0x0000000006029df0                __gedf2
 .text          0x0000000006029e40       0x58 /joe/Compiler/LINUX/bin/../lib/gcc/sh-none-elf/8.2.0/libgcc.a(_lt_df.o)
                0x0000000006029e40                __ltdf2
 .text          0x0000000006029e98       0x58 /joe/Compiler/LINUX/bin/../lib/gcc/sh-none-elf/8.2.0/libgcc.a(_le_df.o)
                0x0000000006029e98                __ledf2
 .text          0x0000000006029ef0       0x40 /joe/Compiler/LINUX/bin/../lib/gcc/sh-none-elf/8.2.0/libgcc.a(_unord_df.o)
                0x0000000006029ef0                __unorddf2
 .text          0x0000000006029f30       0xa8 /joe/Compiler/LINUX/bin/../lib/gcc/sh-none-elf/8.2.0/libgcc.a(_si_to_df.o)
                0x0000000006029f30                __floatsidf
 .text          0x0000000006029fd8       0xa4 /joe/Compiler/LINUX/bin/../lib/gcc/sh-none-elf/8.2.0/libgcc.a(_df_to_si.o)
                0x0000000006029fd8                __fixdfsi
 .text          0x000000000602a07c        0x0 /joe/Compiler/LINUX/bin/../lib/gcc/sh-none-elf/8.2.0/libgcc.a(_thenan_df.o)
 .text          0x000000000602a07c       0x88 /joe/Compiler/LINUX/bin/../lib/gcc/sh-none-elf/8.2.0/libgcc.a(_usi_to_df.o)
                0x000000000602a07c                __floatunsidf
 *fill*         0x000000000602a104        0x4 
 .text          0x000000000602a108       0x60 /joe/Compiler/LINUX/bin/../lib/gcc/sh-none-elf/8.2.0/libgcc.a(_udiv_qrnnd_16.o)
                0x000000000602a108                __udiv_qrnnd_16
 .text          0x000000000602a168        0x0 /joe/Compiler/LINUX/bin/../lib/gcc/sh-none-elf/8.2.0/libgcc.a(_clz.o)
 .text          0x000000000602a168       0x58 /joe/Compiler/LINUX/bin/../lib/gcc/sh-none-elf/8.2.0/libgcc.a(_clzsi2.o)
                0x000000000602a168                __clzsi2
 .text          0x000000000602a1c0      0x25c /joe/Compiler/LINUX/bin/../lib/gcc/sh-none-elf/8.2.0/libgcc.a(_pack_df.o)
                0x000000000602a1c0                __pack_d
 .text          0x000000000602a41c       0xcc /joe/Compiler/LINUX/bin/../lib/gcc/sh-none-elf/8.2.0/libgcc.a(_unpack_df.o)
                0x000000000602a41c                __unpack_d
 .text          0x000000000602a4e8       0xc8 /joe/Compiler/LINUX/bin/../lib/gcc/sh-none-elf/8.2.0/libgcc.a(_fpcmp_parts_df.o)
                0x000000000602a4e8                __fpcmp_parts_d
 *(.strings)
 *(SEGA_P)
 *(.eh_frame_hdr)
 *(.eh_frame)
 .eh_frame      0x000000000602a5b0       0xa8 /joe/Compiler/LINUX/bin/../lib/gcc/sh-none-elf/8.2.0/libgcc.a(_udivdi3.o)
 .eh_frame      0x000000000602a658       0xdc /joe/Compiler/LINUX/bin/../lib/gcc/sh-none-elf/8.2.0/libgcc.a(_umoddi3.o)
                0x000000000602a734                __etext = .

.text.startup   0x000000000602a740      0xc20
 .text.startup  0x000000000602a740      0xc14 /tmp/ccPkc5Zk.ltrans0.ltrans.o
                0x000000000602a740                main

SLPROG          0x000000000602b360    0x158a0
                0x000000000602b360                __slprog_start = .
 *(SLPROG)
 SLPROG         0x000000000602b360     0x6540 /joe/Compiler/COMMON/SGL_302j/LIB_ELF/SGLAREA.O
                0x000000000602b360                MasterStack
                0x000000000602b364                SlaveStack
                0x000000000602b368                MaxVertices
                0x000000000602b36a                MaxPolygons
                0x000000000602b36c                SortList
                0x000000000602b370                SortListSize
                0x000000000602b374                TransList
                0x000000000602b378                Zbuffer
                0x000000000602b37c                SpriteBuf
                0x000000000602b380                SpriteBufSize
                0x000000000602b384                Pbuffer
                0x000000000602b388                CommandBuf
                0x000000000602b38c                CLOfstBuf
                0x000000000602b390                PCM_Work
                0x000000000602b394                PCM_WkSize
                0x000000000602b398                MaxEvents
                0x000000000602b39a                EventSize
                0x000000000602b39c                MaxWorks
                0x000000000602b39e                WorkSize
                0x000000000602b3a0                RemainEvent
                0x000000000602b4a0                RemainWork
                0x000000000602b8a0                EventBuf
                0x000000000602d8a0                WorkBuf
 SLPROG         0x00000000060318a0     0x411e /joe/Compiler/COMMON/SGL_302j/LIB_ELF/LIBSGL.A(sglA01.o)
                0x00000000060318a0                slSin
                0x00000000060318c4                slCos
                0x00000000060318e8                GetSinCos
                0x000000000603197c                sin_cos_index_tbl
                0x00000000060319bc                sin_tbl
 *fill*         0x00000000060359be        0x2 
 SLPROG         0x00000000060359c0       0x18 /joe/Compiler/COMMON/SGL_302j/LIB_ELF/LIBSGL.A(sglA15.o)
                0x00000000060359c0                slSlaveFunc
 *fill*         0x00000000060359d8        0x8 
 SLPROG         0x00000000060359e0       0xd0 /joe/Compiler/COMMON/SGL_302j/LIB_ELF/LIBSGL.A(sglA16.o)
                0x00000000060359e0                slLookAt
 SLPROG         0x0000000006035ab0       0x78 /joe/Compiler/COMMON/SGL_302j/LIB_ELF/LIBSGL.A(sglA17.o)
                0x0000000006035ab0                slRotZ
                0x0000000006035aba                slRotZSC
 *fill*         0x0000000006035b28        0x8 
 SLPROG         0x0000000006035b30       0x78 /joe/Compiler/COMMON/SGL_302j/LIB_ELF/LIBSGL.A(sglA18.o)
                0x0000000006035b30                slRotY
                0x0000000006035b3a                slRotYSC
 *fill*         0x0000000006035ba8        0x8 
 SLPROG         0x0000000006035bb0       0x78 /joe/Compiler/COMMON/SGL_302j/LIB_ELF/LIBSGL.A(sglA19.o)
                0x0000000006035bb0                slRotX
                0x0000000006035bba                slRotXSC
 *fill*         0x0000000006035c28        0x8 
 SLPROG         0x0000000006035c30      0x42c /joe/Compiler/COMMON/SGL_302j/LIB_ELF/LIBSGL.A(sglA20.o)
                0x0000000006035c30                slInitMatrix
                0x0000000006035c3a                slPushUnitMatrix
                0x0000000006035c4e                slUnitMatrix
 *fill*         0x000000000603605c        0x4 
 SLPROG         0x0000000006036060       0x48 /joe/Compiler/COMMON/SGL_302j/LIB_ELF/LIBSGL.A(sglA21.o)
                0x0000000006036060                slPushMatrix
                0x0000000006036094                slPopMatrix
                0x0000000006036094                slDecMatrixPtr
 *fill*         0x00000000060360a8        0x8 
 SLPROG         0x00000000060360b0       0x50 /joe/Compiler/COMMON/SGL_302j/LIB_ELF/LIBSGL.A(sglA27.o)
                0x00000000060360b0                slTranslate
 SLPROG         0x0000000006036100       0x70 /joe/Compiler/COMMON/SGL_302j/LIB_ELF/LIBSGL.A(sglA28.o)
                0x0000000006036100                slScale
 SLPROG         0x0000000006036170       0x22 /joe/Compiler/COMMON/SGL_302j/LIB_ELF/LIBSGL.A(sglA40.o)
                0x0000000006036170                slCalcVector
 *fill*         0x0000000006036192        0xe 
 SLPROG         0x00000000060361a0       0x20 /joe/Compiler/COMMON/SGL_302j/LIB_ELF/LIBSGL.A(sglB001.o)
                0x00000000060361a0                slTVOn
                0x00000000060361aa                slTVOff
 SLPROG         0x00000000060361c0       0x24 /joe/Compiler/COMMON/SGL_302j/LIB_ELF/LIBSGL.A(sglB011.o)
                0x00000000060361c0                slBitMapNbg1
 *fill*         0x00000000060361e4        0xc 
 SLPROG         0x00000000060361f0        0x8 /joe/Compiler/COMMON/SGL_302j/LIB_ELF/LIBSGL.A(sglB014.o)
                0x00000000060361f0                slScrTransparent
 *fill*         0x00000000060361f8        0x8 
 SLPROG         0x0000000006036200      0x40c /joe/Compiler/COMMON/SGL_302j/LIB_ELF/LIBSGL.A(sglB015.o)
                0x0000000006036200                slScrAutoDisp
 *fill*         0x000000000603660c        0x4 
 SLPROG         0x0000000006036610        0xc /joe/Compiler/COMMON/SGL_302j/LIB_ELF/LIBSGL.A(sglB016.o)
                0x0000000006036610                slBack1ColSet
 *fill*         0x000000000603661c        0x4 
 SLPROG         0x0000000006036620       0x10 /joe/Compiler/COMMON/SGL_302j/LIB_ELF/LIBSGL.A(sglB020.o)
                0x0000000006036620                slColorCalc
 SLPROG         0x0000000006036630        0xc /joe/Compiler/COMMON/SGL_302j/LIB_ELF/LIBSGL.A(sglB021.o)
                0x0000000006036630                slColorCalcOn
 *fill*         0x000000000603663c        0x4 
 SLPROG         0x0000000006036640        0xc /joe/Compiler/COMMON/SGL_302j/LIB_ELF/LIBSGL.A(sglB023.o)
                0x0000000006036640                slColRate
 *fill*         0x000000000603664c        0x4 
 SLPROG         0x0000000006036650       0xb0 /joe/Compiler/COMMON/SGL_302j/LIB_ELF/LIBSGL.A(sglB031.o)
                0x0000000006036650                slMapNbg0
 SLPROG         0x0000000006036700       0xb4 /joe/Compiler/COMMON/SGL_302j/LIB_ELF/LIBSGL.A(sglB032.o)
                0x0000000006036700                slMapNbg1
 *fill*         0x00000000060367b4        0xc 
 SLPROG         0x00000000060367c0       0xb0 /joe/Compiler/COMMON/SGL_302j/LIB_ELF/LIBSGL.A(sglB033.o)
                0x00000000060367c0                slMapNbg2
 SLPROG         0x0000000006036870       0xb4 /joe/Compiler/COMMON/SGL_302j/LIB_ELF/LIBSGL.A(sglB034.o)
                0x0000000006036870                slMapNbg3
 *fill*         0x0000000006036924        0xc 
 SLPROG         0x0000000006036930       0xd4 /joe/Compiler/COMMON/SGL_302j/LIB_ELF/LIBSGL.A(sglB035.o)
                0x0000000006036930                sl1MapRA
                0x00000000060369c2                rbank_set
 *fill*         0x0000000006036a04        0xc 
 SLPROG         0x0000000006036a10       0xa0 /joe/Compiler/COMMON/SGL_302j/LIB_ELF/LIBSGL.A(sglB036.o)
                0x0000000006036a10                sl1MapRB
 SLPROG         0x0000000006036ab0       0x70 /joe/Compiler/COMMON/SGL_302j/LIB_ELF/LIBSGL.A(sglB038.o)
                0x0000000006036ab0                slRparaInitSet
 SLPROG         0x0000000006036b20       0x7e /joe/Compiler/COMMON/SGL_302j/LIB_ELF/LIBSGL.A(sglB039.o)
                0x0000000006036b20                slMakeKtable
 *fill*         0x0000000006036b9e        0x2 
 SLPROG         0x0000000006036ba0       0x58 /joe/Compiler/COMMON/SGL_302j/LIB_ELF/LIBSGL.A(sglB040.o)
                0x0000000006036ba0                slKtableRA
 *fill*         0x0000000006036bf8        0x8 
 SLPROG         0x0000000006036c00       0x5c /joe/Compiler/COMMON/SGL_302j/LIB_ELF/LIBSGL.A(sglB041.o)
                0x0000000006036c00                slKtableRB
 *fill*         0x0000000006036c5c        0x4 
 SLPROG         0x0000000006036c60       0x10 /joe/Compiler/COMMON/SGL_302j/LIB_ELF/LIBSGL.A(sglB042.o)
                0x0000000006036c60                slCurRpara
 SLPROG         0x0000000006036c70        0x8 /joe/Compiler/COMMON/SGL_302j/LIB_ELF/LIBSGL.A(sglB043.o)
                0x0000000006036c70                slRparaMode
 *fill*         0x0000000006036c78        0x8 
 SLPROG         0x0000000006036c80      0x4e4 /joe/Compiler/COMMON/SGL_302j/LIB_ELF/LIBSGL.A(sglB044.o)
                0x0000000006036c80                slScrMatSet
 *fill*         0x0000000006037164        0xc 
 SLPROG         0x0000000006037170       0x28 /joe/Compiler/COMMON/SGL_302j/LIB_ELF/LIBSGL.A(sglB045.o)
                0x0000000006037170                slScrMatConv
 *fill*         0x0000000006037198        0x8 
 SLPROG         0x00000000060371a0        0xc /joe/Compiler/COMMON/SGL_302j/LIB_ELF/LIBSGL.A(sglB047.o)
                0x00000000060371a0                slOverRA
 *fill*         0x00000000060371ac        0x4 
 SLPROG         0x00000000060371b0       0x10 /joe/Compiler/COMMON/SGL_302j/LIB_ELF/LIBSGL.A(sglB048.o)
                0x00000000060371b0                slOverRB
 SLPROG         0x00000000060371c0        0xc /joe/Compiler/COMMON/SGL_302j/LIB_ELF/LIBSGL.A(sglB055.o)
                0x00000000060371c0                slPlaneNbg0
 *fill*         0x00000000060371cc        0x4 
 SLPROG         0x00000000060371d0        0xc /joe/Compiler/COMMON/SGL_302j/LIB_ELF/LIBSGL.A(sglB056.o)
                0x00000000060371d0                slPlaneNbg1
 *fill*         0x00000000060371dc        0x4 
 SLPROG         0x00000000060371e0       0x10 /joe/Compiler/COMMON/SGL_302j/LIB_ELF/LIBSGL.A(sglB057.o)
                0x00000000060371e0                slPlaneNbg2
 SLPROG         0x00000000060371f0       0x10 /joe/Compiler/COMMON/SGL_302j/LIB_ELF/LIBSGL.A(sglB058.o)
                0x00000000060371f0                slPlaneNbg3
 SLPROG         0x0000000006037200        0xc /joe/Compiler/COMMON/SGL_302j/LIB_ELF/LIBSGL.A(sglB059.o)
                0x0000000006037200                slPlaneRA
 *fill*         0x000000000603720c        0x4 
 SLPROG         0x0000000006037210       0x10 /joe/Compiler/COMMON/SGL_302j/LIB_ELF/LIBSGL.A(sglB060.o)
                0x0000000006037210                slPlaneRB
 SLPROG         0x0000000006037220        0xc /joe/Compiler/COMMON/SGL_302j/LIB_ELF/LIBSGL.A(sglB063.o)
                0x0000000006037220                slPriority
 *fill*         0x000000000603722c        0x4 
 SLPROG         0x0000000006037230       0x18 /joe/Compiler/COMMON/SGL_302j/LIB_ELF/LIBSGL.A(sglB087.o)
                0x0000000006037230                slLineScrollTable0
 *fill*         0x0000000006037248        0x8 
 SLPROG         0x0000000006037250        0x8 /joe/Compiler/COMMON/SGL_302j/LIB_ELF/LIBSGL.A(sglB088.o)
                0x0000000006037250                slLineScrollTable1
 *fill*         0x0000000006037258        0x8 
 SLPROG         0x0000000006037260        0xc /joe/Compiler/COMMON/SGL_302j/LIB_ELF/LIBSGL.A(sglB090.o)
                0x0000000006037260                slLineScrollMode
 *fill*         0x000000000603726c        0x4 
 SLPROG         0x0000000006037270      0x114 /joe/Compiler/COMMON/SGL_302j/LIB_ELF/LIBSGL.A(sglB200.o)
                0x0000000006037270                slCharRbg0
                0x000000000603727c                slCharNbg0
                0x0000000006037288                slCharNbg1
                0x0000000006037294                slCharNbg2
                0x00000000060372aa                slCharNbg3
                0x00000000060372c2                slPageRbg0
                0x00000000060372d8                slPageNbg1
                0x00000000060372e0                slPageNbg2
                0x00000000060372e8                slPageNbg3
                0x00000000060372f4                slPageNbg0
 *fill*         0x0000000006037384        0xc 
 SLPROG         0x0000000006037390       0x6c /joe/Compiler/COMMON/SGL_302j/LIB_ELF/LIBSGL.A(sglC01.o)
                0x0000000006037390                slPerspective
 *fill*         0x00000000060373fc        0x4 
 SLPROG         0x0000000006037400       0xc4 /joe/Compiler/COMMON/SGL_302j/LIB_ELF/LIBSGL.A(sglC03.o)
                0x0000000006037400                slWindow
 *fill*         0x00000000060374c4        0xc 
 SLPROG         0x00000000060374d0       0x2c /joe/Compiler/COMMON/SGL_302j/LIB_ELF/LIBSGL.A(sglC04.o)
                0x00000000060374d0                slZdspLevel
 *fill*         0x00000000060374fc        0x4 
 SLPROG         0x0000000006037500       0x78 /joe/Compiler/COMMON/SGL_302j/LIB_ELF/LIBSGL.A(sglC05.o)
                0x0000000006037500                slSetSprite
 *fill*         0x0000000006037578        0x8 
 SLPROG         0x0000000006037580       0xfa /joe/Compiler/COMMON/SGL_302j/LIB_ELF/LIBSGL.A(sglC06.o)
                0x0000000006037580                slDispSprite
 *fill*         0x000000000603767a        0x6 
 SLPROG         0x0000000006037680      0x162 /joe/Compiler/COMMON/SGL_302j/LIB_ELF/LIBSGL.A(sglC07.o)
                0x0000000006037686                slPutSprite
 *fill*         0x00000000060377e2        0xe 
 SLPROG         0x00000000060377f0     0x1218 /joe/Compiler/COMMON/SGL_302j/LIB_ELF/LIBSGL.A(sglC08.o)
                0x00000000060377f0                slPutPolygon
                0x000000000603846c                MsCalcDepthFlat
 *fill*         0x0000000006038a08        0x8 
 SLPROG         0x0000000006038a10       0x8c /joe/Compiler/COMMON/SGL_302j/LIB_ELF/LIBSGL.A(sglC14.o)
                0x0000000006038a10                slCurWindow
 *fill*         0x0000000006038a9c        0x4 
 SLPROG         0x0000000006038aa0       0x54 /joe/Compiler/COMMON/SGL_302j/LIB_ELF/LIBSGL.A(sglC16.o)
                0x0000000006038aa0                slDynamicFrame
 *fill*         0x0000000006038af4        0xc 
 SLPROG         0x0000000006038b00       0x4c /joe/Compiler/COMMON/SGL_302j/LIB_ELF/LIBSGL.A(sglC17.o)
                0x0000000006038b00                slDispSpriteHV
 *fill*         0x0000000006038b4c        0x4 
 SLPROG         0x0000000006038b50       0xd4 /joe/Compiler/COMMON/SGL_302j/LIB_ELF/LIBSGL.A(sglC19.o)
                0x0000000006038b50                slDispSprite4P
 *fill*         0x0000000006038c24        0xc 
 SLPROG         0x0000000006038c30       0x40 /joe/Compiler/COMMON/SGL_302j/LIB_ELF/LIBSGL.A(sglC20.o)
                0x0000000006038c30                SpriteEntry
 SLPROG         0x0000000006038c70      0x4ae /joe/Compiler/COMMON/SGL_302j/LIB_ELF/LIBSGL.A(sglC21.o)
                0x0000000006038cf8                RotSprite
                0x0000000006038d86                SetSprPosition
 *fill*         0x000000000603911e        0x2 
 SLPROG         0x0000000006039120       0x84 /joe/Compiler/COMMON/SGL_302j/LIB_ELF/LIBSGL.A(sglD00.o)
                0x0000000006039120                slDMACopy
                0x0000000006039120                slCpuDMACopy
                0x000000000603917a                slCashPurge
                0x000000000603917a                CSH_AllClr
 *fill*         0x00000000060391a4        0xc 
 SLPROG         0x00000000060391b0       0xa0 /joe/Compiler/COMMON/SGL_302j/LIB_ELF/LIBSGL.A(sglD01.o)
                0x00000000060391b0                slDMAXCopy
 SLPROG         0x0000000006039250       0x10 /joe/Compiler/COMMON/SGL_302j/LIB_ELF/LIBSGL.A(sglD02.o)
                0x0000000006039250                slDMAWait
 SLPROG         0x0000000006039260        0xc /joe/Compiler/COMMON/SGL_302j/LIB_ELF/LIBSGL.A(sglD03.o)
                0x0000000006039260                slDMAStatus
 *fill*         0x000000000603926c        0x4 
 SLPROG         0x0000000006039270       0x20 /joe/Compiler/COMMON/SGL_302j/LIB_ELF/LIBSGL.A(sglD15.o)
                0x0000000006039270                CSH_Purge
 SLPROG         0x0000000006039290       0x84 /joe/Compiler/COMMON/SGL_302j/LIB_ELF/LIBSGL.A(sglD16.o)
                0x0000000006039290                DMA_ScuSetPrm
                0x00000000060392d8                DMA_SCU_PRM0
 *fill*         0x0000000006039314        0xc 
 SLPROG         0x0000000006039320       0x88 /joe/Compiler/COMMON/SGL_302j/LIB_ELF/LIBSGL.A(sglD17.o)
                0x0000000006039320                DMA_ScuStart
 *fill*         0x00000000060393a8        0x8 
 SLPROG         0x00000000060393b0       0x34 /joe/Compiler/COMMON/SGL_302j/LIB_ELF/LIBSGL.A(sglD18.o)
                0x00000000060393b0                DMA_ScuGetStatus
 *fill*         0x00000000060393e4        0xc 
 SLPROG         0x00000000060393f0       0x34 /joe/Compiler/COMMON/SGL_302j/LIB_ELF/LIBSGL.A(sglF08.o)
                0x00000000060393f0                slDec2Hex
 *fill*         0x0000000006039424        0xc 
 SLPROG         0x0000000006039430      0xfc8 /joe/Compiler/COMMON/SGL_302j/LIB_ELF/LIBSGL.A(sglH00.o)
                0x0000000006039448                slGetPortDir1
                0x0000000006039450                slGetPortDir2
                0x0000000006039458                slSetPortDir1
                0x0000000006039482                slSetPortDir2
                0x00000000060394bc                slGetPortData1
                0x00000000060394c4                slGetPortData2
                0x00000000060394cc                slSetPortData1
                0x00000000060394d6                slSetPortData2
                0x00000000060394e8                slGetPortSelect1
                0x00000000060394f2                slGetPortSelect2
                0x00000000060394fc                slSetPortSelect1
                0x0000000006039530                slSetPortSelect2
                0x000000000603956c                slGetPortExt1
                0x0000000006039576                slGetPortExt2
                0x0000000006039580                slSetPortExt1
                0x00000000060395b0                slSetPortExt2
                0x0000000006039724                slSmpcDirectAccess
                0x00000000060397a4                slInitPeripheral
                0x0000000006039836                slSetResultBuffer
                0x00000000060398c2                slCheckIntBackSet
                0x00000000060398ce                slIntBackCancel
                0x00000000060398f8                slCheckReset
                0x0000000006039902                slClearReset
                0x0000000006039ac8                slSmpcCashSend
                0x0000000006039b84                slSmpcCashBlow
                0x0000000006039c60                slGetOptimize
                0x0000000006039c6a                slSetOptimize
                0x0000000006039c90                slGetPortMode1
                0x0000000006039c9c                slGetPortMode2
                0x0000000006039caa                slSetPortMode1
                0x0000000006039ce8                slSetPortMode2
                0x0000000006039e74                slRequestCommand
                0x0000000006039ee4                Smpc_Status
                0x0000000006039ee8                Smpc_Result
                0x0000000006039eec                Smpc_Peripheral
                0x0000000006039ef2                Per_Connect1
                0x0000000006039ef3                Per_Connect2
                0x0000000006039f14                SmpcStatusBuf
 *fill*         0x000000000603a3f8        0x8 
 SLPROG         0x000000000603a400       0xa8 /joe/Compiler/COMMON/SGL_302j/LIB_ELF/LIBSGL.A(sglH01.o)
                0x000000000603a400                slGetLanguage
                0x000000000603a40a                slSetLanguage
                0x000000000603a42c                slGetSoundEffect
                0x000000000603a438                slSetSoundEffect
                0x000000000603a454                slGetSoundOutput
                0x000000000603a460                slSetSoundOutput
                0x000000000603a47c                slGetHelpWindow
                0x000000000603a488                slSetHelpWindow
 *fill*         0x000000000603a4a8        0x8 
 SLPROG         0x000000000603a4b0      0x470 /joe/Compiler/COMMON/SGL_302j/LIB_ELF/LIBSGL.A(sglH02.o)
                0x000000000603a8a0                smpc_pfr_tbl
                0x000000000603a8e0                smpc_ptf_tbl
 SLPROG         0x000000000603a920       0x60 /joe/Compiler/COMMON/SGL_302j/LIB_ELF/LIBSGL.A(sglH04.o)
                0x000000000603a920                slComPrmIntBack
                0x000000000603a934                slComPrmSetMemory
                0x000000000603a94a                slComPrmSetTime
 SLPROG         0x000000000603a980      0x3a4 /joe/Compiler/COMMON/SGL_302j/LIB_ELF/LIBSGL.A(sglI01.o)
                0x000000000603a980                slInitSynch
                0x000000000603a99a                slSynch
                0x000000000603aa90                slRandom
                0x000000000603aaae                PCM_EndCheck
                0x000000000603ab6a                RetPCMBuf
                0x000000000603ac04                PCM_Buf
                0x000000000603aca4                Sound_Buf
 *fill*         0x000000000603ad24        0xc 
 SLPROG         0x000000000603ad30       0x10 /joe/Compiler/COMMON/SGL_302j/LIB_ELF/LIBSGL.A(sglI04.o)
                0x000000000603ad30                slIntFunction
 SLPROG         0x000000000603ad40       0x74 /joe/Compiler/COMMON/SGL_302j/LIB_ELF/LIBSGL.A(sglJ00.o)
                0x000000000603ad40                InitSlaveSH
                0x000000000603ada8                SlaveCommand
 *fill*         0x000000000603adb4        0xc 
 SLPROG         0x000000000603adc0      0x3d0 /joe/Compiler/COMMON/SGL_302j/LIB_ELF/LIBSGL.A(sglJ01.o)
                0x000000000603adc0                SlaveControl
                0x000000000603b17c                ErasePolygonData
 SLPROG         0x000000000603b190     0x12b8 /joe/Compiler/COMMON/SGL_302j/LIB_ELF/LIBSGL.A(sglJ02.o)
                0x000000000603b190                sbMakePolygon
                0x000000000603b378                sbCalcPolygon
                0x000000000603c0b0                SetTexture
                0x000000000603c0bc                SetPolygon
                0x000000000603c0c4                SetPosition
                0x000000000603c0fc                stvtc_4
                0x000000000603c1b4                stvtc_3
                0x000000000603c3c4                stvtc_1
                0x000000000603c3d8                stvtc_2
                0x000000000603c3ec                stvtc_0
 *fill*         0x000000000603c448        0x8 
 SLPROG         0x000000000603c450      0x140 /joe/Compiler/COMMON/SGL_302j/LIB_ELF/LIBSGL.A(sglJ03.o)
                0x000000000603c450                sbMakeDMATable
 SLPROG         0x000000000603c590      0x470 /joe/Compiler/COMMON/SGL_302j/LIB_ELF/LIBSGL.A(sglJ04.o)
                0x000000000603c5ee                sbMakeSprite
                0x000000000603c654                sbMakeRotSprite
 SLPROG         0x000000000603ca00       0x3c /joe/Compiler/COMMON/SGL_302j/LIB_ELF/LIBSGL.A(sglJ05.o)
                0x000000000603ca00                sbSortEntry
 *fill*         0x000000000603ca3c        0x4 
 SLPROG         0x000000000603ca40      0x4b8 /joe/Compiler/COMMON/SGL_302j/LIB_ELF/LIBSGL.A(sglM00.o)
                0x000000000603ca40                slInitGouraud
                0x000000000603cb34                slPutPolygonX
                0x000000000603cb7a                slGouraudTblCopy
                0x000000000603cbd2                slSetGouraudTbl
                0x000000000603cbd8                slSetGouraudColor
                0x000000000603cc50                slSetAmbient
                0x000000000603cc74                slSetFlatColor
 *fill*         0x000000000603cef8        0x8 
 SLPROG         0x000000000603cf00       0x6a /joe/Compiler/COMMON/SGL_302j/LIB_ELF/LIBSGL.A(sglM01.o)
                0x000000000603cf00                slSetDepthLimit
                0x000000000603cf2c                slSetDepthTbl
                0x000000000603cf5c                DepthWorkArea
 *fill*         0x000000000603cf6a        0x6 
 SLPROG         0x000000000603cf70       0x20 /joe/Compiler/COMMON/SGL_302j/LIB_ELF/LIBSGL.A(sglA00.o)
                0x000000000603cf70                set_imask
                0x000000000603cf70                _builtin_set_imask
                0x000000000603cf84                get_imask
                0x000000000603cf84                _builtin_get_imask
 SLPROG         0x000000000603cf90     0x215c /joe/Compiler/COMMON/SGL_302j/LIB_ELF/LIBSGL.A(sglA03.o)
                0x000000000603cf90                slTan
 *fill*         0x000000000603f0ec        0x4 
 SLPROG         0x000000000603f0f0       0x34 /joe/Compiler/COMMON/SGL_302j/LIB_ELF/LIBSGL.A(sglA10.o)
                0x000000000603f0f0                slSquartDbl
 *fill*         0x000000000603f124        0xc 
 SLPROG         0x000000000603f130      0x3c2 /joe/Compiler/COMMON/SGL_302j/LIB_ELF/LIBSGL.A(sglA24.o)
                0x000000000603f130                slInversMatrix
 *fill*         0x000000000603f4f2        0xe 
 SLPROG         0x000000000603f500       0x24 /joe/Compiler/COMMON/SGL_302j/LIB_ELF/LIBSGL.A(sglA25.o)
                0x000000000603f500                slTransposeMatrix
 *fill*         0x000000000603f524        0xc 
 SLPROG         0x000000000603f530      0xbd0 /joe/Compiler/COMMON/SGL_302j/LIB_ELF/LIBSGL.A(sglB000.o)
                0x000000000603f530                slInitScroll
                0x000000000603f650                setASC_1to8
                0x000000000603f680                setASC_4to8
                0x000000000603f790                TVSizeTbl
                0x000000000603f810                TVModeTbl
                0x000000000603f9e8                SGL_ASCII_CG
 SLPROG         0x0000000006040100      0x134 /joe/Compiler/COMMON/SGL_302j/LIB_ELF/LIBSGL.A(sglC00.o)
                0x0000000006040100                slInitSprite
 *fill*         0x0000000006040234        0xc 
 SLPROG         0x0000000006040240       0xac /joe/Compiler/COMMON/SGL_302j/LIB_ELF/LIBSGL.A(sglC13.o)
                0x0000000006040240                slPutPolygonS
 *fill*         0x00000000060402ec        0x4 
 SLPROG         0x00000000060402f0       0xc0 /joe/Compiler/COMMON/SGL_302j/LIB_ELF/LIBSGL.A(sglD19.o)
                0x00000000060402f0                DMA_ScuMemCopy
 SLPROG         0x00000000060403b0      0x75c /joe/Compiler/COMMON/SGL_302j/LIB_ELF/LIBSGL.A(sglI00.o)
                0x00000000060406a0                slInitInterrupt
 *fill*         0x0000000006040b0c        0x4 
 SLPROG         0x0000000006040b10       0xf0 /joe/Compiler/COMMON/SGL_302j/LIB_ELF/LIBSGL.A(sglH03.o)
                0x0000000006040b74                slSmpcIntBack
                0x0000000006040c00                __slprog_end = .
