Archive member included to satisfy reference by file (symbol)

/joe/Compiler/COMMON/SGL_302j/LIB_ELF/SEGA_SYS.A(sys_exit.o)
                              jo_engine/core.o (symbol from plugin) (SYS_Exit)
/joe/Compiler/COMMON/SGL_302j/LIB_ELF/SEGA_SYS.A(sys_sub.o)
                              /joe/Compiler/COMMON/SGL_302j/LIB_ELF/SEGA_SYS.A(sys_exit.o) (SYSUB_SetStackptr)
/joe/Compiler/COMMON/SGL_302j/LIB_ELF/LIBCD.A(CDC_CMN.O)
                              /joe/Compiler/COMMON/SGL_302j/LIB_ELF/SEGA_SYS.A(sys_exit.o) (CDC_GetCurStat)
/joe/Compiler/COMMON/SGL_302j/LIB_ELF/LIBCD.A(CDC_DRV.O)
                              pcmsys.o (symbol from plugin) (CDC_CdPlay)
/joe/Compiler/COMMON/SGL_302j/LIB_ELF/LIBCD.A(CDC_CFS.O)
                              /joe/Compiler/COMMON/SGL_302j/LIB_ELF/SEGA_SYS.A(sys_exit.o) (CDC_ChgDir)
/joe/Compiler/COMMON/SGL_302j/LIB_ELF/LIBCD.A(CDC_REG.O)
                              /joe/Compiler/COMMON/SGL_302j/LIB_ELF/SEGA_SYS.A(sys_exit.o) (CDC_GetHirqReq)
/joe/Compiler/COMMON/SGL_302j/LIB_ELF/LIBCD.A(CDC_SUB.O)
                              /joe/Compiler/COMMON/SGL_302j/LIB_ELF/LIBCD.A(CDC_CMN.O) (CDSUB_UpdStatus)
/joe/Compiler/COMMON/SGL_302j/LIB_ELF/LIBCD.A(GFS.O)
                              pcmsys.o (symbol from plugin) (GFS_Init)
/joe/Compiler/COMMON/SGL_302j/LIB_ELF/LIBCD.A(GFS_BUF.O)
                              /joe/Compiler/COMMON/SGL_302j/LIB_ELF/LIBCD.A(GFS.O) (GFBF_GetNumData)
/joe/Compiler/COMMON/SGL_302j/LIB_ELF/LIBCD.A(GFS_CDB.O)
                              /joe/Compiler/COMMON/SGL_302j/LIB_ELF/LIBCD.A(GFS.O) (GFCB_Close)
/joe/Compiler/COMMON/SGL_302j/LIB_ELF/LIBCD.A(GFS_CDC.O)
                              /joe/Compiler/COMMON/SGL_302j/LIB_ELF/LIBCD.A(GFS.O) (GFCD_SetCdbfs)
/joe/Compiler/COMMON/SGL_302j/LIB_ELF/LIBCD.A(GFS_CDF.O)
                              /joe/Compiler/COMMON/SGL_302j/LIB_ELF/LIBCD.A(GFS.O) (GFCF_Init)
/joe/Compiler/COMMON/SGL_302j/LIB_ELF/LIBCD.A(GFS_DIR.O)
                              /joe/Compiler/COMMON/SGL_302j/LIB_ELF/LIBCD.A(GFS.O) (GFDR_SetupDirTbl)
/joe/Compiler/COMMON/SGL_302j/LIB_ELF/LIBCD.A(GFS_TRN.O)
                              /joe/Compiler/COMMON/SGL_302j/LIB_ELF/LIBCD.A(GFS.O) (GFTR_Setup)
/joe/Compiler/COMMON/SGL_302j/LIB_ELF/LIBCD.A(CDC_DEV.O)
                              /joe/Compiler/COMMON/SGL_302j/LIB_ELF/LIBCD.A(GFS_CDC.O) (CDC_CdSetCon)
/joe/Compiler/COMMON/SGL_302j/LIB_ELF/LIBCD.A(CDC_SEL.O)
                              /joe/Compiler/COMMON/SGL_302j/LIB_ELF/LIBCD.A(GFS_CDC.O) (CDC_SetFiltRange)
/joe/Compiler/COMMON/SGL_302j/LIB_ELF/LIBCD.A(CDC_BIF.O)
                              /joe/Compiler/COMMON/SGL_302j/LIB_ELF/LIBCD.A(GFS_CDC.O) (CDC_GetBufSiz)
/joe/Compiler/COMMON/SGL_302j/LIB_ELF/LIBCD.A(CDC_BIO.O)
                              /joe/Compiler/COMMON/SGL_302j/LIB_ELF/LIBCD.A(GFS_CDC.O) (CDC_SetSctLen)
/joe/Compiler/COMMON/SGL_302j/LIB_ELF/LIBSGL.A(sglA01.o)
                              jo_engine/math.o (symbol from plugin) (slSin)
/joe/Compiler/COMMON/SGL_302j/LIB_ELF/LIBSGL.A(sglA15.o)
                              jo_engine/slave.o (symbol from plugin) (slSlaveFunc)
/joe/Compiler/COMMON/SGL_302j/LIB_ELF/LIBSGL.A(sglA16.o)
                              main.o (symbol from plugin) (slLookAt)
/joe/Compiler/COMMON/SGL_302j/LIB_ELF/LIBSGL.A(sglA17.o)
                              /joe/Compiler/COMMON/SGL_302j/LIB_ELF/LIBSGL.A(sglA16.o) (slRotZ)
/joe/Compiler/COMMON/SGL_302j/LIB_ELF/LIBSGL.A(sglA18.o)
                              main.o (symbol from plugin) (slRotY)
/joe/Compiler/COMMON/SGL_302j/LIB_ELF/LIBSGL.A(sglA19.o)
                              main.o (symbol from plugin) (slRotX)
/joe/Compiler/COMMON/SGL_302j/LIB_ELF/LIBSGL.A(sglA20.o)
                              main.o (symbol from plugin) (slUnitMatrix)
/joe/Compiler/COMMON/SGL_302j/LIB_ELF/LIBSGL.A(sglA21.o)
                              main.o (symbol from plugin) (slPushMatrix)
/joe/Compiler/COMMON/SGL_302j/LIB_ELF/LIBSGL.A(sglA27.o)
                              /joe/Compiler/COMMON/SGL_302j/LIB_ELF/LIBSGL.A(sglA16.o) (slTranslate)
/joe/Compiler/COMMON/SGL_302j/LIB_ELF/LIBSGL.A(sglA28.o)
                              main.o (symbol from plugin) (slScale)
/joe/Compiler/COMMON/SGL_302j/LIB_ELF/LIBSGL.A(sglA40.o)
                              main.o (symbol from plugin) (slCalcVector)
/joe/Compiler/COMMON/SGL_302j/LIB_ELF/LIBSGL.A(sglB001.o)
                              main.o (symbol from plugin) (slTVOn)
/joe/Compiler/COMMON/SGL_302j/LIB_ELF/LIBSGL.A(sglB011.o)
                              jo_engine/vdp2.o (symbol from plugin) (slBitMapNbg1)
/joe/Compiler/COMMON/SGL_302j/LIB_ELF/LIBSGL.A(sglB014.o)
                              jo_engine/vdp2.o (symbol from plugin) (slScrTransparent)
/joe/Compiler/COMMON/SGL_302j/LIB_ELF/LIBSGL.A(sglB015.o)
                              jo_engine/vdp2.o (symbol from plugin) (slScrAutoDisp)
/joe/Compiler/COMMON/SGL_302j/LIB_ELF/LIBSGL.A(sglB016.o)
[...]
Memory Configuration

Name             Origin             Length             Attributes
*default*        0x0000000000000000 0xffffffffffffffff

Linker script and memory map


SLSTART         0x0000000006004000       0x30
                0x0000000006004000                ___Start = .
 *(SLSTART)
 SLSTART        0x0000000006004000       0x28 /joe/Compiler/COMMON/SGL_302j/LIB_ELF/LIBSGL.A(sglI00.o)
                0x0000000006004000                SGL_Start
                0x0000000006004002                slStartSGL

.text           0x0000000006004040    0x260e0
 *(.text)
 .text          0x0000000006004040        0x0 /joe/Compiler/COMMON/SGL_302j/LIB_ELF/SGLAREA.O
 .text          0x0000000006004040     0x8c08 /tmp/ccA3ZA5W.ltrans0.ltrans.o
                0x0000000006004fa4                jo_sprite_draw.constprop.40
                0x00000000060050e8                jo_nbg2_print.constprop.39
                0x0000000006005174                render_CLUT_sprite_MESH.constprop.38
                0x00000000060051c0                __jo_core_set_screens_order.constprop.37
                0x0000000006005290                CDDAPlaySingle.constprop.32
                0x00000000060052cc                jo_free
                0x00000000060052f4                jo_vdp2_clear_bitmap_nbg1.constprop.24
                0x0000000006005364                jo_vdp2_malloc
                0x0000000006005508                jo_vdp2_free
                0x0000000006005700                jo_vdp2_disable_rbg0
                0x00000000060058e0                __jo_create_map.lto_priv.633
                0x0000000006005958                jo_img_to_vdp2_cells
                0x0000000006005a00                jo_set_default_background_color
                0x0000000006005c30                jo_sprite_free_from
                0x0000000006005d30                load_textures.constprop.26
                0x0000000006005fd8                jo_random
                0x0000000006006048                jo_atan2f_rad
                0x000000000600620c                load_binary.constprop.30
                0x0000000006006d18                jo_fixed_cos
                0x0000000006006d74                jo_fixed_sin
                0x000000000600722c                __jo_tga_any_loader
                0x00000000060073f4                jo_sprite_add_tga.constprop.25
                0x0000000006007568                _realloc_r
                0x000000000600760c                _calloc_r
                0x0000000006007640                _free_r
                0x0000000006007670                _malloc_r
                0x0000000006007704                mnet_log
                0x00000000060077a0                mnet_client_log
                0x0000000006007890                mnet_send_disconnect
                0x00000000060078fc                mnet_send_remove_local_player
                0x0000000006007978                mnet_tick
                0x00000000060089ec                mnet_init
                0x00000000060090ac                lobby_screen
                0x000000000600a4c4                modem_command_timeout.lto_priv.632
                0x000000000600a6e4                modem_parse_response.lto_priv.613
                0x000000000600a804                modem_dial.lto_priv.611
                0x000000000600aa4c                modem_probe.lto_priv.612
                0x000000000600ae0c                modem_init.lto_priv.631
                0x000000000600c3c8                name_entry_screen.part.1
 .text          0x000000000600cc48     0xd140 /tmp/ccA3ZA5W.ltrans1.ltrans.o
                0x000000000600dd40                my_vblank
                0x000000000600ef0c                getGridChar.lto_priv.564
                0x000000000600efc4                load_16bit_pcm
                0x000000000600f1f4                init_3d_planes
                0x000000000600f734                load_trackmap
                0x000000000600f770                load_preview
                0x000000000600f7ac                load_level
                0x000000000600f890                load_car
                0x000000000600fa64                create_player
                0x000000000600fca4                reset_demo
                0x000000000600feac                init_1p_display
                0x000000000600ff34                ztClearText
                0x0000000006016fc4                mmm_get_p2_port
                0x0000000006016ff0                gameLoop
 .text          0x0000000006019d88     0x23bc /tmp/ccA3ZA5W.ltrans2.ltrans.o
                0x0000000006019d88                saturn_transport_send.lto_priv.563
                0x0000000006019de0                saturn_transport_rx_byte.lto_priv.562
                0x0000000006019df4                saturn_transport_rx_ready.lto_priv.561
                0x000000000601a2c0                saturn_uart_puts.lto_priv.493.lto_priv.495
                0x000000000601a314                modem_read_line.lto_priv.496.lto_priv.498
                0x000000000601a4c4                modem_escape_to_command.lto_priv.499.lto_priv.501
                0x000000000601ab50                saturn_uart_init.lto_priv.502.lto_priv.504
                0x000000000601ac08                saturn_uart_set_baud.lto_priv.505.lto_priv.507
                0x000000000601b5dc                saturn_uart_flush_rx.lto_priv.508.lto_priv.510
                0x000000000601b628                saturn_uart_loopback_test.lto_priv.511.lto_priv.513
                0x000000000601b6f0                saturn_uart_read_raw.lto_priv.514.lto_priv.516
                0x000000000601b76c                saturn_uart_getc_timeout.lto_priv.517.lto_priv.519
                0x000000000601b7a0                saturn_uart_getc.lto_priv.520.lto_priv.522
                0x000000000601b7cc                saturn_uart_putc.lto_priv.523.lto_priv.525
                0x000000000601b808                saturn_uart_read_iir.lto_priv.526.lto_priv.528
                0x000000000601b820                saturn_uart_read_msr.lto_priv.529.lto_priv.531
                0x000000000601b840                saturn_uart_read_lsr.lto_priv.532.lto_priv.534
                0x000000000601b85c                saturn_uart_clear_errors.lto_priv.535.lto_priv.537
                0x000000000601b87c                saturn_uart_rx_error.lto_priv.538.lto_priv.540
                0x000000000601b89c                saturn_uart_rx_ready.lto_priv.541.lto_priv.543
                0x000000000601b8b8                saturn_uart_tx_ready.lto_priv.544.lto_priv.546
                0x000000000601b998                saturn_uart_detect.lto_priv.351
                0x000000000601ba24                saturn_uart_reg_write.lto_priv.547.lto_priv.549
                0x000000000601ba3c                saturn_uart_reg_read.lto_priv.550.lto_priv.552
                0x000000000601ba58                saturn_netlink_smpc_disable.lto_priv.553.lto_priv.555
                0x000000000601ba84                saturn_netlink_smpc_enable.lto_priv.556
                0x000000000601bb10                saturn_smpc_command.lto_priv.558.lto_priv.560
                0x000000000601bb38                mnet_encode_lap_complete.lto_priv.368.lto_priv.372
                0x000000000601bb60                mnet_encode_client_log.lto_priv.363.lto_priv.367
                0x000000000601bc08                mnet_encode_leaderboard_req.lto_priv.373.lto_priv.377
                0x000000000601bc18                mnet_encode_remove_local_player.lto_priv.378.lto_priv.382
                0x000000000601bc28                mnet_encode_add_local_player.lto_priv.353.lto_priv.357
                0x000000000601bcac                mnet_encode_powerup_pickup.lto_priv.383.lto_priv.387
                0x000000000601bcc0                mnet_encode_player_state_p2.lto_priv.388.lto_priv.392
                0x000000000601bd58                mnet_encode_player_state.lto_priv.393.lto_priv.397
                0x000000000601bde8                mnet_encode_input_state_p2.lto_priv.398.lto_priv.402
                0x000000000601be14                mnet_encode_input_state.lto_priv.403.lto_priv.407
                0x000000000601be3c                mnet_encode_car_select.lto_priv.408.lto_priv.412
                0x000000000601be50                mnet_encode_start_game.lto_priv.413.lto_priv.417
                0x000000000601be60                mnet_encode_ready.lto_priv.418.lto_priv.422
                0x000000000601be70                mnet_encode_heartbeat.lto_priv.423.lto_priv.427
                0x000000000601be80                mnet_encode_disconnect.lto_priv.428.lto_priv.432
                0x000000000601be90                mnet_encode_set_username.lto_priv.358.lto_priv.362
                0x000000000601bf10                mnet_encode_connect_uuid.lto_priv.433.lto_priv.437
                0x000000000601bf30                mnet_encode_connect.lto_priv.438.lto_priv.442
                0x000000000601bf40                mnet_read_string.lto_priv.443.lto_priv.447
                0x000000000601bf88                mnet_rx_poll.lto_priv.448.lto_priv.492
                0x000000000601c038                mnet_rx_init.lto_priv.452.lto_priv.456
                0x000000000601c048                mnet_send_frame.lto_priv.457.lto_priv.461
                0x000000000601c088                net_transport_is_connected.lto_priv.462.lto_priv.466
                0x000000000601c0a0                net_transport_send.lto_priv.467.lto_priv.471
                0x000000000601c0b4                net_transport_rx_byte.lto_priv.472.lto_priv.476
                0x000000000601c0c8                net_transport_rx_ready.lto_priv.477.lto_priv.481
                0x000000000601c0dc                get_gbr.lto_priv.54.lto_priv.80
                0x000000000601c0e4                set_gbr.lto_priv.81.lto_priv.107
                0x000000000601c0ec                get_vbr.lto_priv.108.lto_priv.134
                0x000000000601c0f4                set_vbr.lto_priv.135.lto_priv.161
                0x000000000601c0fc                set_imask.lto_priv.162.lto_priv.188
                0x000000000601c110                get_imask.lto_priv.189.lto_priv.215
                0x000000000601c11c                get_sr.lto_priv.216.lto_priv.242
                0x000000000601c124                set_sr.lto_priv.243.lto_priv.269
                0x000000000601c12c                tas.lto_priv.270.lto_priv.296
                0x000000000601c134                sleep.lto_priv.297.lto_priv.323
                0x000000000601c13c                nop.lto_priv.324.lto_priv.350
 *fill*         0x000000000601c144        0xc 
 .text          0x000000000601c150      0x238 /joe/Compiler/COMMON/SGL_302j/LIB_ELF/SEGA_SYS.A(sys_exit.o)
                0x000000000601c150                sys_version
                0x000000000601c170                SYS_Exit
 *fill*         0x000000000601c388        0x8 
 .text          0x000000000601c390        0x6 /joe/Compiler/COMMON/SGL_302j/LIB_ELF/SEGA_SYS.A(sys_sub.o)
                0x000000000601c390                SYSUB_SetStackptr
 *fill*         0x000000000601c396        0xa 
 .text          0x000000000601c3a0      0x3a0 /joe/Compiler/COMMON/SGL_302j/LIB_ELF/LIBCD.A(CDC_CMN.O)
                0x000000000601c3a0                CDC_GetCurStat
                0x000000000601c3f0                CDC_GetLastStat
                0x000000000601c408                CDC_GetPeriStat
                0x000000000601c4dc                CDC_GetHwInfo
                0x000000000601c544                CDC_TgetToc
                0x000000000601c594                CDC_GetSes
                0x000000000601c5d0                CDC_CdInit
                0x000000000601c654                CDC_CdOpen
                0x000000000601c67c                CDC_DataReady
                0x000000000601c6e8                CDC_DataEnd
 .text          0x000000000601c740      0x130 /joe/Compiler/COMMON/SGL_302j/LIB_ELF/LIBCD.A(CDC_DRV.O)
                0x000000000601c740                CDC_CdPlay
                0x000000000601c80c                CDC_CdSeek
                0x000000000601c840                CDC_CdScan
 .text          0x000000000601c870      0x194 /joe/Compiler/COMMON/SGL_302j/LIB_ELF/LIBCD.A(CDC_CFS.O)
                0x000000000601c870                CDC_ChgDir
                0x000000000601c8a4                CDC_ReadDir
                0x000000000601c8d8                CDC_GetFileScope
                0x000000000601c938                CDC_TgetFileInfo
                0x000000000601c994                CDC_ReadFile
                0x000000000601c9c8                CDC_AbortFile
 *fill*         0x000000000601ca04        0xc 
 .text          0x000000000601ca10      0x2dc /joe/Compiler/COMMON/SGL_302j/LIB_ELF/LIBCD.A(CDC_REG.O)
                0x000000000601ca10                CDC_GetDataPtr
                0x000000000601ca20                CDC_GetHirqReq
                0x000000000601ca34                CDC_ClrHirqReq
                0x000000000601ca64                CDREG_ClrHirqReq
                0x000000000601ca74                CDREG_InitHirqReq
                0x000000000601ca9c                CDREG_SetHirqFlag
                0x000000000601cab0                CDC_GetHirqMsk
                0x000000000601cac4                CDC_SetHirqMsk
                0x000000000601cad4                CDC_GetMpegPtr
                0x000000000601cae4                CDREG_TgetData
                0x000000000601cb40                CDREG_CmdRsp
                0x000000000601cc40                CDREG_WaitHirq
                0x000000000601ccb0                CDREG_ReadRsp
 *fill*         0x000000000601ccec        0x4 
 .text          0x000000000601ccf0      0x152 /joe/Compiler/COMMON/SGL_302j/LIB_ELF/LIBCD.A(CDC_SUB.O)
                0x000000000601ccf0                CDSUB_UpdStatus
                0x000000000601cd08                CDSUB_UpdCdstat
                0x000000000601cd28                CDSUB_CdCmd
                0x000000000601cd98                CDSUB_GetCdstat
                0x000000000601cdd8                CDSUB_RspToCdstat
                0x000000000601ce20                CDSUB_SoftTimer
 *fill*         0x000000000601ce42        0xe 
 .text          0x000000000601ce50     0x1adc /joe/Compiler/COMMON/SGL_302j/LIB_ELF/LIBCD.A(GFS.O)
                0x000000000601ce50                gfs_version
                0x000000000601ce70                GFS_Init
                0x000000000601cf58                GFS_LoadDir
                0x000000000601d000                GFS_SetDir
                0x000000000601d068                GFS_NameToId
                0x000000000601d0cc                GFS_IdToName
                0x000000000601d138                GFS_GetDirInfo
                0x000000000601d1a8                GFS_Reset
                0x000000000601d22c                GFS_Open
                0x000000000601d2e0                GFS_Close
                0x000000000601d318                GFS_Seek
                0x000000000601d3cc                GFS_Tell
                0x000000000601d41c                GFS_IsEof
                0x000000000601d470                GFS_ByteToSct
                0x000000000601d4cc                GFS_GetFileSize
                0x000000000601d528                GFS_GetFileInfo
                0x000000000601d59c                GFS_GetNumCdbuf
                0x000000000601d5c4                GFS_Load
                0x000000000601d688                GFS_Fread
                0x000000000601d724                gfs_waitRead
                0x000000000601d7cc                GFS_NwFread
                0x000000000601d8d8                GFS_NwCdRead
                0x000000000601d950                GFS_NwIsComplete
                0x000000000601d988                GFS_NwStop
                0x000000000601d9f4                GFS_NwGetStat
                0x000000000601da70                gfs_recovRdErr
                0x000000000601daa0                GFS_NwExecOne
                0x000000000601db60                GFS_NwExecServer
                0x000000000601dbdc                GFS_SetGmode
                0x000000000601dc40                GFS_SetTmode
                0x000000000601dcac                GFS_SetReadPara
                0x000000000601dd10                GFS_SetTransPara
                0x000000000601dd7c                GFS_SetTrFunc
                0x000000000601dde0                GFS_StartTrans
                0x000000000601de2c                GFS_CdMovePickup
                0x000000000601de98                GFS_SetErrFunc
                0x000000000601dec4                GFS_GetErrStat
                0x000000000601dee8                GFS_ConvTno
                0x000000000601df10                gfs_chgRoot
                0x000000000601dfdc                gfs_aborttrans
                0x000000000601dfe8                gfs_mngSetupFuncTbl
                0x000000000601e01c                gfs_mngInitWork
                0x000000000601e0c0                gfs_mngGetNumFile
                0x000000000601e128                GFS_mngAllocGrp
                0x000000000601e170                gfs_mngFreeGrp
                0x000000000601e17c                gfs_mngTermAccess
                0x000000000601e200                gfs_mngSetErrCode
                0x000000000601e280                gfs_svrSearchHndl
                0x000000000601e2c0                gfs_svrAddHndl
                0x000000000601e2fc                gfs_svrRemoveHndl
                0x000000000601e358                GFS_OpenSub
                0x000000000601e3b0                gfs_loadVol
                0x000000000601e474                gfs_getRootDir
                0x000000000601e570                gfs_loadRootDir
                0x000000000601e5f8                gfs_flowIn
                0x000000000601e6a0                gfs_transData
                0x000000000601e744                GFS_GetFad
                0x000000000601e79c                gfs_SetSct
                0x000000000601e7dc                gfs_GetFinfo
                0x000000000601e81c                gfs_closeSub
                0x000000000601e858                gfs_getGmode
                0x000000000601e864                gfs_isTaskDone
                0x000000000601e8b8                gfs_convFinStat
 *fill*         0x000000000601e92c        0x4 
 .text          0x000000000601e930      0x106 /joe/Compiler/COMMON/SGL_302j/LIB_ELF/LIBCD.A(GFS_BUF.O)
                0x000000000601e960                GFBF_GetTranData
                0x000000000601e988                GFBF_GetNumData
                0x000000000601e9b8                GFBF_GetSrcPk
                0x000000000601e9e0                GFBF_GetSctData
                0x000000000601ea04                GFBF_RtnPk
                0x000000000601ea2c                gfbf_getSctDt
 *fill*         0x000000000601ea36        0xa 
 .text          0x000000000601ea40      0x600 /joe/Compiler/COMMON/SGL_302j/LIB_ELF/LIBCD.A(GFS_CDB.O)
                0x000000000601ea40                GFCB_Setup
                0x000000000601eb60                GFCB_Close
                0x000000000601eb88                GFCB_GetLenData
                0x000000000601ec34                GFCB_GetLenRoom
                0x000000000601ec40                GFCB_SetFilt
                0x000000000601eca8                GFCB_DeleteAllData
                0x000000000601ecd0                GFCB_Tell
                0x000000000601ece0                gfcb_getSctNum
                0x000000000601ed30                GFCB_Seek
                0x000000000601ee2c                GFCB_GetSrcPack
                0x000000000601ef0c                GFCB_GetSctData
                0x000000000601ef44                GFCB_GetDstPack
                0x000000000601ef50                GFCB_RtnPk
                0x000000000601ef98                GFCB_MovePickup
                0x000000000601efb4                GFCB_SetCon
                0x000000000601efe8                GFCB_GetPickup
                0x000000000601f010                GFCB_IsPuOwner
                0x000000000601f028                GFCB_UngetPickup
 .text          0x000000000601f040     0x1a10 /joe/Compiler/COMMON/SGL_302j/LIB_ELF/LIBCD.A(GFS_CDC.O)
                0x000000000601f040                GFCD_SetCdbfs
                0x000000000601f06c                GFCD_Init
                0x000000000601f270                GFCD_AllocFilt
                0x000000000601f2ac                GFCD_FreeFilt
                0x000000000601f2dc                GFCD_AllocBuf
                0x000000000601f310                GFCD_FreeBuf
                0x000000000601f3b4                GFCD_GetBaseFad
                0x000000000601f3e8                GFCD_GetPickup
                0x000000000601f41c                GFCD_UngetPickup
                0x000000000601f448                GFCD_IsPuOwner
                0x000000000601f46c                GFCD_SetFilt
                0x000000000601f530                GFCD_GetFilt
                0x000000000601f578                GFCD_SetCon
                0x000000000601f5d0                GFCD_Play
                0x000000000601f630                GFCD_GetLenData
                0x000000000601f698                GFCD_ReqData
                0x000000000601f6f4                GFCD_EndData
                0x000000000601f73c                GFCD_DelSctData
                0x000000000601f794                GFCD_CheckDelSctData
                0x000000000601f7c4                GFCD_GetStat
                0x000000000601f878                GFCD_MovePickup
                0x000000000601f8c4                GFCD_MoveSctData
                0x000000000601f938                GFCD_CheckMove
                0x000000000601f95c                GFCD_GetSctInfo
                0x000000000601f9a4                GFCD_ChgDir
                0x000000000601fa18                GFCD_SetFiltCon
                0x000000000601fb00                GFCD_GetFileInfo
                0x000000000601fbdc                GFCD_GetBufSiz
                0x000000000601fc14                GFCD_ExecServer
                0x000000000601fce8                gfcd_isIdleTask
                0x000000000601fd74                gfcd_doTask
                0x000000000601fe20                GFCD_SetTimer
                0x000000000601fe34                GFCD_WaitServer
                0x000000000601fe70                gfcd_doSetFiltTsk
                0x0000000006020034                gfcd_doSetConTsk
                0x00000000060200c4                gfcd_doGetLenDataTsk
                0x0000000006020218                gfcd_doReqDataTsk
                0x00000000060202b8                gfcd_doDelSctDataTsk
                0x00000000060203ec                gfcd_doMoveSctTsk
                0x0000000006020550                gfcd_doChgDirTsk
                0x000000000602074c                gfcd_doSetFiltConTsk
                0x0000000006020890                gfcd_checkEflag
                0x00000000060208b4                gfcd_initCdbMng
                0x0000000006020934                gfcd_setStat
                0x0000000006020960                GFCD_SetCsctFunc
                0x000000000602097c                GFCD_ChkScdqFlag
                0x00000000060209a0                GFCD_ClrScdqFlag
                0x00000000060209bc                GFCD_WaitScdqFlag
                0x0000000006020a00                GFCD_WaitPause
 .text          0x0000000006020a50      0x8d8 /joe/Compiler/COMMON/SGL_302j/LIB_ELF/LIBCD.A(GFS_CDF.O)
                0x0000000006020a50                GFCF_Init
                0x0000000006020af0                GFCF_Setup
                0x0000000006020c38                GFCF_SetSct
                0x0000000006020c7c                GFCF_GetFileInfo
                0x0000000006020cf0                GFCF_FlowInBuf
                0x0000000006020e44                GFCF_StopInBuf
                0x0000000006020ee4                GFCF_Recover
                0x0000000006020f2c                GFCF_Tell
                0x0000000006020f44                GFCF_Seek
                0x0000000006020f5c                GFCF_MovePickup
                0x0000000006020ff8                GFCF_cnvIntlvOfs
                0x000000000602104c                GFCF_GetStat
                0x00000000060210e4                gfcf_getSctSize
                0x0000000006021120                gfcf_isCdOk
                0x00000000060211e0                gfcf_getPlayRange
 *fill*         0x0000000006021328        0x8 
 .text          0x0000000006021330      0x92c /joe/Compiler/COMMON/SGL_302j/LIB_ELF/LIBCD.A(GFS_DIR.O)
                0x0000000006021330                GFDR_SetupDirTbl
                0x00000000060213a4                GFDR_NameToId
                0x0000000006021404                GFDR_GetInfoDirId
                0x0000000006021418                GFDR_GetInfoDirName
                0x000000000602142c                GFDR_GetAtrDirId
                0x0000000006021444                GFDR_GetAtrDirName
                0x000000000602145c                GFDR_ChgRoot
                0x0000000006021474                GFDR_ChgDir
                0x00000000060214e8                gfdr_setupDirIdTbl
                0x000000000602156c                gfdr_setupDirNameTbl
                0x0000000006021618                gfdr_open
                0x0000000006021640                gfdr_read
                0x0000000006021700                gfdr_readByte
                0x000000000602172c                gfdr_readWord
                0x0000000006021758                gfdr_readWordNB
                0x00000000060217ac                gfdr_readLongNB
                0x00000000060217f8                gfdr_readLongNM
                0x0000000006021820                gfdr_setNextRec
                0x00000000060218a4                gfdr_readDirEnt
                0x0000000006021c20                gfdr_setDirrecCd
 *fill*         0x0000000006021c5c        0x4 
 .text          0x0000000006021c60      0x9c6 /joe/Compiler/COMMON/SGL_302j/LIB_ELF/LIBCD.A(GFS_TRN.O)
                0x0000000006021c90                GFTR_Setup
                0x0000000006021cd4                GFTR_SetMode
                0x0000000006021ce8                GFTR_SetUnit
                0x0000000006021cf4                GFTR_SetTransPara
                0x0000000006021d28                GFTR_GetTransPara
                0x0000000006021d34                GFTR_GetNumTrans
                0x0000000006021d40                GFTR_SetTransMax
                0x0000000006021d4c                GFTR_Start
                0x0000000006021d58                GFTR_Pause
                0x0000000006021d64                GFTR_Stop
                0x0000000006021e1c                GFTR_Exec
                0x0000000006021ea0                GFTR_Idle
                0x0000000006021f18                GFTR_ExecSvr
                0x0000000006022020                gftr_getSrcPack
                0x00000000060220a8                gftr_getDstPack
                0x0000000006022104                gftr_reqScu
                0x0000000006022110                gftr_execScu
                0x00000000060221ac                gftr_remScu
                0x00000000060221e0                gfdma_canUse
                0x00000000060221ec                gfdma_exec
                0x000000000602225c                gfdma_getBytecnt
                0x0000000006022294                gftr_reqDma0
                0x00000000060222ac                gftr_execSdma0
                0x00000000060222d0                gftr_remDma0
                0x00000000060222e8                gftr_reqDma1
                0x0000000006022300                gftr_execSdma1
                0x0000000006022324                gftr_remDma1
                0x000000000602233c                gftr_reqCpu
                0x0000000006022348                gftr_execCpu
                0x0000000006022388                gftr_remCpu
                0x0000000006022394                gftr_reqTrn
                0x0000000006022404                gftr_execTrn
                0x00000000060224dc                gftr_remTrn
                0x0000000006022550                gftr_copyFrac
                0x0000000006022578                GFTR_GetLenData
                0x0000000006022584                GFTR_GetLenRoom
                0x000000000602259c                GFTR_GetDstPack
                0x00000000060225d0                GFTR_RtnDstPk
                0x00000000060225ec                GFTR_GetData
                0x0000000006022600                GFTR_SetData
                0x0000000006022614                GFTR_SetTransFunc
 *fill*         0x0000000006022626        0xa 
 .text          0x0000000006022630       0xa8 /joe/Compiler/COMMON/SGL_302j/LIB_ELF/LIBCD.A(CDC_DEV.O)
                0x0000000006022630                CDC_CdSetCon
                0x0000000006022660                CDC_CdGetCon
                0x000000000602269c                CDC_CdGetLastBuf
 *fill*         0x00000000060226d8        0x8 
 .text          0x00000000060226e0      0x2b8 /joe/Compiler/COMMON/SGL_302j/LIB_ELF/LIBCD.A(CDC_SEL.O)
                0x00000000060226e0                CDC_SetFiltRange
                0x0000000006022714                CDC_GetFiltRange
                0x000000000602276c                CDC_SetFiltSubh
                0x00000000060227dc                CDC_GetFiltSubh
                0x0000000006022858                CDC_SetFiltMode
                0x000000000602288c                CDC_GetFiltMode
                0x00000000060228d0                CDC_SetFiltCon
                0x0000000006022910                CDC_GetFiltCon
                0x0000000006022964                CDC_ResetSelector
 *fill*         0x0000000006022998        0x8 
 .text          0x00000000060229a0      0x270 /joe/Compiler/COMMON/SGL_302j/LIB_ELF/LIBCD.A(CDC_BIF.O)
                0x00000000060229a0                CDC_GetBufSiz
                0x00000000060229fc                CDC_GetSctNum
                0x0000000006022a40                CDC_CalActSiz
                0x0000000006022a7c                CDC_GetActSiz
                0x0000000006022afc                CDC_GetSctInfo
                0x0000000006022b7c                CDC_ExeFadSearch
                0x0000000006022bb4                CDC_GetFadSearch
 .text          0x0000000006022c10      0x1e4 /joe/Compiler/COMMON/SGL_302j/LIB_ELF/LIBCD.A(CDC_BIO.O)
                0x0000000006022c10                CDC_SetSctLen
                0x0000000006022c44                CDC_GetSctData
                0x0000000006022c80                CDC_DelSctData
                0x0000000006022cbc                CDC_GetdelSctData
                0x0000000006022cf8                CDC_PutSctData
                0x0000000006022d30                CDC_CopySctData
                0x0000000006022d74                CDC_MoveSctData
                0x0000000006022db8                CDC_GetCopyErr
 *fill*         0x0000000006022df4        0xc 
 .text          0x0000000006022e00        0x0 /joe/Compiler/COMMON/SGL_302j/LIB_ELF/LIBSGL.A(sglA01.o)
 .text          0x0000000006022e00        0x0 /joe/Compiler/COMMON/SGL_302j/LIB_ELF/LIBSGL.A(sglA15.o)
 .text          0x0000000006022e00        0x0 /joe/Compiler/COMMON/SGL_302j/LIB_ELF/LIBSGL.A(sglA16.o)
 .text          0x0000000006022e00        0x0 /joe/Compiler/COMMON/SGL_302j/LIB_ELF/LIBSGL.A(sglA17.o)
 .text          0x0000000006022e00        0x0 /joe/Compiler/COMMON/SGL_302j/LIB_ELF/LIBSGL.A(sglA18.o)
 .text          0x0000000006022e00        0x0 /joe/Compiler/COMMON/SGL_302j/LIB_ELF/LIBSGL.A(sglA19.o)
 .text          0x0000000006022e00        0x0 /joe/Compiler/COMMON/SGL_302j/LIB_ELF/LIBSGL.A(sglA20.o)
 .text          0x0000000006022e00        0x0 /joe/Compiler/COMMON/SGL_302j/LIB_ELF/LIBSGL.A(sglA21.o)
 .text          0x0000000006022e00        0x0 /joe/Compiler/COMMON/SGL_302j/LIB_ELF/LIBSGL.A(sglA27.o)
 .text          0x0000000006022e00        0x0 /joe/Compiler/COMMON/SGL_302j/LIB_ELF/LIBSGL.A(sglA28.o)
 .text          0x0000000006022e00        0x0 /joe/Compiler/COMMON/SGL_302j/LIB_ELF/LIBSGL.A(sglA40.o)
 .text          0x0000000006022e00        0x0 /joe/Compiler/COMMON/SGL_302j/LIB_ELF/LIBSGL.A(sglB001.o)
 .text          0x0000000006022e00        0x0 /joe/Compiler/COMMON/SGL_302j/LIB_ELF/LIBSGL.A(sglB011.o)
 .text          0x0000000006022e00        0x0 /joe/Compiler/COMMON/SGL_302j/LIB_ELF/LIBSGL.A(sglB014.o)
 .text          0x0000000006022e00        0x0 /joe/Compiler/COMMON/SGL_302j/LIB_ELF/LIBSGL.A(sglB015.o)
 .text          0x0000000006022e00        0x0 /joe/Compiler/COMMON/SGL_302j/LIB_ELF/LIBSGL.A(sglB016.o)
 .text          0x0000000006022e00        0x0 /joe/Compiler/COMMON/SGL_302j/LIB_ELF/LIBSGL.A(sglB020.o)
 .text          0x0000000006022e00        0x0 /joe/Compiler/COMMON/SGL_302j/LIB_ELF/LIBSGL.A(sglB021.o)
 .text          0x0000000006022e00        0x0 /joe/Compiler/COMMON/SGL_302j/LIB_ELF/LIBSGL.A(sglB023.o)
 .text          0x0000000006022e00        0x0 /joe/Compiler/COMMON/SGL_302j/LIB_ELF/LIBSGL.A(sglB031.o)
 .text          0x0000000006022e00        0x0 /joe/Compiler/COMMON/SGL_302j/LIB_ELF/LIBSGL.A(sglB032.o)
 .text          0x0000000006022e00        0x0 /joe/Compiler/COMMON/SGL_302j/LIB_ELF/LIBSGL.A(sglB033.o)
 .text          0x0000000006022e00        0x0 /joe/Compiler/COMMON/SGL_302j/LIB_ELF/LIBSGL.A(sglB034.o)
 .text          0x0000000006022e00        0x0 /joe/Compiler/COMMON/SGL_302j/LIB_ELF/LIBSGL.A(sglB035.o)
 .text          0x0000000006022e00        0x0 /joe/Compiler/COMMON/SGL_302j/LIB_ELF/LIBSGL.A(sglB036.o)
 .text          0x0000000006022e00        0x0 /joe/Compiler/COMMON/SGL_302j/LIB_ELF/LIBSGL.A(sglB038.o)
 .text          0x0000000006022e00        0x0 /joe/Compiler/COMMON/SGL_302j/LIB_ELF/LIBSGL.A(sglB039.o)
 .text          0x0000000006022e00        0x0 /joe/Compiler/COMMON/SGL_302j/LIB_ELF/LIBSGL.A(sglB040.o)
 .text          0x0000000006022e00        0x0 /joe/Compiler/COMMON/SGL_302j/LIB_ELF/LIBSGL.A(sglB041.o)
 .text          0x0000000006022e00        0x0 /joe/Compiler/COMMON/SGL_302j/LIB_ELF/LIBSGL.A(sglB042.o)
 .text          0x0000000006022e00        0x0 /joe/Compiler/COMMON/SGL_302j/LIB_ELF/LIBSGL.A(sglB043.o)
 .text          0x0000000006022e00        0x0 /joe/Compiler/COMMON/SGL_302j/LIB_ELF/LIBSGL.A(sglB044.o)
 .text          0x0000000006022e00        0x0 /joe/Compiler/COMMON/SGL_302j/LIB_ELF/LIBSGL.A(sglB045.o)
 .text          0x0000000006022e00        0x0 /joe/Compiler/COMMON/SGL_302j/LIB_ELF/LIBSGL.A(sglB047.o)
 .text          0x0000000006022e00        0x0 /joe/Compiler/COMMON/SGL_302j/LIB_ELF/LIBSGL.A(sglB048.o)
 .text          0x0000000006022e00        0x0 /joe/Compiler/COMMON/SGL_302j/LIB_ELF/LIBSGL.A(sglB055.o)
 .text          0x0000000006022e00        0x0 /joe/Compiler/COMMON/SGL_302j/LIB_ELF/LIBSGL.A(sglB056.o)
 .text          0x0000000006022e00        0x0 /joe/Compiler/COMMON/SGL_302j/LIB_ELF/LIBSGL.A(sglB057.o)
 .text          0x0000000006022e00        0x0 /joe/Compiler/COMMON/SGL_302j/LIB_ELF/LIBSGL.A(sglB058.o)
 .text          0x0000000006022e00        0x0 /joe/Compiler/COMMON/SGL_302j/LIB_ELF/LIBSGL.A(sglB059.o)
 .text          0x0000000006022e00        0x0 /joe/Compiler/COMMON/SGL_302j/LIB_ELF/LIBSGL.A(sglB060.o)
 .text          0x0000000006022e00        0x0 /joe/Compiler/COMMON/SGL_302j/LIB_ELF/LIBSGL.A(sglB063.o)
 .text          0x0000000006022e00        0x0 /joe/Compiler/COMMON/SGL_302j/LIB_ELF/LIBSGL.A(sglB087.o)
 .text          0x0000000006022e00        0x0 /joe/Compiler/COMMON/SGL_302j/LIB_ELF/LIBSGL.A(sglB088.o)
 .text          0x0000000006022e00        0x0 /joe/Compiler/COMMON/SGL_302j/LIB_ELF/LIBSGL.A(sglB090.o)
 .text          0x0000000006022e00        0x0 /joe/Compiler/COMMON/SGL_302j/LIB_ELF/LIBSGL.A(sglB200.o)
 .text          0x0000000006022e00        0x0 /joe/Compiler/COMMON/SGL_302j/LIB_ELF/LIBSGL.A(sglC01.o)
 .text          0x0000000006022e00        0x0 /joe/Compiler/COMMON/SGL_302j/LIB_ELF/LIBSGL.A(sglC03.o)
 .text          0x0000000006022e00        0x0 /joe/Compiler/COMMON/SGL_302j/LIB_ELF/LIBSGL.A(sglC04.o)
 .text          0x0000000006022e00        0x0 /joe/Compiler/COMMON/SGL_302j/LIB_ELF/LIBSGL.A(sglC05.o)
 .text          0x0000000006022e00        0x0 /joe/Compiler/COMMON/SGL_302j/LIB_ELF/LIBSGL.A(sglC06.o)
 .text          0x0000000006022e00        0x0 /joe/Compiler/COMMON/SGL_302j/LIB_ELF/LIBSGL.A(sglC07.o)
 .text          0x0000000006022e00        0x0 /joe/Compiler/COMMON/SGL_302j/LIB_ELF/LIBSGL.A(sglC08.o)
 .text          0x0000000006022e00        0x0 /joe/Compiler/COMMON/SGL_302j/LIB_ELF/LIBSGL.A(sglC14.o)
 .text          0x0000000006022e00        0x0 /joe/Compiler/COMMON/SGL_302j/LIB_ELF/LIBSGL.A(sglC16.o)
 .text          0x0000000006022e00        0x0 /joe/Compiler/COMMON/SGL_302j/LIB_ELF/LIBSGL.A(sglC17.o)
 .text          0x0000000006022e00        0x0 /joe/Compiler/COMMON/SGL_302j/LIB_ELF/LIBSGL.A(sglC19.o)
 .text          0x0000000006022e00        0x0 /joe/Compiler/COMMON/SGL_302j/LIB_ELF/LIBSGL.A(sglC20.o)
 .text          0x0000000006022e00        0x0 /joe/Compiler/COMMON/SGL_302j/LIB_ELF/LIBSGL.A(sglC21.o)
 .text          0x0000000006022e00        0x0 /joe/Compiler/COMMON/SGL_302j/LIB_ELF/LIBSGL.A(sglD00.o)
 .text          0x0000000006022e00        0x0 /joe/Compiler/COMMON/SGL_302j/LIB_ELF/LIBSGL.A(sglD01.o)
 .text          0x0000000006022e00        0x0 /joe/Compiler/COMMON/SGL_302j/LIB_ELF/LIBSGL.A(sglD02.o)
 .text          0x0000000006022e00        0x0 /joe/Compiler/COMMON/SGL_302j/LIB_ELF/LIBSGL.A(sglD03.o)
 .text          0x0000000006022e00        0x0 /joe/Compiler/COMMON/SGL_302j/LIB_ELF/LIBSGL.A(sglD15.o)
 .text          0x0000000006022e00        0x0 /joe/Compiler/COMMON/SGL_302j/LIB_ELF/LIBSGL.A(sglD16.o)
 .text          0x0000000006022e00        0x0 /joe/Compiler/COMMON/SGL_302j/LIB_ELF/LIBSGL.A(sglD17.o)
 .text          0x0000000006022e00        0x0 /joe/Compiler/COMMON/SGL_302j/LIB_ELF/LIBSGL.A(sglD18.o)
 .text          0x0000000006022e00        0x0 /joe/Compiler/COMMON/SGL_302j/LIB_ELF/LIBSGL.A(sglF08.o)
 .text          0x0000000006022e00        0x0 /joe/Compiler/COMMON/SGL_302j/LIB_ELF/LIBSGL.A(sglG00.o)
 .text          0x0000000006022e00        0x0 /joe/Compiler/COMMON/SGL_302j/LIB_ELF/LIBSGL.A(sglG01.o)
 .text          0x0000000006022e00        0x0 /joe/Compiler/COMMON/SGL_302j/LIB_ELF/LIBSGL.A(sglG19.o)
 .text          0x0000000006022e00        0x0 /joe/Compiler/COMMON/SGL_302j/LIB_ELF/LIBSGL.A(sglG21.o)
 .text          0x0000000006022e00        0x0 /joe/Compiler/COMMON/SGL_302j/LIB_ELF/LIBSGL.A(sglG22.o)
 .text          0x0000000006022e00        0x0 /joe/Compiler/COMMON/SGL_302j/LIB_ELF/LIBSGL.A(sglG25.o)
 .text          0x0000000006022e00        0x0 /joe/Compiler/COMMON/SGL_302j/LIB_ELF/LIBSGL.A(sglH00.o)
 .text          0x0000000006022e00        0x0 /joe/Compiler/COMMON/SGL_302j/LIB_ELF/LIBSGL.A(sglH01.o)
 .text          0x0000000006022e00        0x0 /joe/Compiler/COMMON/SGL_302j/LIB_ELF/LIBSGL.A(sglH02.o)
 .text          0x0000000006022e00        0x0 /joe/Compiler/COMMON/SGL_302j/LIB_ELF/LIBSGL.A(sglH04.o)
 .text          0x0000000006022e00        0x0 /joe/Compiler/COMMON/SGL_302j/LIB_ELF/LIBSGL.A(sglI01.o)
 .text          0x0000000006022e00        0x0 /joe/Compiler/COMMON/SGL_302j/LIB_ELF/LIBSGL.A(sglI04.o)
 .text          0x0000000006022e00      0x128 /joe/Compiler/COMMON/SGL_302j/LIB_ELF/LIBSGL.A(sglIc0.o)
                0x0000000006022e00                slInitSystem
 *fill*         0x0000000006022f28        0x8 
 .text          0x0000000006022f30        0x0 /joe/Compiler/COMMON/SGL_302j/LIB_ELF/LIBSGL.A(sglJ00.o)
 .text          0x0000000006022f30        0x0 /joe/Compiler/COMMON/SGL_302j/LIB_ELF/LIBSGL.A(sglJ01.o)
 .text          0x0000000006022f30        0x0 /joe/Compiler/COMMON/SGL_302j/LIB_ELF/LIBSGL.A(sglJ02.o)
 .text          0x0000000006022f30        0x0 /joe/Compiler/COMMON/SGL_302j/LIB_ELF/LIBSGL.A(sglJ03.o)
 .text          0x0000000006022f30        0x0 /joe/Compiler/COMMON/SGL_302j/LIB_ELF/LIBSGL.A(sglJ04.o)
 .text          0x0000000006022f30        0x0 /joe/Compiler/COMMON/SGL_302j/LIB_ELF/LIBSGL.A(sglJ05.o)
 .text          0x0000000006022f30        0x0 /joe/Compiler/COMMON/SGL_302j/LIB_ELF/LIBSGL.A(sglK01.o)
 .text          0x0000000006022f30        0x0 /joe/Compiler/COMMON/SGL_302j/LIB_ELF/LIBSGL.A(sglM00.o)
 .text          0x0000000006022f30        0x0 /joe/Compiler/COMMON/SGL_302j/LIB_ELF/LIBSGL.A(sglM01.o)
 .text          0x0000000006022f30        0x0 /joe/Compiler/COMMON/SGL_302j/LIB_ELF/LIBSGL.A(sglA00.o)
 .text          0x0000000006022f30        0x0 /joe/Compiler/COMMON/SGL_302j/LIB_ELF/LIBSGL.A(sglA03.o)
 .text          0x0000000006022f30        0x0 /joe/Compiler/COMMON/SGL_302j/LIB_ELF/LIBSGL.A(sglA10.o)
 .text          0x0000000006022f30        0x0 /joe/Compiler/COMMON/SGL_302j/LIB_ELF/LIBSGL.A(sglA24.o)
 .text          0x0000000006022f30        0x0 /joe/Compiler/COMMON/SGL_302j/LIB_ELF/LIBSGL.A(sglA25.o)
 .text          0x0000000006022f30        0x0 /joe/Compiler/COMMON/SGL_302j/LIB_ELF/LIBSGL.A(sglB000.o)
 .text          0x0000000006022f30        0x0 /joe/Compiler/COMMON/SGL_302j/LIB_ELF/LIBSGL.A(sglC00.o)
 .text          0x0000000006022f30        0x0 /joe/Compiler/COMMON/SGL_302j/LIB_ELF/LIBSGL.A(sglC13.o)
 .text          0x0000000006022f30        0x0 /joe/Compiler/COMMON/SGL_302j/LIB_ELF/LIBSGL.A(sglD19.o)
 .text          0x0000000006022f30        0x0 /joe/Compiler/COMMON/SGL_302j/LIB_ELF/LIBSGL.A(sglI00.o)
 .text          0x0000000006022f30        0x0 /joe/Compiler/COMMON/SGL_302j/LIB_ELF/LIBSGL.A(sglH03.o)
 .text          0x0000000006022f30       0x52 /joe/Compiler/LINUX/bin/../lib/gcc/sh-none-elf/8.2.0/libgcc.a(_ashiftrt.o)
                0x0000000006022f30                __ashiftrt_r4_31
                0x0000000006022f30                __ashiftrt_r4_32
                0x0000000006022f36                __ashiftrt_r4_30
                0x0000000006022f38                __ashiftrt_r4_29
                0x0000000006022f3a                __ashiftrt_r4_28
                0x0000000006022f3c                __ashiftrt_r4_27
                0x0000000006022f3e                __ashiftrt_r4_26
                0x0000000006022f40                __ashiftrt_r4_25
                0x0000000006022f42                __ashiftrt_r4_24
                0x0000000006022f4a                __ashiftrt_r4_23
                0x0000000006022f4c                __ashiftrt_r4_22
                0x0000000006022f4e                __ashiftrt_r4_21
                0x0000000006022f50                __ashiftrt_r4_20
                0x0000000006022f52                __ashiftrt_r4_19
                0x0000000006022f54                __ashiftrt_r4_18
                0x0000000006022f56                __ashiftrt_r4_17
                0x0000000006022f58                __ashiftrt_r4_16
                0x0000000006022f5e                __ashiftrt_r4_15
                0x0000000006022f60                __ashiftrt_r4_14
                0x0000000006022f62                __ashiftrt_r4_13
                0x0000000006022f64                __ashiftrt_r4_12
                0x0000000006022f66                __ashiftrt_r4_11
                0x0000000006022f68                __ashiftrt_r4_10
                0x0000000006022f6a                __ashiftrt_r4_9
                0x0000000006022f6c                __ashiftrt_r4_8
                0x0000000006022f6e                __ashiftrt_r4_7
                0x0000000006022f70                __ashiftrt_r4_6
                0x0000000006022f72                __ashiftrt_r4_5
                0x0000000006022f74                __ashiftrt_r4_4
                0x0000000006022f76                __ashiftrt_r4_3
                0x0000000006022f78                __ashiftrt_r4_2
                0x0000000006022f7a                __ashiftrt_r4_1
                0x0000000006022f7e                __ashiftrt_r4_0
 *fill*         0x0000000006022f82        0x2 
 .text          0x0000000006022f84       0xa0 /joe/Compiler/LINUX/bin/../lib/gcc/sh-none-elf/8.2.0/libgcc.a(_sdivsi3.o)
                0x0000000006022f84                __sdivsi3
 .text          0x0000000006023024       0x6c /joe/Compiler/LINUX/bin/../lib/gcc/sh-none-elf/8.2.0/libgcc.a(_udivsi3.o)
                0x0000000006023046                __udivsi3
 .text          0x0000000006023090      0x210 /joe/Compiler/LINUX/bin/../lib/gcc/sh-none-elf/8.2.0/libgcc.a(_addsub_sf.o)
                0x0000000006023204                __addsf3
                0x0000000006023250                __subsf3
 .text          0x00000000060232a0      0x134 /joe/Compiler/LINUX/bin/../lib/gcc/sh-none-elf/8.2.0/libgcc.a(_mul_sf.o)
                0x00000000060232a0                __mulsf3
 .text          0x00000000060233d4       0xdc /joe/Compiler/LINUX/bin/../lib/gcc/sh-none-elf/8.2.0/libgcc.a(_div_sf.o)
                0x00000000060233d4                __divsf3
 .text          0x00000000060234b0       0x54 /joe/Compiler/LINUX/bin/../lib/gcc/sh-none-elf/8.2.0/libgcc.a(_eq_sf.o)
                0x00000000060234b0                __eqsf2
 .text          0x0000000006023504       0x54 /joe/Compiler/LINUX/bin/../lib/gcc/sh-none-elf/8.2.0/libgcc.a(_ne_sf.o)
                0x0000000006023504                __nesf2
 .text          0x0000000006023558       0x4c /joe/Compiler/LINUX/bin/../lib/gcc/sh-none-elf/8.2.0/libgcc.a(_gt_sf.o)
                0x0000000006023558                __gtsf2
 .text          0x00000000060235a4       0x4c /joe/Compiler/LINUX/bin/../lib/gcc/sh-none-elf/8.2.0/libgcc.a(_ge_sf.o)
                0x00000000060235a4                __gesf2
 .text          0x00000000060235f0       0x54 /joe/Compiler/LINUX/bin/../lib/gcc/sh-none-elf/8.2.0/libgcc.a(_lt_sf.o)
                0x00000000060235f0                __ltsf2
 .text          0x0000000006023644       0x54 /joe/Compiler/LINUX/bin/../lib/gcc/sh-none-elf/8.2.0/libgcc.a(_le_sf.o)
                0x0000000006023644                __lesf2
 .text          0x0000000006023698       0x84 /joe/Compiler/LINUX/bin/../lib/gcc/sh-none-elf/8.2.0/libgcc.a(_si_to_sf.o)
                0x0000000006023698                __floatsisf
 .text          0x000000000602371c       0x7c /joe/Compiler/LINUX/bin/../lib/gcc/sh-none-elf/8.2.0/libgcc.a(_sf_to_si.o)
                0x000000000602371c                __fixsfsi
 .text          0x0000000006023798       0x3c /joe/Compiler/LINUX/bin/../lib/gcc/sh-none-elf/8.2.0/libgcc.a(_sf_to_df.o)
                0x0000000006023798                __extendsfdf2
 .text          0x00000000060237d4        0x0 /joe/Compiler/LINUX/bin/../lib/gcc/sh-none-elf/8.2.0/libgcc.a(_thenan_sf.o)
 .text          0x00000000060237d4       0x94 /joe/Compiler/LINUX/bin/../lib/gcc/sh-none-elf/8.2.0/libgcc.a(_usi_to_sf.o)
                0x00000000060237d4                __floatunsisf
 .text          0x0000000006023868       0x28 /joe/Compiler/LINUX/bin/../lib/gcc/sh-none-elf/8.2.0/libgcc.a(_make_df.o)
                0x0000000006023868                __make_dp
 .text          0x0000000006023890       0x4c /joe/Compiler/LINUX/bin/../lib/gcc/sh-none-elf/8.2.0/libgcc.a(_df_to_sf.o)
                0x0000000006023890                __truncdfsf2
 .text          0x00000000060238dc      0x114 /joe/Compiler/LINUX/bin/../lib/gcc/sh-none-elf/8.2.0/libgcc.a(_pack_sf.o)
                0x00000000060238dc                __pack_f
 .text          0x00000000060239f0       0xa0 /joe/Compiler/LINUX/bin/../lib/gcc/sh-none-elf/8.2.0/libgcc.a(_unpack_sf.o)
                0x00000000060239f0                __unpack_f
 .text          0x0000000006023a90       0xa8 /joe/Compiler/LINUX/bin/../lib/gcc/sh-none-elf/8.2.0/libgcc.a(_fpcmp_parts_sf.o)
                0x0000000006023a90                __fpcmp_parts_f
 .text          0x0000000006023b38       0x20 /joe/Compiler/LINUX/bin/../lib/gcc/sh-none-elf/8.2.0/libgcc.a(_make_sf.o)
                0x0000000006023b38                __make_fp
 .text          0x0000000006023b58        0x0 /joe/Compiler/LINUX/bin/../lib/gcc/sh-none-elf/8.2.0/../../../../sh-none-elf/lib/libc.a(lib_a-impure.o)
 .text          0x0000000006023b58       0x1e /joe/Compiler/LINUX/bin/../lib/gcc/sh-none-elf/8.2.0/../../../../sh-none-elf/lib/libc.a(lib_a-memcmp.o)
                0x0000000006023b58                memcmp
 *fill*         0x0000000006023b76        0x2 
 .text          0x0000000006023b78       0x94 /joe/Compiler/LINUX/bin/../lib/gcc/sh-none-elf/8.2.0/../../../../sh-none-elf/lib/libc.a(lib_a-memcpy.o)
                0x0000000006023b78                memcpy
 .text          0x0000000006023c0c       0x40 /joe/Compiler/LINUX/bin/../lib/gcc/sh-none-elf/8.2.0/../../../../sh-none-elf/lib/libc.a(lib_a-memset.o)
                0x0000000006023c0c                memset
 .text          0x0000000006023c4c       0x58 /joe/Compiler/LINUX/bin/../lib/gcc/sh-none-elf/8.2.0/../../../../sh-none-elf/lib/libc.a(lib_a-rand.o)
                0x0000000006023c4c                srand
                0x0000000006023c60                rand
 .text          0x0000000006023ca4       0x60 /joe/Compiler/LINUX/bin/../lib/gcc/sh-none-elf/8.2.0/../../../../sh-none-elf/lib/libc.a(lib_a-rget.o)
                0x0000000006023ca4                __srget_r
                0x0000000006023cf0                __srget
 .text          0x0000000006023d04       0x8c /joe/Compiler/LINUX/bin/../lib/gcc/sh-none-elf/8.2.0/../../../../sh-none-elf/lib/libc.a(lib_a-sprintf.o)
                0x0000000006023d04                _sprintf_r
                0x0000000006023d44                sprintf
 .text          0x0000000006023d90       0x22 /joe/Compiler/LINUX/bin/../lib/gcc/sh-none-elf/8.2.0/../../../../sh-none-elf/lib/libc.a(lib_a-strcat.o)
                0x0000000006023d90                strcat
 *fill*         0x0000000006023db2        0x2 
 .text          0x0000000006023db4       0x3c /joe/Compiler/LINUX/bin/../lib/gcc/sh-none-elf/8.2.0/../../../../sh-none-elf/lib/libc.a(lib_a-strcpy.o)
                0x0000000006023db4                strcpy
 .text          0x0000000006023df0       0x20 /joe/Compiler/LINUX/bin/../lib/gcc/sh-none-elf/8.2.0/../../../../sh-none-elf/lib/libc.a(lib_a-strlen.o)
                0x0000000006023df0                strlen
 .text          0x0000000006023e10       0x2a /joe/Compiler/LINUX/bin/../lib/gcc/sh-none-elf/8.2.0/../../../../sh-none-elf/lib/libc.a(lib_a-strncmp.o)
                0x0000000006023e10                strncmp
 .text          0x0000000006023e3a       0x32 /joe/Compiler/LINUX/bin/../lib/gcc/sh-none-elf/8.2.0/../../../../sh-none-elf/lib/libc.a(lib_a-strncpy.o)
                0x0000000006023e3a                strncpy
 .text          0x0000000006023e6c       0x36 /joe/Compiler/LINUX/bin/../lib/gcc/sh-none-elf/8.2.0/../../../../sh-none-elf/lib/libc.a(lib_a-strstr.o)
                0x0000000006023e6c                strstr
 *fill*         0x0000000006023ea2        0x2 
 .text          0x0000000006023ea4     0x1378 /joe/Compiler/LINUX/bin/../lib/gcc/sh-none-elf/8.2.0/../../../../sh-none-elf/lib/libc.a(lib_a-svfprintf.o)
                0x0000000006023ea4                _svfprintf_r
 .text          0x000000000602521c       0xdc /joe/Compiler/LINUX/bin/../lib/gcc/sh-none-elf/8.2.0/../../../../sh-none-elf/lib/libc.a(lib_a-wbuf.o)
                0x000000000602521c                __swbuf_r
                0x00000000060252e4                __swbuf
 .text          0x00000000060252f8       0xcc /joe/Compiler/LINUX/bin/../lib/gcc/sh-none-elf/8.2.0/../../../../sh-none-elf/lib/libc.a(lib_a-wsetup.o)
                0x00000000060252f8                __swsetup_r
 .text          0x00000000060253c4      0xef4 /joe/Compiler/LINUX/bin/../lib/gcc/sh-none-elf/8.2.0/../../../../sh-none-elf/lib/libc.a(lib_a-dtoa.o)
                0x00000000060254f8                _dtoa_r
 .text          0x00000000060262b8      0x1a8 /joe/Compiler/LINUX/bin/../lib/gcc/sh-none-elf/8.2.0/../../../../sh-none-elf/lib/libc.a(lib_a-fflush.o)
                0x00000000060262b8                __sflush_r
                0x00000000060263f8                _fflush_r
                0x0000000006026438                fflush
 .text          0x0000000006026460      0x218 /joe/Compiler/LINUX/bin/../lib/gcc/sh-none-elf/8.2.0/../../../../sh-none-elf/lib/libc.a(lib_a-findfp.o)
                0x00000000060264bc                _cleanup_r
                0x00000000060264d0                __sfmoreglue
                0x000000000602651c                _cleanup
                0x0000000006026530                __sinit
                0x0000000006026584                __sfp
                0x0000000006026638                __sfp_lock_acquire
                0x000000000602663c                __sfp_lock_release
                0x0000000006026640                __sinit_lock_acquire
                0x0000000006026644                __sinit_lock_release
                0x0000000006026648                __fp_lock_all
                0x0000000006026660                __fp_unlock_all
 .text          0x0000000006026678       0xb4 /joe/Compiler/LINUX/bin/../lib/gcc/sh-none-elf/8.2.0/../../../../sh-none-elf/lib/libc.a(lib_a-fwalk.o)
                0x0000000006026678                _fwalk
                0x00000000060266ce                _fwalk_reent
 .text          0x000000000602672c       0x40 /joe/Compiler/LINUX/bin/../lib/gcc/sh-none-elf/8.2.0/../../../../sh-none-elf/lib/libc.a(lib_a-localeconv.o)
                0x000000000602672c                __localeconv_l
                0x0000000006026734                _localeconv_r
                0x0000000006026750                localeconv
 .text          0x000000000602676c       0xa8 /joe/Compiler/LINUX/bin/../lib/gcc/sh-none-elf/8.2.0/../../../../sh-none-elf/lib/libc.a(lib_a-locale.o)
                0x000000000602676c                _setlocale_r
                0x00000000060267b8                __locale_mb_cur_max
                0x00000000060267d8                __locale_ctype_ptr_l
                0x00000000060267e2                __locale_ctype_ptr
                0x0000000006026800                setlocale
 .text          0x0000000006026814      0x110 /joe/Compiler/LINUX/bin/../lib/gcc/sh-none-elf/8.2.0/../../../../sh-none-elf/lib/libc.a(lib_a-makebuf.o)
                0x0000000006026814                __swhatbuf_r
                0x0000000006026878                __smakebuf_r
 .text          0x0000000006026924       0x4c /joe/Compiler/LINUX/bin/../lib/gcc/sh-none-elf/8.2.0/../../../../sh-none-elf/lib/libc.a(lib_a-mbtowc_r.o)
                0x0000000006026924                _mbtowc_r
                0x0000000006026948                __ascii_mbtowc
 .text          0x0000000006026970       0x1c /joe/Compiler/LINUX/bin/../lib/gcc/sh-none-elf/8.2.0/../../../../sh-none-elf/lib/libc.a(lib_a-memchr.o)
                0x0000000006026970                memchr
 .text          0x000000000602698c      0xa9c /joe/Compiler/LINUX/bin/../lib/gcc/sh-none-elf/8.2.0/../../../../sh-none-elf/lib/libc.a(lib_a-mprec.o)
                0x000000000602698c                _Balloc
                0x0000000006026a00                _Bfree
                0x0000000006026a18                __multadd
                0x0000000006026ac0                __s2b
                0x0000000006026b80                __hi0bits
                0x0000000006026bd4                __lo0bits
                0x0000000006026c38                __i2b
                0x0000000006026c54                __multiply
                0x0000000006026d98                __pow5mult
                0x0000000006026e54                __lshift
                0x0000000006026f48                __mcmp
                0x0000000006026f80                __mdiff
                0x000000000602705c                __ulp
                0x00000000060270c8                __b2d
                0x00000000060271b0                __d2b
                0x000000000602729c                __ratio
                0x0000000006027320                _mprec_log10
                0x0000000006027378                __copybits
                0x00000000060273bc                __any_on
 .text          0x0000000006027428      0x14c /joe/Compiler/LINUX/bin/../lib/gcc/sh-none-elf/8.2.0/../../../../sh-none-elf/lib/libc.a(lib_a-refill.o)
                0x0000000006027440                __srefill_r
 .text          0x0000000006027574       0xe0 /joe/Compiler/LINUX/bin/../lib/gcc/sh-none-elf/8.2.0/../../../../sh-none-elf/lib/libc.a(lib_a-stdio.o)
                0x0000000006027574                __sread
                0x00000000060275b0                __seofread
                0x00000000060275b4                __swrite
                0x0000000006027604                __sseek
                0x0000000006027644                __sclose
 .text          0x0000000006027654       0x38 /joe/Compiler/LINUX/bin/../lib/gcc/sh-none-elf/8.2.0/../../../../sh-none-elf/lib/libc.a(lib_a-strcmp.o)
                0x0000000006027654                strcmp
 .text          0x000000000602768c      0xa60 /joe/Compiler/LINUX/bin/../lib/gcc/sh-none-elf/8.2.0/../../../../sh-none-elf/lib/libc.a(lib_a-svfiprintf.o)
                0x000000000602768c                __ssprint_r
                0x00000000060277c0                _svfiprintf_r
 .text          0x00000000060280ec       0x40 /joe/Compiler/LINUX/bin/../lib/gcc/sh-none-elf/8.2.0/../../../../sh-none-elf/lib/libc.a(lib_a-wctomb_r.o)
                0x00000000060280ec                _wctomb_r
                0x000000000602810c                __ascii_wctomb
 .text          0x000000000602812c       0x34 /joe/Compiler/LINUX/bin/../lib/gcc/sh-none-elf/8.2.0/../../../../sh-none-elf/lib/libc.a(lib_a-writer.o)
                0x000000000602812c                _write_r
 .text          0x0000000006028160       0x30 /joe/Compiler/LINUX/bin/../lib/gcc/sh-none-elf/8.2.0/../../../../sh-none-elf/lib/libc.a(lib_a-closer.o)
                0x0000000006028160                _close_r
 .text          0x0000000006028190        0x0 /joe/Compiler/LINUX/bin/../lib/gcc/sh-none-elf/8.2.0/../../../../sh-none-elf/lib/libc.a(lib_a-ctype_.o)
 .text          0x0000000006028190       0xc8 /joe/Compiler/LINUX/bin/../lib/gcc/sh-none-elf/8.2.0/../../../../sh-none-elf/lib/libc.a(lib_a-fclose.o)
                0x0000000006028190                _fclose_r
                0x0000000006028244                fclose
 .text          0x0000000006028258       0x34 /joe/Compiler/LINUX/bin/../lib/gcc/sh-none-elf/8.2.0/../../../../sh-none-elf/lib/libc.a(lib_a-fstatr.o)
                0x0000000006028258                _fstat_r
 .text          0x000000000602828c       0x30 /joe/Compiler/LINUX/bin/../lib/gcc/sh-none-elf/8.2.0/../../../../sh-none-elf/lib/libc.a(lib_a-isattyr.o)
                0x000000000602828c                _isatty_r
 .text          0x00000000060282bc       0x34 /joe/Compiler/LINUX/bin/../lib/gcc/sh-none-elf/8.2.0/../../../../sh-none-elf/lib/libc.a(lib_a-lseekr.o)
                0x00000000060282bc                _lseek_r
 .text          0x00000000060282f0       0x3c /joe/Compiler/LINUX/bin/../lib/gcc/sh-none-elf/8.2.0/../../../../sh-none-elf/lib/libc.a(lib_a-memmove.o)
                0x00000000060282f0                memmove
 .text          0x000000000602832c       0x34 /joe/Compiler/LINUX/bin/../lib/gcc/sh-none-elf/8.2.0/../../../../sh-none-elf/lib/libc.a(lib_a-readr.o)
                0x000000000602832c                _read_r
 .text          0x0000000006028360      0x100 /joe/Compiler/LINUX/bin/../lib/gcc/sh-none-elf/8.2.0/../../../../sh-none-elf/lib/libc.a(lib_a-reent.o)
                0x0000000006028360                cleanup_glue
                0x000000000602838c                _reclaim_reent
 .text          0x0000000006028460      0x25c /joe/Compiler/LINUX/bin/../lib/gcc/sh-none-elf/8.2.0/../../../../sh-none-elf/lib/libc.a(lib_a-syscalls.o)
                0x00000000060284d8                _read
                0x00000000060284e8                _lseek
                0x00000000060284f8                _write
                0x0000000006028508                _close
                0x0000000006028518                _link
                0x000000000602851c                _sbrk
                0x0000000006028574                _fstat
                0x000000000602857e                _open
                0x0000000006028590                _creat
                0x00000000060285a0                _unlink
                0x00000000060285a4                isatty
                0x00000000060285a8                _isatty
                0x00000000060285ac                _exit
                0x00000000060285bc                _kill
                0x00000000060285d0                _getpid
                0x00000000060285d4                _raise
                0x00000000060285d8                _stat
                0x00000000060285e8                _chmod
                0x00000000060285f8                _chown
                0x0000000006028608                _utime
                0x000000000602861c                _fork
                0x0000000006028628                _wait
                0x0000000006028638                _execve
                0x0000000006028648                _execv
                0x0000000006028658                _pipe
                0x0000000006028664                _times
                0x0000000006028668                _gettimeofday
                0x0000000006028690                __setup_argv_and_call_main
 .text          0x00000000060286bc       0x14 /joe/Compiler/LINUX/bin/../lib/gcc/sh-none-elf/8.2.0/../../../../sh-none-elf/lib/libc.a(lib_a-trap.o)
                0x00000000060286bc                __trap34
 .text          0x00000000060286d0       0x18 /joe/Compiler/LINUX/bin/../lib/gcc/sh-none-elf/8.2.0/../../../../sh-none-elf/lib/libc.a(lib_a-abort.o)
                0x00000000060286d0                abort
 .text          0x00000000060286e8      0x1b0 /joe/Compiler/LINUX/bin/../lib/gcc/sh-none-elf/8.2.0/../../../../sh-none-elf/lib/libc.a(lib_a-signal.o)
                0x00000000060286e8                _init_signal_r
                0x0000000006028724                _signal_r
                0x0000000006028770                _raise_r
                0x00000000060287e8                __sigtramp_r
                0x000000000602884c                raise
                0x0000000006028860                signal
                0x0000000006028874                _init_signal
                0x0000000006028884                __sigtramp
 .text          0x0000000006028898       0x40 /joe/Compiler/LINUX/bin/../lib/gcc/sh-none-elf/8.2.0/../../../../sh-none-elf/lib/libc.a(lib_a-signalr.o)
                0x0000000006028898                _kill_r
                0x00000000060288cc                _getpid_r
 .text          0x00000000060288d8       0x80 /joe/Compiler/LINUX/bin/../lib/gcc/sh-none-elf/8.2.0/libgcc.a(_ashiftrt_n.o)
                0x00000000060288d8                __ashrsi3
 .text          0x0000000006028958       0xbc /joe/Compiler/LINUX/bin/../lib/gcc/sh-none-elf/8.2.0/libgcc.a(_ashiftlt.o)
                0x0000000006028958                __ashlsi3
                0x000000000602895c                __ashlsi3_r0
 .text          0x0000000006028a14       0xbc /joe/Compiler/LINUX/bin/../lib/gcc/sh-none-elf/8.2.0/libgcc.a(_lshiftrt.o)
                0x0000000006028a14                __lshrsi3
                0x0000000006028a18                __lshrsi3_r0
 .text          0x0000000006028ad0      0x258 /joe/Compiler/LINUX/bin/../lib/gcc/sh-none-elf/8.2.0/libgcc.a(_udivdi3.o)
                0x0000000006028ad0                __udivdi3
 .text          0x0000000006028d28      0x2bc /joe/Compiler/LINUX/bin/../lib/gcc/sh-none-elf/8.2.0/libgcc.a(_umoddi3.o)
                0x0000000006028d28                __umoddi3
 .text          0x0000000006028fe4      0x3b4 /joe/Compiler/LINUX/bin/../lib/gcc/sh-none-elf/8.2.0/libgcc.a(_addsub_df.o)
                0x00000000060292f4                __adddf3
                0x0000000006029344                __subdf3
 .text          0x0000000006029398      0x208 /joe/Compiler/LINUX/bin/../lib/gcc/sh-none-elf/8.2.0/libgcc.a(_mul_df.o)
                0x0000000006029398                __muldf3
 .text          0x00000000060295a0      0x130 /joe/Compiler/LINUX/bin/../lib/gcc/sh-none-elf/8.2.0/libgcc.a(_div_df.o)
                0x00000000060295a0                __divdf3
 .text          0x00000000060296d0       0x58 /joe/Compiler/LINUX/bin/../lib/gcc/sh-none-elf/8.2.0/libgcc.a(_eq_df.o)
                0x00000000060296d0                __eqdf2
 .text          0x0000000006029728       0x58 /joe/Compiler/LINUX/bin/../lib/gcc/sh-none-elf/8.2.0/libgcc.a(_ne_df.o)
                0x0000000006029728                __nedf2
 .text          0x0000000006029780       0x50 /joe/Compiler/LINUX/bin/../lib/gcc/sh-none-elf/8.2.0/libgcc.a(_gt_df.o)
                0x0000000006029780                __gtdf2
 .text          0x00000000060297d0       0x50 /joe/Compiler/LINUX/bin/../lib/gcc/sh-none-elf/8.2.0/libgcc.a(_ge_df.o)
                0x00000000060297d0                __gedf2
 .text          0x0000000006029820       0x58 /joe/Compiler/LINUX/bin/../lib/gcc/sh-none-elf/8.2.0/libgcc.a(_lt_df.o)
                0x0000000006029820                __ltdf2
 .text          0x0000000006029878       0x58 /joe/Compiler/LINUX/bin/../lib/gcc/sh-none-elf/8.2.0/libgcc.a(_le_df.o)
                0x0000000006029878                __ledf2
 .text          0x00000000060298d0       0x40 /joe/Compiler/LINUX/bin/../lib/gcc/sh-none-elf/8.2.0/libgcc.a(_unord_df.o)
                0x00000000060298d0                __unorddf2
 .text          0x0000000006029910       0xa8 /joe/Compiler/LINUX/bin/../lib/gcc/sh-none-elf/8.2.0/libgcc.a(_si_to_df.o)
                0x0000000006029910                __floatsidf
 .text          0x00000000060299b8       0xa4 /joe/Compiler/LINUX/bin/../lib/gcc/sh-none-elf/8.2.0/libgcc.a(_df_to_si.o)
                0x00000000060299b8                __fixdfsi
 .text          0x0000000006029a5c        0x0 /joe/Compiler/LINUX/bin/../lib/gcc/sh-none-elf/8.2.0/libgcc.a(_thenan_df.o)
 .text          0x0000000006029a5c       0x88 /joe/Compiler/LINUX/bin/../lib/gcc/sh-none-elf/8.2.0/libgcc.a(_usi_to_df.o)
                0x0000000006029a5c                __floatunsidf
 *fill*         0x0000000006029ae4        0x4 
 .text          0x0000000006029ae8       0x60 /joe/Compiler/LINUX/bin/../lib/gcc/sh-none-elf/8.2.0/libgcc.a(_udiv_qrnnd_16.o)
                0x0000000006029ae8                __udiv_qrnnd_16
 .text          0x0000000006029b48        0x0 /joe/Compiler/LINUX/bin/../lib/gcc/sh-none-elf/8.2.0/libgcc.a(_clz.o)
 .text          0x0000000006029b48       0x58 /joe/Compiler/LINUX/bin/../lib/gcc/sh-none-elf/8.2.0/libgcc.a(_clzsi2.o)
                0x0000000006029b48                __clzsi2
 .text          0x0000000006029ba0      0x25c /joe/Compiler/LINUX/bin/../lib/gcc/sh-none-elf/8.2.0/libgcc.a(_pack_df.o)
                0x0000000006029ba0                __pack_d
 .text          0x0000000006029dfc       0xcc /joe/Compiler/LINUX/bin/../lib/gcc/sh-none-elf/8.2.0/libgcc.a(_unpack_df.o)
                0x0000000006029dfc                __unpack_d
 .text          0x0000000006029ec8       0xc8 /joe/Compiler/LINUX/bin/../lib/gcc/sh-none-elf/8.2.0/libgcc.a(_fpcmp_parts_df.o)
                0x0000000006029ec8                __fpcmp_parts_d
 *(.strings)
 *(SEGA_P)
 *(.eh_frame_hdr)
 *(.eh_frame)
 .eh_frame      0x0000000006029f90       0xa8 /joe/Compiler/LINUX/bin/../lib/gcc/sh-none-elf/8.2.0/libgcc.a(_udivdi3.o)
 .eh_frame      0x000000000602a038       0xdc /joe/Compiler/LINUX/bin/../lib/gcc/sh-none-elf/8.2.0/libgcc.a(_umoddi3.o)
                0x000000000602a114                __etext = .

.text.startup   0x000000000602a120      0xc50
 .text.startup  0x000000000602a120      0xc50 /tmp/ccA3ZA5W.ltrans0.ltrans.o
                0x000000000602a120                main

SLPROG          0x000000000602ad80    0x15d30
                0x000000000602ad80                __slprog_start = .
 *(SLPROG)
 SLPROG         0x000000000602ad80     0x6540 /joe/Compiler/COMMON/SGL_302j/LIB_ELF/SGLAREA.O
                0x000000000602ad80                MasterStack
                0x000000000602ad84                SlaveStack
                0x000000000602ad88                MaxVertices
                0x000000000602ad8a                MaxPolygons
                0x000000000602ad8c                SortList
                0x000000000602ad90                SortListSize
                0x000000000602ad94                TransList
                0x000000000602ad98                Zbuffer
                0x000000000602ad9c                SpriteBuf
                0x000000000602ada0                SpriteBufSize
                0x000000000602ada4                Pbuffer
                0x000000000602ada8                CommandBuf
                0x000000000602adac                CLOfstBuf
                0x000000000602adb0                PCM_Work
                0x000000000602adb4                PCM_WkSize
                0x000000000602adb8                MaxEvents
                0x000000000602adba                EventSize
                0x000000000602adbc                MaxWorks
                0x000000000602adbe                WorkSize
                0x000000000602adc0                RemainEvent
                0x000000000602aec0                RemainWork
                0x000000000602b2c0                EventBuf
                0x000000000602d2c0                WorkBuf
 SLPROG         0x00000000060312c0     0x411e /joe/Compiler/COMMON/SGL_302j/LIB_ELF/LIBSGL.A(sglA01.o)
                0x00000000060312c0                slSin
                0x00000000060312e4                slCos
                0x0000000006031308                GetSinCos
                0x000000000603139c                sin_cos_index_tbl
                0x00000000060313dc                sin_tbl
 *fill*         0x00000000060353de        0x2 
 SLPROG         0x00000000060353e0       0x18 /joe/Compiler/COMMON/SGL_302j/LIB_ELF/LIBSGL.A(sglA15.o)
                0x00000000060353e0                slSlaveFunc
 *fill*         0x00000000060353f8        0x8 
 SLPROG         0x0000000006035400       0xd0 /joe/Compiler/COMMON/SGL_302j/LIB_ELF/LIBSGL.A(sglA16.o)
                0x0000000006035400                slLookAt
 SLPROG         0x00000000060354d0       0x78 /joe/Compiler/COMMON/SGL_302j/LIB_ELF/LIBSGL.A(sglA17.o)
                0x00000000060354d0                slRotZ
                0x00000000060354da                slRotZSC
 *fill*         0x0000000006035548        0x8 
 SLPROG         0x0000000006035550       0x78 /joe/Compiler/COMMON/SGL_302j/LIB_ELF/LIBSGL.A(sglA18.o)
                0x0000000006035550                slRotY
                0x000000000603555a                slRotYSC
 *fill*         0x00000000060355c8        0x8 
 SLPROG         0x00000000060355d0       0x78 /joe/Compiler/COMMON/SGL_302j/LIB_ELF/LIBSGL.A(sglA19.o)
                0x00000000060355d0                slRotX
                0x00000000060355da                slRotXSC
 *fill*         0x0000000006035648        0x8 
 SLPROG         0x0000000006035650      0x42c /joe/Compiler/COMMON/SGL_302j/LIB_ELF/LIBSGL.A(sglA20.o)
                0x0000000006035650                slInitMatrix
                0x000000000603565a                slPushUnitMatrix
                0x000000000603566e                slUnitMatrix
 *fill*         0x0000000006035a7c        0x4 
 SLPROG         0x0000000006035a80       0x48 /joe/Compiler/COMMON/SGL_302j/LIB_ELF/LIBSGL.A(sglA21.o)
                0x0000000006035a80                slPushMatrix
                0x0000000006035ab4                slPopMatrix
                0x0000000006035ab4                slDecMatrixPtr
 *fill*         0x0000000006035ac8        0x8 
 SLPROG         0x0000000006035ad0       0x50 /joe/Compiler/COMMON/SGL_302j/LIB_ELF/LIBSGL.A(sglA27.o)
                0x0000000006035ad0                slTranslate
 SLPROG         0x0000000006035b20       0x70 /joe/Compiler/COMMON/SGL_302j/LIB_ELF/LIBSGL.A(sglA28.o)
                0x0000000006035b20                slScale
 SLPROG         0x0000000006035b90       0x22 /joe/Compiler/COMMON/SGL_302j/LIB_ELF/LIBSGL.A(sglA40.o)
                0x0000000006035b90                slCalcVector
 *fill*         0x0000000006035bb2        0xe 
 SLPROG         0x0000000006035bc0       0x20 /joe/Compiler/COMMON/SGL_302j/LIB_ELF/LIBSGL.A(sglB001.o)
                0x0000000006035bc0                slTVOn
                0x0000000006035bca                slTVOff
 SLPROG         0x0000000006035be0       0x24 /joe/Compiler/COMMON/SGL_302j/LIB_ELF/LIBSGL.A(sglB011.o)
                0x0000000006035be0                slBitMapNbg1
 *fill*         0x0000000006035c04        0xc 
 SLPROG         0x0000000006035c10        0x8 /joe/Compiler/COMMON/SGL_302j/LIB_ELF/LIBSGL.A(sglB014.o)
                0x0000000006035c10                slScrTransparent
 *fill*         0x0000000006035c18        0x8 
 SLPROG         0x0000000006035c20      0x40c /joe/Compiler/COMMON/SGL_302j/LIB_ELF/LIBSGL.A(sglB015.o)
                0x0000000006035c20                slScrAutoDisp
 *fill*         0x000000000603602c        0x4 
 SLPROG         0x0000000006036030        0xc /joe/Compiler/COMMON/SGL_302j/LIB_ELF/LIBSGL.A(sglB016.o)
                0x0000000006036030                slBack1ColSet
 *fill*         0x000000000603603c        0x4 
 SLPROG         0x0000000006036040       0x10 /joe/Compiler/COMMON/SGL_302j/LIB_ELF/LIBSGL.A(sglB020.o)
                0x0000000006036040                slColorCalc
 SLPROG         0x0000000006036050        0xc /joe/Compiler/COMMON/SGL_302j/LIB_ELF/LIBSGL.A(sglB021.o)
                0x0000000006036050                slColorCalcOn
 *fill*         0x000000000603605c        0x4 
 SLPROG         0x0000000006036060        0xc /joe/Compiler/COMMON/SGL_302j/LIB_ELF/LIBSGL.A(sglB023.o)
                0x0000000006036060                slColRate
 *fill*         0x000000000603606c        0x4 
 SLPROG         0x0000000006036070       0xb0 /joe/Compiler/COMMON/SGL_302j/LIB_ELF/LIBSGL.A(sglB031.o)
                0x0000000006036070                slMapNbg0
 SLPROG         0x0000000006036120       0xb4 /joe/Compiler/COMMON/SGL_302j/LIB_ELF/LIBSGL.A(sglB032.o)
                0x0000000006036120                slMapNbg1
 *fill*         0x00000000060361d4        0xc 
 SLPROG         0x00000000060361e0       0xb0 /joe/Compiler/COMMON/SGL_302j/LIB_ELF/LIBSGL.A(sglB033.o)
                0x00000000060361e0                slMapNbg2
 SLPROG         0x0000000006036290       0xb4 /joe/Compiler/COMMON/SGL_302j/LIB_ELF/LIBSGL.A(sglB034.o)
                0x0000000006036290                slMapNbg3
 *fill*         0x0000000006036344        0xc 
 SLPROG         0x0000000006036350       0xd4 /joe/Compiler/COMMON/SGL_302j/LIB_ELF/LIBSGL.A(sglB035.o)
                0x0000000006036350                sl1MapRA
                0x00000000060363e2                rbank_set
 *fill*         0x0000000006036424        0xc 
 SLPROG         0x0000000006036430       0xa0 /joe/Compiler/COMMON/SGL_302j/LIB_ELF/LIBSGL.A(sglB036.o)
                0x0000000006036430                sl1MapRB
 SLPROG         0x00000000060364d0       0x70 /joe/Compiler/COMMON/SGL_302j/LIB_ELF/LIBSGL.A(sglB038.o)
                0x00000000060364d0                slRparaInitSet
 SLPROG         0x0000000006036540       0x7e /joe/Compiler/COMMON/SGL_302j/LIB_ELF/LIBSGL.A(sglB039.o)
                0x0000000006036540                slMakeKtable
 *fill*         0x00000000060365be        0x2 
 SLPROG         0x00000000060365c0       0x58 /joe/Compiler/COMMON/SGL_302j/LIB_ELF/LIBSGL.A(sglB040.o)
                0x00000000060365c0                slKtableRA
 *fill*         0x0000000006036618        0x8 
 SLPROG         0x0000000006036620       0x5c /joe/Compiler/COMMON/SGL_302j/LIB_ELF/LIBSGL.A(sglB041.o)
                0x0000000006036620                slKtableRB
 *fill*         0x000000000603667c        0x4 
 SLPROG         0x0000000006036680       0x10 /joe/Compiler/COMMON/SGL_302j/LIB_ELF/LIBSGL.A(sglB042.o)
                0x0000000006036680                slCurRpara
 SLPROG         0x0000000006036690        0x8 /joe/Compiler/COMMON/SGL_302j/LIB_ELF/LIBSGL.A(sglB043.o)
                0x0000000006036690                slRparaMode
 *fill*         0x0000000006036698        0x8 
 SLPROG         0x00000000060366a0      0x4e4 /joe/Compiler/COMMON/SGL_302j/LIB_ELF/LIBSGL.A(sglB044.o)
                0x00000000060366a0                slScrMatSet
 *fill*         0x0000000006036b84        0xc 
 SLPROG         0x0000000006036b90       0x28 /joe/Compiler/COMMON/SGL_302j/LIB_ELF/LIBSGL.A(sglB045.o)
                0x0000000006036b90                slScrMatConv
 *fill*         0x0000000006036bb8        0x8 
 SLPROG         0x0000000006036bc0        0xc /joe/Compiler/COMMON/SGL_302j/LIB_ELF/LIBSGL.A(sglB047.o)
                0x0000000006036bc0                slOverRA
 *fill*         0x0000000006036bcc        0x4 
 SLPROG         0x0000000006036bd0       0x10 /joe/Compiler/COMMON/SGL_302j/LIB_ELF/LIBSGL.A(sglB048.o)
                0x0000000006036bd0                slOverRB
 SLPROG         0x0000000006036be0        0xc /joe/Compiler/COMMON/SGL_302j/LIB_ELF/LIBSGL.A(sglB055.o)
                0x0000000006036be0                slPlaneNbg0
 *fill*         0x0000000006036bec        0x4 
 SLPROG         0x0000000006036bf0        0xc /joe/Compiler/COMMON/SGL_302j/LIB_ELF/LIBSGL.A(sglB056.o)
                0x0000000006036bf0                slPlaneNbg1
 *fill*         0x0000000006036bfc        0x4 
 SLPROG         0x0000000006036c00       0x10 /joe/Compiler/COMMON/SGL_302j/LIB_ELF/LIBSGL.A(sglB057.o)
                0x0000000006036c00                slPlaneNbg2
 SLPROG         0x0000000006036c10       0x10 /joe/Compiler/COMMON/SGL_302j/LIB_ELF/LIBSGL.A(sglB058.o)
                0x0000000006036c10                slPlaneNbg3
 SLPROG         0x0000000006036c20        0xc /joe/Compiler/COMMON/SGL_302j/LIB_ELF/LIBSGL.A(sglB059.o)
                0x0000000006036c20                slPlaneRA
 *fill*         0x0000000006036c2c        0x4 
 SLPROG         0x0000000006036c30       0x10 /joe/Compiler/COMMON/SGL_302j/LIB_ELF/LIBSGL.A(sglB060.o)
                0x0000000006036c30                slPlaneRB
 SLPROG         0x0000000006036c40        0xc /joe/Compiler/COMMON/SGL_302j/LIB_ELF/LIBSGL.A(sglB063.o)
                0x0000000006036c40                slPriority
 *fill*         0x0000000006036c4c        0x4 
 SLPROG         0x0000000006036c50       0x18 /joe/Compiler/COMMON/SGL_302j/LIB_ELF/LIBSGL.A(sglB087.o)
                0x0000000006036c50                slLineScrollTable0
 *fill*         0x0000000006036c68        0x8 
 SLPROG         0x0000000006036c70        0x8 /joe/Compiler/COMMON/SGL_302j/LIB_ELF/LIBSGL.A(sglB088.o)
                0x0000000006036c70                slLineScrollTable1
 *fill*         0x0000000006036c78        0x8 
 SLPROG         0x0000000006036c80        0xc /joe/Compiler/COMMON/SGL_302j/LIB_ELF/LIBSGL.A(sglB090.o)
                0x0000000006036c80                slLineScrollMode
 *fill*         0x0000000006036c8c        0x4 
 SLPROG         0x0000000006036c90      0x114 /joe/Compiler/COMMON/SGL_302j/LIB_ELF/LIBSGL.A(sglB200.o)
                0x0000000006036c90                slCharRbg0
                0x0000000006036c9c                slCharNbg0
                0x0000000006036ca8                slCharNbg1
                0x0000000006036cb4                slCharNbg2
                0x0000000006036cca                slCharNbg3
                0x0000000006036ce2                slPageRbg0
                0x0000000006036cf8                slPageNbg1
                0x0000000006036d00                slPageNbg2
                0x0000000006036d08                slPageNbg3
                0x0000000006036d14                slPageNbg0
 *fill*         0x0000000006036da4        0xc 
 SLPROG         0x0000000006036db0       0x6c /joe/Compiler/COMMON/SGL_302j/LIB_ELF/LIBSGL.A(sglC01.o)
                0x0000000006036db0                slPerspective
 *fill*         0x0000000006036e1c        0x4 
 SLPROG         0x0000000006036e20       0xc4 /joe/Compiler/COMMON/SGL_302j/LIB_ELF/LIBSGL.A(sglC03.o)
                0x0000000006036e20                slWindow
 *fill*         0x0000000006036ee4        0xc 
 SLPROG         0x0000000006036ef0       0x2c /joe/Compiler/COMMON/SGL_302j/LIB_ELF/LIBSGL.A(sglC04.o)
                0x0000000006036ef0                slZdspLevel
 *fill*         0x0000000006036f1c        0x4 
 SLPROG         0x0000000006036f20       0x78 /joe/Compiler/COMMON/SGL_302j/LIB_ELF/LIBSGL.A(sglC05.o)
                0x0000000006036f20                slSetSprite
 *fill*         0x0000000006036f98        0x8 
 SLPROG         0x0000000006036fa0       0xfa /joe/Compiler/COMMON/SGL_302j/LIB_ELF/LIBSGL.A(sglC06.o)
                0x0000000006036fa0                slDispSprite
 *fill*         0x000000000603709a        0x6 
 SLPROG         0x00000000060370a0      0x162 /joe/Compiler/COMMON/SGL_302j/LIB_ELF/LIBSGL.A(sglC07.o)
                0x00000000060370a6                slPutSprite
 *fill*         0x0000000006037202        0xe 
 SLPROG         0x0000000006037210     0x1218 /joe/Compiler/COMMON/SGL_302j/LIB_ELF/LIBSGL.A(sglC08.o)
                0x0000000006037210                slPutPolygon
                0x0000000006037e8c                MsCalcDepthFlat
 *fill*         0x0000000006038428        0x8 
 SLPROG         0x0000000006038430       0x8c /joe/Compiler/COMMON/SGL_302j/LIB_ELF/LIBSGL.A(sglC14.o)
                0x0000000006038430                slCurWindow
 *fill*         0x00000000060384bc        0x4 
 SLPROG         0x00000000060384c0       0x54 /joe/Compiler/COMMON/SGL_302j/LIB_ELF/LIBSGL.A(sglC16.o)
                0x00000000060384c0                slDynamicFrame
 *fill*         0x0000000006038514        0xc 
 SLPROG         0x0000000006038520       0x4c /joe/Compiler/COMMON/SGL_302j/LIB_ELF/LIBSGL.A(sglC17.o)
                0x0000000006038520                slDispSpriteHV
 *fill*         0x000000000603856c        0x4 
 SLPROG         0x0000000006038570       0xd4 /joe/Compiler/COMMON/SGL_302j/LIB_ELF/LIBSGL.A(sglC19.o)
                0x0000000006038570                slDispSprite4P
 *fill*         0x0000000006038644        0xc 
 SLPROG         0x0000000006038650       0x40 /joe/Compiler/COMMON/SGL_302j/LIB_ELF/LIBSGL.A(sglC20.o)
                0x0000000006038650                SpriteEntry
 SLPROG         0x0000000006038690      0x4ae /joe/Compiler/COMMON/SGL_302j/LIB_ELF/LIBSGL.A(sglC21.o)
                0x0000000006038718                RotSprite
                0x00000000060387a6                SetSprPosition
 *fill*         0x0000000006038b3e        0x2 
 SLPROG         0x0000000006038b40       0x84 /joe/Compiler/COMMON/SGL_302j/LIB_ELF/LIBSGL.A(sglD00.o)
                0x0000000006038b40                slDMACopy
                0x0000000006038b40                slCpuDMACopy
                0x0000000006038b9a                slCashPurge
                0x0000000006038b9a                CSH_AllClr
 *fill*         0x0000000006038bc4        0xc 
 SLPROG         0x0000000006038bd0       0xa0 /joe/Compiler/COMMON/SGL_302j/LIB_ELF/LIBSGL.A(sglD01.o)
                0x0000000006038bd0                slDMAXCopy
 SLPROG         0x0000000006038c70       0x10 /joe/Compiler/COMMON/SGL_302j/LIB_ELF/LIBSGL.A(sglD02.o)
                0x0000000006038c70                slDMAWait
 SLPROG         0x0000000006038c80        0xc /joe/Compiler/COMMON/SGL_302j/LIB_ELF/LIBSGL.A(sglD03.o)
                0x0000000006038c80                slDMAStatus
 *fill*         0x0000000006038c8c        0x4 
 SLPROG         0x0000000006038c90       0x20 /joe/Compiler/COMMON/SGL_302j/LIB_ELF/LIBSGL.A(sglD15.o)
                0x0000000006038c90                CSH_Purge
 SLPROG         0x0000000006038cb0       0x84 /joe/Compiler/COMMON/SGL_302j/LIB_ELF/LIBSGL.A(sglD16.o)
                0x0000000006038cb0                DMA_ScuSetPrm
                0x0000000006038cf8                DMA_SCU_PRM0
 *fill*         0x0000000006038d34        0xc 
 SLPROG         0x0000000006038d40       0x88 /joe/Compiler/COMMON/SGL_302j/LIB_ELF/LIBSGL.A(sglD17.o)
                0x0000000006038d40                DMA_ScuStart
 *fill*         0x0000000006038dc8        0x8 
 SLPROG         0x0000000006038dd0       0x34 /joe/Compiler/COMMON/SGL_302j/LIB_ELF/LIBSGL.A(sglD18.o)
                0x0000000006038dd0                DMA_ScuGetStatus
 *fill*         0x0000000006038e04        0xc 
 SLPROG         0x0000000006038e10       0x34 /joe/Compiler/COMMON/SGL_302j/LIB_ELF/LIBSGL.A(sglF08.o)
                0x0000000006038e10                slDec2Hex
 *fill*         0x0000000006038e44        0xc 
 SLPROG         0x0000000006038e50      0x1d0 /joe/Compiler/COMMON/SGL_302j/LIB_ELF/LIBSGL.A(sglG00.o)
                0x0000000006038e50                slInitSound
                0x0000000006038f54                slWaitSound
                0x0000000006038f6c                slSndFlush
 SLPROG         0x0000000006039020       0x18 /joe/Compiler/COMMON/SGL_302j/LIB_ELF/LIBSGL.A(sglG01.o)
                0x0000000006039020                slSndVolume
 *fill*         0x0000000006039038        0x8 
 SLPROG         0x0000000006039040       0x4c /joe/Compiler/COMMON/SGL_302j/LIB_ELF/LIBSGL.A(sglG19.o)
                0x0000000006039040                slCDDAOn
 *fill*         0x000000000603908c        0x4 
 SLPROG         0x0000000006039090      0x1e0 /joe/Compiler/COMMON/SGL_302j/LIB_ELF/LIBSGL.A(sglG21.o)
                0x0000000006039098                slPCMOn
                0x00000000060391b6                slSndPCMNum
 SLPROG         0x0000000006039270       0x48 /joe/Compiler/COMMON/SGL_302j/LIB_ELF/LIBSGL.A(sglG22.o)
                0x0000000006039270                slPCMOff
 *fill*         0x00000000060392b8        0x8 
 SLPROG         0x00000000060392c0       0x18 /joe/Compiler/COMMON/SGL_302j/LIB_ELF/LIBSGL.A(sglG25.o)
                0x00000000060392c0                slPCMStat
 *fill*         0x00000000060392d8        0x8 
 SLPROG         0x00000000060392e0      0xfc8 /joe/Compiler/COMMON/SGL_302j/LIB_ELF/LIBSGL.A(sglH00.o)
                0x00000000060392f8                slGetPortDir1
                0x0000000006039300                slGetPortDir2
                0x0000000006039308                slSetPortDir1
                0x0000000006039332                slSetPortDir2
                0x000000000603936c                slGetPortData1
                0x0000000006039374                slGetPortData2
                0x000000000603937c                slSetPortData1
                0x0000000006039386                slSetPortData2
                0x0000000006039398                slGetPortSelect1
                0x00000000060393a2                slGetPortSelect2
                0x00000000060393ac                slSetPortSelect1
                0x00000000060393e0                slSetPortSelect2
                0x000000000603941c                slGetPortExt1
                0x0000000006039426                slGetPortExt2
                0x0000000006039430                slSetPortExt1
                0x0000000006039460                slSetPortExt2
                0x00000000060395d4                slSmpcDirectAccess
                0x0000000006039654                slInitPeripheral
                0x00000000060396e6                slSetResultBuffer
                0x0000000006039772                slCheckIntBackSet
                0x000000000603977e                slIntBackCancel
                0x00000000060397a8                slCheckReset
                0x00000000060397b2                slClearReset
                0x0000000006039978                slSmpcCashSend
                0x0000000006039a34                slSmpcCashBlow
                0x0000000006039b10                slGetOptimize
                0x0000000006039b1a                slSetOptimize
                0x0000000006039b40                slGetPortMode1
                0x0000000006039b4c                slGetPortMode2
                0x0000000006039b5a                slSetPortMode1
                0x0000000006039b98                slSetPortMode2
                0x0000000006039d24                slRequestCommand
                0x0000000006039d94                Smpc_Status
                0x0000000006039d98                Smpc_Result
                0x0000000006039d9c                Smpc_Peripheral
                0x0000000006039da2                Per_Connect1
                0x0000000006039da3                Per_Connect2
                0x0000000006039dc4                SmpcStatusBuf
 *fill*         0x000000000603a2a8        0x8 
 SLPROG         0x000000000603a2b0       0xa8 /joe/Compiler/COMMON/SGL_302j/LIB_ELF/LIBSGL.A(sglH01.o)
                0x000000000603a2b0                slGetLanguage
                0x000000000603a2ba                slSetLanguage
                0x000000000603a2dc                slGetSoundEffect
                0x000000000603a2e8                slSetSoundEffect
                0x000000000603a304                slGetSoundOutput
                0x000000000603a310                slSetSoundOutput
                0x000000000603a32c                slGetHelpWindow
                0x000000000603a338                slSetHelpWindow
 *fill*         0x000000000603a358        0x8 
 SLPROG         0x000000000603a360      0x470 /joe/Compiler/COMMON/SGL_302j/LIB_ELF/LIBSGL.A(sglH02.o)
                0x000000000603a750                smpc_pfr_tbl
                0x000000000603a790                smpc_ptf_tbl
 SLPROG         0x000000000603a7d0       0x60 /joe/Compiler/COMMON/SGL_302j/LIB_ELF/LIBSGL.A(sglH04.o)
                0x000000000603a7d0                slComPrmIntBack
                0x000000000603a7e4                slComPrmSetMemory
                0x000000000603a7fa                slComPrmSetTime
 SLPROG         0x000000000603a830      0x3a4 /joe/Compiler/COMMON/SGL_302j/LIB_ELF/LIBSGL.A(sglI01.o)
                0x000000000603a830                slInitSynch
                0x000000000603a84a                slSynch
                0x000000000603a940                slRandom
                0x000000000603a95e                PCM_EndCheck
                0x000000000603aa1a                RetPCMBuf
                0x000000000603aab4                PCM_Buf
                0x000000000603ab54                Sound_Buf
 *fill*         0x000000000603abd4        0xc 
 SLPROG         0x000000000603abe0       0x10 /joe/Compiler/COMMON/SGL_302j/LIB_ELF/LIBSGL.A(sglI04.o)
                0x000000000603abe0                slIntFunction
 SLPROG         0x000000000603abf0       0x74 /joe/Compiler/COMMON/SGL_302j/LIB_ELF/LIBSGL.A(sglJ00.o)
                0x000000000603abf0                InitSlaveSH
                0x000000000603ac58                SlaveCommand
 *fill*         0x000000000603ac64        0xc 
 SLPROG         0x000000000603ac70      0x3d0 /joe/Compiler/COMMON/SGL_302j/LIB_ELF/LIBSGL.A(sglJ01.o)
                0x000000000603ac70                SlaveControl
                0x000000000603b02c                ErasePolygonData
 SLPROG         0x000000000603b040     0x12b8 /joe/Compiler/COMMON/SGL_302j/LIB_ELF/LIBSGL.A(sglJ02.o)
                0x000000000603b040                sbMakePolygon
                0x000000000603b228                sbCalcPolygon
                0x000000000603bf60                SetTexture
                0x000000000603bf6c                SetPolygon
                0x000000000603bf74                SetPosition
                0x000000000603bfac                stvtc_4
                0x000000000603c064                stvtc_3
                0x000000000603c274                stvtc_1
                0x000000000603c288                stvtc_2
                0x000000000603c29c                stvtc_0
 *fill*         0x000000000603c2f8        0x8 
 SLPROG         0x000000000603c300      0x140 /joe/Compiler/COMMON/SGL_302j/LIB_ELF/LIBSGL.A(sglJ03.o)
                0x000000000603c300                sbMakeDMATable
 SLPROG         0x000000000603c440      0x470 /joe/Compiler/COMMON/SGL_302j/LIB_ELF/LIBSGL.A(sglJ04.o)
                0x000000000603c49e                sbMakeSprite
                0x000000000603c504                sbMakeRotSprite
 SLPROG         0x000000000603c8b0       0x3c /joe/Compiler/COMMON/SGL_302j/LIB_ELF/LIBSGL.A(sglJ05.o)
                0x000000000603c8b0                sbSortEntry
 *fill*         0x000000000603c8ec        0x4 
 SLPROG         0x000000000603c8f0      0x4b8 /joe/Compiler/COMMON/SGL_302j/LIB_ELF/LIBSGL.A(sglM00.o)
                0x000000000603c8f0                slInitGouraud
                0x000000000603c9e4                slPutPolygonX
                0x000000000603ca2a                slGouraudTblCopy
                0x000000000603ca82                slSetGouraudTbl
                0x000000000603ca88                slSetGouraudColor
                0x000000000603cb00                slSetAmbient
                0x000000000603cb24                slSetFlatColor
 *fill*         0x000000000603cda8        0x8 
 SLPROG         0x000000000603cdb0       0x6a /joe/Compiler/COMMON/SGL_302j/LIB_ELF/LIBSGL.A(sglM01.o)
                0x000000000603cdb0                slSetDepthLimit
                0x000000000603cddc                slSetDepthTbl
                0x000000000603ce0c                DepthWorkArea
 *fill*         0x000000000603ce1a        0x6 
 SLPROG         0x000000000603ce20       0x20 /joe/Compiler/COMMON/SGL_302j/LIB_ELF/LIBSGL.A(sglA00.o)
                0x000000000603ce20                set_imask
                0x000000000603ce20                _builtin_set_imask
                0x000000000603ce34                get_imask
                0x000000000603ce34                _builtin_get_imask
 SLPROG         0x000000000603ce40     0x215c /joe/Compiler/COMMON/SGL_302j/LIB_ELF/LIBSGL.A(sglA03.o)
                0x000000000603ce40                slTan
 *fill*         0x000000000603ef9c        0x4 
 SLPROG         0x000000000603efa0       0x34 /joe/Compiler/COMMON/SGL_302j/LIB_ELF/LIBSGL.A(sglA10.o)
                0x000000000603efa0                slSquartDbl
 *fill*         0x000000000603efd4        0xc 
 SLPROG         0x000000000603efe0      0x3c2 /joe/Compiler/COMMON/SGL_302j/LIB_ELF/LIBSGL.A(sglA24.o)
                0x000000000603efe0                slInversMatrix
 *fill*         0x000000000603f3a2        0xe 
 SLPROG         0x000000000603f3b0       0x24 /joe/Compiler/COMMON/SGL_302j/LIB_ELF/LIBSGL.A(sglA25.o)
                0x000000000603f3b0                slTransposeMatrix
 *fill*         0x000000000603f3d4        0xc 