Archive member included to satisfy reference by file (symbol)

D:/joengine-master/Compiler/COMMON/SGL_302j/LIB_ELF/SEGA_SYS.A(sys_exit.o)
                              D:/joengine-master/jo_engine/core.o (SYS_Exit)
D:/joengine-master/Compiler/COMMON/SGL_302j/LIB_ELF/SEGA_SYS.A(sys_sub.o)
                              D:/joengine-master/Compiler/COMMON/SGL_302j/LIB_ELF/SEGA_SYS.A(sys_exit.o) (SYSUB_SetStackptr)
D:/joengine-master/Compiler/COMMON/SGL_302j/LIB_ELF/LIBCD.A(CDC_CMN.O)
                              D:/joengine-master/Compiler/COMMON/SGL_302j/LIB_ELF/SEGA_SYS.A(sys_exit.o) (CDC_GetCurStat)
D:/joengine-master/Compiler/COMMON/SGL_302j/LIB_ELF/LIBCD.A(CDC_DRV.O)
                              pcmsys.o (CDC_CdPlay)
D:/joengine-master/Compiler/COMMON/SGL_302j/LIB_ELF/LIBCD.A(CDC_CFS.O)
                              D:/joengine-master/Compiler/COMMON/SGL_302j/LIB_ELF/SEGA_SYS.A(sys_exit.o) (CDC_ChgDir)
D:/joengine-master/Compiler/COMMON/SGL_302j/LIB_ELF/LIBCD.A(CDC_REG.O)
                              D:/joengine-master/Compiler/COMMON/SGL_302j/LIB_ELF/SEGA_SYS.A(sys_exit.o) (CDC_GetHirqReq)
D:/joengine-master/Compiler/COMMON/SGL_302j/LIB_ELF/LIBCD.A(CDC_SUB.O)
                              D:/joengine-master/Compiler/COMMON/SGL_302j/LIB_ELF/LIBCD.A(CDC_CMN.O) (CDSUB_UpdStatus)
D:/joengine-master/Compiler/COMMON/SGL_302j/LIB_ELF/LIBCD.A(GFS.O)
                              pcmsys.o (GFS_Init)
D:/joengine-master/Compiler/COMMON/SGL_302j/LIB_ELF/LIBCD.A(GFS_BUF.O)
                              D:/joengine-master/Compiler/COMMON/SGL_302j/LIB_ELF/LIBCD.A(GFS.O) (GFBF_GetNumData)
D:/joengine-master/Compiler/COMMON/SGL_302j/LIB_ELF/LIBCD.A(GFS_CDB.O)
                              D:/joengine-master/Compiler/COMMON/SGL_302j/LIB_ELF/LIBCD.A(GFS.O) (GFCB_Close)
D:/joengine-master/Compiler/COMMON/SGL_302j/LIB_ELF/LIBCD.A(GFS_CDC.O)
                              D:/joengine-master/Compiler/COMMON/SGL_302j/LIB_ELF/LIBCD.A(GFS.O) (GFCD_SetCdbfs)
D:/joengine-master/Compiler/COMMON/SGL_302j/LIB_ELF/LIBCD.A(GFS_CDF.O)
                              D:/joengine-master/Compiler/COMMON/SGL_302j/LIB_ELF/LIBCD.A(GFS.O) (GFCF_Init)
D:/joengine-master/Compiler/COMMON/SGL_302j/LIB_ELF/LIBCD.A(GFS_DIR.O)
                              D:/joengine-master/Compiler/COMMON/SGL_302j/LIB_ELF/LIBCD.A(GFS.O) (GFDR_SetupDirTbl)
D:/joengine-master/Compiler/COMMON/SGL_302j/LIB_ELF/LIBCD.A(GFS_TRN.O)
                              D:/joengine-master/Compiler/COMMON/SGL_302j/LIB_ELF/LIBCD.A(GFS.O) (GFTR_Setup)
D:/joengine-master/Compiler/COMMON/SGL_302j/LIB_ELF/LIBCD.A(CDC_DEV.O)
                              D:/joengine-master/Compiler/COMMON/SGL_302j/LIB_ELF/LIBCD.A(GFS_CDC.O) (CDC_CdSetCon)
D:/joengine-master/Compiler/COMMON/SGL_302j/LIB_ELF/LIBCD.A(CDC_SEL.O)
                              D:/joengine-master/Compiler/COMMON/SGL_302j/LIB_ELF/LIBCD.A(GFS_CDC.O) (CDC_SetFiltRange)
D:/joengine-master/Compiler/COMMON/SGL_302j/LIB_ELF/LIBCD.A(CDC_BIF.O)
                              D:/joengine-master/Compiler/COMMON/SGL_302j/LIB_ELF/LIBCD.A(GFS_CDC.O) (CDC_GetBufSiz)
D:/joengine-master/Compiler/COMMON/SGL_302j/LIB_ELF/LIBCD.A(CDC_BIO.O)
                              D:/joengine-master/Compiler/COMMON/SGL_302j/LIB_ELF/LIBCD.A(GFS_CDC.O) (CDC_SetSctLen)
D:/joengine-master/Compiler/COMMON/SGL_302j/LIB_ELF/LIBSGL.A(sglA01.o)
                              D:/joengine-master/jo_engine/math.o (slSin)
D:/joengine-master/Compiler/COMMON/SGL_302j/LIB_ELF/LIBSGL.A(sglA15.o)
                              D:/joengine-master/jo_engine/slave.o (slSlaveFunc)
D:/joengine-master/Compiler/COMMON/SGL_302j/LIB_ELF/LIBSGL.A(sglA16.o)
                              main.o (slLookAt)
D:/joengine-master/Compiler/COMMON/SGL_302j/LIB_ELF/LIBSGL.A(sglA17.o)
                              main.o (slRotZ)
D:/joengine-master/Compiler/COMMON/SGL_302j/LIB_ELF/LIBSGL.A(sglA18.o)
                              main.o (slRotY)
D:/joengine-master/Compiler/COMMON/SGL_302j/LIB_ELF/LIBSGL.A(sglA19.o)
                              main.o (slRotX)
D:/joengine-master/Compiler/COMMON/SGL_302j/LIB_ELF/LIBSGL.A(sglA20.o)
                              main.o (slUnitMatrix)
D:/joengine-master/Compiler/COMMON/SGL_302j/LIB_ELF/LIBSGL.A(sglA21.o)
                              main.o (slPushMatrix)
D:/joengine-master/Compiler/COMMON/SGL_302j/LIB_ELF/LIBSGL.A(sglA27.o)
                              main.o (slTranslate)
D:/joengine-master/Compiler/COMMON/SGL_302j/LIB_ELF/LIBSGL.A(sglA28.o)
                              main.o (slScale)
D:/joengine-master/Compiler/COMMON/SGL_302j/LIB_ELF/LIBSGL.A(sglA40.o)
                              main.o (slCalcVector)
D:/joengine-master/Compiler/COMMON/SGL_302j/LIB_ELF/LIBSGL.A(sglB001.o)
                              main.o (slTVOn)
D:/joengine-master/Compiler/COMMON/SGL_302j/LIB_ELF/LIBSGL.A(sglB011.o)
                              D:/joengine-master/jo_engine/vdp2.o (slBitMapNbg1)
D:/joengine-master/Compiler/COMMON/SGL_302j/LIB_ELF/LIBSGL.A(sglB014.o)
[...]
Memory Configuration

Name             Origin             Length             Attributes
*default*        0x00000000         0xffffffff

Linker script and memory map


SLSTART         0x06004000       0x30
                0x06004000                ___Start = .
 *(SLSTART)
 SLSTART        0x06004000       0x28 D:/joengine-master/Compiler/COMMON/SGL_302j/LIB_ELF/LIBSGL.A(sglI00.o)
                0x06004000                SGL_Start
                0x06004002                slStartSGL

.text           0x06004040    0x23290
 *(.text)
 .text          0x06004040        0x0 D:/joengine-master/Compiler/COMMON/SGL_302j/LIB_ELF/SGLAREA.O
 .text          0x06004040     0xdc84 main.o
                0x06004040                my_vblank
                0x06004ed4                mmm_set_game_state
                0x06004ee0                mmm_get_game_state
                0x06004eec                mmm_get_p2_port
                0x06004f2c                mmm_set_player_net_info
                0x06004f4c                mmm_diag_race_state
                0x06005310                ztClearText
                0x06005350                count_char
                0x06005360                render_CLUT_sprite_HT
                0x060053b0                render_CLUT_sprite
                0x06005400                render_CLUT_sprite_MESH
                0x06005450                render_CLUT_sprite2
                0x060054c4                replace_texture
                0x06005500                change_player_volume
                0x060055b0                stop_engine_sound
                0x0600561c                stop_sounds
                0x0600569c                init_2p_display
                0x0600572c                init_1p_display
                0x060057b4                effect
                0x06005830                create_checkpoint
                0x0600584c                create_waypoint
                0x0600586c                roundUp
                0x060058b0                animate_texture
                0x06005900                apply_player_gravity
                0x06005954                getTime
                0x060059b4                getSeconds
                0x06005a04                reset_demo
                0x06005bf0                reset_to_last_checkpoint
                0x06005ce8                player_jump
                0x06005d0c                player_high_bounce
                0x06005d4c                player_bounce
                0x06005d8c                player_ramp_jump
                0x06005df0                pup_timer_counter
                0x06005e9c                player_hurt
                0x06005efc                set_player_position
                0x06006000                set_player_total_position
                0x06006060                transition_to_end_level
                0x06006190                race_ended
                0x060061b0                player_collision_handling
                0x06007c60                create_enemy
                0x06007d34                create_powerup
                0x06007d5c                create_player
                0x06007f44                create_map_section
                0x06007f80                computeLight
                0x06007ff4                create_particles
                0x0600809c                create_clouds
                0x0600812c                animate_player
                0x06008294                draw_powerups
                0x06008398                draw_player
                0x06009080                map_builder_draw_section
                0x06009560                map_builder_draw_powerup
                0x060096b8                draw_walls
                0x060096e4                draw_map
                0x06009850                draw_hud
                0x0600a298                move_camera
                0x0600a87c                race_start
                0x0600ab14                my_draw
                0x0600b204                load_car
                0x0600b37c                load_binary
                0x0600bc88                load_textures
                0x0600bd14                load_level
                0x0600be20                load_preview
                0x0600bea0                load_trackmap
                0x0600bf20                set_palette
                0x0600bf3c                change_player_palette
                0x0600c034                transition_to_title_screen
                0x0600c09c                transition_to_player_select
                0x0600c21c                transition_to_level_select
                0x0600c30c                clear_level
                0x0600c360                menu
                0x0600c4f0                object_viewer
                0x0600c954                pause_game
                0x0600cc54                attract_mode
                0x0600cc58                title_screen
                0x0600d03c                init_display
                0x0600d0b0                cpu_control
                0x0600d298                my_gamepad
                0x0600e354                load_background
                0x0600e394                draw_3d_planes
                0x0600e738                init_3d_planes
                0x0600e8ac                mmm_online_start_race
                0x0600ecbc                load_hud
                0x0600ecf4                load_4bits_car_textures
                0x0600ed7c                load_4bits_player_textures
                0x0600ef3c                total_table
                0x0600f090                race_table
                0x0600f2a0                end_level
                0x0600f9a0                extra_select
                0x0600fa88                player_select
                0x06010f28                level_select
                0x0601155c                gameLoop
                0x0601177c                load_player_and_enemies
                0x060117c8                load_sound
                0x060119fa                load_nbg2_font
                0x06011a58                jo_main
 .text          0x06011cc4      0x618 collision.o
                0x06011d1a                Lerp
                0x06011d50                has_collision
                0x06011dc6                has_horizontal_collision
                0x06011e64                has_vertical_collision
                0x06011efe                has_ramp_collision
                0x060120c0                has_trigger_collision
                0x0601214c                has_shadow_collision
                0x060121c6                has_ceiling_collision
                0x06012268                has_object_collision
 .text          0x060122dc      0x7cc pcmsys.o
                0x06012332                pcm_play
                0x06012358                pcm_parameter_change
                0x06012378                pcm_cease
                0x060123a0                cd_init
                0x060123d8                smpc_wait_till_ready
                0x060123e8                smpc_issue_command
                0x060123fc                load_driver_binary
                0x0601251c                load_drv
                0x06012568                calculate_bytes_per_blank
                0x06012598                convert_bitrate_to_pitchword
                0x060125f4                load_16bit_pcm
                0x06012718                load_8bit_pcm
                0x06012838                gcd
                0x06012868                lcm
                0x06012898                load_adx
                0x06012a1c                sdrv_vblank_rq
                0x06012a2c                CDDASetVolume
                0x06012a40                CDDAPlay
                0x06012a80                CDDAPlaySingle
                0x06012a8c                CDDAStop
 .text          0x06012aa8      0x69c name_entry.o
                0x06012be6                name_entry_init
                0x06012bf4                name_entry_screen
 .text          0x06013144     0x1260 connecting.o
                0x06013f60                connecting_init
                0x06013f6c                connecting_screen
 .text          0x060143a4      0xc2c lobby.o
                0x0601487e                lobby_init
                0x0601488c                lobby_screen
 .text          0x06014fd0     0x1a40 net/mmm_net.o
                0x060154c2                mnet_init
                0x06015540                mnet_set_modem_available
                0x0601554c                mnet_set_transport
                0x06015558                mnet_set_username
                0x0601557c                mnet_set_username_2
                0x060155ac                mnet_get_state
                0x060155b8                mnet_log
                0x06015650                mnet_clear_log
                0x06015678                mnet_client_log
                0x06016220                mnet_enter_offline
                0x0601623c                mnet_on_connected
                0x060162f6                mnet_tick
                0x0601645c                mnet_send_input_state
                0x060164e4                mnet_send_input_state_p2
                0x0601657c                mnet_send_player_state
                0x0601661c                mnet_send_player_state_p2
                0x060166d8                mnet_send_lap_complete
                0x06016718                mnet_send_powerup_pickup
                0x06016754                mnet_send_ready_toggle
                0x06016794                mnet_request_start_game
                0x060167c8                mnet_send_car_select
                0x06016804                mnet_send_add_local_player
                0x06016878                mnet_send_remove_local_player
                0x060168ec                mnet_send_disconnect
                0x0601694c                mnet_request_leaderboard
                0x06016980                mnet_get_remote_input
                0x060169c0                mnet_get_remote_state
                0x060169f4                mnet_get_powerup_type
 .text          0x06016a10      0x168 libc_stubs.o
                0x06016a66                malloc
                0x06016a70                free
                0x06016a84                calloc
                0x06016ab4                realloc
                0x06016b1c                _malloc_r
                0x06016b28                _free_r
                0x06016b34                _calloc_r
                0x06016b40                _realloc_r
                0x06016b4c                _sbrk
                0x06016b50                _read
                0x06016b54                _write
                0x06016b58                _close
                0x06016b5c                _open
                0x06016b60                _fstat
                0x06016b64                _isatty
                0x06016b68                _lseek
                0x06016b6c                _kill
                0x06016b70                _getpid
                0x06016b74                _exit
 .text          0x06016b78      0xd50 D:/joengine-master/jo_engine/backup.o
                0x06016bce                jo_backup_get_free_block_count
                0x06016bf0                jo_backup_get_total_block_count
                0x06016c14                jo_backup_format_device
                0x06016cac                jo_backup_mount
                0x06016db0                jo_backup_read_device
                0x06016efc                jo_backup_file_exists
                0x06016fb8                jo_backup_get_file_partition
                0x06017070                jo_backup_init_file
                0x060170b0                jo_backup_save
                0x060172ec                jo_backup_load_file_comment
                0x06017380                jo_backup_load_file_contents
                0x060174f0                jo_backup_delete_file
                0x060175fc                jo_backup_unmount
                0x0601767c                jo_backup_get_file_last_modified_date
                0x06017764                jo_backup_get_file_info
                0x06017874                jo_backup_get_file_size
                0x06017894                jo_backup_get_last_status
 .text          0x060178c8      0x8cc D:/joengine-master/jo_engine/tga.o
                0x06017aee                jo_set_tga_default_palette
                0x06017af8                jo_set_tga_palette_handling
                0x06017b04                __jo_tga_load
                0x06017bcc                __jo_tga_any_loader_from_stream
                0x06017c18                jo_tga_8bits_loader_from_stream
                0x06017c30                jo_tga_loader_from_stream
                0x06017c48                __jo_tga_any_loader
                0x06017c9c                jo_tga_8bits_loader
                0x06017cb8                jo_tga_loader
                0x06017cd4                jo_tga_8bits_tileset_loader
                0x06017ec0                jo_sprite_add_tga_tileset
                0x060180b4                jo_sprite_add_tga_from_stream
                0x06018108                jo_sprite_add_tga
 .text          0x06018194      0x620 D:/joengine-master/jo_engine/3d.o
                0x060181ea                jo_3d_init
                0x06018218                jo_3d_create_triangle
                0x06018258                jo_3d_create_plane
                0x06018298                jo_3d_create_mesh_from_vertices_and_normals
                0x06018388                jo_3d_free_mesh
                0x060183ac                jo_3d_create_cube
                0x06018408                jo_3d_set_mesh_polygon_transparency
                0x06018428                jo_3d_set_mesh_transparency
                0x06018460                jo_3d_set_mesh_polygon_screen_doors
                0x06018486                jo_3d_set_mesh_polygon_high_speed_shrink
                0x060184ac                jo_3d_set_mesh_high_speed_shrink
                0x060184e4                jo_3d_set_mesh_screen_doors
                0x0601851c                jo_3d_set_mesh_polygon_light
                0x0601853a                jo_3d_set_mesh_light
                0x06018570                jo_3d_set_mesh_polygon_texture
                0x060185dc                jo_3d_set_mesh_texture
                0x06018614                jo_3d_set_mesh_polygon_wireframe
                0x06018636                jo_3d_set_mesh_polygon_color_ex
                0x06018686                jo_3d_set_mesh_color
                0x060186c0                jo_3d_free_sprite_quad
                0x060186ec                jo_3d_create_sprite_quad
 .text          0x060187b4      0x5a4 D:/joengine-master/jo_engine/fs.o
                0x0601880a                jo_fs_init
                0x06018854                jo_fs_do_background_jobs
                0x060188e8                jo_fs_read_file_async_ptr
                0x060189e4                jo_fs_cd
                0x06018a24                jo_fs_read_file_ptr
                0x06018b04                jo_fs_read_file_in_dir
                0x06018b4c                jo_fs_open
                0x06018bc8                jo_fs_seek_forward
                0x06018c88                jo_fs_read_next_bytes
                0x06018d28                jo_fs_close
                0x06018d48                jo_fs_set_read_sector_count
 .text          0x06018d58       0xec D:/joengine-master/jo_engine/slave.o
                0x06018dc6                jo_core_add_slave_callback
                0x06018dec                jo_core_remove_slave_callback
                0x06018e00                jo_core_slave_init
                0x06018e10                jo_core_wait_for_slave
                0x06018e30                jo_core_exec_on_slave
 .text          0x06018e44      0x3f4 D:/joengine-master/jo_engine/font.o
                0x06018e9a                jo_font_load
                0x0601905c                jo_font_print
                0x06019134                jo_font_print_centered
 .text          0x06019238      0x1bc D:/joengine-master/jo_engine/input.o
                0x0601928e                jo_get_inputs_vblank
                0x060192d4                jo_get_input_type
                0x0601933c                jo_get_input_count
                0x0601936c                jo_get_input_axis
 .text          0x060193f4        0x0 D:/joengine-master/jo_engine/physics.o
 .text          0x060193f4      0x450 D:/joengine-master/jo_engine/core.o
                0x0601948a                __jo_core_set_screens_order
                0x06019550                jo_core_add_vblank_callback
                0x06019590                jo_core_init
                0x06019720                jo_core_remove_vblank_callback
                0x06019750                jo_core_add_callback
                0x06019774                jo_core_remove_callback
                0x06019788                jo_goto_boot_menu
                0x06019794                jo_core_set_restart_game_callback
                0x060197a0                jo_core_run
 .text          0x06019844      0x9c0 D:/joengine-master/jo_engine/math.o
                0x0601989a                jo_fixed_mult
                0x060198ac                jo_fixed_dot
                0x060198c4                jo_fixed_pow
                0x06019900                jo_fixed_div
                0x06019928                jo_fixed_sin
                0x06019984                jo_fixed_cos
                0x060199e0                jo_gcd
                0x060199f6                jo_atan2f_rad
                0x06019b90                jo_planar_rotate
                0x06019c70                jo_random
                0x06019ce8                jo_vector_fixed_compute_bezier_point
                0x06019e78                jo_vectorf_compute_bezier_point
                0x06019fc8                jo_fixed_sqrt
                0x0601a054                jo_sqrt
                0x0601a08a                jo_fixed_rsqrt
                0x0601a194                jo_rsqrt
 .text          0x0601a204      0x1a0 D:/joengine-master/jo_engine/malloc.o
                0x0601a25a                jo_add_memory_zone
                0x0601a298                jo_malloc_with_behaviour
                0x0601a330                jo_reduce_memory_fragmentation
                0x0601a37c                jo_free
 .text          0x0601a3a4      0x258 D:/joengine-master/jo_engine/tools.o
                0x0601a3fa                jo_getdate
                0x0601a464                jo_get_current_language
                0x0601a488                jo_tools_atoi
                0x0601a4b2                jo_strlen
                0x0601a4c2                jo_endwith
                0x0601a514                jo_strcmp
                0x0601a540                jo_memset
                0x0601a5aa                jo_map_to_vram
 .text          0x0601a5fc       0xa4 D:/joengine-master/jo_engine/palette.o
                0x0601a652                jo_create_palette
                0x0601a678                jo_set_palette_register
                0x0601a68c                jo_get_palette_register
 .text          0x0601a6a0      0x7a8 D:/joengine-master/jo_engine/sprites.o
                0x0601a7de                jo_sprite_usage_percent
                0x0601a864                jo_get_last_sprite_id
                0x0601a870                jo_sprite_init
                0x0601a894                jo_sprite_name2id
                0x0601a8d8                jo_sprite_replace
                0x0601a96c                jo_sprite_add
                0x0601a980                jo_sprite_add_8bits_image
                0x0601a994                jo_sprite_free_from
                0x0601aa38                jo_set_gouraud_shading_colors
                0x0601aa60                jo_set_gouraud_shading_brightness
                0x0601aa8c                jo_sprite_draw_4p_fixed
                0x0601aba4                jo_sprite_draw
                0x0601acb8                jo_sprite_draw_rotate
                0x0601ae14                jo_sprite_set_clipping_area
 .text          0x0601ae48      0x910 D:/joengine-master/jo_engine/map.o
                0x0601af62                jo_map_per_pixel_vertical_collision
                0x0601b0f0                jo_map_hitbox_detection_custom_boundaries
                0x0601b160                jo_map_create
                0x0601b1ac                jo_map_add_tile
                0x0601b1d0                jo_map_add_animated_tile
                0x0601b1f4                jo_map_draw_background
                0x0601b278                jo_map_3d_draw
                0x0601b388                jo_map_draw
                0x0601b45c                jo_map_free
                0x0601b474                jo_map_load_from_file
                0x0601b6e8                jo_map_move_tiles_by_attribute
 .text          0x0601b758      0x15c D:/joengine-master/jo_engine/list.o
                0x0601b7ae                jo_list_init
                0x0601b7bc                jo_list_add
                0x0601b800                jo_list_insert_at
                0x0601b870                jo_list_remove
 .text          0x0601b8b4      0x254 D:/joengine-master/jo_engine/sprite_animator.o
                0x0601b96e                jo_replace_sprite_anim
                0x0601b9d0                jo_create_sprite_anim
                0x0601ba4c                jo_remove_sprite_anim
                0x0601bad8                jo_clear_all_sprite_anim
 .text          0x0601bb08      0x4ac D:/joengine-master/jo_engine/image.o
                0x0601bb5e                __jo_bin_load
                0x0601bba4                jo_free_img
                0x0601bbc0                jo_bin_loader_from_stream
                0x0601bc50                jo_bin_loader
                0x0601bcc0                jo_replace_color
                0x0601bcee                jo_sprite_add_bin_tileset
                0x0601bdec                jo_sprite_add_bin
                0x0601be60                jo_sprite_add_bin_from_stream
                0x0601bea0                jo_sprite_add_image_pack
 .text          0x0601bfb4      0xfd0 D:/joengine-master/jo_engine/vdp2.o
                0x0601c06a                jo_set_default_background_color
                0x0601c0a0                __jo_init_vdp2
                0x0601c0fc                jo_img_to_vdp2_cells
                0x0601c178                jo_vdp2_replace_rbg0_plane_a_8bits_image
                0x0601c18c                jo_vdp2_replace_rbg0_plane_b_8bits_image
                0x0601c1a0                jo_vdp2_set_rbg0_plane_a_8bits_image
                0x0601c264                jo_vdp2_set_rbg0_plane_b_8bits_image
                0x0601c328                jo_vdp2_enable_rbg0
                0x0601c3f4                jo_vdp2_disable_rbg0
                0x0601c450                jo_vdp2_set_nbg0_8bits_image
                0x0601c55c                jo_vdp2_disable_nbg0_line_scroll
                0x0601c580                jo_vdp2_compute_nbg0_line_scroll
                0x0601c598                jo_vdp2_enable_nbg0_line_scroll
                0x0601c5f4                jo_vdp2_draw_bitmap_nbg1_line
                0x0601c690                jo_vdp2_clear_bitmap_nbg1
                0x0601c6fc                jo_vdp2_set_nbg1_8bits_image
                0x0601c7ec                jo_vdp2_set_nbg1_image
                0x0601c9e0                jo_vdp2_disable_nbg1_line_scroll
                0x0601ca04                jo_vdp2_compute_nbg1_line_scroll
                0x0601ca1c                jo_vdp2_enable_nbg1_line_scroll
                0x0601ca78                jo_nbg2_clear
                0x0601caa4                __jo_set_nbg2_8bits_image
                0x0601cb48                jo_nbg2_print
                0x0601cba4                jo_vdp2_set_nbg2_8bits_font
                0x0601cc14                jo_vdp2_set_nbg2_8bits_image
                0x0601cc80                jo_nbg3_clear
                0x0601ccac                __jo_set_nbg3_8bits_image
                0x0601cd50                jo_nbg3_print
                0x0601cdac                jo_vdp2_set_nbg3_8bits_font
                0x0601ce1c                jo_vdp2_set_nbg3_8bits_image
                0x0601ce88                jo_set_displayed_screens
                0x0601ce98                jo_disable_all_screens_transparency
                0x0601cebc                jo_enable_screen_transparency
 .text          0x0601cf84      0x26c D:/joengine-master/jo_engine/time.o
                0x0601cfda                jo_time_init
                0x0601d004                jo_get_ticks
                0x0601d0e4                jo_fixed_point_time
 .text          0x0601d1f0       0x56 D:/joengine-master/jo_engine/vdp1_command_pipeline.o
 *fill*         0x0601d246        0x2 
 .text          0x0601d248      0x258 D:/joengine-master/jo_engine/vdp2_malloc.o
                0x0601d29e                jo_vdp2_malloc_init
                0x0601d2d4                jo_vdp2_free
                0x0601d378                jo_vdp2_malloc
 .text          0x0601d4a0      0x238 D:/joengine-master/Compiler/COMMON/SGL_302j/LIB_ELF/SEGA_SYS.A(sys_exit.o)
                0x0601d4a0                sys_version
                0x0601d4c0                SYS_Exit
 *fill*         0x0601d6d8        0x8 
 .text          0x0601d6e0        0x6 D:/joengine-master/Compiler/COMMON/SGL_302j/LIB_ELF/SEGA_SYS.A(sys_sub.o)
                0x0601d6e0                SYSUB_SetStackptr
 *fill*         0x0601d6e6        0xa 
 .text          0x0601d6f0      0x3a0 D:/joengine-master/Compiler/COMMON/SGL_302j/LIB_ELF/LIBCD.A(CDC_CMN.O)
                0x0601d6f0                CDC_GetCurStat
                0x0601d740                CDC_GetLastStat
                0x0601d758                CDC_GetPeriStat
                0x0601d82c                CDC_GetHwInfo
                0x0601d894                CDC_TgetToc
                0x0601d8e4                CDC_GetSes
                0x0601d920                CDC_CdInit
                0x0601d9a4                CDC_CdOpen
                0x0601d9cc                CDC_DataReady
                0x0601da38                CDC_DataEnd
 .text          0x0601da90      0x130 D:/joengine-master/Compiler/COMMON/SGL_302j/LIB_ELF/LIBCD.A(CDC_DRV.O)
                0x0601da90                CDC_CdPlay
                0x0601db5c                CDC_CdSeek
                0x0601db90                CDC_CdScan
 .text          0x0601dbc0      0x194 D:/joengine-master/Compiler/COMMON/SGL_302j/LIB_ELF/LIBCD.A(CDC_CFS.O)
                0x0601dbc0                CDC_ChgDir
                0x0601dbf4                CDC_ReadDir
                0x0601dc28                CDC_GetFileScope
                0x0601dc88                CDC_TgetFileInfo
                0x0601dce4                CDC_ReadFile
                0x0601dd18                CDC_AbortFile
 *fill*         0x0601dd54        0xc 
 .text          0x0601dd60      0x2dc D:/joengine-master/Compiler/COMMON/SGL_302j/LIB_ELF/LIBCD.A(CDC_REG.O)
                0x0601dd60                CDC_GetDataPtr
                0x0601dd70                CDC_GetHirqReq
                0x0601dd84                CDC_ClrHirqReq
                0x0601ddb4                CDREG_ClrHirqReq
                0x0601ddc4                CDREG_InitHirqReq
                0x0601ddec                CDREG_SetHirqFlag
                0x0601de00                CDC_GetHirqMsk
                0x0601de14                CDC_SetHirqMsk
                0x0601de24                CDC_GetMpegPtr
                0x0601de34                CDREG_TgetData
                0x0601de90                CDREG_CmdRsp
                0x0601df90                CDREG_WaitHirq
                0x0601e000                CDREG_ReadRsp
 *fill*         0x0601e03c        0x4 
 .text          0x0601e040      0x152 D:/joengine-master/Compiler/COMMON/SGL_302j/LIB_ELF/LIBCD.A(CDC_SUB.O)
                0x0601e040                CDSUB_UpdStatus
                0x0601e058                CDSUB_UpdCdstat
                0x0601e078                CDSUB_CdCmd
                0x0601e0e8                CDSUB_GetCdstat
                0x0601e128                CDSUB_RspToCdstat
                0x0601e170                CDSUB_SoftTimer
 *fill*         0x0601e192        0xe 
 .text          0x0601e1a0     0x1adc D:/joengine-master/Compiler/COMMON/SGL_302j/LIB_ELF/LIBCD.A(GFS.O)
                0x0601e1a0                gfs_version
                0x0601e1c0                GFS_Init
                0x0601e2a8                GFS_LoadDir
                0x0601e350                GFS_SetDir
                0x0601e3b8                GFS_NameToId
                0x0601e41c                GFS_IdToName
                0x0601e488                GFS_GetDirInfo
                0x0601e4f8                GFS_Reset
                0x0601e57c                GFS_Open
                0x0601e630                GFS_Close
                0x0601e668                GFS_Seek
                0x0601e71c                GFS_Tell
                0x0601e76c                GFS_IsEof
                0x0601e7c0                GFS_ByteToSct
                0x0601e81c                GFS_GetFileSize
                0x0601e878                GFS_GetFileInfo
                0x0601e8ec                GFS_GetNumCdbuf
                0x0601e914                GFS_Load
                0x0601e9d8                GFS_Fread
                0x0601ea74                gfs_waitRead
                0x0601eb1c                GFS_NwFread
                0x0601ec28                GFS_NwCdRead
                0x0601eca0                GFS_NwIsComplete
                0x0601ecd8                GFS_NwStop
                0x0601ed44                GFS_NwGetStat
                0x0601edc0                gfs_recovRdErr
                0x0601edf0                GFS_NwExecOne
                0x0601eeb0                GFS_NwExecServer
                0x0601ef2c                GFS_SetGmode
                0x0601ef90                GFS_SetTmode
                0x0601effc                GFS_SetReadPara
                0x0601f060                GFS_SetTransPara
                0x0601f0cc                GFS_SetTrFunc
                0x0601f130                GFS_StartTrans
                0x0601f17c                GFS_CdMovePickup
                0x0601f1e8                GFS_SetErrFunc
                0x0601f214                GFS_GetErrStat
                0x0601f238                GFS_ConvTno
                0x0601f260                gfs_chgRoot
                0x0601f32c                gfs_aborttrans
                0x0601f338                gfs_mngSetupFuncTbl
                0x0601f36c                gfs_mngInitWork
                0x0601f410                gfs_mngGetNumFile
                0x0601f478                GFS_mngAllocGrp
                0x0601f4c0                gfs_mngFreeGrp
                0x0601f4cc                gfs_mngTermAccess
                0x0601f550                gfs_mngSetErrCode
                0x0601f5d0                gfs_svrSearchHndl
                0x0601f610                gfs_svrAddHndl
                0x0601f64c                gfs_svrRemoveHndl
                0x0601f6a8                GFS_OpenSub
                0x0601f700                gfs_loadVol
                0x0601f7c4                gfs_getRootDir
                0x0601f8c0                gfs_loadRootDir
                0x0601f948                gfs_flowIn
                0x0601f9f0                gfs_transData
                0x0601fa94                GFS_GetFad
                0x0601faec                gfs_SetSct
                0x0601fb2c                gfs_GetFinfo
                0x0601fb6c                gfs_closeSub
                0x0601fba8                gfs_getGmode
                0x0601fbb4                gfs_isTaskDone
                0x0601fc08                gfs_convFinStat
 *fill*         0x0601fc7c        0x4 
 .text          0x0601fc80      0x106 D:/joengine-master/Compiler/COMMON/SGL_302j/LIB_ELF/LIBCD.A(GFS_BUF.O)
                0x0601fcb0                GFBF_GetTranData
                0x0601fcd8                GFBF_GetNumData
                0x0601fd08                GFBF_GetSrcPk
                0x0601fd30                GFBF_GetSctData
                0x0601fd54                GFBF_RtnPk
                0x0601fd7c                gfbf_getSctDt
 *fill*         0x0601fd86        0xa 
 .text          0x0601fd90      0x600 D:/joengine-master/Compiler/COMMON/SGL_302j/LIB_ELF/LIBCD.A(GFS_CDB.O)
                0x0601fd90                GFCB_Setup
                0x0601feb0                GFCB_Close
                0x0601fed8                GFCB_GetLenData
                0x0601ff84                GFCB_GetLenRoom
                0x0601ff90                GFCB_SetFilt
                0x0601fff8                GFCB_DeleteAllData
                0x06020020                GFCB_Tell
                0x06020030                gfcb_getSctNum
                0x06020080                GFCB_Seek
                0x0602017c                GFCB_GetSrcPack
                0x0602025c                GFCB_GetSctData
                0x06020294                GFCB_GetDstPack
                0x060202a0                GFCB_RtnPk
                0x060202e8                GFCB_MovePickup
                0x06020304                GFCB_SetCon
                0x06020338                GFCB_GetPickup
                0x06020360                GFCB_IsPuOwner
                0x06020378                GFCB_UngetPickup
 .text          0x06020390     0x1a10 D:/joengine-master/Compiler/COMMON/SGL_302j/LIB_ELF/LIBCD.A(GFS_CDC.O)
                0x06020390                GFCD_SetCdbfs
                0x060203bc                GFCD_Init
                0x060205c0                GFCD_AllocFilt
                0x060205fc                GFCD_FreeFilt
                0x0602062c                GFCD_AllocBuf
                0x06020660                GFCD_FreeBuf
                0x06020704                GFCD_GetBaseFad
                0x06020738                GFCD_GetPickup
                0x0602076c                GFCD_UngetPickup
                0x06020798                GFCD_IsPuOwner
                0x060207bc                GFCD_SetFilt
                0x06020880                GFCD_GetFilt
                0x060208c8                GFCD_SetCon
                0x06020920                GFCD_Play
                0x06020980                GFCD_GetLenData
                0x060209e8                GFCD_ReqData
                0x06020a44                GFCD_EndData
                0x06020a8c                GFCD_DelSctData
                0x06020ae4                GFCD_CheckDelSctData
                0x06020b14                GFCD_GetStat
                0x06020bc8                GFCD_MovePickup
                0x06020c14                GFCD_MoveSctData
                0x06020c88                GFCD_CheckMove
                0x06020cac                GFCD_GetSctInfo
                0x06020cf4                GFCD_ChgDir
                0x06020d68                GFCD_SetFiltCon
                0x06020e50                GFCD_GetFileInfo
                0x06020f2c                GFCD_GetBufSiz
                0x06020f64                GFCD_ExecServer
                0x06021038                gfcd_isIdleTask
                0x060210c4                gfcd_doTask
                0x06021170                GFCD_SetTimer
                0x06021184                GFCD_WaitServer
                0x060211c0                gfcd_doSetFiltTsk
                0x06021384                gfcd_doSetConTsk
                0x06021414                gfcd_doGetLenDataTsk
                0x06021568                gfcd_doReqDataTsk
                0x06021608                gfcd_doDelSctDataTsk
                0x0602173c                gfcd_doMoveSctTsk
                0x060218a0                gfcd_doChgDirTsk
                0x06021a9c                gfcd_doSetFiltConTsk
                0x06021be0                gfcd_checkEflag
                0x06021c04                gfcd_initCdbMng
                0x06021c84                gfcd_setStat
                0x06021cb0                GFCD_SetCsctFunc
                0x06021ccc                GFCD_ChkScdqFlag
                0x06021cf0                GFCD_ClrScdqFlag
                0x06021d0c                GFCD_WaitScdqFlag
                0x06021d50                GFCD_WaitPause
 .text          0x06021da0      0x8d8 D:/joengine-master/Compiler/COMMON/SGL_302j/LIB_ELF/LIBCD.A(GFS_CDF.O)
                0x06021da0                GFCF_Init
                0x06021e40                GFCF_Setup
                0x06021f88                GFCF_SetSct
                0x06021fcc                GFCF_GetFileInfo
                0x06022040                GFCF_FlowInBuf
                0x06022194                GFCF_StopInBuf
                0x06022234                GFCF_Recover
                0x0602227c                GFCF_Tell
                0x06022294                GFCF_Seek
                0x060222ac                GFCF_MovePickup
                0x06022348                GFCF_cnvIntlvOfs
                0x0602239c                GFCF_GetStat
                0x06022434                gfcf_getSctSize
                0x06022470                gfcf_isCdOk
                0x06022530                gfcf_getPlayRange
 *fill*         0x06022678        0x8 
 .text          0x06022680      0x92c D:/joengine-master/Compiler/COMMON/SGL_302j/LIB_ELF/LIBCD.A(GFS_DIR.O)
                0x06022680                GFDR_SetupDirTbl
                0x060226f4                GFDR_NameToId
                0x06022754                GFDR_GetInfoDirId
                0x06022768                GFDR_GetInfoDirName
                0x0602277c                GFDR_GetAtrDirId
                0x06022794                GFDR_GetAtrDirName
                0x060227ac                GFDR_ChgRoot
                0x060227c4                GFDR_ChgDir
                0x06022838                gfdr_setupDirIdTbl
                0x060228bc                gfdr_setupDirNameTbl
                0x06022968                gfdr_open
                0x06022990                gfdr_read
                0x06022a50                gfdr_readByte
                0x06022a7c                gfdr_readWord
                0x06022aa8                gfdr_readWordNB
                0x06022afc                gfdr_readLongNB
                0x06022b48                gfdr_readLongNM
                0x06022b70                gfdr_setNextRec
                0x06022bf4                gfdr_readDirEnt
                0x06022f70                gfdr_setDirrecCd
 *fill*         0x06022fac        0x4 
 .text          0x06022fb0      0x9c6 D:/joengine-master/Compiler/COMMON/SGL_302j/LIB_ELF/LIBCD.A(GFS_TRN.O)
                0x06022fe0                GFTR_Setup
                0x06023024                GFTR_SetMode
                0x06023038                GFTR_SetUnit
                0x06023044                GFTR_SetTransPara
                0x06023078                GFTR_GetTransPara
                0x06023084                GFTR_GetNumTrans
                0x06023090                GFTR_SetTransMax
                0x0602309c                GFTR_Start
                0x060230a8                GFTR_Pause
                0x060230b4                GFTR_Stop
                0x0602316c                GFTR_Exec
                0x060231f0                GFTR_Idle
                0x06023268                GFTR_ExecSvr
                0x06023370                gftr_getSrcPack
                0x060233f8                gftr_getDstPack
                0x06023454                gftr_reqScu
                0x06023460                gftr_execScu
                0x060234fc                gftr_remScu
                0x06023530                gfdma_canUse
                0x0602353c                gfdma_exec
                0x060235ac                gfdma_getBytecnt
                0x060235e4                gftr_reqDma0
                0x060235fc                gftr_execSdma0
                0x06023620                gftr_remDma0
                0x06023638                gftr_reqDma1
                0x06023650                gftr_execSdma1
                0x06023674                gftr_remDma1
                0x0602368c                gftr_reqCpu
                0x06023698                gftr_execCpu
                0x060236d8                gftr_remCpu
                0x060236e4                gftr_reqTrn
                0x06023754                gftr_execTrn
                0x0602382c                gftr_remTrn
                0x060238a0                gftr_copyFrac
                0x060238c8                GFTR_GetLenData
                0x060238d4                GFTR_GetLenRoom
                0x060238ec                GFTR_GetDstPack
                0x06023920                GFTR_RtnDstPk
                0x0602393c                GFTR_GetData
                0x06023950                GFTR_SetData
                0x06023964                GFTR_SetTransFunc
 *fill*         0x06023976        0xa 
 .text          0x06023980       0xa8 D:/joengine-master/Compiler/COMMON/SGL_302j/LIB_ELF/LIBCD.A(CDC_DEV.O)
                0x06023980                CDC_CdSetCon
                0x060239b0                CDC_CdGetCon
                0x060239ec                CDC_CdGetLastBuf
 *fill*         0x06023a28        0x8 
 .text          0x06023a30      0x2b8 D:/joengine-master/Compiler/COMMON/SGL_302j/LIB_ELF/LIBCD.A(CDC_SEL.O)
                0x06023a30                CDC_SetFiltRange
                0x06023a64                CDC_GetFiltRange
                0x06023abc                CDC_SetFiltSubh
                0x06023b2c                CDC_GetFiltSubh
                0x06023ba8                CDC_SetFiltMode
                0x06023bdc                CDC_GetFiltMode
                0x06023c20                CDC_SetFiltCon
                0x06023c60                CDC_GetFiltCon
                0x06023cb4                CDC_ResetSelector
 *fill*         0x06023ce8        0x8 
 .text          0x06023cf0      0x270 D:/joengine-master/Compiler/COMMON/SGL_302j/LIB_ELF/LIBCD.A(CDC_BIF.O)
                0x06023cf0                CDC_GetBufSiz
                0x06023d4c                CDC_GetSctNum
                0x06023d90                CDC_CalActSiz
                0x06023dcc                CDC_GetActSiz
                0x06023e4c                CDC_GetSctInfo
                0x06023ecc                CDC_ExeFadSearch
                0x06023f04                CDC_GetFadSearch
 .text          0x06023f60      0x1e4 D:/joengine-master/Compiler/COMMON/SGL_302j/LIB_ELF/LIBCD.A(CDC_BIO.O)
                0x06023f60                CDC_SetSctLen
                0x06023f94                CDC_GetSctData
                0x06023fd0                CDC_DelSctData
                0x0602400c                CDC_GetdelSctData
                0x06024048                CDC_PutSctData
                0x06024080                CDC_CopySctData
                0x060240c4                CDC_MoveSctData
                0x06024108                CDC_GetCopyErr
 *fill*         0x06024144        0xc 
 .text          0x06024150        0x0 D:/joengine-master/Compiler/COMMON/SGL_302j/LIB_ELF/LIBSGL.A(sglA01.o)
 .text          0x06024150        0x0 D:/joengine-master/Compiler/COMMON/SGL_302j/LIB_ELF/LIBSGL.A(sglA15.o)
 .text          0x06024150        0x0 D:/joengine-master/Compiler/COMMON/SGL_302j/LIB_ELF/LIBSGL.A(sglA16.o)
 .text          0x06024150        0x0 D:/joengine-master/Compiler/COMMON/SGL_302j/LIB_ELF/LIBSGL.A(sglA17.o)
 .text          0x06024150        0x0 D:/joengine-master/Compiler/COMMON/SGL_302j/LIB_ELF/LIBSGL.A(sglA18.o)
 .text          0x06024150        0x0 D:/joengine-master/Compiler/COMMON/SGL_302j/LIB_ELF/LIBSGL.A(sglA19.o)
 .text          0x06024150        0x0 D:/joengine-master/Compiler/COMMON/SGL_302j/LIB_ELF/LIBSGL.A(sglA20.o)
 .text          0x06024150        0x0 D:/joengine-master/Compiler/COMMON/SGL_302j/LIB_ELF/LIBSGL.A(sglA21.o)
 .text          0x06024150        0x0 D:/joengine-master/Compiler/COMMON/SGL_302j/LIB_ELF/LIBSGL.A(sglA27.o)
 .text          0x06024150        0x0 D:/joengine-master/Compiler/COMMON/SGL_302j/LIB_ELF/LIBSGL.A(sglA28.o)
 .text          0x06024150        0x0 D:/joengine-master/Compiler/COMMON/SGL_302j/LIB_ELF/LIBSGL.A(sglA40.o)
 .text          0x06024150        0x0 D:/joengine-master/Compiler/COMMON/SGL_302j/LIB_ELF/LIBSGL.A(sglB001.o)
 .text          0x06024150        0x0 D:/joengine-master/Compiler/COMMON/SGL_302j/LIB_ELF/LIBSGL.A(sglB011.o)
 .text          0x06024150        0x0 D:/joengine-master/Compiler/COMMON/SGL_302j/LIB_ELF/LIBSGL.A(sglB014.o)
 .text          0x06024150        0x0 D:/joengine-master/Compiler/COMMON/SGL_302j/LIB_ELF/LIBSGL.A(sglB015.o)
 .text          0x06024150        0x0 D:/joengine-master/Compiler/COMMON/SGL_302j/LIB_ELF/LIBSGL.A(sglB016.o)
 .text          0x06024150        0x0 D:/joengine-master/Compiler/COMMON/SGL_302j/LIB_ELF/LIBSGL.A(sglB020.o)
 .text          0x06024150        0x0 D:/joengine-master/Compiler/COMMON/SGL_302j/LIB_ELF/LIBSGL.A(sglB021.o)
 .text          0x06024150        0x0 D:/joengine-master/Compiler/COMMON/SGL_302j/LIB_ELF/LIBSGL.A(sglB023.o)
 .text          0x06024150        0x0 D:/joengine-master/Compiler/COMMON/SGL_302j/LIB_ELF/LIBSGL.A(sglB031.o)
 .text          0x06024150        0x0 D:/joengine-master/Compiler/COMMON/SGL_302j/LIB_ELF/LIBSGL.A(sglB032.o)
 .text          0x06024150        0x0 D:/joengine-master/Compiler/COMMON/SGL_302j/LIB_ELF/LIBSGL.A(sglB033.o)
 .text          0x06024150        0x0 D:/joengine-master/Compiler/COMMON/SGL_302j/LIB_ELF/LIBSGL.A(sglB034.o)
 .text          0x06024150        0x0 D:/joengine-master/Compiler/COMMON/SGL_302j/LIB_ELF/LIBSGL.A(sglB035.o)
 .text          0x06024150        0x0 D:/joengine-master/Compiler/COMMON/SGL_302j/LIB_ELF/LIBSGL.A(sglB036.o)
 .text          0x06024150        0x0 D:/joengine-master/Compiler/COMMON/SGL_302j/LIB_ELF/LIBSGL.A(sglB038.o)
 .text          0x06024150        0x0 D:/joengine-master/Compiler/COMMON/SGL_302j/LIB_ELF/LIBSGL.A(sglB039.o)
 .text          0x06024150        0x0 D:/joengine-master/Compiler/COMMON/SGL_302j/LIB_ELF/LIBSGL.A(sglB040.o)
 .text          0x06024150        0x0 D:/joengine-master/Compiler/COMMON/SGL_302j/LIB_ELF/LIBSGL.A(sglB041.o)
 .text          0x06024150        0x0 D:/joengine-master/Compiler/COMMON/SGL_302j/LIB_ELF/LIBSGL.A(sglB042.o)
 .text          0x06024150        0x0 D:/joengine-master/Compiler/COMMON/SGL_302j/LIB_ELF/LIBSGL.A(sglB043.o)
 .text          0x06024150        0x0 D:/joengine-master/Compiler/COMMON/SGL_302j/LIB_ELF/LIBSGL.A(sglB044.o)
 .text          0x06024150        0x0 D:/joengine-master/Compiler/COMMON/SGL_302j/LIB_ELF/LIBSGL.A(sglB045.o)
 .text          0x06024150        0x0 D:/joengine-master/Compiler/COMMON/SGL_302j/LIB_ELF/LIBSGL.A(sglB047.o)
 .text          0x06024150        0x0 D:/joengine-master/Compiler/COMMON/SGL_302j/LIB_ELF/LIBSGL.A(sglB048.o)
 .text          0x06024150        0x0 D:/joengine-master/Compiler/COMMON/SGL_302j/LIB_ELF/LIBSGL.A(sglB055.o)
 .text          0x06024150        0x0 D:/joengine-master/Compiler/COMMON/SGL_302j/LIB_ELF/LIBSGL.A(sglB056.o)
 .text          0x06024150        0x0 D:/joengine-master/Compiler/COMMON/SGL_302j/LIB_ELF/LIBSGL.A(sglB057.o)
 .text          0x06024150        0x0 D:/joengine-master/Compiler/COMMON/SGL_302j/LIB_ELF/LIBSGL.A(sglB058.o)
 .text          0x06024150        0x0 D:/joengine-master/Compiler/COMMON/SGL_302j/LIB_ELF/LIBSGL.A(sglB059.o)
 .text          0x06024150        0x0 D:/joengine-master/Compiler/COMMON/SGL_302j/LIB_ELF/LIBSGL.A(sglB060.o)
 .text          0x06024150        0x0 D:/joengine-master/Compiler/COMMON/SGL_302j/LIB_ELF/LIBSGL.A(sglB063.o)
 .text          0x06024150        0x0 D:/joengine-master/Compiler/COMMON/SGL_302j/LIB_ELF/LIBSGL.A(sglB087.o)
 .text          0x06024150        0x0 D:/joengine-master/Compiler/COMMON/SGL_302j/LIB_ELF/LIBSGL.A(sglB088.o)
 .text          0x06024150        0x0 D:/joengine-master/Compiler/COMMON/SGL_302j/LIB_ELF/LIBSGL.A(sglB090.o)
 .text          0x06024150        0x0 D:/joengine-master/Compiler/COMMON/SGL_302j/LIB_ELF/LIBSGL.A(sglB200.o)
 .text          0x06024150        0x0 D:/joengine-master/Compiler/COMMON/SGL_302j/LIB_ELF/LIBSGL.A(sglC01.o)
 .text          0x06024150        0x0 D:/joengine-master/Compiler/COMMON/SGL_302j/LIB_ELF/LIBSGL.A(sglC03.o)
 .text          0x06024150        0x0 D:/joengine-master/Compiler/COMMON/SGL_302j/LIB_ELF/LIBSGL.A(sglC04.o)
 .text          0x06024150        0x0 D:/joengine-master/Compiler/COMMON/SGL_302j/LIB_ELF/LIBSGL.A(sglC05.o)
 .text          0x06024150        0x0 D:/joengine-master/Compiler/COMMON/SGL_302j/LIB_ELF/LIBSGL.A(sglC06.o)
 .text          0x06024150        0x0 D:/joengine-master/Compiler/COMMON/SGL_302j/LIB_ELF/LIBSGL.A(sglC07.o)
 .text          0x06024150        0x0 D:/joengine-master/Compiler/COMMON/SGL_302j/LIB_ELF/LIBSGL.A(sglC08.o)
 .text          0x06024150        0x0 D:/joengine-master/Compiler/COMMON/SGL_302j/LIB_ELF/LIBSGL.A(sglC14.o)
 .text          0x06024150        0x0 D:/joengine-master/Compiler/COMMON/SGL_302j/LIB_ELF/LIBSGL.A(sglC16.o)
 .text          0x06024150        0x0 D:/joengine-master/Compiler/COMMON/SGL_302j/LIB_ELF/LIBSGL.A(sglC17.o)
 .text          0x06024150        0x0 D:/joengine-master/Compiler/COMMON/SGL_302j/LIB_ELF/LIBSGL.A(sglC19.o)
 .text          0x06024150        0x0 D:/joengine-master/Compiler/COMMON/SGL_302j/LIB_ELF/LIBSGL.A(sglC20.o)
 .text          0x06024150        0x0 D:/joengine-master/Compiler/COMMON/SGL_302j/LIB_ELF/LIBSGL.A(sglC21.o)
 .text          0x06024150        0x0 D:/joengine-master/Compiler/COMMON/SGL_302j/LIB_ELF/LIBSGL.A(sglD00.o)
 .text          0x06024150        0x0 D:/joengine-master/Compiler/COMMON/SGL_302j/LIB_ELF/LIBSGL.A(sglD01.o)
 .text          0x06024150        0x0 D:/joengine-master/Compiler/COMMON/SGL_302j/LIB_ELF/LIBSGL.A(sglD02.o)
 .text          0x06024150        0x0 D:/joengine-master/Compiler/COMMON/SGL_302j/LIB_ELF/LIBSGL.A(sglD03.o)
 .text          0x06024150        0x0 D:/joengine-master/Compiler/COMMON/SGL_302j/LIB_ELF/LIBSGL.A(sglD15.o)
 .text          0x06024150        0x0 D:/joengine-master/Compiler/COMMON/SGL_302j/LIB_ELF/LIBSGL.A(sglD16.o)
 .text          0x06024150        0x0 D:/joengine-master/Compiler/COMMON/SGL_302j/LIB_ELF/LIBSGL.A(sglD17.o)
 .text          0x06024150        0x0 D:/joengine-master/Compiler/COMMON/SGL_302j/LIB_ELF/LIBSGL.A(sglD18.o)
 .text          0x06024150        0x0 D:/joengine-master/Compiler/COMMON/SGL_302j/LIB_ELF/LIBSGL.A(sglF08.o)
 .text          0x06024150        0x0 D:/joengine-master/Compiler/COMMON/SGL_302j/LIB_ELF/LIBSGL.A(sglH00.o)
 .text          0x06024150        0x0 D:/joengine-master/Compiler/COMMON/SGL_302j/LIB_ELF/LIBSGL.A(sglH01.o)
 .text          0x06024150        0x0 D:/joengine-master/Compiler/COMMON/SGL_302j/LIB_ELF/LIBSGL.A(sglH02.o)
 .text          0x06024150        0x0 D:/joengine-master/Compiler/COMMON/SGL_302j/LIB_ELF/LIBSGL.A(sglH04.o)
 .text          0x06024150        0x0 D:/joengine-master/Compiler/COMMON/SGL_302j/LIB_ELF/LIBSGL.A(sglI01.o)
 .text          0x06024150        0x0 D:/joengine-master/Compiler/COMMON/SGL_302j/LIB_ELF/LIBSGL.A(sglI04.o)
 .text          0x06024150      0x128 D:/joengine-master/Compiler/COMMON/SGL_302j/LIB_ELF/LIBSGL.A(sglIc0.o)
                0x06024150                slInitSystem
 *fill*         0x06024278        0x8 
 .text          0x06024280        0x0 D:/joengine-master/Compiler/COMMON/SGL_302j/LIB_ELF/LIBSGL.A(sglJ00.o)
 .text          0x06024280        0x0 D:/joengine-master/Compiler/COMMON/SGL_302j/LIB_ELF/LIBSGL.A(sglJ01.o)
 .text          0x06024280        0x0 D:/joengine-master/Compiler/COMMON/SGL_302j/LIB_ELF/LIBSGL.A(sglJ02.o)
 .text          0x06024280        0x0 D:/joengine-master/Compiler/COMMON/SGL_302j/LIB_ELF/LIBSGL.A(sglJ03.o)
 .text          0x06024280        0x0 D:/joengine-master/Compiler/COMMON/SGL_302j/LIB_ELF/LIBSGL.A(sglJ04.o)
 .text          0x06024280        0x0 D:/joengine-master/Compiler/COMMON/SGL_302j/LIB_ELF/LIBSGL.A(sglJ05.o)
 .text          0x06024280        0x0 D:/joengine-master/Compiler/COMMON/SGL_302j/LIB_ELF/LIBSGL.A(sglK01.o)
 .text          0x06024280        0x0 D:/joengine-master/Compiler/COMMON/SGL_302j/LIB_ELF/LIBSGL.A(sglM00.o)
 .text          0x06024280        0x0 D:/joengine-master/Compiler/COMMON/SGL_302j/LIB_ELF/LIBSGL.A(sglM01.o)
 .text          0x06024280        0x0 D:/joengine-master/Compiler/COMMON/SGL_302j/LIB_ELF/LIBSGL.A(sglA00.o)
 .text          0x06024280        0x0 D:/joengine-master/Compiler/COMMON/SGL_302j/LIB_ELF/LIBSGL.A(sglA03.o)
 .text          0x06024280        0x0 D:/joengine-master/Compiler/COMMON/SGL_302j/LIB_ELF/LIBSGL.A(sglA10.o)
 .text          0x06024280        0x0 D:/joengine-master/Compiler/COMMON/SGL_302j/LIB_ELF/LIBSGL.A(sglA24.o)
 .text          0x06024280        0x0 D:/joengine-master/Compiler/COMMON/SGL_302j/LIB_ELF/LIBSGL.A(sglA25.o)
 .text          0x06024280        0x0 D:/joengine-master/Compiler/COMMON/SGL_302j/LIB_ELF/LIBSGL.A(sglB000.o)
 .text          0x06024280        0x0 D:/joengine-master/Compiler/COMMON/SGL_302j/LIB_ELF/LIBSGL.A(sglC00.o)
 .text          0x06024280        0x0 D:/joengine-master/Compiler/COMMON/SGL_302j/LIB_ELF/LIBSGL.A(sglC13.o)
 .text          0x06024280        0x0 D:/joengine-master/Compiler/COMMON/SGL_302j/LIB_ELF/LIBSGL.A(sglD19.o)
 .text          0x06024280        0x0 D:/joengine-master/Compiler/COMMON/SGL_302j/LIB_ELF/LIBSGL.A(sglI00.o)
 .text          0x06024280        0x0 D:/joengine-master/Compiler/COMMON/SGL_302j/LIB_ELF/LIBSGL.A(sglH03.o)
 .text          0x06024280       0x52 d:/joengine-master/compiler/windows/bin/../lib/gcc/sh-elf/9.3.0\libgcc.a(_ashiftrt.o)
                0x06024280                __ashiftrt_r4_31
                0x06024280                __ashiftrt_r4_32
                0x06024286                __ashiftrt_r4_30
                0x06024288                __ashiftrt_r4_29
                0x0602428a                __ashiftrt_r4_28
                0x0602428c                __ashiftrt_r4_27
                0x0602428e                __ashiftrt_r4_26
                0x06024290                __ashiftrt_r4_25
                0x06024292                __ashiftrt_r4_24
                0x0602429a                __ashiftrt_r4_23
                0x0602429c                __ashiftrt_r4_22
                0x0602429e                __ashiftrt_r4_21
                0x060242a0                __ashiftrt_r4_20
                0x060242a2                __ashiftrt_r4_19
                0x060242a4                __ashiftrt_r4_18
                0x060242a6                __ashiftrt_r4_17
                0x060242a8                __ashiftrt_r4_16
                0x060242ae                __ashiftrt_r4_15
                0x060242b0                __ashiftrt_r4_14
                0x060242b2                __ashiftrt_r4_13
                0x060242b4                __ashiftrt_r4_12
                0x060242b6                __ashiftrt_r4_11
                0x060242b8                __ashiftrt_r4_10
                0x060242ba                __ashiftrt_r4_9
                0x060242bc                __ashiftrt_r4_8
                0x060242be                __ashiftrt_r4_7
                0x060242c0                __ashiftrt_r4_6
                0x060242c2                __ashiftrt_r4_5
                0x060242c4                __ashiftrt_r4_4
                0x060242c6                __ashiftrt_r4_3
                0x060242c8                __ashiftrt_r4_2
                0x060242ca                __ashiftrt_r4_1
                0x060242ce                __ashiftrt_r4_0
 *fill*         0x060242d2        0x2 
 .text          0x060242d4       0x80 d:/joengine-master/compiler/windows/bin/../lib/gcc/sh-elf/9.3.0\libgcc.a(_ashiftrt_n.o)
                0x060242d4                __ashrsi3
 .text          0x06024354       0xbc d:/joengine-master/compiler/windows/bin/../lib/gcc/sh-elf/9.3.0\libgcc.a(_ashiftlt.o)
                0x06024354                __ashlsi3
                0x06024358                __ashlsi3_r0
 .text          0x06024410       0xbc d:/joengine-master/compiler/windows/bin/../lib/gcc/sh-elf/9.3.0\libgcc.a(_lshiftrt.o)
                0x06024410                __lshrsi3
                0x06024414                __lshrsi3_r0
 .text          0x060244cc       0x78 d:/joengine-master/compiler/windows/bin/../lib/gcc/sh-elf/9.3.0\libgcc.a(_movmem.o)
                0x060244cc                __movmem
                0x060244cc                __movstr
                0x06024500                __movstrSI64
                0x06024500                __movmemSI64
                0x06024504                __movstrSI60
                0x06024504                __movmemSI60
                0x06024508                __movstrSI56
                0x06024508                __movmemSI56
                0x0602450c                __movstrSI52
                0x0602450c                __movmemSI52
                0x06024510                __movstrSI48
                0x06024510                __movmemSI48
                0x06024514                __movmemSI44
                0x06024514                __movstrSI44
                0x06024518                __movstrSI40
                0x06024518                __movmemSI40
                0x0602451c                __movmemSI36
                0x0602451c                __movstrSI36
                0x06024520                __movmemSI32
                0x06024520                __movstrSI32
                0x06024524                __movstrSI28
                0x06024524                __movmemSI28
                0x06024528                __movmemSI24
                0x06024528                __movstrSI24
                0x0602452c                __movstrSI20
                0x0602452c                __movmemSI20
                0x06024530                __movstrSI16
                0x06024530                __movmemSI16
                0x06024534                __movstrSI12
                0x06024534                __movmemSI12
                0x06024538                __movmemSI8
                0x06024538                __movstrSI8
                0x0602453c                __movmemSI4
                0x0602453c                __movstrSI4
 .text          0x06024544       0xa0 d:/joengine-master/compiler/windows/bin/../lib/gcc/sh-elf/9.3.0\libgcc.a(_sdivsi3.o)
                0x06024544                __sdivsi3
 .text          0x060245e4       0x6c d:/joengine-master/compiler/windows/bin/../lib/gcc/sh-elf/9.3.0\libgcc.a(_udivsi3.o)
                0x06024606                __udivsi3
 .text          0x06024650      0x21c d:/joengine-master/compiler/windows/bin/../lib/gcc/sh-elf/9.3.0\libgcc.a(_addsub_sf.o)
                0x060247d0                __addsf3
                0x0602481c                __subsf3
 .text          0x0602486c      0x134 d:/joengine-master/compiler/windows/bin/../lib/gcc/sh-elf/9.3.0\libgcc.a(_mul_sf.o)
                0x0602486c                __mulsf3
 .text          0x060249a0       0xdc d:/joengine-master/compiler/windows/bin/../lib/gcc/sh-elf/9.3.0\libgcc.a(_div_sf.o)
                0x060249a0                __divsf3
 .text          0x06024a7c       0x54 d:/joengine-master/compiler/windows/bin/../lib/gcc/sh-elf/9.3.0\libgcc.a(_eq_sf.o)
                0x06024a7c                __eqsf2
 .text          0x06024ad0       0x54 d:/joengine-master/compiler/windows/bin/../lib/gcc/sh-elf/9.3.0\libgcc.a(_ne_sf.o)
                0x06024ad0                __nesf2
 .text          0x06024b24       0x54 d:/joengine-master/compiler/windows/bin/../lib/gcc/sh-elf/9.3.0\libgcc.a(_gt_sf.o)
                0x06024b24                __gtsf2
 .text          0x06024b78       0x54 d:/joengine-master/compiler/windows/bin/../lib/gcc/sh-elf/9.3.0\libgcc.a(_ge_sf.o)
                0x06024b78                __gesf2
 .text          0x06024bcc       0x54 d:/joengine-master/compiler/windows/bin/../lib/gcc/sh-elf/9.3.0\libgcc.a(_lt_sf.o)
                0x06024bcc                __ltsf2
 .text          0x06024c20       0x54 d:/joengine-master/compiler/windows/bin/../lib/gcc/sh-elf/9.3.0\libgcc.a(_le_sf.o)
                0x06024c20                __lesf2
 .text          0x06024c74       0x84 d:/joengine-master/compiler/windows/bin/../lib/gcc/sh-elf/9.3.0\libgcc.a(_si_to_sf.o)
                0x06024c74                __floatsisf
 .text          0x06024cf8       0x70 d:/joengine-master/compiler/windows/bin/../lib/gcc/sh-elf/9.3.0\libgcc.a(_sf_to_si.o)
                0x06024cf8                __fixsfsi
 .text          0x06024d68       0x3c d:/joengine-master/compiler/windows/bin/../lib/gcc/sh-elf/9.3.0\libgcc.a(_sf_to_df.o)
                0x06024d68                __extendsfdf2
 .text          0x06024da4        0x0 d:/joengine-master/compiler/windows/bin/../lib/gcc/sh-elf/9.3.0\libgcc.a(_thenan_sf.o)
 .text          0x06024da4       0x94 d:/joengine-master/compiler/windows/bin/../lib/gcc/sh-elf/9.3.0\libgcc.a(_usi_to_sf.o)
                0x06024da4                __floatunsisf
 .text          0x06024e38      0x3e0 d:/joengine-master/compiler/windows/bin/../lib/gcc/sh-elf/9.3.0\libgcc.a(_addsub_df.o)
                0x06025174                __adddf3
                0x060251c4                __subdf3
 .text          0x06025218      0x208 d:/joengine-master/compiler/windows/bin/../lib/gcc/sh-elf/9.3.0\libgcc.a(_mul_df.o)
                0x06025218                __muldf3
 .text          0x06025420       0xa8 d:/joengine-master/compiler/windows/bin/../lib/gcc/sh-elf/9.3.0\libgcc.a(_si_to_df.o)
                0x06025420                __floatsidf
 .text          0x060254c8       0xa0 d:/joengine-master/compiler/windows/bin/../lib/gcc/sh-elf/9.3.0\libgcc.a(_df_to_si.o)
                0x060254c8                __fixdfsi
 .text          0x06025568       0x28 d:/joengine-master/compiler/windows/bin/../lib/gcc/sh-elf/9.3.0\libgcc.a(_make_df.o)
                0x06025568                __make_dp
 .text          0x06025590       0x4c d:/joengine-master/compiler/windows/bin/../lib/gcc/sh-elf/9.3.0\libgcc.a(_df_to_sf.o)
                0x06025590                __truncdfsf2
 .text          0x060255dc        0x0 d:/joengine-master/compiler/windows/bin/../lib/gcc/sh-elf/9.3.0\libgcc.a(_thenan_df.o)
 .text          0x060255dc       0x54 d:/joengine-master/compiler/windows/bin/../lib/gcc/sh-elf/9.3.0\libgcc.a(_clzsi2.o)
                0x060255dc                __clzsi2
 .text          0x06025630      0x11c d:/joengine-master/compiler/windows/bin/../lib/gcc/sh-elf/9.3.0\libgcc.a(_pack_sf.o)
                0x06025630                __pack_f
 .text          0x0602574c       0xa0 d:/joengine-master/compiler/windows/bin/../lib/gcc/sh-elf/9.3.0\libgcc.a(_unpack_sf.o)
                0x0602574c                __unpack_f
 .text          0x060257ec       0xac d:/joengine-master/compiler/windows/bin/../lib/gcc/sh-elf/9.3.0\libgcc.a(_fpcmp_parts_sf.o)
                0x060257ec                __fpcmp_parts_f
 .text          0x06025898       0x20 d:/joengine-master/compiler/windows/bin/../lib/gcc/sh-elf/9.3.0\libgcc.a(_make_sf.o)
                0x06025898                __make_fp
 .text          0x060258b8      0x274 d:/joengine-master/compiler/windows/bin/../lib/gcc/sh-elf/9.3.0\libgcc.a(_pack_df.o)
                0x060258b8                __pack_d
 .text          0x06025b2c       0xcc d:/joengine-master/compiler/windows/bin/../lib/gcc/sh-elf/9.3.0\libgcc.a(_unpack_df.o)
                0x06025b2c                __unpack_d
 .text          0x06025bf8        0x0 d:/joengine-master/compiler/windows/bin/../lib/gcc/sh-elf/9.3.0\libgcc.a(_clz.o)
 .text          0x06025bf8        0x0 d:/joengine-master/compiler/windows/bin/../lib/gcc/sh-elf/9.3.0/../../../../sh-elf/lib\libc.a(lib_a-impure.o)
 .text          0x06025bf8       0x1e d:/joengine-master/compiler/windows/bin/../lib/gcc/sh-elf/9.3.0/../../../../sh-elf/lib\libc.a(lib_a-memcmp.o)
                0x06025bf8                memcmp
 *fill*         0x06025c16        0x2 
 .text          0x06025c18       0x94 d:/joengine-master/compiler/windows/bin/../lib/gcc/sh-elf/9.3.0/../../../../sh-elf/lib\libc.a(lib_a-memcpy.o)
                0x06025c18                memcpy
 .text          0x06025cac       0x40 d:/joengine-master/compiler/windows/bin/../lib/gcc/sh-elf/9.3.0/../../../../sh-elf/lib\libc.a(lib_a-memset.o)
                0x06025cac                memset
 .text          0x06025cec       0x58 d:/joengine-master/compiler/windows/bin/../lib/gcc/sh-elf/9.3.0/../../../../sh-elf/lib\libc.a(lib_a-rand.o)
                0x06025cec                srand
                0x06025d00                rand
 .text          0x06025d44       0x60 d:/joengine-master/compiler/windows/bin/../lib/gcc/sh-elf/9.3.0/../../../../sh-elf/lib\libc.a(lib_a-rget.o)
                0x06025d44                __srget_r
                0x06025d90                __srget
 .text          0x06025da4       0x8c d:/joengine-master/compiler/windows/bin/../lib/gcc/sh-elf/9.3.0/../../../../sh-elf/lib\libc.a(lib_a-sprintf.o)
                0x06025da4                _siprintf_r
                0x06025da4                _sprintf_r
                0x06025de4                siprintf
                0x06025de4                sprintf
 .text          0x06025e30       0x20 d:/joengine-master/compiler/windows/bin/../lib/gcc/sh-elf/9.3.0/../../../../sh-elf/lib\libc.a(lib_a-strcat.o)
                0x06025e30                strcat
 .text          0x06025e50       0x38 d:/joengine-master/compiler/windows/bin/../lib/gcc/sh-elf/9.3.0/../../../../sh-elf/lib\libc.a(lib_a-strcmp.o)
                0x06025e50                strcmp
 .text          0x06025e88       0x3c d:/joengine-master/compiler/windows/bin/../lib/gcc/sh-elf/9.3.0/../../../../sh-elf/lib\libc.a(lib_a-strcpy.o)
                0x06025e88                strcpy
 .text          0x06025ec4       0x20 d:/joengine-master/compiler/windows/bin/../lib/gcc/sh-elf/9.3.0/../../../../sh-elf/lib\libc.a(lib_a-strlen.o)
                0x06025ec4                strlen
 .text          0x06025ee4       0x2a d:/joengine-master/compiler/windows/bin/../lib/gcc/sh-elf/9.3.0/../../../../sh-elf/lib\libc.a(lib_a-strncmp.o)
                0x06025ee4                strncmp
 .text          0x06025f0e       0x36 d:/joengine-master/compiler/windows/bin/../lib/gcc/sh-elf/9.3.0/../../../../sh-elf/lib\libc.a(lib_a-strncpy.o)
                0x06025f0e                strncpy
 .text          0x06025f44       0x36 d:/joengine-master/compiler/windows/bin/../lib/gcc/sh-elf/9.3.0/../../../../sh-elf/lib\libc.a(lib_a-strstr.o)
                0x06025f44                strstr
 *fill*         0x06025f7a        0x2 
 .text          0x06025f7c       0xdc d:/joengine-master/compiler/windows/bin/../lib/gcc/sh-elf/9.3.0/../../../../sh-elf/lib\libc.a(lib_a-wbuf.o)
                0x06025f7c                __swbuf_r
                0x06026044                __swbuf
 .text          0x06026058       0xcc d:/joengine-master/compiler/windows/bin/../lib/gcc/sh-elf/9.3.0/../../../../sh-elf/lib\libc.a(lib_a-wsetup.o)
                0x06026058                __swsetup_r
 .text          0x06026124      0x1a4 d:/joengine-master/compiler/windows/bin/../lib/gcc/sh-elf/9.3.0/../../../../sh-elf/lib\libc.a(lib_a-fflush.o)
                0x06026124                __sflush_r
                0x06026260                _fflush_r
                0x060262a0                fflush
 .text          0x060262c8      0x1d0 d:/joengine-master/compiler/windows/bin/../lib/gcc/sh-elf/9.3.0/../../../../sh-elf/lib\libc.a(lib_a-findfp.o)
                0x06026320                _cleanup_r
                0x06026330                __sfmoreglue
                0x0602637c                _cleanup
                0x06026390                __sinit
                0x060263e4                __sfp
 .text          0x06026498       0xb0 d:/joengine-master/compiler/windows/bin/../lib/gcc/sh-elf/9.3.0/../../../../sh-elf/lib\libc.a(lib_a-fwalk.o)
                0x06026498                _fwalk
                0x060264ec                _fwalk_reent
 .text          0x06026548      0x108 d:/joengine-master/compiler/windows/bin/../lib/gcc/sh-elf/9.3.0/../../../../sh-elf/lib\libc.a(lib_a-makebuf.o)
                0x06026548                __swhatbuf_r
                0x060265a4                __smakebuf_r
 .text          0x06026650      0x444 d:/joengine-master/compiler/windows/bin/../lib/gcc/sh-elf/9.3.0/../../../../sh-elf/lib\libc.a(lib_a-nano-svfprintf.o)
                0x06026650                __ssputs_r
                0x06026744                __ssprint_r
                0x06026878                _svfprintf_r
                0x06026878                _svfiprintf_r
 .text          0x06026a94      0x380 d:/joengine-master/compiler/windows/bin/../lib/gcc/sh-elf/9.3.0/../../../../sh-elf/lib\libc.a(lib_a-nano-vfprintf_i.o)
                0x06026a94                _printf_common
                0x06026b94                _printf_i
 .text          0x06026e14      0x150 d:/joengine-master/compiler/windows/bin/../lib/gcc/sh-elf/9.3.0/../../../../sh-elf/lib\libc.a(lib_a-refill.o)
                0x06026e2c                __srefill_r
 .text          0x06026f64       0xe0 d:/joengine-master/compiler/windows/bin/../lib/gcc/sh-elf/9.3.0/../../../../sh-elf/lib\libc.a(lib_a-stdio.o)
                0x06026f64                __sread
                0x06026fa0                __seofread
                0x06026fa4                __swrite
                0x06026ff4                __sseek
                0x06027034                __sclose
 .text          0x06027044       0x34 d:/joengine-master/compiler/windows/bin/../lib/gcc/sh-elf/9.3.0/../../../../sh-elf/lib\libc.a(lib_a-writer.o)
                0x06027044                _write_r
 .text          0x06027078       0x30 d:/joengine-master/compiler/windows/bin/../lib/gcc/sh-elf/9.3.0/../../../../sh-elf/lib\libc.a(lib_a-closer.o)
                0x06027078                _close_r
 .text          0x060270a8       0x34 d:/joengine-master/compiler/windows/bin/../lib/gcc/sh-elf/9.3.0/../../../../sh-elf/lib\libc.a(lib_a-fstatr.o)
                0x060270a8                _fstat_r
 .text          0x060270dc       0x30 d:/joengine-master/compiler/windows/bin/../lib/gcc/sh-elf/9.3.0/../../../../sh-elf/lib\libc.a(lib_a-isattyr.o)
                0x060270dc                _isatty_r
 .text          0x0602710c       0x34 d:/joengine-master/compiler/windows/bin/../lib/gcc/sh-elf/9.3.0/../../../../sh-elf/lib\libc.a(lib_a-lseekr.o)
                0x0602710c                _lseek_r
 .text          0x06027140       0x1c d:/joengine-master/compiler/windows/bin/../lib/gcc/sh-elf/9.3.0/../../../../sh-elf/lib\libc.a(lib_a-memchr.o)
                0x06027140                memchr
 .text          0x0602715c       0x3c d:/joengine-master/compiler/windows/bin/../lib/gcc/sh-elf/9.3.0/../../../../sh-elf/lib\libc.a(lib_a-memmove.o)
                0x0602715c                memmove
 .text          0x06027198       0x34 d:/joengine-master/compiler/windows/bin/../lib/gcc/sh-elf/9.3.0/../../../../sh-elf/lib\libc.a(lib_a-readr.o)
                0x06027198                _read_r
 .text          0x060271cc      0x100 d:/joengine-master/compiler/windows/bin/../lib/gcc/sh-elf/9.3.0/../../../../sh-elf/lib\libc.a(lib_a-reent.o)
                0x060271cc                cleanup_glue
                0x060271f8                _reclaim_reent
 *(.strings)
 *(SEGA_P)
 *(.eh_frame_hdr)
 *(.eh_frame)
                0x060272cc                __etext = .

.text.startup   0x060272d0       0x40
 .text.startup  0x060272d0       0x40 D:/joengine-master/jo_engine/core.o
                0x060272d0                main

SLPROG          0x06027320    0x158a0
                0x06027320                __slprog_start = .
 *(SLPROG)
 SLPROG         0x06027320     0x6540 D:/joengine-master/Compiler/COMMON/SGL_302j/LIB_ELF/SGLAREA.O
                0x06027320                MasterStack
                0x06027324                SlaveStack
                0x06027328                MaxVertices
                0x0602732a                MaxPolygons
                0x0602732c                SortList
                0x06027330                SortListSize
                0x06027334                TransList
                0x06027338                Zbuffer
                0x0602733c                SpriteBuf
                0x06027340                SpriteBufSize
                0x06027344                Pbuffer
                0x06027348                CommandBuf
                0x0602734c                CLOfstBuf
                0x06027350                PCM_Work
                0x06027354                PCM_WkSize
                0x06027358                MaxEvents
                0x0602735a                EventSize
                0x0602735c                MaxWorks
                0x0602735e                WorkSize
                0x06027360                RemainEvent
                0x06027460                RemainWork
                0x06027860                EventBuf
                0x06029860                WorkBuf
 SLPROG         0x0602d860     0x411e D:/joengine-master/Compiler/COMMON/SGL_302j/LIB_ELF/LIBSGL.A(sglA01.o)
                0x0602d860                slSin
                0x0602d884                slCos
                0x0602d8a8                GetSinCos
                0x0602d93c                sin_cos_index_tbl
                0x0602d97c                sin_tbl
 *fill*         0x0603197e        0x2 
 SLPROG         0x06031980       0x18 D:/joengine-master/Compiler/COMMON/SGL_302j/LIB_ELF/LIBSGL.A(sglA15.o)
                0x06031980                slSlaveFunc
 *fill*         0x06031998        0x8 
 SLPROG         0x060319a0       0xd0 D:/joengine-master/Compiler/COMMON/SGL_302j/LIB_ELF/LIBSGL.A(sglA16.o)
                0x060319a0                slLookAt
 SLPROG         0x06031a70       0x78 D:/joengine-master/Compiler/COMMON/SGL_302j/LIB_ELF/LIBSGL.A(sglA17.o)
                0x06031a70                slRotZ
                0x06031a7a                slRotZSC
 *fill*         0x06031ae8        0x8 
 SLPROG         0x06031af0       0x78 D:/joengine-master/Compiler/COMMON/SGL_302j/LIB_ELF/LIBSGL.A(sglA18.o)
                0x06031af0                slRotY
                0x06031afa                slRotYSC
 *fill*         0x06031b68        0x8 
 SLPROG         0x06031b70       0x78 D:/joengine-master/Compiler/COMMON/SGL_302j/LIB_ELF/LIBSGL.A(sglA19.o)
                0x06031b70                slRotX
                0x06031b7a                slRotXSC
 *fill*         0x06031be8        0x8 
 SLPROG         0x06031bf0      0x42c D:/joengine-master/Compiler/COMMON/SGL_302j/LIB_ELF/LIBSGL.A(sglA20.o)
                0x06031bf0                slInitMatrix
                0x06031bfa                slPushUnitMatrix
                0x06031c0e                slUnitMatrix
 *fill*         0x0603201c        0x4 
 SLPROG         0x06032020       0x48 D:/joengine-master/Compiler/COMMON/SGL_302j/LIB_ELF/LIBSGL.A(sglA21.o)
                0x06032020                slPushMatrix
                0x06032054                slDecMatrixPtr
                0x06032054                slPopMatrix
 *fill*         0x06032068        0x8 
 SLPROG         0x06032070       0x50 D:/joengine-master/Compiler/COMMON/SGL_302j/LIB_ELF/LIBSGL.A(sglA27.o)
                0x06032070                slTranslate
 SLPROG         0x060320c0       0x70 D:/joengine-master/Compiler/COMMON/SGL_302j/LIB_ELF/LIBSGL.A(sglA28.o)
                0x060320c0                slScale
 SLPROG         0x06032130       0x22 D:/joengine-master/Compiler/COMMON/SGL_302j/LIB_ELF/LIBSGL.A(sglA40.o)
                0x06032130                slCalcVector
 *fill*         0x06032152        0xe 
 SLPROG         0x06032160       0x20 D:/joengine-master/Compiler/COMMON/SGL_302j/LIB_ELF/LIBSGL.A(sglB001.o)
                0x06032160                slTVOn
                0x0603216a                slTVOff
 SLPROG         0x06032180       0x24 D:/joengine-master/Compiler/COMMON/SGL_302j/LIB_ELF/LIBSGL.A(sglB011.o)
                0x06032180                slBitMapNbg1
 *fill*         0x060321a4        0xc 
 SLPROG         0x060321b0        0x8 D:/joengine-master/Compiler/COMMON/SGL_302j/LIB_ELF/LIBSGL.A(sglB014.o)
                0x060321b0                slScrTransparent
 *fill*         0x060321b8        0x8 
 SLPROG         0x060321c0      0x40c D:/joengine-master/Compiler/COMMON/SGL_302j/LIB_ELF/LIBSGL.A(sglB015.o)
                0x060321c0                slScrAutoDisp
 *fill*         0x060325cc        0x4 
 SLPROG         0x060325d0        0xc D:/joengine-master/Compiler/COMMON/SGL_302j/LIB_ELF/LIBSGL.A(sglB016.o)
                0x060325d0                slBack1ColSet
 *fill*         0x060325dc        0x4 
 SLPROG         0x060325e0       0x10 D:/joengine-master/Compiler/COMMON/SGL_302j/LIB_ELF/LIBSGL.A(sglB020.o)
                0x060325e0                slColorCalc
 SLPROG         0x060325f0        0xc D:/joengine-master/Compiler/COMMON/SGL_302j/LIB_ELF/LIBSGL.A(sglB021.o)
                0x060325f0                slColorCalcOn
 *fill*         0x060325fc        0x4 
 SLPROG         0x06032600        0xc D:/joengine-master/Compiler/COMMON/SGL_302j/LIB_ELF/LIBSGL.A(sglB023.o)
                0x06032600                slColRate
 *fill*         0x0603260c        0x4 
 SLPROG         0x06032610       0xb0 D:/joengine-master/Compiler/COMMON/SGL_302j/LIB_ELF/LIBSGL.A(sglB031.o)
                0x06032610                slMapNbg0
 SLPROG         0x060326c0       0xb4 D:/joengine-master/Compiler/COMMON/SGL_302j/LIB_ELF/LIBSGL.A(sglB032.o)
                0x060326c0                slMapNbg1
 *fill*         0x06032774        0xc 
 SLPROG         0x06032780       0xb0 D:/joengine-master/Compiler/COMMON/SGL_302j/LIB_ELF/LIBSGL.A(sglB033.o)
                0x06032780                slMapNbg2
 SLPROG         0x06032830       0xb4 D:/joengine-master/Compiler/COMMON/SGL_302j/LIB_ELF/LIBSGL.A(sglB034.o)
                0x06032830                slMapNbg3
 *fill*         0x060328e4        0xc 
 SLPROG         0x060328f0       0xd4 D:/joengine-master/Compiler/COMMON/SGL_302j/LIB_ELF/LIBSGL.A(sglB035.o)
                0x060328f0                sl1MapRA
                0x06032982                rbank_set
 *fill*         0x060329c4        0xc 
 SLPROG         0x060329d0       0xa0 D:/joengine-master/Compiler/COMMON/SGL_302j/LIB_ELF/LIBSGL.A(sglB036.o)
                0x060329d0                sl1MapRB
 SLPROG         0x06032a70       0x70 D:/joengine-master/Compiler/COMMON/SGL_302j/LIB_ELF/LIBSGL.A(sglB038.o)
                0x06032a70                slRparaInitSet
 SLPROG         0x06032ae0       0x7e D:/joengine-master/Compiler/COMMON/SGL_302j/LIB_ELF/LIBSGL.A(sglB039.o)
                0x06032ae0                slMakeKtable
 *fill*         0x06032b5e        0x2 
 SLPROG         0x06032b60       0x58 D:/joengine-master/Compiler/COMMON/SGL_302j/LIB_ELF/LIBSGL.A(sglB040.o)
                0x06032b60                slKtableRA
 *fill*         0x06032bb8        0x8 
 SLPROG         0x06032bc0       0x5c D:/joengine-master/Compiler/COMMON/SGL_302j/LIB_ELF/LIBSGL.A(sglB041.o)
                0x06032bc0                slKtableRB
 *fill*         0x06032c1c        0x4 
 SLPROG         0x06032c20       0x10 D:/joengine-master/Compiler/COMMON/SGL_302j/LIB_ELF/LIBSGL.A(sglB042.o)
                0x06032c20                slCurRpara
 SLPROG         0x06032c30        0x8 D:/joengine-master/Compiler/COMMON/SGL_302j/LIB_ELF/LIBSGL.A(sglB043.o)
                0x06032c30                slRparaMode
 *fill*         0x06032c38        0x8 
 SLPROG         0x06032c40      0x4e4 D:/joengine-master/Compiler/COMMON/SGL_302j/LIB_ELF/LIBSGL.A(sglB044.o)
                0x06032c40                slScrMatSet
 *fill*         0x06033124        0xc 
 SLPROG         0x06033130       0x28 D:/joengine-master/Compiler/COMMON/SGL_302j/LIB_ELF/LIBSGL.A(sglB045.o)
                0x06033130                slScrMatConv
 *fill*         0x06033158        0x8 
 SLPROG         0x06033160        0xc D:/joengine-master/Compiler/COMMON/SGL_302j/LIB_ELF/LIBSGL.A(sglB047.o)
                0x06033160                slOverRA
 *fill*         0x0603316c        0x4 
 SLPROG         0x06033170       0x10 D:/joengine-master/Compiler/COMMON/SGL_302j/LIB_ELF/LIBSGL.A(sglB048.o)
                0x06033170                slOverRB
 SLPROG         0x06033180        0xc D:/joengine-master/Compiler/COMMON/SGL_302j/LIB_ELF/LIBSGL.A(sglB055.o)
                0x06033180                slPlaneNbg0
 *fill*         0x0603318c        0x4 
 SLPROG         0x06033190        0xc D:/joengine-master/Compiler/COMMON/SGL_302j/LIB_ELF/LIBSGL.A(sglB056.o)
                0x06033190                slPlaneNbg1
 *fill*         0x0603319c        0x4 
 SLPROG         0x060331a0       0x10 D:/joengine-master/Compiler/COMMON/SGL_302j/LIB_ELF/LIBSGL.A(sglB057.o)
                0x060331a0                slPlaneNbg2
 SLPROG         0x060331b0       0x10 D:/joengine-master/Compiler/COMMON/SGL_302j/LIB_ELF/LIBSGL.A(sglB058.o)
                0x060331b0                slPlaneNbg3
 SLPROG         0x060331c0        0xc D:/joengine-master/Compiler/COMMON/SGL_302j/LIB_ELF/LIBSGL.A(sglB059.o)
                0x060331c0                slPlaneRA
 *fill*         0x060331cc        0x4 
 SLPROG         0x060331d0       0x10 D:/joengine-master/Compiler/COMMON/SGL_302j/LIB_ELF/LIBSGL.A(sglB060.o)
                0x060331d0                slPlaneRB
 SLPROG         0x060331e0        0xc D:/joengine-master/Compiler/COMMON/SGL_302j/LIB_ELF/LIBSGL.A(sglB063.o)
                0x060331e0                slPriority
 *fill*         0x060331ec        0x4 
 SLPROG         0x060331f0       0x18 D:/joengine-master/Compiler/COMMON/SGL_302j/LIB_ELF/LIBSGL.A(sglB087.o)
                0x060331f0                slLineScrollTable0
 *fill*         0x06033208        0x8 
 SLPROG         0x06033210        0x8 D:/joengine-master/Compiler/COMMON/SGL_302j/LIB_ELF/LIBSGL.A(sglB088.o)
                0x06033210                slLineScrollTable1
 *fill*         0x06033218        0x8 
 SLPROG         0x06033220        0xc D:/joengine-master/Compiler/COMMON/SGL_302j/LIB_ELF/LIBSGL.A(sglB090.o)
                0x06033220                slLineScrollMode
 *fill*         0x0603322c        0x4 
 SLPROG         0x06033230      0x114 D:/joengine-master/Compiler/COMMON/SGL_302j/LIB_ELF/LIBSGL.A(sglB200.o)
                0x06033230                slCharRbg0
                0x0603323c                slCharNbg0
                0x06033248                slCharNbg1
                0x06033254                slCharNbg2
                0x0603326a                slCharNbg3
                0x06033282                slPageRbg0
                0x06033298                slPageNbg1
                0x060332a0                slPageNbg2
                0x060332a8                slPageNbg3
                0x060332b4                slPageNbg0
 *fill*         0x06033344        0xc 
 SLPROG         0x06033350       0x6c D:/joengine-master/Compiler/COMMON/SGL_302j/LIB_ELF/LIBSGL.A(sglC01.o)
                0x06033350                slPerspective
 *fill*         0x060333bc        0x4 
 SLPROG         0x060333c0       0xc4 D:/joengine-master/Compiler/COMMON/SGL_302j/LIB_ELF/LIBSGL.A(sglC03.o)
                0x060333c0                slWindow
 *fill*         0x06033484        0xc 
 SLPROG         0x06033490       0x2c D:/joengine-master/Compiler/COMMON/SGL_302j/LIB_ELF/LIBSGL.A(sglC04.o)
                0x06033490                slZdspLevel
 *fill*         0x060334bc        0x4 
 SLPROG         0x060334c0       0x78 D:/joengine-master/Compiler/COMMON/SGL_302j/LIB_ELF/LIBSGL.A(sglC05.o)
                0x060334c0                slSetSprite
 *fill*         0x06033538        0x8 
 SLPROG         0x06033540       0xfa D:/joengine-master/Compiler/COMMON/SGL_302j/LIB_ELF/LIBSGL.A(sglC06.o)
                0x06033540                slDispSprite
 *fill*         0x0603363a        0x6 
 SLPROG         0x06033640      0x162 D:/joengine-master/Compiler/COMMON/SGL_302j/LIB_ELF/LIBSGL.A(sglC07.o)
                0x06033646                slPutSprite
 *fill*         0x060337a2        0xe 
 SLPROG         0x060337b0     0x1218 D:/joengine-master/Compiler/COMMON/SGL_302j/LIB_ELF/LIBSGL.A(sglC08.o)
                0x060337b0                slPutPolygon
                0x0603442c                MsCalcDepthFlat
 *fill*         0x060349c8        0x8 
 SLPROG         0x060349d0       0x8c D:/joengine-master/Compiler/COMMON/SGL_302j/LIB_ELF/LIBSGL.A(sglC14.o)
                0x060349d0                slCurWindow
 *fill*         0x06034a5c        0x4 
 SLPROG         0x06034a60       0x54 D:/joengine-master/Compiler/COMMON/SGL_302j/LIB_ELF/LIBSGL.A(sglC16.o)
                0x06034a60                slDynamicFrame
 *fill*         0x06034ab4        0xc 
 SLPROG         0x06034ac0       0x4c D:/joengine-master/Compiler/COMMON/SGL_302j/LIB_ELF/LIBSGL.A(sglC17.o)
                0x06034ac0                slDispSpriteHV
 *fill*         0x06034b0c        0x4 
 SLPROG         0x06034b10       0xd4 D:/joengine-master/Compiler/COMMON/SGL_302j/LIB_ELF/LIBSGL.A(sglC19.o)
                0x06034b10                slDispSprite4P
 *fill*         0x06034be4        0xc 
 SLPROG         0x06034bf0       0x40 D:/joengine-master/Compiler/COMMON/SGL_302j/LIB_ELF/LIBSGL.A(sglC20.o)
                0x06034bf0                SpriteEntry
 SLPROG         0x06034c30      0x4ae D:/joengine-master/Compiler/COMMON/SGL_302j/LIB_ELF/LIBSGL.A(sglC21.o)
                0x06034cb8                RotSprite
                0x06034d46                SetSprPosition
 *fill*         0x060350de        0x2 
 SLPROG         0x060350e0       0x84 D:/joengine-master/Compiler/COMMON/SGL_302j/LIB_ELF/LIBSGL.A(sglD00.o)
                0x060350e0                slCpuDMACopy
                0x060350e0                slDMACopy
                0x0603513a                CSH_AllClr
                0x0603513a                slCashPurge
 *fill*         0x06035164        0xc 
 SLPROG         0x06035170       0xa0 D:/joengine-master/Compiler/COMMON/SGL_302j/LIB_ELF/LIBSGL.A(sglD01.o)
                0x06035170                slDMAXCopy
 SLPROG         0x06035210       0x10 D:/joengine-master/Compiler/COMMON/SGL_302j/LIB_ELF/LIBSGL.A(sglD02.o)
                0x06035210                slDMAWait
 SLPROG         0x06035220        0xc D:/joengine-master/Compiler/COMMON/SGL_302j/LIB_ELF/LIBSGL.A(sglD03.o)
                0x06035220                slDMAStatus
 *fill*         0x0603522c        0x4 
 SLPROG         0x06035230       0x20 D:/joengine-master/Compiler/COMMON/SGL_302j/LIB_ELF/LIBSGL.A(sglD15.o)
                0x06035230                CSH_Purge
 SLPROG         0x06035250       0x84 D:/joengine-master/Compiler/COMMON/SGL_302j/LIB_ELF/LIBSGL.A(sglD16.o)
                0x06035250                DMA_ScuSetPrm
                0x06035298                DMA_SCU_PRM0
 *fill*         0x060352d4        0xc 
 SLPROG         0x060352e0       0x88 D:/joengine-master/Compiler/COMMON/SGL_302j/LIB_ELF/LIBSGL.A(sglD17.o)
                0x060352e0                DMA_ScuStart
 *fill*         0x06035368        0x8 
 SLPROG         0x06035370       0x34 D:/joengine-master/Compiler/COMMON/SGL_302j/LIB_ELF/LIBSGL.A(sglD18.o)
                0x06035370                DMA_ScuGetStatus
 *fill*         0x060353a4        0xc 
 SLPROG         0x060353b0       0x34 D:/joengine-master/Compiler/COMMON/SGL_302j/LIB_ELF/LIBSGL.A(sglF08.o)
                0x060353b0                slDec2Hex
 *fill*         0x060353e4        0xc 
 SLPROG         0x060353f0      0xfc8 D:/joengine-master/Compiler/COMMON/SGL_302j/LIB_ELF/LIBSGL.A(sglH00.o)
                0x06035408                slGetPortDir1
                0x06035410                slGetPortDir2
                0x06035418                slSetPortDir1
                0x06035442                slSetPortDir2
                0x0603547c                slGetPortData1
                0x06035484                slGetPortData2
                0x0603548c                slSetPortData1
                0x06035496                slSetPortData2
                0x060354a8                slGetPortSelect1
                0x060354b2                slGetPortSelect2
                0x060354bc                slSetPortSelect1
                0x060354f0                slSetPortSelect2
                0x0603552c                slGetPortExt1
                0x06035536                slGetPortExt2
                0x06035540                slSetPortExt1
                0x06035570                slSetPortExt2
                0x060356e4                slSmpcDirectAccess
                0x06035764                slInitPeripheral
                0x060357f6                slSetResultBuffer
                0x06035882                slCheckIntBackSet
                0x0603588e                slIntBackCancel
                0x060358b8                slCheckReset
                0x060358c2                slClearReset
                0x06035a88                slSmpcCashSend
                0x06035b44                slSmpcCashBlow
                0x06035c20                slGetOptimize
                0x06035c2a                slSetOptimize
                0x06035c50                slGetPortMode1
                0x06035c5c                slGetPortMode2
                0x06035c6a                slSetPortMode1
                0x06035ca8                slSetPortMode2
                0x06035e34                slRequestCommand
                0x06035ea4                Smpc_Status
                0x06035ea8                Smpc_Result
                0x06035eac                Smpc_Peripheral
                0x06035eb2                Per_Connect1
                0x06035eb3                Per_Connect2
                0x06035ed4                SmpcStatusBuf
 *fill*         0x060363b8        0x8 
 SLPROG         0x060363c0       0xa8 D:/joengine-master/Compiler/COMMON/SGL_302j/LIB_ELF/LIBSGL.A(sglH01.o)
                0x060363c0                slGetLanguage
                0x060363ca                slSetLanguage
                0x060363ec                slGetSoundEffect
                0x060363f8                slSetSoundEffect
                0x06036414                slGetSoundOutput
                0x06036420                slSetSoundOutput
                0x0603643c                slGetHelpWindow
                0x06036448                slSetHelpWindow
 *fill*         0x06036468        0x8 
 SLPROG         0x06036470      0x470 D:/joengine-master/Compiler/COMMON/SGL_302j/LIB_ELF/LIBSGL.A(sglH02.o)
                0x06036860                smpc_pfr_tbl
                0x060368a0                smpc_ptf_tbl
 SLPROG         0x060368e0       0x60 D:/joengine-master/Compiler/COMMON/SGL_302j/LIB_ELF/LIBSGL.A(sglH04.o)
                0x060368e0                slComPrmIntBack
                0x060368f4                slComPrmSetMemory
                0x0603690a                slComPrmSetTime
 SLPROG         0x06036940      0x3a4 D:/joengine-master/Compiler/COMMON/SGL_302j/LIB_ELF/LIBSGL.A(sglI01.o)
                0x06036940                slInitSynch
                0x0603695a                slSynch
                0x06036a50                slRandom
                0x06036a6e                PCM_EndCheck
                0x06036b2a                RetPCMBuf
                0x06036bc4                PCM_Buf
                0x06036c64                Sound_Buf
 *fill*         0x06036ce4        0xc 
 SLPROG         0x06036cf0       0x10 D:/joengine-master/Compiler/COMMON/SGL_302j/LIB_ELF/LIBSGL.A(sglI04.o)
                0x06036cf0                slIntFunction
 SLPROG         0x06036d00       0x74 D:/joengine-master/Compiler/COMMON/SGL_302j/LIB_ELF/LIBSGL.A(sglJ00.o)
                0x06036d00                InitSlaveSH
                0x06036d68                SlaveCommand
 *fill*         0x06036d74        0xc 
 SLPROG         0x06036d80      0x3d0 D:/joengine-master/Compiler/COMMON/SGL_302j/LIB_ELF/LIBSGL.A(sglJ01.o)
                0x06036d80                SlaveControl
                0x0603713c                ErasePolygonData
 SLPROG         0x06037150     0x12b8 D:/joengine-master/Compiler/COMMON/SGL_302j/LIB_ELF/LIBSGL.A(sglJ02.o)
                0x06037150                sbMakePolygon
                0x06037338                sbCalcPolygon
                0x06038070                SetTexture
                0x0603807c                SetPolygon
                0x06038084                SetPosition
                0x060380bc                stvtc_4
                0x06038174                stvtc_3
                0x06038384                stvtc_1
                0x06038398                stvtc_2
                0x060383ac                stvtc_0
 *fill*         0x06038408        0x8 
 SLPROG         0x06038410      0x140 D:/joengine-master/Compiler/COMMON/SGL_302j/LIB_ELF/LIBSGL.A(sglJ03.o)
                0x06038410                sbMakeDMATable
 SLPROG         0x06038550      0x470 D:/joengine-master/Compiler/COMMON/SGL_302j/LIB_ELF/LIBSGL.A(sglJ04.o)
                0x060385ae                sbMakeSprite
                0x06038614                sbMakeRotSprite
 SLPROG         0x060389c0       0x3c D:/joengine-master/Compiler/COMMON/SGL_302j/LIB_ELF/LIBSGL.A(sglJ05.o)
                0x060389c0                sbSortEntry
 *fill*         0x060389fc        0x4 
 SLPROG         0x06038a00      0x4b8 D:/joengine-master/Compiler/COMMON/SGL_302j/LIB_ELF/LIBSGL.A(sglM00.o)
                0x06038a00                slInitGouraud
                0x06038af4                slPutPolygonX
                0x06038b3a                slGouraudTblCopy
                0x06038b92                slSetGouraudTbl
                0x06038b98                slSetGouraudColor
                0x06038c10                slSetAmbient
                0x06038c34                slSetFlatColor
 *fill*         0x06038eb8        0x8 
 SLPROG         0x06038ec0       0x6a D:/joengine-master/Compiler/COMMON/SGL_302j/LIB_ELF/LIBSGL.A(sglM01.o)
                0x06038ec0                slSetDepthLimit
                0x06038eec                slSetDepthTbl