Archive member included to satisfy reference by file (symbol)

/joengine/Compiler/COMMON/SGL_302j/LIB_ELF/SEGA_SYS.A(sys_exit.o)
                              /work/jo_engine/core.o (symbol from plugin) (SYS_Exit)
/joengine/Compiler/COMMON/SGL_302j/LIB_ELF/SEGA_SYS.A(sys_sub.o)
                              /joengine/Compiler/COMMON/SGL_302j/LIB_ELF/SEGA_SYS.A(sys_exit.o) (SYSUB_SetStackptr)
/joengine/Compiler/COMMON/SGL_302j/LIB_ELF/LIBCD.A(CDC_CMN.O)
                              /joengine/Compiler/COMMON/SGL_302j/LIB_ELF/SEGA_SYS.A(sys_exit.o) (CDC_GetCurStat)
/joengine/Compiler/COMMON/SGL_302j/LIB_ELF/LIBCD.A(CDC_DRV.O)
                              pcmsys.o (symbol from plugin) (CDC_CdPlay)
/joengine/Compiler/COMMON/SGL_302j/LIB_ELF/LIBCD.A(CDC_CFS.O)
                              /joengine/Compiler/COMMON/SGL_302j/LIB_ELF/SEGA_SYS.A(sys_exit.o) (CDC_ChgDir)
/joengine/Compiler/COMMON/SGL_302j/LIB_ELF/LIBCD.A(CDC_REG.O)
                              /joengine/Compiler/COMMON/SGL_302j/LIB_ELF/SEGA_SYS.A(sys_exit.o) (CDC_GetHirqReq)
/joengine/Compiler/COMMON/SGL_302j/LIB_ELF/LIBCD.A(CDC_SUB.O)
                              /joengine/Compiler/COMMON/SGL_302j/LIB_ELF/LIBCD.A(CDC_CMN.O) (CDSUB_UpdStatus)
/joengine/Compiler/COMMON/SGL_302j/LIB_ELF/LIBCD.A(GFS.O)
                              pcmsys.o (symbol from plugin) (GFS_Init)
/joengine/Compiler/COMMON/SGL_302j/LIB_ELF/LIBCD.A(GFS_BUF.O)
                              /joengine/Compiler/COMMON/SGL_302j/LIB_ELF/LIBCD.A(GFS.O) (GFBF_GetNumData)
/joengine/Compiler/COMMON/SGL_302j/LIB_ELF/LIBCD.A(GFS_CDB.O)
                              /joengine/Compiler/COMMON/SGL_302j/LIB_ELF/LIBCD.A(GFS.O) (GFCB_Close)
/joengine/Compiler/COMMON/SGL_302j/LIB_ELF/LIBCD.A(GFS_CDC.O)
                              /joengine/Compiler/COMMON/SGL_302j/LIB_ELF/LIBCD.A(GFS.O) (GFCD_SetCdbfs)
/joengine/Compiler/COMMON/SGL_302j/LIB_ELF/LIBCD.A(GFS_CDF.O)
                              /joengine/Compiler/COMMON/SGL_302j/LIB_ELF/LIBCD.A(GFS.O) (GFCF_Init)
/joengine/Compiler/COMMON/SGL_302j/LIB_ELF/LIBCD.A(GFS_DIR.O)
                              /joengine/Compiler/COMMON/SGL_302j/LIB_ELF/LIBCD.A(GFS.O) (GFDR_SetupDirTbl)
/joengine/Compiler/COMMON/SGL_302j/LIB_ELF/LIBCD.A(GFS_TRN.O)
                              /joengine/Compiler/COMMON/SGL_302j/LIB_ELF/LIBCD.A(GFS.O) (GFTR_Setup)
/joengine/Compiler/COMMON/SGL_302j/LIB_ELF/LIBCD.A(CDC_DEV.O)
                              /joengine/Compiler/COMMON/SGL_302j/LIB_ELF/LIBCD.A(GFS_CDC.O) (CDC_CdSetCon)
/joengine/Compiler/COMMON/SGL_302j/LIB_ELF/LIBCD.A(CDC_SEL.O)
                              /joengine/Compiler/COMMON/SGL_302j/LIB_ELF/LIBCD.A(GFS_CDC.O) (CDC_SetFiltRange)
/joengine/Compiler/COMMON/SGL_302j/LIB_ELF/LIBCD.A(CDC_BIF.O)
                              /joengine/Compiler/COMMON/SGL_302j/LIB_ELF/LIBCD.A(GFS_CDC.O) (CDC_GetBufSiz)
/joengine/Compiler/COMMON/SGL_302j/LIB_ELF/LIBCD.A(CDC_BIO.O)
                              /joengine/Compiler/COMMON/SGL_302j/LIB_ELF/LIBCD.A(GFS_CDC.O) (CDC_SetSctLen)
/joengine/Compiler/COMMON/SGL_302j/LIB_ELF/LIBSGL.A(sglA01.o)
                              /work/jo_engine/math.o (symbol from plugin) (slSin)
/joengine/Compiler/COMMON/SGL_302j/LIB_ELF/LIBSGL.A(sglA15.o)
                              /work/jo_engine/slave.o (symbol from plugin) (slSlaveFunc)
/joengine/Compiler/COMMON/SGL_302j/LIB_ELF/LIBSGL.A(sglA16.o)
                              main.o (symbol from plugin) (slLookAt)
/joengine/Compiler/COMMON/SGL_302j/LIB_ELF/LIBSGL.A(sglA17.o)
                              /joengine/Compiler/COMMON/SGL_302j/LIB_ELF/LIBSGL.A(sglA16.o) (slRotZ)
/joengine/Compiler/COMMON/SGL_302j/LIB_ELF/LIBSGL.A(sglA18.o)
                              main.o (symbol from plugin) (slRotY)
/joengine/Compiler/COMMON/SGL_302j/LIB_ELF/LIBSGL.A(sglA19.o)
                              main.o (symbol from plugin) (slRotX)
/joengine/Compiler/COMMON/SGL_302j/LIB_ELF/LIBSGL.A(sglA20.o)
                              main.o (symbol from plugin) (slUnitMatrix)
/joengine/Compiler/COMMON/SGL_302j/LIB_ELF/LIBSGL.A(sglA21.o)
                              main.o (symbol from plugin) (slPushMatrix)
/joengine/Compiler/COMMON/SGL_302j/LIB_ELF/LIBSGL.A(sglA27.o)
                              /joengine/Compiler/COMMON/SGL_302j/LIB_ELF/LIBSGL.A(sglA16.o) (slTranslate)
/joengine/Compiler/COMMON/SGL_302j/LIB_ELF/LIBSGL.A(sglA28.o)
                              main.o (symbol from plugin) (slScale)
/joengine/Compiler/COMMON/SGL_302j/LIB_ELF/LIBSGL.A(sglA40.o)
                              main.o (symbol from plugin) (slCalcVector)
/joengine/Compiler/COMMON/SGL_302j/LIB_ELF/LIBSGL.A(sglB001.o)
                              main.o (symbol from plugin) (slTVOn)
/joengine/Compiler/COMMON/SGL_302j/LIB_ELF/LIBSGL.A(sglB011.o)
                              /work/jo_engine/vdp2.o (symbol from plugin) (slBitMapNbg1)
/joengine/Compiler/COMMON/SGL_302j/LIB_ELF/LIBSGL.A(sglB014.o)
[...]
Memory Configuration

Name             Origin             Length             Attributes
*default*        0x0000000000000000 0xffffffffffffffff

Linker script and memory map


SLSTART         0x0000000006004000       0x30
                0x0000000006004000                ___Start = .
 *(SLSTART)
 SLSTART        0x0000000006004000       0x28 /joengine/Compiler/COMMON/SGL_302j/LIB_ELF/LIBSGL.A(sglI00.o)
                0x0000000006004000                SGL_Start
                0x0000000006004002                slStartSGL

.text           0x0000000006004040    0x20340
 *(.text)
 .text          0x0000000006004040        0x0 /joengine/Compiler/COMMON/SGL_302j/LIB_ELF/SGLAREA.O
 .text          0x0000000006004040     0x9dd4 /tmp/cc81O9UG.ltrans0.ltrans.o
                0x0000000006004858                jo_sprite_draw.constprop.53
                0x0000000006004964                jo_nbg2_print.constprop.38
                0x00000000060049c8                render_CLUT_sprite_MESH.constprop.37
                0x0000000006004a14                __jo_core_set_screens_order.constprop.36
                0x0000000006004acc                CDDAPlaySingle.constprop.31
                0x0000000006004b08                jo_vdp2_clear_bitmap_nbg1.constprop.23
                0x0000000006004b74                jo_vdp2_malloc
                0x0000000006004cb8                jo_vdp2_free
                0x0000000006004e04                jo_vdp2_disable_rbg0
                0x0000000006004e60                __jo_create_map.lto_priv.626
                0x0000000006004ec0                jo_img_to_vdp2_cells
                0x0000000006004f3a                jo_set_default_background_color
                0x00000000060051a6                jo_free
                0x0000000006005890                jo_sprite_free_from
                0x000000000600594c                load_textures.constprop.25
                0x0000000006006290                jo_random
                0x0000000006006308                jo_atan2f_rad
                0x00000000060064a4                jo_fixed_cos
                0x0000000006006500                jo_fixed_sin
                0x00000000060067f8                __jo_tga_any_loader
                0x0000000006006934                jo_sprite_add_tga.constprop.24
                0x0000000006006a10                _lseek
                0x0000000006006a14                _isatty
                0x0000000006006a18                _fstat
                0x0000000006006a1c                _close
                0x0000000006006a20                _write
                0x0000000006006a24                _read
                0x0000000006006a28                _realloc_r
                0x0000000006006a94                _calloc_r
                0x0000000006006ac4                _free_r
                0x0000000006006ad8                _malloc_r
                0x00000000060071f4                CDDAStop
                0x0000000006007210                pcm_cease
                0x0000000006007a9c                pcm_play
                0x0000000006007af8                has_object_collision
                0x0000000006007f08                mnet_client_log
                0x0000000006007f98                load_binary.constprop.29
                0x0000000006009e74                mnet_send_remove_local_player
 .text          0x000000000600de14     0x8998 /tmp/cc81O9UG.ltrans1.ltrans.o
                0x000000000600e148                my_vblank
                0x000000000600e154                set_palette
                0x000000000600e16c                change_player_palette
                0x000000000600e25c                load_trackmap
                0x000000000600e298                load_preview
                0x000000000600e2d4                load_level
                0x000000000600e3a4                load_car
                0x000000000600e51c                move_camera
                0x000000000600eb38                draw_map
                0x000000000600eca4                draw_powerups
                0x000000000600eda8                create_particles
                0x000000000600ee50                computeLight
                0x000000000600eec4                create_player
                0x000000000600f0b0                set_player_position
                0x000000000600f1b4                reset_to_last_checkpoint
                0x000000000600f2ac                reset_demo
                0x000000000600f490                getSeconds
                0x000000000600f510                init_1p_display
                0x000000000600f598                init_2p_display
                0x000000000600f628                render_CLUT_sprite
                0x000000000600f678                draw_player
                0x0000000006010348                ztClearText
                0x0000000006010388                menu
                0x00000000060104fc                clear_level
                0x0000000006010624                transition_to_title_screen
                0x00000000060107f0                draw_hud
                0x0000000006011268                mmm_get_p2_port
                0x000000000601147a                saturn_uart_detect.lto_priv.542
                0x00000000060114fa                saturn_uart_reg_write.lto_priv.544.lto_priv.591
                0x0000000006011514                saturn_uart_reg_read.lto_priv.546.lto_priv.592
                0x0000000006011530                saturn_transport_rx_byte.lto_priv.555
                0x000000000601153c                saturn_uart_read_iir.lto_priv.524.lto_priv.583
                0x0000000006011548                saturn_uart_read_msr.lto_priv.526.lto_priv.584
                0x0000000006011554                saturn_uart_read_lsr.lto_priv.528.lto_priv.585
                0x0000000006011560                saturn_uart_clear_errors.lto_priv.530.lto_priv.586
                0x0000000006011580                saturn_uart_rx_error.lto_priv.532.lto_priv.587
                0x0000000006011598                saturn_uart_rx_ready.lto_priv.534.lto_priv.588
                0x00000000060115ac                saturn_transport_rx_ready.lto_priv.554
                0x00000000060115b8                saturn_uart_flush_rx.lto_priv.512.lto_priv.576
                0x00000000060115ec                modem_flush_input.lto_priv.505.lto_priv.507
                0x00000000060115f8                saturn_uart_loopback_test.lto_priv.510.lto_priv.578
                0x0000000006011684                saturn_uart_read_raw.lto_priv.514.lto_priv.579
                0x0000000006011704                saturn_uart_getc_timeout.lto_priv.518.lto_priv.580
                0x000000000601173c                modem_read_line.lto_priv.508.lto_priv.574
                0x00000000060117a8                saturn_uart_getc.lto_priv.520.lto_priv.581
                0x00000000060117d0                saturn_uart_tx_ready.lto_priv.536.lto_priv.589
                0x00000000060117e8                saturn_uart_putc.lto_priv.522.lto_priv.582
                0x0000000006011834                saturn_transport_send.lto_priv.556
                0x0000000006011878                saturn_uart_puts.lto_priv.516.lto_priv.575
                0x00000000060119fc                modem_escape_to_command.lto_priv.503.lto_priv.573
                0x0000000006011a78                saturn_uart_set_baud.lto_priv.540.lto_priv.590
                0x0000000006011ad0                saturn_uart_init.lto_priv.538.lto_priv.577
                0x0000000006011be8                saturn_smpc_command.lto_priv.552.lto_priv.594
                0x0000000006011c10                saturn_netlink_smpc_disable.lto_priv.548.lto_priv.593
                0x0000000006011c1c                saturn_netlink_smpc_enable.lto_priv.550.lto_priv.559
                0x0000000006011c6c                mnet_encode_lap_complete.lto_priv.371.lto_priv.375
                0x0000000006011c92                mnet_encode_client_log.lto_priv.376.lto_priv.566
                0x0000000006011ce4                mnet_encode_leaderboard_req.lto_priv.380.lto_priv.384
                0x0000000006011cf4                mnet_encode_remove_local_player.lto_priv.385.lto_priv.389
                0x0000000006011d04                mnet_encode_add_local_player.lto_priv.390.lto_priv.565
                0x0000000006011d48                mnet_encode_powerup_pickup.lto_priv.394.lto_priv.398
                0x0000000006011d5c                mnet_encode_player_state_p2.lto_priv.399.lto_priv.567
                0x0000000006011df4                mnet_encode_player_state.lto_priv.403.lto_priv.568
                0x0000000006011e84                mnet_encode_input_state_p2.lto_priv.407.lto_priv.411
                0x0000000006011eae                mnet_encode_input_state.lto_priv.412.lto_priv.416
                0x0000000006011ed4                mnet_encode_car_select.lto_priv.417.lto_priv.421
                0x0000000006011ee8                mnet_encode_start_game.lto_priv.422.lto_priv.426
                0x0000000006011ef8                mnet_encode_ready.lto_priv.427.lto_priv.431
                0x0000000006011f08                mnet_encode_heartbeat.lto_priv.432.lto_priv.436
                0x0000000006011f18                mnet_encode_disconnect.lto_priv.437.lto_priv.441
                0x0000000006011f28                mnet_encode_set_username.lto_priv.442.lto_priv.563
                0x0000000006011f6c                mnet_encode_connect_uuid.lto_priv.446.lto_priv.562
                0x0000000006011f8a                mnet_encode_connect.lto_priv.450.lto_priv.454
                0x0000000006011f98                mnet_read_string.lto_priv.455.lto_priv.564
                0x0000000006011fe0                mnet_rx_init.lto_priv.463.lto_priv.467
                0x0000000006011fee                net_transport_is_connected.lto_priv.472.lto_priv.570
                0x0000000006012004                net_transport_send.lto_priv.476.lto_priv.560
                0x0000000006012016                my_gamepad
                0x0000000006013518                player_collision_handling
                0x00000000060156fc                mnet_send_frame.lto_priv.468.lto_priv.569
                0x0000000006015734                net_transport_rx_byte.lto_priv.480.lto_priv.571
                0x0000000006015746                net_transport_rx_ready.lto_priv.484.lto_priv.572
                0x0000000006015758                mnet_rx_poll.lto_priv.459.lto_priv.561
                0x00000000060157f0                get_gbr.lto_priv.54.lto_priv.82
                0x00000000060157f6                set_gbr.lto_priv.83.lto_priv.111
                0x00000000060157fc                get_vbr.lto_priv.112.lto_priv.140
                0x0000000006015802                set_vbr.lto_priv.141.lto_priv.169
                0x0000000006015808                set_imask.lto_priv.170.lto_priv.557
                0x000000000601581c                get_imask.lto_priv.198.lto_priv.558
                0x0000000006015826                get_sr.lto_priv.226.lto_priv.254
                0x000000000601582c                set_sr.lto_priv.255.lto_priv.283
                0x0000000006015832                tas.lto_priv.284.lto_priv.312
                0x000000000601583a                sleep.lto_priv.313.lto_priv.341
                0x0000000006015840                nop.lto_priv.342.lto_priv.370
                0x0000000006015846                init_3d_planes
                0x0000000006015ae0                end_level
                0x00000000060162ec                mmm_online_start_race
 *fill*         0x00000000060167ac        0x4 
 .text          0x00000000060167b0      0x238 /joengine/Compiler/COMMON/SGL_302j/LIB_ELF/SEGA_SYS.A(sys_exit.o)
                0x00000000060167b0                sys_version
                0x00000000060167d0                SYS_Exit
 *fill*         0x00000000060169e8        0x8 
 .text          0x00000000060169f0        0x6 /joengine/Compiler/COMMON/SGL_302j/LIB_ELF/SEGA_SYS.A(sys_sub.o)
                0x00000000060169f0                SYSUB_SetStackptr
 *fill*         0x00000000060169f6        0xa 
 .text          0x0000000006016a00      0x3a0 /joengine/Compiler/COMMON/SGL_302j/LIB_ELF/LIBCD.A(CDC_CMN.O)
                0x0000000006016a00                CDC_GetCurStat
                0x0000000006016a50                CDC_GetLastStat
                0x0000000006016a68                CDC_GetPeriStat
                0x0000000006016b3c                CDC_GetHwInfo
                0x0000000006016ba4                CDC_TgetToc
                0x0000000006016bf4                CDC_GetSes
                0x0000000006016c30                CDC_CdInit
                0x0000000006016cb4                CDC_CdOpen
                0x0000000006016cdc                CDC_DataReady
                0x0000000006016d48                CDC_DataEnd
 .text          0x0000000006016da0      0x130 /joengine/Compiler/COMMON/SGL_302j/LIB_ELF/LIBCD.A(CDC_DRV.O)
                0x0000000006016da0                CDC_CdPlay
                0x0000000006016e6c                CDC_CdSeek
                0x0000000006016ea0                CDC_CdScan
 .text          0x0000000006016ed0      0x194 /joengine/Compiler/COMMON/SGL_302j/LIB_ELF/LIBCD.A(CDC_CFS.O)
                0x0000000006016ed0                CDC_ChgDir
                0x0000000006016f04                CDC_ReadDir
                0x0000000006016f38                CDC_GetFileScope
                0x0000000006016f98                CDC_TgetFileInfo
                0x0000000006016ff4                CDC_ReadFile
                0x0000000006017028                CDC_AbortFile
 *fill*         0x0000000006017064        0xc 
 .text          0x0000000006017070      0x2dc /joengine/Compiler/COMMON/SGL_302j/LIB_ELF/LIBCD.A(CDC_REG.O)
                0x0000000006017070                CDC_GetDataPtr
                0x0000000006017080                CDC_GetHirqReq
                0x0000000006017094                CDC_ClrHirqReq
                0x00000000060170c4                CDREG_ClrHirqReq
                0x00000000060170d4                CDREG_InitHirqReq
                0x00000000060170fc                CDREG_SetHirqFlag
                0x0000000006017110                CDC_GetHirqMsk
                0x0000000006017124                CDC_SetHirqMsk
                0x0000000006017134                CDC_GetMpegPtr
                0x0000000006017144                CDREG_TgetData
                0x00000000060171a0                CDREG_CmdRsp
                0x00000000060172a0                CDREG_WaitHirq
                0x0000000006017310                CDREG_ReadRsp
 *fill*         0x000000000601734c        0x4 
 .text          0x0000000006017350      0x152 /joengine/Compiler/COMMON/SGL_302j/LIB_ELF/LIBCD.A(CDC_SUB.O)
                0x0000000006017350                CDSUB_UpdStatus
                0x0000000006017368                CDSUB_UpdCdstat
                0x0000000006017388                CDSUB_CdCmd
                0x00000000060173f8                CDSUB_GetCdstat
                0x0000000006017438                CDSUB_RspToCdstat
                0x0000000006017480                CDSUB_SoftTimer
 *fill*         0x00000000060174a2        0xe 
 .text          0x00000000060174b0     0x1adc /joengine/Compiler/COMMON/SGL_302j/LIB_ELF/LIBCD.A(GFS.O)
                0x00000000060174b0                gfs_version
                0x00000000060174d0                GFS_Init
                0x00000000060175b8                GFS_LoadDir
                0x0000000006017660                GFS_SetDir
                0x00000000060176c8                GFS_NameToId
                0x000000000601772c                GFS_IdToName
                0x0000000006017798                GFS_GetDirInfo
                0x0000000006017808                GFS_Reset
                0x000000000601788c                GFS_Open
                0x0000000006017940                GFS_Close
                0x0000000006017978                GFS_Seek
                0x0000000006017a2c                GFS_Tell
                0x0000000006017a7c                GFS_IsEof
                0x0000000006017ad0                GFS_ByteToSct
                0x0000000006017b2c                GFS_GetFileSize
                0x0000000006017b88                GFS_GetFileInfo
                0x0000000006017bfc                GFS_GetNumCdbuf
                0x0000000006017c24                GFS_Load
                0x0000000006017ce8                GFS_Fread
                0x0000000006017d84                gfs_waitRead
                0x0000000006017e2c                GFS_NwFread
                0x0000000006017f38                GFS_NwCdRead
                0x0000000006017fb0                GFS_NwIsComplete
                0x0000000006017fe8                GFS_NwStop
                0x0000000006018054                GFS_NwGetStat
                0x00000000060180d0                gfs_recovRdErr
                0x0000000006018100                GFS_NwExecOne
                0x00000000060181c0                GFS_NwExecServer
                0x000000000601823c                GFS_SetGmode
                0x00000000060182a0                GFS_SetTmode
                0x000000000601830c                GFS_SetReadPara
                0x0000000006018370                GFS_SetTransPara
                0x00000000060183dc                GFS_SetTrFunc
                0x0000000006018440                GFS_StartTrans
                0x000000000601848c                GFS_CdMovePickup
                0x00000000060184f8                GFS_SetErrFunc
                0x0000000006018524                GFS_GetErrStat
                0x0000000006018548                GFS_ConvTno
                0x0000000006018570                gfs_chgRoot
                0x000000000601863c                gfs_aborttrans
                0x0000000006018648                gfs_mngSetupFuncTbl
                0x000000000601867c                gfs_mngInitWork
                0x0000000006018720                gfs_mngGetNumFile
                0x0000000006018788                GFS_mngAllocGrp
                0x00000000060187d0                gfs_mngFreeGrp
                0x00000000060187dc                gfs_mngTermAccess
                0x0000000006018860                gfs_mngSetErrCode
                0x00000000060188e0                gfs_svrSearchHndl
                0x0000000006018920                gfs_svrAddHndl
                0x000000000601895c                gfs_svrRemoveHndl
                0x00000000060189b8                GFS_OpenSub
                0x0000000006018a10                gfs_loadVol
                0x0000000006018ad4                gfs_getRootDir
                0x0000000006018bd0                gfs_loadRootDir
                0x0000000006018c58                gfs_flowIn
                0x0000000006018d00                gfs_transData
                0x0000000006018da4                GFS_GetFad
                0x0000000006018dfc                gfs_SetSct
                0x0000000006018e3c                gfs_GetFinfo
                0x0000000006018e7c                gfs_closeSub
                0x0000000006018eb8                gfs_getGmode
                0x0000000006018ec4                gfs_isTaskDone
                0x0000000006018f18                gfs_convFinStat
 *fill*         0x0000000006018f8c        0x4 
 .text          0x0000000006018f90      0x106 /joengine/Compiler/COMMON/SGL_302j/LIB_ELF/LIBCD.A(GFS_BUF.O)
                0x0000000006018fc0                GFBF_GetTranData
                0x0000000006018fe8                GFBF_GetNumData
                0x0000000006019018                GFBF_GetSrcPk
                0x0000000006019040                GFBF_GetSctData
                0x0000000006019064                GFBF_RtnPk
                0x000000000601908c                gfbf_getSctDt
 *fill*         0x0000000006019096        0xa 
 .text          0x00000000060190a0      0x600 /joengine/Compiler/COMMON/SGL_302j/LIB_ELF/LIBCD.A(GFS_CDB.O)
                0x00000000060190a0                GFCB_Setup
                0x00000000060191c0                GFCB_Close
                0x00000000060191e8                GFCB_GetLenData
                0x0000000006019294                GFCB_GetLenRoom
                0x00000000060192a0                GFCB_SetFilt
                0x0000000006019308                GFCB_DeleteAllData
                0x0000000006019330                GFCB_Tell
                0x0000000006019340                gfcb_getSctNum
                0x0000000006019390                GFCB_Seek
                0x000000000601948c                GFCB_GetSrcPack
                0x000000000601956c                GFCB_GetSctData
                0x00000000060195a4                GFCB_GetDstPack
                0x00000000060195b0                GFCB_RtnPk
                0x00000000060195f8                GFCB_MovePickup
                0x0000000006019614                GFCB_SetCon
                0x0000000006019648                GFCB_GetPickup
                0x0000000006019670                GFCB_IsPuOwner
                0x0000000006019688                GFCB_UngetPickup
 .text          0x00000000060196a0     0x1a10 /joengine/Compiler/COMMON/SGL_302j/LIB_ELF/LIBCD.A(GFS_CDC.O)
                0x00000000060196a0                GFCD_SetCdbfs
                0x00000000060196cc                GFCD_Init
                0x00000000060198d0                GFCD_AllocFilt
                0x000000000601990c                GFCD_FreeFilt
                0x000000000601993c                GFCD_AllocBuf
                0x0000000006019970                GFCD_FreeBuf
                0x0000000006019a14                GFCD_GetBaseFad
                0x0000000006019a48                GFCD_GetPickup
                0x0000000006019a7c                GFCD_UngetPickup
                0x0000000006019aa8                GFCD_IsPuOwner
                0x0000000006019acc                GFCD_SetFilt
                0x0000000006019b90                GFCD_GetFilt
                0x0000000006019bd8                GFCD_SetCon
                0x0000000006019c30                GFCD_Play
                0x0000000006019c90                GFCD_GetLenData
                0x0000000006019cf8                GFCD_ReqData
                0x0000000006019d54                GFCD_EndData
                0x0000000006019d9c                GFCD_DelSctData
                0x0000000006019df4                GFCD_CheckDelSctData
                0x0000000006019e24                GFCD_GetStat
                0x0000000006019ed8                GFCD_MovePickup
                0x0000000006019f24                GFCD_MoveSctData
                0x0000000006019f98                GFCD_CheckMove
                0x0000000006019fbc                GFCD_GetSctInfo
                0x000000000601a004                GFCD_ChgDir
                0x000000000601a078                GFCD_SetFiltCon
                0x000000000601a160                GFCD_GetFileInfo
                0x000000000601a23c                GFCD_GetBufSiz
                0x000000000601a274                GFCD_ExecServer
                0x000000000601a348                gfcd_isIdleTask
                0x000000000601a3d4                gfcd_doTask
                0x000000000601a480                GFCD_SetTimer
                0x000000000601a494                GFCD_WaitServer
                0x000000000601a4d0                gfcd_doSetFiltTsk
                0x000000000601a694                gfcd_doSetConTsk
                0x000000000601a724                gfcd_doGetLenDataTsk
                0x000000000601a878                gfcd_doReqDataTsk
                0x000000000601a918                gfcd_doDelSctDataTsk
                0x000000000601aa4c                gfcd_doMoveSctTsk
                0x000000000601abb0                gfcd_doChgDirTsk
                0x000000000601adac                gfcd_doSetFiltConTsk
                0x000000000601aef0                gfcd_checkEflag
                0x000000000601af14                gfcd_initCdbMng
                0x000000000601af94                gfcd_setStat
                0x000000000601afc0                GFCD_SetCsctFunc
                0x000000000601afdc                GFCD_ChkScdqFlag
                0x000000000601b000                GFCD_ClrScdqFlag
                0x000000000601b01c                GFCD_WaitScdqFlag
                0x000000000601b060                GFCD_WaitPause
 .text          0x000000000601b0b0      0x8d8 /joengine/Compiler/COMMON/SGL_302j/LIB_ELF/LIBCD.A(GFS_CDF.O)
                0x000000000601b0b0                GFCF_Init
                0x000000000601b150                GFCF_Setup
                0x000000000601b298                GFCF_SetSct
                0x000000000601b2dc                GFCF_GetFileInfo
                0x000000000601b350                GFCF_FlowInBuf
                0x000000000601b4a4                GFCF_StopInBuf
                0x000000000601b544                GFCF_Recover
                0x000000000601b58c                GFCF_Tell
                0x000000000601b5a4                GFCF_Seek
                0x000000000601b5bc                GFCF_MovePickup
                0x000000000601b658                GFCF_cnvIntlvOfs
                0x000000000601b6ac                GFCF_GetStat
                0x000000000601b744                gfcf_getSctSize
                0x000000000601b780                gfcf_isCdOk
                0x000000000601b840                gfcf_getPlayRange
 *fill*         0x000000000601b988        0x8 
 .text          0x000000000601b990      0x92c /joengine/Compiler/COMMON/SGL_302j/LIB_ELF/LIBCD.A(GFS_DIR.O)
                0x000000000601b990                GFDR_SetupDirTbl
                0x000000000601ba04                GFDR_NameToId
                0x000000000601ba64                GFDR_GetInfoDirId
                0x000000000601ba78                GFDR_GetInfoDirName
                0x000000000601ba8c                GFDR_GetAtrDirId
                0x000000000601baa4                GFDR_GetAtrDirName
                0x000000000601babc                GFDR_ChgRoot
                0x000000000601bad4                GFDR_ChgDir
                0x000000000601bb48                gfdr_setupDirIdTbl
                0x000000000601bbcc                gfdr_setupDirNameTbl
                0x000000000601bc78                gfdr_open
                0x000000000601bca0                gfdr_read
                0x000000000601bd60                gfdr_readByte
                0x000000000601bd8c                gfdr_readWord
                0x000000000601bdb8                gfdr_readWordNB
                0x000000000601be0c                gfdr_readLongNB
                0x000000000601be58                gfdr_readLongNM
                0x000000000601be80                gfdr_setNextRec
                0x000000000601bf04                gfdr_readDirEnt
                0x000000000601c280                gfdr_setDirrecCd
 *fill*         0x000000000601c2bc        0x4 
 .text          0x000000000601c2c0      0x9c6 /joengine/Compiler/COMMON/SGL_302j/LIB_ELF/LIBCD.A(GFS_TRN.O)
                0x000000000601c2f0                GFTR_Setup
                0x000000000601c334                GFTR_SetMode
                0x000000000601c348                GFTR_SetUnit
                0x000000000601c354                GFTR_SetTransPara
                0x000000000601c388                GFTR_GetTransPara
                0x000000000601c394                GFTR_GetNumTrans
                0x000000000601c3a0                GFTR_SetTransMax
                0x000000000601c3ac                GFTR_Start
                0x000000000601c3b8                GFTR_Pause
                0x000000000601c3c4                GFTR_Stop
                0x000000000601c47c                GFTR_Exec
                0x000000000601c500                GFTR_Idle
                0x000000000601c578                GFTR_ExecSvr
                0x000000000601c680                gftr_getSrcPack
                0x000000000601c708                gftr_getDstPack
                0x000000000601c764                gftr_reqScu
                0x000000000601c770                gftr_execScu
                0x000000000601c80c                gftr_remScu
                0x000000000601c840                gfdma_canUse
                0x000000000601c84c                gfdma_exec
                0x000000000601c8bc                gfdma_getBytecnt
                0x000000000601c8f4                gftr_reqDma0
                0x000000000601c90c                gftr_execSdma0
                0x000000000601c930                gftr_remDma0
                0x000000000601c948                gftr_reqDma1
                0x000000000601c960                gftr_execSdma1
                0x000000000601c984                gftr_remDma1
                0x000000000601c99c                gftr_reqCpu
                0x000000000601c9a8                gftr_execCpu
                0x000000000601c9e8                gftr_remCpu
                0x000000000601c9f4                gftr_reqTrn
                0x000000000601ca64                gftr_execTrn
                0x000000000601cb3c                gftr_remTrn
                0x000000000601cbb0                gftr_copyFrac
                0x000000000601cbd8                GFTR_GetLenData
                0x000000000601cbe4                GFTR_GetLenRoom
                0x000000000601cbfc                GFTR_GetDstPack
                0x000000000601cc30                GFTR_RtnDstPk
                0x000000000601cc4c                GFTR_GetData
                0x000000000601cc60                GFTR_SetData
                0x000000000601cc74                GFTR_SetTransFunc
 *fill*         0x000000000601cc86        0xa 
 .text          0x000000000601cc90       0xa8 /joengine/Compiler/COMMON/SGL_302j/LIB_ELF/LIBCD.A(CDC_DEV.O)
                0x000000000601cc90                CDC_CdSetCon
                0x000000000601ccc0                CDC_CdGetCon
                0x000000000601ccfc                CDC_CdGetLastBuf
 *fill*         0x000000000601cd38        0x8 
 .text          0x000000000601cd40      0x2b8 /joengine/Compiler/COMMON/SGL_302j/LIB_ELF/LIBCD.A(CDC_SEL.O)
                0x000000000601cd40                CDC_SetFiltRange
                0x000000000601cd74                CDC_GetFiltRange
                0x000000000601cdcc                CDC_SetFiltSubh
                0x000000000601ce3c                CDC_GetFiltSubh
                0x000000000601ceb8                CDC_SetFiltMode
                0x000000000601ceec                CDC_GetFiltMode
                0x000000000601cf30                CDC_SetFiltCon
                0x000000000601cf70                CDC_GetFiltCon
                0x000000000601cfc4                CDC_ResetSelector
 *fill*         0x000000000601cff8        0x8 
 .text          0x000000000601d000      0x270 /joengine/Compiler/COMMON/SGL_302j/LIB_ELF/LIBCD.A(CDC_BIF.O)
                0x000000000601d000                CDC_GetBufSiz
                0x000000000601d05c                CDC_GetSctNum
                0x000000000601d0a0                CDC_CalActSiz
                0x000000000601d0dc                CDC_GetActSiz
                0x000000000601d15c                CDC_GetSctInfo
                0x000000000601d1dc                CDC_ExeFadSearch
                0x000000000601d214                CDC_GetFadSearch
 .text          0x000000000601d270      0x1e4 /joengine/Compiler/COMMON/SGL_302j/LIB_ELF/LIBCD.A(CDC_BIO.O)
                0x000000000601d270                CDC_SetSctLen
                0x000000000601d2a4                CDC_GetSctData
                0x000000000601d2e0                CDC_DelSctData
                0x000000000601d31c                CDC_GetdelSctData
                0x000000000601d358                CDC_PutSctData
                0x000000000601d390                CDC_CopySctData
                0x000000000601d3d4                CDC_MoveSctData
                0x000000000601d418                CDC_GetCopyErr
 *fill*         0x000000000601d454        0xc 
 .text          0x000000000601d460        0x0 /joengine/Compiler/COMMON/SGL_302j/LIB_ELF/LIBSGL.A(sglA01.o)
 .text          0x000000000601d460        0x0 /joengine/Compiler/COMMON/SGL_302j/LIB_ELF/LIBSGL.A(sglA15.o)
 .text          0x000000000601d460        0x0 /joengine/Compiler/COMMON/SGL_302j/LIB_ELF/LIBSGL.A(sglA16.o)
 .text          0x000000000601d460        0x0 /joengine/Compiler/COMMON/SGL_302j/LIB_ELF/LIBSGL.A(sglA17.o)
 .text          0x000000000601d460        0x0 /joengine/Compiler/COMMON/SGL_302j/LIB_ELF/LIBSGL.A(sglA18.o)
 .text          0x000000000601d460        0x0 /joengine/Compiler/COMMON/SGL_302j/LIB_ELF/LIBSGL.A(sglA19.o)
 .text          0x000000000601d460        0x0 /joengine/Compiler/COMMON/SGL_302j/LIB_ELF/LIBSGL.A(sglA20.o)
 .text          0x000000000601d460        0x0 /joengine/Compiler/COMMON/SGL_302j/LIB_ELF/LIBSGL.A(sglA21.o)
 .text          0x000000000601d460        0x0 /joengine/Compiler/COMMON/SGL_302j/LIB_ELF/LIBSGL.A(sglA27.o)
 .text          0x000000000601d460        0x0 /joengine/Compiler/COMMON/SGL_302j/LIB_ELF/LIBSGL.A(sglA28.o)
 .text          0x000000000601d460        0x0 /joengine/Compiler/COMMON/SGL_302j/LIB_ELF/LIBSGL.A(sglA40.o)
 .text          0x000000000601d460        0x0 /joengine/Compiler/COMMON/SGL_302j/LIB_ELF/LIBSGL.A(sglB001.o)
 .text          0x000000000601d460        0x0 /joengine/Compiler/COMMON/SGL_302j/LIB_ELF/LIBSGL.A(sglB011.o)
 .text          0x000000000601d460        0x0 /joengine/Compiler/COMMON/SGL_302j/LIB_ELF/LIBSGL.A(sglB014.o)
 .text          0x000000000601d460        0x0 /joengine/Compiler/COMMON/SGL_302j/LIB_ELF/LIBSGL.A(sglB015.o)
 .text          0x000000000601d460        0x0 /joengine/Compiler/COMMON/SGL_302j/LIB_ELF/LIBSGL.A(sglB016.o)
 .text          0x000000000601d460        0x0 /joengine/Compiler/COMMON/SGL_302j/LIB_ELF/LIBSGL.A(sglB020.o)
 .text          0x000000000601d460        0x0 /joengine/Compiler/COMMON/SGL_302j/LIB_ELF/LIBSGL.A(sglB021.o)
 .text          0x000000000601d460        0x0 /joengine/Compiler/COMMON/SGL_302j/LIB_ELF/LIBSGL.A(sglB023.o)
 .text          0x000000000601d460        0x0 /joengine/Compiler/COMMON/SGL_302j/LIB_ELF/LIBSGL.A(sglB031.o)
 .text          0x000000000601d460        0x0 /joengine/Compiler/COMMON/SGL_302j/LIB_ELF/LIBSGL.A(sglB032.o)
 .text          0x000000000601d460        0x0 /joengine/Compiler/COMMON/SGL_302j/LIB_ELF/LIBSGL.A(sglB033.o)
 .text          0x000000000601d460        0x0 /joengine/Compiler/COMMON/SGL_302j/LIB_ELF/LIBSGL.A(sglB034.o)
 .text          0x000000000601d460        0x0 /joengine/Compiler/COMMON/SGL_302j/LIB_ELF/LIBSGL.A(sglB035.o)
 .text          0x000000000601d460        0x0 /joengine/Compiler/COMMON/SGL_302j/LIB_ELF/LIBSGL.A(sglB036.o)
 .text          0x000000000601d460        0x0 /joengine/Compiler/COMMON/SGL_302j/LIB_ELF/LIBSGL.A(sglB038.o)
 .text          0x000000000601d460        0x0 /joengine/Compiler/COMMON/SGL_302j/LIB_ELF/LIBSGL.A(sglB039.o)
 .text          0x000000000601d460        0x0 /joengine/Compiler/COMMON/SGL_302j/LIB_ELF/LIBSGL.A(sglB040.o)
 .text          0x000000000601d460        0x0 /joengine/Compiler/COMMON/SGL_302j/LIB_ELF/LIBSGL.A(sglB041.o)
 .text          0x000000000601d460        0x0 /joengine/Compiler/COMMON/SGL_302j/LIB_ELF/LIBSGL.A(sglB042.o)
 .text          0x000000000601d460        0x0 /joengine/Compiler/COMMON/SGL_302j/LIB_ELF/LIBSGL.A(sglB043.o)
 .text          0x000000000601d460        0x0 /joengine/Compiler/COMMON/SGL_302j/LIB_ELF/LIBSGL.A(sglB044.o)
 .text          0x000000000601d460        0x0 /joengine/Compiler/COMMON/SGL_302j/LIB_ELF/LIBSGL.A(sglB045.o)
 .text          0x000000000601d460        0x0 /joengine/Compiler/COMMON/SGL_302j/LIB_ELF/LIBSGL.A(sglB047.o)
 .text          0x000000000601d460        0x0 /joengine/Compiler/COMMON/SGL_302j/LIB_ELF/LIBSGL.A(sglB048.o)
 .text          0x000000000601d460        0x0 /joengine/Compiler/COMMON/SGL_302j/LIB_ELF/LIBSGL.A(sglB055.o)
 .text          0x000000000601d460        0x0 /joengine/Compiler/COMMON/SGL_302j/LIB_ELF/LIBSGL.A(sglB056.o)
 .text          0x000000000601d460        0x0 /joengine/Compiler/COMMON/SGL_302j/LIB_ELF/LIBSGL.A(sglB057.o)
 .text          0x000000000601d460        0x0 /joengine/Compiler/COMMON/SGL_302j/LIB_ELF/LIBSGL.A(sglB058.o)
 .text          0x000000000601d460        0x0 /joengine/Compiler/COMMON/SGL_302j/LIB_ELF/LIBSGL.A(sglB059.o)
 .text          0x000000000601d460        0x0 /joengine/Compiler/COMMON/SGL_302j/LIB_ELF/LIBSGL.A(sglB060.o)
 .text          0x000000000601d460        0x0 /joengine/Compiler/COMMON/SGL_302j/LIB_ELF/LIBSGL.A(sglB063.o)
 .text          0x000000000601d460        0x0 /joengine/Compiler/COMMON/SGL_302j/LIB_ELF/LIBSGL.A(sglB087.o)
 .text          0x000000000601d460        0x0 /joengine/Compiler/COMMON/SGL_302j/LIB_ELF/LIBSGL.A(sglB088.o)
 .text          0x000000000601d460        0x0 /joengine/Compiler/COMMON/SGL_302j/LIB_ELF/LIBSGL.A(sglB090.o)
 .text          0x000000000601d460        0x0 /joengine/Compiler/COMMON/SGL_302j/LIB_ELF/LIBSGL.A(sglB200.o)
 .text          0x000000000601d460        0x0 /joengine/Compiler/COMMON/SGL_302j/LIB_ELF/LIBSGL.A(sglC01.o)
 .text          0x000000000601d460        0x0 /joengine/Compiler/COMMON/SGL_302j/LIB_ELF/LIBSGL.A(sglC03.o)
 .text          0x000000000601d460        0x0 /joengine/Compiler/COMMON/SGL_302j/LIB_ELF/LIBSGL.A(sglC04.o)
 .text          0x000000000601d460        0x0 /joengine/Compiler/COMMON/SGL_302j/LIB_ELF/LIBSGL.A(sglC05.o)
 .text          0x000000000601d460        0x0 /joengine/Compiler/COMMON/SGL_302j/LIB_ELF/LIBSGL.A(sglC06.o)
 .text          0x000000000601d460        0x0 /joengine/Compiler/COMMON/SGL_302j/LIB_ELF/LIBSGL.A(sglC07.o)
 .text          0x000000000601d460        0x0 /joengine/Compiler/COMMON/SGL_302j/LIB_ELF/LIBSGL.A(sglC08.o)
 .text          0x000000000601d460        0x0 /joengine/Compiler/COMMON/SGL_302j/LIB_ELF/LIBSGL.A(sglC14.o)
 .text          0x000000000601d460        0x0 /joengine/Compiler/COMMON/SGL_302j/LIB_ELF/LIBSGL.A(sglC16.o)
 .text          0x000000000601d460        0x0 /joengine/Compiler/COMMON/SGL_302j/LIB_ELF/LIBSGL.A(sglC17.o)
 .text          0x000000000601d460        0x0 /joengine/Compiler/COMMON/SGL_302j/LIB_ELF/LIBSGL.A(sglC19.o)
 .text          0x000000000601d460        0x0 /joengine/Compiler/COMMON/SGL_302j/LIB_ELF/LIBSGL.A(sglC20.o)
 .text          0x000000000601d460        0x0 /joengine/Compiler/COMMON/SGL_302j/LIB_ELF/LIBSGL.A(sglC21.o)
 .text          0x000000000601d460        0x0 /joengine/Compiler/COMMON/SGL_302j/LIB_ELF/LIBSGL.A(sglD00.o)
 .text          0x000000000601d460        0x0 /joengine/Compiler/COMMON/SGL_302j/LIB_ELF/LIBSGL.A(sglD01.o)
 .text          0x000000000601d460        0x0 /joengine/Compiler/COMMON/SGL_302j/LIB_ELF/LIBSGL.A(sglD02.o)
 .text          0x000000000601d460        0x0 /joengine/Compiler/COMMON/SGL_302j/LIB_ELF/LIBSGL.A(sglD03.o)
 .text          0x000000000601d460        0x0 /joengine/Compiler/COMMON/SGL_302j/LIB_ELF/LIBSGL.A(sglD15.o)
 .text          0x000000000601d460        0x0 /joengine/Compiler/COMMON/SGL_302j/LIB_ELF/LIBSGL.A(sglD16.o)
 .text          0x000000000601d460        0x0 /joengine/Compiler/COMMON/SGL_302j/LIB_ELF/LIBSGL.A(sglD17.o)
 .text          0x000000000601d460        0x0 /joengine/Compiler/COMMON/SGL_302j/LIB_ELF/LIBSGL.A(sglD18.o)
 .text          0x000000000601d460        0x0 /joengine/Compiler/COMMON/SGL_302j/LIB_ELF/LIBSGL.A(sglF08.o)
 .text          0x000000000601d460        0x0 /joengine/Compiler/COMMON/SGL_302j/LIB_ELF/LIBSGL.A(sglH00.o)
 .text          0x000000000601d460        0x0 /joengine/Compiler/COMMON/SGL_302j/LIB_ELF/LIBSGL.A(sglH01.o)
 .text          0x000000000601d460        0x0 /joengine/Compiler/COMMON/SGL_302j/LIB_ELF/LIBSGL.A(sglH02.o)
 .text          0x000000000601d460        0x0 /joengine/Compiler/COMMON/SGL_302j/LIB_ELF/LIBSGL.A(sglH04.o)
 .text          0x000000000601d460        0x0 /joengine/Compiler/COMMON/SGL_302j/LIB_ELF/LIBSGL.A(sglI01.o)
 .text          0x000000000601d460        0x0 /joengine/Compiler/COMMON/SGL_302j/LIB_ELF/LIBSGL.A(sglI04.o)
 .text          0x000000000601d460      0x128 /joengine/Compiler/COMMON/SGL_302j/LIB_ELF/LIBSGL.A(sglIc0.o)
                0x000000000601d460                slInitSystem
 *fill*         0x000000000601d588        0x8 
 .text          0x000000000601d590        0x0 /joengine/Compiler/COMMON/SGL_302j/LIB_ELF/LIBSGL.A(sglJ00.o)
 .text          0x000000000601d590        0x0 /joengine/Compiler/COMMON/SGL_302j/LIB_ELF/LIBSGL.A(sglJ01.o)
 .text          0x000000000601d590        0x0 /joengine/Compiler/COMMON/SGL_302j/LIB_ELF/LIBSGL.A(sglJ02.o)
 .text          0x000000000601d590        0x0 /joengine/Compiler/COMMON/SGL_302j/LIB_ELF/LIBSGL.A(sglJ03.o)
 .text          0x000000000601d590        0x0 /joengine/Compiler/COMMON/SGL_302j/LIB_ELF/LIBSGL.A(sglJ04.o)
 .text          0x000000000601d590        0x0 /joengine/Compiler/COMMON/SGL_302j/LIB_ELF/LIBSGL.A(sglJ05.o)
 .text          0x000000000601d590        0x0 /joengine/Compiler/COMMON/SGL_302j/LIB_ELF/LIBSGL.A(sglK01.o)
 .text          0x000000000601d590        0x0 /joengine/Compiler/COMMON/SGL_302j/LIB_ELF/LIBSGL.A(sglM00.o)
 .text          0x000000000601d590        0x0 /joengine/Compiler/COMMON/SGL_302j/LIB_ELF/LIBSGL.A(sglM01.o)
 .text          0x000000000601d590        0x0 /joengine/Compiler/COMMON/SGL_302j/LIB_ELF/LIBSGL.A(sglA00.o)
 .text          0x000000000601d590        0x0 /joengine/Compiler/COMMON/SGL_302j/LIB_ELF/LIBSGL.A(sglA03.o)
 .text          0x000000000601d590        0x0 /joengine/Compiler/COMMON/SGL_302j/LIB_ELF/LIBSGL.A(sglA10.o)
 .text          0x000000000601d590        0x0 /joengine/Compiler/COMMON/SGL_302j/LIB_ELF/LIBSGL.A(sglA24.o)
 .text          0x000000000601d590        0x0 /joengine/Compiler/COMMON/SGL_302j/LIB_ELF/LIBSGL.A(sglA25.o)
 .text          0x000000000601d590        0x0 /joengine/Compiler/COMMON/SGL_302j/LIB_ELF/LIBSGL.A(sglB000.o)
 .text          0x000000000601d590        0x0 /joengine/Compiler/COMMON/SGL_302j/LIB_ELF/LIBSGL.A(sglC00.o)
 .text          0x000000000601d590        0x0 /joengine/Compiler/COMMON/SGL_302j/LIB_ELF/LIBSGL.A(sglC13.o)
 .text          0x000000000601d590        0x0 /joengine/Compiler/COMMON/SGL_302j/LIB_ELF/LIBSGL.A(sglD19.o)
 .text          0x000000000601d590        0x0 /joengine/Compiler/COMMON/SGL_302j/LIB_ELF/LIBSGL.A(sglI00.o)
 .text          0x000000000601d590        0x0 /joengine/Compiler/COMMON/SGL_302j/LIB_ELF/LIBSGL.A(sglH03.o)
 .text          0x000000000601d590       0x52 /joengine/Compiler/LINUX/bin/../lib/gcc/sh-none-elf/8.2.0/libgcc.a(_ashiftrt.o)
                0x000000000601d590                __ashiftrt_r4_31
                0x000000000601d590                __ashiftrt_r4_32
                0x000000000601d596                __ashiftrt_r4_30
                0x000000000601d598                __ashiftrt_r4_29
                0x000000000601d59a                __ashiftrt_r4_28
                0x000000000601d59c                __ashiftrt_r4_27
                0x000000000601d59e                __ashiftrt_r4_26
                0x000000000601d5a0                __ashiftrt_r4_25
                0x000000000601d5a2                __ashiftrt_r4_24
                0x000000000601d5aa                __ashiftrt_r4_23
                0x000000000601d5ac                __ashiftrt_r4_22
                0x000000000601d5ae                __ashiftrt_r4_21
                0x000000000601d5b0                __ashiftrt_r4_20
                0x000000000601d5b2                __ashiftrt_r4_19
                0x000000000601d5b4                __ashiftrt_r4_18
                0x000000000601d5b6                __ashiftrt_r4_17
                0x000000000601d5b8                __ashiftrt_r4_16
                0x000000000601d5be                __ashiftrt_r4_15
                0x000000000601d5c0                __ashiftrt_r4_14
                0x000000000601d5c2                __ashiftrt_r4_13
                0x000000000601d5c4                __ashiftrt_r4_12
                0x000000000601d5c6                __ashiftrt_r4_11
                0x000000000601d5c8                __ashiftrt_r4_10
                0x000000000601d5ca                __ashiftrt_r4_9
                0x000000000601d5cc                __ashiftrt_r4_8
                0x000000000601d5ce                __ashiftrt_r4_7
                0x000000000601d5d0                __ashiftrt_r4_6
                0x000000000601d5d2                __ashiftrt_r4_5
                0x000000000601d5d4                __ashiftrt_r4_4
                0x000000000601d5d6                __ashiftrt_r4_3
                0x000000000601d5d8                __ashiftrt_r4_2
                0x000000000601d5da                __ashiftrt_r4_1
                0x000000000601d5de                __ashiftrt_r4_0
 *fill*         0x000000000601d5e2        0x2 
 .text          0x000000000601d5e4       0xa0 /joengine/Compiler/LINUX/bin/../lib/gcc/sh-none-elf/8.2.0/libgcc.a(_sdivsi3.o)
                0x000000000601d5e4                __sdivsi3
 .text          0x000000000601d684       0x6c /joengine/Compiler/LINUX/bin/../lib/gcc/sh-none-elf/8.2.0/libgcc.a(_udivsi3.o)
                0x000000000601d6a6                __udivsi3
 .text          0x000000000601d6f0       0x78 /joengine/Compiler/LINUX/bin/../lib/gcc/sh-none-elf/8.2.0/libgcc.a(_movmem.o)
                0x000000000601d6f0                __movstr
                0x000000000601d6f0                __movmem
                0x000000000601d724                __movmemSI64
                0x000000000601d724                __movstrSI64
                0x000000000601d728                __movstrSI60
                0x000000000601d728                __movmemSI60
                0x000000000601d72c                __movmemSI56
                0x000000000601d72c                __movstrSI56
                0x000000000601d730                __movstrSI52
                0x000000000601d730                __movmemSI52
                0x000000000601d734                __movstrSI48
                0x000000000601d734                __movmemSI48
                0x000000000601d738                __movstrSI44
                0x000000000601d738                __movmemSI44
                0x000000000601d73c                __movstrSI40
                0x000000000601d73c                __movmemSI40
                0x000000000601d740                __movstrSI36
                0x000000000601d740                __movmemSI36
                0x000000000601d744                __movmemSI32
                0x000000000601d744                __movstrSI32
                0x000000000601d748                __movmemSI28
                0x000000000601d748                __movstrSI28
                0x000000000601d74c                __movstrSI24
                0x000000000601d74c                __movmemSI24
                0x000000000601d750                __movmemSI20
                0x000000000601d750                __movstrSI20
                0x000000000601d754                __movstrSI16
                0x000000000601d754                __movmemSI16
                0x000000000601d758                __movmemSI12
                0x000000000601d758                __movstrSI12
                0x000000000601d75c                __movmemSI8
                0x000000000601d75c                __movstrSI8
                0x000000000601d760                __movmemSI4
                0x000000000601d760                __movstrSI4
 .text          0x000000000601d768      0x210 /joengine/Compiler/LINUX/bin/../lib/gcc/sh-none-elf/8.2.0/libgcc.a(_addsub_sf.o)
                0x000000000601d8dc                __addsf3
                0x000000000601d928                __subsf3
 .text          0x000000000601d978      0x134 /joengine/Compiler/LINUX/bin/../lib/gcc/sh-none-elf/8.2.0/libgcc.a(_mul_sf.o)
                0x000000000601d978                __mulsf3
 .text          0x000000000601daac       0xdc /joengine/Compiler/LINUX/bin/../lib/gcc/sh-none-elf/8.2.0/libgcc.a(_div_sf.o)
                0x000000000601daac                __divsf3
 .text          0x000000000601db88       0x54 /joengine/Compiler/LINUX/bin/../lib/gcc/sh-none-elf/8.2.0/libgcc.a(_eq_sf.o)
                0x000000000601db88                __eqsf2
 .text          0x000000000601dbdc       0x54 /joengine/Compiler/LINUX/bin/../lib/gcc/sh-none-elf/8.2.0/libgcc.a(_ne_sf.o)
                0x000000000601dbdc                __nesf2
 .text          0x000000000601dc30       0x4c /joengine/Compiler/LINUX/bin/../lib/gcc/sh-none-elf/8.2.0/libgcc.a(_gt_sf.o)
                0x000000000601dc30                __gtsf2
 .text          0x000000000601dc7c       0x4c /joengine/Compiler/LINUX/bin/../lib/gcc/sh-none-elf/8.2.0/libgcc.a(_ge_sf.o)
                0x000000000601dc7c                __gesf2
 .text          0x000000000601dcc8       0x54 /joengine/Compiler/LINUX/bin/../lib/gcc/sh-none-elf/8.2.0/libgcc.a(_lt_sf.o)
                0x000000000601dcc8                __ltsf2
 .text          0x000000000601dd1c       0x54 /joengine/Compiler/LINUX/bin/../lib/gcc/sh-none-elf/8.2.0/libgcc.a(_le_sf.o)
                0x000000000601dd1c                __lesf2
 .text          0x000000000601dd70       0x84 /joengine/Compiler/LINUX/bin/../lib/gcc/sh-none-elf/8.2.0/libgcc.a(_si_to_sf.o)
                0x000000000601dd70                __floatsisf
 .text          0x000000000601ddf4       0x7c /joengine/Compiler/LINUX/bin/../lib/gcc/sh-none-elf/8.2.0/libgcc.a(_sf_to_si.o)
                0x000000000601ddf4                __fixsfsi
 .text          0x000000000601de70       0x3c /joengine/Compiler/LINUX/bin/../lib/gcc/sh-none-elf/8.2.0/libgcc.a(_sf_to_df.o)
                0x000000000601de70                __extendsfdf2
 .text          0x000000000601deac        0x0 /joengine/Compiler/LINUX/bin/../lib/gcc/sh-none-elf/8.2.0/libgcc.a(_thenan_sf.o)
 .text          0x000000000601deac       0x94 /joengine/Compiler/LINUX/bin/../lib/gcc/sh-none-elf/8.2.0/libgcc.a(_usi_to_sf.o)
                0x000000000601deac                __floatunsisf
 .text          0x000000000601df40       0x28 /joengine/Compiler/LINUX/bin/../lib/gcc/sh-none-elf/8.2.0/libgcc.a(_make_df.o)
                0x000000000601df40                __make_dp
 .text          0x000000000601df68       0x4c /joengine/Compiler/LINUX/bin/../lib/gcc/sh-none-elf/8.2.0/libgcc.a(_df_to_sf.o)
                0x000000000601df68                __truncdfsf2
 .text          0x000000000601dfb4      0x114 /joengine/Compiler/LINUX/bin/../lib/gcc/sh-none-elf/8.2.0/libgcc.a(_pack_sf.o)
                0x000000000601dfb4                __pack_f
 .text          0x000000000601e0c8       0xa0 /joengine/Compiler/LINUX/bin/../lib/gcc/sh-none-elf/8.2.0/libgcc.a(_unpack_sf.o)
                0x000000000601e0c8                __unpack_f
 .text          0x000000000601e168       0xa8 /joengine/Compiler/LINUX/bin/../lib/gcc/sh-none-elf/8.2.0/libgcc.a(_fpcmp_parts_sf.o)
                0x000000000601e168                __fpcmp_parts_f
 .text          0x000000000601e210       0x20 /joengine/Compiler/LINUX/bin/../lib/gcc/sh-none-elf/8.2.0/libgcc.a(_make_sf.o)
                0x000000000601e210                __make_fp
 .text          0x000000000601e230        0x0 /joengine/Compiler/LINUX/bin/../lib/gcc/sh-none-elf/8.2.0/../../../../sh-none-elf/lib/libc.a(lib_a-impure.o)
 .text          0x000000000601e230       0x1e /joengine/Compiler/LINUX/bin/../lib/gcc/sh-none-elf/8.2.0/../../../../sh-none-elf/lib/libc.a(lib_a-memcmp.o)
                0x000000000601e230                memcmp
 *fill*         0x000000000601e24e        0x2 
 .text          0x000000000601e250       0x94 /joengine/Compiler/LINUX/bin/../lib/gcc/sh-none-elf/8.2.0/../../../../sh-none-elf/lib/libc.a(lib_a-memcpy.o)
                0x000000000601e250                memcpy
 .text          0x000000000601e2e4       0x40 /joengine/Compiler/LINUX/bin/../lib/gcc/sh-none-elf/8.2.0/../../../../sh-none-elf/lib/libc.a(lib_a-memset.o)
                0x000000000601e2e4                memset
 .text          0x000000000601e324       0x58 /joengine/Compiler/LINUX/bin/../lib/gcc/sh-none-elf/8.2.0/../../../../sh-none-elf/lib/libc.a(lib_a-rand.o)
                0x000000000601e324                srand
                0x000000000601e338                rand
 .text          0x000000000601e37c       0x60 /joengine/Compiler/LINUX/bin/../lib/gcc/sh-none-elf/8.2.0/../../../../sh-none-elf/lib/libc.a(lib_a-rget.o)
                0x000000000601e37c                __srget_r
                0x000000000601e3c8                __srget
 .text          0x000000000601e3dc       0x8c /joengine/Compiler/LINUX/bin/../lib/gcc/sh-none-elf/8.2.0/../../../../sh-none-elf/lib/libc.a(lib_a-sprintf.o)
                0x000000000601e3dc                _sprintf_r
                0x000000000601e41c                sprintf
 .text          0x000000000601e468       0x22 /joengine/Compiler/LINUX/bin/../lib/gcc/sh-none-elf/8.2.0/../../../../sh-none-elf/lib/libc.a(lib_a-strcat.o)
                0x000000000601e468                strcat
 *fill*         0x000000000601e48a        0x2 
 .text          0x000000000601e48c       0x38 /joengine/Compiler/LINUX/bin/../lib/gcc/sh-none-elf/8.2.0/../../../../sh-none-elf/lib/libc.a(lib_a-strcmp.o)
                0x000000000601e48c                strcmp
 .text          0x000000000601e4c4       0x3c /joengine/Compiler/LINUX/bin/../lib/gcc/sh-none-elf/8.2.0/../../../../sh-none-elf/lib/libc.a(lib_a-strcpy.o)
                0x000000000601e4c4                strcpy
 .text          0x000000000601e500       0x20 /joengine/Compiler/LINUX/bin/../lib/gcc/sh-none-elf/8.2.0/../../../../sh-none-elf/lib/libc.a(lib_a-strlen.o)
                0x000000000601e500                strlen
 .text          0x000000000601e520       0x2a /joengine/Compiler/LINUX/bin/../lib/gcc/sh-none-elf/8.2.0/../../../../sh-none-elf/lib/libc.a(lib_a-strncmp.o)
                0x000000000601e520                strncmp
 .text          0x000000000601e54a       0x32 /joengine/Compiler/LINUX/bin/../lib/gcc/sh-none-elf/8.2.0/../../../../sh-none-elf/lib/libc.a(lib_a-strncpy.o)
                0x000000000601e54a                strncpy
 .text          0x000000000601e57c       0x36 /joengine/Compiler/LINUX/bin/../lib/gcc/sh-none-elf/8.2.0/../../../../sh-none-elf/lib/libc.a(lib_a-strstr.o)
                0x000000000601e57c                strstr
 *fill*         0x000000000601e5b2        0x2 
 .text          0x000000000601e5b4     0x1378 /joengine/Compiler/LINUX/bin/../lib/gcc/sh-none-elf/8.2.0/../../../../sh-none-elf/lib/libc.a(lib_a-svfprintf.o)
                0x000000000601e5b4                _svfprintf_r
 .text          0x000000000601f92c       0xdc /joengine/Compiler/LINUX/bin/../lib/gcc/sh-none-elf/8.2.0/../../../../sh-none-elf/lib/libc.a(lib_a-wbuf.o)
                0x000000000601f92c                __swbuf_r
                0x000000000601f9f4                __swbuf
 .text          0x000000000601fa08       0xcc /joengine/Compiler/LINUX/bin/../lib/gcc/sh-none-elf/8.2.0/../../../../sh-none-elf/lib/libc.a(lib_a-wsetup.o)
                0x000000000601fa08                __swsetup_r
 .text          0x000000000601fad4      0xef4 /joengine/Compiler/LINUX/bin/../lib/gcc/sh-none-elf/8.2.0/../../../../sh-none-elf/lib/libc.a(lib_a-dtoa.o)
                0x000000000601fc08                _dtoa_r
 .text          0x00000000060209c8      0x1a8 /joengine/Compiler/LINUX/bin/../lib/gcc/sh-none-elf/8.2.0/../../../../sh-none-elf/lib/libc.a(lib_a-fflush.o)
                0x00000000060209c8                __sflush_r
                0x0000000006020b08                _fflush_r
                0x0000000006020b48                fflush
 .text          0x0000000006020b70      0x218 /joengine/Compiler/LINUX/bin/../lib/gcc/sh-none-elf/8.2.0/../../../../sh-none-elf/lib/libc.a(lib_a-findfp.o)
                0x0000000006020bcc                _cleanup_r
                0x0000000006020be0                __sfmoreglue
                0x0000000006020c2c                _cleanup
                0x0000000006020c40                __sinit
                0x0000000006020c94                __sfp
                0x0000000006020d48                __sfp_lock_acquire
                0x0000000006020d4c                __sfp_lock_release
                0x0000000006020d50                __sinit_lock_acquire
                0x0000000006020d54                __sinit_lock_release
                0x0000000006020d58                __fp_lock_all
                0x0000000006020d70                __fp_unlock_all
 .text          0x0000000006020d88       0xb4 /joengine/Compiler/LINUX/bin/../lib/gcc/sh-none-elf/8.2.0/../../../../sh-none-elf/lib/libc.a(lib_a-fwalk.o)
                0x0000000006020d88                _fwalk
                0x0000000006020dde                _fwalk_reent
 .text          0x0000000006020e3c       0x40 /joengine/Compiler/LINUX/bin/../lib/gcc/sh-none-elf/8.2.0/../../../../sh-none-elf/lib/libc.a(lib_a-localeconv.o)
                0x0000000006020e3c                __localeconv_l
                0x0000000006020e44                _localeconv_r
                0x0000000006020e60                localeconv
 .text          0x0000000006020e7c       0xa8 /joengine/Compiler/LINUX/bin/../lib/gcc/sh-none-elf/8.2.0/../../../../sh-none-elf/lib/libc.a(lib_a-locale.o)
                0x0000000006020e7c                _setlocale_r
                0x0000000006020ec8                __locale_mb_cur_max
                0x0000000006020ee8                __locale_ctype_ptr_l
                0x0000000006020ef2                __locale_ctype_ptr
                0x0000000006020f10                setlocale
 .text          0x0000000006020f24      0x110 /joengine/Compiler/LINUX/bin/../lib/gcc/sh-none-elf/8.2.0/../../../../sh-none-elf/lib/libc.a(lib_a-makebuf.o)
                0x0000000006020f24                __swhatbuf_r
                0x0000000006020f88                __smakebuf_r
 .text          0x0000000006021034       0x4c /joengine/Compiler/LINUX/bin/../lib/gcc/sh-none-elf/8.2.0/../../../../sh-none-elf/lib/libc.a(lib_a-mbtowc_r.o)
                0x0000000006021034                _mbtowc_r
                0x0000000006021058                __ascii_mbtowc
 .text          0x0000000006021080       0x1c /joengine/Compiler/LINUX/bin/../lib/gcc/sh-none-elf/8.2.0/../../../../sh-none-elf/lib/libc.a(lib_a-memchr.o)
                0x0000000006021080                memchr
 .text          0x000000000602109c      0xa9c /joengine/Compiler/LINUX/bin/../lib/gcc/sh-none-elf/8.2.0/../../../../sh-none-elf/lib/libc.a(lib_a-mprec.o)
                0x000000000602109c                _Balloc
                0x0000000006021110                _Bfree
                0x0000000006021128                __multadd
                0x00000000060211d0                __s2b
                0x0000000006021290                __hi0bits
                0x00000000060212e4                __lo0bits
                0x0000000006021348                __i2b
                0x0000000006021364                __multiply
                0x00000000060214a8                __pow5mult
                0x0000000006021564                __lshift
                0x0000000006021658                __mcmp
                0x0000000006021690                __mdiff
                0x000000000602176c                __ulp
                0x00000000060217d8                __b2d
                0x00000000060218c0                __d2b
                0x00000000060219ac                __ratio
                0x0000000006021a30                _mprec_log10
                0x0000000006021a88                __copybits
                0x0000000006021acc                __any_on
 .text          0x0000000006021b38      0x14c /joengine/Compiler/LINUX/bin/../lib/gcc/sh-none-elf/8.2.0/../../../../sh-none-elf/lib/libc.a(lib_a-refill.o)
                0x0000000006021b50                __srefill_r
 .text          0x0000000006021c84       0xe0 /joengine/Compiler/LINUX/bin/../lib/gcc/sh-none-elf/8.2.0/../../../../sh-none-elf/lib/libc.a(lib_a-stdio.o)
                0x0000000006021c84                __sread
                0x0000000006021cc0                __seofread
                0x0000000006021cc4                __swrite
                0x0000000006021d14                __sseek
                0x0000000006021d54                __sclose
 .text          0x0000000006021d64      0xa60 /joengine/Compiler/LINUX/bin/../lib/gcc/sh-none-elf/8.2.0/../../../../sh-none-elf/lib/libc.a(lib_a-svfiprintf.o)
                0x0000000006021d64                __ssprint_r
                0x0000000006021e98                _svfiprintf_r
 .text          0x00000000060227c4       0x40 /joengine/Compiler/LINUX/bin/../lib/gcc/sh-none-elf/8.2.0/../../../../sh-none-elf/lib/libc.a(lib_a-wctomb_r.o)
                0x00000000060227c4                _wctomb_r
                0x00000000060227e4                __ascii_wctomb
 .text          0x0000000006022804       0x34 /joengine/Compiler/LINUX/bin/../lib/gcc/sh-none-elf/8.2.0/../../../../sh-none-elf/lib/libc.a(lib_a-writer.o)
                0x0000000006022804                _write_r
 .text          0x0000000006022838       0x30 /joengine/Compiler/LINUX/bin/../lib/gcc/sh-none-elf/8.2.0/../../../../sh-none-elf/lib/libc.a(lib_a-closer.o)
                0x0000000006022838                _close_r
 .text          0x0000000006022868        0x0 /joengine/Compiler/LINUX/bin/../lib/gcc/sh-none-elf/8.2.0/../../../../sh-none-elf/lib/libc.a(lib_a-ctype_.o)
 .text          0x0000000006022868       0xc8 /joengine/Compiler/LINUX/bin/../lib/gcc/sh-none-elf/8.2.0/../../../../sh-none-elf/lib/libc.a(lib_a-fclose.o)
                0x0000000006022868                _fclose_r
                0x000000000602291c                fclose
 .text          0x0000000006022930       0x34 /joengine/Compiler/LINUX/bin/../lib/gcc/sh-none-elf/8.2.0/../../../../sh-none-elf/lib/libc.a(lib_a-fstatr.o)
                0x0000000006022930                _fstat_r
 .text          0x0000000006022964       0x30 /joengine/Compiler/LINUX/bin/../lib/gcc/sh-none-elf/8.2.0/../../../../sh-none-elf/lib/libc.a(lib_a-isattyr.o)
                0x0000000006022964                _isatty_r
 .text          0x0000000006022994       0x34 /joengine/Compiler/LINUX/bin/../lib/gcc/sh-none-elf/8.2.0/../../../../sh-none-elf/lib/libc.a(lib_a-lseekr.o)
                0x0000000006022994                _lseek_r
 .text          0x00000000060229c8       0x3c /joengine/Compiler/LINUX/bin/../lib/gcc/sh-none-elf/8.2.0/../../../../sh-none-elf/lib/libc.a(lib_a-memmove.o)
                0x00000000060229c8                memmove
 .text          0x0000000006022a04       0x34 /joengine/Compiler/LINUX/bin/../lib/gcc/sh-none-elf/8.2.0/../../../../sh-none-elf/lib/libc.a(lib_a-readr.o)
                0x0000000006022a04                _read_r
 .text          0x0000000006022a38      0x100 /joengine/Compiler/LINUX/bin/../lib/gcc/sh-none-elf/8.2.0/../../../../sh-none-elf/lib/libc.a(lib_a-reent.o)
                0x0000000006022a38                cleanup_glue
                0x0000000006022a64                _reclaim_reent
 .text          0x0000000006022b38       0x80 /joengine/Compiler/LINUX/bin/../lib/gcc/sh-none-elf/8.2.0/libgcc.a(_ashiftrt_n.o)
                0x0000000006022b38                __ashrsi3
 .text          0x0000000006022bb8       0xbc /joengine/Compiler/LINUX/bin/../lib/gcc/sh-none-elf/8.2.0/libgcc.a(_ashiftlt.o)
                0x0000000006022bb8                __ashlsi3
                0x0000000006022bbc                __ashlsi3_r0
 .text          0x0000000006022c74       0xbc /joengine/Compiler/LINUX/bin/../lib/gcc/sh-none-elf/8.2.0/libgcc.a(_lshiftrt.o)
                0x0000000006022c74                __lshrsi3
                0x0000000006022c78                __lshrsi3_r0
 .text          0x0000000006022d30      0x258 /joengine/Compiler/LINUX/bin/../lib/gcc/sh-none-elf/8.2.0/libgcc.a(_udivdi3.o)
                0x0000000006022d30                __udivdi3
 .text          0x0000000006022f88      0x2bc /joengine/Compiler/LINUX/bin/../lib/gcc/sh-none-elf/8.2.0/libgcc.a(_umoddi3.o)
                0x0000000006022f88                __umoddi3
 .text          0x0000000006023244      0x3b4 /joengine/Compiler/LINUX/bin/../lib/gcc/sh-none-elf/8.2.0/libgcc.a(_addsub_df.o)
                0x0000000006023554                __adddf3
                0x00000000060235a4                __subdf3
 .text          0x00000000060235f8      0x208 /joengine/Compiler/LINUX/bin/../lib/gcc/sh-none-elf/8.2.0/libgcc.a(_mul_df.o)
                0x00000000060235f8                __muldf3
 .text          0x0000000006023800      0x130 /joengine/Compiler/LINUX/bin/../lib/gcc/sh-none-elf/8.2.0/libgcc.a(_div_df.o)
                0x0000000006023800                __divdf3
 .text          0x0000000006023930       0x58 /joengine/Compiler/LINUX/bin/../lib/gcc/sh-none-elf/8.2.0/libgcc.a(_eq_df.o)
                0x0000000006023930                __eqdf2
 .text          0x0000000006023988       0x58 /joengine/Compiler/LINUX/bin/../lib/gcc/sh-none-elf/8.2.0/libgcc.a(_ne_df.o)
                0x0000000006023988                __nedf2
 .text          0x00000000060239e0       0x50 /joengine/Compiler/LINUX/bin/../lib/gcc/sh-none-elf/8.2.0/libgcc.a(_gt_df.o)
                0x00000000060239e0                __gtdf2
 .text          0x0000000006023a30       0x50 /joengine/Compiler/LINUX/bin/../lib/gcc/sh-none-elf/8.2.0/libgcc.a(_ge_df.o)
                0x0000000006023a30                __gedf2
 .text          0x0000000006023a80       0x58 /joengine/Compiler/LINUX/bin/../lib/gcc/sh-none-elf/8.2.0/libgcc.a(_lt_df.o)
                0x0000000006023a80                __ltdf2
 .text          0x0000000006023ad8       0x58 /joengine/Compiler/LINUX/bin/../lib/gcc/sh-none-elf/8.2.0/libgcc.a(_le_df.o)
                0x0000000006023ad8                __ledf2
 .text          0x0000000006023b30       0x40 /joengine/Compiler/LINUX/bin/../lib/gcc/sh-none-elf/8.2.0/libgcc.a(_unord_df.o)
                0x0000000006023b30                __unorddf2
 .text          0x0000000006023b70       0xa8 /joengine/Compiler/LINUX/bin/../lib/gcc/sh-none-elf/8.2.0/libgcc.a(_si_to_df.o)
                0x0000000006023b70                __floatsidf
 .text          0x0000000006023c18       0xa4 /joengine/Compiler/LINUX/bin/../lib/gcc/sh-none-elf/8.2.0/libgcc.a(_df_to_si.o)
                0x0000000006023c18                __fixdfsi
 .text          0x0000000006023cbc        0x0 /joengine/Compiler/LINUX/bin/../lib/gcc/sh-none-elf/8.2.0/libgcc.a(_thenan_df.o)
 .text          0x0000000006023cbc       0x88 /joengine/Compiler/LINUX/bin/../lib/gcc/sh-none-elf/8.2.0/libgcc.a(_usi_to_df.o)
                0x0000000006023cbc                __floatunsidf
 *fill*         0x0000000006023d44        0x4 
 .text          0x0000000006023d48       0x60 /joengine/Compiler/LINUX/bin/../lib/gcc/sh-none-elf/8.2.0/libgcc.a(_udiv_qrnnd_16.o)
                0x0000000006023d48                __udiv_qrnnd_16
 .text          0x0000000006023da8        0x0 /joengine/Compiler/LINUX/bin/../lib/gcc/sh-none-elf/8.2.0/libgcc.a(_clz.o)
 .text          0x0000000006023da8       0x58 /joengine/Compiler/LINUX/bin/../lib/gcc/sh-none-elf/8.2.0/libgcc.a(_clzsi2.o)
                0x0000000006023da8                __clzsi2
 .text          0x0000000006023e00      0x25c /joengine/Compiler/LINUX/bin/../lib/gcc/sh-none-elf/8.2.0/libgcc.a(_pack_df.o)
                0x0000000006023e00                __pack_d
 .text          0x000000000602405c       0xcc /joengine/Compiler/LINUX/bin/../lib/gcc/sh-none-elf/8.2.0/libgcc.a(_unpack_df.o)
                0x000000000602405c                __unpack_d
 .text          0x0000000006024128       0xc8 /joengine/Compiler/LINUX/bin/../lib/gcc/sh-none-elf/8.2.0/libgcc.a(_fpcmp_parts_df.o)
                0x0000000006024128                __fpcmp_parts_d
 *(.strings)
 *(SEGA_P)
 *(.eh_frame_hdr)
 *(.eh_frame)
 .eh_frame      0x00000000060241f0       0xa8 /joengine/Compiler/LINUX/bin/../lib/gcc/sh-none-elf/8.2.0/libgcc.a(_udivdi3.o)
 .eh_frame      0x0000000006024298       0xdc /joengine/Compiler/LINUX/bin/../lib/gcc/sh-none-elf/8.2.0/libgcc.a(_umoddi3.o)
                0x0000000006024374                __etext = .

.text.startup   0x0000000006024380      0xb80
 .text.startup  0x0000000006024380      0xb7c /tmp/cc81O9UG.ltrans0.ltrans.o
                0x0000000006024380                main

SLPROG          0x0000000006024f00    0x158a0
                0x0000000006024f00                __slprog_start = .
 *(SLPROG)
 SLPROG         0x0000000006024f00     0x6540 /joengine/Compiler/COMMON/SGL_302j/LIB_ELF/SGLAREA.O
                0x0000000006024f00                MasterStack
                0x0000000006024f04                SlaveStack
                0x0000000006024f08                MaxVertices
                0x0000000006024f0a                MaxPolygons
                0x0000000006024f0c                SortList
                0x0000000006024f10                SortListSize
                0x0000000006024f14                TransList
                0x0000000006024f18                Zbuffer
                0x0000000006024f1c                SpriteBuf
                0x0000000006024f20                SpriteBufSize
                0x0000000006024f24                Pbuffer
                0x0000000006024f28                CommandBuf
                0x0000000006024f2c                CLOfstBuf
                0x0000000006024f30                PCM_Work
                0x0000000006024f34                PCM_WkSize
                0x0000000006024f38                MaxEvents
                0x0000000006024f3a                EventSize
                0x0000000006024f3c                MaxWorks
                0x0000000006024f3e                WorkSize
                0x0000000006024f40                RemainEvent
                0x0000000006025040                RemainWork
                0x0000000006025440                EventBuf
                0x0000000006027440                WorkBuf
 SLPROG         0x000000000602b440     0x411e /joengine/Compiler/COMMON/SGL_302j/LIB_ELF/LIBSGL.A(sglA01.o)
                0x000000000602b440                slSin
                0x000000000602b464                slCos
                0x000000000602b488                GetSinCos
                0x000000000602b51c                sin_cos_index_tbl
                0x000000000602b55c                sin_tbl
 *fill*         0x000000000602f55e        0x2 
 SLPROG         0x000000000602f560       0x18 /joengine/Compiler/COMMON/SGL_302j/LIB_ELF/LIBSGL.A(sglA15.o)
                0x000000000602f560                slSlaveFunc
 *fill*         0x000000000602f578        0x8 
 SLPROG         0x000000000602f580       0xd0 /joengine/Compiler/COMMON/SGL_302j/LIB_ELF/LIBSGL.A(sglA16.o)
                0x000000000602f580                slLookAt
 SLPROG         0x000000000602f650       0x78 /joengine/Compiler/COMMON/SGL_302j/LIB_ELF/LIBSGL.A(sglA17.o)
                0x000000000602f650                slRotZ
                0x000000000602f65a                slRotZSC
 *fill*         0x000000000602f6c8        0x8 
 SLPROG         0x000000000602f6d0       0x78 /joengine/Compiler/COMMON/SGL_302j/LIB_ELF/LIBSGL.A(sglA18.o)
                0x000000000602f6d0                slRotY
                0x000000000602f6da                slRotYSC
 *fill*         0x000000000602f748        0x8 
 SLPROG         0x000000000602f750       0x78 /joengine/Compiler/COMMON/SGL_302j/LIB_ELF/LIBSGL.A(sglA19.o)
                0x000000000602f750                slRotX
                0x000000000602f75a                slRotXSC
 *fill*         0x000000000602f7c8        0x8 
 SLPROG         0x000000000602f7d0      0x42c /joengine/Compiler/COMMON/SGL_302j/LIB_ELF/LIBSGL.A(sglA20.o)
                0x000000000602f7d0                slInitMatrix
                0x000000000602f7da                slPushUnitMatrix
                0x000000000602f7ee                slUnitMatrix
 *fill*         0x000000000602fbfc        0x4 
 SLPROG         0x000000000602fc00       0x48 /joengine/Compiler/COMMON/SGL_302j/LIB_ELF/LIBSGL.A(sglA21.o)
                0x000000000602fc00                slPushMatrix
                0x000000000602fc34                slPopMatrix
                0x000000000602fc34                slDecMatrixPtr
 *fill*         0x000000000602fc48        0x8 
 SLPROG         0x000000000602fc50       0x50 /joengine/Compiler/COMMON/SGL_302j/LIB_ELF/LIBSGL.A(sglA27.o)
                0x000000000602fc50                slTranslate
 SLPROG         0x000000000602fca0       0x70 /joengine/Compiler/COMMON/SGL_302j/LIB_ELF/LIBSGL.A(sglA28.o)
                0x000000000602fca0                slScale
 SLPROG         0x000000000602fd10       0x22 /joengine/Compiler/COMMON/SGL_302j/LIB_ELF/LIBSGL.A(sglA40.o)
                0x000000000602fd10                slCalcVector
 *fill*         0x000000000602fd32        0xe 
 SLPROG         0x000000000602fd40       0x20 /joengine/Compiler/COMMON/SGL_302j/LIB_ELF/LIBSGL.A(sglB001.o)
                0x000000000602fd40                slTVOn
                0x000000000602fd4a                slTVOff
 SLPROG         0x000000000602fd60       0x24 /joengine/Compiler/COMMON/SGL_302j/LIB_ELF/LIBSGL.A(sglB011.o)
                0x000000000602fd60                slBitMapNbg1
 *fill*         0x000000000602fd84        0xc 
 SLPROG         0x000000000602fd90        0x8 /joengine/Compiler/COMMON/SGL_302j/LIB_ELF/LIBSGL.A(sglB014.o)
                0x000000000602fd90                slScrTransparent
 *fill*         0x000000000602fd98        0x8 
 SLPROG         0x000000000602fda0      0x40c /joengine/Compiler/COMMON/SGL_302j/LIB_ELF/LIBSGL.A(sglB015.o)
                0x000000000602fda0                slScrAutoDisp
 *fill*         0x00000000060301ac        0x4 
 SLPROG         0x00000000060301b0        0xc /joengine/Compiler/COMMON/SGL_302j/LIB_ELF/LIBSGL.A(sglB016.o)
                0x00000000060301b0                slBack1ColSet
 *fill*         0x00000000060301bc        0x4 
 SLPROG         0x00000000060301c0       0x10 /joengine/Compiler/COMMON/SGL_302j/LIB_ELF/LIBSGL.A(sglB020.o)
                0x00000000060301c0                slColorCalc
 SLPROG         0x00000000060301d0        0xc /joengine/Compiler/COMMON/SGL_302j/LIB_ELF/LIBSGL.A(sglB021.o)
                0x00000000060301d0                slColorCalcOn
 *fill*         0x00000000060301dc        0x4 
 SLPROG         0x00000000060301e0        0xc /joengine/Compiler/COMMON/SGL_302j/LIB_ELF/LIBSGL.A(sglB023.o)
                0x00000000060301e0                slColRate
 *fill*         0x00000000060301ec        0x4 
 SLPROG         0x00000000060301f0       0xb0 /joengine/Compiler/COMMON/SGL_302j/LIB_ELF/LIBSGL.A(sglB031.o)
                0x00000000060301f0                slMapNbg0
 SLPROG         0x00000000060302a0       0xb4 /joengine/Compiler/COMMON/SGL_302j/LIB_ELF/LIBSGL.A(sglB032.o)
                0x00000000060302a0                slMapNbg1
 *fill*         0x0000000006030354        0xc 
 SLPROG         0x0000000006030360       0xb0 /joengine/Compiler/COMMON/SGL_302j/LIB_ELF/LIBSGL.A(sglB033.o)
                0x0000000006030360                slMapNbg2
 SLPROG         0x0000000006030410       0xb4 /joengine/Compiler/COMMON/SGL_302j/LIB_ELF/LIBSGL.A(sglB034.o)
                0x0000000006030410                slMapNbg3
 *fill*         0x00000000060304c4        0xc 
 SLPROG         0x00000000060304d0       0xd4 /joengine/Compiler/COMMON/SGL_302j/LIB_ELF/LIBSGL.A(sglB035.o)
                0x00000000060304d0                sl1MapRA
                0x0000000006030562                rbank_set
 *fill*         0x00000000060305a4        0xc 
 SLPROG         0x00000000060305b0       0xa0 /joengine/Compiler/COMMON/SGL_302j/LIB_ELF/LIBSGL.A(sglB036.o)
                0x00000000060305b0                sl1MapRB
 SLPROG         0x0000000006030650       0x70 /joengine/Compiler/COMMON/SGL_302j/LIB_ELF/LIBSGL.A(sglB038.o)
                0x0000000006030650                slRparaInitSet
 SLPROG         0x00000000060306c0       0x7e /joengine/Compiler/COMMON/SGL_302j/LIB_ELF/LIBSGL.A(sglB039.o)
                0x00000000060306c0                slMakeKtable
 *fill*         0x000000000603073e        0x2 
 SLPROG         0x0000000006030740       0x58 /joengine/Compiler/COMMON/SGL_302j/LIB_ELF/LIBSGL.A(sglB040.o)
                0x0000000006030740                slKtableRA
 *fill*         0x0000000006030798        0x8 
 SLPROG         0x00000000060307a0       0x5c /joengine/Compiler/COMMON/SGL_302j/LIB_ELF/LIBSGL.A(sglB041.o)
                0x00000000060307a0                slKtableRB
 *fill*         0x00000000060307fc        0x4 
 SLPROG         0x0000000006030800       0x10 /joengine/Compiler/COMMON/SGL_302j/LIB_ELF/LIBSGL.A(sglB042.o)
                0x0000000006030800                slCurRpara
 SLPROG         0x0000000006030810        0x8 /joengine/Compiler/COMMON/SGL_302j/LIB_ELF/LIBSGL.A(sglB043.o)
                0x0000000006030810                slRparaMode
 *fill*         0x0000000006030818        0x8 
 SLPROG         0x0000000006030820      0x4e4 /joengine/Compiler/COMMON/SGL_302j/LIB_ELF/LIBSGL.A(sglB044.o)
                0x0000000006030820                slScrMatSet
 *fill*         0x0000000006030d04        0xc 
 SLPROG         0x0000000006030d10       0x28 /joengine/Compiler/COMMON/SGL_302j/LIB_ELF/LIBSGL.A(sglB045.o)
                0x0000000006030d10                slScrMatConv
 *fill*         0x0000000006030d38        0x8 
 SLPROG         0x0000000006030d40        0xc /joengine/Compiler/COMMON/SGL_302j/LIB_ELF/LIBSGL.A(sglB047.o)
                0x0000000006030d40                slOverRA
 *fill*         0x0000000006030d4c        0x4 
 SLPROG         0x0000000006030d50       0x10 /joengine/Compiler/COMMON/SGL_302j/LIB_ELF/LIBSGL.A(sglB048.o)
                0x0000000006030d50                slOverRB
 SLPROG         0x0000000006030d60        0xc /joengine/Compiler/COMMON/SGL_302j/LIB_ELF/LIBSGL.A(sglB055.o)
                0x0000000006030d60                slPlaneNbg0
 *fill*         0x0000000006030d6c        0x4 
 SLPROG         0x0000000006030d70        0xc /joengine/Compiler/COMMON/SGL_302j/LIB_ELF/LIBSGL.A(sglB056.o)
                0x0000000006030d70                slPlaneNbg1
 *fill*         0x0000000006030d7c        0x4 
 SLPROG         0x0000000006030d80       0x10 /joengine/Compiler/COMMON/SGL_302j/LIB_ELF/LIBSGL.A(sglB057.o)
                0x0000000006030d80                slPlaneNbg2
 SLPROG         0x0000000006030d90       0x10 /joengine/Compiler/COMMON/SGL_302j/LIB_ELF/LIBSGL.A(sglB058.o)
                0x0000000006030d90                slPlaneNbg3
 SLPROG         0x0000000006030da0        0xc /joengine/Compiler/COMMON/SGL_302j/LIB_ELF/LIBSGL.A(sglB059.o)
                0x0000000006030da0                slPlaneRA
 *fill*         0x0000000006030dac        0x4 
 SLPROG         0x0000000006030db0       0x10 /joengine/Compiler/COMMON/SGL_302j/LIB_ELF/LIBSGL.A(sglB060.o)
                0x0000000006030db0                slPlaneRB
 SLPROG         0x0000000006030dc0        0xc /joengine/Compiler/COMMON/SGL_302j/LIB_ELF/LIBSGL.A(sglB063.o)
                0x0000000006030dc0                slPriority
 *fill*         0x0000000006030dcc        0x4 
 SLPROG         0x0000000006030dd0       0x18 /joengine/Compiler/COMMON/SGL_302j/LIB_ELF/LIBSGL.A(sglB087.o)
                0x0000000006030dd0                slLineScrollTable0
 *fill*         0x0000000006030de8        0x8 
 SLPROG         0x0000000006030df0        0x8 /joengine/Compiler/COMMON/SGL_302j/LIB_ELF/LIBSGL.A(sglB088.o)
                0x0000000006030df0                slLineScrollTable1
 *fill*         0x0000000006030df8        0x8 
 SLPROG         0x0000000006030e00        0xc /joengine/Compiler/COMMON/SGL_302j/LIB_ELF/LIBSGL.A(sglB090.o)
                0x0000000006030e00                slLineScrollMode
 *fill*         0x0000000006030e0c        0x4 
 SLPROG         0x0000000006030e10      0x114 /joengine/Compiler/COMMON/SGL_302j/LIB_ELF/LIBSGL.A(sglB200.o)
                0x0000000006030e10                slCharRbg0
                0x0000000006030e1c                slCharNbg0
                0x0000000006030e28                slCharNbg1
                0x0000000006030e34                slCharNbg2
                0x0000000006030e4a                slCharNbg3
                0x0000000006030e62                slPageRbg0
                0x0000000006030e78                slPageNbg1
                0x0000000006030e80                slPageNbg2
                0x0000000006030e88                slPageNbg3
                0x0000000006030e94                slPageNbg0
 *fill*         0x0000000006030f24        0xc 
 SLPROG         0x0000000006030f30       0x6c /joengine/Compiler/COMMON/SGL_302j/LIB_ELF/LIBSGL.A(sglC01.o)
                0x0000000006030f30                slPerspective
 *fill*         0x0000000006030f9c        0x4 
 SLPROG         0x0000000006030fa0       0xc4 /joengine/Compiler/COMMON/SGL_302j/LIB_ELF/LIBSGL.A(sglC03.o)
                0x0000000006030fa0                slWindow
 *fill*         0x0000000006031064        0xc 
 SLPROG         0x0000000006031070       0x2c /joengine/Compiler/COMMON/SGL_302j/LIB_ELF/LIBSGL.A(sglC04.o)
                0x0000000006031070                slZdspLevel
 *fill*         0x000000000603109c        0x4 
 SLPROG         0x00000000060310a0       0x78 /joengine/Compiler/COMMON/SGL_302j/LIB_ELF/LIBSGL.A(sglC05.o)
                0x00000000060310a0                slSetSprite
 *fill*         0x0000000006031118        0x8 
 SLPROG         0x0000000006031120       0xfa /joengine/Compiler/COMMON/SGL_302j/LIB_ELF/LIBSGL.A(sglC06.o)
                0x0000000006031120                slDispSprite
 *fill*         0x000000000603121a        0x6 
 SLPROG         0x0000000006031220      0x162 /joengine/Compiler/COMMON/SGL_302j/LIB_ELF/LIBSGL.A(sglC07.o)
                0x0000000006031226                slPutSprite
 *fill*         0x0000000006031382        0xe 
 SLPROG         0x0000000006031390     0x1218 /joengine/Compiler/COMMON/SGL_302j/LIB_ELF/LIBSGL.A(sglC08.o)
                0x0000000006031390                slPutPolygon
                0x000000000603200c                MsCalcDepthFlat
 *fill*         0x00000000060325a8        0x8 
 SLPROG         0x00000000060325b0       0x8c /joengine/Compiler/COMMON/SGL_302j/LIB_ELF/LIBSGL.A(sglC14.o)
                0x00000000060325b0                slCurWindow
 *fill*         0x000000000603263c        0x4 
 SLPROG         0x0000000006032640       0x54 /joengine/Compiler/COMMON/SGL_302j/LIB_ELF/LIBSGL.A(sglC16.o)
                0x0000000006032640                slDynamicFrame
 *fill*         0x0000000006032694        0xc 
 SLPROG         0x00000000060326a0       0x4c /joengine/Compiler/COMMON/SGL_302j/LIB_ELF/LIBSGL.A(sglC17.o)
                0x00000000060326a0                slDispSpriteHV
 *fill*         0x00000000060326ec        0x4 
 SLPROG         0x00000000060326f0       0xd4 /joengine/Compiler/COMMON/SGL_302j/LIB_ELF/LIBSGL.A(sglC19.o)
                0x00000000060326f0                slDispSprite4P
 *fill*         0x00000000060327c4        0xc 
 SLPROG         0x00000000060327d0       0x40 /joengine/Compiler/COMMON/SGL_302j/LIB_ELF/LIBSGL.A(sglC20.o)
                0x00000000060327d0                SpriteEntry
 SLPROG         0x0000000006032810      0x4ae /joengine/Compiler/COMMON/SGL_302j/LIB_ELF/LIBSGL.A(sglC21.o)
                0x0000000006032898                RotSprite
                0x0000000006032926                SetSprPosition
 *fill*         0x0000000006032cbe        0x2 
 SLPROG         0x0000000006032cc0       0x84 /joengine/Compiler/COMMON/SGL_302j/LIB_ELF/LIBSGL.A(sglD00.o)
                0x0000000006032cc0                slDMACopy
                0x0000000006032cc0                slCpuDMACopy
                0x0000000006032d1a                slCashPurge
                0x0000000006032d1a                CSH_AllClr
 *fill*         0x0000000006032d44        0xc 
 SLPROG         0x0000000006032d50       0xa0 /joengine/Compiler/COMMON/SGL_302j/LIB_ELF/LIBSGL.A(sglD01.o)
                0x0000000006032d50                slDMAXCopy
 SLPROG         0x0000000006032df0       0x10 /joengine/Compiler/COMMON/SGL_302j/LIB_ELF/LIBSGL.A(sglD02.o)
                0x0000000006032df0                slDMAWait
 SLPROG         0x0000000006032e00        0xc /joengine/Compiler/COMMON/SGL_302j/LIB_ELF/LIBSGL.A(sglD03.o)
                0x0000000006032e00                slDMAStatus
 *fill*         0x0000000006032e0c        0x4 
 SLPROG         0x0000000006032e10       0x20 /joengine/Compiler/COMMON/SGL_302j/LIB_ELF/LIBSGL.A(sglD15.o)
                0x0000000006032e10                CSH_Purge
 SLPROG         0x0000000006032e30       0x84 /joengine/Compiler/COMMON/SGL_302j/LIB_ELF/LIBSGL.A(sglD16.o)
                0x0000000006032e30                DMA_ScuSetPrm
                0x0000000006032e78                DMA_SCU_PRM0
 *fill*         0x0000000006032eb4        0xc 
 SLPROG         0x0000000006032ec0       0x88 /joengine/Compiler/COMMON/SGL_302j/LIB_ELF/LIBSGL.A(sglD17.o)
                0x0000000006032ec0                DMA_ScuStart
 *fill*         0x0000000006032f48        0x8 
 SLPROG         0x0000000006032f50       0x34 /joengine/Compiler/COMMON/SGL_302j/LIB_ELF/LIBSGL.A(sglD18.o)
                0x0000000006032f50                DMA_ScuGetStatus
 *fill*         0x0000000006032f84        0xc 
 SLPROG         0x0000000006032f90       0x34 /joengine/Compiler/COMMON/SGL_302j/LIB_ELF/LIBSGL.A(sglF08.o)
                0x0000000006032f90                slDec2Hex
 *fill*         0x0000000006032fc4        0xc 
 SLPROG         0x0000000006032fd0      0xfc8 /joengine/Compiler/COMMON/SGL_302j/LIB_ELF/LIBSGL.A(sglH00.o)
                0x0000000006032fe8                slGetPortDir1
                0x0000000006032ff0                slGetPortDir2
                0x0000000006032ff8                slSetPortDir1
                0x0000000006033022                slSetPortDir2
                0x000000000603305c                slGetPortData1
                0x0000000006033064                slGetPortData2
                0x000000000603306c                slSetPortData1
                0x0000000006033076                slSetPortData2
                0x0000000006033088                slGetPortSelect1
                0x0000000006033092                slGetPortSelect2
                0x000000000603309c                slSetPortSelect1
                0x00000000060330d0                slSetPortSelect2
                0x000000000603310c                slGetPortExt1
                0x0000000006033116                slGetPortExt2
                0x0000000006033120                slSetPortExt1
                0x0000000006033150                slSetPortExt2
                0x00000000060332c4                slSmpcDirectAccess
                0x0000000006033344                slInitPeripheral
                0x00000000060333d6                slSetResultBuffer
                0x0000000006033462                slCheckIntBackSet
                0x000000000603346e                slIntBackCancel
                0x0000000006033498                slCheckReset
                0x00000000060334a2                slClearReset
                0x0000000006033668                slSmpcCashSend
                0x0000000006033724                slSmpcCashBlow
                0x0000000006033800                slGetOptimize
                0x000000000603380a                slSetOptimize
                0x0000000006033830                slGetPortMode1
                0x000000000603383c                slGetPortMode2
                0x000000000603384a                slSetPortMode1
                0x0000000006033888                slSetPortMode2
                0x0000000006033a14                slRequestCommand
                0x0000000006033a84                Smpc_Status
                0x0000000006033a88                Smpc_Result
                0x0000000006033a8c                Smpc_Peripheral
                0x0000000006033a92                Per_Connect1
                0x0000000006033a93                Per_Connect2
                0x0000000006033ab4                SmpcStatusBuf
 *fill*         0x0000000006033f98        0x8 
 SLPROG         0x0000000006033fa0       0xa8 /joengine/Compiler/COMMON/SGL_302j/LIB_ELF/LIBSGL.A(sglH01.o)
                0x0000000006033fa0                slGetLanguage
                0x0000000006033faa                slSetLanguage
                0x0000000006033fcc                slGetSoundEffect
                0x0000000006033fd8                slSetSoundEffect
                0x0000000006033ff4                slGetSoundOutput
                0x0000000006034000                slSetSoundOutput
                0x000000000603401c                slGetHelpWindow
                0x0000000006034028                slSetHelpWindow
 *fill*         0x0000000006034048        0x8 
 SLPROG         0x0000000006034050      0x470 /joengine/Compiler/COMMON/SGL_302j/LIB_ELF/LIBSGL.A(sglH02.o)
                0x0000000006034440                smpc_pfr_tbl
                0x0000000006034480                smpc_ptf_tbl
 SLPROG         0x00000000060344c0       0x60 /joengine/Compiler/COMMON/SGL_302j/LIB_ELF/LIBSGL.A(sglH04.o)
                0x00000000060344c0                slComPrmIntBack
                0x00000000060344d4                slComPrmSetMemory
                0x00000000060344ea                slComPrmSetTime
 SLPROG         0x0000000006034520      0x3a4 /joengine/Compiler/COMMON/SGL_302j/LIB_ELF/LIBSGL.A(sglI01.o)
                0x0000000006034520                slInitSynch
                0x000000000603453a                slSynch
                0x0000000006034630                slRandom
                0x000000000603464e                PCM_EndCheck
                0x000000000603470a                RetPCMBuf
                0x00000000060347a4                PCM_Buf
                0x0000000006034844                Sound_Buf
 *fill*         0x00000000060348c4        0xc 
 SLPROG         0x00000000060348d0       0x10 /joengine/Compiler/COMMON/SGL_302j/LIB_ELF/LIBSGL.A(sglI04.o)
                0x00000000060348d0                slIntFunction
 SLPROG         0x00000000060348e0       0x74 /joengine/Compiler/COMMON/SGL_302j/LIB_ELF/LIBSGL.A(sglJ00.o)
                0x00000000060348e0                InitSlaveSH
                0x0000000006034948                SlaveCommand
 *fill*         0x0000000006034954        0xc 
 SLPROG         0x0000000006034960      0x3d0 /joengine/Compiler/COMMON/SGL_302j/LIB_ELF/LIBSGL.A(sglJ01.o)
                0x0000000006034960                SlaveControl
                0x0000000006034d1c                ErasePolygonData
 SLPROG         0x0000000006034d30     0x12b8 /joengine/Compiler/COMMON/SGL_302j/LIB_ELF/LIBSGL.A(sglJ02.o)
                0x0000000006034d30                sbMakePolygon
                0x0000000006034f18                sbCalcPolygon
                0x0000000006035c50                SetTexture
                0x0000000006035c5c                SetPolygon
                0x0000000006035c64                SetPosition
                0x0000000006035c9c                stvtc_4
                0x0000000006035d54                stvtc_3
                0x0000000006035f64                stvtc_1
                0x0000000006035f78                stvtc_2
                0x0000000006035f8c                stvtc_0
 *fill*         0x0000000006035fe8        0x8 
 SLPROG         0x0000000006035ff0      0x140 /joengine/Compiler/COMMON/SGL_302j/LIB_ELF/LIBSGL.A(sglJ03.o)
                0x0000000006035ff0                sbMakeDMATable
 SLPROG         0x0000000006036130      0x470 /joengine/Compiler/COMMON/SGL_302j/LIB_ELF/LIBSGL.A(sglJ04.o)
                0x000000000603618e                sbMakeSprite
                0x00000000060361f4                sbMakeRotSprite
 SLPROG         0x00000000060365a0       0x3c /joengine/Compiler/COMMON/SGL_302j/LIB_ELF/LIBSGL.A(sglJ05.o)
                0x00000000060365a0                sbSortEntry
 *fill*         0x00000000060365dc        0x4 
 SLPROG         0x00000000060365e0      0x4b8 /joengine/Compiler/COMMON/SGL_302j/LIB_ELF/LIBSGL.A(sglM00.o)
                0x00000000060365e0                slInitGouraud
                0x00000000060366d4                slPutPolygonX
                0x000000000603671a                slGouraudTblCopy
                0x0000000006036772                slSetGouraudTbl
                0x0000000006036778                slSetGouraudColor
                0x00000000060367f0                slSetAmbient
                0x0000000006036814                slSetFlatColor
 *fill*         0x0000000006036a98        0x8 
 SLPROG         0x0000000006036aa0       0x6a /joengine/Compiler/COMMON/SGL_302j/LIB_ELF/LIBSGL.A(sglM01.o)
                0x0000000006036aa0                slSetDepthLimit
                0x0000000006036acc                slSetDepthTbl
                0x0000000006036afc                DepthWorkArea
 *fill*         0x0000000006036b0a        0x6 
 SLPROG         0x0000000006036b10       0x20 /joengine/Compiler/COMMON/SGL_302j/LIB_ELF/LIBSGL.A(sglA00.o)
                0x0000000006036b10                set_imask
                0x0000000006036b10                _builtin_set_imask
                0x0000000006036b24                get_imask
                0x0000000006036b24                _builtin_get_imask
 SLPROG         0x0000000006036b30     0x215c /joengine/Compiler/COMMON/SGL_302j/LIB_ELF/LIBSGL.A(sglA03.o)
                0x0000000006036b30                slTan
 *fill*         0x0000000006038c8c        0x4 
 SLPROG         0x0000000006038c90       0x34 /joengine/Compiler/COMMON/SGL_302j/LIB_ELF/LIBSGL.A(sglA10.o)
                0x0000000006038c90                slSquartDbl
 *fill*         0x0000000006038cc4        0xc 
 SLPROG         0x0000000006038cd0      0x3c2 /joengine/Compiler/COMMON/SGL_302j/LIB_ELF/LIBSGL.A(sglA24.o)
                0x0000000006038cd0                slInversMatrix
 *fill*         0x0000000006039092        0xe 
 SLPROG         0x00000000060390a0       0x24 /joengine/Compiler/COMMON/SGL_302j/LIB_ELF/LIBSGL.A(sglA25.o)
                0x00000000060390a0                slTransposeMatrix
 *fill*         0x00000000060390c4        0xc 
 SLPROG         0x00000000060390d0      0xbd0 /joengine/Compiler/COMMON/SGL_302j/LIB_ELF/LIBSGL.A(sglB000.o)
                0x00000000060390d0                slInitScroll
                0x00000000060391f0                setASC_1to8
                0x0000000006039220                setASC_4to8
                0x0000000006039330                TVSizeTbl