Archive member included to satisfy reference by file (symbol)

/joe/Compiler/COMMON/SGL_302j/LIB_ELF/SEGA_SYS.A(sys_exit.o)
                              jo_engine/core.o (symbol from plugin) (SYS_Exit)
/joe/Compiler/COMMON/SGL_302j/LIB_ELF/SEGA_SYS.A(sys_sub.o)
                              /joe/Compiler/COMMON/SGL_302j/LIB_ELF/SEGA_SYS.A(sys_exit.o) (SYSUB_SetStackptr)
/joe/Compiler/COMMON/SGL_302j/LIB_ELF/LIBCD.A(CDC_CMN.O)
                              /joe/Compiler/COMMON/SGL_302j/LIB_ELF/SEGA_SYS.A(sys_exit.o) (CDC_GetCurStat)
/joe/Compiler/COMMON/SGL_302j/LIB_ELF/LIBCD.A(CDC_DRV.O)
                              pcmsys.o (symbol from plugin) (CDC_CdPlay)
/joe/Compiler/COMMON/SGL_302j/LIB_ELF/LIBCD.A(CDC_CFS.O)
                              /joe/Compiler/COMMON/SGL_302j/LIB_ELF/SEGA_SYS.A(sys_exit.o) (CDC_ChgDir)
/joe/Compiler/COMMON/SGL_302j/LIB_ELF/LIBCD.A(CDC_REG.O)
                              /joe/Compiler/COMMON/SGL_302j/LIB_ELF/SEGA_SYS.A(sys_exit.o) (CDC_GetHirqReq)
/joe/Compiler/COMMON/SGL_302j/LIB_ELF/LIBCD.A(CDC_SUB.O)
                              /joe/Compiler/COMMON/SGL_302j/LIB_ELF/LIBCD.A(CDC_CMN.O) (CDSUB_UpdStatus)
/joe/Compiler/COMMON/SGL_302j/LIB_ELF/LIBCD.A(GFS.O)
                              pcmsys.o (symbol from plugin) (GFS_Init)
/joe/Compiler/COMMON/SGL_302j/LIB_ELF/LIBCD.A(GFS_BUF.O)
                              /joe/Compiler/COMMON/SGL_302j/LIB_ELF/LIBCD.A(GFS.O) (GFBF_GetNumData)
/joe/Compiler/COMMON/SGL_302j/LIB_ELF/LIBCD.A(GFS_CDB.O)
                              /joe/Compiler/COMMON/SGL_302j/LIB_ELF/LIBCD.A(GFS.O) (GFCB_Close)
/joe/Compiler/COMMON/SGL_302j/LIB_ELF/LIBCD.A(GFS_CDC.O)
                              /joe/Compiler/COMMON/SGL_302j/LIB_ELF/LIBCD.A(GFS.O) (GFCD_SetCdbfs)
/joe/Compiler/COMMON/SGL_302j/LIB_ELF/LIBCD.A(GFS_CDF.O)
                              /joe/Compiler/COMMON/SGL_302j/LIB_ELF/LIBCD.A(GFS.O) (GFCF_Init)
/joe/Compiler/COMMON/SGL_302j/LIB_ELF/LIBCD.A(GFS_DIR.O)
                              /joe/Compiler/COMMON/SGL_302j/LIB_ELF/LIBCD.A(GFS.O) (GFDR_SetupDirTbl)
/joe/Compiler/COMMON/SGL_302j/LIB_ELF/LIBCD.A(GFS_TRN.O)
                              /joe/Compiler/COMMON/SGL_302j/LIB_ELF/LIBCD.A(GFS.O) (GFTR_Setup)
/joe/Compiler/COMMON/SGL_302j/LIB_ELF/LIBCD.A(CDC_DEV.O)
                              /joe/Compiler/COMMON/SGL_302j/LIB_ELF/LIBCD.A(GFS_CDC.O) (CDC_CdSetCon)
/joe/Compiler/COMMON/SGL_302j/LIB_ELF/LIBCD.A(CDC_SEL.O)
                              /joe/Compiler/COMMON/SGL_302j/LIB_ELF/LIBCD.A(GFS_CDC.O) (CDC_SetFiltRange)
/joe/Compiler/COMMON/SGL_302j/LIB_ELF/LIBCD.A(CDC_BIF.O)
                              /joe/Compiler/COMMON/SGL_302j/LIB_ELF/LIBCD.A(GFS_CDC.O) (CDC_GetBufSiz)
/joe/Compiler/COMMON/SGL_302j/LIB_ELF/LIBCD.A(CDC_BIO.O)
                              /joe/Compiler/COMMON/SGL_302j/LIB_ELF/LIBCD.A(GFS_CDC.O) (CDC_SetSctLen)
/joe/Compiler/COMMON/SGL_302j/LIB_ELF/LIBSGL.A(sglA01.o)
                              jo_engine/math.o (symbol from plugin) (slSin)
/joe/Compiler/COMMON/SGL_302j/LIB_ELF/LIBSGL.A(sglA15.o)
                              jo_engine/slave.o (symbol from plugin) (slSlaveFunc)
/joe/Compiler/COMMON/SGL_302j/LIB_ELF/LIBSGL.A(sglA16.o)
                              main.o (symbol from plugin) (slLookAt)
/joe/Compiler/COMMON/SGL_302j/LIB_ELF/LIBSGL.A(sglA17.o)
                              /joe/Compiler/COMMON/SGL_302j/LIB_ELF/LIBSGL.A(sglA16.o) (slRotZ)
/joe/Compiler/COMMON/SGL_302j/LIB_ELF/LIBSGL.A(sglA18.o)
                              main.o (symbol from plugin) (slRotY)
/joe/Compiler/COMMON/SGL_302j/LIB_ELF/LIBSGL.A(sglA19.o)
                              main.o (symbol from plugin) (slRotX)
/joe/Compiler/COMMON/SGL_302j/LIB_ELF/LIBSGL.A(sglA20.o)
                              main.o (symbol from plugin) (slUnitMatrix)
/joe/Compiler/COMMON/SGL_302j/LIB_ELF/LIBSGL.A(sglA21.o)
                              main.o (symbol from plugin) (slPushMatrix)
/joe/Compiler/COMMON/SGL_302j/LIB_ELF/LIBSGL.A(sglA27.o)
                              /joe/Compiler/COMMON/SGL_302j/LIB_ELF/LIBSGL.A(sglA16.o) (slTranslate)
/joe/Compiler/COMMON/SGL_302j/LIB_ELF/LIBSGL.A(sglA28.o)
                              main.o (symbol from plugin) (slScale)
/joe/Compiler/COMMON/SGL_302j/LIB_ELF/LIBSGL.A(sglA40.o)
                              main.o (symbol from plugin) (slCalcVector)
/joe/Compiler/COMMON/SGL_302j/LIB_ELF/LIBSGL.A(sglB001.o)
                              main.o (symbol from plugin) (slTVOn)
/joe/Compiler/COMMON/SGL_302j/LIB_ELF/LIBSGL.A(sglB011.o)
                              jo_engine/vdp2.o (symbol from plugin) (slBitMapNbg1)
/joe/Compiler/COMMON/SGL_302j/LIB_ELF/LIBSGL.A(sglB014.o)
                              jo_engine/vdp2.o (symbol from plugin) (slScrTransparent)
/joe/Compiler/COMMON/SGL_302j/LIB_ELF/LIBSGL.A(sglB015.o)
                              jo_engine/vdp2.o (symbol from plugin) (slScrAutoDisp)
/joe/Compiler/COMMON/SGL_302j/LIB_ELF/LIBSGL.A(sglB016.o)
[...]
Memory Configuration

Name             Origin             Length             Attributes
*default*        0x0000000000000000 0xffffffffffffffff

Linker script and memory map


SLSTART         0x0000000006004000       0x30
                0x0000000006004000                ___Start = .
 *(SLSTART)
 SLSTART        0x0000000006004000       0x28 /joe/Compiler/COMMON/SGL_302j/LIB_ELF/LIBSGL.A(sglI00.o)
                0x0000000006004000                SGL_Start
                0x0000000006004002                slStartSGL

.text           0x0000000006004040    0x26530
 *(.text)
 .text          0x0000000006004040        0x0 /joe/Compiler/COMMON/SGL_302j/LIB_ELF/SGLAREA.O
 .text          0x0000000006004040     0x7e84 /tmp/cc78dQvd.ltrans0.ltrans.o
                0x0000000006004528                jo_sprite_draw.constprop.39
                0x000000000600466c                jo_nbg2_print.constprop.38
                0x00000000060046f8                render_CLUT_sprite_MESH.constprop.37
                0x0000000006004744                __jo_core_set_screens_order.constprop.36
                0x0000000006004814                CDDAPlaySingle.constprop.31
                0x0000000006004850                jo_free
                0x0000000006004878                jo_vdp2_clear_bitmap_nbg1.constprop.23
                0x00000000060048e8                jo_backup_unmount.constprop.12
                0x0000000006004980                jo_vdp2_malloc
                0x0000000006004b24                jo_vdp2_free
                0x0000000006004d1c                jo_vdp2_disable_rbg0
                0x0000000006004efc                __jo_create_map.lto_priv.572
                0x0000000006004f74                jo_img_to_vdp2_cells
                0x000000000600501c                jo_set_default_background_color
                0x000000000600524c                jo_sprite_free_from
                0x0000000006005484                jo_strlen
                0x00000000060054e8                jo_getdate
                0x00000000060055bc                jo_malloc_with_behaviour
                0x0000000006005c10                load_textures.constprop.25
                0x0000000006005c4c                jo_backup_mount.constprop.7
                0x0000000006005e60                jo_random
                0x0000000006005ed0                jo_atan2f_rad
                0x0000000006006094                load_binary.constprop.29
                0x0000000006006bc4                jo_fixed_cos
                0x0000000006006c20                jo_fixed_sin
                0x0000000006007070                __jo_tga_any_loader
                0x0000000006007238                jo_sprite_add_tga.constprop.24
                0x00000000060073ac                _realloc_r
                0x0000000006007450                _calloc_r
                0x0000000006007484                _free_r
                0x00000000060074b4                _malloc_r
                0x0000000006007548                mnet_client_log
                0x00000000060076a4                mnet_send_remove_local_player
                0x0000000006007720                mnet_tick
                0x0000000006008dd4                lobby_screen
                0x000000000600a320                connecting_screen
 .text          0x000000000600bec4     0xd2fc /tmp/cc78dQvd.ltrans1.ltrans.o
                0x000000000600ccf8                my_vblank
                0x000000000601006c                load_16bit_pcm
                0x00000000060101cc                pcm_cease
                0x00000000060101f4                pcm_play
                0x0000000006013e8c                init_3d_planes
                0x00000000060143cc                load_trackmap
                0x0000000006014408                load_preview
                0x0000000006014d60                load_car
                0x0000000006016590                gameLoop
 .text          0x00000000060191c0     0x33d4 /tmp/cc78dQvd.ltrans2.ltrans.o
                0x00000000060191c0                saturn_transport_send.lto_priv.451
                0x0000000006019218                saturn_transport_rx_byte.lto_priv.450
                0x000000000601922c                saturn_transport_rx_ready.lto_priv.449
                0x0000000006019248                draw_powerups
                0x0000000006019350                create_particles
                0x0000000006019424                computeLight
                0x0000000006019494                create_player
                0x00000000060196d4                set_player_position
                0x000000000601981c                getSeconds
                0x00000000060198a0                apply_player_gravity
                0x00000000060198f8                init_1p_display
                0x0000000006019980                init_2p_display
                0x0000000006019a10                stop_engine_sound
                0x0000000006019a7c                stop_sounds
                0x0000000006019afc                reset_to_last_checkpoint
                0x0000000006019bf4                reset_demo
                0x0000000006019dfc                render_CLUT_sprite
                0x0000000006019e4c                ztClearText
                0x0000000006019e98                transition_to_end_level
                0x000000000601a028                mmm_online_start_race
                0x000000000601a3d4                mmm_get_p2_port
                0x000000000601a8b0                saturn_uart_puts.lto_priv.441
                0x000000000601a904                modem_read_line.lto_priv.442
                0x000000000601aab4                modem_escape_to_command.lto_priv.445.lto_priv.447
                0x000000000601b140                saturn_uart_init.lto_priv.443
                0x000000000601b1f8                saturn_uart_set_baud.lto_priv.444
                0x000000000601ba2c                saturn_uart_flush_rx.lto_priv.448
                0x000000000601ba78                saturn_uart_loopback_test.lto_priv.453.lto_priv.455
                0x000000000601bb40                saturn_uart_read_raw.lto_priv.456.lto_priv.458
                0x000000000601bbbc                saturn_uart_getc_timeout.lto_priv.459.lto_priv.461
                0x000000000601bbf0                saturn_uart_getc.lto_priv.462.lto_priv.464
                0x000000000601bc1c                saturn_uart_putc.lto_priv.465.lto_priv.467
                0x000000000601bc58                saturn_uart_read_iir.lto_priv.468.lto_priv.470
                0x000000000601bc70                saturn_uart_read_msr.lto_priv.471.lto_priv.473
                0x000000000601bc90                saturn_uart_read_lsr.lto_priv.474.lto_priv.476
                0x000000000601bcac                saturn_uart_clear_errors.lto_priv.477.lto_priv.479
                0x000000000601bccc                saturn_uart_rx_error.lto_priv.480.lto_priv.482
                0x000000000601bcec                saturn_uart_rx_ready.lto_priv.483.lto_priv.485
                0x000000000601bd08                saturn_uart_tx_ready.lto_priv.486.lto_priv.488
                0x000000000601bde8                saturn_uart_detect.lto_priv.328
                0x000000000601be74                saturn_uart_reg_write.lto_priv.489.lto_priv.491
                0x000000000601be8c                saturn_uart_reg_read.lto_priv.492.lto_priv.494
                0x000000000601bea8                saturn_netlink_smpc_disable.lto_priv.495.lto_priv.497
                0x000000000601bed4                saturn_netlink_smpc_enable.lto_priv.452
                0x000000000601bf60                saturn_smpc_command.lto_priv.498.lto_priv.500
                0x000000000601bf88                mnet_encode_lap_complete.lto_priv.341.lto_priv.344
                0x000000000601bfb0                mnet_encode_client_log.lto_priv.337.lto_priv.340
                0x000000000601c058                mnet_encode_leaderboard_req.lto_priv.345.lto_priv.348
                0x000000000601c068                mnet_encode_remove_local_player.lto_priv.349.lto_priv.352
                0x000000000601c078                mnet_encode_add_local_player.lto_priv.329.lto_priv.332
                0x000000000601c0fc                mnet_encode_powerup_pickup.lto_priv.353.lto_priv.356
                0x000000000601c110                mnet_encode_player_state_p2.lto_priv.357.lto_priv.360
                0x000000000601c1a8                mnet_encode_player_state.lto_priv.361.lto_priv.364
                0x000000000601c238                mnet_encode_input_state_p2.lto_priv.365.lto_priv.368
                0x000000000601c264                mnet_encode_input_state.lto_priv.369.lto_priv.372
                0x000000000601c28c                mnet_encode_car_select.lto_priv.373.lto_priv.376
                0x000000000601c2a0                mnet_encode_start_game.lto_priv.377.lto_priv.380
                0x000000000601c2b0                mnet_encode_ready.lto_priv.381.lto_priv.384
                0x000000000601c2c0                mnet_encode_heartbeat.lto_priv.385.lto_priv.388
                0x000000000601c2d0                mnet_encode_disconnect.lto_priv.389.lto_priv.392
                0x000000000601c2e0                mnet_encode_set_username.lto_priv.333.lto_priv.336
                0x000000000601c360                mnet_encode_connect_uuid.lto_priv.393.lto_priv.396
                0x000000000601c380                mnet_encode_connect.lto_priv.397.lto_priv.400
                0x000000000601c390                mnet_read_string.lto_priv.401.lto_priv.404
                0x000000000601c3d8                mnet_rx_poll.lto_priv.405.lto_priv.440
                0x000000000601c488                mnet_rx_init.lto_priv.408.lto_priv.411
                0x000000000601c498                mnet_send_frame.lto_priv.412.lto_priv.415
                0x000000000601c4d8                net_transport_is_connected.lto_priv.416.lto_priv.419
                0x000000000601c4f0                net_transport_send.lto_priv.420.lto_priv.423
                0x000000000601c504                net_transport_rx_byte.lto_priv.424.lto_priv.427
                0x000000000601c518                net_transport_rx_ready.lto_priv.428.lto_priv.431
                0x000000000601c52c                get_gbr.lto_priv.53.lto_priv.77
                0x000000000601c534                set_gbr.lto_priv.78.lto_priv.102
                0x000000000601c53c                get_vbr.lto_priv.103.lto_priv.127
                0x000000000601c544                set_vbr.lto_priv.128.lto_priv.152
                0x000000000601c54c                set_imask.lto_priv.153.lto_priv.177
                0x000000000601c560                get_imask.lto_priv.178.lto_priv.202
                0x000000000601c56c                get_sr.lto_priv.203.lto_priv.227
                0x000000000601c574                set_sr.lto_priv.228.lto_priv.252
                0x000000000601c57c                tas.lto_priv.253.lto_priv.277
                0x000000000601c584                sleep.lto_priv.278.lto_priv.302
                0x000000000601c58c                nop.lto_priv.303.lto_priv.327
 *fill*         0x000000000601c594        0xc 
 .text          0x000000000601c5a0      0x238 /joe/Compiler/COMMON/SGL_302j/LIB_ELF/SEGA_SYS.A(sys_exit.o)
                0x000000000601c5a0                sys_version
                0x000000000601c5c0                SYS_Exit
 *fill*         0x000000000601c7d8        0x8 
 .text          0x000000000601c7e0        0x6 /joe/Compiler/COMMON/SGL_302j/LIB_ELF/SEGA_SYS.A(sys_sub.o)
                0x000000000601c7e0                SYSUB_SetStackptr
 *fill*         0x000000000601c7e6        0xa 
 .text          0x000000000601c7f0      0x3a0 /joe/Compiler/COMMON/SGL_302j/LIB_ELF/LIBCD.A(CDC_CMN.O)
                0x000000000601c7f0                CDC_GetCurStat
                0x000000000601c840                CDC_GetLastStat
                0x000000000601c858                CDC_GetPeriStat
                0x000000000601c92c                CDC_GetHwInfo
                0x000000000601c994                CDC_TgetToc
                0x000000000601c9e4                CDC_GetSes
                0x000000000601ca20                CDC_CdInit
                0x000000000601caa4                CDC_CdOpen
                0x000000000601cacc                CDC_DataReady
                0x000000000601cb38                CDC_DataEnd
 .text          0x000000000601cb90      0x130 /joe/Compiler/COMMON/SGL_302j/LIB_ELF/LIBCD.A(CDC_DRV.O)
                0x000000000601cb90                CDC_CdPlay
                0x000000000601cc5c                CDC_CdSeek
                0x000000000601cc90                CDC_CdScan
 .text          0x000000000601ccc0      0x194 /joe/Compiler/COMMON/SGL_302j/LIB_ELF/LIBCD.A(CDC_CFS.O)
                0x000000000601ccc0                CDC_ChgDir
                0x000000000601ccf4                CDC_ReadDir
                0x000000000601cd28                CDC_GetFileScope
                0x000000000601cd88                CDC_TgetFileInfo
                0x000000000601cde4                CDC_ReadFile
                0x000000000601ce18                CDC_AbortFile
 *fill*         0x000000000601ce54        0xc 
 .text          0x000000000601ce60      0x2dc /joe/Compiler/COMMON/SGL_302j/LIB_ELF/LIBCD.A(CDC_REG.O)
                0x000000000601ce60                CDC_GetDataPtr
                0x000000000601ce70                CDC_GetHirqReq
                0x000000000601ce84                CDC_ClrHirqReq
                0x000000000601ceb4                CDREG_ClrHirqReq
                0x000000000601cec4                CDREG_InitHirqReq
                0x000000000601ceec                CDREG_SetHirqFlag
                0x000000000601cf00                CDC_GetHirqMsk
                0x000000000601cf14                CDC_SetHirqMsk
                0x000000000601cf24                CDC_GetMpegPtr
                0x000000000601cf34                CDREG_TgetData
                0x000000000601cf90                CDREG_CmdRsp
                0x000000000601d090                CDREG_WaitHirq
                0x000000000601d100                CDREG_ReadRsp
 *fill*         0x000000000601d13c        0x4 
 .text          0x000000000601d140      0x152 /joe/Compiler/COMMON/SGL_302j/LIB_ELF/LIBCD.A(CDC_SUB.O)
                0x000000000601d140                CDSUB_UpdStatus
                0x000000000601d158                CDSUB_UpdCdstat
                0x000000000601d178                CDSUB_CdCmd
                0x000000000601d1e8                CDSUB_GetCdstat
                0x000000000601d228                CDSUB_RspToCdstat
                0x000000000601d270                CDSUB_SoftTimer
 *fill*         0x000000000601d292        0xe 
 .text          0x000000000601d2a0     0x1adc /joe/Compiler/COMMON/SGL_302j/LIB_ELF/LIBCD.A(GFS.O)
                0x000000000601d2a0                gfs_version
                0x000000000601d2c0                GFS_Init
                0x000000000601d3a8                GFS_LoadDir
                0x000000000601d450                GFS_SetDir
                0x000000000601d4b8                GFS_NameToId
                0x000000000601d51c                GFS_IdToName
                0x000000000601d588                GFS_GetDirInfo
                0x000000000601d5f8                GFS_Reset
                0x000000000601d67c                GFS_Open
                0x000000000601d730                GFS_Close
                0x000000000601d768                GFS_Seek
                0x000000000601d81c                GFS_Tell
                0x000000000601d86c                GFS_IsEof
                0x000000000601d8c0                GFS_ByteToSct
                0x000000000601d91c                GFS_GetFileSize
                0x000000000601d978                GFS_GetFileInfo
                0x000000000601d9ec                GFS_GetNumCdbuf
                0x000000000601da14                GFS_Load
                0x000000000601dad8                GFS_Fread
                0x000000000601db74                gfs_waitRead
                0x000000000601dc1c                GFS_NwFread
                0x000000000601dd28                GFS_NwCdRead
                0x000000000601dda0                GFS_NwIsComplete
                0x000000000601ddd8                GFS_NwStop
                0x000000000601de44                GFS_NwGetStat
                0x000000000601dec0                gfs_recovRdErr
                0x000000000601def0                GFS_NwExecOne
                0x000000000601dfb0                GFS_NwExecServer
                0x000000000601e02c                GFS_SetGmode
                0x000000000601e090                GFS_SetTmode
                0x000000000601e0fc                GFS_SetReadPara
                0x000000000601e160                GFS_SetTransPara
                0x000000000601e1cc                GFS_SetTrFunc
                0x000000000601e230                GFS_StartTrans
                0x000000000601e27c                GFS_CdMovePickup
                0x000000000601e2e8                GFS_SetErrFunc
                0x000000000601e314                GFS_GetErrStat
                0x000000000601e338                GFS_ConvTno
                0x000000000601e360                gfs_chgRoot
                0x000000000601e42c                gfs_aborttrans
                0x000000000601e438                gfs_mngSetupFuncTbl
                0x000000000601e46c                gfs_mngInitWork
                0x000000000601e510                gfs_mngGetNumFile
                0x000000000601e578                GFS_mngAllocGrp
                0x000000000601e5c0                gfs_mngFreeGrp
                0x000000000601e5cc                gfs_mngTermAccess
                0x000000000601e650                gfs_mngSetErrCode
                0x000000000601e6d0                gfs_svrSearchHndl
                0x000000000601e710                gfs_svrAddHndl
                0x000000000601e74c                gfs_svrRemoveHndl
                0x000000000601e7a8                GFS_OpenSub
                0x000000000601e800                gfs_loadVol
                0x000000000601e8c4                gfs_getRootDir
                0x000000000601e9c0                gfs_loadRootDir
                0x000000000601ea48                gfs_flowIn
                0x000000000601eaf0                gfs_transData
                0x000000000601eb94                GFS_GetFad
                0x000000000601ebec                gfs_SetSct
                0x000000000601ec2c                gfs_GetFinfo
                0x000000000601ec6c                gfs_closeSub
                0x000000000601eca8                gfs_getGmode
                0x000000000601ecb4                gfs_isTaskDone
                0x000000000601ed08                gfs_convFinStat
 *fill*         0x000000000601ed7c        0x4 
 .text          0x000000000601ed80      0x106 /joe/Compiler/COMMON/SGL_302j/LIB_ELF/LIBCD.A(GFS_BUF.O)
                0x000000000601edb0                GFBF_GetTranData
                0x000000000601edd8                GFBF_GetNumData
                0x000000000601ee08                GFBF_GetSrcPk
                0x000000000601ee30                GFBF_GetSctData
                0x000000000601ee54                GFBF_RtnPk
                0x000000000601ee7c                gfbf_getSctDt
 *fill*         0x000000000601ee86        0xa 
 .text          0x000000000601ee90      0x600 /joe/Compiler/COMMON/SGL_302j/LIB_ELF/LIBCD.A(GFS_CDB.O)
                0x000000000601ee90                GFCB_Setup
                0x000000000601efb0                GFCB_Close
                0x000000000601efd8                GFCB_GetLenData
                0x000000000601f084                GFCB_GetLenRoom
                0x000000000601f090                GFCB_SetFilt
                0x000000000601f0f8                GFCB_DeleteAllData
                0x000000000601f120                GFCB_Tell
                0x000000000601f130                gfcb_getSctNum
                0x000000000601f180                GFCB_Seek
                0x000000000601f27c                GFCB_GetSrcPack
                0x000000000601f35c                GFCB_GetSctData
                0x000000000601f394                GFCB_GetDstPack
                0x000000000601f3a0                GFCB_RtnPk
                0x000000000601f3e8                GFCB_MovePickup
                0x000000000601f404                GFCB_SetCon
                0x000000000601f438                GFCB_GetPickup
                0x000000000601f460                GFCB_IsPuOwner
                0x000000000601f478                GFCB_UngetPickup
 .text          0x000000000601f490     0x1a10 /joe/Compiler/COMMON/SGL_302j/LIB_ELF/LIBCD.A(GFS_CDC.O)
                0x000000000601f490                GFCD_SetCdbfs
                0x000000000601f4bc                GFCD_Init
                0x000000000601f6c0                GFCD_AllocFilt
                0x000000000601f6fc                GFCD_FreeFilt
                0x000000000601f72c                GFCD_AllocBuf
                0x000000000601f760                GFCD_FreeBuf
                0x000000000601f804                GFCD_GetBaseFad
                0x000000000601f838                GFCD_GetPickup
                0x000000000601f86c                GFCD_UngetPickup
                0x000000000601f898                GFCD_IsPuOwner
                0x000000000601f8bc                GFCD_SetFilt
                0x000000000601f980                GFCD_GetFilt
                0x000000000601f9c8                GFCD_SetCon
                0x000000000601fa20                GFCD_Play
                0x000000000601fa80                GFCD_GetLenData
                0x000000000601fae8                GFCD_ReqData
                0x000000000601fb44                GFCD_EndData
                0x000000000601fb8c                GFCD_DelSctData
                0x000000000601fbe4                GFCD_CheckDelSctData
                0x000000000601fc14                GFCD_GetStat
                0x000000000601fcc8                GFCD_MovePickup
                0x000000000601fd14                GFCD_MoveSctData
                0x000000000601fd88                GFCD_CheckMove
                0x000000000601fdac                GFCD_GetSctInfo
                0x000000000601fdf4                GFCD_ChgDir
                0x000000000601fe68                GFCD_SetFiltCon
                0x000000000601ff50                GFCD_GetFileInfo
                0x000000000602002c                GFCD_GetBufSiz
                0x0000000006020064                GFCD_ExecServer
                0x0000000006020138                gfcd_isIdleTask
                0x00000000060201c4                gfcd_doTask
                0x0000000006020270                GFCD_SetTimer
                0x0000000006020284                GFCD_WaitServer
                0x00000000060202c0                gfcd_doSetFiltTsk
                0x0000000006020484                gfcd_doSetConTsk
                0x0000000006020514                gfcd_doGetLenDataTsk
                0x0000000006020668                gfcd_doReqDataTsk
                0x0000000006020708                gfcd_doDelSctDataTsk
                0x000000000602083c                gfcd_doMoveSctTsk
                0x00000000060209a0                gfcd_doChgDirTsk
                0x0000000006020b9c                gfcd_doSetFiltConTsk
                0x0000000006020ce0                gfcd_checkEflag
                0x0000000006020d04                gfcd_initCdbMng
                0x0000000006020d84                gfcd_setStat
                0x0000000006020db0                GFCD_SetCsctFunc
                0x0000000006020dcc                GFCD_ChkScdqFlag
                0x0000000006020df0                GFCD_ClrScdqFlag
                0x0000000006020e0c                GFCD_WaitScdqFlag
                0x0000000006020e50                GFCD_WaitPause
 .text          0x0000000006020ea0      0x8d8 /joe/Compiler/COMMON/SGL_302j/LIB_ELF/LIBCD.A(GFS_CDF.O)
                0x0000000006020ea0                GFCF_Init
                0x0000000006020f40                GFCF_Setup
                0x0000000006021088                GFCF_SetSct
                0x00000000060210cc                GFCF_GetFileInfo
                0x0000000006021140                GFCF_FlowInBuf
                0x0000000006021294                GFCF_StopInBuf
                0x0000000006021334                GFCF_Recover
                0x000000000602137c                GFCF_Tell
                0x0000000006021394                GFCF_Seek
                0x00000000060213ac                GFCF_MovePickup
                0x0000000006021448                GFCF_cnvIntlvOfs
                0x000000000602149c                GFCF_GetStat
                0x0000000006021534                gfcf_getSctSize
                0x0000000006021570                gfcf_isCdOk
                0x0000000006021630                gfcf_getPlayRange
 *fill*         0x0000000006021778        0x8 
 .text          0x0000000006021780      0x92c /joe/Compiler/COMMON/SGL_302j/LIB_ELF/LIBCD.A(GFS_DIR.O)
                0x0000000006021780                GFDR_SetupDirTbl
                0x00000000060217f4                GFDR_NameToId
                0x0000000006021854                GFDR_GetInfoDirId
                0x0000000006021868                GFDR_GetInfoDirName
                0x000000000602187c                GFDR_GetAtrDirId
                0x0000000006021894                GFDR_GetAtrDirName
                0x00000000060218ac                GFDR_ChgRoot
                0x00000000060218c4                GFDR_ChgDir
                0x0000000006021938                gfdr_setupDirIdTbl
                0x00000000060219bc                gfdr_setupDirNameTbl
                0x0000000006021a68                gfdr_open
                0x0000000006021a90                gfdr_read
                0x0000000006021b50                gfdr_readByte
                0x0000000006021b7c                gfdr_readWord
                0x0000000006021ba8                gfdr_readWordNB
                0x0000000006021bfc                gfdr_readLongNB
                0x0000000006021c48                gfdr_readLongNM
                0x0000000006021c70                gfdr_setNextRec
                0x0000000006021cf4                gfdr_readDirEnt
                0x0000000006022070                gfdr_setDirrecCd
 *fill*         0x00000000060220ac        0x4 
 .text          0x00000000060220b0      0x9c6 /joe/Compiler/COMMON/SGL_302j/LIB_ELF/LIBCD.A(GFS_TRN.O)
                0x00000000060220e0                GFTR_Setup
                0x0000000006022124                GFTR_SetMode
                0x0000000006022138                GFTR_SetUnit
                0x0000000006022144                GFTR_SetTransPara
                0x0000000006022178                GFTR_GetTransPara
                0x0000000006022184                GFTR_GetNumTrans
                0x0000000006022190                GFTR_SetTransMax
                0x000000000602219c                GFTR_Start
                0x00000000060221a8                GFTR_Pause
                0x00000000060221b4                GFTR_Stop
                0x000000000602226c                GFTR_Exec
                0x00000000060222f0                GFTR_Idle
                0x0000000006022368                GFTR_ExecSvr
                0x0000000006022470                gftr_getSrcPack
                0x00000000060224f8                gftr_getDstPack
                0x0000000006022554                gftr_reqScu
                0x0000000006022560                gftr_execScu
                0x00000000060225fc                gftr_remScu
                0x0000000006022630                gfdma_canUse
                0x000000000602263c                gfdma_exec
                0x00000000060226ac                gfdma_getBytecnt
                0x00000000060226e4                gftr_reqDma0
                0x00000000060226fc                gftr_execSdma0
                0x0000000006022720                gftr_remDma0
                0x0000000006022738                gftr_reqDma1
                0x0000000006022750                gftr_execSdma1
                0x0000000006022774                gftr_remDma1
                0x000000000602278c                gftr_reqCpu
                0x0000000006022798                gftr_execCpu
                0x00000000060227d8                gftr_remCpu
                0x00000000060227e4                gftr_reqTrn
                0x0000000006022854                gftr_execTrn
                0x000000000602292c                gftr_remTrn
                0x00000000060229a0                gftr_copyFrac
                0x00000000060229c8                GFTR_GetLenData
                0x00000000060229d4                GFTR_GetLenRoom
                0x00000000060229ec                GFTR_GetDstPack
                0x0000000006022a20                GFTR_RtnDstPk
                0x0000000006022a3c                GFTR_GetData
                0x0000000006022a50                GFTR_SetData
                0x0000000006022a64                GFTR_SetTransFunc
 *fill*         0x0000000006022a76        0xa 
 .text          0x0000000006022a80       0xa8 /joe/Compiler/COMMON/SGL_302j/LIB_ELF/LIBCD.A(CDC_DEV.O)
                0x0000000006022a80                CDC_CdSetCon
                0x0000000006022ab0                CDC_CdGetCon
                0x0000000006022aec                CDC_CdGetLastBuf
 *fill*         0x0000000006022b28        0x8 
 .text          0x0000000006022b30      0x2b8 /joe/Compiler/COMMON/SGL_302j/LIB_ELF/LIBCD.A(CDC_SEL.O)
                0x0000000006022b30                CDC_SetFiltRange
                0x0000000006022b64                CDC_GetFiltRange
                0x0000000006022bbc                CDC_SetFiltSubh
                0x0000000006022c2c                CDC_GetFiltSubh
                0x0000000006022ca8                CDC_SetFiltMode
                0x0000000006022cdc                CDC_GetFiltMode
                0x0000000006022d20                CDC_SetFiltCon
                0x0000000006022d60                CDC_GetFiltCon
                0x0000000006022db4                CDC_ResetSelector
 *fill*         0x0000000006022de8        0x8 
 .text          0x0000000006022df0      0x270 /joe/Compiler/COMMON/SGL_302j/LIB_ELF/LIBCD.A(CDC_BIF.O)
                0x0000000006022df0                CDC_GetBufSiz
                0x0000000006022e4c                CDC_GetSctNum
                0x0000000006022e90                CDC_CalActSiz
                0x0000000006022ecc                CDC_GetActSiz
                0x0000000006022f4c                CDC_GetSctInfo
                0x0000000006022fcc                CDC_ExeFadSearch
                0x0000000006023004                CDC_GetFadSearch
 .text          0x0000000006023060      0x1e4 /joe/Compiler/COMMON/SGL_302j/LIB_ELF/LIBCD.A(CDC_BIO.O)
                0x0000000006023060                CDC_SetSctLen
                0x0000000006023094                CDC_GetSctData
                0x00000000060230d0                CDC_DelSctData
                0x000000000602310c                CDC_GetdelSctData
                0x0000000006023148                CDC_PutSctData
                0x0000000006023180                CDC_CopySctData
                0x00000000060231c4                CDC_MoveSctData
                0x0000000006023208                CDC_GetCopyErr
 *fill*         0x0000000006023244        0xc 
 .text          0x0000000006023250        0x0 /joe/Compiler/COMMON/SGL_302j/LIB_ELF/LIBSGL.A(sglA01.o)
 .text          0x0000000006023250        0x0 /joe/Compiler/COMMON/SGL_302j/LIB_ELF/LIBSGL.A(sglA15.o)
 .text          0x0000000006023250        0x0 /joe/Compiler/COMMON/SGL_302j/LIB_ELF/LIBSGL.A(sglA16.o)
 .text          0x0000000006023250        0x0 /joe/Compiler/COMMON/SGL_302j/LIB_ELF/LIBSGL.A(sglA17.o)
 .text          0x0000000006023250        0x0 /joe/Compiler/COMMON/SGL_302j/LIB_ELF/LIBSGL.A(sglA18.o)
 .text          0x0000000006023250        0x0 /joe/Compiler/COMMON/SGL_302j/LIB_ELF/LIBSGL.A(sglA19.o)
 .text          0x0000000006023250        0x0 /joe/Compiler/COMMON/SGL_302j/LIB_ELF/LIBSGL.A(sglA20.o)
 .text          0x0000000006023250        0x0 /joe/Compiler/COMMON/SGL_302j/LIB_ELF/LIBSGL.A(sglA21.o)
 .text          0x0000000006023250        0x0 /joe/Compiler/COMMON/SGL_302j/LIB_ELF/LIBSGL.A(sglA27.o)
 .text          0x0000000006023250        0x0 /joe/Compiler/COMMON/SGL_302j/LIB_ELF/LIBSGL.A(sglA28.o)
 .text          0x0000000006023250        0x0 /joe/Compiler/COMMON/SGL_302j/LIB_ELF/LIBSGL.A(sglA40.o)
 .text          0x0000000006023250        0x0 /joe/Compiler/COMMON/SGL_302j/LIB_ELF/LIBSGL.A(sglB001.o)
 .text          0x0000000006023250        0x0 /joe/Compiler/COMMON/SGL_302j/LIB_ELF/LIBSGL.A(sglB011.o)
 .text          0x0000000006023250        0x0 /joe/Compiler/COMMON/SGL_302j/LIB_ELF/LIBSGL.A(sglB014.o)
 .text          0x0000000006023250        0x0 /joe/Compiler/COMMON/SGL_302j/LIB_ELF/LIBSGL.A(sglB015.o)
 .text          0x0000000006023250        0x0 /joe/Compiler/COMMON/SGL_302j/LIB_ELF/LIBSGL.A(sglB016.o)
 .text          0x0000000006023250        0x0 /joe/Compiler/COMMON/SGL_302j/LIB_ELF/LIBSGL.A(sglB020.o)
 .text          0x0000000006023250        0x0 /joe/Compiler/COMMON/SGL_302j/LIB_ELF/LIBSGL.A(sglB021.o)
 .text          0x0000000006023250        0x0 /joe/Compiler/COMMON/SGL_302j/LIB_ELF/LIBSGL.A(sglB023.o)
 .text          0x0000000006023250        0x0 /joe/Compiler/COMMON/SGL_302j/LIB_ELF/LIBSGL.A(sglB031.o)
 .text          0x0000000006023250        0x0 /joe/Compiler/COMMON/SGL_302j/LIB_ELF/LIBSGL.A(sglB032.o)
 .text          0x0000000006023250        0x0 /joe/Compiler/COMMON/SGL_302j/LIB_ELF/LIBSGL.A(sglB033.o)
 .text          0x0000000006023250        0x0 /joe/Compiler/COMMON/SGL_302j/LIB_ELF/LIBSGL.A(sglB034.o)
 .text          0x0000000006023250        0x0 /joe/Compiler/COMMON/SGL_302j/LIB_ELF/LIBSGL.A(sglB035.o)
 .text          0x0000000006023250        0x0 /joe/Compiler/COMMON/SGL_302j/LIB_ELF/LIBSGL.A(sglB036.o)
 .text          0x0000000006023250        0x0 /joe/Compiler/COMMON/SGL_302j/LIB_ELF/LIBSGL.A(sglB038.o)
 .text          0x0000000006023250        0x0 /joe/Compiler/COMMON/SGL_302j/LIB_ELF/LIBSGL.A(sglB039.o)
 .text          0x0000000006023250        0x0 /joe/Compiler/COMMON/SGL_302j/LIB_ELF/LIBSGL.A(sglB040.o)
 .text          0x0000000006023250        0x0 /joe/Compiler/COMMON/SGL_302j/LIB_ELF/LIBSGL.A(sglB041.o)
 .text          0x0000000006023250        0x0 /joe/Compiler/COMMON/SGL_302j/LIB_ELF/LIBSGL.A(sglB042.o)
 .text          0x0000000006023250        0x0 /joe/Compiler/COMMON/SGL_302j/LIB_ELF/LIBSGL.A(sglB043.o)
 .text          0x0000000006023250        0x0 /joe/Compiler/COMMON/SGL_302j/LIB_ELF/LIBSGL.A(sglB044.o)
 .text          0x0000000006023250        0x0 /joe/Compiler/COMMON/SGL_302j/LIB_ELF/LIBSGL.A(sglB045.o)
 .text          0x0000000006023250        0x0 /joe/Compiler/COMMON/SGL_302j/LIB_ELF/LIBSGL.A(sglB047.o)
 .text          0x0000000006023250        0x0 /joe/Compiler/COMMON/SGL_302j/LIB_ELF/LIBSGL.A(sglB048.o)
 .text          0x0000000006023250        0x0 /joe/Compiler/COMMON/SGL_302j/LIB_ELF/LIBSGL.A(sglB055.o)
 .text          0x0000000006023250        0x0 /joe/Compiler/COMMON/SGL_302j/LIB_ELF/LIBSGL.A(sglB056.o)
 .text          0x0000000006023250        0x0 /joe/Compiler/COMMON/SGL_302j/LIB_ELF/LIBSGL.A(sglB057.o)
 .text          0x0000000006023250        0x0 /joe/Compiler/COMMON/SGL_302j/LIB_ELF/LIBSGL.A(sglB058.o)
 .text          0x0000000006023250        0x0 /joe/Compiler/COMMON/SGL_302j/LIB_ELF/LIBSGL.A(sglB059.o)
 .text          0x0000000006023250        0x0 /joe/Compiler/COMMON/SGL_302j/LIB_ELF/LIBSGL.A(sglB060.o)
 .text          0x0000000006023250        0x0 /joe/Compiler/COMMON/SGL_302j/LIB_ELF/LIBSGL.A(sglB063.o)
 .text          0x0000000006023250        0x0 /joe/Compiler/COMMON/SGL_302j/LIB_ELF/LIBSGL.A(sglB087.o)
 .text          0x0000000006023250        0x0 /joe/Compiler/COMMON/SGL_302j/LIB_ELF/LIBSGL.A(sglB088.o)
 .text          0x0000000006023250        0x0 /joe/Compiler/COMMON/SGL_302j/LIB_ELF/LIBSGL.A(sglB090.o)
 .text          0x0000000006023250        0x0 /joe/Compiler/COMMON/SGL_302j/LIB_ELF/LIBSGL.A(sglB200.o)
 .text          0x0000000006023250        0x0 /joe/Compiler/COMMON/SGL_302j/LIB_ELF/LIBSGL.A(sglC01.o)
 .text          0x0000000006023250        0x0 /joe/Compiler/COMMON/SGL_302j/LIB_ELF/LIBSGL.A(sglC03.o)
 .text          0x0000000006023250        0x0 /joe/Compiler/COMMON/SGL_302j/LIB_ELF/LIBSGL.A(sglC04.o)
 .text          0x0000000006023250        0x0 /joe/Compiler/COMMON/SGL_302j/LIB_ELF/LIBSGL.A(sglC05.o)
 .text          0x0000000006023250        0x0 /joe/Compiler/COMMON/SGL_302j/LIB_ELF/LIBSGL.A(sglC06.o)
 .text          0x0000000006023250        0x0 /joe/Compiler/COMMON/SGL_302j/LIB_ELF/LIBSGL.A(sglC07.o)
 .text          0x0000000006023250        0x0 /joe/Compiler/COMMON/SGL_302j/LIB_ELF/LIBSGL.A(sglC08.o)
 .text          0x0000000006023250        0x0 /joe/Compiler/COMMON/SGL_302j/LIB_ELF/LIBSGL.A(sglC14.o)
 .text          0x0000000006023250        0x0 /joe/Compiler/COMMON/SGL_302j/LIB_ELF/LIBSGL.A(sglC16.o)
 .text          0x0000000006023250        0x0 /joe/Compiler/COMMON/SGL_302j/LIB_ELF/LIBSGL.A(sglC17.o)
 .text          0x0000000006023250        0x0 /joe/Compiler/COMMON/SGL_302j/LIB_ELF/LIBSGL.A(sglC19.o)
 .text          0x0000000006023250        0x0 /joe/Compiler/COMMON/SGL_302j/LIB_ELF/LIBSGL.A(sglC20.o)
 .text          0x0000000006023250        0x0 /joe/Compiler/COMMON/SGL_302j/LIB_ELF/LIBSGL.A(sglC21.o)
 .text          0x0000000006023250        0x0 /joe/Compiler/COMMON/SGL_302j/LIB_ELF/LIBSGL.A(sglD00.o)
 .text          0x0000000006023250        0x0 /joe/Compiler/COMMON/SGL_302j/LIB_ELF/LIBSGL.A(sglD01.o)
 .text          0x0000000006023250        0x0 /joe/Compiler/COMMON/SGL_302j/LIB_ELF/LIBSGL.A(sglD02.o)
 .text          0x0000000006023250        0x0 /joe/Compiler/COMMON/SGL_302j/LIB_ELF/LIBSGL.A(sglD03.o)
 .text          0x0000000006023250        0x0 /joe/Compiler/COMMON/SGL_302j/LIB_ELF/LIBSGL.A(sglD15.o)
 .text          0x0000000006023250        0x0 /joe/Compiler/COMMON/SGL_302j/LIB_ELF/LIBSGL.A(sglD16.o)
 .text          0x0000000006023250        0x0 /joe/Compiler/COMMON/SGL_302j/LIB_ELF/LIBSGL.A(sglD17.o)
 .text          0x0000000006023250        0x0 /joe/Compiler/COMMON/SGL_302j/LIB_ELF/LIBSGL.A(sglD18.o)
 .text          0x0000000006023250        0x0 /joe/Compiler/COMMON/SGL_302j/LIB_ELF/LIBSGL.A(sglF08.o)
 .text          0x0000000006023250        0x0 /joe/Compiler/COMMON/SGL_302j/LIB_ELF/LIBSGL.A(sglH00.o)
 .text          0x0000000006023250        0x0 /joe/Compiler/COMMON/SGL_302j/LIB_ELF/LIBSGL.A(sglH01.o)
 .text          0x0000000006023250        0x0 /joe/Compiler/COMMON/SGL_302j/LIB_ELF/LIBSGL.A(sglH02.o)
 .text          0x0000000006023250        0x0 /joe/Compiler/COMMON/SGL_302j/LIB_ELF/LIBSGL.A(sglH04.o)
 .text          0x0000000006023250        0x0 /joe/Compiler/COMMON/SGL_302j/LIB_ELF/LIBSGL.A(sglI01.o)
 .text          0x0000000006023250        0x0 /joe/Compiler/COMMON/SGL_302j/LIB_ELF/LIBSGL.A(sglI04.o)
 .text          0x0000000006023250      0x128 /joe/Compiler/COMMON/SGL_302j/LIB_ELF/LIBSGL.A(sglIc0.o)
                0x0000000006023250                slInitSystem
 *fill*         0x0000000006023378        0x8 
 .text          0x0000000006023380        0x0 /joe/Compiler/COMMON/SGL_302j/LIB_ELF/LIBSGL.A(sglJ00.o)
 .text          0x0000000006023380        0x0 /joe/Compiler/COMMON/SGL_302j/LIB_ELF/LIBSGL.A(sglJ01.o)
 .text          0x0000000006023380        0x0 /joe/Compiler/COMMON/SGL_302j/LIB_ELF/LIBSGL.A(sglJ02.o)
 .text          0x0000000006023380        0x0 /joe/Compiler/COMMON/SGL_302j/LIB_ELF/LIBSGL.A(sglJ03.o)
 .text          0x0000000006023380        0x0 /joe/Compiler/COMMON/SGL_302j/LIB_ELF/LIBSGL.A(sglJ04.o)
 .text          0x0000000006023380        0x0 /joe/Compiler/COMMON/SGL_302j/LIB_ELF/LIBSGL.A(sglJ05.o)
 .text          0x0000000006023380        0x0 /joe/Compiler/COMMON/SGL_302j/LIB_ELF/LIBSGL.A(sglK01.o)
 .text          0x0000000006023380        0x0 /joe/Compiler/COMMON/SGL_302j/LIB_ELF/LIBSGL.A(sglM00.o)
 .text          0x0000000006023380        0x0 /joe/Compiler/COMMON/SGL_302j/LIB_ELF/LIBSGL.A(sglM01.o)
 .text          0x0000000006023380        0x0 /joe/Compiler/COMMON/SGL_302j/LIB_ELF/LIBSGL.A(sglA00.o)
 .text          0x0000000006023380        0x0 /joe/Compiler/COMMON/SGL_302j/LIB_ELF/LIBSGL.A(sglA03.o)
 .text          0x0000000006023380        0x0 /joe/Compiler/COMMON/SGL_302j/LIB_ELF/LIBSGL.A(sglA10.o)
 .text          0x0000000006023380        0x0 /joe/Compiler/COMMON/SGL_302j/LIB_ELF/LIBSGL.A(sglA24.o)
 .text          0x0000000006023380        0x0 /joe/Compiler/COMMON/SGL_302j/LIB_ELF/LIBSGL.A(sglA25.o)
 .text          0x0000000006023380        0x0 /joe/Compiler/COMMON/SGL_302j/LIB_ELF/LIBSGL.A(sglB000.o)
 .text          0x0000000006023380        0x0 /joe/Compiler/COMMON/SGL_302j/LIB_ELF/LIBSGL.A(sglC00.o)
 .text          0x0000000006023380        0x0 /joe/Compiler/COMMON/SGL_302j/LIB_ELF/LIBSGL.A(sglC13.o)
 .text          0x0000000006023380        0x0 /joe/Compiler/COMMON/SGL_302j/LIB_ELF/LIBSGL.A(sglD19.o)
 .text          0x0000000006023380        0x0 /joe/Compiler/COMMON/SGL_302j/LIB_ELF/LIBSGL.A(sglI00.o)
 .text          0x0000000006023380        0x0 /joe/Compiler/COMMON/SGL_302j/LIB_ELF/LIBSGL.A(sglH03.o)
 .text          0x0000000006023380       0x52 /joe/Compiler/LINUX/bin/../lib/gcc/sh-none-elf/8.2.0/libgcc.a(_ashiftrt.o)
                0x0000000006023380                __ashiftrt_r4_31
                0x0000000006023380                __ashiftrt_r4_32
                0x0000000006023386                __ashiftrt_r4_30
                0x0000000006023388                __ashiftrt_r4_29
                0x000000000602338a                __ashiftrt_r4_28
                0x000000000602338c                __ashiftrt_r4_27
                0x000000000602338e                __ashiftrt_r4_26
                0x0000000006023390                __ashiftrt_r4_25
                0x0000000006023392                __ashiftrt_r4_24
                0x000000000602339a                __ashiftrt_r4_23
                0x000000000602339c                __ashiftrt_r4_22
                0x000000000602339e                __ashiftrt_r4_21
                0x00000000060233a0                __ashiftrt_r4_20
                0x00000000060233a2                __ashiftrt_r4_19
                0x00000000060233a4                __ashiftrt_r4_18
                0x00000000060233a6                __ashiftrt_r4_17
                0x00000000060233a8                __ashiftrt_r4_16
                0x00000000060233ae                __ashiftrt_r4_15
                0x00000000060233b0                __ashiftrt_r4_14
                0x00000000060233b2                __ashiftrt_r4_13
                0x00000000060233b4                __ashiftrt_r4_12
                0x00000000060233b6                __ashiftrt_r4_11
                0x00000000060233b8                __ashiftrt_r4_10
                0x00000000060233ba                __ashiftrt_r4_9
                0x00000000060233bc                __ashiftrt_r4_8
                0x00000000060233be                __ashiftrt_r4_7
                0x00000000060233c0                __ashiftrt_r4_6
                0x00000000060233c2                __ashiftrt_r4_5
                0x00000000060233c4                __ashiftrt_r4_4
                0x00000000060233c6                __ashiftrt_r4_3
                0x00000000060233c8                __ashiftrt_r4_2
                0x00000000060233ca                __ashiftrt_r4_1
                0x00000000060233ce                __ashiftrt_r4_0
 *fill*         0x00000000060233d2        0x2 
 .text          0x00000000060233d4       0xa0 /joe/Compiler/LINUX/bin/../lib/gcc/sh-none-elf/8.2.0/libgcc.a(_sdivsi3.o)
                0x00000000060233d4                __sdivsi3
 .text          0x0000000006023474       0x6c /joe/Compiler/LINUX/bin/../lib/gcc/sh-none-elf/8.2.0/libgcc.a(_udivsi3.o)
                0x0000000006023496                __udivsi3
 .text          0x00000000060234e0      0x210 /joe/Compiler/LINUX/bin/../lib/gcc/sh-none-elf/8.2.0/libgcc.a(_addsub_sf.o)
                0x0000000006023654                __addsf3
                0x00000000060236a0                __subsf3
 .text          0x00000000060236f0      0x134 /joe/Compiler/LINUX/bin/../lib/gcc/sh-none-elf/8.2.0/libgcc.a(_mul_sf.o)
                0x00000000060236f0                __mulsf3
 .text          0x0000000006023824       0xdc /joe/Compiler/LINUX/bin/../lib/gcc/sh-none-elf/8.2.0/libgcc.a(_div_sf.o)
                0x0000000006023824                __divsf3
 .text          0x0000000006023900       0x54 /joe/Compiler/LINUX/bin/../lib/gcc/sh-none-elf/8.2.0/libgcc.a(_eq_sf.o)
                0x0000000006023900                __eqsf2
 .text          0x0000000006023954       0x54 /joe/Compiler/LINUX/bin/../lib/gcc/sh-none-elf/8.2.0/libgcc.a(_ne_sf.o)
                0x0000000006023954                __nesf2
 .text          0x00000000060239a8       0x4c /joe/Compiler/LINUX/bin/../lib/gcc/sh-none-elf/8.2.0/libgcc.a(_gt_sf.o)
                0x00000000060239a8                __gtsf2
 .text          0x00000000060239f4       0x4c /joe/Compiler/LINUX/bin/../lib/gcc/sh-none-elf/8.2.0/libgcc.a(_ge_sf.o)
                0x00000000060239f4                __gesf2
 .text          0x0000000006023a40       0x54 /joe/Compiler/LINUX/bin/../lib/gcc/sh-none-elf/8.2.0/libgcc.a(_lt_sf.o)
                0x0000000006023a40                __ltsf2
 .text          0x0000000006023a94       0x54 /joe/Compiler/LINUX/bin/../lib/gcc/sh-none-elf/8.2.0/libgcc.a(_le_sf.o)
                0x0000000006023a94                __lesf2
 .text          0x0000000006023ae8       0x84 /joe/Compiler/LINUX/bin/../lib/gcc/sh-none-elf/8.2.0/libgcc.a(_si_to_sf.o)
                0x0000000006023ae8                __floatsisf
 .text          0x0000000006023b6c       0x7c /joe/Compiler/LINUX/bin/../lib/gcc/sh-none-elf/8.2.0/libgcc.a(_sf_to_si.o)
                0x0000000006023b6c                __fixsfsi
 .text          0x0000000006023be8       0x3c /joe/Compiler/LINUX/bin/../lib/gcc/sh-none-elf/8.2.0/libgcc.a(_sf_to_df.o)
                0x0000000006023be8                __extendsfdf2
 .text          0x0000000006023c24        0x0 /joe/Compiler/LINUX/bin/../lib/gcc/sh-none-elf/8.2.0/libgcc.a(_thenan_sf.o)
 .text          0x0000000006023c24       0x94 /joe/Compiler/LINUX/bin/../lib/gcc/sh-none-elf/8.2.0/libgcc.a(_usi_to_sf.o)
                0x0000000006023c24                __floatunsisf
 .text          0x0000000006023cb8       0x28 /joe/Compiler/LINUX/bin/../lib/gcc/sh-none-elf/8.2.0/libgcc.a(_make_df.o)
                0x0000000006023cb8                __make_dp
 .text          0x0000000006023ce0       0x4c /joe/Compiler/LINUX/bin/../lib/gcc/sh-none-elf/8.2.0/libgcc.a(_df_to_sf.o)
                0x0000000006023ce0                __truncdfsf2
 .text          0x0000000006023d2c      0x114 /joe/Compiler/LINUX/bin/../lib/gcc/sh-none-elf/8.2.0/libgcc.a(_pack_sf.o)
                0x0000000006023d2c                __pack_f
 .text          0x0000000006023e40       0xa0 /joe/Compiler/LINUX/bin/../lib/gcc/sh-none-elf/8.2.0/libgcc.a(_unpack_sf.o)
                0x0000000006023e40                __unpack_f
 .text          0x0000000006023ee0       0xa8 /joe/Compiler/LINUX/bin/../lib/gcc/sh-none-elf/8.2.0/libgcc.a(_fpcmp_parts_sf.o)
                0x0000000006023ee0                __fpcmp_parts_f
 .text          0x0000000006023f88       0x20 /joe/Compiler/LINUX/bin/../lib/gcc/sh-none-elf/8.2.0/libgcc.a(_make_sf.o)
                0x0000000006023f88                __make_fp
 .text          0x0000000006023fa8        0x0 /joe/Compiler/LINUX/bin/../lib/gcc/sh-none-elf/8.2.0/../../../../sh-none-elf/lib/libc.a(lib_a-impure.o)
 .text          0x0000000006023fa8       0x1e /joe/Compiler/LINUX/bin/../lib/gcc/sh-none-elf/8.2.0/../../../../sh-none-elf/lib/libc.a(lib_a-memcmp.o)
                0x0000000006023fa8                memcmp
 *fill*         0x0000000006023fc6        0x2 
 .text          0x0000000006023fc8       0x94 /joe/Compiler/LINUX/bin/../lib/gcc/sh-none-elf/8.2.0/../../../../sh-none-elf/lib/libc.a(lib_a-memcpy.o)
                0x0000000006023fc8                memcpy
 .text          0x000000000602405c       0x40 /joe/Compiler/LINUX/bin/../lib/gcc/sh-none-elf/8.2.0/../../../../sh-none-elf/lib/libc.a(lib_a-memset.o)
                0x000000000602405c                memset
 .text          0x000000000602409c       0x58 /joe/Compiler/LINUX/bin/../lib/gcc/sh-none-elf/8.2.0/../../../../sh-none-elf/lib/libc.a(lib_a-rand.o)
                0x000000000602409c                srand
                0x00000000060240b0                rand
 .text          0x00000000060240f4       0x60 /joe/Compiler/LINUX/bin/../lib/gcc/sh-none-elf/8.2.0/../../../../sh-none-elf/lib/libc.a(lib_a-rget.o)
                0x00000000060240f4                __srget_r
                0x0000000006024140                __srget
 .text          0x0000000006024154       0x8c /joe/Compiler/LINUX/bin/../lib/gcc/sh-none-elf/8.2.0/../../../../sh-none-elf/lib/libc.a(lib_a-sprintf.o)
                0x0000000006024154                _sprintf_r
                0x0000000006024194                sprintf
 .text          0x00000000060241e0       0x22 /joe/Compiler/LINUX/bin/../lib/gcc/sh-none-elf/8.2.0/../../../../sh-none-elf/lib/libc.a(lib_a-strcat.o)
                0x00000000060241e0                strcat
 *fill*         0x0000000006024202        0x2 
 .text          0x0000000006024204       0x38 /joe/Compiler/LINUX/bin/../lib/gcc/sh-none-elf/8.2.0/../../../../sh-none-elf/lib/libc.a(lib_a-strcmp.o)
                0x0000000006024204                strcmp
 .text          0x000000000602423c       0x3c /joe/Compiler/LINUX/bin/../lib/gcc/sh-none-elf/8.2.0/../../../../sh-none-elf/lib/libc.a(lib_a-strcpy.o)
                0x000000000602423c                strcpy
 .text          0x0000000006024278       0x20 /joe/Compiler/LINUX/bin/../lib/gcc/sh-none-elf/8.2.0/../../../../sh-none-elf/lib/libc.a(lib_a-strlen.o)
                0x0000000006024278                strlen
 .text          0x0000000006024298       0x2a /joe/Compiler/LINUX/bin/../lib/gcc/sh-none-elf/8.2.0/../../../../sh-none-elf/lib/libc.a(lib_a-strncmp.o)
                0x0000000006024298                strncmp
 .text          0x00000000060242c2       0x32 /joe/Compiler/LINUX/bin/../lib/gcc/sh-none-elf/8.2.0/../../../../sh-none-elf/lib/libc.a(lib_a-strncpy.o)
                0x00000000060242c2                strncpy
 .text          0x00000000060242f4       0x36 /joe/Compiler/LINUX/bin/../lib/gcc/sh-none-elf/8.2.0/../../../../sh-none-elf/lib/libc.a(lib_a-strstr.o)
                0x00000000060242f4                strstr
 *fill*         0x000000000602432a        0x2 
 .text          0x000000000602432c     0x1378 /joe/Compiler/LINUX/bin/../lib/gcc/sh-none-elf/8.2.0/../../../../sh-none-elf/lib/libc.a(lib_a-svfprintf.o)
                0x000000000602432c                _svfprintf_r
 .text          0x00000000060256a4       0xdc /joe/Compiler/LINUX/bin/../lib/gcc/sh-none-elf/8.2.0/../../../../sh-none-elf/lib/libc.a(lib_a-wbuf.o)
                0x00000000060256a4                __swbuf_r
                0x000000000602576c                __swbuf
 .text          0x0000000006025780       0xcc /joe/Compiler/LINUX/bin/../lib/gcc/sh-none-elf/8.2.0/../../../../sh-none-elf/lib/libc.a(lib_a-wsetup.o)
                0x0000000006025780                __swsetup_r
 .text          0x000000000602584c      0xef4 /joe/Compiler/LINUX/bin/../lib/gcc/sh-none-elf/8.2.0/../../../../sh-none-elf/lib/libc.a(lib_a-dtoa.o)
                0x0000000006025980                _dtoa_r
 .text          0x0000000006026740      0x1a8 /joe/Compiler/LINUX/bin/../lib/gcc/sh-none-elf/8.2.0/../../../../sh-none-elf/lib/libc.a(lib_a-fflush.o)
                0x0000000006026740                __sflush_r
                0x0000000006026880                _fflush_r
                0x00000000060268c0                fflush
 .text          0x00000000060268e8      0x218 /joe/Compiler/LINUX/bin/../lib/gcc/sh-none-elf/8.2.0/../../../../sh-none-elf/lib/libc.a(lib_a-findfp.o)
                0x0000000006026944                _cleanup_r
                0x0000000006026958                __sfmoreglue
                0x00000000060269a4                _cleanup
                0x00000000060269b8                __sinit
                0x0000000006026a0c                __sfp
                0x0000000006026ac0                __sfp_lock_acquire
                0x0000000006026ac4                __sfp_lock_release
                0x0000000006026ac8                __sinit_lock_acquire
                0x0000000006026acc                __sinit_lock_release
                0x0000000006026ad0                __fp_lock_all
                0x0000000006026ae8                __fp_unlock_all
 .text          0x0000000006026b00       0xb4 /joe/Compiler/LINUX/bin/../lib/gcc/sh-none-elf/8.2.0/../../../../sh-none-elf/lib/libc.a(lib_a-fwalk.o)
                0x0000000006026b00                _fwalk
                0x0000000006026b56                _fwalk_reent
 .text          0x0000000006026bb4       0x40 /joe/Compiler/LINUX/bin/../lib/gcc/sh-none-elf/8.2.0/../../../../sh-none-elf/lib/libc.a(lib_a-localeconv.o)
                0x0000000006026bb4                __localeconv_l
                0x0000000006026bbc                _localeconv_r
                0x0000000006026bd8                localeconv
 .text          0x0000000006026bf4       0xa8 /joe/Compiler/LINUX/bin/../lib/gcc/sh-none-elf/8.2.0/../../../../sh-none-elf/lib/libc.a(lib_a-locale.o)
                0x0000000006026bf4                _setlocale_r
                0x0000000006026c40                __locale_mb_cur_max
                0x0000000006026c60                __locale_ctype_ptr_l
                0x0000000006026c6a                __locale_ctype_ptr
                0x0000000006026c88                setlocale
 .text          0x0000000006026c9c      0x110 /joe/Compiler/LINUX/bin/../lib/gcc/sh-none-elf/8.2.0/../../../../sh-none-elf/lib/libc.a(lib_a-makebuf.o)
                0x0000000006026c9c                __swhatbuf_r
                0x0000000006026d00                __smakebuf_r
 .text          0x0000000006026dac       0x4c /joe/Compiler/LINUX/bin/../lib/gcc/sh-none-elf/8.2.0/../../../../sh-none-elf/lib/libc.a(lib_a-mbtowc_r.o)
                0x0000000006026dac                _mbtowc_r
                0x0000000006026dd0                __ascii_mbtowc
 .text          0x0000000006026df8       0x1c /joe/Compiler/LINUX/bin/../lib/gcc/sh-none-elf/8.2.0/../../../../sh-none-elf/lib/libc.a(lib_a-memchr.o)
                0x0000000006026df8                memchr
 .text          0x0000000006026e14      0xa9c /joe/Compiler/LINUX/bin/../lib/gcc/sh-none-elf/8.2.0/../../../../sh-none-elf/lib/libc.a(lib_a-mprec.o)
                0x0000000006026e14                _Balloc
                0x0000000006026e88                _Bfree
                0x0000000006026ea0                __multadd
                0x0000000006026f48                __s2b
                0x0000000006027008                __hi0bits
                0x000000000602705c                __lo0bits
                0x00000000060270c0                __i2b
                0x00000000060270dc                __multiply
                0x0000000006027220                __pow5mult
                0x00000000060272dc                __lshift
                0x00000000060273d0                __mcmp
                0x0000000006027408                __mdiff
                0x00000000060274e4                __ulp
                0x0000000006027550                __b2d
                0x0000000006027638                __d2b
                0x0000000006027724                __ratio
                0x00000000060277a8                _mprec_log10
                0x0000000006027800                __copybits
                0x0000000006027844                __any_on
 .text          0x00000000060278b0      0x14c /joe/Compiler/LINUX/bin/../lib/gcc/sh-none-elf/8.2.0/../../../../sh-none-elf/lib/libc.a(lib_a-refill.o)
                0x00000000060278c8                __srefill_r
 .text          0x00000000060279fc       0xe0 /joe/Compiler/LINUX/bin/../lib/gcc/sh-none-elf/8.2.0/../../../../sh-none-elf/lib/libc.a(lib_a-stdio.o)
                0x00000000060279fc                __sread
                0x0000000006027a38                __seofread
                0x0000000006027a3c                __swrite
                0x0000000006027a8c                __sseek
                0x0000000006027acc                __sclose
 .text          0x0000000006027adc      0xa60 /joe/Compiler/LINUX/bin/../lib/gcc/sh-none-elf/8.2.0/../../../../sh-none-elf/lib/libc.a(lib_a-svfiprintf.o)
                0x0000000006027adc                __ssprint_r
                0x0000000006027c10                _svfiprintf_r
 .text          0x000000000602853c       0x40 /joe/Compiler/LINUX/bin/../lib/gcc/sh-none-elf/8.2.0/../../../../sh-none-elf/lib/libc.a(lib_a-wctomb_r.o)
                0x000000000602853c                _wctomb_r
                0x000000000602855c                __ascii_wctomb
 .text          0x000000000602857c       0x34 /joe/Compiler/LINUX/bin/../lib/gcc/sh-none-elf/8.2.0/../../../../sh-none-elf/lib/libc.a(lib_a-writer.o)
                0x000000000602857c                _write_r
 .text          0x00000000060285b0       0x30 /joe/Compiler/LINUX/bin/../lib/gcc/sh-none-elf/8.2.0/../../../../sh-none-elf/lib/libc.a(lib_a-closer.o)
                0x00000000060285b0                _close_r
 .text          0x00000000060285e0        0x0 /joe/Compiler/LINUX/bin/../lib/gcc/sh-none-elf/8.2.0/../../../../sh-none-elf/lib/libc.a(lib_a-ctype_.o)
 .text          0x00000000060285e0       0xc8 /joe/Compiler/LINUX/bin/../lib/gcc/sh-none-elf/8.2.0/../../../../sh-none-elf/lib/libc.a(lib_a-fclose.o)
                0x00000000060285e0                _fclose_r
                0x0000000006028694                fclose
 .text          0x00000000060286a8       0x34 /joe/Compiler/LINUX/bin/../lib/gcc/sh-none-elf/8.2.0/../../../../sh-none-elf/lib/libc.a(lib_a-fstatr.o)
                0x00000000060286a8                _fstat_r
 .text          0x00000000060286dc       0x30 /joe/Compiler/LINUX/bin/../lib/gcc/sh-none-elf/8.2.0/../../../../sh-none-elf/lib/libc.a(lib_a-isattyr.o)
                0x00000000060286dc                _isatty_r
 .text          0x000000000602870c       0x34 /joe/Compiler/LINUX/bin/../lib/gcc/sh-none-elf/8.2.0/../../../../sh-none-elf/lib/libc.a(lib_a-lseekr.o)
                0x000000000602870c                _lseek_r
 .text          0x0000000006028740       0x3c /joe/Compiler/LINUX/bin/../lib/gcc/sh-none-elf/8.2.0/../../../../sh-none-elf/lib/libc.a(lib_a-memmove.o)
                0x0000000006028740                memmove
 .text          0x000000000602877c       0x34 /joe/Compiler/LINUX/bin/../lib/gcc/sh-none-elf/8.2.0/../../../../sh-none-elf/lib/libc.a(lib_a-readr.o)
                0x000000000602877c                _read_r
 .text          0x00000000060287b0      0x100 /joe/Compiler/LINUX/bin/../lib/gcc/sh-none-elf/8.2.0/../../../../sh-none-elf/lib/libc.a(lib_a-reent.o)
                0x00000000060287b0                cleanup_glue
                0x00000000060287dc                _reclaim_reent
 .text          0x00000000060288b0      0x25c /joe/Compiler/LINUX/bin/../lib/gcc/sh-none-elf/8.2.0/../../../../sh-none-elf/lib/libc.a(lib_a-syscalls.o)
                0x0000000006028928                _read
                0x0000000006028938                _lseek
                0x0000000006028948                _write
                0x0000000006028958                _close
                0x0000000006028968                _link
                0x000000000602896c                _sbrk
                0x00000000060289c4                _fstat
                0x00000000060289ce                _open
                0x00000000060289e0                _creat
                0x00000000060289f0                _unlink
                0x00000000060289f4                isatty
                0x00000000060289f8                _isatty
                0x00000000060289fc                _exit
                0x0000000006028a0c                _kill
                0x0000000006028a20                _getpid
                0x0000000006028a24                _raise
                0x0000000006028a28                _stat
                0x0000000006028a38                _chmod
                0x0000000006028a48                _chown
                0x0000000006028a58                _utime
                0x0000000006028a6c                _fork
                0x0000000006028a78                _wait
                0x0000000006028a88                _execve
                0x0000000006028a98                _execv
                0x0000000006028aa8                _pipe
                0x0000000006028ab4                _times
                0x0000000006028ab8                _gettimeofday
                0x0000000006028ae0                __setup_argv_and_call_main
 .text          0x0000000006028b0c       0x14 /joe/Compiler/LINUX/bin/../lib/gcc/sh-none-elf/8.2.0/../../../../sh-none-elf/lib/libc.a(lib_a-trap.o)
                0x0000000006028b0c                __trap34
 .text          0x0000000006028b20       0x18 /joe/Compiler/LINUX/bin/../lib/gcc/sh-none-elf/8.2.0/../../../../sh-none-elf/lib/libc.a(lib_a-abort.o)
                0x0000000006028b20                abort
 .text          0x0000000006028b38      0x1b0 /joe/Compiler/LINUX/bin/../lib/gcc/sh-none-elf/8.2.0/../../../../sh-none-elf/lib/libc.a(lib_a-signal.o)
                0x0000000006028b38                _init_signal_r
                0x0000000006028b74                _signal_r
                0x0000000006028bc0                _raise_r
                0x0000000006028c38                __sigtramp_r
                0x0000000006028c9c                raise
                0x0000000006028cb0                signal
                0x0000000006028cc4                _init_signal
                0x0000000006028cd4                __sigtramp
 .text          0x0000000006028ce8       0x40 /joe/Compiler/LINUX/bin/../lib/gcc/sh-none-elf/8.2.0/../../../../sh-none-elf/lib/libc.a(lib_a-signalr.o)
                0x0000000006028ce8                _kill_r
                0x0000000006028d1c                _getpid_r
 .text          0x0000000006028d28       0x80 /joe/Compiler/LINUX/bin/../lib/gcc/sh-none-elf/8.2.0/libgcc.a(_ashiftrt_n.o)
                0x0000000006028d28                __ashrsi3
 .text          0x0000000006028da8       0xbc /joe/Compiler/LINUX/bin/../lib/gcc/sh-none-elf/8.2.0/libgcc.a(_ashiftlt.o)
                0x0000000006028da8                __ashlsi3
                0x0000000006028dac                __ashlsi3_r0
 .text          0x0000000006028e64       0xbc /joe/Compiler/LINUX/bin/../lib/gcc/sh-none-elf/8.2.0/libgcc.a(_lshiftrt.o)
                0x0000000006028e64                __lshrsi3
                0x0000000006028e68                __lshrsi3_r0
 .text          0x0000000006028f20      0x258 /joe/Compiler/LINUX/bin/../lib/gcc/sh-none-elf/8.2.0/libgcc.a(_udivdi3.o)
                0x0000000006028f20                __udivdi3
 .text          0x0000000006029178      0x2bc /joe/Compiler/LINUX/bin/../lib/gcc/sh-none-elf/8.2.0/libgcc.a(_umoddi3.o)
                0x0000000006029178                __umoddi3
 .text          0x0000000006029434      0x3b4 /joe/Compiler/LINUX/bin/../lib/gcc/sh-none-elf/8.2.0/libgcc.a(_addsub_df.o)
                0x0000000006029744                __adddf3
                0x0000000006029794                __subdf3
 .text          0x00000000060297e8      0x208 /joe/Compiler/LINUX/bin/../lib/gcc/sh-none-elf/8.2.0/libgcc.a(_mul_df.o)
                0x00000000060297e8                __muldf3
 .text          0x00000000060299f0      0x130 /joe/Compiler/LINUX/bin/../lib/gcc/sh-none-elf/8.2.0/libgcc.a(_div_df.o)
                0x00000000060299f0                __divdf3
 .text          0x0000000006029b20       0x58 /joe/Compiler/LINUX/bin/../lib/gcc/sh-none-elf/8.2.0/libgcc.a(_eq_df.o)
                0x0000000006029b20                __eqdf2
 .text          0x0000000006029b78       0x58 /joe/Compiler/LINUX/bin/../lib/gcc/sh-none-elf/8.2.0/libgcc.a(_ne_df.o)
                0x0000000006029b78                __nedf2
 .text          0x0000000006029bd0       0x50 /joe/Compiler/LINUX/bin/../lib/gcc/sh-none-elf/8.2.0/libgcc.a(_gt_df.o)
                0x0000000006029bd0                __gtdf2
 .text          0x0000000006029c20       0x50 /joe/Compiler/LINUX/bin/../lib/gcc/sh-none-elf/8.2.0/libgcc.a(_ge_df.o)
                0x0000000006029c20                __gedf2
 .text          0x0000000006029c70       0x58 /joe/Compiler/LINUX/bin/../lib/gcc/sh-none-elf/8.2.0/libgcc.a(_lt_df.o)
                0x0000000006029c70                __ltdf2
 .text          0x0000000006029cc8       0x58 /joe/Compiler/LINUX/bin/../lib/gcc/sh-none-elf/8.2.0/libgcc.a(_le_df.o)
                0x0000000006029cc8                __ledf2
 .text          0x0000000006029d20       0x40 /joe/Compiler/LINUX/bin/../lib/gcc/sh-none-elf/8.2.0/libgcc.a(_unord_df.o)
                0x0000000006029d20                __unorddf2
 .text          0x0000000006029d60       0xa8 /joe/Compiler/LINUX/bin/../lib/gcc/sh-none-elf/8.2.0/libgcc.a(_si_to_df.o)
                0x0000000006029d60                __floatsidf
 .text          0x0000000006029e08       0xa4 /joe/Compiler/LINUX/bin/../lib/gcc/sh-none-elf/8.2.0/libgcc.a(_df_to_si.o)
                0x0000000006029e08                __fixdfsi
 .text          0x0000000006029eac        0x0 /joe/Compiler/LINUX/bin/../lib/gcc/sh-none-elf/8.2.0/libgcc.a(_thenan_df.o)
 .text          0x0000000006029eac       0x88 /joe/Compiler/LINUX/bin/../lib/gcc/sh-none-elf/8.2.0/libgcc.a(_usi_to_df.o)
                0x0000000006029eac                __floatunsidf
 *fill*         0x0000000006029f34        0x4 
 .text          0x0000000006029f38       0x60 /joe/Compiler/LINUX/bin/../lib/gcc/sh-none-elf/8.2.0/libgcc.a(_udiv_qrnnd_16.o)
                0x0000000006029f38                __udiv_qrnnd_16
 .text          0x0000000006029f98        0x0 /joe/Compiler/LINUX/bin/../lib/gcc/sh-none-elf/8.2.0/libgcc.a(_clz.o)
 .text          0x0000000006029f98       0x58 /joe/Compiler/LINUX/bin/../lib/gcc/sh-none-elf/8.2.0/libgcc.a(_clzsi2.o)
                0x0000000006029f98                __clzsi2
 .text          0x0000000006029ff0      0x25c /joe/Compiler/LINUX/bin/../lib/gcc/sh-none-elf/8.2.0/libgcc.a(_pack_df.o)
                0x0000000006029ff0                __pack_d
 .text          0x000000000602a24c       0xcc /joe/Compiler/LINUX/bin/../lib/gcc/sh-none-elf/8.2.0/libgcc.a(_unpack_df.o)
                0x000000000602a24c                __unpack_d
 .text          0x000000000602a318       0xc8 /joe/Compiler/LINUX/bin/../lib/gcc/sh-none-elf/8.2.0/libgcc.a(_fpcmp_parts_df.o)
                0x000000000602a318                __fpcmp_parts_d
 *(.strings)
 *(SEGA_P)
 *(.eh_frame_hdr)
 *(.eh_frame)
 .eh_frame      0x000000000602a3e0       0xa8 /joe/Compiler/LINUX/bin/../lib/gcc/sh-none-elf/8.2.0/libgcc.a(_udivdi3.o)
 .eh_frame      0x000000000602a488       0xdc /joe/Compiler/LINUX/bin/../lib/gcc/sh-none-elf/8.2.0/libgcc.a(_umoddi3.o)
                0x000000000602a564                __etext = .

.text.startup   0x000000000602a570      0xc20
 .text.startup  0x000000000602a570      0xc14 /tmp/cc78dQvd.ltrans0.ltrans.o
                0x000000000602a570                main

SLPROG          0x000000000602b1a0    0x158a0
                0x000000000602b1a0                __slprog_start = .
 *(SLPROG)
 SLPROG         0x000000000602b1a0     0x6540 /joe/Compiler/COMMON/SGL_302j/LIB_ELF/SGLAREA.O
                0x000000000602b1a0                MasterStack
                0x000000000602b1a4                SlaveStack
                0x000000000602b1a8                MaxVertices
                0x000000000602b1aa                MaxPolygons
                0x000000000602b1ac                SortList
                0x000000000602b1b0                SortListSize
                0x000000000602b1b4                TransList
                0x000000000602b1b8                Zbuffer
                0x000000000602b1bc                SpriteBuf
                0x000000000602b1c0                SpriteBufSize
                0x000000000602b1c4                Pbuffer
                0x000000000602b1c8                CommandBuf
                0x000000000602b1cc                CLOfstBuf
                0x000000000602b1d0                PCM_Work
                0x000000000602b1d4                PCM_WkSize
                0x000000000602b1d8                MaxEvents
                0x000000000602b1da                EventSize
                0x000000000602b1dc                MaxWorks
                0x000000000602b1de                WorkSize
                0x000000000602b1e0                RemainEvent
                0x000000000602b2e0                RemainWork
                0x000000000602b6e0                EventBuf
                0x000000000602d6e0                WorkBuf
 SLPROG         0x00000000060316e0     0x411e /joe/Compiler/COMMON/SGL_302j/LIB_ELF/LIBSGL.A(sglA01.o)
                0x00000000060316e0                slSin
                0x0000000006031704                slCos
                0x0000000006031728                GetSinCos
                0x00000000060317bc                sin_cos_index_tbl
                0x00000000060317fc                sin_tbl
 *fill*         0x00000000060357fe        0x2 
 SLPROG         0x0000000006035800       0x18 /joe/Compiler/COMMON/SGL_302j/LIB_ELF/LIBSGL.A(sglA15.o)
                0x0000000006035800                slSlaveFunc
 *fill*         0x0000000006035818        0x8 
 SLPROG         0x0000000006035820       0xd0 /joe/Compiler/COMMON/SGL_302j/LIB_ELF/LIBSGL.A(sglA16.o)
                0x0000000006035820                slLookAt
 SLPROG         0x00000000060358f0       0x78 /joe/Compiler/COMMON/SGL_302j/LIB_ELF/LIBSGL.A(sglA17.o)
                0x00000000060358f0                slRotZ
                0x00000000060358fa                slRotZSC
 *fill*         0x0000000006035968        0x8 
 SLPROG         0x0000000006035970       0x78 /joe/Compiler/COMMON/SGL_302j/LIB_ELF/LIBSGL.A(sglA18.o)
                0x0000000006035970                slRotY
                0x000000000603597a                slRotYSC
 *fill*         0x00000000060359e8        0x8 
 SLPROG         0x00000000060359f0       0x78 /joe/Compiler/COMMON/SGL_302j/LIB_ELF/LIBSGL.A(sglA19.o)
                0x00000000060359f0                slRotX
                0x00000000060359fa                slRotXSC
 *fill*         0x0000000006035a68        0x8 
 SLPROG         0x0000000006035a70      0x42c /joe/Compiler/COMMON/SGL_302j/LIB_ELF/LIBSGL.A(sglA20.o)
                0x0000000006035a70                slInitMatrix
                0x0000000006035a7a                slPushUnitMatrix
                0x0000000006035a8e                slUnitMatrix
 *fill*         0x0000000006035e9c        0x4 
 SLPROG         0x0000000006035ea0       0x48 /joe/Compiler/COMMON/SGL_302j/LIB_ELF/LIBSGL.A(sglA21.o)
                0x0000000006035ea0                slPushMatrix
                0x0000000006035ed4                slPopMatrix
                0x0000000006035ed4                slDecMatrixPtr
 *fill*         0x0000000006035ee8        0x8 
 SLPROG         0x0000000006035ef0       0x50 /joe/Compiler/COMMON/SGL_302j/LIB_ELF/LIBSGL.A(sglA27.o)
                0x0000000006035ef0                slTranslate
 SLPROG         0x0000000006035f40       0x70 /joe/Compiler/COMMON/SGL_302j/LIB_ELF/LIBSGL.A(sglA28.o)
                0x0000000006035f40                slScale
 SLPROG         0x0000000006035fb0       0x22 /joe/Compiler/COMMON/SGL_302j/LIB_ELF/LIBSGL.A(sglA40.o)
                0x0000000006035fb0                slCalcVector
 *fill*         0x0000000006035fd2        0xe 
 SLPROG         0x0000000006035fe0       0x20 /joe/Compiler/COMMON/SGL_302j/LIB_ELF/LIBSGL.A(sglB001.o)
                0x0000000006035fe0                slTVOn
                0x0000000006035fea                slTVOff
 SLPROG         0x0000000006036000       0x24 /joe/Compiler/COMMON/SGL_302j/LIB_ELF/LIBSGL.A(sglB011.o)
                0x0000000006036000                slBitMapNbg1
 *fill*         0x0000000006036024        0xc 
 SLPROG         0x0000000006036030        0x8 /joe/Compiler/COMMON/SGL_302j/LIB_ELF/LIBSGL.A(sglB014.o)
                0x0000000006036030                slScrTransparent
 *fill*         0x0000000006036038        0x8 
 SLPROG         0x0000000006036040      0x40c /joe/Compiler/COMMON/SGL_302j/LIB_ELF/LIBSGL.A(sglB015.o)
                0x0000000006036040                slScrAutoDisp
 *fill*         0x000000000603644c        0x4 
 SLPROG         0x0000000006036450        0xc /joe/Compiler/COMMON/SGL_302j/LIB_ELF/LIBSGL.A(sglB016.o)
                0x0000000006036450                slBack1ColSet
 *fill*         0x000000000603645c        0x4 
 SLPROG         0x0000000006036460       0x10 /joe/Compiler/COMMON/SGL_302j/LIB_ELF/LIBSGL.A(sglB020.o)
                0x0000000006036460                slColorCalc
 SLPROG         0x0000000006036470        0xc /joe/Compiler/COMMON/SGL_302j/LIB_ELF/LIBSGL.A(sglB021.o)
                0x0000000006036470                slColorCalcOn
 *fill*         0x000000000603647c        0x4 
 SLPROG         0x0000000006036480        0xc /joe/Compiler/COMMON/SGL_302j/LIB_ELF/LIBSGL.A(sglB023.o)
                0x0000000006036480                slColRate
 *fill*         0x000000000603648c        0x4 
 SLPROG         0x0000000006036490       0xb0 /joe/Compiler/COMMON/SGL_302j/LIB_ELF/LIBSGL.A(sglB031.o)
                0x0000000006036490                slMapNbg0
 SLPROG         0x0000000006036540       0xb4 /joe/Compiler/COMMON/SGL_302j/LIB_ELF/LIBSGL.A(sglB032.o)
                0x0000000006036540                slMapNbg1
 *fill*         0x00000000060365f4        0xc 
 SLPROG         0x0000000006036600       0xb0 /joe/Compiler/COMMON/SGL_302j/LIB_ELF/LIBSGL.A(sglB033.o)
                0x0000000006036600                slMapNbg2
 SLPROG         0x00000000060366b0       0xb4 /joe/Compiler/COMMON/SGL_302j/LIB_ELF/LIBSGL.A(sglB034.o)
                0x00000000060366b0                slMapNbg3
 *fill*         0x0000000006036764        0xc 
 SLPROG         0x0000000006036770       0xd4 /joe/Compiler/COMMON/SGL_302j/LIB_ELF/LIBSGL.A(sglB035.o)
                0x0000000006036770                sl1MapRA
                0x0000000006036802                rbank_set
 *fill*         0x0000000006036844        0xc 
 SLPROG         0x0000000006036850       0xa0 /joe/Compiler/COMMON/SGL_302j/LIB_ELF/LIBSGL.A(sglB036.o)
                0x0000000006036850                sl1MapRB
 SLPROG         0x00000000060368f0       0x70 /joe/Compiler/COMMON/SGL_302j/LIB_ELF/LIBSGL.A(sglB038.o)
                0x00000000060368f0                slRparaInitSet
 SLPROG         0x0000000006036960       0x7e /joe/Compiler/COMMON/SGL_302j/LIB_ELF/LIBSGL.A(sglB039.o)
                0x0000000006036960                slMakeKtable
 *fill*         0x00000000060369de        0x2 
 SLPROG         0x00000000060369e0       0x58 /joe/Compiler/COMMON/SGL_302j/LIB_ELF/LIBSGL.A(sglB040.o)
                0x00000000060369e0                slKtableRA
 *fill*         0x0000000006036a38        0x8 
 SLPROG         0x0000000006036a40       0x5c /joe/Compiler/COMMON/SGL_302j/LIB_ELF/LIBSGL.A(sglB041.o)
                0x0000000006036a40                slKtableRB
 *fill*         0x0000000006036a9c        0x4 
 SLPROG         0x0000000006036aa0       0x10 /joe/Compiler/COMMON/SGL_302j/LIB_ELF/LIBSGL.A(sglB042.o)
                0x0000000006036aa0                slCurRpara
 SLPROG         0x0000000006036ab0        0x8 /joe/Compiler/COMMON/SGL_302j/LIB_ELF/LIBSGL.A(sglB043.o)
                0x0000000006036ab0                slRparaMode
 *fill*         0x0000000006036ab8        0x8 
 SLPROG         0x0000000006036ac0      0x4e4 /joe/Compiler/COMMON/SGL_302j/LIB_ELF/LIBSGL.A(sglB044.o)
                0x0000000006036ac0                slScrMatSet
 *fill*         0x0000000006036fa4        0xc 
 SLPROG         0x0000000006036fb0       0x28 /joe/Compiler/COMMON/SGL_302j/LIB_ELF/LIBSGL.A(sglB045.o)
                0x0000000006036fb0                slScrMatConv
 *fill*         0x0000000006036fd8        0x8 
 SLPROG         0x0000000006036fe0        0xc /joe/Compiler/COMMON/SGL_302j/LIB_ELF/LIBSGL.A(sglB047.o)
                0x0000000006036fe0                slOverRA
 *fill*         0x0000000006036fec        0x4 
 SLPROG         0x0000000006036ff0       0x10 /joe/Compiler/COMMON/SGL_302j/LIB_ELF/LIBSGL.A(sglB048.o)
                0x0000000006036ff0                slOverRB
 SLPROG         0x0000000006037000        0xc /joe/Compiler/COMMON/SGL_302j/LIB_ELF/LIBSGL.A(sglB055.o)
                0x0000000006037000                slPlaneNbg0
 *fill*         0x000000000603700c        0x4 
 SLPROG         0x0000000006037010        0xc /joe/Compiler/COMMON/SGL_302j/LIB_ELF/LIBSGL.A(sglB056.o)
                0x0000000006037010                slPlaneNbg1
 *fill*         0x000000000603701c        0x4 
 SLPROG         0x0000000006037020       0x10 /joe/Compiler/COMMON/SGL_302j/LIB_ELF/LIBSGL.A(sglB057.o)
                0x0000000006037020                slPlaneNbg2
 SLPROG         0x0000000006037030       0x10 /joe/Compiler/COMMON/SGL_302j/LIB_ELF/LIBSGL.A(sglB058.o)
                0x0000000006037030                slPlaneNbg3
 SLPROG         0x0000000006037040        0xc /joe/Compiler/COMMON/SGL_302j/LIB_ELF/LIBSGL.A(sglB059.o)
                0x0000000006037040                slPlaneRA
 *fill*         0x000000000603704c        0x4 
 SLPROG         0x0000000006037050       0x10 /joe/Compiler/COMMON/SGL_302j/LIB_ELF/LIBSGL.A(sglB060.o)
                0x0000000006037050                slPlaneRB
 SLPROG         0x0000000006037060        0xc /joe/Compiler/COMMON/SGL_302j/LIB_ELF/LIBSGL.A(sglB063.o)
                0x0000000006037060                slPriority
 *fill*         0x000000000603706c        0x4 
 SLPROG         0x0000000006037070       0x18 /joe/Compiler/COMMON/SGL_302j/LIB_ELF/LIBSGL.A(sglB087.o)
                0x0000000006037070                slLineScrollTable0
 *fill*         0x0000000006037088        0x8 
 SLPROG         0x0000000006037090        0x8 /joe/Compiler/COMMON/SGL_302j/LIB_ELF/LIBSGL.A(sglB088.o)
                0x0000000006037090                slLineScrollTable1
 *fill*         0x0000000006037098        0x8 
 SLPROG         0x00000000060370a0        0xc /joe/Compiler/COMMON/SGL_302j/LIB_ELF/LIBSGL.A(sglB090.o)
                0x00000000060370a0                slLineScrollMode
 *fill*         0x00000000060370ac        0x4 
 SLPROG         0x00000000060370b0      0x114 /joe/Compiler/COMMON/SGL_302j/LIB_ELF/LIBSGL.A(sglB200.o)
                0x00000000060370b0                slCharRbg0
                0x00000000060370bc                slCharNbg0
                0x00000000060370c8                slCharNbg1
                0x00000000060370d4                slCharNbg2
                0x00000000060370ea                slCharNbg3
                0x0000000006037102                slPageRbg0
                0x0000000006037118                slPageNbg1
                0x0000000006037120                slPageNbg2
                0x0000000006037128                slPageNbg3
                0x0000000006037134                slPageNbg0
 *fill*         0x00000000060371c4        0xc 
 SLPROG         0x00000000060371d0       0x6c /joe/Compiler/COMMON/SGL_302j/LIB_ELF/LIBSGL.A(sglC01.o)
                0x00000000060371d0                slPerspective
 *fill*         0x000000000603723c        0x4 
 SLPROG         0x0000000006037240       0xc4 /joe/Compiler/COMMON/SGL_302j/LIB_ELF/LIBSGL.A(sglC03.o)
                0x0000000006037240                slWindow
 *fill*         0x0000000006037304        0xc 
 SLPROG         0x0000000006037310       0x2c /joe/Compiler/COMMON/SGL_302j/LIB_ELF/LIBSGL.A(sglC04.o)
                0x0000000006037310                slZdspLevel
 *fill*         0x000000000603733c        0x4 
 SLPROG         0x0000000006037340       0x78 /joe/Compiler/COMMON/SGL_302j/LIB_ELF/LIBSGL.A(sglC05.o)
                0x0000000006037340                slSetSprite
 *fill*         0x00000000060373b8        0x8 
 SLPROG         0x00000000060373c0       0xfa /joe/Compiler/COMMON/SGL_302j/LIB_ELF/LIBSGL.A(sglC06.o)
                0x00000000060373c0                slDispSprite
 *fill*         0x00000000060374ba        0x6 
 SLPROG         0x00000000060374c0      0x162 /joe/Compiler/COMMON/SGL_302j/LIB_ELF/LIBSGL.A(sglC07.o)
                0x00000000060374c6                slPutSprite
 *fill*         0x0000000006037622        0xe 
 SLPROG         0x0000000006037630     0x1218 /joe/Compiler/COMMON/SGL_302j/LIB_ELF/LIBSGL.A(sglC08.o)
                0x0000000006037630                slPutPolygon
                0x00000000060382ac                MsCalcDepthFlat
 *fill*         0x0000000006038848        0x8 
 SLPROG         0x0000000006038850       0x8c /joe/Compiler/COMMON/SGL_302j/LIB_ELF/LIBSGL.A(sglC14.o)
                0x0000000006038850                slCurWindow
 *fill*         0x00000000060388dc        0x4 
 SLPROG         0x00000000060388e0       0x54 /joe/Compiler/COMMON/SGL_302j/LIB_ELF/LIBSGL.A(sglC16.o)
                0x00000000060388e0                slDynamicFrame
 *fill*         0x0000000006038934        0xc 
 SLPROG         0x0000000006038940       0x4c /joe/Compiler/COMMON/SGL_302j/LIB_ELF/LIBSGL.A(sglC17.o)
                0x0000000006038940                slDispSpriteHV
 *fill*         0x000000000603898c        0x4 
 SLPROG         0x0000000006038990       0xd4 /joe/Compiler/COMMON/SGL_302j/LIB_ELF/LIBSGL.A(sglC19.o)
                0x0000000006038990                slDispSprite4P
 *fill*         0x0000000006038a64        0xc 
 SLPROG         0x0000000006038a70       0x40 /joe/Compiler/COMMON/SGL_302j/LIB_ELF/LIBSGL.A(sglC20.o)
                0x0000000006038a70                SpriteEntry
 SLPROG         0x0000000006038ab0      0x4ae /joe/Compiler/COMMON/SGL_302j/LIB_ELF/LIBSGL.A(sglC21.o)
                0x0000000006038b38                RotSprite
                0x0000000006038bc6                SetSprPosition
 *fill*         0x0000000006038f5e        0x2 
 SLPROG         0x0000000006038f60       0x84 /joe/Compiler/COMMON/SGL_302j/LIB_ELF/LIBSGL.A(sglD00.o)
                0x0000000006038f60                slDMACopy
                0x0000000006038f60                slCpuDMACopy
                0x0000000006038fba                slCashPurge
                0x0000000006038fba                CSH_AllClr
 *fill*         0x0000000006038fe4        0xc 
 SLPROG         0x0000000006038ff0       0xa0 /joe/Compiler/COMMON/SGL_302j/LIB_ELF/LIBSGL.A(sglD01.o)
                0x0000000006038ff0                slDMAXCopy
 SLPROG         0x0000000006039090       0x10 /joe/Compiler/COMMON/SGL_302j/LIB_ELF/LIBSGL.A(sglD02.o)
                0x0000000006039090                slDMAWait
 SLPROG         0x00000000060390a0        0xc /joe/Compiler/COMMON/SGL_302j/LIB_ELF/LIBSGL.A(sglD03.o)
                0x00000000060390a0                slDMAStatus
 *fill*         0x00000000060390ac        0x4 
 SLPROG         0x00000000060390b0       0x20 /joe/Compiler/COMMON/SGL_302j/LIB_ELF/LIBSGL.A(sglD15.o)
                0x00000000060390b0                CSH_Purge
 SLPROG         0x00000000060390d0       0x84 /joe/Compiler/COMMON/SGL_302j/LIB_ELF/LIBSGL.A(sglD16.o)
                0x00000000060390d0                DMA_ScuSetPrm
                0x0000000006039118                DMA_SCU_PRM0
 *fill*         0x0000000006039154        0xc 
 SLPROG         0x0000000006039160       0x88 /joe/Compiler/COMMON/SGL_302j/LIB_ELF/LIBSGL.A(sglD17.o)
                0x0000000006039160                DMA_ScuStart
 *fill*         0x00000000060391e8        0x8 
 SLPROG         0x00000000060391f0       0x34 /joe/Compiler/COMMON/SGL_302j/LIB_ELF/LIBSGL.A(sglD18.o)
                0x00000000060391f0                DMA_ScuGetStatus
 *fill*         0x0000000006039224        0xc 
 SLPROG         0x0000000006039230       0x34 /joe/Compiler/COMMON/SGL_302j/LIB_ELF/LIBSGL.A(sglF08.o)
                0x0000000006039230                slDec2Hex
 *fill*         0x0000000006039264        0xc 
 SLPROG         0x0000000006039270      0xfc8 /joe/Compiler/COMMON/SGL_302j/LIB_ELF/LIBSGL.A(sglH00.o)
                0x0000000006039288                slGetPortDir1
                0x0000000006039290                slGetPortDir2
                0x0000000006039298                slSetPortDir1
                0x00000000060392c2                slSetPortDir2
                0x00000000060392fc                slGetPortData1
                0x0000000006039304                slGetPortData2
                0x000000000603930c                slSetPortData1
                0x0000000006039316                slSetPortData2
                0x0000000006039328                slGetPortSelect1
                0x0000000006039332                slGetPortSelect2
                0x000000000603933c                slSetPortSelect1
                0x0000000006039370                slSetPortSelect2
                0x00000000060393ac                slGetPortExt1
                0x00000000060393b6                slGetPortExt2
                0x00000000060393c0                slSetPortExt1
                0x00000000060393f0                slSetPortExt2
                0x0000000006039564                slSmpcDirectAccess
                0x00000000060395e4                slInitPeripheral
                0x0000000006039676                slSetResultBuffer
                0x0000000006039702                slCheckIntBackSet
                0x000000000603970e                slIntBackCancel
                0x0000000006039738                slCheckReset
                0x0000000006039742                slClearReset
                0x0000000006039908                slSmpcCashSend
                0x00000000060399c4                slSmpcCashBlow
                0x0000000006039aa0                slGetOptimize
                0x0000000006039aaa                slSetOptimize
                0x0000000006039ad0                slGetPortMode1
                0x0000000006039adc                slGetPortMode2
                0x0000000006039aea                slSetPortMode1
                0x0000000006039b28                slSetPortMode2
                0x0000000006039cb4                slRequestCommand
                0x0000000006039d24                Smpc_Status
                0x0000000006039d28                Smpc_Result
                0x0000000006039d2c                Smpc_Peripheral
                0x0000000006039d32                Per_Connect1
                0x0000000006039d33                Per_Connect2
                0x0000000006039d54                SmpcStatusBuf
 *fill*         0x000000000603a238        0x8 
 SLPROG         0x000000000603a240       0xa8 /joe/Compiler/COMMON/SGL_302j/LIB_ELF/LIBSGL.A(sglH01.o)
                0x000000000603a240                slGetLanguage
                0x000000000603a24a                slSetLanguage
                0x000000000603a26c                slGetSoundEffect
                0x000000000603a278                slSetSoundEffect
                0x000000000603a294                slGetSoundOutput
                0x000000000603a2a0                slSetSoundOutput
                0x000000000603a2bc                slGetHelpWindow
                0x000000000603a2c8                slSetHelpWindow
 *fill*         0x000000000603a2e8        0x8 
 SLPROG         0x000000000603a2f0      0x470 /joe/Compiler/COMMON/SGL_302j/LIB_ELF/LIBSGL.A(sglH02.o)
                0x000000000603a6e0                smpc_pfr_tbl
                0x000000000603a720                smpc_ptf_tbl
 SLPROG         0x000000000603a760       0x60 /joe/Compiler/COMMON/SGL_302j/LIB_ELF/LIBSGL.A(sglH04.o)
                0x000000000603a760                slComPrmIntBack
                0x000000000603a774                slComPrmSetMemory
                0x000000000603a78a                slComPrmSetTime
 SLPROG         0x000000000603a7c0      0x3a4 /joe/Compiler/COMMON/SGL_302j/LIB_ELF/LIBSGL.A(sglI01.o)
                0x000000000603a7c0                slInitSynch
                0x000000000603a7da                slSynch
                0x000000000603a8d0                slRandom
                0x000000000603a8ee                PCM_EndCheck
                0x000000000603a9aa                RetPCMBuf
                0x000000000603aa44                PCM_Buf
                0x000000000603aae4                Sound_Buf
 *fill*         0x000000000603ab64        0xc 
 SLPROG         0x000000000603ab70       0x10 /joe/Compiler/COMMON/SGL_302j/LIB_ELF/LIBSGL.A(sglI04.o)
                0x000000000603ab70                slIntFunction
 SLPROG         0x000000000603ab80       0x74 /joe/Compiler/COMMON/SGL_302j/LIB_ELF/LIBSGL.A(sglJ00.o)
                0x000000000603ab80                InitSlaveSH
                0x000000000603abe8                SlaveCommand
 *fill*         0x000000000603abf4        0xc 
 SLPROG         0x000000000603ac00      0x3d0 /joe/Compiler/COMMON/SGL_302j/LIB_ELF/LIBSGL.A(sglJ01.o)
                0x000000000603ac00                SlaveControl
                0x000000000603afbc                ErasePolygonData
 SLPROG         0x000000000603afd0     0x12b8 /joe/Compiler/COMMON/SGL_302j/LIB_ELF/LIBSGL.A(sglJ02.o)
                0x000000000603afd0                sbMakePolygon
                0x000000000603b1b8                sbCalcPolygon
                0x000000000603bef0                SetTexture
                0x000000000603befc                SetPolygon
                0x000000000603bf04                SetPosition
                0x000000000603bf3c                stvtc_4
                0x000000000603bff4                stvtc_3
                0x000000000603c204                stvtc_1
                0x000000000603c218                stvtc_2
                0x000000000603c22c                stvtc_0
 *fill*         0x000000000603c288        0x8 
 SLPROG         0x000000000603c290      0x140 /joe/Compiler/COMMON/SGL_302j/LIB_ELF/LIBSGL.A(sglJ03.o)
                0x000000000603c290                sbMakeDMATable
 SLPROG         0x000000000603c3d0      0x470 /joe/Compiler/COMMON/SGL_302j/LIB_ELF/LIBSGL.A(sglJ04.o)
                0x000000000603c42e                sbMakeSprite
                0x000000000603c494                sbMakeRotSprite
 SLPROG         0x000000000603c840       0x3c /joe/Compiler/COMMON/SGL_302j/LIB_ELF/LIBSGL.A(sglJ05.o)
                0x000000000603c840                sbSortEntry
 *fill*         0x000000000603c87c        0x4 
 SLPROG         0x000000000603c880      0x4b8 /joe/Compiler/COMMON/SGL_302j/LIB_ELF/LIBSGL.A(sglM00.o)
                0x000000000603c880                slInitGouraud
                0x000000000603c974                slPutPolygonX
                0x000000000603c9ba                slGouraudTblCopy
                0x000000000603ca12                slSetGouraudTbl
                0x000000000603ca18                slSetGouraudColor
                0x000000000603ca90                slSetAmbient
                0x000000000603cab4                slSetFlatColor
 *fill*         0x000000000603cd38        0x8 
 SLPROG         0x000000000603cd40       0x6a /joe/Compiler/COMMON/SGL_302j/LIB_ELF/LIBSGL.A(sglM01.o)
                0x000000000603cd40                slSetDepthLimit
                0x000000000603cd6c                slSetDepthTbl
                0x000000000603cd9c                DepthWorkArea
 *fill*         0x000000000603cdaa        0x6 
 SLPROG         0x000000000603cdb0       0x20 /joe/Compiler/COMMON/SGL_302j/LIB_ELF/LIBSGL.A(sglA00.o)
                0x000000000603cdb0                set_imask
                0x000000000603cdb0                _builtin_set_imask
                0x000000000603cdc4                get_imask
                0x000000000603cdc4                _builtin_get_imask
 SLPROG         0x000000000603cdd0     0x215c /joe/Compiler/COMMON/SGL_302j/LIB_ELF/LIBSGL.A(sglA03.o)
                0x000000000603cdd0                slTan
 *fill*         0x000000000603ef2c        0x4 
 SLPROG         0x000000000603ef30       0x34 /joe/Compiler/COMMON/SGL_302j/LIB_ELF/LIBSGL.A(sglA10.o)
                0x000000000603ef30                slSquartDbl
 *fill*         0x000000000603ef64        0xc 
 SLPROG         0x000000000603ef70      0x3c2 /joe/Compiler/COMMON/SGL_302j/LIB_ELF/LIBSGL.A(sglA24.o)
                0x000000000603ef70                slInversMatrix
 *fill*         0x000000000603f332        0xe 
 SLPROG         0x000000000603f340       0x24 /joe/Compiler/COMMON/SGL_302j/LIB_ELF/LIBSGL.A(sglA25.o)
                0x000000000603f340                slTransposeMatrix
 *fill*         0x000000000603f364        0xc 
 SLPROG         0x000000000603f370      0xbd0 /joe/Compiler/COMMON/SGL_302j/LIB_ELF/LIBSGL.A(sglB000.o)
                0x000000000603f370                slInitScroll
                0x000000000603f490                setASC_1to8
                0x000000000603f4c0                setASC_4to8
                0x000000000603f5d0                TVSizeTbl
                0x000000000603f650                TVModeTbl
                0x000000000603f828                SGL_ASCII_CG
 SLPROG         0x000000000603ff40      0x134 /joe/Compiler/COMMON/SGL_302j/LIB_ELF/LIBSGL.A(sglC00.o)
                0x000000000603ff40                slInitSprite
 *fill*         0x0000000006040074        0xc 
 SLPROG         0x0000000006040080       0xac /joe/Compiler/COMMON/SGL_302j/LIB_ELF/LIBSGL.A(sglC13.o)
                0x0000000006040080                slPutPolygonS
 *fill*         0x000000000604012c        0x4 
 SLPROG         0x0000000006040130       0xc0 /joe/Compiler/COMMON/SGL_302j/LIB_ELF/LIBSGL.A(sglD19.o)
                0x0000000006040130                DMA_ScuMemCopy
 SLPROG         0x00000000060401f0      0x75c /joe/Compiler/COMMON/SGL_302j/LIB_ELF/LIBSGL.A(sglI00.o)
                0x00000000060404e0                slInitInterrupt
 *fill*         0x000000000604094c        0x4 
 SLPROG         0x0000000006040950       0xf0 /joe/Compiler/COMMON/SGL_302j/LIB_ELF/LIBSGL.A(sglH03.o)
                0x00000000060409b4                slSmpcIntBack