Archive member included to satisfy reference by file (symbol)

/joengine/Compiler/COMMON/SGL_302j/LIB_ELF/SEGA_SYS.A(sys_exit.o)
                              /work/jo_engine/core.o (symbol from plugin) (SYS_Exit)
/joengine/Compiler/COMMON/SGL_302j/LIB_ELF/SEGA_SYS.A(sys_sub.o)
                              /joengine/Compiler/COMMON/SGL_302j/LIB_ELF/SEGA_SYS.A(sys_exit.o) (SYSUB_SetStackptr)
/joengine/Compiler/COMMON/SGL_302j/LIB_ELF/LIBCD.A(CDC_CMN.O)
                              /joengine/Compiler/COMMON/SGL_302j/LIB_ELF/SEGA_SYS.A(sys_exit.o) (CDC_GetCurStat)
/joengine/Compiler/COMMON/SGL_302j/LIB_ELF/LIBCD.A(CDC_DRV.O)
                              pcmsys.o (symbol from plugin) (CDC_CdPlay)
/joengine/Compiler/COMMON/SGL_302j/LIB_ELF/LIBCD.A(CDC_CFS.O)
                              /joengine/Compiler/COMMON/SGL_302j/LIB_ELF/SEGA_SYS.A(sys_exit.o) (CDC_ChgDir)
/joengine/Compiler/COMMON/SGL_302j/LIB_ELF/LIBCD.A(CDC_REG.O)
                              /joengine/Compiler/COMMON/SGL_302j/LIB_ELF/SEGA_SYS.A(sys_exit.o) (CDC_GetHirqReq)
/joengine/Compiler/COMMON/SGL_302j/LIB_ELF/LIBCD.A(CDC_SUB.O)
                              /joengine/Compiler/COMMON/SGL_302j/LIB_ELF/LIBCD.A(CDC_CMN.O) (CDSUB_UpdStatus)
/joengine/Compiler/COMMON/SGL_302j/LIB_ELF/LIBCD.A(GFS.O)
                              pcmsys.o (symbol from plugin) (GFS_Init)
/joengine/Compiler/COMMON/SGL_302j/LIB_ELF/LIBCD.A(GFS_BUF.O)
                              /joengine/Compiler/COMMON/SGL_302j/LIB_ELF/LIBCD.A(GFS.O) (GFBF_GetNumData)
/joengine/Compiler/COMMON/SGL_302j/LIB_ELF/LIBCD.A(GFS_CDB.O)
                              /joengine/Compiler/COMMON/SGL_302j/LIB_ELF/LIBCD.A(GFS.O) (GFCB_Close)
/joengine/Compiler/COMMON/SGL_302j/LIB_ELF/LIBCD.A(GFS_CDC.O)
                              /joengine/Compiler/COMMON/SGL_302j/LIB_ELF/LIBCD.A(GFS.O) (GFCD_SetCdbfs)
/joengine/Compiler/COMMON/SGL_302j/LIB_ELF/LIBCD.A(GFS_CDF.O)
                              /joengine/Compiler/COMMON/SGL_302j/LIB_ELF/LIBCD.A(GFS.O) (GFCF_Init)
/joengine/Compiler/COMMON/SGL_302j/LIB_ELF/LIBCD.A(GFS_DIR.O)
                              /joengine/Compiler/COMMON/SGL_302j/LIB_ELF/LIBCD.A(GFS.O) (GFDR_SetupDirTbl)
/joengine/Compiler/COMMON/SGL_302j/LIB_ELF/LIBCD.A(GFS_TRN.O)
                              /joengine/Compiler/COMMON/SGL_302j/LIB_ELF/LIBCD.A(GFS.O) (GFTR_Setup)
/joengine/Compiler/COMMON/SGL_302j/LIB_ELF/LIBCD.A(CDC_DEV.O)
                              /joengine/Compiler/COMMON/SGL_302j/LIB_ELF/LIBCD.A(GFS_CDC.O) (CDC_CdSetCon)
/joengine/Compiler/COMMON/SGL_302j/LIB_ELF/LIBCD.A(CDC_SEL.O)
                              /joengine/Compiler/COMMON/SGL_302j/LIB_ELF/LIBCD.A(GFS_CDC.O) (CDC_SetFiltRange)
/joengine/Compiler/COMMON/SGL_302j/LIB_ELF/LIBCD.A(CDC_BIF.O)
                              /joengine/Compiler/COMMON/SGL_302j/LIB_ELF/LIBCD.A(GFS_CDC.O) (CDC_GetBufSiz)
/joengine/Compiler/COMMON/SGL_302j/LIB_ELF/LIBCD.A(CDC_BIO.O)
                              /joengine/Compiler/COMMON/SGL_302j/LIB_ELF/LIBCD.A(GFS_CDC.O) (CDC_SetSctLen)
/joengine/Compiler/COMMON/SGL_302j/LIB_ELF/LIBSGL.A(sglA01.o)
                              /work/jo_engine/math.o (symbol from plugin) (slSin)
/joengine/Compiler/COMMON/SGL_302j/LIB_ELF/LIBSGL.A(sglA15.o)
                              /work/jo_engine/slave.o (symbol from plugin) (slSlaveFunc)
/joengine/Compiler/COMMON/SGL_302j/LIB_ELF/LIBSGL.A(sglA16.o)
                              main.o (symbol from plugin) (slLookAt)
/joengine/Compiler/COMMON/SGL_302j/LIB_ELF/LIBSGL.A(sglA17.o)
                              /joengine/Compiler/COMMON/SGL_302j/LIB_ELF/LIBSGL.A(sglA16.o) (slRotZ)
/joengine/Compiler/COMMON/SGL_302j/LIB_ELF/LIBSGL.A(sglA18.o)
                              main.o (symbol from plugin) (slRotY)
/joengine/Compiler/COMMON/SGL_302j/LIB_ELF/LIBSGL.A(sglA19.o)
                              main.o (symbol from plugin) (slRotX)
/joengine/Compiler/COMMON/SGL_302j/LIB_ELF/LIBSGL.A(sglA20.o)
                              main.o (symbol from plugin) (slUnitMatrix)
/joengine/Compiler/COMMON/SGL_302j/LIB_ELF/LIBSGL.A(sglA21.o)
                              main.o (symbol from plugin) (slPushMatrix)
/joengine/Compiler/COMMON/SGL_302j/LIB_ELF/LIBSGL.A(sglA27.o)
                              /joengine/Compiler/COMMON/SGL_302j/LIB_ELF/LIBSGL.A(sglA16.o) (slTranslate)
/joengine/Compiler/COMMON/SGL_302j/LIB_ELF/LIBSGL.A(sglA28.o)
                              main.o (symbol from plugin) (slScale)
/joengine/Compiler/COMMON/SGL_302j/LIB_ELF/LIBSGL.A(sglA40.o)
                              main.o (symbol from plugin) (slCalcVector)
/joengine/Compiler/COMMON/SGL_302j/LIB_ELF/LIBSGL.A(sglB001.o)
                              main.o (symbol from plugin) (slTVOn)
/joengine/Compiler/COMMON/SGL_302j/LIB_ELF/LIBSGL.A(sglB011.o)
                              /work/jo_engine/vdp2.o (symbol from plugin) (slBitMapNbg1)
/joengine/Compiler/COMMON/SGL_302j/LIB_ELF/LIBSGL.A(sglB014.o)
[...]
Memory Configuration

Name             Origin             Length             Attributes
*default*        0x0000000000000000 0xffffffffffffffff

Linker script and memory map


SLSTART         0x0000000006004000       0x30
                0x0000000006004000                ___Start = .
 *(SLSTART)
 SLSTART        0x0000000006004000       0x28 /joengine/Compiler/COMMON/SGL_302j/LIB_ELF/LIBSGL.A(sglI00.o)
                0x0000000006004000                SGL_Start
                0x0000000006004002                slStartSGL

.text           0x0000000006004040    0x1f6d0
 *(.text)
 .text          0x0000000006004040        0x0 /joengine/Compiler/COMMON/SGL_302j/LIB_ELF/SGLAREA.O
 .text          0x0000000006004040     0x91d4 /tmp/cc93gC2F.ltrans0.ltrans.o
                0x00000000060045d8                jo_sprite_draw.constprop.53
                0x00000000060046e4                jo_nbg2_print.constprop.38
                0x0000000006004748                render_CLUT_sprite_MESH.constprop.37
                0x0000000006004794                __jo_core_set_screens_order.constprop.36
                0x000000000600484c                CDDAPlaySingle.constprop.31
                0x0000000006004888                jo_vdp2_clear_bitmap_nbg1.constprop.23
                0x00000000060048f4                jo_vdp2_malloc
                0x0000000006004a38                jo_vdp2_free
                0x0000000006004b84                jo_nbg2_clear
                0x0000000006004bb0                jo_vdp2_disable_rbg0
                0x0000000006004c0c                __jo_create_map.lto_priv.625
                0x0000000006004c6c                jo_img_to_vdp2_cells
                0x0000000006004ce6                jo_set_default_background_color
                0x0000000006004f52                jo_free
                0x0000000006004f78                jo_backup_unmount.constprop.12
                0x000000000600501c                jo_sprite_free_from
                0x00000000060050d8                jo_malloc_with_behaviour
                0x0000000006005518                load_textures.constprop.25
                0x0000000006005554                jo_backup_mount.constprop.7
                0x0000000006005714                jo_atan2f_rad
                0x00000000060058b0                jo_fixed_cos
                0x000000000600590c                jo_fixed_sin
                0x0000000006005c04                __jo_tga_any_loader
                0x0000000006005d40                jo_sprite_add_tga.constprop.24
                0x0000000006005e1c                _lseek
                0x0000000006005e20                _isatty
                0x0000000006005e24                _fstat
                0x0000000006005e28                _close
                0x0000000006005e2c                _write
                0x0000000006005e30                _read
                0x0000000006005e34                _realloc_r
                0x0000000006005ea0                _calloc_r
                0x0000000006005ed0                _free_r
                0x0000000006005ee4                _malloc_r
                0x0000000006005f46                mnet_log
                0x0000000006005fdc                mnet_init
                0x00000000060066e0                confirm_name.lto_priv.624
                0x0000000006006990                CDDAStop
                0x00000000060069ac                pcm_cease
                0x00000000060069d4                pcm_play
                0x0000000006006a68                object_viewer.part.12
                0x000000000600762c                my_draw.part.10
                0x0000000006009814                mnet_client_log
                0x00000000060098a4                load_binary.constprop.29
                0x000000000600a2ec                player_select.part.17
                0x000000000600b720                mnet_send_disconnect
                0x000000000600b780                mnet_send_remove_local_player
                0x000000000600b7f4                lobby_screen
                0x000000000600bfe0                mnet_tick
                0x000000000600cf48                modem_dial.lto_priv.619
                0x000000000600cfec                modem_init.lto_priv.623
                0x000000000600d090                modem_probe.lto_priv.621
 .text          0x000000000600d214     0x892c /tmp/cc93gC2F.ltrans1.ltrans.o
                0x000000000600d664                my_vblank
                0x000000000600d73c                set_palette
                0x000000000600d754                change_player_palette
                0x000000000600d844                load_preview
                0x000000000600d880                load_level
                0x000000000600d950                load_car
                0x000000000600dac8                move_camera
                0x000000000600e0e4                draw_map
                0x000000000600e250                draw_powerups
                0x000000000600e354                create_particles
                0x000000000600e3fc                computeLight
                0x000000000600e470                set_player_position
                0x000000000600e574                getSeconds
                0x000000000600e5f4                apply_player_gravity
                0x000000000600e644                init_1p_display
                0x000000000600e6cc                stop_sounds
                0x000000000600e74c                reset_to_last_checkpoint
                0x000000000600e844                reset_demo
                0x000000000600ea28                render_CLUT_sprite
                0x000000000600ea78                draw_player
                0x000000000600f748                ztClearText
                0x000000000600fa24                transition_to_title_screen
                0x000000000600fa8c                transition_to_end_level
                0x000000000600fbf0                draw_hud
                0x0000000006010668                mmm_get_p2_port
                0x000000000601087a                saturn_uart_detect.lto_priv.527
                0x00000000060108fa                saturn_uart_reg_write.lto_priv.529.lto_priv.576
                0x0000000006010914                saturn_uart_reg_read.lto_priv.531.lto_priv.577
                0x0000000006010930                saturn_transport_rx_byte.lto_priv.540
                0x000000000601093c                saturn_uart_read_iir.lto_priv.509.lto_priv.568
                0x0000000006010948                saturn_uart_read_msr.lto_priv.511.lto_priv.569
                0x0000000006010954                saturn_uart_read_lsr.lto_priv.513.lto_priv.570
                0x0000000006010960                saturn_uart_clear_errors.lto_priv.515.lto_priv.571
                0x0000000006010980                saturn_uart_rx_error.lto_priv.517.lto_priv.572
                0x0000000006010998                saturn_uart_rx_ready.lto_priv.519.lto_priv.573
                0x00000000060109ac                saturn_transport_rx_ready.lto_priv.539
                0x00000000060109b8                saturn_uart_flush_rx.lto_priv.497.lto_priv.561
                0x00000000060109ec                modem_flush_input.lto_priv.490.lto_priv.492
                0x00000000060109f8                saturn_uart_loopback_test.lto_priv.495.lto_priv.563
                0x0000000006010a84                saturn_uart_read_raw.lto_priv.499.lto_priv.564
                0x0000000006010b04                saturn_uart_getc_timeout.lto_priv.503.lto_priv.565
                0x0000000006010b3c                modem_read_line.lto_priv.493.lto_priv.559
                0x0000000006010ba8                saturn_uart_getc.lto_priv.505.lto_priv.566
                0x0000000006010bd0                saturn_uart_tx_ready.lto_priv.521.lto_priv.574
                0x0000000006010be8                saturn_uart_putc.lto_priv.507.lto_priv.567
                0x0000000006010c34                saturn_transport_send.lto_priv.541
                0x0000000006010c78                saturn_uart_puts.lto_priv.501.lto_priv.560
                0x0000000006010dfc                modem_escape_to_command.lto_priv.488.lto_priv.558
                0x0000000006010e78                saturn_uart_set_baud.lto_priv.525.lto_priv.575
                0x0000000006010ed0                saturn_uart_init.lto_priv.523.lto_priv.562
                0x0000000006010fe8                saturn_smpc_command.lto_priv.537.lto_priv.579
                0x0000000006011010                saturn_netlink_smpc_disable.lto_priv.533.lto_priv.578
                0x000000000601101c                saturn_netlink_smpc_enable.lto_priv.535.lto_priv.544
                0x000000000601106c                mnet_encode_lap_complete.lto_priv.371.lto_priv.375
                0x0000000006011092                mnet_encode_client_log.lto_priv.376.lto_priv.551
                0x00000000060110e4                mnet_encode_leaderboard_req.lto_priv.380.lto_priv.384
                0x00000000060110f4                mnet_encode_remove_local_player.lto_priv.385.lto_priv.389
                0x0000000006011104                mnet_encode_add_local_player.lto_priv.390.lto_priv.550
                0x0000000006011148                mnet_encode_powerup_pickup.lto_priv.394.lto_priv.398
                0x000000000601115c                mnet_encode_player_state_p2.lto_priv.399.lto_priv.552
                0x00000000060111f4                mnet_encode_player_state.lto_priv.403.lto_priv.553
                0x0000000006011284                mnet_encode_input_state_p2.lto_priv.407.lto_priv.411
                0x00000000060112ae                mnet_encode_input_state.lto_priv.412.lto_priv.416
                0x00000000060112d4                mnet_encode_car_select.lto_priv.417.lto_priv.421
                0x00000000060112e8                mnet_encode_start_game.lto_priv.422.lto_priv.426
                0x00000000060112f8                mnet_encode_ready.lto_priv.427.lto_priv.431
                0x0000000006011308                mnet_encode_heartbeat.lto_priv.432.lto_priv.436
                0x0000000006011318                mnet_encode_disconnect.lto_priv.437.lto_priv.441
                0x0000000006011328                mnet_encode_set_username.lto_priv.442.lto_priv.548
                0x000000000601136c                mnet_encode_connect_uuid.lto_priv.446.lto_priv.547
                0x000000000601138a                mnet_encode_connect.lto_priv.450.lto_priv.454
                0x0000000006011398                mnet_read_string.lto_priv.455.lto_priv.549
                0x00000000060113e0                mnet_rx_init.lto_priv.463.lto_priv.467
                0x00000000060113ee                net_transport_is_connected.lto_priv.472.lto_priv.555
                0x0000000006011404                net_transport_send.lto_priv.476.lto_priv.545
                0x0000000006012704                mnet_send_frame.lto_priv.468.lto_priv.554
                0x000000000601273c                net_transport_rx_byte.lto_priv.480.lto_priv.556
                0x000000000601274e                net_transport_rx_ready.lto_priv.484.lto_priv.557
                0x0000000006012760                mnet_rx_poll.lto_priv.459.lto_priv.546
                0x00000000060127f8                get_gbr.lto_priv.54.lto_priv.82
                0x00000000060127fe                set_gbr.lto_priv.83.lto_priv.111
                0x0000000006012804                get_vbr.lto_priv.112.lto_priv.140
                0x000000000601280a                set_vbr.lto_priv.141.lto_priv.169
                0x0000000006012810                set_imask.lto_priv.170.lto_priv.542
                0x0000000006012824                get_imask.lto_priv.198.lto_priv.543
                0x000000000601282e                get_sr.lto_priv.226.lto_priv.254
                0x0000000006012834                set_sr.lto_priv.255.lto_priv.283
                0x000000000601283a                tas.lto_priv.284.lto_priv.312
                0x0000000006012842                sleep.lto_priv.313.lto_priv.341
                0x0000000006012848                nop.lto_priv.342.lto_priv.370
                0x000000000601284e                init_3d_planes
                0x00000000060132f4                gameLoop
                0x00000000060156f0                mmm_online_start_race
 .text          0x0000000006015b40      0x238 /joengine/Compiler/COMMON/SGL_302j/LIB_ELF/SEGA_SYS.A(sys_exit.o)
                0x0000000006015b40                sys_version
                0x0000000006015b60                SYS_Exit
 *fill*         0x0000000006015d78        0x8 
 .text          0x0000000006015d80        0x6 /joengine/Compiler/COMMON/SGL_302j/LIB_ELF/SEGA_SYS.A(sys_sub.o)
                0x0000000006015d80                SYSUB_SetStackptr
 *fill*         0x0000000006015d86        0xa 
 .text          0x0000000006015d90      0x3a0 /joengine/Compiler/COMMON/SGL_302j/LIB_ELF/LIBCD.A(CDC_CMN.O)
                0x0000000006015d90                CDC_GetCurStat
                0x0000000006015de0                CDC_GetLastStat
                0x0000000006015df8                CDC_GetPeriStat
                0x0000000006015ecc                CDC_GetHwInfo
                0x0000000006015f34                CDC_TgetToc
                0x0000000006015f84                CDC_GetSes
                0x0000000006015fc0                CDC_CdInit
                0x0000000006016044                CDC_CdOpen
                0x000000000601606c                CDC_DataReady
                0x00000000060160d8                CDC_DataEnd
 .text          0x0000000006016130      0x130 /joengine/Compiler/COMMON/SGL_302j/LIB_ELF/LIBCD.A(CDC_DRV.O)
                0x0000000006016130                CDC_CdPlay
                0x00000000060161fc                CDC_CdSeek
                0x0000000006016230                CDC_CdScan
 .text          0x0000000006016260      0x194 /joengine/Compiler/COMMON/SGL_302j/LIB_ELF/LIBCD.A(CDC_CFS.O)
                0x0000000006016260                CDC_ChgDir
                0x0000000006016294                CDC_ReadDir
                0x00000000060162c8                CDC_GetFileScope
                0x0000000006016328                CDC_TgetFileInfo
                0x0000000006016384                CDC_ReadFile
                0x00000000060163b8                CDC_AbortFile
 *fill*         0x00000000060163f4        0xc 
 .text          0x0000000006016400      0x2dc /joengine/Compiler/COMMON/SGL_302j/LIB_ELF/LIBCD.A(CDC_REG.O)
                0x0000000006016400                CDC_GetDataPtr
                0x0000000006016410                CDC_GetHirqReq
                0x0000000006016424                CDC_ClrHirqReq
                0x0000000006016454                CDREG_ClrHirqReq
                0x0000000006016464                CDREG_InitHirqReq
                0x000000000601648c                CDREG_SetHirqFlag
                0x00000000060164a0                CDC_GetHirqMsk
                0x00000000060164b4                CDC_SetHirqMsk
                0x00000000060164c4                CDC_GetMpegPtr
                0x00000000060164d4                CDREG_TgetData
                0x0000000006016530                CDREG_CmdRsp
                0x0000000006016630                CDREG_WaitHirq
                0x00000000060166a0                CDREG_ReadRsp
 *fill*         0x00000000060166dc        0x4 
 .text          0x00000000060166e0      0x152 /joengine/Compiler/COMMON/SGL_302j/LIB_ELF/LIBCD.A(CDC_SUB.O)
                0x00000000060166e0                CDSUB_UpdStatus
                0x00000000060166f8                CDSUB_UpdCdstat
                0x0000000006016718                CDSUB_CdCmd
                0x0000000006016788                CDSUB_GetCdstat
                0x00000000060167c8                CDSUB_RspToCdstat
                0x0000000006016810                CDSUB_SoftTimer
 *fill*         0x0000000006016832        0xe 
 .text          0x0000000006016840     0x1adc /joengine/Compiler/COMMON/SGL_302j/LIB_ELF/LIBCD.A(GFS.O)
                0x0000000006016840                gfs_version
                0x0000000006016860                GFS_Init
                0x0000000006016948                GFS_LoadDir
                0x00000000060169f0                GFS_SetDir
                0x0000000006016a58                GFS_NameToId
                0x0000000006016abc                GFS_IdToName
                0x0000000006016b28                GFS_GetDirInfo
                0x0000000006016b98                GFS_Reset
                0x0000000006016c1c                GFS_Open
                0x0000000006016cd0                GFS_Close
                0x0000000006016d08                GFS_Seek
                0x0000000006016dbc                GFS_Tell
                0x0000000006016e0c                GFS_IsEof
                0x0000000006016e60                GFS_ByteToSct
                0x0000000006016ebc                GFS_GetFileSize
                0x0000000006016f18                GFS_GetFileInfo
                0x0000000006016f8c                GFS_GetNumCdbuf
                0x0000000006016fb4                GFS_Load
                0x0000000006017078                GFS_Fread
                0x0000000006017114                gfs_waitRead
                0x00000000060171bc                GFS_NwFread
                0x00000000060172c8                GFS_NwCdRead
                0x0000000006017340                GFS_NwIsComplete
                0x0000000006017378                GFS_NwStop
                0x00000000060173e4                GFS_NwGetStat
                0x0000000006017460                gfs_recovRdErr
                0x0000000006017490                GFS_NwExecOne
                0x0000000006017550                GFS_NwExecServer
                0x00000000060175cc                GFS_SetGmode
                0x0000000006017630                GFS_SetTmode
                0x000000000601769c                GFS_SetReadPara
                0x0000000006017700                GFS_SetTransPara
                0x000000000601776c                GFS_SetTrFunc
                0x00000000060177d0                GFS_StartTrans
                0x000000000601781c                GFS_CdMovePickup
                0x0000000006017888                GFS_SetErrFunc
                0x00000000060178b4                GFS_GetErrStat
                0x00000000060178d8                GFS_ConvTno
                0x0000000006017900                gfs_chgRoot
                0x00000000060179cc                gfs_aborttrans
                0x00000000060179d8                gfs_mngSetupFuncTbl
                0x0000000006017a0c                gfs_mngInitWork
                0x0000000006017ab0                gfs_mngGetNumFile
                0x0000000006017b18                GFS_mngAllocGrp
                0x0000000006017b60                gfs_mngFreeGrp
                0x0000000006017b6c                gfs_mngTermAccess
                0x0000000006017bf0                gfs_mngSetErrCode
                0x0000000006017c70                gfs_svrSearchHndl
                0x0000000006017cb0                gfs_svrAddHndl
                0x0000000006017cec                gfs_svrRemoveHndl
                0x0000000006017d48                GFS_OpenSub
                0x0000000006017da0                gfs_loadVol
                0x0000000006017e64                gfs_getRootDir
                0x0000000006017f60                gfs_loadRootDir
                0x0000000006017fe8                gfs_flowIn
                0x0000000006018090                gfs_transData
                0x0000000006018134                GFS_GetFad
                0x000000000601818c                gfs_SetSct
                0x00000000060181cc                gfs_GetFinfo
                0x000000000601820c                gfs_closeSub
                0x0000000006018248                gfs_getGmode
                0x0000000006018254                gfs_isTaskDone
                0x00000000060182a8                gfs_convFinStat
 *fill*         0x000000000601831c        0x4 
 .text          0x0000000006018320      0x106 /joengine/Compiler/COMMON/SGL_302j/LIB_ELF/LIBCD.A(GFS_BUF.O)
                0x0000000006018350                GFBF_GetTranData
                0x0000000006018378                GFBF_GetNumData
                0x00000000060183a8                GFBF_GetSrcPk
                0x00000000060183d0                GFBF_GetSctData
                0x00000000060183f4                GFBF_RtnPk
                0x000000000601841c                gfbf_getSctDt
 *fill*         0x0000000006018426        0xa 
 .text          0x0000000006018430      0x600 /joengine/Compiler/COMMON/SGL_302j/LIB_ELF/LIBCD.A(GFS_CDB.O)
                0x0000000006018430                GFCB_Setup
                0x0000000006018550                GFCB_Close
                0x0000000006018578                GFCB_GetLenData
                0x0000000006018624                GFCB_GetLenRoom
                0x0000000006018630                GFCB_SetFilt
                0x0000000006018698                GFCB_DeleteAllData
                0x00000000060186c0                GFCB_Tell
                0x00000000060186d0                gfcb_getSctNum
                0x0000000006018720                GFCB_Seek
                0x000000000601881c                GFCB_GetSrcPack
                0x00000000060188fc                GFCB_GetSctData
                0x0000000006018934                GFCB_GetDstPack
                0x0000000006018940                GFCB_RtnPk
                0x0000000006018988                GFCB_MovePickup
                0x00000000060189a4                GFCB_SetCon
                0x00000000060189d8                GFCB_GetPickup
                0x0000000006018a00                GFCB_IsPuOwner
                0x0000000006018a18                GFCB_UngetPickup
 .text          0x0000000006018a30     0x1a10 /joengine/Compiler/COMMON/SGL_302j/LIB_ELF/LIBCD.A(GFS_CDC.O)
                0x0000000006018a30                GFCD_SetCdbfs
                0x0000000006018a5c                GFCD_Init
                0x0000000006018c60                GFCD_AllocFilt
                0x0000000006018c9c                GFCD_FreeFilt
                0x0000000006018ccc                GFCD_AllocBuf
                0x0000000006018d00                GFCD_FreeBuf
                0x0000000006018da4                GFCD_GetBaseFad
                0x0000000006018dd8                GFCD_GetPickup
                0x0000000006018e0c                GFCD_UngetPickup
                0x0000000006018e38                GFCD_IsPuOwner
                0x0000000006018e5c                GFCD_SetFilt
                0x0000000006018f20                GFCD_GetFilt
                0x0000000006018f68                GFCD_SetCon
                0x0000000006018fc0                GFCD_Play
                0x0000000006019020                GFCD_GetLenData
                0x0000000006019088                GFCD_ReqData
                0x00000000060190e4                GFCD_EndData
                0x000000000601912c                GFCD_DelSctData
                0x0000000006019184                GFCD_CheckDelSctData
                0x00000000060191b4                GFCD_GetStat
                0x0000000006019268                GFCD_MovePickup
                0x00000000060192b4                GFCD_MoveSctData
                0x0000000006019328                GFCD_CheckMove
                0x000000000601934c                GFCD_GetSctInfo
                0x0000000006019394                GFCD_ChgDir
                0x0000000006019408                GFCD_SetFiltCon
                0x00000000060194f0                GFCD_GetFileInfo
                0x00000000060195cc                GFCD_GetBufSiz
                0x0000000006019604                GFCD_ExecServer
                0x00000000060196d8                gfcd_isIdleTask
                0x0000000006019764                gfcd_doTask
                0x0000000006019810                GFCD_SetTimer
                0x0000000006019824                GFCD_WaitServer
                0x0000000006019860                gfcd_doSetFiltTsk
                0x0000000006019a24                gfcd_doSetConTsk
                0x0000000006019ab4                gfcd_doGetLenDataTsk
                0x0000000006019c08                gfcd_doReqDataTsk
                0x0000000006019ca8                gfcd_doDelSctDataTsk
                0x0000000006019ddc                gfcd_doMoveSctTsk
                0x0000000006019f40                gfcd_doChgDirTsk
                0x000000000601a13c                gfcd_doSetFiltConTsk
                0x000000000601a280                gfcd_checkEflag
                0x000000000601a2a4                gfcd_initCdbMng
                0x000000000601a324                gfcd_setStat
                0x000000000601a350                GFCD_SetCsctFunc
                0x000000000601a36c                GFCD_ChkScdqFlag
                0x000000000601a390                GFCD_ClrScdqFlag
                0x000000000601a3ac                GFCD_WaitScdqFlag
                0x000000000601a3f0                GFCD_WaitPause
 .text          0x000000000601a440      0x8d8 /joengine/Compiler/COMMON/SGL_302j/LIB_ELF/LIBCD.A(GFS_CDF.O)
                0x000000000601a440                GFCF_Init
                0x000000000601a4e0                GFCF_Setup
                0x000000000601a628                GFCF_SetSct
                0x000000000601a66c                GFCF_GetFileInfo
                0x000000000601a6e0                GFCF_FlowInBuf
                0x000000000601a834                GFCF_StopInBuf
                0x000000000601a8d4                GFCF_Recover
                0x000000000601a91c                GFCF_Tell
                0x000000000601a934                GFCF_Seek
                0x000000000601a94c                GFCF_MovePickup
                0x000000000601a9e8                GFCF_cnvIntlvOfs
                0x000000000601aa3c                GFCF_GetStat
                0x000000000601aad4                gfcf_getSctSize
                0x000000000601ab10                gfcf_isCdOk
                0x000000000601abd0                gfcf_getPlayRange
 *fill*         0x000000000601ad18        0x8 
 .text          0x000000000601ad20      0x92c /joengine/Compiler/COMMON/SGL_302j/LIB_ELF/LIBCD.A(GFS_DIR.O)
                0x000000000601ad20                GFDR_SetupDirTbl
                0x000000000601ad94                GFDR_NameToId
                0x000000000601adf4                GFDR_GetInfoDirId
                0x000000000601ae08                GFDR_GetInfoDirName
                0x000000000601ae1c                GFDR_GetAtrDirId
                0x000000000601ae34                GFDR_GetAtrDirName
                0x000000000601ae4c                GFDR_ChgRoot
                0x000000000601ae64                GFDR_ChgDir
                0x000000000601aed8                gfdr_setupDirIdTbl
                0x000000000601af5c                gfdr_setupDirNameTbl
                0x000000000601b008                gfdr_open
                0x000000000601b030                gfdr_read
                0x000000000601b0f0                gfdr_readByte
                0x000000000601b11c                gfdr_readWord
                0x000000000601b148                gfdr_readWordNB
                0x000000000601b19c                gfdr_readLongNB
                0x000000000601b1e8                gfdr_readLongNM
                0x000000000601b210                gfdr_setNextRec
                0x000000000601b294                gfdr_readDirEnt
                0x000000000601b610                gfdr_setDirrecCd
 *fill*         0x000000000601b64c        0x4 
 .text          0x000000000601b650      0x9c6 /joengine/Compiler/COMMON/SGL_302j/LIB_ELF/LIBCD.A(GFS_TRN.O)
                0x000000000601b680                GFTR_Setup
                0x000000000601b6c4                GFTR_SetMode
                0x000000000601b6d8                GFTR_SetUnit
                0x000000000601b6e4                GFTR_SetTransPara
                0x000000000601b718                GFTR_GetTransPara
                0x000000000601b724                GFTR_GetNumTrans
                0x000000000601b730                GFTR_SetTransMax
                0x000000000601b73c                GFTR_Start
                0x000000000601b748                GFTR_Pause
                0x000000000601b754                GFTR_Stop
                0x000000000601b80c                GFTR_Exec
                0x000000000601b890                GFTR_Idle
                0x000000000601b908                GFTR_ExecSvr
                0x000000000601ba10                gftr_getSrcPack
                0x000000000601ba98                gftr_getDstPack
                0x000000000601baf4                gftr_reqScu
                0x000000000601bb00                gftr_execScu
                0x000000000601bb9c                gftr_remScu
                0x000000000601bbd0                gfdma_canUse
                0x000000000601bbdc                gfdma_exec
                0x000000000601bc4c                gfdma_getBytecnt
                0x000000000601bc84                gftr_reqDma0
                0x000000000601bc9c                gftr_execSdma0
                0x000000000601bcc0                gftr_remDma0
                0x000000000601bcd8                gftr_reqDma1
                0x000000000601bcf0                gftr_execSdma1
                0x000000000601bd14                gftr_remDma1
                0x000000000601bd2c                gftr_reqCpu
                0x000000000601bd38                gftr_execCpu
                0x000000000601bd78                gftr_remCpu
                0x000000000601bd84                gftr_reqTrn
                0x000000000601bdf4                gftr_execTrn
                0x000000000601becc                gftr_remTrn
                0x000000000601bf40                gftr_copyFrac
                0x000000000601bf68                GFTR_GetLenData
                0x000000000601bf74                GFTR_GetLenRoom
                0x000000000601bf8c                GFTR_GetDstPack
                0x000000000601bfc0                GFTR_RtnDstPk
                0x000000000601bfdc                GFTR_GetData
                0x000000000601bff0                GFTR_SetData
                0x000000000601c004                GFTR_SetTransFunc
 *fill*         0x000000000601c016        0xa 
 .text          0x000000000601c020       0xa8 /joengine/Compiler/COMMON/SGL_302j/LIB_ELF/LIBCD.A(CDC_DEV.O)
                0x000000000601c020                CDC_CdSetCon
                0x000000000601c050                CDC_CdGetCon
                0x000000000601c08c                CDC_CdGetLastBuf
 *fill*         0x000000000601c0c8        0x8 
 .text          0x000000000601c0d0      0x2b8 /joengine/Compiler/COMMON/SGL_302j/LIB_ELF/LIBCD.A(CDC_SEL.O)
                0x000000000601c0d0                CDC_SetFiltRange
                0x000000000601c104                CDC_GetFiltRange
                0x000000000601c15c                CDC_SetFiltSubh
                0x000000000601c1cc                CDC_GetFiltSubh
                0x000000000601c248                CDC_SetFiltMode
                0x000000000601c27c                CDC_GetFiltMode
                0x000000000601c2c0                CDC_SetFiltCon
                0x000000000601c300                CDC_GetFiltCon
                0x000000000601c354                CDC_ResetSelector
 *fill*         0x000000000601c388        0x8 
 .text          0x000000000601c390      0x270 /joengine/Compiler/COMMON/SGL_302j/LIB_ELF/LIBCD.A(CDC_BIF.O)
                0x000000000601c390                CDC_GetBufSiz
                0x000000000601c3ec                CDC_GetSctNum
                0x000000000601c430                CDC_CalActSiz
                0x000000000601c46c                CDC_GetActSiz
                0x000000000601c4ec                CDC_GetSctInfo
                0x000000000601c56c                CDC_ExeFadSearch
                0x000000000601c5a4                CDC_GetFadSearch
 .text          0x000000000601c600      0x1e4 /joengine/Compiler/COMMON/SGL_302j/LIB_ELF/LIBCD.A(CDC_BIO.O)
                0x000000000601c600                CDC_SetSctLen
                0x000000000601c634                CDC_GetSctData
                0x000000000601c670                CDC_DelSctData
                0x000000000601c6ac                CDC_GetdelSctData
                0x000000000601c6e8                CDC_PutSctData
                0x000000000601c720                CDC_CopySctData
                0x000000000601c764                CDC_MoveSctData
                0x000000000601c7a8                CDC_GetCopyErr
 *fill*         0x000000000601c7e4        0xc 
 .text          0x000000000601c7f0        0x0 /joengine/Compiler/COMMON/SGL_302j/LIB_ELF/LIBSGL.A(sglA01.o)
 .text          0x000000000601c7f0        0x0 /joengine/Compiler/COMMON/SGL_302j/LIB_ELF/LIBSGL.A(sglA15.o)
 .text          0x000000000601c7f0        0x0 /joengine/Compiler/COMMON/SGL_302j/LIB_ELF/LIBSGL.A(sglA16.o)
 .text          0x000000000601c7f0        0x0 /joengine/Compiler/COMMON/SGL_302j/LIB_ELF/LIBSGL.A(sglA17.o)
 .text          0x000000000601c7f0        0x0 /joengine/Compiler/COMMON/SGL_302j/LIB_ELF/LIBSGL.A(sglA18.o)
 .text          0x000000000601c7f0        0x0 /joengine/Compiler/COMMON/SGL_302j/LIB_ELF/LIBSGL.A(sglA19.o)
 .text          0x000000000601c7f0        0x0 /joengine/Compiler/COMMON/SGL_302j/LIB_ELF/LIBSGL.A(sglA20.o)
 .text          0x000000000601c7f0        0x0 /joengine/Compiler/COMMON/SGL_302j/LIB_ELF/LIBSGL.A(sglA21.o)
 .text          0x000000000601c7f0        0x0 /joengine/Compiler/COMMON/SGL_302j/LIB_ELF/LIBSGL.A(sglA27.o)
 .text          0x000000000601c7f0        0x0 /joengine/Compiler/COMMON/SGL_302j/LIB_ELF/LIBSGL.A(sglA28.o)
 .text          0x000000000601c7f0        0x0 /joengine/Compiler/COMMON/SGL_302j/LIB_ELF/LIBSGL.A(sglA40.o)
 .text          0x000000000601c7f0        0x0 /joengine/Compiler/COMMON/SGL_302j/LIB_ELF/LIBSGL.A(sglB001.o)
 .text          0x000000000601c7f0        0x0 /joengine/Compiler/COMMON/SGL_302j/LIB_ELF/LIBSGL.A(sglB011.o)
 .text          0x000000000601c7f0        0x0 /joengine/Compiler/COMMON/SGL_302j/LIB_ELF/LIBSGL.A(sglB014.o)
 .text          0x000000000601c7f0        0x0 /joengine/Compiler/COMMON/SGL_302j/LIB_ELF/LIBSGL.A(sglB015.o)
 .text          0x000000000601c7f0        0x0 /joengine/Compiler/COMMON/SGL_302j/LIB_ELF/LIBSGL.A(sglB016.o)
 .text          0x000000000601c7f0        0x0 /joengine/Compiler/COMMON/SGL_302j/LIB_ELF/LIBSGL.A(sglB020.o)
 .text          0x000000000601c7f0        0x0 /joengine/Compiler/COMMON/SGL_302j/LIB_ELF/LIBSGL.A(sglB021.o)
 .text          0x000000000601c7f0        0x0 /joengine/Compiler/COMMON/SGL_302j/LIB_ELF/LIBSGL.A(sglB023.o)
 .text          0x000000000601c7f0        0x0 /joengine/Compiler/COMMON/SGL_302j/LIB_ELF/LIBSGL.A(sglB031.o)
 .text          0x000000000601c7f0        0x0 /joengine/Compiler/COMMON/SGL_302j/LIB_ELF/LIBSGL.A(sglB032.o)
 .text          0x000000000601c7f0        0x0 /joengine/Compiler/COMMON/SGL_302j/LIB_ELF/LIBSGL.A(sglB033.o)
 .text          0x000000000601c7f0        0x0 /joengine/Compiler/COMMON/SGL_302j/LIB_ELF/LIBSGL.A(sglB034.o)
 .text          0x000000000601c7f0        0x0 /joengine/Compiler/COMMON/SGL_302j/LIB_ELF/LIBSGL.A(sglB035.o)
 .text          0x000000000601c7f0        0x0 /joengine/Compiler/COMMON/SGL_302j/LIB_ELF/LIBSGL.A(sglB036.o)
 .text          0x000000000601c7f0        0x0 /joengine/Compiler/COMMON/SGL_302j/LIB_ELF/LIBSGL.A(sglB038.o)
 .text          0x000000000601c7f0        0x0 /joengine/Compiler/COMMON/SGL_302j/LIB_ELF/LIBSGL.A(sglB039.o)
 .text          0x000000000601c7f0        0x0 /joengine/Compiler/COMMON/SGL_302j/LIB_ELF/LIBSGL.A(sglB040.o)
 .text          0x000000000601c7f0        0x0 /joengine/Compiler/COMMON/SGL_302j/LIB_ELF/LIBSGL.A(sglB041.o)
 .text          0x000000000601c7f0        0x0 /joengine/Compiler/COMMON/SGL_302j/LIB_ELF/LIBSGL.A(sglB042.o)
 .text          0x000000000601c7f0        0x0 /joengine/Compiler/COMMON/SGL_302j/LIB_ELF/LIBSGL.A(sglB043.o)
 .text          0x000000000601c7f0        0x0 /joengine/Compiler/COMMON/SGL_302j/LIB_ELF/LIBSGL.A(sglB044.o)
 .text          0x000000000601c7f0        0x0 /joengine/Compiler/COMMON/SGL_302j/LIB_ELF/LIBSGL.A(sglB045.o)
 .text          0x000000000601c7f0        0x0 /joengine/Compiler/COMMON/SGL_302j/LIB_ELF/LIBSGL.A(sglB047.o)
 .text          0x000000000601c7f0        0x0 /joengine/Compiler/COMMON/SGL_302j/LIB_ELF/LIBSGL.A(sglB048.o)
 .text          0x000000000601c7f0        0x0 /joengine/Compiler/COMMON/SGL_302j/LIB_ELF/LIBSGL.A(sglB055.o)
 .text          0x000000000601c7f0        0x0 /joengine/Compiler/COMMON/SGL_302j/LIB_ELF/LIBSGL.A(sglB056.o)
 .text          0x000000000601c7f0        0x0 /joengine/Compiler/COMMON/SGL_302j/LIB_ELF/LIBSGL.A(sglB057.o)
 .text          0x000000000601c7f0        0x0 /joengine/Compiler/COMMON/SGL_302j/LIB_ELF/LIBSGL.A(sglB058.o)
 .text          0x000000000601c7f0        0x0 /joengine/Compiler/COMMON/SGL_302j/LIB_ELF/LIBSGL.A(sglB059.o)
 .text          0x000000000601c7f0        0x0 /joengine/Compiler/COMMON/SGL_302j/LIB_ELF/LIBSGL.A(sglB060.o)
 .text          0x000000000601c7f0        0x0 /joengine/Compiler/COMMON/SGL_302j/LIB_ELF/LIBSGL.A(sglB063.o)
 .text          0x000000000601c7f0        0x0 /joengine/Compiler/COMMON/SGL_302j/LIB_ELF/LIBSGL.A(sglB087.o)
 .text          0x000000000601c7f0        0x0 /joengine/Compiler/COMMON/SGL_302j/LIB_ELF/LIBSGL.A(sglB088.o)
 .text          0x000000000601c7f0        0x0 /joengine/Compiler/COMMON/SGL_302j/LIB_ELF/LIBSGL.A(sglB090.o)
 .text          0x000000000601c7f0        0x0 /joengine/Compiler/COMMON/SGL_302j/LIB_ELF/LIBSGL.A(sglB200.o)
 .text          0x000000000601c7f0        0x0 /joengine/Compiler/COMMON/SGL_302j/LIB_ELF/LIBSGL.A(sglC01.o)
 .text          0x000000000601c7f0        0x0 /joengine/Compiler/COMMON/SGL_302j/LIB_ELF/LIBSGL.A(sglC03.o)
 .text          0x000000000601c7f0        0x0 /joengine/Compiler/COMMON/SGL_302j/LIB_ELF/LIBSGL.A(sglC04.o)
 .text          0x000000000601c7f0        0x0 /joengine/Compiler/COMMON/SGL_302j/LIB_ELF/LIBSGL.A(sglC05.o)
 .text          0x000000000601c7f0        0x0 /joengine/Compiler/COMMON/SGL_302j/LIB_ELF/LIBSGL.A(sglC06.o)
 .text          0x000000000601c7f0        0x0 /joengine/Compiler/COMMON/SGL_302j/LIB_ELF/LIBSGL.A(sglC07.o)
 .text          0x000000000601c7f0        0x0 /joengine/Compiler/COMMON/SGL_302j/LIB_ELF/LIBSGL.A(sglC08.o)
 .text          0x000000000601c7f0        0x0 /joengine/Compiler/COMMON/SGL_302j/LIB_ELF/LIBSGL.A(sglC14.o)
 .text          0x000000000601c7f0        0x0 /joengine/Compiler/COMMON/SGL_302j/LIB_ELF/LIBSGL.A(sglC16.o)
 .text          0x000000000601c7f0        0x0 /joengine/Compiler/COMMON/SGL_302j/LIB_ELF/LIBSGL.A(sglC17.o)
 .text          0x000000000601c7f0        0x0 /joengine/Compiler/COMMON/SGL_302j/LIB_ELF/LIBSGL.A(sglC19.o)
 .text          0x000000000601c7f0        0x0 /joengine/Compiler/COMMON/SGL_302j/LIB_ELF/LIBSGL.A(sglC20.o)
 .text          0x000000000601c7f0        0x0 /joengine/Compiler/COMMON/SGL_302j/LIB_ELF/LIBSGL.A(sglC21.o)
 .text          0x000000000601c7f0        0x0 /joengine/Compiler/COMMON/SGL_302j/LIB_ELF/LIBSGL.A(sglD00.o)
 .text          0x000000000601c7f0        0x0 /joengine/Compiler/COMMON/SGL_302j/LIB_ELF/LIBSGL.A(sglD01.o)
 .text          0x000000000601c7f0        0x0 /joengine/Compiler/COMMON/SGL_302j/LIB_ELF/LIBSGL.A(sglD02.o)
 .text          0x000000000601c7f0        0x0 /joengine/Compiler/COMMON/SGL_302j/LIB_ELF/LIBSGL.A(sglD03.o)
 .text          0x000000000601c7f0        0x0 /joengine/Compiler/COMMON/SGL_302j/LIB_ELF/LIBSGL.A(sglD15.o)
 .text          0x000000000601c7f0        0x0 /joengine/Compiler/COMMON/SGL_302j/LIB_ELF/LIBSGL.A(sglD16.o)
 .text          0x000000000601c7f0        0x0 /joengine/Compiler/COMMON/SGL_302j/LIB_ELF/LIBSGL.A(sglD17.o)
 .text          0x000000000601c7f0        0x0 /joengine/Compiler/COMMON/SGL_302j/LIB_ELF/LIBSGL.A(sglD18.o)
 .text          0x000000000601c7f0        0x0 /joengine/Compiler/COMMON/SGL_302j/LIB_ELF/LIBSGL.A(sglF08.o)
 .text          0x000000000601c7f0        0x0 /joengine/Compiler/COMMON/SGL_302j/LIB_ELF/LIBSGL.A(sglH00.o)
 .text          0x000000000601c7f0        0x0 /joengine/Compiler/COMMON/SGL_302j/LIB_ELF/LIBSGL.A(sglH01.o)
 .text          0x000000000601c7f0        0x0 /joengine/Compiler/COMMON/SGL_302j/LIB_ELF/LIBSGL.A(sglH02.o)
 .text          0x000000000601c7f0        0x0 /joengine/Compiler/COMMON/SGL_302j/LIB_ELF/LIBSGL.A(sglH04.o)
 .text          0x000000000601c7f0        0x0 /joengine/Compiler/COMMON/SGL_302j/LIB_ELF/LIBSGL.A(sglI01.o)
 .text          0x000000000601c7f0        0x0 /joengine/Compiler/COMMON/SGL_302j/LIB_ELF/LIBSGL.A(sglI04.o)
 .text          0x000000000601c7f0      0x128 /joengine/Compiler/COMMON/SGL_302j/LIB_ELF/LIBSGL.A(sglIc0.o)
                0x000000000601c7f0                slInitSystem
 *fill*         0x000000000601c918        0x8 
 .text          0x000000000601c920        0x0 /joengine/Compiler/COMMON/SGL_302j/LIB_ELF/LIBSGL.A(sglJ00.o)
 .text          0x000000000601c920        0x0 /joengine/Compiler/COMMON/SGL_302j/LIB_ELF/LIBSGL.A(sglJ01.o)
 .text          0x000000000601c920        0x0 /joengine/Compiler/COMMON/SGL_302j/LIB_ELF/LIBSGL.A(sglJ02.o)
 .text          0x000000000601c920        0x0 /joengine/Compiler/COMMON/SGL_302j/LIB_ELF/LIBSGL.A(sglJ03.o)
 .text          0x000000000601c920        0x0 /joengine/Compiler/COMMON/SGL_302j/LIB_ELF/LIBSGL.A(sglJ04.o)
 .text          0x000000000601c920        0x0 /joengine/Compiler/COMMON/SGL_302j/LIB_ELF/LIBSGL.A(sglJ05.o)
 .text          0x000000000601c920        0x0 /joengine/Compiler/COMMON/SGL_302j/LIB_ELF/LIBSGL.A(sglK01.o)
 .text          0x000000000601c920        0x0 /joengine/Compiler/COMMON/SGL_302j/LIB_ELF/LIBSGL.A(sglM00.o)
 .text          0x000000000601c920        0x0 /joengine/Compiler/COMMON/SGL_302j/LIB_ELF/LIBSGL.A(sglM01.o)
 .text          0x000000000601c920        0x0 /joengine/Compiler/COMMON/SGL_302j/LIB_ELF/LIBSGL.A(sglA00.o)
 .text          0x000000000601c920        0x0 /joengine/Compiler/COMMON/SGL_302j/LIB_ELF/LIBSGL.A(sglA03.o)
 .text          0x000000000601c920        0x0 /joengine/Compiler/COMMON/SGL_302j/LIB_ELF/LIBSGL.A(sglA10.o)
 .text          0x000000000601c920        0x0 /joengine/Compiler/COMMON/SGL_302j/LIB_ELF/LIBSGL.A(sglA24.o)
 .text          0x000000000601c920        0x0 /joengine/Compiler/COMMON/SGL_302j/LIB_ELF/LIBSGL.A(sglA25.o)
 .text          0x000000000601c920        0x0 /joengine/Compiler/COMMON/SGL_302j/LIB_ELF/LIBSGL.A(sglB000.o)
 .text          0x000000000601c920        0x0 /joengine/Compiler/COMMON/SGL_302j/LIB_ELF/LIBSGL.A(sglC00.o)
 .text          0x000000000601c920        0x0 /joengine/Compiler/COMMON/SGL_302j/LIB_ELF/LIBSGL.A(sglC13.o)
 .text          0x000000000601c920        0x0 /joengine/Compiler/COMMON/SGL_302j/LIB_ELF/LIBSGL.A(sglD19.o)
 .text          0x000000000601c920        0x0 /joengine/Compiler/COMMON/SGL_302j/LIB_ELF/LIBSGL.A(sglI00.o)
 .text          0x000000000601c920        0x0 /joengine/Compiler/COMMON/SGL_302j/LIB_ELF/LIBSGL.A(sglH03.o)
 .text          0x000000000601c920       0x52 /joengine/Compiler/LINUX/bin/../lib/gcc/sh-none-elf/8.2.0/libgcc.a(_ashiftrt.o)
                0x000000000601c920                __ashiftrt_r4_31
                0x000000000601c920                __ashiftrt_r4_32
                0x000000000601c926                __ashiftrt_r4_30
                0x000000000601c928                __ashiftrt_r4_29
                0x000000000601c92a                __ashiftrt_r4_28
                0x000000000601c92c                __ashiftrt_r4_27
                0x000000000601c92e                __ashiftrt_r4_26
                0x000000000601c930                __ashiftrt_r4_25
                0x000000000601c932                __ashiftrt_r4_24
                0x000000000601c93a                __ashiftrt_r4_23
                0x000000000601c93c                __ashiftrt_r4_22
                0x000000000601c93e                __ashiftrt_r4_21
                0x000000000601c940                __ashiftrt_r4_20
                0x000000000601c942                __ashiftrt_r4_19
                0x000000000601c944                __ashiftrt_r4_18
                0x000000000601c946                __ashiftrt_r4_17
                0x000000000601c948                __ashiftrt_r4_16
                0x000000000601c94e                __ashiftrt_r4_15
                0x000000000601c950                __ashiftrt_r4_14
                0x000000000601c952                __ashiftrt_r4_13
                0x000000000601c954                __ashiftrt_r4_12
                0x000000000601c956                __ashiftrt_r4_11
                0x000000000601c958                __ashiftrt_r4_10
                0x000000000601c95a                __ashiftrt_r4_9
                0x000000000601c95c                __ashiftrt_r4_8
                0x000000000601c95e                __ashiftrt_r4_7
                0x000000000601c960                __ashiftrt_r4_6
                0x000000000601c962                __ashiftrt_r4_5
                0x000000000601c964                __ashiftrt_r4_4
                0x000000000601c966                __ashiftrt_r4_3
                0x000000000601c968                __ashiftrt_r4_2
                0x000000000601c96a                __ashiftrt_r4_1
                0x000000000601c96e                __ashiftrt_r4_0
 *fill*         0x000000000601c972        0x2 
 .text          0x000000000601c974       0xa0 /joengine/Compiler/LINUX/bin/../lib/gcc/sh-none-elf/8.2.0/libgcc.a(_sdivsi3.o)
                0x000000000601c974                __sdivsi3
 .text          0x000000000601ca14       0x6c /joengine/Compiler/LINUX/bin/../lib/gcc/sh-none-elf/8.2.0/libgcc.a(_udivsi3.o)
                0x000000000601ca36                __udivsi3
 .text          0x000000000601ca80       0x78 /joengine/Compiler/LINUX/bin/../lib/gcc/sh-none-elf/8.2.0/libgcc.a(_movmem.o)
                0x000000000601ca80                __movstr
                0x000000000601ca80                __movmem
                0x000000000601cab4                __movmemSI64
                0x000000000601cab4                __movstrSI64
                0x000000000601cab8                __movstrSI60
                0x000000000601cab8                __movmemSI60
                0x000000000601cabc                __movmemSI56
                0x000000000601cabc                __movstrSI56
                0x000000000601cac0                __movstrSI52
                0x000000000601cac0                __movmemSI52
                0x000000000601cac4                __movstrSI48
                0x000000000601cac4                __movmemSI48
                0x000000000601cac8                __movstrSI44
                0x000000000601cac8                __movmemSI44
                0x000000000601cacc                __movstrSI40
                0x000000000601cacc                __movmemSI40
                0x000000000601cad0                __movstrSI36
                0x000000000601cad0                __movmemSI36
                0x000000000601cad4                __movmemSI32
                0x000000000601cad4                __movstrSI32
                0x000000000601cad8                __movmemSI28
                0x000000000601cad8                __movstrSI28
                0x000000000601cadc                __movstrSI24
                0x000000000601cadc                __movmemSI24
                0x000000000601cae0                __movmemSI20
                0x000000000601cae0                __movstrSI20
                0x000000000601cae4                __movstrSI16
                0x000000000601cae4                __movmemSI16
                0x000000000601cae8                __movmemSI12
                0x000000000601cae8                __movstrSI12
                0x000000000601caec                __movmemSI8
                0x000000000601caec                __movstrSI8
                0x000000000601caf0                __movmemSI4
                0x000000000601caf0                __movstrSI4
 .text          0x000000000601caf8      0x210 /joengine/Compiler/LINUX/bin/../lib/gcc/sh-none-elf/8.2.0/libgcc.a(_addsub_sf.o)
                0x000000000601cc6c                __addsf3
                0x000000000601ccb8                __subsf3
 .text          0x000000000601cd08      0x134 /joengine/Compiler/LINUX/bin/../lib/gcc/sh-none-elf/8.2.0/libgcc.a(_mul_sf.o)
                0x000000000601cd08                __mulsf3
 .text          0x000000000601ce3c       0xdc /joengine/Compiler/LINUX/bin/../lib/gcc/sh-none-elf/8.2.0/libgcc.a(_div_sf.o)
                0x000000000601ce3c                __divsf3
 .text          0x000000000601cf18       0x54 /joengine/Compiler/LINUX/bin/../lib/gcc/sh-none-elf/8.2.0/libgcc.a(_eq_sf.o)
                0x000000000601cf18                __eqsf2
 .text          0x000000000601cf6c       0x54 /joengine/Compiler/LINUX/bin/../lib/gcc/sh-none-elf/8.2.0/libgcc.a(_ne_sf.o)
                0x000000000601cf6c                __nesf2
 .text          0x000000000601cfc0       0x4c /joengine/Compiler/LINUX/bin/../lib/gcc/sh-none-elf/8.2.0/libgcc.a(_gt_sf.o)
                0x000000000601cfc0                __gtsf2
 .text          0x000000000601d00c       0x4c /joengine/Compiler/LINUX/bin/../lib/gcc/sh-none-elf/8.2.0/libgcc.a(_ge_sf.o)
                0x000000000601d00c                __gesf2
 .text          0x000000000601d058       0x54 /joengine/Compiler/LINUX/bin/../lib/gcc/sh-none-elf/8.2.0/libgcc.a(_lt_sf.o)
                0x000000000601d058                __ltsf2
 .text          0x000000000601d0ac       0x54 /joengine/Compiler/LINUX/bin/../lib/gcc/sh-none-elf/8.2.0/libgcc.a(_le_sf.o)
                0x000000000601d0ac                __lesf2
 .text          0x000000000601d100       0x84 /joengine/Compiler/LINUX/bin/../lib/gcc/sh-none-elf/8.2.0/libgcc.a(_si_to_sf.o)
                0x000000000601d100                __floatsisf
 .text          0x000000000601d184       0x7c /joengine/Compiler/LINUX/bin/../lib/gcc/sh-none-elf/8.2.0/libgcc.a(_sf_to_si.o)
                0x000000000601d184                __fixsfsi
 .text          0x000000000601d200       0x3c /joengine/Compiler/LINUX/bin/../lib/gcc/sh-none-elf/8.2.0/libgcc.a(_sf_to_df.o)
                0x000000000601d200                __extendsfdf2
 .text          0x000000000601d23c        0x0 /joengine/Compiler/LINUX/bin/../lib/gcc/sh-none-elf/8.2.0/libgcc.a(_thenan_sf.o)
 .text          0x000000000601d23c       0x94 /joengine/Compiler/LINUX/bin/../lib/gcc/sh-none-elf/8.2.0/libgcc.a(_usi_to_sf.o)
                0x000000000601d23c                __floatunsisf
 .text          0x000000000601d2d0       0x28 /joengine/Compiler/LINUX/bin/../lib/gcc/sh-none-elf/8.2.0/libgcc.a(_make_df.o)
                0x000000000601d2d0                __make_dp
 .text          0x000000000601d2f8       0x4c /joengine/Compiler/LINUX/bin/../lib/gcc/sh-none-elf/8.2.0/libgcc.a(_df_to_sf.o)
                0x000000000601d2f8                __truncdfsf2
 .text          0x000000000601d344      0x114 /joengine/Compiler/LINUX/bin/../lib/gcc/sh-none-elf/8.2.0/libgcc.a(_pack_sf.o)
                0x000000000601d344                __pack_f
 .text          0x000000000601d458       0xa0 /joengine/Compiler/LINUX/bin/../lib/gcc/sh-none-elf/8.2.0/libgcc.a(_unpack_sf.o)
                0x000000000601d458                __unpack_f
 .text          0x000000000601d4f8       0xa8 /joengine/Compiler/LINUX/bin/../lib/gcc/sh-none-elf/8.2.0/libgcc.a(_fpcmp_parts_sf.o)
                0x000000000601d4f8                __fpcmp_parts_f
 .text          0x000000000601d5a0       0x20 /joengine/Compiler/LINUX/bin/../lib/gcc/sh-none-elf/8.2.0/libgcc.a(_make_sf.o)
                0x000000000601d5a0                __make_fp
 .text          0x000000000601d5c0        0x0 /joengine/Compiler/LINUX/bin/../lib/gcc/sh-none-elf/8.2.0/../../../../sh-none-elf/lib/libc.a(lib_a-impure.o)
 .text          0x000000000601d5c0       0x1e /joengine/Compiler/LINUX/bin/../lib/gcc/sh-none-elf/8.2.0/../../../../sh-none-elf/lib/libc.a(lib_a-memcmp.o)
                0x000000000601d5c0                memcmp
 *fill*         0x000000000601d5de        0x2 
 .text          0x000000000601d5e0       0x94 /joengine/Compiler/LINUX/bin/../lib/gcc/sh-none-elf/8.2.0/../../../../sh-none-elf/lib/libc.a(lib_a-memcpy.o)
                0x000000000601d5e0                memcpy
 .text          0x000000000601d674       0x40 /joengine/Compiler/LINUX/bin/../lib/gcc/sh-none-elf/8.2.0/../../../../sh-none-elf/lib/libc.a(lib_a-memset.o)
                0x000000000601d674                memset
 .text          0x000000000601d6b4       0x58 /joengine/Compiler/LINUX/bin/../lib/gcc/sh-none-elf/8.2.0/../../../../sh-none-elf/lib/libc.a(lib_a-rand.o)
                0x000000000601d6b4                srand
                0x000000000601d6c8                rand
 .text          0x000000000601d70c       0x60 /joengine/Compiler/LINUX/bin/../lib/gcc/sh-none-elf/8.2.0/../../../../sh-none-elf/lib/libc.a(lib_a-rget.o)
                0x000000000601d70c                __srget_r
                0x000000000601d758                __srget
 .text          0x000000000601d76c       0x8c /joengine/Compiler/LINUX/bin/../lib/gcc/sh-none-elf/8.2.0/../../../../sh-none-elf/lib/libc.a(lib_a-sprintf.o)
                0x000000000601d76c                _sprintf_r
                0x000000000601d7ac                sprintf
 .text          0x000000000601d7f8       0x22 /joengine/Compiler/LINUX/bin/../lib/gcc/sh-none-elf/8.2.0/../../../../sh-none-elf/lib/libc.a(lib_a-strcat.o)
                0x000000000601d7f8                strcat
 *fill*         0x000000000601d81a        0x2 
 .text          0x000000000601d81c       0x38 /joengine/Compiler/LINUX/bin/../lib/gcc/sh-none-elf/8.2.0/../../../../sh-none-elf/lib/libc.a(lib_a-strcmp.o)
                0x000000000601d81c                strcmp
 .text          0x000000000601d854       0x3c /joengine/Compiler/LINUX/bin/../lib/gcc/sh-none-elf/8.2.0/../../../../sh-none-elf/lib/libc.a(lib_a-strcpy.o)
                0x000000000601d854                strcpy
 .text          0x000000000601d890       0x20 /joengine/Compiler/LINUX/bin/../lib/gcc/sh-none-elf/8.2.0/../../../../sh-none-elf/lib/libc.a(lib_a-strlen.o)
                0x000000000601d890                strlen
 .text          0x000000000601d8b0       0x2a /joengine/Compiler/LINUX/bin/../lib/gcc/sh-none-elf/8.2.0/../../../../sh-none-elf/lib/libc.a(lib_a-strncmp.o)
                0x000000000601d8b0                strncmp
 .text          0x000000000601d8da       0x32 /joengine/Compiler/LINUX/bin/../lib/gcc/sh-none-elf/8.2.0/../../../../sh-none-elf/lib/libc.a(lib_a-strncpy.o)
                0x000000000601d8da                strncpy
 .text          0x000000000601d90c       0x36 /joengine/Compiler/LINUX/bin/../lib/gcc/sh-none-elf/8.2.0/../../../../sh-none-elf/lib/libc.a(lib_a-strstr.o)
                0x000000000601d90c                strstr
 *fill*         0x000000000601d942        0x2 
 .text          0x000000000601d944     0x1378 /joengine/Compiler/LINUX/bin/../lib/gcc/sh-none-elf/8.2.0/../../../../sh-none-elf/lib/libc.a(lib_a-svfprintf.o)
                0x000000000601d944                _svfprintf_r
 .text          0x000000000601ecbc       0xdc /joengine/Compiler/LINUX/bin/../lib/gcc/sh-none-elf/8.2.0/../../../../sh-none-elf/lib/libc.a(lib_a-wbuf.o)
                0x000000000601ecbc                __swbuf_r
                0x000000000601ed84                __swbuf
 .text          0x000000000601ed98       0xcc /joengine/Compiler/LINUX/bin/../lib/gcc/sh-none-elf/8.2.0/../../../../sh-none-elf/lib/libc.a(lib_a-wsetup.o)
                0x000000000601ed98                __swsetup_r
 .text          0x000000000601ee64      0xef4 /joengine/Compiler/LINUX/bin/../lib/gcc/sh-none-elf/8.2.0/../../../../sh-none-elf/lib/libc.a(lib_a-dtoa.o)
                0x000000000601ef98                _dtoa_r
 .text          0x000000000601fd58      0x1a8 /joengine/Compiler/LINUX/bin/../lib/gcc/sh-none-elf/8.2.0/../../../../sh-none-elf/lib/libc.a(lib_a-fflush.o)
                0x000000000601fd58                __sflush_r
                0x000000000601fe98                _fflush_r
                0x000000000601fed8                fflush
 .text          0x000000000601ff00      0x218 /joengine/Compiler/LINUX/bin/../lib/gcc/sh-none-elf/8.2.0/../../../../sh-none-elf/lib/libc.a(lib_a-findfp.o)
                0x000000000601ff5c                _cleanup_r
                0x000000000601ff70                __sfmoreglue
                0x000000000601ffbc                _cleanup
                0x000000000601ffd0                __sinit
                0x0000000006020024                __sfp
                0x00000000060200d8                __sfp_lock_acquire
                0x00000000060200dc                __sfp_lock_release
                0x00000000060200e0                __sinit_lock_acquire
                0x00000000060200e4                __sinit_lock_release
                0x00000000060200e8                __fp_lock_all
                0x0000000006020100                __fp_unlock_all
 .text          0x0000000006020118       0xb4 /joengine/Compiler/LINUX/bin/../lib/gcc/sh-none-elf/8.2.0/../../../../sh-none-elf/lib/libc.a(lib_a-fwalk.o)
                0x0000000006020118                _fwalk
                0x000000000602016e                _fwalk_reent
 .text          0x00000000060201cc       0x40 /joengine/Compiler/LINUX/bin/../lib/gcc/sh-none-elf/8.2.0/../../../../sh-none-elf/lib/libc.a(lib_a-localeconv.o)
                0x00000000060201cc                __localeconv_l
                0x00000000060201d4                _localeconv_r
                0x00000000060201f0                localeconv
 .text          0x000000000602020c       0xa8 /joengine/Compiler/LINUX/bin/../lib/gcc/sh-none-elf/8.2.0/../../../../sh-none-elf/lib/libc.a(lib_a-locale.o)
                0x000000000602020c                _setlocale_r
                0x0000000006020258                __locale_mb_cur_max
                0x0000000006020278                __locale_ctype_ptr_l
                0x0000000006020282                __locale_ctype_ptr
                0x00000000060202a0                setlocale
 .text          0x00000000060202b4      0x110 /joengine/Compiler/LINUX/bin/../lib/gcc/sh-none-elf/8.2.0/../../../../sh-none-elf/lib/libc.a(lib_a-makebuf.o)
                0x00000000060202b4                __swhatbuf_r
                0x0000000006020318                __smakebuf_r
 .text          0x00000000060203c4       0x4c /joengine/Compiler/LINUX/bin/../lib/gcc/sh-none-elf/8.2.0/../../../../sh-none-elf/lib/libc.a(lib_a-mbtowc_r.o)
                0x00000000060203c4                _mbtowc_r
                0x00000000060203e8                __ascii_mbtowc
 .text          0x0000000006020410       0x1c /joengine/Compiler/LINUX/bin/../lib/gcc/sh-none-elf/8.2.0/../../../../sh-none-elf/lib/libc.a(lib_a-memchr.o)
                0x0000000006020410                memchr
 .text          0x000000000602042c      0xa9c /joengine/Compiler/LINUX/bin/../lib/gcc/sh-none-elf/8.2.0/../../../../sh-none-elf/lib/libc.a(lib_a-mprec.o)
                0x000000000602042c                _Balloc
                0x00000000060204a0                _Bfree
                0x00000000060204b8                __multadd
                0x0000000006020560                __s2b
                0x0000000006020620                __hi0bits
                0x0000000006020674                __lo0bits
                0x00000000060206d8                __i2b
                0x00000000060206f4                __multiply
                0x0000000006020838                __pow5mult
                0x00000000060208f4                __lshift
                0x00000000060209e8                __mcmp
                0x0000000006020a20                __mdiff
                0x0000000006020afc                __ulp
                0x0000000006020b68                __b2d
                0x0000000006020c50                __d2b
                0x0000000006020d3c                __ratio
                0x0000000006020dc0                _mprec_log10
                0x0000000006020e18                __copybits
                0x0000000006020e5c                __any_on
 .text          0x0000000006020ec8      0x14c /joengine/Compiler/LINUX/bin/../lib/gcc/sh-none-elf/8.2.0/../../../../sh-none-elf/lib/libc.a(lib_a-refill.o)
                0x0000000006020ee0                __srefill_r
 .text          0x0000000006021014       0xe0 /joengine/Compiler/LINUX/bin/../lib/gcc/sh-none-elf/8.2.0/../../../../sh-none-elf/lib/libc.a(lib_a-stdio.o)
                0x0000000006021014                __sread
                0x0000000006021050                __seofread
                0x0000000006021054                __swrite
                0x00000000060210a4                __sseek
                0x00000000060210e4                __sclose
 .text          0x00000000060210f4      0xa60 /joengine/Compiler/LINUX/bin/../lib/gcc/sh-none-elf/8.2.0/../../../../sh-none-elf/lib/libc.a(lib_a-svfiprintf.o)
                0x00000000060210f4                __ssprint_r
                0x0000000006021228                _svfiprintf_r
 .text          0x0000000006021b54       0x40 /joengine/Compiler/LINUX/bin/../lib/gcc/sh-none-elf/8.2.0/../../../../sh-none-elf/lib/libc.a(lib_a-wctomb_r.o)
                0x0000000006021b54                _wctomb_r
                0x0000000006021b74                __ascii_wctomb
 .text          0x0000000006021b94       0x34 /joengine/Compiler/LINUX/bin/../lib/gcc/sh-none-elf/8.2.0/../../../../sh-none-elf/lib/libc.a(lib_a-writer.o)
                0x0000000006021b94                _write_r
 .text          0x0000000006021bc8       0x30 /joengine/Compiler/LINUX/bin/../lib/gcc/sh-none-elf/8.2.0/../../../../sh-none-elf/lib/libc.a(lib_a-closer.o)
                0x0000000006021bc8                _close_r
 .text          0x0000000006021bf8        0x0 /joengine/Compiler/LINUX/bin/../lib/gcc/sh-none-elf/8.2.0/../../../../sh-none-elf/lib/libc.a(lib_a-ctype_.o)
 .text          0x0000000006021bf8       0xc8 /joengine/Compiler/LINUX/bin/../lib/gcc/sh-none-elf/8.2.0/../../../../sh-none-elf/lib/libc.a(lib_a-fclose.o)
                0x0000000006021bf8                _fclose_r
                0x0000000006021cac                fclose
 .text          0x0000000006021cc0       0x34 /joengine/Compiler/LINUX/bin/../lib/gcc/sh-none-elf/8.2.0/../../../../sh-none-elf/lib/libc.a(lib_a-fstatr.o)
                0x0000000006021cc0                _fstat_r
 .text          0x0000000006021cf4       0x30 /joengine/Compiler/LINUX/bin/../lib/gcc/sh-none-elf/8.2.0/../../../../sh-none-elf/lib/libc.a(lib_a-isattyr.o)
                0x0000000006021cf4                _isatty_r
 .text          0x0000000006021d24       0x34 /joengine/Compiler/LINUX/bin/../lib/gcc/sh-none-elf/8.2.0/../../../../sh-none-elf/lib/libc.a(lib_a-lseekr.o)
                0x0000000006021d24                _lseek_r
 .text          0x0000000006021d58       0x3c /joengine/Compiler/LINUX/bin/../lib/gcc/sh-none-elf/8.2.0/../../../../sh-none-elf/lib/libc.a(lib_a-memmove.o)
                0x0000000006021d58                memmove
 .text          0x0000000006021d94       0x34 /joengine/Compiler/LINUX/bin/../lib/gcc/sh-none-elf/8.2.0/../../../../sh-none-elf/lib/libc.a(lib_a-readr.o)
                0x0000000006021d94                _read_r
 .text          0x0000000006021dc8      0x100 /joengine/Compiler/LINUX/bin/../lib/gcc/sh-none-elf/8.2.0/../../../../sh-none-elf/lib/libc.a(lib_a-reent.o)
                0x0000000006021dc8                cleanup_glue
                0x0000000006021df4                _reclaim_reent
 .text          0x0000000006021ec8       0x80 /joengine/Compiler/LINUX/bin/../lib/gcc/sh-none-elf/8.2.0/libgcc.a(_ashiftrt_n.o)
                0x0000000006021ec8                __ashrsi3
 .text          0x0000000006021f48       0xbc /joengine/Compiler/LINUX/bin/../lib/gcc/sh-none-elf/8.2.0/libgcc.a(_ashiftlt.o)
                0x0000000006021f48                __ashlsi3
                0x0000000006021f4c                __ashlsi3_r0
 .text          0x0000000006022004       0xbc /joengine/Compiler/LINUX/bin/../lib/gcc/sh-none-elf/8.2.0/libgcc.a(_lshiftrt.o)
                0x0000000006022004                __lshrsi3
                0x0000000006022008                __lshrsi3_r0
 .text          0x00000000060220c0      0x258 /joengine/Compiler/LINUX/bin/../lib/gcc/sh-none-elf/8.2.0/libgcc.a(_udivdi3.o)
                0x00000000060220c0                __udivdi3
 .text          0x0000000006022318      0x2bc /joengine/Compiler/LINUX/bin/../lib/gcc/sh-none-elf/8.2.0/libgcc.a(_umoddi3.o)
                0x0000000006022318                __umoddi3
 .text          0x00000000060225d4      0x3b4 /joengine/Compiler/LINUX/bin/../lib/gcc/sh-none-elf/8.2.0/libgcc.a(_addsub_df.o)
                0x00000000060228e4                __adddf3
                0x0000000006022934                __subdf3
 .text          0x0000000006022988      0x208 /joengine/Compiler/LINUX/bin/../lib/gcc/sh-none-elf/8.2.0/libgcc.a(_mul_df.o)
                0x0000000006022988                __muldf3
 .text          0x0000000006022b90      0x130 /joengine/Compiler/LINUX/bin/../lib/gcc/sh-none-elf/8.2.0/libgcc.a(_div_df.o)
                0x0000000006022b90                __divdf3
 .text          0x0000000006022cc0       0x58 /joengine/Compiler/LINUX/bin/../lib/gcc/sh-none-elf/8.2.0/libgcc.a(_eq_df.o)
                0x0000000006022cc0                __eqdf2
 .text          0x0000000006022d18       0x58 /joengine/Compiler/LINUX/bin/../lib/gcc/sh-none-elf/8.2.0/libgcc.a(_ne_df.o)
                0x0000000006022d18                __nedf2
 .text          0x0000000006022d70       0x50 /joengine/Compiler/LINUX/bin/../lib/gcc/sh-none-elf/8.2.0/libgcc.a(_gt_df.o)
                0x0000000006022d70                __gtdf2
 .text          0x0000000006022dc0       0x50 /joengine/Compiler/LINUX/bin/../lib/gcc/sh-none-elf/8.2.0/libgcc.a(_ge_df.o)
                0x0000000006022dc0                __gedf2
 .text          0x0000000006022e10       0x58 /joengine/Compiler/LINUX/bin/../lib/gcc/sh-none-elf/8.2.0/libgcc.a(_lt_df.o)
                0x0000000006022e10                __ltdf2
 .text          0x0000000006022e68       0x58 /joengine/Compiler/LINUX/bin/../lib/gcc/sh-none-elf/8.2.0/libgcc.a(_le_df.o)
                0x0000000006022e68                __ledf2
 .text          0x0000000006022ec0       0x40 /joengine/Compiler/LINUX/bin/../lib/gcc/sh-none-elf/8.2.0/libgcc.a(_unord_df.o)
                0x0000000006022ec0                __unorddf2
 .text          0x0000000006022f00       0xa8 /joengine/Compiler/LINUX/bin/../lib/gcc/sh-none-elf/8.2.0/libgcc.a(_si_to_df.o)
                0x0000000006022f00                __floatsidf
 .text          0x0000000006022fa8       0xa4 /joengine/Compiler/LINUX/bin/../lib/gcc/sh-none-elf/8.2.0/libgcc.a(_df_to_si.o)
                0x0000000006022fa8                __fixdfsi
 .text          0x000000000602304c        0x0 /joengine/Compiler/LINUX/bin/../lib/gcc/sh-none-elf/8.2.0/libgcc.a(_thenan_df.o)
 .text          0x000000000602304c       0x88 /joengine/Compiler/LINUX/bin/../lib/gcc/sh-none-elf/8.2.0/libgcc.a(_usi_to_df.o)
                0x000000000602304c                __floatunsidf
 *fill*         0x00000000060230d4        0x4 
 .text          0x00000000060230d8       0x60 /joengine/Compiler/LINUX/bin/../lib/gcc/sh-none-elf/8.2.0/libgcc.a(_udiv_qrnnd_16.o)
                0x00000000060230d8                __udiv_qrnnd_16
 .text          0x0000000006023138        0x0 /joengine/Compiler/LINUX/bin/../lib/gcc/sh-none-elf/8.2.0/libgcc.a(_clz.o)
 .text          0x0000000006023138       0x58 /joengine/Compiler/LINUX/bin/../lib/gcc/sh-none-elf/8.2.0/libgcc.a(_clzsi2.o)
                0x0000000006023138                __clzsi2
 .text          0x0000000006023190      0x25c /joengine/Compiler/LINUX/bin/../lib/gcc/sh-none-elf/8.2.0/libgcc.a(_pack_df.o)
                0x0000000006023190                __pack_d
 .text          0x00000000060233ec       0xcc /joengine/Compiler/LINUX/bin/../lib/gcc/sh-none-elf/8.2.0/libgcc.a(_unpack_df.o)
                0x00000000060233ec                __unpack_d
 .text          0x00000000060234b8       0xc8 /joengine/Compiler/LINUX/bin/../lib/gcc/sh-none-elf/8.2.0/libgcc.a(_fpcmp_parts_df.o)
                0x00000000060234b8                __fpcmp_parts_d
 *(.strings)
 *(SEGA_P)
 *(.eh_frame_hdr)
 *(.eh_frame)
 .eh_frame      0x0000000006023580       0xa8 /joengine/Compiler/LINUX/bin/../lib/gcc/sh-none-elf/8.2.0/libgcc.a(_udivdi3.o)
 .eh_frame      0x0000000006023628       0xdc /joengine/Compiler/LINUX/bin/../lib/gcc/sh-none-elf/8.2.0/libgcc.a(_umoddi3.o)
                0x0000000006023704                __etext = .

.text.startup   0x0000000006023710      0xb80
 .text.startup  0x0000000006023710      0xb7c /tmp/cc93gC2F.ltrans0.ltrans.o
                0x0000000006023710                main

SLPROG          0x00000000060242a0    0x158a0
                0x00000000060242a0                __slprog_start = .
 *(SLPROG)
 SLPROG         0x00000000060242a0     0x6540 /joengine/Compiler/COMMON/SGL_302j/LIB_ELF/SGLAREA.O
                0x00000000060242a0                MasterStack
                0x00000000060242a4                SlaveStack
                0x00000000060242a8                MaxVertices
                0x00000000060242aa                MaxPolygons
                0x00000000060242ac                SortList
                0x00000000060242b0                SortListSize
                0x00000000060242b4                TransList
                0x00000000060242b8                Zbuffer
                0x00000000060242bc                SpriteBuf
                0x00000000060242c0                SpriteBufSize
                0x00000000060242c4                Pbuffer
                0x00000000060242c8                CommandBuf
                0x00000000060242cc                CLOfstBuf
                0x00000000060242d0                PCM_Work
                0x00000000060242d4                PCM_WkSize
                0x00000000060242d8                MaxEvents
                0x00000000060242da                EventSize
                0x00000000060242dc                MaxWorks
                0x00000000060242de                WorkSize
                0x00000000060242e0                RemainEvent
                0x00000000060243e0                RemainWork
                0x00000000060247e0                EventBuf
                0x00000000060267e0                WorkBuf
 SLPROG         0x000000000602a7e0     0x411e /joengine/Compiler/COMMON/SGL_302j/LIB_ELF/LIBSGL.A(sglA01.o)
                0x000000000602a7e0                slSin
                0x000000000602a804                slCos
                0x000000000602a828                GetSinCos
                0x000000000602a8bc                sin_cos_index_tbl
                0x000000000602a8fc                sin_tbl
 *fill*         0x000000000602e8fe        0x2 
 SLPROG         0x000000000602e900       0x18 /joengine/Compiler/COMMON/SGL_302j/LIB_ELF/LIBSGL.A(sglA15.o)
                0x000000000602e900                slSlaveFunc
 *fill*         0x000000000602e918        0x8 
 SLPROG         0x000000000602e920       0xd0 /joengine/Compiler/COMMON/SGL_302j/LIB_ELF/LIBSGL.A(sglA16.o)
                0x000000000602e920                slLookAt
 SLPROG         0x000000000602e9f0       0x78 /joengine/Compiler/COMMON/SGL_302j/LIB_ELF/LIBSGL.A(sglA17.o)
                0x000000000602e9f0                slRotZ
                0x000000000602e9fa                slRotZSC
 *fill*         0x000000000602ea68        0x8 
 SLPROG         0x000000000602ea70       0x78 /joengine/Compiler/COMMON/SGL_302j/LIB_ELF/LIBSGL.A(sglA18.o)
                0x000000000602ea70                slRotY
                0x000000000602ea7a                slRotYSC
 *fill*         0x000000000602eae8        0x8 
 SLPROG         0x000000000602eaf0       0x78 /joengine/Compiler/COMMON/SGL_302j/LIB_ELF/LIBSGL.A(sglA19.o)
                0x000000000602eaf0                slRotX
                0x000000000602eafa                slRotXSC
 *fill*         0x000000000602eb68        0x8 
 SLPROG         0x000000000602eb70      0x42c /joengine/Compiler/COMMON/SGL_302j/LIB_ELF/LIBSGL.A(sglA20.o)
                0x000000000602eb70                slInitMatrix
                0x000000000602eb7a                slPushUnitMatrix
                0x000000000602eb8e                slUnitMatrix
 *fill*         0x000000000602ef9c        0x4 
 SLPROG         0x000000000602efa0       0x48 /joengine/Compiler/COMMON/SGL_302j/LIB_ELF/LIBSGL.A(sglA21.o)
                0x000000000602efa0                slPushMatrix
                0x000000000602efd4                slPopMatrix
                0x000000000602efd4                slDecMatrixPtr
 *fill*         0x000000000602efe8        0x8 
 SLPROG         0x000000000602eff0       0x50 /joengine/Compiler/COMMON/SGL_302j/LIB_ELF/LIBSGL.A(sglA27.o)
                0x000000000602eff0                slTranslate
 SLPROG         0x000000000602f040       0x70 /joengine/Compiler/COMMON/SGL_302j/LIB_ELF/LIBSGL.A(sglA28.o)
                0x000000000602f040                slScale
 SLPROG         0x000000000602f0b0       0x22 /joengine/Compiler/COMMON/SGL_302j/LIB_ELF/LIBSGL.A(sglA40.o)
                0x000000000602f0b0                slCalcVector
 *fill*         0x000000000602f0d2        0xe 
 SLPROG         0x000000000602f0e0       0x20 /joengine/Compiler/COMMON/SGL_302j/LIB_ELF/LIBSGL.A(sglB001.o)
                0x000000000602f0e0                slTVOn
                0x000000000602f0ea                slTVOff
 SLPROG         0x000000000602f100       0x24 /joengine/Compiler/COMMON/SGL_302j/LIB_ELF/LIBSGL.A(sglB011.o)
                0x000000000602f100                slBitMapNbg1
 *fill*         0x000000000602f124        0xc 
 SLPROG         0x000000000602f130        0x8 /joengine/Compiler/COMMON/SGL_302j/LIB_ELF/LIBSGL.A(sglB014.o)
                0x000000000602f130                slScrTransparent
 *fill*         0x000000000602f138        0x8 
 SLPROG         0x000000000602f140      0x40c /joengine/Compiler/COMMON/SGL_302j/LIB_ELF/LIBSGL.A(sglB015.o)
                0x000000000602f140                slScrAutoDisp
 *fill*         0x000000000602f54c        0x4 
 SLPROG         0x000000000602f550        0xc /joengine/Compiler/COMMON/SGL_302j/LIB_ELF/LIBSGL.A(sglB016.o)
                0x000000000602f550                slBack1ColSet
 *fill*         0x000000000602f55c        0x4 
 SLPROG         0x000000000602f560       0x10 /joengine/Compiler/COMMON/SGL_302j/LIB_ELF/LIBSGL.A(sglB020.o)
                0x000000000602f560                slColorCalc
 SLPROG         0x000000000602f570        0xc /joengine/Compiler/COMMON/SGL_302j/LIB_ELF/LIBSGL.A(sglB021.o)
                0x000000000602f570                slColorCalcOn
 *fill*         0x000000000602f57c        0x4 
 SLPROG         0x000000000602f580        0xc /joengine/Compiler/COMMON/SGL_302j/LIB_ELF/LIBSGL.A(sglB023.o)
                0x000000000602f580                slColRate
 *fill*         0x000000000602f58c        0x4 
 SLPROG         0x000000000602f590       0xb0 /joengine/Compiler/COMMON/SGL_302j/LIB_ELF/LIBSGL.A(sglB031.o)
                0x000000000602f590                slMapNbg0
 SLPROG         0x000000000602f640       0xb4 /joengine/Compiler/COMMON/SGL_302j/LIB_ELF/LIBSGL.A(sglB032.o)
                0x000000000602f640                slMapNbg1
 *fill*         0x000000000602f6f4        0xc 
 SLPROG         0x000000000602f700       0xb0 /joengine/Compiler/COMMON/SGL_302j/LIB_ELF/LIBSGL.A(sglB033.o)
                0x000000000602f700                slMapNbg2
 SLPROG         0x000000000602f7b0       0xb4 /joengine/Compiler/COMMON/SGL_302j/LIB_ELF/LIBSGL.A(sglB034.o)
                0x000000000602f7b0                slMapNbg3
 *fill*         0x000000000602f864        0xc 
 SLPROG         0x000000000602f870       0xd4 /joengine/Compiler/COMMON/SGL_302j/LIB_ELF/LIBSGL.A(sglB035.o)
                0x000000000602f870                sl1MapRA
                0x000000000602f902                rbank_set
 *fill*         0x000000000602f944        0xc 
 SLPROG         0x000000000602f950       0xa0 /joengine/Compiler/COMMON/SGL_302j/LIB_ELF/LIBSGL.A(sglB036.o)
                0x000000000602f950                sl1MapRB
 SLPROG         0x000000000602f9f0       0x70 /joengine/Compiler/COMMON/SGL_302j/LIB_ELF/LIBSGL.A(sglB038.o)
                0x000000000602f9f0                slRparaInitSet
 SLPROG         0x000000000602fa60       0x7e /joengine/Compiler/COMMON/SGL_302j/LIB_ELF/LIBSGL.A(sglB039.o)
                0x000000000602fa60                slMakeKtable
 *fill*         0x000000000602fade        0x2 
 SLPROG         0x000000000602fae0       0x58 /joengine/Compiler/COMMON/SGL_302j/LIB_ELF/LIBSGL.A(sglB040.o)
                0x000000000602fae0                slKtableRA
 *fill*         0x000000000602fb38        0x8 
 SLPROG         0x000000000602fb40       0x5c /joengine/Compiler/COMMON/SGL_302j/LIB_ELF/LIBSGL.A(sglB041.o)
                0x000000000602fb40                slKtableRB
 *fill*         0x000000000602fb9c        0x4 
 SLPROG         0x000000000602fba0       0x10 /joengine/Compiler/COMMON/SGL_302j/LIB_ELF/LIBSGL.A(sglB042.o)
                0x000000000602fba0                slCurRpara
 SLPROG         0x000000000602fbb0        0x8 /joengine/Compiler/COMMON/SGL_302j/LIB_ELF/LIBSGL.A(sglB043.o)
                0x000000000602fbb0                slRparaMode
 *fill*         0x000000000602fbb8        0x8 
 SLPROG         0x000000000602fbc0      0x4e4 /joengine/Compiler/COMMON/SGL_302j/LIB_ELF/LIBSGL.A(sglB044.o)
                0x000000000602fbc0                slScrMatSet
 *fill*         0x00000000060300a4        0xc 
 SLPROG         0x00000000060300b0       0x28 /joengine/Compiler/COMMON/SGL_302j/LIB_ELF/LIBSGL.A(sglB045.o)
                0x00000000060300b0                slScrMatConv
 *fill*         0x00000000060300d8        0x8 
 SLPROG         0x00000000060300e0        0xc /joengine/Compiler/COMMON/SGL_302j/LIB_ELF/LIBSGL.A(sglB047.o)
                0x00000000060300e0                slOverRA
 *fill*         0x00000000060300ec        0x4 
 SLPROG         0x00000000060300f0       0x10 /joengine/Compiler/COMMON/SGL_302j/LIB_ELF/LIBSGL.A(sglB048.o)
                0x00000000060300f0                slOverRB
 SLPROG         0x0000000006030100        0xc /joengine/Compiler/COMMON/SGL_302j/LIB_ELF/LIBSGL.A(sglB055.o)
                0x0000000006030100                slPlaneNbg0
 *fill*         0x000000000603010c        0x4 
 SLPROG         0x0000000006030110        0xc /joengine/Compiler/COMMON/SGL_302j/LIB_ELF/LIBSGL.A(sglB056.o)
                0x0000000006030110                slPlaneNbg1
 *fill*         0x000000000603011c        0x4 
 SLPROG         0x0000000006030120       0x10 /joengine/Compiler/COMMON/SGL_302j/LIB_ELF/LIBSGL.A(sglB057.o)
                0x0000000006030120                slPlaneNbg2
 SLPROG         0x0000000006030130       0x10 /joengine/Compiler/COMMON/SGL_302j/LIB_ELF/LIBSGL.A(sglB058.o)
                0x0000000006030130                slPlaneNbg3
 SLPROG         0x0000000006030140        0xc /joengine/Compiler/COMMON/SGL_302j/LIB_ELF/LIBSGL.A(sglB059.o)
                0x0000000006030140                slPlaneRA
 *fill*         0x000000000603014c        0x4 
 SLPROG         0x0000000006030150       0x10 /joengine/Compiler/COMMON/SGL_302j/LIB_ELF/LIBSGL.A(sglB060.o)
                0x0000000006030150                slPlaneRB
 SLPROG         0x0000000006030160        0xc /joengine/Compiler/COMMON/SGL_302j/LIB_ELF/LIBSGL.A(sglB063.o)
                0x0000000006030160                slPriority
 *fill*         0x000000000603016c        0x4 
 SLPROG         0x0000000006030170       0x18 /joengine/Compiler/COMMON/SGL_302j/LIB_ELF/LIBSGL.A(sglB087.o)
                0x0000000006030170                slLineScrollTable0
 *fill*         0x0000000006030188        0x8 
 SLPROG         0x0000000006030190        0x8 /joengine/Compiler/COMMON/SGL_302j/LIB_ELF/LIBSGL.A(sglB088.o)
                0x0000000006030190                slLineScrollTable1
 *fill*         0x0000000006030198        0x8 
 SLPROG         0x00000000060301a0        0xc /joengine/Compiler/COMMON/SGL_302j/LIB_ELF/LIBSGL.A(sglB090.o)
                0x00000000060301a0                slLineScrollMode
 *fill*         0x00000000060301ac        0x4 
 SLPROG         0x00000000060301b0      0x114 /joengine/Compiler/COMMON/SGL_302j/LIB_ELF/LIBSGL.A(sglB200.o)
                0x00000000060301b0                slCharRbg0
                0x00000000060301bc                slCharNbg0
                0x00000000060301c8                slCharNbg1
                0x00000000060301d4                slCharNbg2
                0x00000000060301ea                slCharNbg3
                0x0000000006030202                slPageRbg0
                0x0000000006030218                slPageNbg1
                0x0000000006030220                slPageNbg2
                0x0000000006030228                slPageNbg3
                0x0000000006030234                slPageNbg0
 *fill*         0x00000000060302c4        0xc 
 SLPROG         0x00000000060302d0       0x6c /joengine/Compiler/COMMON/SGL_302j/LIB_ELF/LIBSGL.A(sglC01.o)
                0x00000000060302d0                slPerspective
 *fill*         0x000000000603033c        0x4 
 SLPROG         0x0000000006030340       0xc4 /joengine/Compiler/COMMON/SGL_302j/LIB_ELF/LIBSGL.A(sglC03.o)
                0x0000000006030340                slWindow
 *fill*         0x0000000006030404        0xc 
 SLPROG         0x0000000006030410       0x2c /joengine/Compiler/COMMON/SGL_302j/LIB_ELF/LIBSGL.A(sglC04.o)
                0x0000000006030410                slZdspLevel
 *fill*         0x000000000603043c        0x4 
 SLPROG         0x0000000006030440       0x78 /joengine/Compiler/COMMON/SGL_302j/LIB_ELF/LIBSGL.A(sglC05.o)
                0x0000000006030440                slSetSprite
 *fill*         0x00000000060304b8        0x8 
 SLPROG         0x00000000060304c0       0xfa /joengine/Compiler/COMMON/SGL_302j/LIB_ELF/LIBSGL.A(sglC06.o)
                0x00000000060304c0                slDispSprite
 *fill*         0x00000000060305ba        0x6 
 SLPROG         0x00000000060305c0      0x162 /joengine/Compiler/COMMON/SGL_302j/LIB_ELF/LIBSGL.A(sglC07.o)
                0x00000000060305c6                slPutSprite
 *fill*         0x0000000006030722        0xe 
 SLPROG         0x0000000006030730     0x1218 /joengine/Compiler/COMMON/SGL_302j/LIB_ELF/LIBSGL.A(sglC08.o)
                0x0000000006030730                slPutPolygon
                0x00000000060313ac                MsCalcDepthFlat
 *fill*         0x0000000006031948        0x8 
 SLPROG         0x0000000006031950       0x8c /joengine/Compiler/COMMON/SGL_302j/LIB_ELF/LIBSGL.A(sglC14.o)
                0x0000000006031950                slCurWindow
 *fill*         0x00000000060319dc        0x4 
 SLPROG         0x00000000060319e0       0x54 /joengine/Compiler/COMMON/SGL_302j/LIB_ELF/LIBSGL.A(sglC16.o)
                0x00000000060319e0                slDynamicFrame
 *fill*         0x0000000006031a34        0xc 
 SLPROG         0x0000000006031a40       0x4c /joengine/Compiler/COMMON/SGL_302j/LIB_ELF/LIBSGL.A(sglC17.o)
                0x0000000006031a40                slDispSpriteHV
 *fill*         0x0000000006031a8c        0x4 
 SLPROG         0x0000000006031a90       0xd4 /joengine/Compiler/COMMON/SGL_302j/LIB_ELF/LIBSGL.A(sglC19.o)
                0x0000000006031a90                slDispSprite4P
 *fill*         0x0000000006031b64        0xc 
 SLPROG         0x0000000006031b70       0x40 /joengine/Compiler/COMMON/SGL_302j/LIB_ELF/LIBSGL.A(sglC20.o)
                0x0000000006031b70                SpriteEntry
 SLPROG         0x0000000006031bb0      0x4ae /joengine/Compiler/COMMON/SGL_302j/LIB_ELF/LIBSGL.A(sglC21.o)
                0x0000000006031c38                RotSprite
                0x0000000006031cc6                SetSprPosition
 *fill*         0x000000000603205e        0x2 
 SLPROG         0x0000000006032060       0x84 /joengine/Compiler/COMMON/SGL_302j/LIB_ELF/LIBSGL.A(sglD00.o)
                0x0000000006032060                slDMACopy
                0x0000000006032060                slCpuDMACopy
                0x00000000060320ba                slCashPurge
                0x00000000060320ba                CSH_AllClr
 *fill*         0x00000000060320e4        0xc 
 SLPROG         0x00000000060320f0       0xa0 /joengine/Compiler/COMMON/SGL_302j/LIB_ELF/LIBSGL.A(sglD01.o)
                0x00000000060320f0                slDMAXCopy
 SLPROG         0x0000000006032190       0x10 /joengine/Compiler/COMMON/SGL_302j/LIB_ELF/LIBSGL.A(sglD02.o)
                0x0000000006032190                slDMAWait
 SLPROG         0x00000000060321a0        0xc /joengine/Compiler/COMMON/SGL_302j/LIB_ELF/LIBSGL.A(sglD03.o)
                0x00000000060321a0                slDMAStatus
 *fill*         0x00000000060321ac        0x4 
 SLPROG         0x00000000060321b0       0x20 /joengine/Compiler/COMMON/SGL_302j/LIB_ELF/LIBSGL.A(sglD15.o)
                0x00000000060321b0                CSH_Purge
 SLPROG         0x00000000060321d0       0x84 /joengine/Compiler/COMMON/SGL_302j/LIB_ELF/LIBSGL.A(sglD16.o)
                0x00000000060321d0                DMA_ScuSetPrm
                0x0000000006032218                DMA_SCU_PRM0
 *fill*         0x0000000006032254        0xc 
 SLPROG         0x0000000006032260       0x88 /joengine/Compiler/COMMON/SGL_302j/LIB_ELF/LIBSGL.A(sglD17.o)
                0x0000000006032260                DMA_ScuStart
 *fill*         0x00000000060322e8        0x8 
 SLPROG         0x00000000060322f0       0x34 /joengine/Compiler/COMMON/SGL_302j/LIB_ELF/LIBSGL.A(sglD18.o)
                0x00000000060322f0                DMA_ScuGetStatus
 *fill*         0x0000000006032324        0xc 
 SLPROG         0x0000000006032330       0x34 /joengine/Compiler/COMMON/SGL_302j/LIB_ELF/LIBSGL.A(sglF08.o)
                0x0000000006032330                slDec2Hex
 *fill*         0x0000000006032364        0xc 
 SLPROG         0x0000000006032370      0xfc8 /joengine/Compiler/COMMON/SGL_302j/LIB_ELF/LIBSGL.A(sglH00.o)
                0x0000000006032388                slGetPortDir1
                0x0000000006032390                slGetPortDir2
                0x0000000006032398                slSetPortDir1
                0x00000000060323c2                slSetPortDir2
                0x00000000060323fc                slGetPortData1
                0x0000000006032404                slGetPortData2
                0x000000000603240c                slSetPortData1
                0x0000000006032416                slSetPortData2
                0x0000000006032428                slGetPortSelect1
                0x0000000006032432                slGetPortSelect2
                0x000000000603243c                slSetPortSelect1
                0x0000000006032470                slSetPortSelect2
                0x00000000060324ac                slGetPortExt1
                0x00000000060324b6                slGetPortExt2
                0x00000000060324c0                slSetPortExt1
                0x00000000060324f0                slSetPortExt2
                0x0000000006032664                slSmpcDirectAccess
                0x00000000060326e4                slInitPeripheral
                0x0000000006032776                slSetResultBuffer
                0x0000000006032802                slCheckIntBackSet
                0x000000000603280e                slIntBackCancel
                0x0000000006032838                slCheckReset
                0x0000000006032842                slClearReset
                0x0000000006032a08                slSmpcCashSend
                0x0000000006032ac4                slSmpcCashBlow
                0x0000000006032ba0                slGetOptimize
                0x0000000006032baa                slSetOptimize
                0x0000000006032bd0                slGetPortMode1
                0x0000000006032bdc                slGetPortMode2
                0x0000000006032bea                slSetPortMode1
                0x0000000006032c28                slSetPortMode2
                0x0000000006032db4                slRequestCommand
                0x0000000006032e24                Smpc_Status
                0x0000000006032e28                Smpc_Result
                0x0000000006032e2c                Smpc_Peripheral
                0x0000000006032e32                Per_Connect1
                0x0000000006032e33                Per_Connect2
                0x0000000006032e54                SmpcStatusBuf
 *fill*         0x0000000006033338        0x8 
 SLPROG         0x0000000006033340       0xa8 /joengine/Compiler/COMMON/SGL_302j/LIB_ELF/LIBSGL.A(sglH01.o)
                0x0000000006033340                slGetLanguage
                0x000000000603334a                slSetLanguage
                0x000000000603336c                slGetSoundEffect
                0x0000000006033378                slSetSoundEffect
                0x0000000006033394                slGetSoundOutput
                0x00000000060333a0                slSetSoundOutput
                0x00000000060333bc                slGetHelpWindow
                0x00000000060333c8                slSetHelpWindow
 *fill*         0x00000000060333e8        0x8 
 SLPROG         0x00000000060333f0      0x470 /joengine/Compiler/COMMON/SGL_302j/LIB_ELF/LIBSGL.A(sglH02.o)
                0x00000000060337e0                smpc_pfr_tbl
                0x0000000006033820                smpc_ptf_tbl
 SLPROG         0x0000000006033860       0x60 /joengine/Compiler/COMMON/SGL_302j/LIB_ELF/LIBSGL.A(sglH04.o)
                0x0000000006033860                slComPrmIntBack
                0x0000000006033874                slComPrmSetMemory
                0x000000000603388a                slComPrmSetTime
 SLPROG         0x00000000060338c0      0x3a4 /joengine/Compiler/COMMON/SGL_302j/LIB_ELF/LIBSGL.A(sglI01.o)
                0x00000000060338c0                slInitSynch
                0x00000000060338da                slSynch
                0x00000000060339d0                slRandom
                0x00000000060339ee                PCM_EndCheck
                0x0000000006033aaa                RetPCMBuf
                0x0000000006033b44                PCM_Buf
                0x0000000006033be4                Sound_Buf
 *fill*         0x0000000006033c64        0xc 
 SLPROG         0x0000000006033c70       0x10 /joengine/Compiler/COMMON/SGL_302j/LIB_ELF/LIBSGL.A(sglI04.o)
                0x0000000006033c70                slIntFunction
 SLPROG         0x0000000006033c80       0x74 /joengine/Compiler/COMMON/SGL_302j/LIB_ELF/LIBSGL.A(sglJ00.o)
                0x0000000006033c80                InitSlaveSH
                0x0000000006033ce8                SlaveCommand
 *fill*         0x0000000006033cf4        0xc 
 SLPROG         0x0000000006033d00      0x3d0 /joengine/Compiler/COMMON/SGL_302j/LIB_ELF/LIBSGL.A(sglJ01.o)
                0x0000000006033d00                SlaveControl
                0x00000000060340bc                ErasePolygonData
 SLPROG         0x00000000060340d0     0x12b8 /joengine/Compiler/COMMON/SGL_302j/LIB_ELF/LIBSGL.A(sglJ02.o)
                0x00000000060340d0                sbMakePolygon
                0x00000000060342b8                sbCalcPolygon
                0x0000000006034ff0                SetTexture
                0x0000000006034ffc                SetPolygon
                0x0000000006035004                SetPosition
                0x000000000603503c                stvtc_4
                0x00000000060350f4                stvtc_3
                0x0000000006035304                stvtc_1
                0x0000000006035318                stvtc_2
                0x000000000603532c                stvtc_0
 *fill*         0x0000000006035388        0x8 
 SLPROG         0x0000000006035390      0x140 /joengine/Compiler/COMMON/SGL_302j/LIB_ELF/LIBSGL.A(sglJ03.o)
                0x0000000006035390                sbMakeDMATable
 SLPROG         0x00000000060354d0      0x470 /joengine/Compiler/COMMON/SGL_302j/LIB_ELF/LIBSGL.A(sglJ04.o)
                0x000000000603552e                sbMakeSprite
                0x0000000006035594                sbMakeRotSprite
 SLPROG         0x0000000006035940       0x3c /joengine/Compiler/COMMON/SGL_302j/LIB_ELF/LIBSGL.A(sglJ05.o)
                0x0000000006035940                sbSortEntry
 *fill*         0x000000000603597c        0x4 
 SLPROG         0x0000000006035980      0x4b8 /joengine/Compiler/COMMON/SGL_302j/LIB_ELF/LIBSGL.A(sglM00.o)
                0x0000000006035980                slInitGouraud
                0x0000000006035a74                slPutPolygonX
                0x0000000006035aba                slGouraudTblCopy
                0x0000000006035b12                slSetGouraudTbl
                0x0000000006035b18                slSetGouraudColor
                0x0000000006035b90                slSetAmbient
                0x0000000006035bb4                slSetFlatColor
 *fill*         0x0000000006035e38        0x8 
 SLPROG         0x0000000006035e40       0x6a /joengine/Compiler/COMMON/SGL_302j/LIB_ELF/LIBSGL.A(sglM01.o)
                0x0000000006035e40                slSetDepthLimit
                0x0000000006035e6c                slSetDepthTbl
                0x0000000006035e9c                DepthWorkArea
 *fill*         0x0000000006035eaa        0x6 
 SLPROG         0x0000000006035eb0       0x20 /joengine/Compiler/COMMON/SGL_302j/LIB_ELF/LIBSGL.A(sglA00.o)
                0x0000000006035eb0                set_imask
                0x0000000006035eb0                _builtin_set_imask
                0x0000000006035ec4                get_imask
                0x0000000006035ec4                _builtin_get_imask
 SLPROG         0x0000000006035ed0     0x215c /joengine/Compiler/COMMON/SGL_302j/LIB_ELF/LIBSGL.A(sglA03.o)
                0x0000000006035ed0                slTan
 *fill*         0x000000000603802c        0x4 
 SLPROG         0x0000000006038030       0x34 /joengine/Compiler/COMMON/SGL_302j/LIB_ELF/LIBSGL.A(sglA10.o)
                0x0000000006038030                slSquartDbl
 *fill*         0x0000000006038064        0xc 
 SLPROG         0x0000000006038070      0x3c2 /joengine/Compiler/COMMON/SGL_302j/LIB_ELF/LIBSGL.A(sglA24.o)