Archive member included to satisfy reference by file (symbol)

D:/joengine-master/Compiler/COMMON/SGL_302j/LIB_ELF/SEGA_SYS.A(sys_exit.o)
                              D:/joengine-master/jo_engine/core.o (SYS_Exit)
D:/joengine-master/Compiler/COMMON/SGL_302j/LIB_ELF/SEGA_SYS.A(sys_sub.o)
                              D:/joengine-master/Compiler/COMMON/SGL_302j/LIB_ELF/SEGA_SYS.A(sys_exit.o) (SYSUB_SetStackptr)
D:/joengine-master/Compiler/COMMON/SGL_302j/LIB_ELF/LIBCD.A(CDC_CMN.O)
                              D:/joengine-master/Compiler/COMMON/SGL_302j/LIB_ELF/SEGA_SYS.A(sys_exit.o) (CDC_GetCurStat)
D:/joengine-master/Compiler/COMMON/SGL_302j/LIB_ELF/LIBCD.A(CDC_DRV.O)
                              pcmsys.o (CDC_CdPlay)
D:/joengine-master/Compiler/COMMON/SGL_302j/LIB_ELF/LIBCD.A(CDC_CFS.O)
                              D:/joengine-master/Compiler/COMMON/SGL_302j/LIB_ELF/SEGA_SYS.A(sys_exit.o) (CDC_ChgDir)
D:/joengine-master/Compiler/COMMON/SGL_302j/LIB_ELF/LIBCD.A(CDC_REG.O)
                              D:/joengine-master/Compiler/COMMON/SGL_302j/LIB_ELF/SEGA_SYS.A(sys_exit.o) (CDC_GetHirqReq)
D:/joengine-master/Compiler/COMMON/SGL_302j/LIB_ELF/LIBCD.A(CDC_SUB.O)
                              D:/joengine-master/Compiler/COMMON/SGL_302j/LIB_ELF/LIBCD.A(CDC_CMN.O) (CDSUB_UpdStatus)
D:/joengine-master/Compiler/COMMON/SGL_302j/LIB_ELF/LIBCD.A(GFS.O)
                              pcmsys.o (GFS_Init)
D:/joengine-master/Compiler/COMMON/SGL_302j/LIB_ELF/LIBCD.A(GFS_BUF.O)
                              D:/joengine-master/Compiler/COMMON/SGL_302j/LIB_ELF/LIBCD.A(GFS.O) (GFBF_GetNumData)
D:/joengine-master/Compiler/COMMON/SGL_302j/LIB_ELF/LIBCD.A(GFS_CDB.O)
                              D:/joengine-master/Compiler/COMMON/SGL_302j/LIB_ELF/LIBCD.A(GFS.O) (GFCB_Close)
D:/joengine-master/Compiler/COMMON/SGL_302j/LIB_ELF/LIBCD.A(GFS_CDC.O)
                              D:/joengine-master/Compiler/COMMON/SGL_302j/LIB_ELF/LIBCD.A(GFS.O) (GFCD_SetCdbfs)
D:/joengine-master/Compiler/COMMON/SGL_302j/LIB_ELF/LIBCD.A(GFS_CDF.O)
                              D:/joengine-master/Compiler/COMMON/SGL_302j/LIB_ELF/LIBCD.A(GFS.O) (GFCF_Init)
D:/joengine-master/Compiler/COMMON/SGL_302j/LIB_ELF/LIBCD.A(GFS_DIR.O)
                              D:/joengine-master/Compiler/COMMON/SGL_302j/LIB_ELF/LIBCD.A(GFS.O) (GFDR_SetupDirTbl)
D:/joengine-master/Compiler/COMMON/SGL_302j/LIB_ELF/LIBCD.A(GFS_TRN.O)
                              D:/joengine-master/Compiler/COMMON/SGL_302j/LIB_ELF/LIBCD.A(GFS.O) (GFTR_Setup)
D:/joengine-master/Compiler/COMMON/SGL_302j/LIB_ELF/LIBCD.A(CDC_DEV.O)
                              D:/joengine-master/Compiler/COMMON/SGL_302j/LIB_ELF/LIBCD.A(GFS_CDC.O) (CDC_CdSetCon)
D:/joengine-master/Compiler/COMMON/SGL_302j/LIB_ELF/LIBCD.A(CDC_SEL.O)
                              D:/joengine-master/Compiler/COMMON/SGL_302j/LIB_ELF/LIBCD.A(GFS_CDC.O) (CDC_SetFiltRange)
D:/joengine-master/Compiler/COMMON/SGL_302j/LIB_ELF/LIBCD.A(CDC_BIF.O)
                              D:/joengine-master/Compiler/COMMON/SGL_302j/LIB_ELF/LIBCD.A(GFS_CDC.O) (CDC_GetBufSiz)
D:/joengine-master/Compiler/COMMON/SGL_302j/LIB_ELF/LIBCD.A(CDC_BIO.O)
                              D:/joengine-master/Compiler/COMMON/SGL_302j/LIB_ELF/LIBCD.A(GFS_CDC.O) (CDC_SetSctLen)
D:/joengine-master/Compiler/COMMON/SGL_302j/LIB_ELF/LIBSGL.A(sglA01.o)
                              D:/joengine-master/jo_engine/math.o (slSin)
D:/joengine-master/Compiler/COMMON/SGL_302j/LIB_ELF/LIBSGL.A(sglA15.o)
                              D:/joengine-master/jo_engine/slave.o (slSlaveFunc)
D:/joengine-master/Compiler/COMMON/SGL_302j/LIB_ELF/LIBSGL.A(sglA16.o)
                              main.o (slLookAt)
D:/joengine-master/Compiler/COMMON/SGL_302j/LIB_ELF/LIBSGL.A(sglA17.o)
                              main.o (slRotZ)
D:/joengine-master/Compiler/COMMON/SGL_302j/LIB_ELF/LIBSGL.A(sglA18.o)
                              main.o (slRotY)
D:/joengine-master/Compiler/COMMON/SGL_302j/LIB_ELF/LIBSGL.A(sglA19.o)
                              main.o (slRotX)
D:/joengine-master/Compiler/COMMON/SGL_302j/LIB_ELF/LIBSGL.A(sglA20.o)
                              main.o (slUnitMatrix)
D:/joengine-master/Compiler/COMMON/SGL_302j/LIB_ELF/LIBSGL.A(sglA21.o)
                              main.o (slPushMatrix)
D:/joengine-master/Compiler/COMMON/SGL_302j/LIB_ELF/LIBSGL.A(sglA27.o)
                              main.o (slTranslate)
D:/joengine-master/Compiler/COMMON/SGL_302j/LIB_ELF/LIBSGL.A(sglA28.o)
                              main.o (slScale)
D:/joengine-master/Compiler/COMMON/SGL_302j/LIB_ELF/LIBSGL.A(sglA40.o)
                              main.o (slCalcVector)
D:/joengine-master/Compiler/COMMON/SGL_302j/LIB_ELF/LIBSGL.A(sglB001.o)
                              main.o (slTVOn)
D:/joengine-master/Compiler/COMMON/SGL_302j/LIB_ELF/LIBSGL.A(sglB011.o)
                              D:/joengine-master/jo_engine/vdp2.o (slBitMapNbg1)
D:/joengine-master/Compiler/COMMON/SGL_302j/LIB_ELF/LIBSGL.A(sglB014.o)
[...]
Memory Configuration

Name             Origin             Length             Attributes
*default*        0x00000000         0xffffffff

Linker script and memory map


SLSTART         0x06004000       0x30
                0x06004000                ___Start = .
 *(SLSTART)
 SLSTART        0x06004000       0x28 D:/joengine-master/Compiler/COMMON/SGL_302j/LIB_ELF/LIBSGL.A(sglI00.o)
                0x06004000                SGL_Start
                0x06004002                slStartSGL

.text           0x06004040    0x22d70
 *(.text)
 .text          0x06004040        0x0 D:/joengine-master/Compiler/COMMON/SGL_302j/LIB_ELF/SGLAREA.O
 .text          0x06004040     0xd764 main.o
                0x06004040                my_vblank
                0x06004ed4                mmm_set_game_state
                0x06004ee0                mmm_get_game_state
                0x06004eec                mmm_get_p2_port
                0x06004f2c                mmm_set_player_net_info
                0x06004f4c                ztClearText
                0x06004f8c                count_char
                0x06004f9c                render_CLUT_sprite_HT
                0x06004fec                render_CLUT_sprite
                0x0600503c                render_CLUT_sprite_MESH
                0x0600508c                render_CLUT_sprite2
                0x06005100                replace_texture
                0x0600513c                change_player_volume
                0x060051ec                stop_engine_sound
                0x06005258                stop_sounds
                0x060052d8                init_2p_display
                0x06005368                init_1p_display
                0x060053f0                effect
                0x0600546c                create_checkpoint
                0x06005488                create_waypoint
                0x060054a8                roundUp
                0x060054ec                animate_texture
                0x0600553c                apply_player_gravity
                0x06005590                getTime
                0x060055f0                getSeconds
                0x06005640                reset_demo
                0x0600582c                reset_to_last_checkpoint
                0x06005924                player_jump
                0x06005948                player_high_bounce
                0x06005988                player_bounce
                0x060059c8                player_ramp_jump
                0x06005a2c                pup_timer_counter
                0x06005ad8                player_hurt
                0x06005b38                set_player_position
                0x06005c3c                set_player_total_position
                0x06005c9c                transition_to_end_level
                0x06005dcc                race_ended
                0x06005dec                player_collision_handling
                0x0600789c                create_enemy
                0x06007970                create_powerup
                0x06007998                create_player
                0x06007b80                create_map_section
                0x06007bbc                computeLight
                0x06007c30                create_particles
                0x06007cd8                create_clouds
                0x06007d68                animate_player
                0x06007ed0                draw_powerups
                0x06007fd4                draw_player
                0x06008cbc                map_builder_draw_section
                0x0600919c                map_builder_draw_powerup
                0x060092f4                draw_walls
                0x06009320                draw_map
                0x0600948c                draw_hud
                0x06009ed4                move_camera
                0x0600a4b8                race_start
                0x0600a750                my_draw
                0x0600ae4c                load_car
                0x0600afc4                load_binary
                0x0600b8d0                load_textures
                0x0600b91c                load_level
                0x0600ba28                load_preview
                0x0600ba6c                load_trackmap
                0x0600bab0                set_palette
                0x0600bacc                change_player_palette
                0x0600bbc4                transition_to_title_screen
                0x0600bc2c                transition_to_player_select
                0x0600bdac                transition_to_level_select
                0x0600be9c                clear_level
                0x0600bef0                menu
                0x0600c080                object_viewer
                0x0600c4e4                pause_game
                0x0600c7e4                attract_mode
                0x0600c7e8                title_screen
                0x0600cbcc                init_display
                0x0600cc40                cpu_control
                0x0600ce28                my_gamepad
                0x0600dea8                load_background
                0x0600dee8                draw_3d_planes
                0x0600e28c                init_3d_planes
                0x0600e380                mmm_online_start_race
                0x0600e7c4                load_hud
                0x0600e7fc                load_4bits_car_textures
                0x0600e884                load_4bits_player_textures
                0x0600ea44                total_table
                0x0600eb98                race_table
                0x0600eda8                end_level
                0x0600f480                extra_select
                0x0600f568                player_select
                0x06010a08                level_select
                0x0601103c                gameLoop
                0x0601125c                load_player_and_enemies
                0x060112a8                load_sound
                0x060114da                load_nbg2_font
                0x06011538                jo_main
 .text          0x060117a4      0x618 collision.o
                0x060117fa                Lerp
                0x06011830                has_collision
                0x060118a6                has_horizontal_collision
                0x06011944                has_vertical_collision
                0x060119de                has_ramp_collision
                0x06011ba0                has_trigger_collision
                0x06011c2c                has_shadow_collision
                0x06011ca6                has_ceiling_collision
                0x06011d48                has_object_collision
 .text          0x06011dbc      0x7cc pcmsys.o
                0x06011e12                pcm_play
                0x06011e38                pcm_parameter_change
                0x06011e58                pcm_cease
                0x06011e80                cd_init
                0x06011eb8                smpc_wait_till_ready
                0x06011ec8                smpc_issue_command
                0x06011edc                load_driver_binary
                0x06011ffc                load_drv
                0x06012048                calculate_bytes_per_blank
                0x06012078                convert_bitrate_to_pitchword
                0x060120d4                load_16bit_pcm
                0x060121f8                load_8bit_pcm
                0x06012318                gcd
                0x06012348                lcm
                0x06012378                load_adx
                0x060124fc                sdrv_vblank_rq
                0x0601250c                CDDASetVolume
                0x06012520                CDDAPlay
                0x06012560                CDDAPlaySingle
                0x0601256c                CDDAStop
 .text          0x06012588      0x69c name_entry.o
                0x060126c6                name_entry_init
                0x060126d4                name_entry_screen
 .text          0x06012c24     0x1260 connecting.o
                0x06013a40                connecting_init
                0x06013a4c                connecting_screen
 .text          0x06013e84      0xc2c lobby.o
                0x0601435e                lobby_init
                0x0601436c                lobby_screen
 .text          0x06014ab0     0x1a40 net/mmm_net.o
                0x06014fa2                mnet_init
                0x06015020                mnet_set_modem_available
                0x0601502c                mnet_set_transport
                0x06015038                mnet_set_username
                0x0601505c                mnet_set_username_2
                0x0601508c                mnet_get_state
                0x06015098                mnet_log
                0x06015130                mnet_clear_log
                0x06015158                mnet_client_log
                0x06015d00                mnet_enter_offline
                0x06015d1c                mnet_on_connected
                0x06015dd6                mnet_tick
                0x06015f3c                mnet_send_input_state
                0x06015fc4                mnet_send_input_state_p2
                0x0601605c                mnet_send_player_state
                0x060160fc                mnet_send_player_state_p2
                0x060161b8                mnet_send_lap_complete
                0x060161f8                mnet_send_powerup_pickup
                0x06016234                mnet_send_ready_toggle
                0x06016274                mnet_request_start_game
                0x060162a8                mnet_send_car_select
                0x060162e4                mnet_send_add_local_player
                0x06016358                mnet_send_remove_local_player
                0x060163cc                mnet_send_disconnect
                0x0601642c                mnet_request_leaderboard
                0x06016460                mnet_get_remote_input
                0x060164a0                mnet_get_remote_state
                0x060164d4                mnet_get_powerup_type
 .text          0x060164f0      0x168 libc_stubs.o
                0x06016546                malloc
                0x06016550                free
                0x06016564                calloc
                0x06016594                realloc
                0x060165fc                _malloc_r
                0x06016608                _free_r
                0x06016614                _calloc_r
                0x06016620                _realloc_r
                0x0601662c                _sbrk
                0x06016630                _read
                0x06016634                _write
                0x06016638                _close
                0x0601663c                _open
                0x06016640                _fstat
                0x06016644                _isatty
                0x06016648                _lseek
                0x0601664c                _kill
                0x06016650                _getpid
                0x06016654                _exit
 .text          0x06016658      0xd50 D:/joengine-master/jo_engine/backup.o
                0x060166ae                jo_backup_get_free_block_count
                0x060166d0                jo_backup_get_total_block_count
                0x060166f4                jo_backup_format_device
                0x0601678c                jo_backup_mount
                0x06016890                jo_backup_read_device
                0x060169dc                jo_backup_file_exists
                0x06016a98                jo_backup_get_file_partition
                0x06016b50                jo_backup_init_file
                0x06016b90                jo_backup_save
                0x06016dcc                jo_backup_load_file_comment
                0x06016e60                jo_backup_load_file_contents
                0x06016fd0                jo_backup_delete_file
                0x060170dc                jo_backup_unmount
                0x0601715c                jo_backup_get_file_last_modified_date
                0x06017244                jo_backup_get_file_info
                0x06017354                jo_backup_get_file_size
                0x06017374                jo_backup_get_last_status
 .text          0x060173a8      0x8cc D:/joengine-master/jo_engine/tga.o
                0x060175ce                jo_set_tga_default_palette
                0x060175d8                jo_set_tga_palette_handling
                0x060175e4                __jo_tga_load
                0x060176ac                __jo_tga_any_loader_from_stream
                0x060176f8                jo_tga_8bits_loader_from_stream
                0x06017710                jo_tga_loader_from_stream
                0x06017728                __jo_tga_any_loader
                0x0601777c                jo_tga_8bits_loader
                0x06017798                jo_tga_loader
                0x060177b4                jo_tga_8bits_tileset_loader
                0x060179a0                jo_sprite_add_tga_tileset
                0x06017b94                jo_sprite_add_tga_from_stream
                0x06017be8                jo_sprite_add_tga
 .text          0x06017c74      0x620 D:/joengine-master/jo_engine/3d.o
                0x06017cca                jo_3d_init
                0x06017cf8                jo_3d_create_triangle
                0x06017d38                jo_3d_create_plane
                0x06017d78                jo_3d_create_mesh_from_vertices_and_normals
                0x06017e68                jo_3d_free_mesh
                0x06017e8c                jo_3d_create_cube
                0x06017ee8                jo_3d_set_mesh_polygon_transparency
                0x06017f08                jo_3d_set_mesh_transparency
                0x06017f40                jo_3d_set_mesh_polygon_screen_doors
                0x06017f66                jo_3d_set_mesh_polygon_high_speed_shrink
                0x06017f8c                jo_3d_set_mesh_high_speed_shrink
                0x06017fc4                jo_3d_set_mesh_screen_doors
                0x06017ffc                jo_3d_set_mesh_polygon_light
                0x0601801a                jo_3d_set_mesh_light
                0x06018050                jo_3d_set_mesh_polygon_texture
                0x060180bc                jo_3d_set_mesh_texture
                0x060180f4                jo_3d_set_mesh_polygon_wireframe
                0x06018116                jo_3d_set_mesh_polygon_color_ex
                0x06018166                jo_3d_set_mesh_color
                0x060181a0                jo_3d_free_sprite_quad
                0x060181cc                jo_3d_create_sprite_quad
 .text          0x06018294      0x5a4 D:/joengine-master/jo_engine/fs.o
                0x060182ea                jo_fs_init
                0x06018334                jo_fs_do_background_jobs
                0x060183c8                jo_fs_read_file_async_ptr
                0x060184c4                jo_fs_cd
                0x06018504                jo_fs_read_file_ptr
                0x060185e4                jo_fs_read_file_in_dir
                0x0601862c                jo_fs_open
                0x060186a8                jo_fs_seek_forward
                0x06018768                jo_fs_read_next_bytes
                0x06018808                jo_fs_close
                0x06018828                jo_fs_set_read_sector_count
 .text          0x06018838       0xec D:/joengine-master/jo_engine/slave.o
                0x060188a6                jo_core_add_slave_callback
                0x060188cc                jo_core_remove_slave_callback
                0x060188e0                jo_core_slave_init
                0x060188f0                jo_core_wait_for_slave
                0x06018910                jo_core_exec_on_slave
 .text          0x06018924      0x3f4 D:/joengine-master/jo_engine/font.o
                0x0601897a                jo_font_load
                0x06018b3c                jo_font_print
                0x06018c14                jo_font_print_centered
 .text          0x06018d18      0x1bc D:/joengine-master/jo_engine/input.o
                0x06018d6e                jo_get_inputs_vblank
                0x06018db4                jo_get_input_type
                0x06018e1c                jo_get_input_count
                0x06018e4c                jo_get_input_axis
 .text          0x06018ed4        0x0 D:/joengine-master/jo_engine/physics.o
 .text          0x06018ed4      0x450 D:/joengine-master/jo_engine/core.o
                0x06018f6a                __jo_core_set_screens_order
                0x06019030                jo_core_add_vblank_callback
                0x06019070                jo_core_init
                0x06019200                jo_core_remove_vblank_callback
                0x06019230                jo_core_add_callback
                0x06019254                jo_core_remove_callback
                0x06019268                jo_goto_boot_menu
                0x06019274                jo_core_set_restart_game_callback
                0x06019280                jo_core_run
 .text          0x06019324      0x9c0 D:/joengine-master/jo_engine/math.o
                0x0601937a                jo_fixed_mult
                0x0601938c                jo_fixed_dot
                0x060193a4                jo_fixed_pow
                0x060193e0                jo_fixed_div
                0x06019408                jo_fixed_sin
                0x06019464                jo_fixed_cos
                0x060194c0                jo_gcd
                0x060194d6                jo_atan2f_rad
                0x06019670                jo_planar_rotate
                0x06019750                jo_random
                0x060197c8                jo_vector_fixed_compute_bezier_point
                0x06019958                jo_vectorf_compute_bezier_point
                0x06019aa8                jo_fixed_sqrt
                0x06019b34                jo_sqrt
                0x06019b6a                jo_fixed_rsqrt
                0x06019c74                jo_rsqrt
 .text          0x06019ce4      0x1a0 D:/joengine-master/jo_engine/malloc.o
                0x06019d3a                jo_add_memory_zone
                0x06019d78                jo_malloc_with_behaviour
                0x06019e10                jo_reduce_memory_fragmentation
                0x06019e5c                jo_free
 .text          0x06019e84      0x258 D:/joengine-master/jo_engine/tools.o
                0x06019eda                jo_getdate
                0x06019f44                jo_get_current_language
                0x06019f68                jo_tools_atoi
                0x06019f92                jo_strlen
                0x06019fa2                jo_endwith
                0x06019ff4                jo_strcmp
                0x0601a020                jo_memset
                0x0601a08a                jo_map_to_vram
 .text          0x0601a0dc       0xa4 D:/joengine-master/jo_engine/palette.o
                0x0601a132                jo_create_palette
                0x0601a158                jo_set_palette_register
                0x0601a16c                jo_get_palette_register
 .text          0x0601a180      0x7a8 D:/joengine-master/jo_engine/sprites.o
                0x0601a2be                jo_sprite_usage_percent
                0x0601a344                jo_get_last_sprite_id
                0x0601a350                jo_sprite_init
                0x0601a374                jo_sprite_name2id
                0x0601a3b8                jo_sprite_replace
                0x0601a44c                jo_sprite_add
                0x0601a460                jo_sprite_add_8bits_image
                0x0601a474                jo_sprite_free_from
                0x0601a518                jo_set_gouraud_shading_colors
                0x0601a540                jo_set_gouraud_shading_brightness
                0x0601a56c                jo_sprite_draw_4p_fixed
                0x0601a684                jo_sprite_draw
                0x0601a798                jo_sprite_draw_rotate
                0x0601a8f4                jo_sprite_set_clipping_area
 .text          0x0601a928      0x910 D:/joengine-master/jo_engine/map.o
                0x0601aa42                jo_map_per_pixel_vertical_collision
                0x0601abd0                jo_map_hitbox_detection_custom_boundaries
                0x0601ac40                jo_map_create
                0x0601ac8c                jo_map_add_tile
                0x0601acb0                jo_map_add_animated_tile
                0x0601acd4                jo_map_draw_background
                0x0601ad58                jo_map_3d_draw
                0x0601ae68                jo_map_draw
                0x0601af3c                jo_map_free
                0x0601af54                jo_map_load_from_file
                0x0601b1c8                jo_map_move_tiles_by_attribute
 .text          0x0601b238      0x15c D:/joengine-master/jo_engine/list.o
                0x0601b28e                jo_list_init
                0x0601b29c                jo_list_add
                0x0601b2e0                jo_list_insert_at
                0x0601b350                jo_list_remove
 .text          0x0601b394      0x254 D:/joengine-master/jo_engine/sprite_animator.o
                0x0601b44e                jo_replace_sprite_anim
                0x0601b4b0                jo_create_sprite_anim
                0x0601b52c                jo_remove_sprite_anim
                0x0601b5b8                jo_clear_all_sprite_anim
 .text          0x0601b5e8      0x4ac D:/joengine-master/jo_engine/image.o
                0x0601b63e                __jo_bin_load
                0x0601b684                jo_free_img
                0x0601b6a0                jo_bin_loader_from_stream
                0x0601b730                jo_bin_loader
                0x0601b7a0                jo_replace_color
                0x0601b7ce                jo_sprite_add_bin_tileset
                0x0601b8cc                jo_sprite_add_bin
                0x0601b940                jo_sprite_add_bin_from_stream
                0x0601b980                jo_sprite_add_image_pack
 .text          0x0601ba94      0xfd0 D:/joengine-master/jo_engine/vdp2.o
                0x0601bb4a                jo_set_default_background_color
                0x0601bb80                __jo_init_vdp2
                0x0601bbdc                jo_img_to_vdp2_cells
                0x0601bc58                jo_vdp2_replace_rbg0_plane_a_8bits_image
                0x0601bc6c                jo_vdp2_replace_rbg0_plane_b_8bits_image
                0x0601bc80                jo_vdp2_set_rbg0_plane_a_8bits_image
                0x0601bd44                jo_vdp2_set_rbg0_plane_b_8bits_image
                0x0601be08                jo_vdp2_enable_rbg0
                0x0601bed4                jo_vdp2_disable_rbg0
                0x0601bf30                jo_vdp2_set_nbg0_8bits_image
                0x0601c03c                jo_vdp2_disable_nbg0_line_scroll
                0x0601c060                jo_vdp2_compute_nbg0_line_scroll
                0x0601c078                jo_vdp2_enable_nbg0_line_scroll
                0x0601c0d4                jo_vdp2_draw_bitmap_nbg1_line
                0x0601c170                jo_vdp2_clear_bitmap_nbg1
                0x0601c1dc                jo_vdp2_set_nbg1_8bits_image
                0x0601c2cc                jo_vdp2_set_nbg1_image
                0x0601c4c0                jo_vdp2_disable_nbg1_line_scroll
                0x0601c4e4                jo_vdp2_compute_nbg1_line_scroll
                0x0601c4fc                jo_vdp2_enable_nbg1_line_scroll
                0x0601c558                jo_nbg2_clear
                0x0601c584                __jo_set_nbg2_8bits_image
                0x0601c628                jo_nbg2_print
                0x0601c684                jo_vdp2_set_nbg2_8bits_font
                0x0601c6f4                jo_vdp2_set_nbg2_8bits_image
                0x0601c760                jo_nbg3_clear
                0x0601c78c                __jo_set_nbg3_8bits_image
                0x0601c830                jo_nbg3_print
                0x0601c88c                jo_vdp2_set_nbg3_8bits_font
                0x0601c8fc                jo_vdp2_set_nbg3_8bits_image
                0x0601c968                jo_set_displayed_screens
                0x0601c978                jo_disable_all_screens_transparency
                0x0601c99c                jo_enable_screen_transparency
 .text          0x0601ca64      0x26c D:/joengine-master/jo_engine/time.o
                0x0601caba                jo_time_init
                0x0601cae4                jo_get_ticks
                0x0601cbc4                jo_fixed_point_time
 .text          0x0601ccd0       0x56 D:/joengine-master/jo_engine/vdp1_command_pipeline.o
 *fill*         0x0601cd26        0x2 
 .text          0x0601cd28      0x258 D:/joengine-master/jo_engine/vdp2_malloc.o
                0x0601cd7e                jo_vdp2_malloc_init
                0x0601cdb4                jo_vdp2_free
                0x0601ce58                jo_vdp2_malloc
 .text          0x0601cf80      0x238 D:/joengine-master/Compiler/COMMON/SGL_302j/LIB_ELF/SEGA_SYS.A(sys_exit.o)
                0x0601cf80                sys_version
                0x0601cfa0                SYS_Exit
 *fill*         0x0601d1b8        0x8 
 .text          0x0601d1c0        0x6 D:/joengine-master/Compiler/COMMON/SGL_302j/LIB_ELF/SEGA_SYS.A(sys_sub.o)
                0x0601d1c0                SYSUB_SetStackptr
 *fill*         0x0601d1c6        0xa 
 .text          0x0601d1d0      0x3a0 D:/joengine-master/Compiler/COMMON/SGL_302j/LIB_ELF/LIBCD.A(CDC_CMN.O)
                0x0601d1d0                CDC_GetCurStat
                0x0601d220                CDC_GetLastStat
                0x0601d238                CDC_GetPeriStat
                0x0601d30c                CDC_GetHwInfo
                0x0601d374                CDC_TgetToc
                0x0601d3c4                CDC_GetSes
                0x0601d400                CDC_CdInit
                0x0601d484                CDC_CdOpen
                0x0601d4ac                CDC_DataReady
                0x0601d518                CDC_DataEnd
 .text          0x0601d570      0x130 D:/joengine-master/Compiler/COMMON/SGL_302j/LIB_ELF/LIBCD.A(CDC_DRV.O)
                0x0601d570                CDC_CdPlay
                0x0601d63c                CDC_CdSeek
                0x0601d670                CDC_CdScan
 .text          0x0601d6a0      0x194 D:/joengine-master/Compiler/COMMON/SGL_302j/LIB_ELF/LIBCD.A(CDC_CFS.O)
                0x0601d6a0                CDC_ChgDir
                0x0601d6d4                CDC_ReadDir
                0x0601d708                CDC_GetFileScope
                0x0601d768                CDC_TgetFileInfo
                0x0601d7c4                CDC_ReadFile
                0x0601d7f8                CDC_AbortFile
 *fill*         0x0601d834        0xc 
 .text          0x0601d840      0x2dc D:/joengine-master/Compiler/COMMON/SGL_302j/LIB_ELF/LIBCD.A(CDC_REG.O)
                0x0601d840                CDC_GetDataPtr
                0x0601d850                CDC_GetHirqReq
                0x0601d864                CDC_ClrHirqReq
                0x0601d894                CDREG_ClrHirqReq
                0x0601d8a4                CDREG_InitHirqReq
                0x0601d8cc                CDREG_SetHirqFlag
                0x0601d8e0                CDC_GetHirqMsk
                0x0601d8f4                CDC_SetHirqMsk
                0x0601d904                CDC_GetMpegPtr
                0x0601d914                CDREG_TgetData
                0x0601d970                CDREG_CmdRsp
                0x0601da70                CDREG_WaitHirq
                0x0601dae0                CDREG_ReadRsp
 *fill*         0x0601db1c        0x4 
 .text          0x0601db20      0x152 D:/joengine-master/Compiler/COMMON/SGL_302j/LIB_ELF/LIBCD.A(CDC_SUB.O)
                0x0601db20                CDSUB_UpdStatus
                0x0601db38                CDSUB_UpdCdstat
                0x0601db58                CDSUB_CdCmd
                0x0601dbc8                CDSUB_GetCdstat
                0x0601dc08                CDSUB_RspToCdstat
                0x0601dc50                CDSUB_SoftTimer
 *fill*         0x0601dc72        0xe 
 .text          0x0601dc80     0x1adc D:/joengine-master/Compiler/COMMON/SGL_302j/LIB_ELF/LIBCD.A(GFS.O)
                0x0601dc80                gfs_version
                0x0601dca0                GFS_Init
                0x0601dd88                GFS_LoadDir
                0x0601de30                GFS_SetDir
                0x0601de98                GFS_NameToId
                0x0601defc                GFS_IdToName
                0x0601df68                GFS_GetDirInfo
                0x0601dfd8                GFS_Reset
                0x0601e05c                GFS_Open
                0x0601e110                GFS_Close
                0x0601e148                GFS_Seek
                0x0601e1fc                GFS_Tell
                0x0601e24c                GFS_IsEof
                0x0601e2a0                GFS_ByteToSct
                0x0601e2fc                GFS_GetFileSize
                0x0601e358                GFS_GetFileInfo
                0x0601e3cc                GFS_GetNumCdbuf
                0x0601e3f4                GFS_Load
                0x0601e4b8                GFS_Fread
                0x0601e554                gfs_waitRead
                0x0601e5fc                GFS_NwFread
                0x0601e708                GFS_NwCdRead
                0x0601e780                GFS_NwIsComplete
                0x0601e7b8                GFS_NwStop
                0x0601e824                GFS_NwGetStat
                0x0601e8a0                gfs_recovRdErr
                0x0601e8d0                GFS_NwExecOne
                0x0601e990                GFS_NwExecServer
                0x0601ea0c                GFS_SetGmode
                0x0601ea70                GFS_SetTmode
                0x0601eadc                GFS_SetReadPara
                0x0601eb40                GFS_SetTransPara
                0x0601ebac                GFS_SetTrFunc
                0x0601ec10                GFS_StartTrans
                0x0601ec5c                GFS_CdMovePickup
                0x0601ecc8                GFS_SetErrFunc
                0x0601ecf4                GFS_GetErrStat
                0x0601ed18                GFS_ConvTno
                0x0601ed40                gfs_chgRoot
                0x0601ee0c                gfs_aborttrans
                0x0601ee18                gfs_mngSetupFuncTbl
                0x0601ee4c                gfs_mngInitWork
                0x0601eef0                gfs_mngGetNumFile
                0x0601ef58                GFS_mngAllocGrp
                0x0601efa0                gfs_mngFreeGrp
                0x0601efac                gfs_mngTermAccess
                0x0601f030                gfs_mngSetErrCode
                0x0601f0b0                gfs_svrSearchHndl
                0x0601f0f0                gfs_svrAddHndl
                0x0601f12c                gfs_svrRemoveHndl
                0x0601f188                GFS_OpenSub
                0x0601f1e0                gfs_loadVol
                0x0601f2a4                gfs_getRootDir
                0x0601f3a0                gfs_loadRootDir
                0x0601f428                gfs_flowIn
                0x0601f4d0                gfs_transData
                0x0601f574                GFS_GetFad
                0x0601f5cc                gfs_SetSct
                0x0601f60c                gfs_GetFinfo
                0x0601f64c                gfs_closeSub
                0x0601f688                gfs_getGmode
                0x0601f694                gfs_isTaskDone
                0x0601f6e8                gfs_convFinStat
 *fill*         0x0601f75c        0x4 
 .text          0x0601f760      0x106 D:/joengine-master/Compiler/COMMON/SGL_302j/LIB_ELF/LIBCD.A(GFS_BUF.O)
                0x0601f790                GFBF_GetTranData
                0x0601f7b8                GFBF_GetNumData
                0x0601f7e8                GFBF_GetSrcPk
                0x0601f810                GFBF_GetSctData
                0x0601f834                GFBF_RtnPk
                0x0601f85c                gfbf_getSctDt
 *fill*         0x0601f866        0xa 
 .text          0x0601f870      0x600 D:/joengine-master/Compiler/COMMON/SGL_302j/LIB_ELF/LIBCD.A(GFS_CDB.O)
                0x0601f870                GFCB_Setup
                0x0601f990                GFCB_Close
                0x0601f9b8                GFCB_GetLenData
                0x0601fa64                GFCB_GetLenRoom
                0x0601fa70                GFCB_SetFilt
                0x0601fad8                GFCB_DeleteAllData
                0x0601fb00                GFCB_Tell
                0x0601fb10                gfcb_getSctNum
                0x0601fb60                GFCB_Seek
                0x0601fc5c                GFCB_GetSrcPack
                0x0601fd3c                GFCB_GetSctData
                0x0601fd74                GFCB_GetDstPack
                0x0601fd80                GFCB_RtnPk
                0x0601fdc8                GFCB_MovePickup
                0x0601fde4                GFCB_SetCon
                0x0601fe18                GFCB_GetPickup
                0x0601fe40                GFCB_IsPuOwner
                0x0601fe58                GFCB_UngetPickup
 .text          0x0601fe70     0x1a10 D:/joengine-master/Compiler/COMMON/SGL_302j/LIB_ELF/LIBCD.A(GFS_CDC.O)
                0x0601fe70                GFCD_SetCdbfs
                0x0601fe9c                GFCD_Init
                0x060200a0                GFCD_AllocFilt
                0x060200dc                GFCD_FreeFilt
                0x0602010c                GFCD_AllocBuf
                0x06020140                GFCD_FreeBuf
                0x060201e4                GFCD_GetBaseFad
                0x06020218                GFCD_GetPickup
                0x0602024c                GFCD_UngetPickup
                0x06020278                GFCD_IsPuOwner
                0x0602029c                GFCD_SetFilt
                0x06020360                GFCD_GetFilt
                0x060203a8                GFCD_SetCon
                0x06020400                GFCD_Play
                0x06020460                GFCD_GetLenData
                0x060204c8                GFCD_ReqData
                0x06020524                GFCD_EndData
                0x0602056c                GFCD_DelSctData
                0x060205c4                GFCD_CheckDelSctData
                0x060205f4                GFCD_GetStat
                0x060206a8                GFCD_MovePickup
                0x060206f4                GFCD_MoveSctData
                0x06020768                GFCD_CheckMove
                0x0602078c                GFCD_GetSctInfo
                0x060207d4                GFCD_ChgDir
                0x06020848                GFCD_SetFiltCon
                0x06020930                GFCD_GetFileInfo
                0x06020a0c                GFCD_GetBufSiz
                0x06020a44                GFCD_ExecServer
                0x06020b18                gfcd_isIdleTask
                0x06020ba4                gfcd_doTask
                0x06020c50                GFCD_SetTimer
                0x06020c64                GFCD_WaitServer
                0x06020ca0                gfcd_doSetFiltTsk
                0x06020e64                gfcd_doSetConTsk
                0x06020ef4                gfcd_doGetLenDataTsk
                0x06021048                gfcd_doReqDataTsk
                0x060210e8                gfcd_doDelSctDataTsk
                0x0602121c                gfcd_doMoveSctTsk
                0x06021380                gfcd_doChgDirTsk
                0x0602157c                gfcd_doSetFiltConTsk
                0x060216c0                gfcd_checkEflag
                0x060216e4                gfcd_initCdbMng
                0x06021764                gfcd_setStat
                0x06021790                GFCD_SetCsctFunc
                0x060217ac                GFCD_ChkScdqFlag
                0x060217d0                GFCD_ClrScdqFlag
                0x060217ec                GFCD_WaitScdqFlag
                0x06021830                GFCD_WaitPause
 .text          0x06021880      0x8d8 D:/joengine-master/Compiler/COMMON/SGL_302j/LIB_ELF/LIBCD.A(GFS_CDF.O)
                0x06021880                GFCF_Init
                0x06021920                GFCF_Setup
                0x06021a68                GFCF_SetSct
                0x06021aac                GFCF_GetFileInfo
                0x06021b20                GFCF_FlowInBuf
                0x06021c74                GFCF_StopInBuf
                0x06021d14                GFCF_Recover
                0x06021d5c                GFCF_Tell
                0x06021d74                GFCF_Seek
                0x06021d8c                GFCF_MovePickup
                0x06021e28                GFCF_cnvIntlvOfs
                0x06021e7c                GFCF_GetStat
                0x06021f14                gfcf_getSctSize
                0x06021f50                gfcf_isCdOk
                0x06022010                gfcf_getPlayRange
 *fill*         0x06022158        0x8 
 .text          0x06022160      0x92c D:/joengine-master/Compiler/COMMON/SGL_302j/LIB_ELF/LIBCD.A(GFS_DIR.O)
                0x06022160                GFDR_SetupDirTbl
                0x060221d4                GFDR_NameToId
                0x06022234                GFDR_GetInfoDirId
                0x06022248                GFDR_GetInfoDirName
                0x0602225c                GFDR_GetAtrDirId
                0x06022274                GFDR_GetAtrDirName
                0x0602228c                GFDR_ChgRoot
                0x060222a4                GFDR_ChgDir
                0x06022318                gfdr_setupDirIdTbl
                0x0602239c                gfdr_setupDirNameTbl
                0x06022448                gfdr_open
                0x06022470                gfdr_read
                0x06022530                gfdr_readByte
                0x0602255c                gfdr_readWord
                0x06022588                gfdr_readWordNB
                0x060225dc                gfdr_readLongNB
                0x06022628                gfdr_readLongNM
                0x06022650                gfdr_setNextRec
                0x060226d4                gfdr_readDirEnt
                0x06022a50                gfdr_setDirrecCd
 *fill*         0x06022a8c        0x4 
 .text          0x06022a90      0x9c6 D:/joengine-master/Compiler/COMMON/SGL_302j/LIB_ELF/LIBCD.A(GFS_TRN.O)
                0x06022ac0                GFTR_Setup
                0x06022b04                GFTR_SetMode
                0x06022b18                GFTR_SetUnit
                0x06022b24                GFTR_SetTransPara
                0x06022b58                GFTR_GetTransPara
                0x06022b64                GFTR_GetNumTrans
                0x06022b70                GFTR_SetTransMax
                0x06022b7c                GFTR_Start
                0x06022b88                GFTR_Pause
                0x06022b94                GFTR_Stop
                0x06022c4c                GFTR_Exec
                0x06022cd0                GFTR_Idle
                0x06022d48                GFTR_ExecSvr
                0x06022e50                gftr_getSrcPack
                0x06022ed8                gftr_getDstPack
                0x06022f34                gftr_reqScu
                0x06022f40                gftr_execScu
                0x06022fdc                gftr_remScu
                0x06023010                gfdma_canUse
                0x0602301c                gfdma_exec
                0x0602308c                gfdma_getBytecnt
                0x060230c4                gftr_reqDma0
                0x060230dc                gftr_execSdma0
                0x06023100                gftr_remDma0
                0x06023118                gftr_reqDma1
                0x06023130                gftr_execSdma1
                0x06023154                gftr_remDma1
                0x0602316c                gftr_reqCpu
                0x06023178                gftr_execCpu
                0x060231b8                gftr_remCpu
                0x060231c4                gftr_reqTrn
                0x06023234                gftr_execTrn
                0x0602330c                gftr_remTrn
                0x06023380                gftr_copyFrac
                0x060233a8                GFTR_GetLenData
                0x060233b4                GFTR_GetLenRoom
                0x060233cc                GFTR_GetDstPack
                0x06023400                GFTR_RtnDstPk
                0x0602341c                GFTR_GetData
                0x06023430                GFTR_SetData
                0x06023444                GFTR_SetTransFunc
 *fill*         0x06023456        0xa 
 .text          0x06023460       0xa8 D:/joengine-master/Compiler/COMMON/SGL_302j/LIB_ELF/LIBCD.A(CDC_DEV.O)
                0x06023460                CDC_CdSetCon
                0x06023490                CDC_CdGetCon
                0x060234cc                CDC_CdGetLastBuf
 *fill*         0x06023508        0x8 
 .text          0x06023510      0x2b8 D:/joengine-master/Compiler/COMMON/SGL_302j/LIB_ELF/LIBCD.A(CDC_SEL.O)
                0x06023510                CDC_SetFiltRange
                0x06023544                CDC_GetFiltRange
                0x0602359c                CDC_SetFiltSubh
                0x0602360c                CDC_GetFiltSubh
                0x06023688                CDC_SetFiltMode
                0x060236bc                CDC_GetFiltMode
                0x06023700                CDC_SetFiltCon
                0x06023740                CDC_GetFiltCon
                0x06023794                CDC_ResetSelector
 *fill*         0x060237c8        0x8 
 .text          0x060237d0      0x270 D:/joengine-master/Compiler/COMMON/SGL_302j/LIB_ELF/LIBCD.A(CDC_BIF.O)
                0x060237d0                CDC_GetBufSiz
                0x0602382c                CDC_GetSctNum
                0x06023870                CDC_CalActSiz
                0x060238ac                CDC_GetActSiz
                0x0602392c                CDC_GetSctInfo
                0x060239ac                CDC_ExeFadSearch
                0x060239e4                CDC_GetFadSearch
 .text          0x06023a40      0x1e4 D:/joengine-master/Compiler/COMMON/SGL_302j/LIB_ELF/LIBCD.A(CDC_BIO.O)
                0x06023a40                CDC_SetSctLen
                0x06023a74                CDC_GetSctData
                0x06023ab0                CDC_DelSctData
                0x06023aec                CDC_GetdelSctData
                0x06023b28                CDC_PutSctData
                0x06023b60                CDC_CopySctData
                0x06023ba4                CDC_MoveSctData
                0x06023be8                CDC_GetCopyErr
 *fill*         0x06023c24        0xc 
 .text          0x06023c30        0x0 D:/joengine-master/Compiler/COMMON/SGL_302j/LIB_ELF/LIBSGL.A(sglA01.o)
 .text          0x06023c30        0x0 D:/joengine-master/Compiler/COMMON/SGL_302j/LIB_ELF/LIBSGL.A(sglA15.o)
 .text          0x06023c30        0x0 D:/joengine-master/Compiler/COMMON/SGL_302j/LIB_ELF/LIBSGL.A(sglA16.o)
 .text          0x06023c30        0x0 D:/joengine-master/Compiler/COMMON/SGL_302j/LIB_ELF/LIBSGL.A(sglA17.o)
 .text          0x06023c30        0x0 D:/joengine-master/Compiler/COMMON/SGL_302j/LIB_ELF/LIBSGL.A(sglA18.o)
 .text          0x06023c30        0x0 D:/joengine-master/Compiler/COMMON/SGL_302j/LIB_ELF/LIBSGL.A(sglA19.o)
 .text          0x06023c30        0x0 D:/joengine-master/Compiler/COMMON/SGL_302j/LIB_ELF/LIBSGL.A(sglA20.o)
 .text          0x06023c30        0x0 D:/joengine-master/Compiler/COMMON/SGL_302j/LIB_ELF/LIBSGL.A(sglA21.o)
 .text          0x06023c30        0x0 D:/joengine-master/Compiler/COMMON/SGL_302j/LIB_ELF/LIBSGL.A(sglA27.o)
 .text          0x06023c30        0x0 D:/joengine-master/Compiler/COMMON/SGL_302j/LIB_ELF/LIBSGL.A(sglA28.o)
 .text          0x06023c30        0x0 D:/joengine-master/Compiler/COMMON/SGL_302j/LIB_ELF/LIBSGL.A(sglA40.o)
 .text          0x06023c30        0x0 D:/joengine-master/Compiler/COMMON/SGL_302j/LIB_ELF/LIBSGL.A(sglB001.o)
 .text          0x06023c30        0x0 D:/joengine-master/Compiler/COMMON/SGL_302j/LIB_ELF/LIBSGL.A(sglB011.o)
 .text          0x06023c30        0x0 D:/joengine-master/Compiler/COMMON/SGL_302j/LIB_ELF/LIBSGL.A(sglB014.o)
 .text          0x06023c30        0x0 D:/joengine-master/Compiler/COMMON/SGL_302j/LIB_ELF/LIBSGL.A(sglB015.o)
 .text          0x06023c30        0x0 D:/joengine-master/Compiler/COMMON/SGL_302j/LIB_ELF/LIBSGL.A(sglB016.o)
 .text          0x06023c30        0x0 D:/joengine-master/Compiler/COMMON/SGL_302j/LIB_ELF/LIBSGL.A(sglB020.o)
 .text          0x06023c30        0x0 D:/joengine-master/Compiler/COMMON/SGL_302j/LIB_ELF/LIBSGL.A(sglB021.o)
 .text          0x06023c30        0x0 D:/joengine-master/Compiler/COMMON/SGL_302j/LIB_ELF/LIBSGL.A(sglB023.o)
 .text          0x06023c30        0x0 D:/joengine-master/Compiler/COMMON/SGL_302j/LIB_ELF/LIBSGL.A(sglB031.o)
 .text          0x06023c30        0x0 D:/joengine-master/Compiler/COMMON/SGL_302j/LIB_ELF/LIBSGL.A(sglB032.o)
 .text          0x06023c30        0x0 D:/joengine-master/Compiler/COMMON/SGL_302j/LIB_ELF/LIBSGL.A(sglB033.o)
 .text          0x06023c30        0x0 D:/joengine-master/Compiler/COMMON/SGL_302j/LIB_ELF/LIBSGL.A(sglB034.o)
 .text          0x06023c30        0x0 D:/joengine-master/Compiler/COMMON/SGL_302j/LIB_ELF/LIBSGL.A(sglB035.o)
 .text          0x06023c30        0x0 D:/joengine-master/Compiler/COMMON/SGL_302j/LIB_ELF/LIBSGL.A(sglB036.o)
 .text          0x06023c30        0x0 D:/joengine-master/Compiler/COMMON/SGL_302j/LIB_ELF/LIBSGL.A(sglB038.o)
 .text          0x06023c30        0x0 D:/joengine-master/Compiler/COMMON/SGL_302j/LIB_ELF/LIBSGL.A(sglB039.o)
 .text          0x06023c30        0x0 D:/joengine-master/Compiler/COMMON/SGL_302j/LIB_ELF/LIBSGL.A(sglB040.o)
 .text          0x06023c30        0x0 D:/joengine-master/Compiler/COMMON/SGL_302j/LIB_ELF/LIBSGL.A(sglB041.o)
 .text          0x06023c30        0x0 D:/joengine-master/Compiler/COMMON/SGL_302j/LIB_ELF/LIBSGL.A(sglB042.o)
 .text          0x06023c30        0x0 D:/joengine-master/Compiler/COMMON/SGL_302j/LIB_ELF/LIBSGL.A(sglB043.o)
 .text          0x06023c30        0x0 D:/joengine-master/Compiler/COMMON/SGL_302j/LIB_ELF/LIBSGL.A(sglB044.o)
 .text          0x06023c30        0x0 D:/joengine-master/Compiler/COMMON/SGL_302j/LIB_ELF/LIBSGL.A(sglB045.o)
 .text          0x06023c30        0x0 D:/joengine-master/Compiler/COMMON/SGL_302j/LIB_ELF/LIBSGL.A(sglB047.o)
 .text          0x06023c30        0x0 D:/joengine-master/Compiler/COMMON/SGL_302j/LIB_ELF/LIBSGL.A(sglB048.o)
 .text          0x06023c30        0x0 D:/joengine-master/Compiler/COMMON/SGL_302j/LIB_ELF/LIBSGL.A(sglB055.o)
 .text          0x06023c30        0x0 D:/joengine-master/Compiler/COMMON/SGL_302j/LIB_ELF/LIBSGL.A(sglB056.o)
 .text          0x06023c30        0x0 D:/joengine-master/Compiler/COMMON/SGL_302j/LIB_ELF/LIBSGL.A(sglB057.o)
 .text          0x06023c30        0x0 D:/joengine-master/Compiler/COMMON/SGL_302j/LIB_ELF/LIBSGL.A(sglB058.o)
 .text          0x06023c30        0x0 D:/joengine-master/Compiler/COMMON/SGL_302j/LIB_ELF/LIBSGL.A(sglB059.o)
 .text          0x06023c30        0x0 D:/joengine-master/Compiler/COMMON/SGL_302j/LIB_ELF/LIBSGL.A(sglB060.o)
 .text          0x06023c30        0x0 D:/joengine-master/Compiler/COMMON/SGL_302j/LIB_ELF/LIBSGL.A(sglB063.o)
 .text          0x06023c30        0x0 D:/joengine-master/Compiler/COMMON/SGL_302j/LIB_ELF/LIBSGL.A(sglB087.o)
 .text          0x06023c30        0x0 D:/joengine-master/Compiler/COMMON/SGL_302j/LIB_ELF/LIBSGL.A(sglB088.o)
 .text          0x06023c30        0x0 D:/joengine-master/Compiler/COMMON/SGL_302j/LIB_ELF/LIBSGL.A(sglB090.o)
 .text          0x06023c30        0x0 D:/joengine-master/Compiler/COMMON/SGL_302j/LIB_ELF/LIBSGL.A(sglB200.o)
 .text          0x06023c30        0x0 D:/joengine-master/Compiler/COMMON/SGL_302j/LIB_ELF/LIBSGL.A(sglC01.o)
 .text          0x06023c30        0x0 D:/joengine-master/Compiler/COMMON/SGL_302j/LIB_ELF/LIBSGL.A(sglC03.o)
 .text          0x06023c30        0x0 D:/joengine-master/Compiler/COMMON/SGL_302j/LIB_ELF/LIBSGL.A(sglC04.o)
 .text          0x06023c30        0x0 D:/joengine-master/Compiler/COMMON/SGL_302j/LIB_ELF/LIBSGL.A(sglC05.o)
 .text          0x06023c30        0x0 D:/joengine-master/Compiler/COMMON/SGL_302j/LIB_ELF/LIBSGL.A(sglC06.o)
 .text          0x06023c30        0x0 D:/joengine-master/Compiler/COMMON/SGL_302j/LIB_ELF/LIBSGL.A(sglC07.o)
 .text          0x06023c30        0x0 D:/joengine-master/Compiler/COMMON/SGL_302j/LIB_ELF/LIBSGL.A(sglC08.o)
 .text          0x06023c30        0x0 D:/joengine-master/Compiler/COMMON/SGL_302j/LIB_ELF/LIBSGL.A(sglC14.o)
 .text          0x06023c30        0x0 D:/joengine-master/Compiler/COMMON/SGL_302j/LIB_ELF/LIBSGL.A(sglC16.o)
 .text          0x06023c30        0x0 D:/joengine-master/Compiler/COMMON/SGL_302j/LIB_ELF/LIBSGL.A(sglC17.o)
 .text          0x06023c30        0x0 D:/joengine-master/Compiler/COMMON/SGL_302j/LIB_ELF/LIBSGL.A(sglC19.o)
 .text          0x06023c30        0x0 D:/joengine-master/Compiler/COMMON/SGL_302j/LIB_ELF/LIBSGL.A(sglC20.o)
 .text          0x06023c30        0x0 D:/joengine-master/Compiler/COMMON/SGL_302j/LIB_ELF/LIBSGL.A(sglC21.o)
 .text          0x06023c30        0x0 D:/joengine-master/Compiler/COMMON/SGL_302j/LIB_ELF/LIBSGL.A(sglD00.o)
 .text          0x06023c30        0x0 D:/joengine-master/Compiler/COMMON/SGL_302j/LIB_ELF/LIBSGL.A(sglD01.o)
 .text          0x06023c30        0x0 D:/joengine-master/Compiler/COMMON/SGL_302j/LIB_ELF/LIBSGL.A(sglD02.o)
 .text          0x06023c30        0x0 D:/joengine-master/Compiler/COMMON/SGL_302j/LIB_ELF/LIBSGL.A(sglD03.o)
 .text          0x06023c30        0x0 D:/joengine-master/Compiler/COMMON/SGL_302j/LIB_ELF/LIBSGL.A(sglD15.o)
 .text          0x06023c30        0x0 D:/joengine-master/Compiler/COMMON/SGL_302j/LIB_ELF/LIBSGL.A(sglD16.o)
 .text          0x06023c30        0x0 D:/joengine-master/Compiler/COMMON/SGL_302j/LIB_ELF/LIBSGL.A(sglD17.o)
 .text          0x06023c30        0x0 D:/joengine-master/Compiler/COMMON/SGL_302j/LIB_ELF/LIBSGL.A(sglD18.o)
 .text          0x06023c30        0x0 D:/joengine-master/Compiler/COMMON/SGL_302j/LIB_ELF/LIBSGL.A(sglF08.o)
 .text          0x06023c30        0x0 D:/joengine-master/Compiler/COMMON/SGL_302j/LIB_ELF/LIBSGL.A(sglH00.o)
 .text          0x06023c30        0x0 D:/joengine-master/Compiler/COMMON/SGL_302j/LIB_ELF/LIBSGL.A(sglH01.o)
 .text          0x06023c30        0x0 D:/joengine-master/Compiler/COMMON/SGL_302j/LIB_ELF/LIBSGL.A(sglH02.o)
 .text          0x06023c30        0x0 D:/joengine-master/Compiler/COMMON/SGL_302j/LIB_ELF/LIBSGL.A(sglH04.o)
 .text          0x06023c30        0x0 D:/joengine-master/Compiler/COMMON/SGL_302j/LIB_ELF/LIBSGL.A(sglI01.o)
 .text          0x06023c30        0x0 D:/joengine-master/Compiler/COMMON/SGL_302j/LIB_ELF/LIBSGL.A(sglI04.o)
 .text          0x06023c30      0x128 D:/joengine-master/Compiler/COMMON/SGL_302j/LIB_ELF/LIBSGL.A(sglIc0.o)
                0x06023c30                slInitSystem
 *fill*         0x06023d58        0x8 
 .text          0x06023d60        0x0 D:/joengine-master/Compiler/COMMON/SGL_302j/LIB_ELF/LIBSGL.A(sglJ00.o)
 .text          0x06023d60        0x0 D:/joengine-master/Compiler/COMMON/SGL_302j/LIB_ELF/LIBSGL.A(sglJ01.o)
 .text          0x06023d60        0x0 D:/joengine-master/Compiler/COMMON/SGL_302j/LIB_ELF/LIBSGL.A(sglJ02.o)
 .text          0x06023d60        0x0 D:/joengine-master/Compiler/COMMON/SGL_302j/LIB_ELF/LIBSGL.A(sglJ03.o)
 .text          0x06023d60        0x0 D:/joengine-master/Compiler/COMMON/SGL_302j/LIB_ELF/LIBSGL.A(sglJ04.o)
 .text          0x06023d60        0x0 D:/joengine-master/Compiler/COMMON/SGL_302j/LIB_ELF/LIBSGL.A(sglJ05.o)
 .text          0x06023d60        0x0 D:/joengine-master/Compiler/COMMON/SGL_302j/LIB_ELF/LIBSGL.A(sglK01.o)
 .text          0x06023d60        0x0 D:/joengine-master/Compiler/COMMON/SGL_302j/LIB_ELF/LIBSGL.A(sglM00.o)
 .text          0x06023d60        0x0 D:/joengine-master/Compiler/COMMON/SGL_302j/LIB_ELF/LIBSGL.A(sglM01.o)
 .text          0x06023d60        0x0 D:/joengine-master/Compiler/COMMON/SGL_302j/LIB_ELF/LIBSGL.A(sglA00.o)
 .text          0x06023d60        0x0 D:/joengine-master/Compiler/COMMON/SGL_302j/LIB_ELF/LIBSGL.A(sglA03.o)
 .text          0x06023d60        0x0 D:/joengine-master/Compiler/COMMON/SGL_302j/LIB_ELF/LIBSGL.A(sglA10.o)
 .text          0x06023d60        0x0 D:/joengine-master/Compiler/COMMON/SGL_302j/LIB_ELF/LIBSGL.A(sglA24.o)
 .text          0x06023d60        0x0 D:/joengine-master/Compiler/COMMON/SGL_302j/LIB_ELF/LIBSGL.A(sglA25.o)
 .text          0x06023d60        0x0 D:/joengine-master/Compiler/COMMON/SGL_302j/LIB_ELF/LIBSGL.A(sglB000.o)
 .text          0x06023d60        0x0 D:/joengine-master/Compiler/COMMON/SGL_302j/LIB_ELF/LIBSGL.A(sglC00.o)
 .text          0x06023d60        0x0 D:/joengine-master/Compiler/COMMON/SGL_302j/LIB_ELF/LIBSGL.A(sglC13.o)
 .text          0x06023d60        0x0 D:/joengine-master/Compiler/COMMON/SGL_302j/LIB_ELF/LIBSGL.A(sglD19.o)
 .text          0x06023d60        0x0 D:/joengine-master/Compiler/COMMON/SGL_302j/LIB_ELF/LIBSGL.A(sglI00.o)
 .text          0x06023d60        0x0 D:/joengine-master/Compiler/COMMON/SGL_302j/LIB_ELF/LIBSGL.A(sglH03.o)
 .text          0x06023d60       0x52 d:/joengine-master/compiler/windows/bin/../lib/gcc/sh-elf/9.3.0\libgcc.a(_ashiftrt.o)
                0x06023d60                __ashiftrt_r4_31
                0x06023d60                __ashiftrt_r4_32
                0x06023d66                __ashiftrt_r4_30
                0x06023d68                __ashiftrt_r4_29
                0x06023d6a                __ashiftrt_r4_28
                0x06023d6c                __ashiftrt_r4_27
                0x06023d6e                __ashiftrt_r4_26
                0x06023d70                __ashiftrt_r4_25
                0x06023d72                __ashiftrt_r4_24
                0x06023d7a                __ashiftrt_r4_23
                0x06023d7c                __ashiftrt_r4_22
                0x06023d7e                __ashiftrt_r4_21
                0x06023d80                __ashiftrt_r4_20
                0x06023d82                __ashiftrt_r4_19
                0x06023d84                __ashiftrt_r4_18
                0x06023d86                __ashiftrt_r4_17
                0x06023d88                __ashiftrt_r4_16
                0x06023d8e                __ashiftrt_r4_15
                0x06023d90                __ashiftrt_r4_14
                0x06023d92                __ashiftrt_r4_13
                0x06023d94                __ashiftrt_r4_12
                0x06023d96                __ashiftrt_r4_11
                0x06023d98                __ashiftrt_r4_10
                0x06023d9a                __ashiftrt_r4_9
                0x06023d9c                __ashiftrt_r4_8
                0x06023d9e                __ashiftrt_r4_7
                0x06023da0                __ashiftrt_r4_6
                0x06023da2                __ashiftrt_r4_5
                0x06023da4                __ashiftrt_r4_4
                0x06023da6                __ashiftrt_r4_3
                0x06023da8                __ashiftrt_r4_2
                0x06023daa                __ashiftrt_r4_1
                0x06023dae                __ashiftrt_r4_0
 *fill*         0x06023db2        0x2 
 .text          0x06023db4       0x80 d:/joengine-master/compiler/windows/bin/../lib/gcc/sh-elf/9.3.0\libgcc.a(_ashiftrt_n.o)
                0x06023db4                __ashrsi3
 .text          0x06023e34       0xbc d:/joengine-master/compiler/windows/bin/../lib/gcc/sh-elf/9.3.0\libgcc.a(_ashiftlt.o)
                0x06023e34                __ashlsi3
                0x06023e38                __ashlsi3_r0
 .text          0x06023ef0       0xbc d:/joengine-master/compiler/windows/bin/../lib/gcc/sh-elf/9.3.0\libgcc.a(_lshiftrt.o)
                0x06023ef0                __lshrsi3
                0x06023ef4                __lshrsi3_r0
 .text          0x06023fac       0x78 d:/joengine-master/compiler/windows/bin/../lib/gcc/sh-elf/9.3.0\libgcc.a(_movmem.o)
                0x06023fac                __movmem
                0x06023fac                __movstr
                0x06023fe0                __movstrSI64
                0x06023fe0                __movmemSI64
                0x06023fe4                __movstrSI60
                0x06023fe4                __movmemSI60
                0x06023fe8                __movstrSI56
                0x06023fe8                __movmemSI56
                0x06023fec                __movstrSI52
                0x06023fec                __movmemSI52
                0x06023ff0                __movstrSI48
                0x06023ff0                __movmemSI48
                0x06023ff4                __movmemSI44
                0x06023ff4                __movstrSI44
                0x06023ff8                __movstrSI40
                0x06023ff8                __movmemSI40
                0x06023ffc                __movmemSI36
                0x06023ffc                __movstrSI36
                0x06024000                __movmemSI32
                0x06024000                __movstrSI32
                0x06024004                __movstrSI28
                0x06024004                __movmemSI28
                0x06024008                __movmemSI24
                0x06024008                __movstrSI24
                0x0602400c                __movstrSI20
                0x0602400c                __movmemSI20
                0x06024010                __movstrSI16
                0x06024010                __movmemSI16
                0x06024014                __movstrSI12
                0x06024014                __movmemSI12
                0x06024018                __movmemSI8
                0x06024018                __movstrSI8
                0x0602401c                __movmemSI4
                0x0602401c                __movstrSI4
 .text          0x06024024       0xa0 d:/joengine-master/compiler/windows/bin/../lib/gcc/sh-elf/9.3.0\libgcc.a(_sdivsi3.o)
                0x06024024                __sdivsi3
 .text          0x060240c4       0x6c d:/joengine-master/compiler/windows/bin/../lib/gcc/sh-elf/9.3.0\libgcc.a(_udivsi3.o)
                0x060240e6                __udivsi3
 .text          0x06024130      0x21c d:/joengine-master/compiler/windows/bin/../lib/gcc/sh-elf/9.3.0\libgcc.a(_addsub_sf.o)
                0x060242b0                __addsf3
                0x060242fc                __subsf3
 .text          0x0602434c      0x134 d:/joengine-master/compiler/windows/bin/../lib/gcc/sh-elf/9.3.0\libgcc.a(_mul_sf.o)
                0x0602434c                __mulsf3
 .text          0x06024480       0xdc d:/joengine-master/compiler/windows/bin/../lib/gcc/sh-elf/9.3.0\libgcc.a(_div_sf.o)
                0x06024480                __divsf3
 .text          0x0602455c       0x54 d:/joengine-master/compiler/windows/bin/../lib/gcc/sh-elf/9.3.0\libgcc.a(_eq_sf.o)
                0x0602455c                __eqsf2
 .text          0x060245b0       0x54 d:/joengine-master/compiler/windows/bin/../lib/gcc/sh-elf/9.3.0\libgcc.a(_ne_sf.o)
                0x060245b0                __nesf2
 .text          0x06024604       0x54 d:/joengine-master/compiler/windows/bin/../lib/gcc/sh-elf/9.3.0\libgcc.a(_gt_sf.o)
                0x06024604                __gtsf2
 .text          0x06024658       0x54 d:/joengine-master/compiler/windows/bin/../lib/gcc/sh-elf/9.3.0\libgcc.a(_ge_sf.o)
                0x06024658                __gesf2
 .text          0x060246ac       0x54 d:/joengine-master/compiler/windows/bin/../lib/gcc/sh-elf/9.3.0\libgcc.a(_lt_sf.o)
                0x060246ac                __ltsf2
 .text          0x06024700       0x54 d:/joengine-master/compiler/windows/bin/../lib/gcc/sh-elf/9.3.0\libgcc.a(_le_sf.o)
                0x06024700                __lesf2
 .text          0x06024754       0x84 d:/joengine-master/compiler/windows/bin/../lib/gcc/sh-elf/9.3.0\libgcc.a(_si_to_sf.o)
                0x06024754                __floatsisf
 .text          0x060247d8       0x70 d:/joengine-master/compiler/windows/bin/../lib/gcc/sh-elf/9.3.0\libgcc.a(_sf_to_si.o)
                0x060247d8                __fixsfsi
 .text          0x06024848       0x3c d:/joengine-master/compiler/windows/bin/../lib/gcc/sh-elf/9.3.0\libgcc.a(_sf_to_df.o)
                0x06024848                __extendsfdf2
 .text          0x06024884        0x0 d:/joengine-master/compiler/windows/bin/../lib/gcc/sh-elf/9.3.0\libgcc.a(_thenan_sf.o)
 .text          0x06024884       0x94 d:/joengine-master/compiler/windows/bin/../lib/gcc/sh-elf/9.3.0\libgcc.a(_usi_to_sf.o)
                0x06024884                __floatunsisf
 .text          0x06024918      0x3e0 d:/joengine-master/compiler/windows/bin/../lib/gcc/sh-elf/9.3.0\libgcc.a(_addsub_df.o)
                0x06024c54                __adddf3
                0x06024ca4                __subdf3
 .text          0x06024cf8      0x208 d:/joengine-master/compiler/windows/bin/../lib/gcc/sh-elf/9.3.0\libgcc.a(_mul_df.o)
                0x06024cf8                __muldf3
 .text          0x06024f00       0xa8 d:/joengine-master/compiler/windows/bin/../lib/gcc/sh-elf/9.3.0\libgcc.a(_si_to_df.o)
                0x06024f00                __floatsidf
 .text          0x06024fa8       0xa0 d:/joengine-master/compiler/windows/bin/../lib/gcc/sh-elf/9.3.0\libgcc.a(_df_to_si.o)
                0x06024fa8                __fixdfsi
 .text          0x06025048       0x28 d:/joengine-master/compiler/windows/bin/../lib/gcc/sh-elf/9.3.0\libgcc.a(_make_df.o)
                0x06025048                __make_dp
 .text          0x06025070       0x4c d:/joengine-master/compiler/windows/bin/../lib/gcc/sh-elf/9.3.0\libgcc.a(_df_to_sf.o)
                0x06025070                __truncdfsf2
 .text          0x060250bc        0x0 d:/joengine-master/compiler/windows/bin/../lib/gcc/sh-elf/9.3.0\libgcc.a(_thenan_df.o)
 .text          0x060250bc       0x54 d:/joengine-master/compiler/windows/bin/../lib/gcc/sh-elf/9.3.0\libgcc.a(_clzsi2.o)
                0x060250bc                __clzsi2
 .text          0x06025110      0x11c d:/joengine-master/compiler/windows/bin/../lib/gcc/sh-elf/9.3.0\libgcc.a(_pack_sf.o)
                0x06025110                __pack_f
 .text          0x0602522c       0xa0 d:/joengine-master/compiler/windows/bin/../lib/gcc/sh-elf/9.3.0\libgcc.a(_unpack_sf.o)
                0x0602522c                __unpack_f
 .text          0x060252cc       0xac d:/joengine-master/compiler/windows/bin/../lib/gcc/sh-elf/9.3.0\libgcc.a(_fpcmp_parts_sf.o)
                0x060252cc                __fpcmp_parts_f
 .text          0x06025378       0x20 d:/joengine-master/compiler/windows/bin/../lib/gcc/sh-elf/9.3.0\libgcc.a(_make_sf.o)
                0x06025378                __make_fp
 .text          0x06025398      0x274 d:/joengine-master/compiler/windows/bin/../lib/gcc/sh-elf/9.3.0\libgcc.a(_pack_df.o)
                0x06025398                __pack_d
 .text          0x0602560c       0xcc d:/joengine-master/compiler/windows/bin/../lib/gcc/sh-elf/9.3.0\libgcc.a(_unpack_df.o)
                0x0602560c                __unpack_d
 .text          0x060256d8        0x0 d:/joengine-master/compiler/windows/bin/../lib/gcc/sh-elf/9.3.0\libgcc.a(_clz.o)
 .text          0x060256d8        0x0 d:/joengine-master/compiler/windows/bin/../lib/gcc/sh-elf/9.3.0/../../../../sh-elf/lib\libc.a(lib_a-impure.o)
 .text          0x060256d8       0x1e d:/joengine-master/compiler/windows/bin/../lib/gcc/sh-elf/9.3.0/../../../../sh-elf/lib\libc.a(lib_a-memcmp.o)
                0x060256d8                memcmp
 *fill*         0x060256f6        0x2 
 .text          0x060256f8       0x94 d:/joengine-master/compiler/windows/bin/../lib/gcc/sh-elf/9.3.0/../../../../sh-elf/lib\libc.a(lib_a-memcpy.o)
                0x060256f8                memcpy
 .text          0x0602578c       0x40 d:/joengine-master/compiler/windows/bin/../lib/gcc/sh-elf/9.3.0/../../../../sh-elf/lib\libc.a(lib_a-memset.o)
                0x0602578c                memset
 .text          0x060257cc       0x58 d:/joengine-master/compiler/windows/bin/../lib/gcc/sh-elf/9.3.0/../../../../sh-elf/lib\libc.a(lib_a-rand.o)
                0x060257cc                srand
                0x060257e0                rand
 .text          0x06025824       0x60 d:/joengine-master/compiler/windows/bin/../lib/gcc/sh-elf/9.3.0/../../../../sh-elf/lib\libc.a(lib_a-rget.o)
                0x06025824                __srget_r
                0x06025870                __srget
 .text          0x06025884       0x8c d:/joengine-master/compiler/windows/bin/../lib/gcc/sh-elf/9.3.0/../../../../sh-elf/lib\libc.a(lib_a-sprintf.o)
                0x06025884                _siprintf_r
                0x06025884                _sprintf_r
                0x060258c4                siprintf
                0x060258c4                sprintf
 .text          0x06025910       0x20 d:/joengine-master/compiler/windows/bin/../lib/gcc/sh-elf/9.3.0/../../../../sh-elf/lib\libc.a(lib_a-strcat.o)
                0x06025910                strcat
 .text          0x06025930       0x38 d:/joengine-master/compiler/windows/bin/../lib/gcc/sh-elf/9.3.0/../../../../sh-elf/lib\libc.a(lib_a-strcmp.o)
                0x06025930                strcmp
 .text          0x06025968       0x3c d:/joengine-master/compiler/windows/bin/../lib/gcc/sh-elf/9.3.0/../../../../sh-elf/lib\libc.a(lib_a-strcpy.o)
                0x06025968                strcpy
 .text          0x060259a4       0x20 d:/joengine-master/compiler/windows/bin/../lib/gcc/sh-elf/9.3.0/../../../../sh-elf/lib\libc.a(lib_a-strlen.o)
                0x060259a4                strlen
 .text          0x060259c4       0x2a d:/joengine-master/compiler/windows/bin/../lib/gcc/sh-elf/9.3.0/../../../../sh-elf/lib\libc.a(lib_a-strncmp.o)
                0x060259c4                strncmp
 .text          0x060259ee       0x36 d:/joengine-master/compiler/windows/bin/../lib/gcc/sh-elf/9.3.0/../../../../sh-elf/lib\libc.a(lib_a-strncpy.o)
                0x060259ee                strncpy
 .text          0x06025a24       0x36 d:/joengine-master/compiler/windows/bin/../lib/gcc/sh-elf/9.3.0/../../../../sh-elf/lib\libc.a(lib_a-strstr.o)
                0x06025a24                strstr
 *fill*         0x06025a5a        0x2 
 .text          0x06025a5c       0xdc d:/joengine-master/compiler/windows/bin/../lib/gcc/sh-elf/9.3.0/../../../../sh-elf/lib\libc.a(lib_a-wbuf.o)
                0x06025a5c                __swbuf_r
                0x06025b24                __swbuf
 .text          0x06025b38       0xcc d:/joengine-master/compiler/windows/bin/../lib/gcc/sh-elf/9.3.0/../../../../sh-elf/lib\libc.a(lib_a-wsetup.o)
                0x06025b38                __swsetup_r
 .text          0x06025c04      0x1a4 d:/joengine-master/compiler/windows/bin/../lib/gcc/sh-elf/9.3.0/../../../../sh-elf/lib\libc.a(lib_a-fflush.o)
                0x06025c04                __sflush_r
                0x06025d40                _fflush_r
                0x06025d80                fflush
 .text          0x06025da8      0x1d0 d:/joengine-master/compiler/windows/bin/../lib/gcc/sh-elf/9.3.0/../../../../sh-elf/lib\libc.a(lib_a-findfp.o)
                0x06025e00                _cleanup_r
                0x06025e10                __sfmoreglue
                0x06025e5c                _cleanup
                0x06025e70                __sinit
                0x06025ec4                __sfp
 .text          0x06025f78       0xb0 d:/joengine-master/compiler/windows/bin/../lib/gcc/sh-elf/9.3.0/../../../../sh-elf/lib\libc.a(lib_a-fwalk.o)
                0x06025f78                _fwalk
                0x06025fcc                _fwalk_reent
 .text          0x06026028      0x108 d:/joengine-master/compiler/windows/bin/../lib/gcc/sh-elf/9.3.0/../../../../sh-elf/lib\libc.a(lib_a-makebuf.o)
                0x06026028                __swhatbuf_r
                0x06026084                __smakebuf_r
 .text          0x06026130      0x444 d:/joengine-master/compiler/windows/bin/../lib/gcc/sh-elf/9.3.0/../../../../sh-elf/lib\libc.a(lib_a-nano-svfprintf.o)
                0x06026130                __ssputs_r
                0x06026224                __ssprint_r
                0x06026358                _svfprintf_r
                0x06026358                _svfiprintf_r
 .text          0x06026574      0x380 d:/joengine-master/compiler/windows/bin/../lib/gcc/sh-elf/9.3.0/../../../../sh-elf/lib\libc.a(lib_a-nano-vfprintf_i.o)
                0x06026574                _printf_common
                0x06026674                _printf_i
 .text          0x060268f4      0x150 d:/joengine-master/compiler/windows/bin/../lib/gcc/sh-elf/9.3.0/../../../../sh-elf/lib\libc.a(lib_a-refill.o)
                0x0602690c                __srefill_r
 .text          0x06026a44       0xe0 d:/joengine-master/compiler/windows/bin/../lib/gcc/sh-elf/9.3.0/../../../../sh-elf/lib\libc.a(lib_a-stdio.o)
                0x06026a44                __sread
                0x06026a80                __seofread
                0x06026a84                __swrite
                0x06026ad4                __sseek
                0x06026b14                __sclose
 .text          0x06026b24       0x34 d:/joengine-master/compiler/windows/bin/../lib/gcc/sh-elf/9.3.0/../../../../sh-elf/lib\libc.a(lib_a-writer.o)
                0x06026b24                _write_r
 .text          0x06026b58       0x30 d:/joengine-master/compiler/windows/bin/../lib/gcc/sh-elf/9.3.0/../../../../sh-elf/lib\libc.a(lib_a-closer.o)
                0x06026b58                _close_r
 .text          0x06026b88       0x34 d:/joengine-master/compiler/windows/bin/../lib/gcc/sh-elf/9.3.0/../../../../sh-elf/lib\libc.a(lib_a-fstatr.o)
                0x06026b88                _fstat_r
 .text          0x06026bbc       0x30 d:/joengine-master/compiler/windows/bin/../lib/gcc/sh-elf/9.3.0/../../../../sh-elf/lib\libc.a(lib_a-isattyr.o)
                0x06026bbc                _isatty_r
 .text          0x06026bec       0x34 d:/joengine-master/compiler/windows/bin/../lib/gcc/sh-elf/9.3.0/../../../../sh-elf/lib\libc.a(lib_a-lseekr.o)
                0x06026bec                _lseek_r
 .text          0x06026c20       0x1c d:/joengine-master/compiler/windows/bin/../lib/gcc/sh-elf/9.3.0/../../../../sh-elf/lib\libc.a(lib_a-memchr.o)
                0x06026c20                memchr
 .text          0x06026c3c       0x3c d:/joengine-master/compiler/windows/bin/../lib/gcc/sh-elf/9.3.0/../../../../sh-elf/lib\libc.a(lib_a-memmove.o)
                0x06026c3c                memmove
 .text          0x06026c78       0x34 d:/joengine-master/compiler/windows/bin/../lib/gcc/sh-elf/9.3.0/../../../../sh-elf/lib\libc.a(lib_a-readr.o)
                0x06026c78                _read_r
 .text          0x06026cac      0x100 d:/joengine-master/compiler/windows/bin/../lib/gcc/sh-elf/9.3.0/../../../../sh-elf/lib\libc.a(lib_a-reent.o)
                0x06026cac                cleanup_glue
                0x06026cd8                _reclaim_reent
 *(.strings)
 *(SEGA_P)
 *(.eh_frame_hdr)
 *(.eh_frame)
                0x06026dac                __etext = .

.text.startup   0x06026db0       0x40
 .text.startup  0x06026db0       0x40 D:/joengine-master/jo_engine/core.o
                0x06026db0                main

SLPROG          0x06026e00    0x158a0
                0x06026e00                __slprog_start = .
 *(SLPROG)
 SLPROG         0x06026e00     0x6540 D:/joengine-master/Compiler/COMMON/SGL_302j/LIB_ELF/SGLAREA.O
                0x06026e00                MasterStack
                0x06026e04                SlaveStack
                0x06026e08                MaxVertices
                0x06026e0a                MaxPolygons
                0x06026e0c                SortList
                0x06026e10                SortListSize
                0x06026e14                TransList
                0x06026e18                Zbuffer
                0x06026e1c                SpriteBuf
                0x06026e20                SpriteBufSize
                0x06026e24                Pbuffer
                0x06026e28                CommandBuf
                0x06026e2c                CLOfstBuf
                0x06026e30                PCM_Work
                0x06026e34                PCM_WkSize
                0x06026e38                MaxEvents
                0x06026e3a                EventSize
                0x06026e3c                MaxWorks
                0x06026e3e                WorkSize
                0x06026e40                RemainEvent
                0x06026f40                RemainWork
                0x06027340                EventBuf
                0x06029340                WorkBuf
 SLPROG         0x0602d340     0x411e D:/joengine-master/Compiler/COMMON/SGL_302j/LIB_ELF/LIBSGL.A(sglA01.o)
                0x0602d340                slSin
                0x0602d364                slCos
                0x0602d388                GetSinCos
                0x0602d41c                sin_cos_index_tbl
                0x0602d45c                sin_tbl
 *fill*         0x0603145e        0x2 
 SLPROG         0x06031460       0x18 D:/joengine-master/Compiler/COMMON/SGL_302j/LIB_ELF/LIBSGL.A(sglA15.o)
                0x06031460                slSlaveFunc
 *fill*         0x06031478        0x8 
 SLPROG         0x06031480       0xd0 D:/joengine-master/Compiler/COMMON/SGL_302j/LIB_ELF/LIBSGL.A(sglA16.o)
                0x06031480                slLookAt
 SLPROG         0x06031550       0x78 D:/joengine-master/Compiler/COMMON/SGL_302j/LIB_ELF/LIBSGL.A(sglA17.o)
                0x06031550                slRotZ
                0x0603155a                slRotZSC
 *fill*         0x060315c8        0x8 
 SLPROG         0x060315d0       0x78 D:/joengine-master/Compiler/COMMON/SGL_302j/LIB_ELF/LIBSGL.A(sglA18.o)
                0x060315d0                slRotY
                0x060315da                slRotYSC
 *fill*         0x06031648        0x8 
 SLPROG         0x06031650       0x78 D:/joengine-master/Compiler/COMMON/SGL_302j/LIB_ELF/LIBSGL.A(sglA19.o)
                0x06031650                slRotX
                0x0603165a                slRotXSC
 *fill*         0x060316c8        0x8 
 SLPROG         0x060316d0      0x42c D:/joengine-master/Compiler/COMMON/SGL_302j/LIB_ELF/LIBSGL.A(sglA20.o)
                0x060316d0                slInitMatrix
                0x060316da                slPushUnitMatrix
                0x060316ee                slUnitMatrix
 *fill*         0x06031afc        0x4 
 SLPROG         0x06031b00       0x48 D:/joengine-master/Compiler/COMMON/SGL_302j/LIB_ELF/LIBSGL.A(sglA21.o)
                0x06031b00                slPushMatrix
                0x06031b34                slDecMatrixPtr
                0x06031b34                slPopMatrix
 *fill*         0x06031b48        0x8 
 SLPROG         0x06031b50       0x50 D:/joengine-master/Compiler/COMMON/SGL_302j/LIB_ELF/LIBSGL.A(sglA27.o)
                0x06031b50                slTranslate
 SLPROG         0x06031ba0       0x70 D:/joengine-master/Compiler/COMMON/SGL_302j/LIB_ELF/LIBSGL.A(sglA28.o)
                0x06031ba0                slScale
 SLPROG         0x06031c10       0x22 D:/joengine-master/Compiler/COMMON/SGL_302j/LIB_ELF/LIBSGL.A(sglA40.o)
                0x06031c10                slCalcVector
 *fill*         0x06031c32        0xe 
 SLPROG         0x06031c40       0x20 D:/joengine-master/Compiler/COMMON/SGL_302j/LIB_ELF/LIBSGL.A(sglB001.o)
                0x06031c40                slTVOn
                0x06031c4a                slTVOff
 SLPROG         0x06031c60       0x24 D:/joengine-master/Compiler/COMMON/SGL_302j/LIB_ELF/LIBSGL.A(sglB011.o)
                0x06031c60                slBitMapNbg1
 *fill*         0x06031c84        0xc 
 SLPROG         0x06031c90        0x8 D:/joengine-master/Compiler/COMMON/SGL_302j/LIB_ELF/LIBSGL.A(sglB014.o)
                0x06031c90                slScrTransparent
 *fill*         0x06031c98        0x8 
 SLPROG         0x06031ca0      0x40c D:/joengine-master/Compiler/COMMON/SGL_302j/LIB_ELF/LIBSGL.A(sglB015.o)
                0x06031ca0                slScrAutoDisp
 *fill*         0x060320ac        0x4 
 SLPROG         0x060320b0        0xc D:/joengine-master/Compiler/COMMON/SGL_302j/LIB_ELF/LIBSGL.A(sglB016.o)
                0x060320b0                slBack1ColSet
 *fill*         0x060320bc        0x4 
 SLPROG         0x060320c0       0x10 D:/joengine-master/Compiler/COMMON/SGL_302j/LIB_ELF/LIBSGL.A(sglB020.o)
                0x060320c0                slColorCalc
 SLPROG         0x060320d0        0xc D:/joengine-master/Compiler/COMMON/SGL_302j/LIB_ELF/LIBSGL.A(sglB021.o)
                0x060320d0                slColorCalcOn
 *fill*         0x060320dc        0x4 
 SLPROG         0x060320e0        0xc D:/joengine-master/Compiler/COMMON/SGL_302j/LIB_ELF/LIBSGL.A(sglB023.o)
                0x060320e0                slColRate
 *fill*         0x060320ec        0x4 
 SLPROG         0x060320f0       0xb0 D:/joengine-master/Compiler/COMMON/SGL_302j/LIB_ELF/LIBSGL.A(sglB031.o)
                0x060320f0                slMapNbg0
 SLPROG         0x060321a0       0xb4 D:/joengine-master/Compiler/COMMON/SGL_302j/LIB_ELF/LIBSGL.A(sglB032.o)
                0x060321a0                slMapNbg1
 *fill*         0x06032254        0xc 
 SLPROG         0x06032260       0xb0 D:/joengine-master/Compiler/COMMON/SGL_302j/LIB_ELF/LIBSGL.A(sglB033.o)
                0x06032260                slMapNbg2
 SLPROG         0x06032310       0xb4 D:/joengine-master/Compiler/COMMON/SGL_302j/LIB_ELF/LIBSGL.A(sglB034.o)
                0x06032310                slMapNbg3
 *fill*         0x060323c4        0xc 
 SLPROG         0x060323d0       0xd4 D:/joengine-master/Compiler/COMMON/SGL_302j/LIB_ELF/LIBSGL.A(sglB035.o)
                0x060323d0                sl1MapRA
                0x06032462                rbank_set
 *fill*         0x060324a4        0xc 
 SLPROG         0x060324b0       0xa0 D:/joengine-master/Compiler/COMMON/SGL_302j/LIB_ELF/LIBSGL.A(sglB036.o)
                0x060324b0                sl1MapRB
 SLPROG         0x06032550       0x70 D:/joengine-master/Compiler/COMMON/SGL_302j/LIB_ELF/LIBSGL.A(sglB038.o)
                0x06032550                slRparaInitSet
 SLPROG         0x060325c0       0x7e D:/joengine-master/Compiler/COMMON/SGL_302j/LIB_ELF/LIBSGL.A(sglB039.o)
                0x060325c0                slMakeKtable
 *fill*         0x0603263e        0x2 
 SLPROG         0x06032640       0x58 D:/joengine-master/Compiler/COMMON/SGL_302j/LIB_ELF/LIBSGL.A(sglB040.o)
                0x06032640                slKtableRA
 *fill*         0x06032698        0x8 
 SLPROG         0x060326a0       0x5c D:/joengine-master/Compiler/COMMON/SGL_302j/LIB_ELF/LIBSGL.A(sglB041.o)
                0x060326a0                slKtableRB
 *fill*         0x060326fc        0x4 
 SLPROG         0x06032700       0x10 D:/joengine-master/Compiler/COMMON/SGL_302j/LIB_ELF/LIBSGL.A(sglB042.o)
                0x06032700                slCurRpara
 SLPROG         0x06032710        0x8 D:/joengine-master/Compiler/COMMON/SGL_302j/LIB_ELF/LIBSGL.A(sglB043.o)
                0x06032710                slRparaMode
 *fill*         0x06032718        0x8 
 SLPROG         0x06032720      0x4e4 D:/joengine-master/Compiler/COMMON/SGL_302j/LIB_ELF/LIBSGL.A(sglB044.o)
                0x06032720                slScrMatSet
 *fill*         0x06032c04        0xc 
 SLPROG         0x06032c10       0x28 D:/joengine-master/Compiler/COMMON/SGL_302j/LIB_ELF/LIBSGL.A(sglB045.o)
                0x06032c10                slScrMatConv
 *fill*         0x06032c38        0x8 
 SLPROG         0x06032c40        0xc D:/joengine-master/Compiler/COMMON/SGL_302j/LIB_ELF/LIBSGL.A(sglB047.o)
                0x06032c40                slOverRA
 *fill*         0x06032c4c        0x4 
 SLPROG         0x06032c50       0x10 D:/joengine-master/Compiler/COMMON/SGL_302j/LIB_ELF/LIBSGL.A(sglB048.o)
                0x06032c50                slOverRB
 SLPROG         0x06032c60        0xc D:/joengine-master/Compiler/COMMON/SGL_302j/LIB_ELF/LIBSGL.A(sglB055.o)
                0x06032c60                slPlaneNbg0
 *fill*         0x06032c6c        0x4 
 SLPROG         0x06032c70        0xc D:/joengine-master/Compiler/COMMON/SGL_302j/LIB_ELF/LIBSGL.A(sglB056.o)
                0x06032c70                slPlaneNbg1
 *fill*         0x06032c7c        0x4 
 SLPROG         0x06032c80       0x10 D:/joengine-master/Compiler/COMMON/SGL_302j/LIB_ELF/LIBSGL.A(sglB057.o)
                0x06032c80                slPlaneNbg2
 SLPROG         0x06032c90       0x10 D:/joengine-master/Compiler/COMMON/SGL_302j/LIB_ELF/LIBSGL.A(sglB058.o)
                0x06032c90                slPlaneNbg3
 SLPROG         0x06032ca0        0xc D:/joengine-master/Compiler/COMMON/SGL_302j/LIB_ELF/LIBSGL.A(sglB059.o)
                0x06032ca0                slPlaneRA
 *fill*         0x06032cac        0x4 
 SLPROG         0x06032cb0       0x10 D:/joengine-master/Compiler/COMMON/SGL_302j/LIB_ELF/LIBSGL.A(sglB060.o)
                0x06032cb0                slPlaneRB
 SLPROG         0x06032cc0        0xc D:/joengine-master/Compiler/COMMON/SGL_302j/LIB_ELF/LIBSGL.A(sglB063.o)
                0x06032cc0                slPriority
 *fill*         0x06032ccc        0x4 
 SLPROG         0x06032cd0       0x18 D:/joengine-master/Compiler/COMMON/SGL_302j/LIB_ELF/LIBSGL.A(sglB087.o)
                0x06032cd0                slLineScrollTable0
 *fill*         0x06032ce8        0x8 
 SLPROG         0x06032cf0        0x8 D:/joengine-master/Compiler/COMMON/SGL_302j/LIB_ELF/LIBSGL.A(sglB088.o)
                0x06032cf0                slLineScrollTable1
 *fill*         0x06032cf8        0x8 
 SLPROG         0x06032d00        0xc D:/joengine-master/Compiler/COMMON/SGL_302j/LIB_ELF/LIBSGL.A(sglB090.o)
                0x06032d00                slLineScrollMode
 *fill*         0x06032d0c        0x4 
 SLPROG         0x06032d10      0x114 D:/joengine-master/Compiler/COMMON/SGL_302j/LIB_ELF/LIBSGL.A(sglB200.o)
                0x06032d10                slCharRbg0
                0x06032d1c                slCharNbg0
                0x06032d28                slCharNbg1
                0x06032d34                slCharNbg2
                0x06032d4a                slCharNbg3
                0x06032d62                slPageRbg0
                0x06032d78                slPageNbg1
                0x06032d80                slPageNbg2
                0x06032d88                slPageNbg3
                0x06032d94                slPageNbg0
 *fill*         0x06032e24        0xc 
 SLPROG         0x06032e30       0x6c D:/joengine-master/Compiler/COMMON/SGL_302j/LIB_ELF/LIBSGL.A(sglC01.o)
                0x06032e30                slPerspective
 *fill*         0x06032e9c        0x4 
 SLPROG         0x06032ea0       0xc4 D:/joengine-master/Compiler/COMMON/SGL_302j/LIB_ELF/LIBSGL.A(sglC03.o)
                0x06032ea0                slWindow
 *fill*         0x06032f64        0xc 
 SLPROG         0x06032f70       0x2c D:/joengine-master/Compiler/COMMON/SGL_302j/LIB_ELF/LIBSGL.A(sglC04.o)
                0x06032f70                slZdspLevel
 *fill*         0x06032f9c        0x4 
 SLPROG         0x06032fa0       0x78 D:/joengine-master/Compiler/COMMON/SGL_302j/LIB_ELF/LIBSGL.A(sglC05.o)
                0x06032fa0                slSetSprite
 *fill*         0x06033018        0x8 
 SLPROG         0x06033020       0xfa D:/joengine-master/Compiler/COMMON/SGL_302j/LIB_ELF/LIBSGL.A(sglC06.o)
                0x06033020                slDispSprite
 *fill*         0x0603311a        0x6 
 SLPROG         0x06033120      0x162 D:/joengine-master/Compiler/COMMON/SGL_302j/LIB_ELF/LIBSGL.A(sglC07.o)
                0x06033126                slPutSprite
 *fill*         0x06033282        0xe 
 SLPROG         0x06033290     0x1218 D:/joengine-master/Compiler/COMMON/SGL_302j/LIB_ELF/LIBSGL.A(sglC08.o)
                0x06033290                slPutPolygon
                0x06033f0c                MsCalcDepthFlat
 *fill*         0x060344a8        0x8 
 SLPROG         0x060344b0       0x8c D:/joengine-master/Compiler/COMMON/SGL_302j/LIB_ELF/LIBSGL.A(sglC14.o)
                0x060344b0                slCurWindow
 *fill*         0x0603453c        0x4 
 SLPROG         0x06034540       0x54 D:/joengine-master/Compiler/COMMON/SGL_302j/LIB_ELF/LIBSGL.A(sglC16.o)
                0x06034540                slDynamicFrame
 *fill*         0x06034594        0xc 
 SLPROG         0x060345a0       0x4c D:/joengine-master/Compiler/COMMON/SGL_302j/LIB_ELF/LIBSGL.A(sglC17.o)
                0x060345a0                slDispSpriteHV
 *fill*         0x060345ec        0x4 
 SLPROG         0x060345f0       0xd4 D:/joengine-master/Compiler/COMMON/SGL_302j/LIB_ELF/LIBSGL.A(sglC19.o)
                0x060345f0                slDispSprite4P
 *fill*         0x060346c4        0xc 
 SLPROG         0x060346d0       0x40 D:/joengine-master/Compiler/COMMON/SGL_302j/LIB_ELF/LIBSGL.A(sglC20.o)
                0x060346d0                SpriteEntry
 SLPROG         0x06034710      0x4ae D:/joengine-master/Compiler/COMMON/SGL_302j/LIB_ELF/LIBSGL.A(sglC21.o)
                0x06034798                RotSprite
                0x06034826                SetSprPosition
 *fill*         0x06034bbe        0x2 
 SLPROG         0x06034bc0       0x84 D:/joengine-master/Compiler/COMMON/SGL_302j/LIB_ELF/LIBSGL.A(sglD00.o)
                0x06034bc0                slCpuDMACopy
                0x06034bc0                slDMACopy
                0x06034c1a                CSH_AllClr
                0x06034c1a                slCashPurge
 *fill*         0x06034c44        0xc 
 SLPROG         0x06034c50       0xa0 D:/joengine-master/Compiler/COMMON/SGL_302j/LIB_ELF/LIBSGL.A(sglD01.o)
                0x06034c50                slDMAXCopy
 SLPROG         0x06034cf0       0x10 D:/joengine-master/Compiler/COMMON/SGL_302j/LIB_ELF/LIBSGL.A(sglD02.o)
                0x06034cf0                slDMAWait
 SLPROG         0x06034d00        0xc D:/joengine-master/Compiler/COMMON/SGL_302j/LIB_ELF/LIBSGL.A(sglD03.o)
                0x06034d00                slDMAStatus
 *fill*         0x06034d0c        0x4 
 SLPROG         0x06034d10       0x20 D:/joengine-master/Compiler/COMMON/SGL_302j/LIB_ELF/LIBSGL.A(sglD15.o)
                0x06034d10                CSH_Purge
 SLPROG         0x06034d30       0x84 D:/joengine-master/Compiler/COMMON/SGL_302j/LIB_ELF/LIBSGL.A(sglD16.o)
                0x06034d30                DMA_ScuSetPrm
                0x06034d78                DMA_SCU_PRM0
 *fill*         0x06034db4        0xc 
 SLPROG         0x06034dc0       0x88 D:/joengine-master/Compiler/COMMON/SGL_302j/LIB_ELF/LIBSGL.A(sglD17.o)
                0x06034dc0                DMA_ScuStart
 *fill*         0x06034e48        0x8 
 SLPROG         0x06034e50       0x34 D:/joengine-master/Compiler/COMMON/SGL_302j/LIB_ELF/LIBSGL.A(sglD18.o)
                0x06034e50                DMA_ScuGetStatus
 *fill*         0x06034e84        0xc 
 SLPROG         0x06034e90       0x34 D:/joengine-master/Compiler/COMMON/SGL_302j/LIB_ELF/LIBSGL.A(sglF08.o)
                0x06034e90                slDec2Hex
 *fill*         0x06034ec4        0xc 
 SLPROG         0x06034ed0      0xfc8 D:/joengine-master/Compiler/COMMON/SGL_302j/LIB_ELF/LIBSGL.A(sglH00.o)
                0x06034ee8                slGetPortDir1
                0x06034ef0                slGetPortDir2
                0x06034ef8                slSetPortDir1
                0x06034f22                slSetPortDir2
                0x06034f5c                slGetPortData1
                0x06034f64                slGetPortData2
                0x06034f6c                slSetPortData1
                0x06034f76                slSetPortData2
                0x06034f88                slGetPortSelect1
                0x06034f92                slGetPortSelect2
                0x06034f9c                slSetPortSelect1
                0x06034fd0                slSetPortSelect2
                0x0603500c                slGetPortExt1
                0x06035016                slGetPortExt2
                0x06035020                slSetPortExt1
                0x06035050                slSetPortExt2
                0x060351c4                slSmpcDirectAccess
                0x06035244                slInitPeripheral
                0x060352d6                slSetResultBuffer
                0x06035362                slCheckIntBackSet
                0x0603536e                slIntBackCancel
                0x06035398                slCheckReset
                0x060353a2                slClearReset
                0x06035568                slSmpcCashSend
                0x06035624                slSmpcCashBlow
                0x06035700                slGetOptimize
                0x0603570a                slSetOptimize
                0x06035730                slGetPortMode1
                0x0603573c                slGetPortMode2
                0x0603574a                slSetPortMode1
                0x06035788                slSetPortMode2
                0x06035914                slRequestCommand
                0x06035984                Smpc_Status
                0x06035988                Smpc_Result
                0x0603598c                Smpc_Peripheral
                0x06035992                Per_Connect1
                0x06035993                Per_Connect2
                0x060359b4                SmpcStatusBuf
 *fill*         0x06035e98        0x8 
 SLPROG         0x06035ea0       0xa8 D:/joengine-master/Compiler/COMMON/SGL_302j/LIB_ELF/LIBSGL.A(sglH01.o)
                0x06035ea0                slGetLanguage
                0x06035eaa                slSetLanguage
                0x06035ecc                slGetSoundEffect
                0x06035ed8                slSetSoundEffect
                0x06035ef4                slGetSoundOutput
                0x06035f00                slSetSoundOutput
                0x06035f1c                slGetHelpWindow
                0x06035f28                slSetHelpWindow
 *fill*         0x06035f48        0x8 
 SLPROG         0x06035f50      0x470 D:/joengine-master/Compiler/COMMON/SGL_302j/LIB_ELF/LIBSGL.A(sglH02.o)
                0x06036340                smpc_pfr_tbl
                0x06036380                smpc_ptf_tbl
 SLPROG         0x060363c0       0x60 D:/joengine-master/Compiler/COMMON/SGL_302j/LIB_ELF/LIBSGL.A(sglH04.o)
                0x060363c0                slComPrmIntBack
                0x060363d4                slComPrmSetMemory
                0x060363ea                slComPrmSetTime
 SLPROG         0x06036420      0x3a4 D:/joengine-master/Compiler/COMMON/SGL_302j/LIB_ELF/LIBSGL.A(sglI01.o)
                0x06036420                slInitSynch
                0x0603643a                slSynch
                0x06036530                slRandom
                0x0603654e                PCM_EndCheck
                0x0603660a                RetPCMBuf
                0x060366a4                PCM_Buf
                0x06036744                Sound_Buf
 *fill*         0x060367c4        0xc 
 SLPROG         0x060367d0       0x10 D:/joengine-master/Compiler/COMMON/SGL_302j/LIB_ELF/LIBSGL.A(sglI04.o)
                0x060367d0                slIntFunction
 SLPROG         0x060367e0       0x74 D:/joengine-master/Compiler/COMMON/SGL_302j/LIB_ELF/LIBSGL.A(sglJ00.o)
                0x060367e0                InitSlaveSH
                0x06036848                SlaveCommand
 *fill*         0x06036854        0xc 
 SLPROG         0x06036860      0x3d0 D:/joengine-master/Compiler/COMMON/SGL_302j/LIB_ELF/LIBSGL.A(sglJ01.o)
                0x06036860                SlaveControl
                0x06036c1c                ErasePolygonData
 SLPROG         0x06036c30     0x12b8 D:/joengine-master/Compiler/COMMON/SGL_302j/LIB_ELF/LIBSGL.A(sglJ02.o)
                0x06036c30                sbMakePolygon
                0x06036e18                sbCalcPolygon
                0x06037b50                SetTexture
                0x06037b5c                SetPolygon
                0x06037b64                SetPosition
                0x06037b9c                stvtc_4
                0x06037c54                stvtc_3
                0x06037e64                stvtc_1
                0x06037e78                stvtc_2
                0x06037e8c                stvtc_0
 *fill*         0x06037ee8        0x8 
 SLPROG         0x06037ef0      0x140 D:/joengine-master/Compiler/COMMON/SGL_302j/LIB_ELF/LIBSGL.A(sglJ03.o)
                0x06037ef0                sbMakeDMATable
 SLPROG         0x06038030      0x470 D:/joengine-master/Compiler/COMMON/SGL_302j/LIB_ELF/LIBSGL.A(sglJ04.o)
                0x0603808e                sbMakeSprite
                0x060380f4                sbMakeRotSprite
 SLPROG         0x060384a0       0x3c D:/joengine-master/Compiler/COMMON/SGL_302j/LIB_ELF/LIBSGL.A(sglJ05.o)
                0x060384a0                sbSortEntry
 *fill*         0x060384dc        0x4 
 SLPROG         0x060384e0      0x4b8 D:/joengine-master/Compiler/COMMON/SGL_302j/LIB_ELF/LIBSGL.A(sglM00.o)
                0x060384e0                slInitGouraud
                0x060385d4                slPutPolygonX
                0x0603861a                slGouraudTblCopy
                0x06038672                slSetGouraudTbl
                0x06038678                slSetGouraudColor
                0x060386f0                slSetAmbient
                0x06038714                slSetFlatColor
 *fill*         0x06038998        0x8 
 SLPROG         0x060389a0       0x6a D:/joengine-master/Compiler/COMMON/SGL_302j/LIB_ELF/LIBSGL.A(sglM01.o)
                0x060389a0                slSetDepthLimit
                0x060389cc                slSetDepthTbl
                0x060389fc                DepthWorkArea