Archive member included to satisfy reference by file (symbol)

D:/joengine-master/Compiler/COMMON/SGL_302j/LIB_ELF/SEGA_SYS.A(sys_exit.o)
                              D:/joengine-master/jo_engine/core.o (SYS_Exit)
D:/joengine-master/Compiler/COMMON/SGL_302j/LIB_ELF/SEGA_SYS.A(sys_sub.o)
                              D:/joengine-master/Compiler/COMMON/SGL_302j/LIB_ELF/SEGA_SYS.A(sys_exit.o) (SYSUB_SetStackptr)
D:/joengine-master/Compiler/COMMON/SGL_302j/LIB_ELF/LIBCD.A(CDC_CMN.O)
                              D:/joengine-master/Compiler/COMMON/SGL_302j/LIB_ELF/SEGA_SYS.A(sys_exit.o) (CDC_GetCurStat)
D:/joengine-master/Compiler/COMMON/SGL_302j/LIB_ELF/LIBCD.A(CDC_DRV.O)
                              pcmsys.o (CDC_CdPlay)
D:/joengine-master/Compiler/COMMON/SGL_302j/LIB_ELF/LIBCD.A(CDC_CFS.O)
                              D:/joengine-master/Compiler/COMMON/SGL_302j/LIB_ELF/SEGA_SYS.A(sys_exit.o) (CDC_ChgDir)
D:/joengine-master/Compiler/COMMON/SGL_302j/LIB_ELF/LIBCD.A(CDC_REG.O)
                              D:/joengine-master/Compiler/COMMON/SGL_302j/LIB_ELF/SEGA_SYS.A(sys_exit.o) (CDC_GetHirqReq)
D:/joengine-master/Compiler/COMMON/SGL_302j/LIB_ELF/LIBCD.A(CDC_SUB.O)
                              D:/joengine-master/Compiler/COMMON/SGL_302j/LIB_ELF/LIBCD.A(CDC_CMN.O) (CDSUB_UpdStatus)
D:/joengine-master/Compiler/COMMON/SGL_302j/LIB_ELF/LIBCD.A(GFS.O)
                              pcmsys.o (GFS_Init)
D:/joengine-master/Compiler/COMMON/SGL_302j/LIB_ELF/LIBCD.A(GFS_BUF.O)
                              D:/joengine-master/Compiler/COMMON/SGL_302j/LIB_ELF/LIBCD.A(GFS.O) (GFBF_GetNumData)
D:/joengine-master/Compiler/COMMON/SGL_302j/LIB_ELF/LIBCD.A(GFS_CDB.O)
                              D:/joengine-master/Compiler/COMMON/SGL_302j/LIB_ELF/LIBCD.A(GFS.O) (GFCB_Close)
D:/joengine-master/Compiler/COMMON/SGL_302j/LIB_ELF/LIBCD.A(GFS_CDC.O)
                              D:/joengine-master/Compiler/COMMON/SGL_302j/LIB_ELF/LIBCD.A(GFS.O) (GFCD_SetCdbfs)
D:/joengine-master/Compiler/COMMON/SGL_302j/LIB_ELF/LIBCD.A(GFS_CDF.O)
                              D:/joengine-master/Compiler/COMMON/SGL_302j/LIB_ELF/LIBCD.A(GFS.O) (GFCF_Init)
D:/joengine-master/Compiler/COMMON/SGL_302j/LIB_ELF/LIBCD.A(GFS_DIR.O)
                              D:/joengine-master/Compiler/COMMON/SGL_302j/LIB_ELF/LIBCD.A(GFS.O) (GFDR_SetupDirTbl)
D:/joengine-master/Compiler/COMMON/SGL_302j/LIB_ELF/LIBCD.A(GFS_TRN.O)
                              D:/joengine-master/Compiler/COMMON/SGL_302j/LIB_ELF/LIBCD.A(GFS.O) (GFTR_Setup)
D:/joengine-master/Compiler/COMMON/SGL_302j/LIB_ELF/LIBCD.A(CDC_DEV.O)
                              D:/joengine-master/Compiler/COMMON/SGL_302j/LIB_ELF/LIBCD.A(GFS_CDC.O) (CDC_CdSetCon)
D:/joengine-master/Compiler/COMMON/SGL_302j/LIB_ELF/LIBCD.A(CDC_SEL.O)
                              D:/joengine-master/Compiler/COMMON/SGL_302j/LIB_ELF/LIBCD.A(GFS_CDC.O) (CDC_SetFiltRange)
D:/joengine-master/Compiler/COMMON/SGL_302j/LIB_ELF/LIBCD.A(CDC_BIF.O)
                              D:/joengine-master/Compiler/COMMON/SGL_302j/LIB_ELF/LIBCD.A(GFS_CDC.O) (CDC_GetBufSiz)
D:/joengine-master/Compiler/COMMON/SGL_302j/LIB_ELF/LIBCD.A(CDC_BIO.O)
                              D:/joengine-master/Compiler/COMMON/SGL_302j/LIB_ELF/LIBCD.A(GFS_CDC.O) (CDC_SetSctLen)
D:/joengine-master/Compiler/COMMON/SGL_302j/LIB_ELF/LIBSGL.A(sglA01.o)
                              D:/joengine-master/jo_engine/math.o (slSin)
D:/joengine-master/Compiler/COMMON/SGL_302j/LIB_ELF/LIBSGL.A(sglA15.o)
                              D:/joengine-master/jo_engine/slave.o (slSlaveFunc)
D:/joengine-master/Compiler/COMMON/SGL_302j/LIB_ELF/LIBSGL.A(sglA16.o)
                              main.o (slLookAt)
D:/joengine-master/Compiler/COMMON/SGL_302j/LIB_ELF/LIBSGL.A(sglA17.o)
                              main.o (slRotZ)
D:/joengine-master/Compiler/COMMON/SGL_302j/LIB_ELF/LIBSGL.A(sglA18.o)
                              main.o (slRotY)
D:/joengine-master/Compiler/COMMON/SGL_302j/LIB_ELF/LIBSGL.A(sglA19.o)
                              main.o (slRotX)
D:/joengine-master/Compiler/COMMON/SGL_302j/LIB_ELF/LIBSGL.A(sglA20.o)
                              main.o (slUnitMatrix)
D:/joengine-master/Compiler/COMMON/SGL_302j/LIB_ELF/LIBSGL.A(sglA21.o)
                              main.o (slPushMatrix)
D:/joengine-master/Compiler/COMMON/SGL_302j/LIB_ELF/LIBSGL.A(sglA27.o)
                              main.o (slTranslate)
D:/joengine-master/Compiler/COMMON/SGL_302j/LIB_ELF/LIBSGL.A(sglA28.o)
                              main.o (slScale)
D:/joengine-master/Compiler/COMMON/SGL_302j/LIB_ELF/LIBSGL.A(sglA40.o)
                              main.o (slCalcVector)
D:/joengine-master/Compiler/COMMON/SGL_302j/LIB_ELF/LIBSGL.A(sglB001.o)
                              main.o (slTVOn)
D:/joengine-master/Compiler/COMMON/SGL_302j/LIB_ELF/LIBSGL.A(sglB011.o)
                              D:/joengine-master/jo_engine/vdp2.o (slBitMapNbg1)
D:/joengine-master/Compiler/COMMON/SGL_302j/LIB_ELF/LIBSGL.A(sglB014.o)
[...]
Memory Configuration

Name             Origin             Length             Attributes
*default*        0x00000000         0xffffffff

Linker script and memory map


SLSTART         0x06004000       0x30
                0x06004000                ___Start = .
 *(SLSTART)
 SLSTART        0x06004000       0x28 D:/joengine-master/Compiler/COMMON/SGL_302j/LIB_ELF/LIBSGL.A(sglI00.o)
                0x06004000                SGL_Start
                0x06004002                slStartSGL

.text           0x06004040    0x23310
 *(.text)
 .text          0x06004040        0x0 D:/joengine-master/Compiler/COMMON/SGL_302j/LIB_ELF/SGLAREA.O
 .text          0x06004040     0xdcf8 main.o
                0x06004040                my_vblank
                0x06004ed4                mmm_set_game_state
                0x06004ee0                mmm_get_game_state
                0x06004eec                mmm_get_p2_port
                0x06004f2c                mmm_set_player_net_info
                0x06004f4c                mmm_diag_race_state
                0x06005310                ztClearText
                0x06005350                count_char
                0x06005360                render_CLUT_sprite_HT
                0x060053b0                render_CLUT_sprite
                0x06005400                render_CLUT_sprite_MESH
                0x06005450                render_CLUT_sprite2
                0x060054c4                replace_texture
                0x06005500                change_player_volume
                0x060055b0                stop_engine_sound
                0x0600561c                stop_sounds
                0x0600569c                init_2p_display
                0x0600572c                init_1p_display
                0x060057b4                effect
                0x06005830                create_checkpoint
                0x0600584c                create_waypoint
                0x0600586c                roundUp
                0x060058b0                animate_texture
                0x06005900                apply_player_gravity
                0x06005954                getTime
                0x060059b4                getSeconds
                0x06005a04                reset_demo
                0x06005bf0                reset_to_last_checkpoint
                0x06005ce8                player_jump
                0x06005d0c                player_high_bounce
                0x06005d4c                player_bounce
                0x06005d8c                player_ramp_jump
                0x06005df0                pup_timer_counter
                0x06005e9c                player_hurt
                0x06005efc                set_player_position
                0x06006000                set_player_total_position
                0x06006060                transition_to_end_level
                0x06006190                race_ended
                0x060061b0                player_collision_handling
                0x06007c60                create_enemy
                0x06007d34                create_powerup
                0x06007d5c                create_player
                0x06007f44                create_map_section
                0x06007f80                computeLight
                0x06007ff4                create_particles
                0x0600809c                create_clouds
                0x0600812c                animate_player
                0x06008294                draw_powerups
                0x06008398                draw_player
                0x06009080                map_builder_draw_section
                0x06009560                map_builder_draw_powerup
                0x060096b8                draw_walls
                0x060096e4                draw_map
                0x06009850                draw_hud
                0x0600a298                move_camera
                0x0600a87c                race_start
                0x0600ab14                my_draw
                0x0600b204                load_car
                0x0600b37c                load_binary
                0x0600bc88                load_textures
                0x0600bd7c                load_level
                0x0600be88                load_preview
                0x0600bf18                load_trackmap
                0x0600bfa8                set_palette
                0x0600bfc4                change_player_palette
                0x0600c0bc                transition_to_title_screen
                0x0600c124                transition_to_player_select
                0x0600c2a4                transition_to_level_select
                0x0600c394                clear_level
                0x0600c3e8                menu
                0x0600c578                object_viewer
                0x0600c9dc                pause_game
                0x0600ccdc                attract_mode
                0x0600cce0                title_screen
                0x0600d0c4                init_display
                0x0600d138                cpu_control
                0x0600d320                my_gamepad
                0x0600e3dc                load_background
                0x0600e41c                draw_3d_planes
                0x0600e7c0                init_3d_planes
                0x0600e934                mmm_online_start_race
                0x0600ed30                load_hud
                0x0600ed68                load_4bits_car_textures
                0x0600edf0                load_4bits_player_textures
                0x0600efb0                total_table
                0x0600f104                race_table
                0x0600f314                end_level
                0x0600fa14                extra_select
                0x0600fafc                player_select
                0x06010f9c                level_select
                0x060115d0                gameLoop
                0x060117f0                load_player_and_enemies
                0x0601183c                load_sound
                0x06011a6e                load_nbg2_font
                0x06011acc                jo_main
 .text          0x06011d38      0x618 collision.o
                0x06011d8e                Lerp
                0x06011dc4                has_collision
                0x06011e3a                has_horizontal_collision
                0x06011ed8                has_vertical_collision
                0x06011f72                has_ramp_collision
                0x06012134                has_trigger_collision
                0x060121c0                has_shadow_collision
                0x0601223a                has_ceiling_collision
                0x060122dc                has_object_collision
 .text          0x06012350      0x7cc pcmsys.o
                0x060123a6                pcm_play
                0x060123cc                pcm_parameter_change
                0x060123ec                pcm_cease
                0x06012414                cd_init
                0x0601244c                smpc_wait_till_ready
                0x0601245c                smpc_issue_command
                0x06012470                load_driver_binary
                0x06012590                load_drv
                0x060125dc                calculate_bytes_per_blank
                0x0601260c                convert_bitrate_to_pitchword
                0x06012668                load_16bit_pcm
                0x0601278c                load_8bit_pcm
                0x060128ac                gcd
                0x060128dc                lcm
                0x0601290c                load_adx
                0x06012a90                sdrv_vblank_rq
                0x06012aa0                CDDASetVolume
                0x06012ab4                CDDAPlay
                0x06012af4                CDDAPlaySingle
                0x06012b00                CDDAStop
 .text          0x06012b1c      0x69c name_entry.o
                0x06012c5a                name_entry_init
                0x06012c68                name_entry_screen
 .text          0x060131b8     0x1260 connecting.o
                0x06013fd4                connecting_init
                0x06013fe0                connecting_screen
 .text          0x06014418      0xc2c lobby.o
                0x060148f2                lobby_init
                0x06014900                lobby_screen
 .text          0x06015044     0x1a40 net/mmm_net.o
                0x06015536                mnet_init
                0x060155b4                mnet_set_modem_available
                0x060155c0                mnet_set_transport
                0x060155cc                mnet_set_username
                0x060155f0                mnet_set_username_2
                0x06015620                mnet_get_state
                0x0601562c                mnet_log
                0x060156c4                mnet_clear_log
                0x060156ec                mnet_client_log
                0x06016294                mnet_enter_offline
                0x060162b0                mnet_on_connected
                0x0601636a                mnet_tick
                0x060164d0                mnet_send_input_state
                0x06016558                mnet_send_input_state_p2
                0x060165f0                mnet_send_player_state
                0x06016690                mnet_send_player_state_p2
                0x0601674c                mnet_send_lap_complete
                0x0601678c                mnet_send_powerup_pickup
                0x060167c8                mnet_send_ready_toggle
                0x06016808                mnet_request_start_game
                0x0601683c                mnet_send_car_select
                0x06016878                mnet_send_add_local_player
                0x060168ec                mnet_send_remove_local_player
                0x06016960                mnet_send_disconnect
                0x060169c0                mnet_request_leaderboard
                0x060169f4                mnet_get_remote_input
                0x06016a34                mnet_get_remote_state
                0x06016a68                mnet_get_powerup_type
 .text          0x06016a84      0x168 libc_stubs.o
                0x06016ada                malloc
                0x06016ae4                free
                0x06016af8                calloc
                0x06016b28                realloc
                0x06016b90                _malloc_r
                0x06016b9c                _free_r
                0x06016ba8                _calloc_r
                0x06016bb4                _realloc_r
                0x06016bc0                _sbrk
                0x06016bc4                _read
                0x06016bc8                _write
                0x06016bcc                _close
                0x06016bd0                _open
                0x06016bd4                _fstat
                0x06016bd8                _isatty
                0x06016bdc                _lseek
                0x06016be0                _kill
                0x06016be4                _getpid
                0x06016be8                _exit
 .text          0x06016bec      0xd50 D:/joengine-master/jo_engine/backup.o
                0x06016c42                jo_backup_get_free_block_count
                0x06016c64                jo_backup_get_total_block_count
                0x06016c88                jo_backup_format_device
                0x06016d20                jo_backup_mount
                0x06016e24                jo_backup_read_device
                0x06016f70                jo_backup_file_exists
                0x0601702c                jo_backup_get_file_partition
                0x060170e4                jo_backup_init_file
                0x06017124                jo_backup_save
                0x06017360                jo_backup_load_file_comment
                0x060173f4                jo_backup_load_file_contents
                0x06017564                jo_backup_delete_file
                0x06017670                jo_backup_unmount
                0x060176f0                jo_backup_get_file_last_modified_date
                0x060177d8                jo_backup_get_file_info
                0x060178e8                jo_backup_get_file_size
                0x06017908                jo_backup_get_last_status
 .text          0x0601793c      0x8cc D:/joengine-master/jo_engine/tga.o
                0x06017b62                jo_set_tga_default_palette
                0x06017b6c                jo_set_tga_palette_handling
                0x06017b78                __jo_tga_load
                0x06017c40                __jo_tga_any_loader_from_stream
                0x06017c8c                jo_tga_8bits_loader_from_stream
                0x06017ca4                jo_tga_loader_from_stream
                0x06017cbc                __jo_tga_any_loader
                0x06017d10                jo_tga_8bits_loader
                0x06017d2c                jo_tga_loader
                0x06017d48                jo_tga_8bits_tileset_loader
                0x06017f34                jo_sprite_add_tga_tileset
                0x06018128                jo_sprite_add_tga_from_stream
                0x0601817c                jo_sprite_add_tga
 .text          0x06018208      0x620 D:/joengine-master/jo_engine/3d.o
                0x0601825e                jo_3d_init
                0x0601828c                jo_3d_create_triangle
                0x060182cc                jo_3d_create_plane
                0x0601830c                jo_3d_create_mesh_from_vertices_and_normals
                0x060183fc                jo_3d_free_mesh
                0x06018420                jo_3d_create_cube
                0x0601847c                jo_3d_set_mesh_polygon_transparency
                0x0601849c                jo_3d_set_mesh_transparency
                0x060184d4                jo_3d_set_mesh_polygon_screen_doors
                0x060184fa                jo_3d_set_mesh_polygon_high_speed_shrink
                0x06018520                jo_3d_set_mesh_high_speed_shrink
                0x06018558                jo_3d_set_mesh_screen_doors
                0x06018590                jo_3d_set_mesh_polygon_light
                0x060185ae                jo_3d_set_mesh_light
                0x060185e4                jo_3d_set_mesh_polygon_texture
                0x06018650                jo_3d_set_mesh_texture
                0x06018688                jo_3d_set_mesh_polygon_wireframe
                0x060186aa                jo_3d_set_mesh_polygon_color_ex
                0x060186fa                jo_3d_set_mesh_color
                0x06018734                jo_3d_free_sprite_quad
                0x06018760                jo_3d_create_sprite_quad
 .text          0x06018828      0x5a4 D:/joengine-master/jo_engine/fs.o
                0x0601887e                jo_fs_init
                0x060188c8                jo_fs_do_background_jobs
                0x0601895c                jo_fs_read_file_async_ptr
                0x06018a58                jo_fs_cd
                0x06018a98                jo_fs_read_file_ptr
                0x06018b78                jo_fs_read_file_in_dir
                0x06018bc0                jo_fs_open
                0x06018c3c                jo_fs_seek_forward
                0x06018cfc                jo_fs_read_next_bytes
                0x06018d9c                jo_fs_close
                0x06018dbc                jo_fs_set_read_sector_count
 .text          0x06018dcc       0xec D:/joengine-master/jo_engine/slave.o
                0x06018e3a                jo_core_add_slave_callback
                0x06018e60                jo_core_remove_slave_callback
                0x06018e74                jo_core_slave_init
                0x06018e84                jo_core_wait_for_slave
                0x06018ea4                jo_core_exec_on_slave
 .text          0x06018eb8      0x3f4 D:/joengine-master/jo_engine/font.o
                0x06018f0e                jo_font_load
                0x060190d0                jo_font_print
                0x060191a8                jo_font_print_centered
 .text          0x060192ac      0x1bc D:/joengine-master/jo_engine/input.o
                0x06019302                jo_get_inputs_vblank
                0x06019348                jo_get_input_type
                0x060193b0                jo_get_input_count
                0x060193e0                jo_get_input_axis
 .text          0x06019468        0x0 D:/joengine-master/jo_engine/physics.o
 .text          0x06019468      0x450 D:/joengine-master/jo_engine/core.o
                0x060194fe                __jo_core_set_screens_order
                0x060195c4                jo_core_add_vblank_callback
                0x06019604                jo_core_init
                0x06019794                jo_core_remove_vblank_callback
                0x060197c4                jo_core_add_callback
                0x060197e8                jo_core_remove_callback
                0x060197fc                jo_goto_boot_menu
                0x06019808                jo_core_set_restart_game_callback
                0x06019814                jo_core_run
 .text          0x060198b8      0x9c0 D:/joengine-master/jo_engine/math.o
                0x0601990e                jo_fixed_mult
                0x06019920                jo_fixed_dot
                0x06019938                jo_fixed_pow
                0x06019974                jo_fixed_div
                0x0601999c                jo_fixed_sin
                0x060199f8                jo_fixed_cos
                0x06019a54                jo_gcd
                0x06019a6a                jo_atan2f_rad
                0x06019c04                jo_planar_rotate
                0x06019ce4                jo_random
                0x06019d5c                jo_vector_fixed_compute_bezier_point
                0x06019eec                jo_vectorf_compute_bezier_point
                0x0601a03c                jo_fixed_sqrt
                0x0601a0c8                jo_sqrt
                0x0601a0fe                jo_fixed_rsqrt
                0x0601a208                jo_rsqrt
 .text          0x0601a278      0x1a0 D:/joengine-master/jo_engine/malloc.o
                0x0601a2ce                jo_add_memory_zone
                0x0601a30c                jo_malloc_with_behaviour
                0x0601a3a4                jo_reduce_memory_fragmentation
                0x0601a3f0                jo_free
 .text          0x0601a418      0x258 D:/joengine-master/jo_engine/tools.o
                0x0601a46e                jo_getdate
                0x0601a4d8                jo_get_current_language
                0x0601a4fc                jo_tools_atoi
                0x0601a526                jo_strlen
                0x0601a536                jo_endwith
                0x0601a588                jo_strcmp
                0x0601a5b4                jo_memset
                0x0601a61e                jo_map_to_vram
 .text          0x0601a670       0xa4 D:/joengine-master/jo_engine/palette.o
                0x0601a6c6                jo_create_palette
                0x0601a6ec                jo_set_palette_register
                0x0601a700                jo_get_palette_register
 .text          0x0601a714      0x7a8 D:/joengine-master/jo_engine/sprites.o
                0x0601a852                jo_sprite_usage_percent
                0x0601a8d8                jo_get_last_sprite_id
                0x0601a8e4                jo_sprite_init
                0x0601a908                jo_sprite_name2id
                0x0601a94c                jo_sprite_replace
                0x0601a9e0                jo_sprite_add
                0x0601a9f4                jo_sprite_add_8bits_image
                0x0601aa08                jo_sprite_free_from
                0x0601aaac                jo_set_gouraud_shading_colors
                0x0601aad4                jo_set_gouraud_shading_brightness
                0x0601ab00                jo_sprite_draw_4p_fixed
                0x0601ac18                jo_sprite_draw
                0x0601ad2c                jo_sprite_draw_rotate
                0x0601ae88                jo_sprite_set_clipping_area
 .text          0x0601aebc      0x910 D:/joengine-master/jo_engine/map.o
                0x0601afd6                jo_map_per_pixel_vertical_collision
                0x0601b164                jo_map_hitbox_detection_custom_boundaries
                0x0601b1d4                jo_map_create
                0x0601b220                jo_map_add_tile
                0x0601b244                jo_map_add_animated_tile
                0x0601b268                jo_map_draw_background
                0x0601b2ec                jo_map_3d_draw
                0x0601b3fc                jo_map_draw
                0x0601b4d0                jo_map_free
                0x0601b4e8                jo_map_load_from_file
                0x0601b75c                jo_map_move_tiles_by_attribute
 .text          0x0601b7cc      0x15c D:/joengine-master/jo_engine/list.o
                0x0601b822                jo_list_init
                0x0601b830                jo_list_add
                0x0601b874                jo_list_insert_at
                0x0601b8e4                jo_list_remove
 .text          0x0601b928      0x254 D:/joengine-master/jo_engine/sprite_animator.o
                0x0601b9e2                jo_replace_sprite_anim
                0x0601ba44                jo_create_sprite_anim
                0x0601bac0                jo_remove_sprite_anim
                0x0601bb4c                jo_clear_all_sprite_anim
 .text          0x0601bb7c      0x4ac D:/joengine-master/jo_engine/image.o
                0x0601bbd2                __jo_bin_load
                0x0601bc18                jo_free_img
                0x0601bc34                jo_bin_loader_from_stream
                0x0601bcc4                jo_bin_loader
                0x0601bd34                jo_replace_color
                0x0601bd62                jo_sprite_add_bin_tileset
                0x0601be60                jo_sprite_add_bin
                0x0601bed4                jo_sprite_add_bin_from_stream
                0x0601bf14                jo_sprite_add_image_pack
 .text          0x0601c028      0xfd0 D:/joengine-master/jo_engine/vdp2.o
                0x0601c0de                jo_set_default_background_color
                0x0601c114                __jo_init_vdp2
                0x0601c170                jo_img_to_vdp2_cells
                0x0601c1ec                jo_vdp2_replace_rbg0_plane_a_8bits_image
                0x0601c200                jo_vdp2_replace_rbg0_plane_b_8bits_image
                0x0601c214                jo_vdp2_set_rbg0_plane_a_8bits_image
                0x0601c2d8                jo_vdp2_set_rbg0_plane_b_8bits_image
                0x0601c39c                jo_vdp2_enable_rbg0
                0x0601c468                jo_vdp2_disable_rbg0
                0x0601c4c4                jo_vdp2_set_nbg0_8bits_image
                0x0601c5d0                jo_vdp2_disable_nbg0_line_scroll
                0x0601c5f4                jo_vdp2_compute_nbg0_line_scroll
                0x0601c60c                jo_vdp2_enable_nbg0_line_scroll
                0x0601c668                jo_vdp2_draw_bitmap_nbg1_line
                0x0601c704                jo_vdp2_clear_bitmap_nbg1
                0x0601c770                jo_vdp2_set_nbg1_8bits_image
                0x0601c860                jo_vdp2_set_nbg1_image
                0x0601ca54                jo_vdp2_disable_nbg1_line_scroll
                0x0601ca78                jo_vdp2_compute_nbg1_line_scroll
                0x0601ca90                jo_vdp2_enable_nbg1_line_scroll
                0x0601caec                jo_nbg2_clear
                0x0601cb18                __jo_set_nbg2_8bits_image
                0x0601cbbc                jo_nbg2_print
                0x0601cc18                jo_vdp2_set_nbg2_8bits_font
                0x0601cc88                jo_vdp2_set_nbg2_8bits_image
                0x0601ccf4                jo_nbg3_clear
                0x0601cd20                __jo_set_nbg3_8bits_image
                0x0601cdc4                jo_nbg3_print
                0x0601ce20                jo_vdp2_set_nbg3_8bits_font
                0x0601ce90                jo_vdp2_set_nbg3_8bits_image
                0x0601cefc                jo_set_displayed_screens
                0x0601cf0c                jo_disable_all_screens_transparency
                0x0601cf30                jo_enable_screen_transparency
 .text          0x0601cff8      0x26c D:/joengine-master/jo_engine/time.o
                0x0601d04e                jo_time_init
                0x0601d078                jo_get_ticks
                0x0601d158                jo_fixed_point_time
 .text          0x0601d264       0x56 D:/joengine-master/jo_engine/vdp1_command_pipeline.o
 *fill*         0x0601d2ba        0x2 
 .text          0x0601d2bc      0x258 D:/joengine-master/jo_engine/vdp2_malloc.o
                0x0601d312                jo_vdp2_malloc_init
                0x0601d348                jo_vdp2_free
                0x0601d3ec                jo_vdp2_malloc
 *fill*         0x0601d514        0xc 
 .text          0x0601d520      0x238 D:/joengine-master/Compiler/COMMON/SGL_302j/LIB_ELF/SEGA_SYS.A(sys_exit.o)
                0x0601d520                sys_version
                0x0601d540                SYS_Exit
 *fill*         0x0601d758        0x8 
 .text          0x0601d760        0x6 D:/joengine-master/Compiler/COMMON/SGL_302j/LIB_ELF/SEGA_SYS.A(sys_sub.o)
                0x0601d760                SYSUB_SetStackptr
 *fill*         0x0601d766        0xa 
 .text          0x0601d770      0x3a0 D:/joengine-master/Compiler/COMMON/SGL_302j/LIB_ELF/LIBCD.A(CDC_CMN.O)
                0x0601d770                CDC_GetCurStat
                0x0601d7c0                CDC_GetLastStat
                0x0601d7d8                CDC_GetPeriStat
                0x0601d8ac                CDC_GetHwInfo
                0x0601d914                CDC_TgetToc
                0x0601d964                CDC_GetSes
                0x0601d9a0                CDC_CdInit
                0x0601da24                CDC_CdOpen
                0x0601da4c                CDC_DataReady
                0x0601dab8                CDC_DataEnd
 .text          0x0601db10      0x130 D:/joengine-master/Compiler/COMMON/SGL_302j/LIB_ELF/LIBCD.A(CDC_DRV.O)
                0x0601db10                CDC_CdPlay
                0x0601dbdc                CDC_CdSeek
                0x0601dc10                CDC_CdScan
 .text          0x0601dc40      0x194 D:/joengine-master/Compiler/COMMON/SGL_302j/LIB_ELF/LIBCD.A(CDC_CFS.O)
                0x0601dc40                CDC_ChgDir
                0x0601dc74                CDC_ReadDir
                0x0601dca8                CDC_GetFileScope
                0x0601dd08                CDC_TgetFileInfo
                0x0601dd64                CDC_ReadFile
                0x0601dd98                CDC_AbortFile
 *fill*         0x0601ddd4        0xc 
 .text          0x0601dde0      0x2dc D:/joengine-master/Compiler/COMMON/SGL_302j/LIB_ELF/LIBCD.A(CDC_REG.O)
                0x0601dde0                CDC_GetDataPtr
                0x0601ddf0                CDC_GetHirqReq
                0x0601de04                CDC_ClrHirqReq
                0x0601de34                CDREG_ClrHirqReq
                0x0601de44                CDREG_InitHirqReq
                0x0601de6c                CDREG_SetHirqFlag
                0x0601de80                CDC_GetHirqMsk
                0x0601de94                CDC_SetHirqMsk
                0x0601dea4                CDC_GetMpegPtr
                0x0601deb4                CDREG_TgetData
                0x0601df10                CDREG_CmdRsp
                0x0601e010                CDREG_WaitHirq
                0x0601e080                CDREG_ReadRsp
 *fill*         0x0601e0bc        0x4 
 .text          0x0601e0c0      0x152 D:/joengine-master/Compiler/COMMON/SGL_302j/LIB_ELF/LIBCD.A(CDC_SUB.O)
                0x0601e0c0                CDSUB_UpdStatus
                0x0601e0d8                CDSUB_UpdCdstat
                0x0601e0f8                CDSUB_CdCmd
                0x0601e168                CDSUB_GetCdstat
                0x0601e1a8                CDSUB_RspToCdstat
                0x0601e1f0                CDSUB_SoftTimer
 *fill*         0x0601e212        0xe 
 .text          0x0601e220     0x1adc D:/joengine-master/Compiler/COMMON/SGL_302j/LIB_ELF/LIBCD.A(GFS.O)
                0x0601e220                gfs_version
                0x0601e240                GFS_Init
                0x0601e328                GFS_LoadDir
                0x0601e3d0                GFS_SetDir
                0x0601e438                GFS_NameToId
                0x0601e49c                GFS_IdToName
                0x0601e508                GFS_GetDirInfo
                0x0601e578                GFS_Reset
                0x0601e5fc                GFS_Open
                0x0601e6b0                GFS_Close
                0x0601e6e8                GFS_Seek
                0x0601e79c                GFS_Tell
                0x0601e7ec                GFS_IsEof
                0x0601e840                GFS_ByteToSct
                0x0601e89c                GFS_GetFileSize
                0x0601e8f8                GFS_GetFileInfo
                0x0601e96c                GFS_GetNumCdbuf
                0x0601e994                GFS_Load
                0x0601ea58                GFS_Fread
                0x0601eaf4                gfs_waitRead
                0x0601eb9c                GFS_NwFread
                0x0601eca8                GFS_NwCdRead
                0x0601ed20                GFS_NwIsComplete
                0x0601ed58                GFS_NwStop
                0x0601edc4                GFS_NwGetStat
                0x0601ee40                gfs_recovRdErr
                0x0601ee70                GFS_NwExecOne
                0x0601ef30                GFS_NwExecServer
                0x0601efac                GFS_SetGmode
                0x0601f010                GFS_SetTmode
                0x0601f07c                GFS_SetReadPara
                0x0601f0e0                GFS_SetTransPara
                0x0601f14c                GFS_SetTrFunc
                0x0601f1b0                GFS_StartTrans
                0x0601f1fc                GFS_CdMovePickup
                0x0601f268                GFS_SetErrFunc
                0x0601f294                GFS_GetErrStat
                0x0601f2b8                GFS_ConvTno
                0x0601f2e0                gfs_chgRoot
                0x0601f3ac                gfs_aborttrans
                0x0601f3b8                gfs_mngSetupFuncTbl
                0x0601f3ec                gfs_mngInitWork
                0x0601f490                gfs_mngGetNumFile
                0x0601f4f8                GFS_mngAllocGrp
                0x0601f540                gfs_mngFreeGrp
                0x0601f54c                gfs_mngTermAccess
                0x0601f5d0                gfs_mngSetErrCode
                0x0601f650                gfs_svrSearchHndl
                0x0601f690                gfs_svrAddHndl
                0x0601f6cc                gfs_svrRemoveHndl
                0x0601f728                GFS_OpenSub
                0x0601f780                gfs_loadVol
                0x0601f844                gfs_getRootDir
                0x0601f940                gfs_loadRootDir
                0x0601f9c8                gfs_flowIn
                0x0601fa70                gfs_transData
                0x0601fb14                GFS_GetFad
                0x0601fb6c                gfs_SetSct
                0x0601fbac                gfs_GetFinfo
                0x0601fbec                gfs_closeSub
                0x0601fc28                gfs_getGmode
                0x0601fc34                gfs_isTaskDone
                0x0601fc88                gfs_convFinStat
 *fill*         0x0601fcfc        0x4 
 .text          0x0601fd00      0x106 D:/joengine-master/Compiler/COMMON/SGL_302j/LIB_ELF/LIBCD.A(GFS_BUF.O)
                0x0601fd30                GFBF_GetTranData
                0x0601fd58                GFBF_GetNumData
                0x0601fd88                GFBF_GetSrcPk
                0x0601fdb0                GFBF_GetSctData
                0x0601fdd4                GFBF_RtnPk
                0x0601fdfc                gfbf_getSctDt
 *fill*         0x0601fe06        0xa 
 .text          0x0601fe10      0x600 D:/joengine-master/Compiler/COMMON/SGL_302j/LIB_ELF/LIBCD.A(GFS_CDB.O)
                0x0601fe10                GFCB_Setup
                0x0601ff30                GFCB_Close
                0x0601ff58                GFCB_GetLenData
                0x06020004                GFCB_GetLenRoom
                0x06020010                GFCB_SetFilt
                0x06020078                GFCB_DeleteAllData
                0x060200a0                GFCB_Tell
                0x060200b0                gfcb_getSctNum
                0x06020100                GFCB_Seek
                0x060201fc                GFCB_GetSrcPack
                0x060202dc                GFCB_GetSctData
                0x06020314                GFCB_GetDstPack
                0x06020320                GFCB_RtnPk
                0x06020368                GFCB_MovePickup
                0x06020384                GFCB_SetCon
                0x060203b8                GFCB_GetPickup
                0x060203e0                GFCB_IsPuOwner
                0x060203f8                GFCB_UngetPickup
 .text          0x06020410     0x1a10 D:/joengine-master/Compiler/COMMON/SGL_302j/LIB_ELF/LIBCD.A(GFS_CDC.O)
                0x06020410                GFCD_SetCdbfs
                0x0602043c                GFCD_Init
                0x06020640                GFCD_AllocFilt
                0x0602067c                GFCD_FreeFilt
                0x060206ac                GFCD_AllocBuf
                0x060206e0                GFCD_FreeBuf
                0x06020784                GFCD_GetBaseFad
                0x060207b8                GFCD_GetPickup
                0x060207ec                GFCD_UngetPickup
                0x06020818                GFCD_IsPuOwner
                0x0602083c                GFCD_SetFilt
                0x06020900                GFCD_GetFilt
                0x06020948                GFCD_SetCon
                0x060209a0                GFCD_Play
                0x06020a00                GFCD_GetLenData
                0x06020a68                GFCD_ReqData
                0x06020ac4                GFCD_EndData
                0x06020b0c                GFCD_DelSctData
                0x06020b64                GFCD_CheckDelSctData
                0x06020b94                GFCD_GetStat
                0x06020c48                GFCD_MovePickup
                0x06020c94                GFCD_MoveSctData
                0x06020d08                GFCD_CheckMove
                0x06020d2c                GFCD_GetSctInfo
                0x06020d74                GFCD_ChgDir
                0x06020de8                GFCD_SetFiltCon
                0x06020ed0                GFCD_GetFileInfo
                0x06020fac                GFCD_GetBufSiz
                0x06020fe4                GFCD_ExecServer
                0x060210b8                gfcd_isIdleTask
                0x06021144                gfcd_doTask
                0x060211f0                GFCD_SetTimer
                0x06021204                GFCD_WaitServer
                0x06021240                gfcd_doSetFiltTsk
                0x06021404                gfcd_doSetConTsk
                0x06021494                gfcd_doGetLenDataTsk
                0x060215e8                gfcd_doReqDataTsk
                0x06021688                gfcd_doDelSctDataTsk
                0x060217bc                gfcd_doMoveSctTsk
                0x06021920                gfcd_doChgDirTsk
                0x06021b1c                gfcd_doSetFiltConTsk
                0x06021c60                gfcd_checkEflag
                0x06021c84                gfcd_initCdbMng
                0x06021d04                gfcd_setStat
                0x06021d30                GFCD_SetCsctFunc
                0x06021d4c                GFCD_ChkScdqFlag
                0x06021d70                GFCD_ClrScdqFlag
                0x06021d8c                GFCD_WaitScdqFlag
                0x06021dd0                GFCD_WaitPause
 .text          0x06021e20      0x8d8 D:/joengine-master/Compiler/COMMON/SGL_302j/LIB_ELF/LIBCD.A(GFS_CDF.O)
                0x06021e20                GFCF_Init
                0x06021ec0                GFCF_Setup
                0x06022008                GFCF_SetSct
                0x0602204c                GFCF_GetFileInfo
                0x060220c0                GFCF_FlowInBuf
                0x06022214                GFCF_StopInBuf
                0x060222b4                GFCF_Recover
                0x060222fc                GFCF_Tell
                0x06022314                GFCF_Seek
                0x0602232c                GFCF_MovePickup
                0x060223c8                GFCF_cnvIntlvOfs
                0x0602241c                GFCF_GetStat
                0x060224b4                gfcf_getSctSize
                0x060224f0                gfcf_isCdOk
                0x060225b0                gfcf_getPlayRange
 *fill*         0x060226f8        0x8 
 .text          0x06022700      0x92c D:/joengine-master/Compiler/COMMON/SGL_302j/LIB_ELF/LIBCD.A(GFS_DIR.O)
                0x06022700                GFDR_SetupDirTbl
                0x06022774                GFDR_NameToId
                0x060227d4                GFDR_GetInfoDirId
                0x060227e8                GFDR_GetInfoDirName
                0x060227fc                GFDR_GetAtrDirId
                0x06022814                GFDR_GetAtrDirName
                0x0602282c                GFDR_ChgRoot
                0x06022844                GFDR_ChgDir
                0x060228b8                gfdr_setupDirIdTbl
                0x0602293c                gfdr_setupDirNameTbl
                0x060229e8                gfdr_open
                0x06022a10                gfdr_read
                0x06022ad0                gfdr_readByte
                0x06022afc                gfdr_readWord
                0x06022b28                gfdr_readWordNB
                0x06022b7c                gfdr_readLongNB
                0x06022bc8                gfdr_readLongNM
                0x06022bf0                gfdr_setNextRec
                0x06022c74                gfdr_readDirEnt
                0x06022ff0                gfdr_setDirrecCd
 *fill*         0x0602302c        0x4 
 .text          0x06023030      0x9c6 D:/joengine-master/Compiler/COMMON/SGL_302j/LIB_ELF/LIBCD.A(GFS_TRN.O)
                0x06023060                GFTR_Setup
                0x060230a4                GFTR_SetMode
                0x060230b8                GFTR_SetUnit
                0x060230c4                GFTR_SetTransPara
                0x060230f8                GFTR_GetTransPara
                0x06023104                GFTR_GetNumTrans
                0x06023110                GFTR_SetTransMax
                0x0602311c                GFTR_Start
                0x06023128                GFTR_Pause
                0x06023134                GFTR_Stop
                0x060231ec                GFTR_Exec
                0x06023270                GFTR_Idle
                0x060232e8                GFTR_ExecSvr
                0x060233f0                gftr_getSrcPack
                0x06023478                gftr_getDstPack
                0x060234d4                gftr_reqScu
                0x060234e0                gftr_execScu
                0x0602357c                gftr_remScu
                0x060235b0                gfdma_canUse
                0x060235bc                gfdma_exec
                0x0602362c                gfdma_getBytecnt
                0x06023664                gftr_reqDma0
                0x0602367c                gftr_execSdma0
                0x060236a0                gftr_remDma0
                0x060236b8                gftr_reqDma1
                0x060236d0                gftr_execSdma1
                0x060236f4                gftr_remDma1
                0x0602370c                gftr_reqCpu
                0x06023718                gftr_execCpu
                0x06023758                gftr_remCpu
                0x06023764                gftr_reqTrn
                0x060237d4                gftr_execTrn
                0x060238ac                gftr_remTrn
                0x06023920                gftr_copyFrac
                0x06023948                GFTR_GetLenData
                0x06023954                GFTR_GetLenRoom
                0x0602396c                GFTR_GetDstPack
                0x060239a0                GFTR_RtnDstPk
                0x060239bc                GFTR_GetData
                0x060239d0                GFTR_SetData
                0x060239e4                GFTR_SetTransFunc
 *fill*         0x060239f6        0xa 
 .text          0x06023a00       0xa8 D:/joengine-master/Compiler/COMMON/SGL_302j/LIB_ELF/LIBCD.A(CDC_DEV.O)
                0x06023a00                CDC_CdSetCon
                0x06023a30                CDC_CdGetCon
                0x06023a6c                CDC_CdGetLastBuf
 *fill*         0x06023aa8        0x8 
 .text          0x06023ab0      0x2b8 D:/joengine-master/Compiler/COMMON/SGL_302j/LIB_ELF/LIBCD.A(CDC_SEL.O)
                0x06023ab0                CDC_SetFiltRange
                0x06023ae4                CDC_GetFiltRange
                0x06023b3c                CDC_SetFiltSubh
                0x06023bac                CDC_GetFiltSubh
                0x06023c28                CDC_SetFiltMode
                0x06023c5c                CDC_GetFiltMode
                0x06023ca0                CDC_SetFiltCon
                0x06023ce0                CDC_GetFiltCon
                0x06023d34                CDC_ResetSelector
 *fill*         0x06023d68        0x8 
 .text          0x06023d70      0x270 D:/joengine-master/Compiler/COMMON/SGL_302j/LIB_ELF/LIBCD.A(CDC_BIF.O)
                0x06023d70                CDC_GetBufSiz
                0x06023dcc                CDC_GetSctNum
                0x06023e10                CDC_CalActSiz
                0x06023e4c                CDC_GetActSiz
                0x06023ecc                CDC_GetSctInfo
                0x06023f4c                CDC_ExeFadSearch
                0x06023f84                CDC_GetFadSearch
 .text          0x06023fe0      0x1e4 D:/joengine-master/Compiler/COMMON/SGL_302j/LIB_ELF/LIBCD.A(CDC_BIO.O)
                0x06023fe0                CDC_SetSctLen
                0x06024014                CDC_GetSctData
                0x06024050                CDC_DelSctData
                0x0602408c                CDC_GetdelSctData
                0x060240c8                CDC_PutSctData
                0x06024100                CDC_CopySctData
                0x06024144                CDC_MoveSctData
                0x06024188                CDC_GetCopyErr
 *fill*         0x060241c4        0xc 
 .text          0x060241d0        0x0 D:/joengine-master/Compiler/COMMON/SGL_302j/LIB_ELF/LIBSGL.A(sglA01.o)
 .text          0x060241d0        0x0 D:/joengine-master/Compiler/COMMON/SGL_302j/LIB_ELF/LIBSGL.A(sglA15.o)
 .text          0x060241d0        0x0 D:/joengine-master/Compiler/COMMON/SGL_302j/LIB_ELF/LIBSGL.A(sglA16.o)
 .text          0x060241d0        0x0 D:/joengine-master/Compiler/COMMON/SGL_302j/LIB_ELF/LIBSGL.A(sglA17.o)
 .text          0x060241d0        0x0 D:/joengine-master/Compiler/COMMON/SGL_302j/LIB_ELF/LIBSGL.A(sglA18.o)
 .text          0x060241d0        0x0 D:/joengine-master/Compiler/COMMON/SGL_302j/LIB_ELF/LIBSGL.A(sglA19.o)
 .text          0x060241d0        0x0 D:/joengine-master/Compiler/COMMON/SGL_302j/LIB_ELF/LIBSGL.A(sglA20.o)
 .text          0x060241d0        0x0 D:/joengine-master/Compiler/COMMON/SGL_302j/LIB_ELF/LIBSGL.A(sglA21.o)
 .text          0x060241d0        0x0 D:/joengine-master/Compiler/COMMON/SGL_302j/LIB_ELF/LIBSGL.A(sglA27.o)
 .text          0x060241d0        0x0 D:/joengine-master/Compiler/COMMON/SGL_302j/LIB_ELF/LIBSGL.A(sglA28.o)
 .text          0x060241d0        0x0 D:/joengine-master/Compiler/COMMON/SGL_302j/LIB_ELF/LIBSGL.A(sglA40.o)
 .text          0x060241d0        0x0 D:/joengine-master/Compiler/COMMON/SGL_302j/LIB_ELF/LIBSGL.A(sglB001.o)
 .text          0x060241d0        0x0 D:/joengine-master/Compiler/COMMON/SGL_302j/LIB_ELF/LIBSGL.A(sglB011.o)
 .text          0x060241d0        0x0 D:/joengine-master/Compiler/COMMON/SGL_302j/LIB_ELF/LIBSGL.A(sglB014.o)
 .text          0x060241d0        0x0 D:/joengine-master/Compiler/COMMON/SGL_302j/LIB_ELF/LIBSGL.A(sglB015.o)
 .text          0x060241d0        0x0 D:/joengine-master/Compiler/COMMON/SGL_302j/LIB_ELF/LIBSGL.A(sglB016.o)
 .text          0x060241d0        0x0 D:/joengine-master/Compiler/COMMON/SGL_302j/LIB_ELF/LIBSGL.A(sglB020.o)
 .text          0x060241d0        0x0 D:/joengine-master/Compiler/COMMON/SGL_302j/LIB_ELF/LIBSGL.A(sglB021.o)
 .text          0x060241d0        0x0 D:/joengine-master/Compiler/COMMON/SGL_302j/LIB_ELF/LIBSGL.A(sglB023.o)
 .text          0x060241d0        0x0 D:/joengine-master/Compiler/COMMON/SGL_302j/LIB_ELF/LIBSGL.A(sglB031.o)
 .text          0x060241d0        0x0 D:/joengine-master/Compiler/COMMON/SGL_302j/LIB_ELF/LIBSGL.A(sglB032.o)
 .text          0x060241d0        0x0 D:/joengine-master/Compiler/COMMON/SGL_302j/LIB_ELF/LIBSGL.A(sglB033.o)
 .text          0x060241d0        0x0 D:/joengine-master/Compiler/COMMON/SGL_302j/LIB_ELF/LIBSGL.A(sglB034.o)
 .text          0x060241d0        0x0 D:/joengine-master/Compiler/COMMON/SGL_302j/LIB_ELF/LIBSGL.A(sglB035.o)
 .text          0x060241d0        0x0 D:/joengine-master/Compiler/COMMON/SGL_302j/LIB_ELF/LIBSGL.A(sglB036.o)
 .text          0x060241d0        0x0 D:/joengine-master/Compiler/COMMON/SGL_302j/LIB_ELF/LIBSGL.A(sglB038.o)
 .text          0x060241d0        0x0 D:/joengine-master/Compiler/COMMON/SGL_302j/LIB_ELF/LIBSGL.A(sglB039.o)
 .text          0x060241d0        0x0 D:/joengine-master/Compiler/COMMON/SGL_302j/LIB_ELF/LIBSGL.A(sglB040.o)
 .text          0x060241d0        0x0 D:/joengine-master/Compiler/COMMON/SGL_302j/LIB_ELF/LIBSGL.A(sglB041.o)
 .text          0x060241d0        0x0 D:/joengine-master/Compiler/COMMON/SGL_302j/LIB_ELF/LIBSGL.A(sglB042.o)
 .text          0x060241d0        0x0 D:/joengine-master/Compiler/COMMON/SGL_302j/LIB_ELF/LIBSGL.A(sglB043.o)
 .text          0x060241d0        0x0 D:/joengine-master/Compiler/COMMON/SGL_302j/LIB_ELF/LIBSGL.A(sglB044.o)
 .text          0x060241d0        0x0 D:/joengine-master/Compiler/COMMON/SGL_302j/LIB_ELF/LIBSGL.A(sglB045.o)
 .text          0x060241d0        0x0 D:/joengine-master/Compiler/COMMON/SGL_302j/LIB_ELF/LIBSGL.A(sglB047.o)
 .text          0x060241d0        0x0 D:/joengine-master/Compiler/COMMON/SGL_302j/LIB_ELF/LIBSGL.A(sglB048.o)
 .text          0x060241d0        0x0 D:/joengine-master/Compiler/COMMON/SGL_302j/LIB_ELF/LIBSGL.A(sglB055.o)
 .text          0x060241d0        0x0 D:/joengine-master/Compiler/COMMON/SGL_302j/LIB_ELF/LIBSGL.A(sglB056.o)
 .text          0x060241d0        0x0 D:/joengine-master/Compiler/COMMON/SGL_302j/LIB_ELF/LIBSGL.A(sglB057.o)
 .text          0x060241d0        0x0 D:/joengine-master/Compiler/COMMON/SGL_302j/LIB_ELF/LIBSGL.A(sglB058.o)
 .text          0x060241d0        0x0 D:/joengine-master/Compiler/COMMON/SGL_302j/LIB_ELF/LIBSGL.A(sglB059.o)
 .text          0x060241d0        0x0 D:/joengine-master/Compiler/COMMON/SGL_302j/LIB_ELF/LIBSGL.A(sglB060.o)
 .text          0x060241d0        0x0 D:/joengine-master/Compiler/COMMON/SGL_302j/LIB_ELF/LIBSGL.A(sglB063.o)
 .text          0x060241d0        0x0 D:/joengine-master/Compiler/COMMON/SGL_302j/LIB_ELF/LIBSGL.A(sglB087.o)
 .text          0x060241d0        0x0 D:/joengine-master/Compiler/COMMON/SGL_302j/LIB_ELF/LIBSGL.A(sglB088.o)
 .text          0x060241d0        0x0 D:/joengine-master/Compiler/COMMON/SGL_302j/LIB_ELF/LIBSGL.A(sglB090.o)
 .text          0x060241d0        0x0 D:/joengine-master/Compiler/COMMON/SGL_302j/LIB_ELF/LIBSGL.A(sglB200.o)
 .text          0x060241d0        0x0 D:/joengine-master/Compiler/COMMON/SGL_302j/LIB_ELF/LIBSGL.A(sglC01.o)
 .text          0x060241d0        0x0 D:/joengine-master/Compiler/COMMON/SGL_302j/LIB_ELF/LIBSGL.A(sglC03.o)
 .text          0x060241d0        0x0 D:/joengine-master/Compiler/COMMON/SGL_302j/LIB_ELF/LIBSGL.A(sglC04.o)
 .text          0x060241d0        0x0 D:/joengine-master/Compiler/COMMON/SGL_302j/LIB_ELF/LIBSGL.A(sglC05.o)
 .text          0x060241d0        0x0 D:/joengine-master/Compiler/COMMON/SGL_302j/LIB_ELF/LIBSGL.A(sglC06.o)
 .text          0x060241d0        0x0 D:/joengine-master/Compiler/COMMON/SGL_302j/LIB_ELF/LIBSGL.A(sglC07.o)
 .text          0x060241d0        0x0 D:/joengine-master/Compiler/COMMON/SGL_302j/LIB_ELF/LIBSGL.A(sglC08.o)
 .text          0x060241d0        0x0 D:/joengine-master/Compiler/COMMON/SGL_302j/LIB_ELF/LIBSGL.A(sglC14.o)
 .text          0x060241d0        0x0 D:/joengine-master/Compiler/COMMON/SGL_302j/LIB_ELF/LIBSGL.A(sglC16.o)
 .text          0x060241d0        0x0 D:/joengine-master/Compiler/COMMON/SGL_302j/LIB_ELF/LIBSGL.A(sglC17.o)
 .text          0x060241d0        0x0 D:/joengine-master/Compiler/COMMON/SGL_302j/LIB_ELF/LIBSGL.A(sglC19.o)
 .text          0x060241d0        0x0 D:/joengine-master/Compiler/COMMON/SGL_302j/LIB_ELF/LIBSGL.A(sglC20.o)
 .text          0x060241d0        0x0 D:/joengine-master/Compiler/COMMON/SGL_302j/LIB_ELF/LIBSGL.A(sglC21.o)
 .text          0x060241d0        0x0 D:/joengine-master/Compiler/COMMON/SGL_302j/LIB_ELF/LIBSGL.A(sglD00.o)
 .text          0x060241d0        0x0 D:/joengine-master/Compiler/COMMON/SGL_302j/LIB_ELF/LIBSGL.A(sglD01.o)
 .text          0x060241d0        0x0 D:/joengine-master/Compiler/COMMON/SGL_302j/LIB_ELF/LIBSGL.A(sglD02.o)
 .text          0x060241d0        0x0 D:/joengine-master/Compiler/COMMON/SGL_302j/LIB_ELF/LIBSGL.A(sglD03.o)
 .text          0x060241d0        0x0 D:/joengine-master/Compiler/COMMON/SGL_302j/LIB_ELF/LIBSGL.A(sglD15.o)
 .text          0x060241d0        0x0 D:/joengine-master/Compiler/COMMON/SGL_302j/LIB_ELF/LIBSGL.A(sglD16.o)
 .text          0x060241d0        0x0 D:/joengine-master/Compiler/COMMON/SGL_302j/LIB_ELF/LIBSGL.A(sglD17.o)
 .text          0x060241d0        0x0 D:/joengine-master/Compiler/COMMON/SGL_302j/LIB_ELF/LIBSGL.A(sglD18.o)
 .text          0x060241d0        0x0 D:/joengine-master/Compiler/COMMON/SGL_302j/LIB_ELF/LIBSGL.A(sglF08.o)
 .text          0x060241d0        0x0 D:/joengine-master/Compiler/COMMON/SGL_302j/LIB_ELF/LIBSGL.A(sglH00.o)
 .text          0x060241d0        0x0 D:/joengine-master/Compiler/COMMON/SGL_302j/LIB_ELF/LIBSGL.A(sglH01.o)
 .text          0x060241d0        0x0 D:/joengine-master/Compiler/COMMON/SGL_302j/LIB_ELF/LIBSGL.A(sglH02.o)
 .text          0x060241d0        0x0 D:/joengine-master/Compiler/COMMON/SGL_302j/LIB_ELF/LIBSGL.A(sglH04.o)
 .text          0x060241d0        0x0 D:/joengine-master/Compiler/COMMON/SGL_302j/LIB_ELF/LIBSGL.A(sglI01.o)
 .text          0x060241d0        0x0 D:/joengine-master/Compiler/COMMON/SGL_302j/LIB_ELF/LIBSGL.A(sglI04.o)
 .text          0x060241d0      0x128 D:/joengine-master/Compiler/COMMON/SGL_302j/LIB_ELF/LIBSGL.A(sglIc0.o)
                0x060241d0                slInitSystem
 *fill*         0x060242f8        0x8 
 .text          0x06024300        0x0 D:/joengine-master/Compiler/COMMON/SGL_302j/LIB_ELF/LIBSGL.A(sglJ00.o)
 .text          0x06024300        0x0 D:/joengine-master/Compiler/COMMON/SGL_302j/LIB_ELF/LIBSGL.A(sglJ01.o)
 .text          0x06024300        0x0 D:/joengine-master/Compiler/COMMON/SGL_302j/LIB_ELF/LIBSGL.A(sglJ02.o)
 .text          0x06024300        0x0 D:/joengine-master/Compiler/COMMON/SGL_302j/LIB_ELF/LIBSGL.A(sglJ03.o)
 .text          0x06024300        0x0 D:/joengine-master/Compiler/COMMON/SGL_302j/LIB_ELF/LIBSGL.A(sglJ04.o)
 .text          0x06024300        0x0 D:/joengine-master/Compiler/COMMON/SGL_302j/LIB_ELF/LIBSGL.A(sglJ05.o)
 .text          0x06024300        0x0 D:/joengine-master/Compiler/COMMON/SGL_302j/LIB_ELF/LIBSGL.A(sglK01.o)
 .text          0x06024300        0x0 D:/joengine-master/Compiler/COMMON/SGL_302j/LIB_ELF/LIBSGL.A(sglM00.o)
 .text          0x06024300        0x0 D:/joengine-master/Compiler/COMMON/SGL_302j/LIB_ELF/LIBSGL.A(sglM01.o)
 .text          0x06024300        0x0 D:/joengine-master/Compiler/COMMON/SGL_302j/LIB_ELF/LIBSGL.A(sglA00.o)
 .text          0x06024300        0x0 D:/joengine-master/Compiler/COMMON/SGL_302j/LIB_ELF/LIBSGL.A(sglA03.o)
 .text          0x06024300        0x0 D:/joengine-master/Compiler/COMMON/SGL_302j/LIB_ELF/LIBSGL.A(sglA10.o)
 .text          0x06024300        0x0 D:/joengine-master/Compiler/COMMON/SGL_302j/LIB_ELF/LIBSGL.A(sglA24.o)
 .text          0x06024300        0x0 D:/joengine-master/Compiler/COMMON/SGL_302j/LIB_ELF/LIBSGL.A(sglA25.o)
 .text          0x06024300        0x0 D:/joengine-master/Compiler/COMMON/SGL_302j/LIB_ELF/LIBSGL.A(sglB000.o)
 .text          0x06024300        0x0 D:/joengine-master/Compiler/COMMON/SGL_302j/LIB_ELF/LIBSGL.A(sglC00.o)
 .text          0x06024300        0x0 D:/joengine-master/Compiler/COMMON/SGL_302j/LIB_ELF/LIBSGL.A(sglC13.o)
 .text          0x06024300        0x0 D:/joengine-master/Compiler/COMMON/SGL_302j/LIB_ELF/LIBSGL.A(sglD19.o)
 .text          0x06024300        0x0 D:/joengine-master/Compiler/COMMON/SGL_302j/LIB_ELF/LIBSGL.A(sglI00.o)
 .text          0x06024300        0x0 D:/joengine-master/Compiler/COMMON/SGL_302j/LIB_ELF/LIBSGL.A(sglH03.o)
 .text          0x06024300       0x52 d:/joengine-master/compiler/windows/bin/../lib/gcc/sh-elf/9.3.0\libgcc.a(_ashiftrt.o)
                0x06024300                __ashiftrt_r4_31
                0x06024300                __ashiftrt_r4_32
                0x06024306                __ashiftrt_r4_30
                0x06024308                __ashiftrt_r4_29
                0x0602430a                __ashiftrt_r4_28
                0x0602430c                __ashiftrt_r4_27
                0x0602430e                __ashiftrt_r4_26
                0x06024310                __ashiftrt_r4_25
                0x06024312                __ashiftrt_r4_24
                0x0602431a                __ashiftrt_r4_23
                0x0602431c                __ashiftrt_r4_22
                0x0602431e                __ashiftrt_r4_21
                0x06024320                __ashiftrt_r4_20
                0x06024322                __ashiftrt_r4_19
                0x06024324                __ashiftrt_r4_18
                0x06024326                __ashiftrt_r4_17
                0x06024328                __ashiftrt_r4_16
                0x0602432e                __ashiftrt_r4_15
                0x06024330                __ashiftrt_r4_14
                0x06024332                __ashiftrt_r4_13
                0x06024334                __ashiftrt_r4_12
                0x06024336                __ashiftrt_r4_11
                0x06024338                __ashiftrt_r4_10
                0x0602433a                __ashiftrt_r4_9
                0x0602433c                __ashiftrt_r4_8
                0x0602433e                __ashiftrt_r4_7
                0x06024340                __ashiftrt_r4_6
                0x06024342                __ashiftrt_r4_5
                0x06024344                __ashiftrt_r4_4
                0x06024346                __ashiftrt_r4_3
                0x06024348                __ashiftrt_r4_2
                0x0602434a                __ashiftrt_r4_1
                0x0602434e                __ashiftrt_r4_0
 *fill*         0x06024352        0x2 
 .text          0x06024354       0x80 d:/joengine-master/compiler/windows/bin/../lib/gcc/sh-elf/9.3.0\libgcc.a(_ashiftrt_n.o)
                0x06024354                __ashrsi3
 .text          0x060243d4       0xbc d:/joengine-master/compiler/windows/bin/../lib/gcc/sh-elf/9.3.0\libgcc.a(_ashiftlt.o)
                0x060243d4                __ashlsi3
                0x060243d8                __ashlsi3_r0
 .text          0x06024490       0xbc d:/joengine-master/compiler/windows/bin/../lib/gcc/sh-elf/9.3.0\libgcc.a(_lshiftrt.o)
                0x06024490                __lshrsi3
                0x06024494                __lshrsi3_r0
 .text          0x0602454c       0x78 d:/joengine-master/compiler/windows/bin/../lib/gcc/sh-elf/9.3.0\libgcc.a(_movmem.o)
                0x0602454c                __movmem
                0x0602454c                __movstr
                0x06024580                __movstrSI64
                0x06024580                __movmemSI64
                0x06024584                __movstrSI60
                0x06024584                __movmemSI60
                0x06024588                __movstrSI56
                0x06024588                __movmemSI56
                0x0602458c                __movstrSI52
                0x0602458c                __movmemSI52
                0x06024590                __movstrSI48
                0x06024590                __movmemSI48
                0x06024594                __movmemSI44
                0x06024594                __movstrSI44
                0x06024598                __movstrSI40
                0x06024598                __movmemSI40
                0x0602459c                __movmemSI36
                0x0602459c                __movstrSI36
                0x060245a0                __movmemSI32
                0x060245a0                __movstrSI32
                0x060245a4                __movstrSI28
                0x060245a4                __movmemSI28
                0x060245a8                __movmemSI24
                0x060245a8                __movstrSI24
                0x060245ac                __movstrSI20
                0x060245ac                __movmemSI20
                0x060245b0                __movstrSI16
                0x060245b0                __movmemSI16
                0x060245b4                __movstrSI12
                0x060245b4                __movmemSI12
                0x060245b8                __movmemSI8
                0x060245b8                __movstrSI8
                0x060245bc                __movmemSI4
                0x060245bc                __movstrSI4
 .text          0x060245c4       0xa0 d:/joengine-master/compiler/windows/bin/../lib/gcc/sh-elf/9.3.0\libgcc.a(_sdivsi3.o)
                0x060245c4                __sdivsi3
 .text          0x06024664       0x6c d:/joengine-master/compiler/windows/bin/../lib/gcc/sh-elf/9.3.0\libgcc.a(_udivsi3.o)
                0x06024686                __udivsi3
 .text          0x060246d0      0x21c d:/joengine-master/compiler/windows/bin/../lib/gcc/sh-elf/9.3.0\libgcc.a(_addsub_sf.o)
                0x06024850                __addsf3
                0x0602489c                __subsf3
 .text          0x060248ec      0x134 d:/joengine-master/compiler/windows/bin/../lib/gcc/sh-elf/9.3.0\libgcc.a(_mul_sf.o)
                0x060248ec                __mulsf3
 .text          0x06024a20       0xdc d:/joengine-master/compiler/windows/bin/../lib/gcc/sh-elf/9.3.0\libgcc.a(_div_sf.o)
                0x06024a20                __divsf3
 .text          0x06024afc       0x54 d:/joengine-master/compiler/windows/bin/../lib/gcc/sh-elf/9.3.0\libgcc.a(_eq_sf.o)
                0x06024afc                __eqsf2
 .text          0x06024b50       0x54 d:/joengine-master/compiler/windows/bin/../lib/gcc/sh-elf/9.3.0\libgcc.a(_ne_sf.o)
                0x06024b50                __nesf2
 .text          0x06024ba4       0x54 d:/joengine-master/compiler/windows/bin/../lib/gcc/sh-elf/9.3.0\libgcc.a(_gt_sf.o)
                0x06024ba4                __gtsf2
 .text          0x06024bf8       0x54 d:/joengine-master/compiler/windows/bin/../lib/gcc/sh-elf/9.3.0\libgcc.a(_ge_sf.o)
                0x06024bf8                __gesf2
 .text          0x06024c4c       0x54 d:/joengine-master/compiler/windows/bin/../lib/gcc/sh-elf/9.3.0\libgcc.a(_lt_sf.o)
                0x06024c4c                __ltsf2
 .text          0x06024ca0       0x54 d:/joengine-master/compiler/windows/bin/../lib/gcc/sh-elf/9.3.0\libgcc.a(_le_sf.o)
                0x06024ca0                __lesf2
 .text          0x06024cf4       0x84 d:/joengine-master/compiler/windows/bin/../lib/gcc/sh-elf/9.3.0\libgcc.a(_si_to_sf.o)
                0x06024cf4                __floatsisf
 .text          0x06024d78       0x70 d:/joengine-master/compiler/windows/bin/../lib/gcc/sh-elf/9.3.0\libgcc.a(_sf_to_si.o)
                0x06024d78                __fixsfsi
 .text          0x06024de8       0x3c d:/joengine-master/compiler/windows/bin/../lib/gcc/sh-elf/9.3.0\libgcc.a(_sf_to_df.o)
                0x06024de8                __extendsfdf2
 .text          0x06024e24        0x0 d:/joengine-master/compiler/windows/bin/../lib/gcc/sh-elf/9.3.0\libgcc.a(_thenan_sf.o)
 .text          0x06024e24       0x94 d:/joengine-master/compiler/windows/bin/../lib/gcc/sh-elf/9.3.0\libgcc.a(_usi_to_sf.o)
                0x06024e24                __floatunsisf
 .text          0x06024eb8      0x3e0 d:/joengine-master/compiler/windows/bin/../lib/gcc/sh-elf/9.3.0\libgcc.a(_addsub_df.o)
                0x060251f4                __adddf3
                0x06025244                __subdf3
 .text          0x06025298      0x208 d:/joengine-master/compiler/windows/bin/../lib/gcc/sh-elf/9.3.0\libgcc.a(_mul_df.o)
                0x06025298                __muldf3
 .text          0x060254a0       0xa8 d:/joengine-master/compiler/windows/bin/../lib/gcc/sh-elf/9.3.0\libgcc.a(_si_to_df.o)
                0x060254a0                __floatsidf
 .text          0x06025548       0xa0 d:/joengine-master/compiler/windows/bin/../lib/gcc/sh-elf/9.3.0\libgcc.a(_df_to_si.o)
                0x06025548                __fixdfsi
 .text          0x060255e8       0x28 d:/joengine-master/compiler/windows/bin/../lib/gcc/sh-elf/9.3.0\libgcc.a(_make_df.o)
                0x060255e8                __make_dp
 .text          0x06025610       0x4c d:/joengine-master/compiler/windows/bin/../lib/gcc/sh-elf/9.3.0\libgcc.a(_df_to_sf.o)
                0x06025610                __truncdfsf2
 .text          0x0602565c        0x0 d:/joengine-master/compiler/windows/bin/../lib/gcc/sh-elf/9.3.0\libgcc.a(_thenan_df.o)
 .text          0x0602565c       0x54 d:/joengine-master/compiler/windows/bin/../lib/gcc/sh-elf/9.3.0\libgcc.a(_clzsi2.o)
                0x0602565c                __clzsi2
 .text          0x060256b0      0x11c d:/joengine-master/compiler/windows/bin/../lib/gcc/sh-elf/9.3.0\libgcc.a(_pack_sf.o)
                0x060256b0                __pack_f
 .text          0x060257cc       0xa0 d:/joengine-master/compiler/windows/bin/../lib/gcc/sh-elf/9.3.0\libgcc.a(_unpack_sf.o)
                0x060257cc                __unpack_f
 .text          0x0602586c       0xac d:/joengine-master/compiler/windows/bin/../lib/gcc/sh-elf/9.3.0\libgcc.a(_fpcmp_parts_sf.o)
                0x0602586c                __fpcmp_parts_f
 .text          0x06025918       0x20 d:/joengine-master/compiler/windows/bin/../lib/gcc/sh-elf/9.3.0\libgcc.a(_make_sf.o)
                0x06025918                __make_fp
 .text          0x06025938      0x274 d:/joengine-master/compiler/windows/bin/../lib/gcc/sh-elf/9.3.0\libgcc.a(_pack_df.o)
                0x06025938                __pack_d
 .text          0x06025bac       0xcc d:/joengine-master/compiler/windows/bin/../lib/gcc/sh-elf/9.3.0\libgcc.a(_unpack_df.o)
                0x06025bac                __unpack_d
 .text          0x06025c78        0x0 d:/joengine-master/compiler/windows/bin/../lib/gcc/sh-elf/9.3.0\libgcc.a(_clz.o)
 .text          0x06025c78        0x0 d:/joengine-master/compiler/windows/bin/../lib/gcc/sh-elf/9.3.0/../../../../sh-elf/lib\libc.a(lib_a-impure.o)
 .text          0x06025c78       0x1e d:/joengine-master/compiler/windows/bin/../lib/gcc/sh-elf/9.3.0/../../../../sh-elf/lib\libc.a(lib_a-memcmp.o)
                0x06025c78                memcmp
 *fill*         0x06025c96        0x2 
 .text          0x06025c98       0x94 d:/joengine-master/compiler/windows/bin/../lib/gcc/sh-elf/9.3.0/../../../../sh-elf/lib\libc.a(lib_a-memcpy.o)
                0x06025c98                memcpy
 .text          0x06025d2c       0x40 d:/joengine-master/compiler/windows/bin/../lib/gcc/sh-elf/9.3.0/../../../../sh-elf/lib\libc.a(lib_a-memset.o)
                0x06025d2c                memset
 .text          0x06025d6c       0x58 d:/joengine-master/compiler/windows/bin/../lib/gcc/sh-elf/9.3.0/../../../../sh-elf/lib\libc.a(lib_a-rand.o)
                0x06025d6c                srand
                0x06025d80                rand
 .text          0x06025dc4       0x60 d:/joengine-master/compiler/windows/bin/../lib/gcc/sh-elf/9.3.0/../../../../sh-elf/lib\libc.a(lib_a-rget.o)
                0x06025dc4                __srget_r
                0x06025e10                __srget
 .text          0x06025e24       0x8c d:/joengine-master/compiler/windows/bin/../lib/gcc/sh-elf/9.3.0/../../../../sh-elf/lib\libc.a(lib_a-sprintf.o)
                0x06025e24                _siprintf_r
                0x06025e24                _sprintf_r
                0x06025e64                siprintf
                0x06025e64                sprintf
 .text          0x06025eb0       0x20 d:/joengine-master/compiler/windows/bin/../lib/gcc/sh-elf/9.3.0/../../../../sh-elf/lib\libc.a(lib_a-strcat.o)
                0x06025eb0                strcat
 .text          0x06025ed0       0x38 d:/joengine-master/compiler/windows/bin/../lib/gcc/sh-elf/9.3.0/../../../../sh-elf/lib\libc.a(lib_a-strcmp.o)
                0x06025ed0                strcmp
 .text          0x06025f08       0x3c d:/joengine-master/compiler/windows/bin/../lib/gcc/sh-elf/9.3.0/../../../../sh-elf/lib\libc.a(lib_a-strcpy.o)
                0x06025f08                strcpy
 .text          0x06025f44       0x20 d:/joengine-master/compiler/windows/bin/../lib/gcc/sh-elf/9.3.0/../../../../sh-elf/lib\libc.a(lib_a-strlen.o)
                0x06025f44                strlen
 .text          0x06025f64       0x2a d:/joengine-master/compiler/windows/bin/../lib/gcc/sh-elf/9.3.0/../../../../sh-elf/lib\libc.a(lib_a-strncmp.o)
                0x06025f64                strncmp
 .text          0x06025f8e       0x36 d:/joengine-master/compiler/windows/bin/../lib/gcc/sh-elf/9.3.0/../../../../sh-elf/lib\libc.a(lib_a-strncpy.o)
                0x06025f8e                strncpy
 .text          0x06025fc4       0x36 d:/joengine-master/compiler/windows/bin/../lib/gcc/sh-elf/9.3.0/../../../../sh-elf/lib\libc.a(lib_a-strstr.o)
                0x06025fc4                strstr
 *fill*         0x06025ffa        0x2 
 .text          0x06025ffc       0xdc d:/joengine-master/compiler/windows/bin/../lib/gcc/sh-elf/9.3.0/../../../../sh-elf/lib\libc.a(lib_a-wbuf.o)
                0x06025ffc                __swbuf_r
                0x060260c4                __swbuf
 .text          0x060260d8       0xcc d:/joengine-master/compiler/windows/bin/../lib/gcc/sh-elf/9.3.0/../../../../sh-elf/lib\libc.a(lib_a-wsetup.o)
                0x060260d8                __swsetup_r
 .text          0x060261a4      0x1a4 d:/joengine-master/compiler/windows/bin/../lib/gcc/sh-elf/9.3.0/../../../../sh-elf/lib\libc.a(lib_a-fflush.o)
                0x060261a4                __sflush_r
                0x060262e0                _fflush_r
                0x06026320                fflush
 .text          0x06026348      0x1d0 d:/joengine-master/compiler/windows/bin/../lib/gcc/sh-elf/9.3.0/../../../../sh-elf/lib\libc.a(lib_a-findfp.o)
                0x060263a0                _cleanup_r
                0x060263b0                __sfmoreglue
                0x060263fc                _cleanup
                0x06026410                __sinit
                0x06026464                __sfp
 .text          0x06026518       0xb0 d:/joengine-master/compiler/windows/bin/../lib/gcc/sh-elf/9.3.0/../../../../sh-elf/lib\libc.a(lib_a-fwalk.o)
                0x06026518                _fwalk
                0x0602656c                _fwalk_reent
 .text          0x060265c8      0x108 d:/joengine-master/compiler/windows/bin/../lib/gcc/sh-elf/9.3.0/../../../../sh-elf/lib\libc.a(lib_a-makebuf.o)
                0x060265c8                __swhatbuf_r
                0x06026624                __smakebuf_r
 .text          0x060266d0      0x444 d:/joengine-master/compiler/windows/bin/../lib/gcc/sh-elf/9.3.0/../../../../sh-elf/lib\libc.a(lib_a-nano-svfprintf.o)
                0x060266d0                __ssputs_r
                0x060267c4                __ssprint_r
                0x060268f8                _svfprintf_r
                0x060268f8                _svfiprintf_r
 .text          0x06026b14      0x380 d:/joengine-master/compiler/windows/bin/../lib/gcc/sh-elf/9.3.0/../../../../sh-elf/lib\libc.a(lib_a-nano-vfprintf_i.o)
                0x06026b14                _printf_common
                0x06026c14                _printf_i
 .text          0x06026e94      0x150 d:/joengine-master/compiler/windows/bin/../lib/gcc/sh-elf/9.3.0/../../../../sh-elf/lib\libc.a(lib_a-refill.o)
                0x06026eac                __srefill_r
 .text          0x06026fe4       0xe0 d:/joengine-master/compiler/windows/bin/../lib/gcc/sh-elf/9.3.0/../../../../sh-elf/lib\libc.a(lib_a-stdio.o)
                0x06026fe4                __sread
                0x06027020                __seofread
                0x06027024                __swrite
                0x06027074                __sseek
                0x060270b4                __sclose
 .text          0x060270c4       0x34 d:/joengine-master/compiler/windows/bin/../lib/gcc/sh-elf/9.3.0/../../../../sh-elf/lib\libc.a(lib_a-writer.o)
                0x060270c4                _write_r
 .text          0x060270f8       0x30 d:/joengine-master/compiler/windows/bin/../lib/gcc/sh-elf/9.3.0/../../../../sh-elf/lib\libc.a(lib_a-closer.o)
                0x060270f8                _close_r
 .text          0x06027128       0x34 d:/joengine-master/compiler/windows/bin/../lib/gcc/sh-elf/9.3.0/../../../../sh-elf/lib\libc.a(lib_a-fstatr.o)
                0x06027128                _fstat_r
 .text          0x0602715c       0x30 d:/joengine-master/compiler/windows/bin/../lib/gcc/sh-elf/9.3.0/../../../../sh-elf/lib\libc.a(lib_a-isattyr.o)
                0x0602715c                _isatty_r
 .text          0x0602718c       0x34 d:/joengine-master/compiler/windows/bin/../lib/gcc/sh-elf/9.3.0/../../../../sh-elf/lib\libc.a(lib_a-lseekr.o)
                0x0602718c                _lseek_r
 .text          0x060271c0       0x1c d:/joengine-master/compiler/windows/bin/../lib/gcc/sh-elf/9.3.0/../../../../sh-elf/lib\libc.a(lib_a-memchr.o)
                0x060271c0                memchr
 .text          0x060271dc       0x3c d:/joengine-master/compiler/windows/bin/../lib/gcc/sh-elf/9.3.0/../../../../sh-elf/lib\libc.a(lib_a-memmove.o)
                0x060271dc                memmove
 .text          0x06027218       0x34 d:/joengine-master/compiler/windows/bin/../lib/gcc/sh-elf/9.3.0/../../../../sh-elf/lib\libc.a(lib_a-readr.o)
                0x06027218                _read_r
 .text          0x0602724c      0x100 d:/joengine-master/compiler/windows/bin/../lib/gcc/sh-elf/9.3.0/../../../../sh-elf/lib\libc.a(lib_a-reent.o)
                0x0602724c                cleanup_glue
                0x06027278                _reclaim_reent
 *(.strings)
 *(SEGA_P)
 *(.eh_frame_hdr)
 *(.eh_frame)
                0x0602734c                __etext = .

.text.startup   0x06027350       0x40
 .text.startup  0x06027350       0x40 D:/joengine-master/jo_engine/core.o
                0x06027350                main

SLPROG          0x060273a0    0x158a0
                0x060273a0                __slprog_start = .
 *(SLPROG)
 SLPROG         0x060273a0     0x6540 D:/joengine-master/Compiler/COMMON/SGL_302j/LIB_ELF/SGLAREA.O
                0x060273a0                MasterStack
                0x060273a4                SlaveStack
                0x060273a8                MaxVertices
                0x060273aa                MaxPolygons
                0x060273ac                SortList
                0x060273b0                SortListSize
                0x060273b4                TransList
                0x060273b8                Zbuffer
                0x060273bc                SpriteBuf
                0x060273c0                SpriteBufSize
                0x060273c4                Pbuffer
                0x060273c8                CommandBuf
                0x060273cc                CLOfstBuf
                0x060273d0                PCM_Work
                0x060273d4                PCM_WkSize
                0x060273d8                MaxEvents
                0x060273da                EventSize
                0x060273dc                MaxWorks
                0x060273de                WorkSize
                0x060273e0                RemainEvent
                0x060274e0                RemainWork
                0x060278e0                EventBuf
                0x060298e0                WorkBuf
 SLPROG         0x0602d8e0     0x411e D:/joengine-master/Compiler/COMMON/SGL_302j/LIB_ELF/LIBSGL.A(sglA01.o)
                0x0602d8e0                slSin
                0x0602d904                slCos
                0x0602d928                GetSinCos
                0x0602d9bc                sin_cos_index_tbl
                0x0602d9fc                sin_tbl
 *fill*         0x060319fe        0x2 
 SLPROG         0x06031a00       0x18 D:/joengine-master/Compiler/COMMON/SGL_302j/LIB_ELF/LIBSGL.A(sglA15.o)
                0x06031a00                slSlaveFunc
 *fill*         0x06031a18        0x8 
 SLPROG         0x06031a20       0xd0 D:/joengine-master/Compiler/COMMON/SGL_302j/LIB_ELF/LIBSGL.A(sglA16.o)
                0x06031a20                slLookAt
 SLPROG         0x06031af0       0x78 D:/joengine-master/Compiler/COMMON/SGL_302j/LIB_ELF/LIBSGL.A(sglA17.o)
                0x06031af0                slRotZ
                0x06031afa                slRotZSC
 *fill*         0x06031b68        0x8 
 SLPROG         0x06031b70       0x78 D:/joengine-master/Compiler/COMMON/SGL_302j/LIB_ELF/LIBSGL.A(sglA18.o)
                0x06031b70                slRotY
                0x06031b7a                slRotYSC
 *fill*         0x06031be8        0x8 
 SLPROG         0x06031bf0       0x78 D:/joengine-master/Compiler/COMMON/SGL_302j/LIB_ELF/LIBSGL.A(sglA19.o)
                0x06031bf0                slRotX
                0x06031bfa                slRotXSC
 *fill*         0x06031c68        0x8 
 SLPROG         0x06031c70      0x42c D:/joengine-master/Compiler/COMMON/SGL_302j/LIB_ELF/LIBSGL.A(sglA20.o)
                0x06031c70                slInitMatrix
                0x06031c7a                slPushUnitMatrix
                0x06031c8e                slUnitMatrix
 *fill*         0x0603209c        0x4 
 SLPROG         0x060320a0       0x48 D:/joengine-master/Compiler/COMMON/SGL_302j/LIB_ELF/LIBSGL.A(sglA21.o)
                0x060320a0                slPushMatrix
                0x060320d4                slDecMatrixPtr
                0x060320d4                slPopMatrix
 *fill*         0x060320e8        0x8 
 SLPROG         0x060320f0       0x50 D:/joengine-master/Compiler/COMMON/SGL_302j/LIB_ELF/LIBSGL.A(sglA27.o)
                0x060320f0                slTranslate
 SLPROG         0x06032140       0x70 D:/joengine-master/Compiler/COMMON/SGL_302j/LIB_ELF/LIBSGL.A(sglA28.o)
                0x06032140                slScale
 SLPROG         0x060321b0       0x22 D:/joengine-master/Compiler/COMMON/SGL_302j/LIB_ELF/LIBSGL.A(sglA40.o)
                0x060321b0                slCalcVector
 *fill*         0x060321d2        0xe 
 SLPROG         0x060321e0       0x20 D:/joengine-master/Compiler/COMMON/SGL_302j/LIB_ELF/LIBSGL.A(sglB001.o)
                0x060321e0                slTVOn
                0x060321ea                slTVOff
 SLPROG         0x06032200       0x24 D:/joengine-master/Compiler/COMMON/SGL_302j/LIB_ELF/LIBSGL.A(sglB011.o)
                0x06032200                slBitMapNbg1
 *fill*         0x06032224        0xc 
 SLPROG         0x06032230        0x8 D:/joengine-master/Compiler/COMMON/SGL_302j/LIB_ELF/LIBSGL.A(sglB014.o)
                0x06032230                slScrTransparent
 *fill*         0x06032238        0x8 
 SLPROG         0x06032240      0x40c D:/joengine-master/Compiler/COMMON/SGL_302j/LIB_ELF/LIBSGL.A(sglB015.o)
                0x06032240                slScrAutoDisp
 *fill*         0x0603264c        0x4 
 SLPROG         0x06032650        0xc D:/joengine-master/Compiler/COMMON/SGL_302j/LIB_ELF/LIBSGL.A(sglB016.o)
                0x06032650                slBack1ColSet
 *fill*         0x0603265c        0x4 
 SLPROG         0x06032660       0x10 D:/joengine-master/Compiler/COMMON/SGL_302j/LIB_ELF/LIBSGL.A(sglB020.o)
                0x06032660                slColorCalc
 SLPROG         0x06032670        0xc D:/joengine-master/Compiler/COMMON/SGL_302j/LIB_ELF/LIBSGL.A(sglB021.o)
                0x06032670                slColorCalcOn
 *fill*         0x0603267c        0x4 
 SLPROG         0x06032680        0xc D:/joengine-master/Compiler/COMMON/SGL_302j/LIB_ELF/LIBSGL.A(sglB023.o)
                0x06032680                slColRate
 *fill*         0x0603268c        0x4 
 SLPROG         0x06032690       0xb0 D:/joengine-master/Compiler/COMMON/SGL_302j/LIB_ELF/LIBSGL.A(sglB031.o)
                0x06032690                slMapNbg0
 SLPROG         0x06032740       0xb4 D:/joengine-master/Compiler/COMMON/SGL_302j/LIB_ELF/LIBSGL.A(sglB032.o)
                0x06032740                slMapNbg1
 *fill*         0x060327f4        0xc 
 SLPROG         0x06032800       0xb0 D:/joengine-master/Compiler/COMMON/SGL_302j/LIB_ELF/LIBSGL.A(sglB033.o)
                0x06032800                slMapNbg2
 SLPROG         0x060328b0       0xb4 D:/joengine-master/Compiler/COMMON/SGL_302j/LIB_ELF/LIBSGL.A(sglB034.o)
                0x060328b0                slMapNbg3
 *fill*         0x06032964        0xc 
 SLPROG         0x06032970       0xd4 D:/joengine-master/Compiler/COMMON/SGL_302j/LIB_ELF/LIBSGL.A(sglB035.o)
                0x06032970                sl1MapRA
                0x06032a02                rbank_set
 *fill*         0x06032a44        0xc 
 SLPROG         0x06032a50       0xa0 D:/joengine-master/Compiler/COMMON/SGL_302j/LIB_ELF/LIBSGL.A(sglB036.o)
                0x06032a50                sl1MapRB
 SLPROG         0x06032af0       0x70 D:/joengine-master/Compiler/COMMON/SGL_302j/LIB_ELF/LIBSGL.A(sglB038.o)
                0x06032af0                slRparaInitSet
 SLPROG         0x06032b60       0x7e D:/joengine-master/Compiler/COMMON/SGL_302j/LIB_ELF/LIBSGL.A(sglB039.o)
                0x06032b60                slMakeKtable
 *fill*         0x06032bde        0x2 
 SLPROG         0x06032be0       0x58 D:/joengine-master/Compiler/COMMON/SGL_302j/LIB_ELF/LIBSGL.A(sglB040.o)
                0x06032be0                slKtableRA
 *fill*         0x06032c38        0x8 
 SLPROG         0x06032c40       0x5c D:/joengine-master/Compiler/COMMON/SGL_302j/LIB_ELF/LIBSGL.A(sglB041.o)
                0x06032c40                slKtableRB
 *fill*         0x06032c9c        0x4 
 SLPROG         0x06032ca0       0x10 D:/joengine-master/Compiler/COMMON/SGL_302j/LIB_ELF/LIBSGL.A(sglB042.o)
                0x06032ca0                slCurRpara
 SLPROG         0x06032cb0        0x8 D:/joengine-master/Compiler/COMMON/SGL_302j/LIB_ELF/LIBSGL.A(sglB043.o)
                0x06032cb0                slRparaMode
 *fill*         0x06032cb8        0x8 
 SLPROG         0x06032cc0      0x4e4 D:/joengine-master/Compiler/COMMON/SGL_302j/LIB_ELF/LIBSGL.A(sglB044.o)
                0x06032cc0                slScrMatSet
 *fill*         0x060331a4        0xc 
 SLPROG         0x060331b0       0x28 D:/joengine-master/Compiler/COMMON/SGL_302j/LIB_ELF/LIBSGL.A(sglB045.o)
                0x060331b0                slScrMatConv
 *fill*         0x060331d8        0x8 
 SLPROG         0x060331e0        0xc D:/joengine-master/Compiler/COMMON/SGL_302j/LIB_ELF/LIBSGL.A(sglB047.o)
                0x060331e0                slOverRA
 *fill*         0x060331ec        0x4 
 SLPROG         0x060331f0       0x10 D:/joengine-master/Compiler/COMMON/SGL_302j/LIB_ELF/LIBSGL.A(sglB048.o)
                0x060331f0                slOverRB
 SLPROG         0x06033200        0xc D:/joengine-master/Compiler/COMMON/SGL_302j/LIB_ELF/LIBSGL.A(sglB055.o)
                0x06033200                slPlaneNbg0
 *fill*         0x0603320c        0x4 
 SLPROG         0x06033210        0xc D:/joengine-master/Compiler/COMMON/SGL_302j/LIB_ELF/LIBSGL.A(sglB056.o)
                0x06033210                slPlaneNbg1
 *fill*         0x0603321c        0x4 
 SLPROG         0x06033220       0x10 D:/joengine-master/Compiler/COMMON/SGL_302j/LIB_ELF/LIBSGL.A(sglB057.o)
                0x06033220                slPlaneNbg2
 SLPROG         0x06033230       0x10 D:/joengine-master/Compiler/COMMON/SGL_302j/LIB_ELF/LIBSGL.A(sglB058.o)
                0x06033230                slPlaneNbg3
 SLPROG         0x06033240        0xc D:/joengine-master/Compiler/COMMON/SGL_302j/LIB_ELF/LIBSGL.A(sglB059.o)
                0x06033240                slPlaneRA
 *fill*         0x0603324c        0x4 
 SLPROG         0x06033250       0x10 D:/joengine-master/Compiler/COMMON/SGL_302j/LIB_ELF/LIBSGL.A(sglB060.o)
                0x06033250                slPlaneRB
 SLPROG         0x06033260        0xc D:/joengine-master/Compiler/COMMON/SGL_302j/LIB_ELF/LIBSGL.A(sglB063.o)
                0x06033260                slPriority
 *fill*         0x0603326c        0x4 
 SLPROG         0x06033270       0x18 D:/joengine-master/Compiler/COMMON/SGL_302j/LIB_ELF/LIBSGL.A(sglB087.o)
                0x06033270                slLineScrollTable0
 *fill*         0x06033288        0x8 
 SLPROG         0x06033290        0x8 D:/joengine-master/Compiler/COMMON/SGL_302j/LIB_ELF/LIBSGL.A(sglB088.o)
                0x06033290                slLineScrollTable1
 *fill*         0x06033298        0x8 
 SLPROG         0x060332a0        0xc D:/joengine-master/Compiler/COMMON/SGL_302j/LIB_ELF/LIBSGL.A(sglB090.o)
                0x060332a0                slLineScrollMode
 *fill*         0x060332ac        0x4 
 SLPROG         0x060332b0      0x114 D:/joengine-master/Compiler/COMMON/SGL_302j/LIB_ELF/LIBSGL.A(sglB200.o)
                0x060332b0                slCharRbg0
                0x060332bc                slCharNbg0
                0x060332c8                slCharNbg1
                0x060332d4                slCharNbg2
                0x060332ea                slCharNbg3
                0x06033302                slPageRbg0
                0x06033318                slPageNbg1
                0x06033320                slPageNbg2
                0x06033328                slPageNbg3
                0x06033334                slPageNbg0
 *fill*         0x060333c4        0xc 
 SLPROG         0x060333d0       0x6c D:/joengine-master/Compiler/COMMON/SGL_302j/LIB_ELF/LIBSGL.A(sglC01.o)
                0x060333d0                slPerspective
 *fill*         0x0603343c        0x4 
 SLPROG         0x06033440       0xc4 D:/joengine-master/Compiler/COMMON/SGL_302j/LIB_ELF/LIBSGL.A(sglC03.o)
                0x06033440                slWindow
 *fill*         0x06033504        0xc 
 SLPROG         0x06033510       0x2c D:/joengine-master/Compiler/COMMON/SGL_302j/LIB_ELF/LIBSGL.A(sglC04.o)
                0x06033510                slZdspLevel
 *fill*         0x0603353c        0x4 
 SLPROG         0x06033540       0x78 D:/joengine-master/Compiler/COMMON/SGL_302j/LIB_ELF/LIBSGL.A(sglC05.o)
                0x06033540                slSetSprite
 *fill*         0x060335b8        0x8 
 SLPROG         0x060335c0       0xfa D:/joengine-master/Compiler/COMMON/SGL_302j/LIB_ELF/LIBSGL.A(sglC06.o)
                0x060335c0                slDispSprite
 *fill*         0x060336ba        0x6 
 SLPROG         0x060336c0      0x162 D:/joengine-master/Compiler/COMMON/SGL_302j/LIB_ELF/LIBSGL.A(sglC07.o)
                0x060336c6                slPutSprite
 *fill*         0x06033822        0xe 
 SLPROG         0x06033830     0x1218 D:/joengine-master/Compiler/COMMON/SGL_302j/LIB_ELF/LIBSGL.A(sglC08.o)
                0x06033830                slPutPolygon
                0x060344ac                MsCalcDepthFlat
 *fill*         0x06034a48        0x8 
 SLPROG         0x06034a50       0x8c D:/joengine-master/Compiler/COMMON/SGL_302j/LIB_ELF/LIBSGL.A(sglC14.o)
                0x06034a50                slCurWindow
 *fill*         0x06034adc        0x4 
 SLPROG         0x06034ae0       0x54 D:/joengine-master/Compiler/COMMON/SGL_302j/LIB_ELF/LIBSGL.A(sglC16.o)
                0x06034ae0                slDynamicFrame
 *fill*         0x06034b34        0xc 
 SLPROG         0x06034b40       0x4c D:/joengine-master/Compiler/COMMON/SGL_302j/LIB_ELF/LIBSGL.A(sglC17.o)
                0x06034b40                slDispSpriteHV
 *fill*         0x06034b8c        0x4 
 SLPROG         0x06034b90       0xd4 D:/joengine-master/Compiler/COMMON/SGL_302j/LIB_ELF/LIBSGL.A(sglC19.o)
                0x06034b90                slDispSprite4P
 *fill*         0x06034c64        0xc 
 SLPROG         0x06034c70       0x40 D:/joengine-master/Compiler/COMMON/SGL_302j/LIB_ELF/LIBSGL.A(sglC20.o)
                0x06034c70                SpriteEntry
 SLPROG         0x06034cb0      0x4ae D:/joengine-master/Compiler/COMMON/SGL_302j/LIB_ELF/LIBSGL.A(sglC21.o)
                0x06034d38                RotSprite
                0x06034dc6                SetSprPosition
 *fill*         0x0603515e        0x2 
 SLPROG         0x06035160       0x84 D:/joengine-master/Compiler/COMMON/SGL_302j/LIB_ELF/LIBSGL.A(sglD00.o)
                0x06035160                slCpuDMACopy
                0x06035160                slDMACopy
                0x060351ba                CSH_AllClr
                0x060351ba                slCashPurge
 *fill*         0x060351e4        0xc 
 SLPROG         0x060351f0       0xa0 D:/joengine-master/Compiler/COMMON/SGL_302j/LIB_ELF/LIBSGL.A(sglD01.o)
                0x060351f0                slDMAXCopy
 SLPROG         0x06035290       0x10 D:/joengine-master/Compiler/COMMON/SGL_302j/LIB_ELF/LIBSGL.A(sglD02.o)
                0x06035290                slDMAWait
 SLPROG         0x060352a0        0xc D:/joengine-master/Compiler/COMMON/SGL_302j/LIB_ELF/LIBSGL.A(sglD03.o)
                0x060352a0                slDMAStatus
 *fill*         0x060352ac        0x4 
 SLPROG         0x060352b0       0x20 D:/joengine-master/Compiler/COMMON/SGL_302j/LIB_ELF/LIBSGL.A(sglD15.o)
                0x060352b0                CSH_Purge
 SLPROG         0x060352d0       0x84 D:/joengine-master/Compiler/COMMON/SGL_302j/LIB_ELF/LIBSGL.A(sglD16.o)
                0x060352d0                DMA_ScuSetPrm
                0x06035318                DMA_SCU_PRM0
 *fill*         0x06035354        0xc 
 SLPROG         0x06035360       0x88 D:/joengine-master/Compiler/COMMON/SGL_302j/LIB_ELF/LIBSGL.A(sglD17.o)
                0x06035360                DMA_ScuStart
 *fill*         0x060353e8        0x8 
 SLPROG         0x060353f0       0x34 D:/joengine-master/Compiler/COMMON/SGL_302j/LIB_ELF/LIBSGL.A(sglD18.o)
                0x060353f0                DMA_ScuGetStatus
 *fill*         0x06035424        0xc 
 SLPROG         0x06035430       0x34 D:/joengine-master/Compiler/COMMON/SGL_302j/LIB_ELF/LIBSGL.A(sglF08.o)
                0x06035430                slDec2Hex
 *fill*         0x06035464        0xc 
 SLPROG         0x06035470      0xfc8 D:/joengine-master/Compiler/COMMON/SGL_302j/LIB_ELF/LIBSGL.A(sglH00.o)
                0x06035488                slGetPortDir1
                0x06035490                slGetPortDir2
                0x06035498                slSetPortDir1
                0x060354c2                slSetPortDir2
                0x060354fc                slGetPortData1
                0x06035504                slGetPortData2
                0x0603550c                slSetPortData1
                0x06035516                slSetPortData2
                0x06035528                slGetPortSelect1
                0x06035532                slGetPortSelect2
                0x0603553c                slSetPortSelect1
                0x06035570                slSetPortSelect2
                0x060355ac                slGetPortExt1
                0x060355b6                slGetPortExt2
                0x060355c0                slSetPortExt1
                0x060355f0                slSetPortExt2
                0x06035764                slSmpcDirectAccess
                0x060357e4                slInitPeripheral
                0x06035876                slSetResultBuffer
                0x06035902                slCheckIntBackSet
                0x0603590e                slIntBackCancel
                0x06035938                slCheckReset
                0x06035942                slClearReset
                0x06035b08                slSmpcCashSend
                0x06035bc4                slSmpcCashBlow
                0x06035ca0                slGetOptimize
                0x06035caa                slSetOptimize
                0x06035cd0                slGetPortMode1
                0x06035cdc                slGetPortMode2
                0x06035cea                slSetPortMode1
                0x06035d28                slSetPortMode2
                0x06035eb4                slRequestCommand
                0x06035f24                Smpc_Status
                0x06035f28                Smpc_Result
                0x06035f2c                Smpc_Peripheral
                0x06035f32                Per_Connect1
                0x06035f33                Per_Connect2
                0x06035f54                SmpcStatusBuf
 *fill*         0x06036438        0x8 
 SLPROG         0x06036440       0xa8 D:/joengine-master/Compiler/COMMON/SGL_302j/LIB_ELF/LIBSGL.A(sglH01.o)
                0x06036440                slGetLanguage
                0x0603644a                slSetLanguage
                0x0603646c                slGetSoundEffect
                0x06036478                slSetSoundEffect
                0x06036494                slGetSoundOutput
                0x060364a0                slSetSoundOutput
                0x060364bc                slGetHelpWindow
                0x060364c8                slSetHelpWindow
 *fill*         0x060364e8        0x8 
 SLPROG         0x060364f0      0x470 D:/joengine-master/Compiler/COMMON/SGL_302j/LIB_ELF/LIBSGL.A(sglH02.o)
                0x060368e0                smpc_pfr_tbl
                0x06036920                smpc_ptf_tbl
 SLPROG         0x06036960       0x60 D:/joengine-master/Compiler/COMMON/SGL_302j/LIB_ELF/LIBSGL.A(sglH04.o)
                0x06036960                slComPrmIntBack
                0x06036974                slComPrmSetMemory
                0x0603698a                slComPrmSetTime
 SLPROG         0x060369c0      0x3a4 D:/joengine-master/Compiler/COMMON/SGL_302j/LIB_ELF/LIBSGL.A(sglI01.o)
                0x060369c0                slInitSynch
                0x060369da                slSynch
                0x06036ad0                slRandom
                0x06036aee                PCM_EndCheck
                0x06036baa                RetPCMBuf
                0x06036c44                PCM_Buf
                0x06036ce4                Sound_Buf
 *fill*         0x06036d64        0xc 
 SLPROG         0x06036d70       0x10 D:/joengine-master/Compiler/COMMON/SGL_302j/LIB_ELF/LIBSGL.A(sglI04.o)
                0x06036d70                slIntFunction
 SLPROG         0x06036d80       0x74 D:/joengine-master/Compiler/COMMON/SGL_302j/LIB_ELF/LIBSGL.A(sglJ00.o)
                0x06036d80                InitSlaveSH
                0x06036de8                SlaveCommand
 *fill*         0x06036df4        0xc 
 SLPROG         0x06036e00      0x3d0 D:/joengine-master/Compiler/COMMON/SGL_302j/LIB_ELF/LIBSGL.A(sglJ01.o)
                0x06036e00                SlaveControl
                0x060371bc                ErasePolygonData
 SLPROG         0x060371d0     0x12b8 D:/joengine-master/Compiler/COMMON/SGL_302j/LIB_ELF/LIBSGL.A(sglJ02.o)
                0x060371d0                sbMakePolygon
                0x060373b8                sbCalcPolygon
                0x060380f0                SetTexture
                0x060380fc                SetPolygon
                0x06038104                SetPosition
                0x0603813c                stvtc_4
                0x060381f4                stvtc_3
                0x06038404                stvtc_1
                0x06038418                stvtc_2
                0x0603842c                stvtc_0
 *fill*         0x06038488        0x8 
 SLPROG         0x06038490      0x140 D:/joengine-master/Compiler/COMMON/SGL_302j/LIB_ELF/LIBSGL.A(sglJ03.o)
                0x06038490                sbMakeDMATable
 SLPROG         0x060385d0      0x470 D:/joengine-master/Compiler/COMMON/SGL_302j/LIB_ELF/LIBSGL.A(sglJ04.o)
                0x0603862e                sbMakeSprite
                0x06038694                sbMakeRotSprite
 SLPROG         0x06038a40       0x3c D:/joengine-master/Compiler/COMMON/SGL_302j/LIB_ELF/LIBSGL.A(sglJ05.o)
                0x06038a40                sbSortEntry
 *fill*         0x06038a7c        0x4 
 SLPROG         0x06038a80      0x4b8 D:/joengine-master/Compiler/COMMON/SGL_302j/LIB_ELF/LIBSGL.A(sglM00.o)
                0x06038a80                slInitGouraud
                0x06038b74                slPutPolygonX
                0x06038bba                slGouraudTblCopy
                0x06038c12                slSetGouraudTbl
                0x06038c18                slSetGouraudColor
                0x06038c90                slSetAmbient
                0x06038cb4                slSetFlatColor
 *fill*         0x06038f38        0x8 
 SLPROG         0x06038f40       0x6a D:/joengine-master/Compiler/COMMON/SGL_302j/LIB_ELF/LIBSGL.A(sglM01.o)
                0x06038f40                slSetDepthLimit