Archive member included to satisfy reference by file (symbol)

/joe/Compiler/COMMON/SGL_302j/LIB_ELF/SEGA_SYS.A(sys_exit.o)
                              jo_engine/core.o (symbol from plugin) (SYS_Exit)
/joe/Compiler/COMMON/SGL_302j/LIB_ELF/SEGA_SYS.A(sys_sub.o)
                              /joe/Compiler/COMMON/SGL_302j/LIB_ELF/SEGA_SYS.A(sys_exit.o) (SYSUB_SetStackptr)
/joe/Compiler/COMMON/SGL_302j/LIB_ELF/LIBCD.A(CDC_CMN.O)
                              /joe/Compiler/COMMON/SGL_302j/LIB_ELF/SEGA_SYS.A(sys_exit.o) (CDC_GetCurStat)
/joe/Compiler/COMMON/SGL_302j/LIB_ELF/LIBCD.A(CDC_DRV.O)
                              pcmsys.o (symbol from plugin) (CDC_CdPlay)
/joe/Compiler/COMMON/SGL_302j/LIB_ELF/LIBCD.A(CDC_CFS.O)
                              /joe/Compiler/COMMON/SGL_302j/LIB_ELF/SEGA_SYS.A(sys_exit.o) (CDC_ChgDir)
/joe/Compiler/COMMON/SGL_302j/LIB_ELF/LIBCD.A(CDC_REG.O)
                              /joe/Compiler/COMMON/SGL_302j/LIB_ELF/SEGA_SYS.A(sys_exit.o) (CDC_GetHirqReq)
/joe/Compiler/COMMON/SGL_302j/LIB_ELF/LIBCD.A(CDC_SUB.O)
                              /joe/Compiler/COMMON/SGL_302j/LIB_ELF/LIBCD.A(CDC_CMN.O) (CDSUB_UpdStatus)
/joe/Compiler/COMMON/SGL_302j/LIB_ELF/LIBCD.A(GFS.O)
                              pcmsys.o (symbol from plugin) (GFS_Init)
/joe/Compiler/COMMON/SGL_302j/LIB_ELF/LIBCD.A(GFS_BUF.O)
                              /joe/Compiler/COMMON/SGL_302j/LIB_ELF/LIBCD.A(GFS.O) (GFBF_GetNumData)
/joe/Compiler/COMMON/SGL_302j/LIB_ELF/LIBCD.A(GFS_CDB.O)
                              /joe/Compiler/COMMON/SGL_302j/LIB_ELF/LIBCD.A(GFS.O) (GFCB_Close)
/joe/Compiler/COMMON/SGL_302j/LIB_ELF/LIBCD.A(GFS_CDC.O)
                              /joe/Compiler/COMMON/SGL_302j/LIB_ELF/LIBCD.A(GFS.O) (GFCD_SetCdbfs)
/joe/Compiler/COMMON/SGL_302j/LIB_ELF/LIBCD.A(GFS_CDF.O)
                              /joe/Compiler/COMMON/SGL_302j/LIB_ELF/LIBCD.A(GFS.O) (GFCF_Init)
/joe/Compiler/COMMON/SGL_302j/LIB_ELF/LIBCD.A(GFS_DIR.O)
                              /joe/Compiler/COMMON/SGL_302j/LIB_ELF/LIBCD.A(GFS.O) (GFDR_SetupDirTbl)
/joe/Compiler/COMMON/SGL_302j/LIB_ELF/LIBCD.A(GFS_TRN.O)
                              /joe/Compiler/COMMON/SGL_302j/LIB_ELF/LIBCD.A(GFS.O) (GFTR_Setup)
/joe/Compiler/COMMON/SGL_302j/LIB_ELF/LIBCD.A(CDC_DEV.O)
                              /joe/Compiler/COMMON/SGL_302j/LIB_ELF/LIBCD.A(GFS_CDC.O) (CDC_CdSetCon)
/joe/Compiler/COMMON/SGL_302j/LIB_ELF/LIBCD.A(CDC_SEL.O)
                              /joe/Compiler/COMMON/SGL_302j/LIB_ELF/LIBCD.A(GFS_CDC.O) (CDC_SetFiltRange)
/joe/Compiler/COMMON/SGL_302j/LIB_ELF/LIBCD.A(CDC_BIF.O)
                              /joe/Compiler/COMMON/SGL_302j/LIB_ELF/LIBCD.A(GFS_CDC.O) (CDC_GetBufSiz)
/joe/Compiler/COMMON/SGL_302j/LIB_ELF/LIBCD.A(CDC_BIO.O)
                              /joe/Compiler/COMMON/SGL_302j/LIB_ELF/LIBCD.A(GFS_CDC.O) (CDC_SetSctLen)
/joe/Compiler/COMMON/SGL_302j/LIB_ELF/LIBSGL.A(sglA01.o)
                              jo_engine/math.o (symbol from plugin) (slSin)
/joe/Compiler/COMMON/SGL_302j/LIB_ELF/LIBSGL.A(sglA15.o)
                              jo_engine/slave.o (symbol from plugin) (slSlaveFunc)
/joe/Compiler/COMMON/SGL_302j/LIB_ELF/LIBSGL.A(sglA16.o)
                              main.o (symbol from plugin) (slLookAt)
/joe/Compiler/COMMON/SGL_302j/LIB_ELF/LIBSGL.A(sglA17.o)
                              /joe/Compiler/COMMON/SGL_302j/LIB_ELF/LIBSGL.A(sglA16.o) (slRotZ)
/joe/Compiler/COMMON/SGL_302j/LIB_ELF/LIBSGL.A(sglA18.o)
                              main.o (symbol from plugin) (slRotY)
/joe/Compiler/COMMON/SGL_302j/LIB_ELF/LIBSGL.A(sglA19.o)
                              main.o (symbol from plugin) (slRotX)
/joe/Compiler/COMMON/SGL_302j/LIB_ELF/LIBSGL.A(sglA20.o)
                              main.o (symbol from plugin) (slUnitMatrix)
/joe/Compiler/COMMON/SGL_302j/LIB_ELF/LIBSGL.A(sglA21.o)
                              main.o (symbol from plugin) (slPushMatrix)
/joe/Compiler/COMMON/SGL_302j/LIB_ELF/LIBSGL.A(sglA27.o)
                              /joe/Compiler/COMMON/SGL_302j/LIB_ELF/LIBSGL.A(sglA16.o) (slTranslate)
/joe/Compiler/COMMON/SGL_302j/LIB_ELF/LIBSGL.A(sglA28.o)
                              main.o (symbol from plugin) (slScale)
/joe/Compiler/COMMON/SGL_302j/LIB_ELF/LIBSGL.A(sglA40.o)
                              main.o (symbol from plugin) (slCalcVector)
/joe/Compiler/COMMON/SGL_302j/LIB_ELF/LIBSGL.A(sglB001.o)
                              main.o (symbol from plugin) (slTVOn)
/joe/Compiler/COMMON/SGL_302j/LIB_ELF/LIBSGL.A(sglB011.o)
                              jo_engine/vdp2.o (symbol from plugin) (slBitMapNbg1)
/joe/Compiler/COMMON/SGL_302j/LIB_ELF/LIBSGL.A(sglB014.o)
                              jo_engine/vdp2.o (symbol from plugin) (slScrTransparent)
/joe/Compiler/COMMON/SGL_302j/LIB_ELF/LIBSGL.A(sglB015.o)
                              jo_engine/vdp2.o (symbol from plugin) (slScrAutoDisp)
/joe/Compiler/COMMON/SGL_302j/LIB_ELF/LIBSGL.A(sglB016.o)
[...]
Memory Configuration

Name             Origin             Length             Attributes
*default*        0x0000000000000000 0xffffffffffffffff

Linker script and memory map


SLSTART         0x0000000006004000       0x30
                0x0000000006004000                ___Start = .
 *(SLSTART)
 SLSTART        0x0000000006004000       0x28 /joe/Compiler/COMMON/SGL_302j/LIB_ELF/LIBSGL.A(sglI00.o)
                0x0000000006004000                SGL_Start
                0x0000000006004002                slStartSGL

.text           0x0000000006004040    0x267f0
 *(.text)
 .text          0x0000000006004040        0x0 /joe/Compiler/COMMON/SGL_302j/LIB_ELF/SGLAREA.O
 .text          0x0000000006004040     0x8168 /tmp/ccQUvd2F.ltrans0.ltrans.o
                0x0000000006004684                jo_sprite_draw.constprop.39
                0x00000000060047c8                jo_nbg2_print.constprop.38
                0x0000000006004854                render_CLUT_sprite_MESH.constprop.37
                0x00000000060048a0                __jo_core_set_screens_order.constprop.36
                0x0000000006004970                CDDAPlaySingle.constprop.31
                0x00000000060049ac                jo_free
                0x00000000060049d4                jo_vdp2_clear_bitmap_nbg1.constprop.23
                0x0000000006004a44                jo_backup_unmount.constprop.12
                0x0000000006004adc                jo_vdp2_malloc
                0x0000000006004c80                jo_vdp2_free
                0x0000000006004e78                jo_vdp2_disable_rbg0
                0x0000000006005058                __jo_create_map.lto_priv.566
                0x00000000060050d0                jo_img_to_vdp2_cells
                0x0000000006005178                jo_set_default_background_color
                0x00000000060053a8                jo_sprite_free_from
                0x00000000060055e0                jo_strlen
                0x0000000006005644                jo_getdate
                0x0000000006005718                jo_malloc_with_behaviour
                0x0000000006005d6c                load_textures.constprop.25
                0x0000000006005da8                jo_backup_mount.constprop.7
                0x0000000006005fbc                jo_random
                0x000000000600602c                jo_atan2f_rad
                0x00000000060061f0                load_binary.constprop.29
                0x0000000006006da0                jo_fixed_cos
                0x0000000006006dfc                jo_fixed_sin
                0x000000000600724c                __jo_tga_any_loader
                0x0000000006007414                jo_sprite_add_tga.constprop.24
                0x0000000006007588                mnet_send_remove_local_player
                0x0000000006007604                mnet_tick
                0x0000000006008cd8                lobby_screen
                0x000000000600a5f4                connecting_screen
 .text          0x000000000600c1a8     0xd468 /tmp/ccQUvd2F.ltrans1.ltrans.o
                0x000000000600cfdc                my_vblank
                0x000000000600f870                CDDAStop
                0x000000000600f88c                load_16bit_pcm
                0x000000000600f9ec                pcm_cease
                0x000000000600fa14                pcm_play
                0x00000000060136c0                init_3d_planes
                0x0000000006013c00                load_trackmap
                0x0000000006013c3c                load_preview
                0x0000000006013c78                load_level
                0x0000000006015074                transition_to_title_screen
                0x00000000060150d8                load_car
                0x0000000006016908                gameLoop
 .text          0x0000000006019610     0x3094 /tmp/ccQUvd2F.ltrans2.ltrans.o
                0x0000000006019610                saturn_transport_send.lto_priv.440
                0x0000000006019668                saturn_transport_rx_byte.lto_priv.439
                0x000000000601967c                saturn_transport_rx_ready.lto_priv.438
                0x0000000006019698                draw_powerups
                0x00000000060197a0                create_particles
                0x0000000006019874                computeLight
                0x00000000060198e4                create_player
                0x0000000006019b24                set_player_position
                0x0000000006019c6c                getSeconds
                0x0000000006019cf0                apply_player_gravity
                0x0000000006019d48                init_1p_display
                0x0000000006019dd0                init_2p_display
                0x0000000006019e60                stop_engine_sound
                0x0000000006019ecc                stop_sounds
                0x0000000006019f4c                reset_to_last_checkpoint
                0x000000000601a044                reset_demo
                0x000000000601a24c                render_CLUT_sprite
                0x000000000601a29c                ztClearText
                0x000000000601a2e8                transition_to_end_level
                0x000000000601a488                mmm_get_p2_port
                0x000000000601a4b4                mmm_back_to_title_screen
                0x000000000601a4d0                filename_eq_cars_bin.lto_priv.441
                0x000000000601a9c0                saturn_uart_puts.lto_priv.430
                0x000000000601aa14                modem_read_line.lto_priv.431
                0x000000000601abc4                modem_escape_to_command.lto_priv.434.lto_priv.436
                0x000000000601b250                saturn_uart_init.lto_priv.432
                0x000000000601b308                saturn_uart_set_baud.lto_priv.433
                0x000000000601bb3c                saturn_uart_flush_rx.lto_priv.437
                0x000000000601bb88                saturn_uart_loopback_test.lto_priv.443.lto_priv.445
                0x000000000601bc50                saturn_uart_read_raw.lto_priv.446.lto_priv.448
                0x000000000601bccc                saturn_uart_getc_timeout.lto_priv.449.lto_priv.451
                0x000000000601bd00                saturn_uart_getc.lto_priv.452.lto_priv.454
                0x000000000601bd2c                saturn_uart_putc.lto_priv.455.lto_priv.457
                0x000000000601bd68                saturn_uart_read_iir.lto_priv.458.lto_priv.460
                0x000000000601bd80                saturn_uart_read_msr.lto_priv.461.lto_priv.463
                0x000000000601bda0                saturn_uart_read_lsr.lto_priv.464.lto_priv.466
                0x000000000601bdbc                saturn_uart_clear_errors.lto_priv.467.lto_priv.469
                0x000000000601bddc                saturn_uart_rx_error.lto_priv.470.lto_priv.472
                0x000000000601bdfc                saturn_uart_rx_ready.lto_priv.473.lto_priv.475
                0x000000000601be18                saturn_uart_tx_ready.lto_priv.476.lto_priv.478
                0x000000000601bef8                saturn_uart_detect.lto_priv.317
                0x000000000601bf84                saturn_uart_reg_write.lto_priv.479.lto_priv.481
                0x000000000601bf9c                saturn_uart_reg_read.lto_priv.482.lto_priv.484
                0x000000000601bfb8                saturn_netlink_smpc_disable.lto_priv.485.lto_priv.487
                0x000000000601bfe4                saturn_netlink_smpc_enable.lto_priv.442
                0x000000000601c070                saturn_smpc_command.lto_priv.488.lto_priv.490
                0x000000000601c098                mnet_encode_lap_complete.lto_priv.330.lto_priv.333
                0x000000000601c0c0                mnet_encode_client_log.lto_priv.326.lto_priv.329
                0x000000000601c168                mnet_encode_leaderboard_req.lto_priv.334.lto_priv.337
                0x000000000601c178                mnet_encode_remove_local_player.lto_priv.338.lto_priv.341
                0x000000000601c188                mnet_encode_add_local_player.lto_priv.318.lto_priv.321
                0x000000000601c20c                mnet_encode_powerup_pickup.lto_priv.342.lto_priv.345
                0x000000000601c220                mnet_encode_player_state_p2.lto_priv.346.lto_priv.349
                0x000000000601c2b8                mnet_encode_player_state.lto_priv.350.lto_priv.353
                0x000000000601c348                mnet_encode_input_state_p2.lto_priv.354.lto_priv.357
                0x000000000601c374                mnet_encode_input_state.lto_priv.358.lto_priv.361
                0x000000000601c39c                mnet_encode_car_select.lto_priv.362.lto_priv.365
                0x000000000601c3b0                mnet_encode_start_game.lto_priv.366.lto_priv.369
                0x000000000601c3c0                mnet_encode_ready.lto_priv.370.lto_priv.373
                0x000000000601c3d0                mnet_encode_heartbeat.lto_priv.374.lto_priv.377
                0x000000000601c3e0                mnet_encode_disconnect.lto_priv.378.lto_priv.381
                0x000000000601c3f0                mnet_encode_set_username.lto_priv.322.lto_priv.325
                0x000000000601c470                mnet_encode_connect_uuid.lto_priv.382.lto_priv.385
                0x000000000601c490                mnet_encode_connect.lto_priv.386.lto_priv.389
                0x000000000601c4a0                mnet_read_string.lto_priv.390.lto_priv.393
                0x000000000601c4e8                mnet_rx_poll.lto_priv.394.lto_priv.429
                0x000000000601c598                mnet_rx_init.lto_priv.397.lto_priv.400
                0x000000000601c5a8                mnet_send_frame.lto_priv.401.lto_priv.404
                0x000000000601c5e8                net_transport_is_connected.lto_priv.405.lto_priv.408
                0x000000000601c600                net_transport_send.lto_priv.409.lto_priv.412
                0x000000000601c614                net_transport_rx_byte.lto_priv.413.lto_priv.416
                0x000000000601c628                net_transport_rx_ready.lto_priv.417.lto_priv.420
                0x000000000601c63c                get_gbr.lto_priv.53.lto_priv.76
                0x000000000601c644                set_gbr.lto_priv.77.lto_priv.100
                0x000000000601c64c                get_vbr.lto_priv.101.lto_priv.124
                0x000000000601c654                set_vbr.lto_priv.125.lto_priv.148
                0x000000000601c65c                set_imask.lto_priv.149.lto_priv.172
                0x000000000601c670                get_imask.lto_priv.173.lto_priv.196
                0x000000000601c67c                get_sr.lto_priv.197.lto_priv.220
                0x000000000601c684                set_sr.lto_priv.221.lto_priv.244
                0x000000000601c68c                tas.lto_priv.245.lto_priv.268
                0x000000000601c694                sleep.lto_priv.269.lto_priv.292
                0x000000000601c69c                nop.lto_priv.293.lto_priv.316
 *fill*         0x000000000601c6a4        0xc 
 .text          0x000000000601c6b0      0x238 /joe/Compiler/COMMON/SGL_302j/LIB_ELF/SEGA_SYS.A(sys_exit.o)
                0x000000000601c6b0                sys_version
                0x000000000601c6d0                SYS_Exit
 *fill*         0x000000000601c8e8        0x8 
 .text          0x000000000601c8f0        0x6 /joe/Compiler/COMMON/SGL_302j/LIB_ELF/SEGA_SYS.A(sys_sub.o)
                0x000000000601c8f0                SYSUB_SetStackptr
 *fill*         0x000000000601c8f6        0xa 
 .text          0x000000000601c900      0x3a0 /joe/Compiler/COMMON/SGL_302j/LIB_ELF/LIBCD.A(CDC_CMN.O)
                0x000000000601c900                CDC_GetCurStat
                0x000000000601c950                CDC_GetLastStat
                0x000000000601c968                CDC_GetPeriStat
                0x000000000601ca3c                CDC_GetHwInfo
                0x000000000601caa4                CDC_TgetToc
                0x000000000601caf4                CDC_GetSes
                0x000000000601cb30                CDC_CdInit
                0x000000000601cbb4                CDC_CdOpen
                0x000000000601cbdc                CDC_DataReady
                0x000000000601cc48                CDC_DataEnd
 .text          0x000000000601cca0      0x130 /joe/Compiler/COMMON/SGL_302j/LIB_ELF/LIBCD.A(CDC_DRV.O)
                0x000000000601cca0                CDC_CdPlay
                0x000000000601cd6c                CDC_CdSeek
                0x000000000601cda0                CDC_CdScan
 .text          0x000000000601cdd0      0x194 /joe/Compiler/COMMON/SGL_302j/LIB_ELF/LIBCD.A(CDC_CFS.O)
                0x000000000601cdd0                CDC_ChgDir
                0x000000000601ce04                CDC_ReadDir
                0x000000000601ce38                CDC_GetFileScope
                0x000000000601ce98                CDC_TgetFileInfo
                0x000000000601cef4                CDC_ReadFile
                0x000000000601cf28                CDC_AbortFile
 *fill*         0x000000000601cf64        0xc 
 .text          0x000000000601cf70      0x2dc /joe/Compiler/COMMON/SGL_302j/LIB_ELF/LIBCD.A(CDC_REG.O)
                0x000000000601cf70                CDC_GetDataPtr
                0x000000000601cf80                CDC_GetHirqReq
                0x000000000601cf94                CDC_ClrHirqReq
                0x000000000601cfc4                CDREG_ClrHirqReq
                0x000000000601cfd4                CDREG_InitHirqReq
                0x000000000601cffc                CDREG_SetHirqFlag
                0x000000000601d010                CDC_GetHirqMsk
                0x000000000601d024                CDC_SetHirqMsk
                0x000000000601d034                CDC_GetMpegPtr
                0x000000000601d044                CDREG_TgetData
                0x000000000601d0a0                CDREG_CmdRsp
                0x000000000601d1a0                CDREG_WaitHirq
                0x000000000601d210                CDREG_ReadRsp
 *fill*         0x000000000601d24c        0x4 
 .text          0x000000000601d250      0x152 /joe/Compiler/COMMON/SGL_302j/LIB_ELF/LIBCD.A(CDC_SUB.O)
                0x000000000601d250                CDSUB_UpdStatus
                0x000000000601d268                CDSUB_UpdCdstat
                0x000000000601d288                CDSUB_CdCmd
                0x000000000601d2f8                CDSUB_GetCdstat
                0x000000000601d338                CDSUB_RspToCdstat
                0x000000000601d380                CDSUB_SoftTimer
 *fill*         0x000000000601d3a2        0xe 
 .text          0x000000000601d3b0     0x1adc /joe/Compiler/COMMON/SGL_302j/LIB_ELF/LIBCD.A(GFS.O)
                0x000000000601d3b0                gfs_version
                0x000000000601d3d0                GFS_Init
                0x000000000601d4b8                GFS_LoadDir
                0x000000000601d560                GFS_SetDir
                0x000000000601d5c8                GFS_NameToId
                0x000000000601d62c                GFS_IdToName
                0x000000000601d698                GFS_GetDirInfo
                0x000000000601d708                GFS_Reset
                0x000000000601d78c                GFS_Open
                0x000000000601d840                GFS_Close
                0x000000000601d878                GFS_Seek
                0x000000000601d92c                GFS_Tell
                0x000000000601d97c                GFS_IsEof
                0x000000000601d9d0                GFS_ByteToSct
                0x000000000601da2c                GFS_GetFileSize
                0x000000000601da88                GFS_GetFileInfo
                0x000000000601dafc                GFS_GetNumCdbuf
                0x000000000601db24                GFS_Load
                0x000000000601dbe8                GFS_Fread
                0x000000000601dc84                gfs_waitRead
                0x000000000601dd2c                GFS_NwFread
                0x000000000601de38                GFS_NwCdRead
                0x000000000601deb0                GFS_NwIsComplete
                0x000000000601dee8                GFS_NwStop
                0x000000000601df54                GFS_NwGetStat
                0x000000000601dfd0                gfs_recovRdErr
                0x000000000601e000                GFS_NwExecOne
                0x000000000601e0c0                GFS_NwExecServer
                0x000000000601e13c                GFS_SetGmode
                0x000000000601e1a0                GFS_SetTmode
                0x000000000601e20c                GFS_SetReadPara
                0x000000000601e270                GFS_SetTransPara
                0x000000000601e2dc                GFS_SetTrFunc
                0x000000000601e340                GFS_StartTrans
                0x000000000601e38c                GFS_CdMovePickup
                0x000000000601e3f8                GFS_SetErrFunc
                0x000000000601e424                GFS_GetErrStat
                0x000000000601e448                GFS_ConvTno
                0x000000000601e470                gfs_chgRoot
                0x000000000601e53c                gfs_aborttrans
                0x000000000601e548                gfs_mngSetupFuncTbl
                0x000000000601e57c                gfs_mngInitWork
                0x000000000601e620                gfs_mngGetNumFile
                0x000000000601e688                GFS_mngAllocGrp
                0x000000000601e6d0                gfs_mngFreeGrp
                0x000000000601e6dc                gfs_mngTermAccess
                0x000000000601e760                gfs_mngSetErrCode
                0x000000000601e7e0                gfs_svrSearchHndl
                0x000000000601e820                gfs_svrAddHndl
                0x000000000601e85c                gfs_svrRemoveHndl
                0x000000000601e8b8                GFS_OpenSub
                0x000000000601e910                gfs_loadVol
                0x000000000601e9d4                gfs_getRootDir
                0x000000000601ead0                gfs_loadRootDir
                0x000000000601eb58                gfs_flowIn
                0x000000000601ec00                gfs_transData
                0x000000000601eca4                GFS_GetFad
                0x000000000601ecfc                gfs_SetSct
                0x000000000601ed3c                gfs_GetFinfo
                0x000000000601ed7c                gfs_closeSub
                0x000000000601edb8                gfs_getGmode
                0x000000000601edc4                gfs_isTaskDone
                0x000000000601ee18                gfs_convFinStat
 *fill*         0x000000000601ee8c        0x4 
 .text          0x000000000601ee90      0x106 /joe/Compiler/COMMON/SGL_302j/LIB_ELF/LIBCD.A(GFS_BUF.O)
                0x000000000601eec0                GFBF_GetTranData
                0x000000000601eee8                GFBF_GetNumData
                0x000000000601ef18                GFBF_GetSrcPk
                0x000000000601ef40                GFBF_GetSctData
                0x000000000601ef64                GFBF_RtnPk
                0x000000000601ef8c                gfbf_getSctDt
 *fill*         0x000000000601ef96        0xa 
 .text          0x000000000601efa0      0x600 /joe/Compiler/COMMON/SGL_302j/LIB_ELF/LIBCD.A(GFS_CDB.O)
                0x000000000601efa0                GFCB_Setup
                0x000000000601f0c0                GFCB_Close
                0x000000000601f0e8                GFCB_GetLenData
                0x000000000601f194                GFCB_GetLenRoom
                0x000000000601f1a0                GFCB_SetFilt
                0x000000000601f208                GFCB_DeleteAllData
                0x000000000601f230                GFCB_Tell
                0x000000000601f240                gfcb_getSctNum
                0x000000000601f290                GFCB_Seek
                0x000000000601f38c                GFCB_GetSrcPack
                0x000000000601f46c                GFCB_GetSctData
                0x000000000601f4a4                GFCB_GetDstPack
                0x000000000601f4b0                GFCB_RtnPk
                0x000000000601f4f8                GFCB_MovePickup
                0x000000000601f514                GFCB_SetCon
                0x000000000601f548                GFCB_GetPickup
                0x000000000601f570                GFCB_IsPuOwner
                0x000000000601f588                GFCB_UngetPickup
 .text          0x000000000601f5a0     0x1a10 /joe/Compiler/COMMON/SGL_302j/LIB_ELF/LIBCD.A(GFS_CDC.O)
                0x000000000601f5a0                GFCD_SetCdbfs
                0x000000000601f5cc                GFCD_Init
                0x000000000601f7d0                GFCD_AllocFilt
                0x000000000601f80c                GFCD_FreeFilt
                0x000000000601f83c                GFCD_AllocBuf
                0x000000000601f870                GFCD_FreeBuf
                0x000000000601f914                GFCD_GetBaseFad
                0x000000000601f948                GFCD_GetPickup
                0x000000000601f97c                GFCD_UngetPickup
                0x000000000601f9a8                GFCD_IsPuOwner
                0x000000000601f9cc                GFCD_SetFilt
                0x000000000601fa90                GFCD_GetFilt
                0x000000000601fad8                GFCD_SetCon
                0x000000000601fb30                GFCD_Play
                0x000000000601fb90                GFCD_GetLenData
                0x000000000601fbf8                GFCD_ReqData
                0x000000000601fc54                GFCD_EndData
                0x000000000601fc9c                GFCD_DelSctData
                0x000000000601fcf4                GFCD_CheckDelSctData
                0x000000000601fd24                GFCD_GetStat
                0x000000000601fdd8                GFCD_MovePickup
                0x000000000601fe24                GFCD_MoveSctData
                0x000000000601fe98                GFCD_CheckMove
                0x000000000601febc                GFCD_GetSctInfo
                0x000000000601ff04                GFCD_ChgDir
                0x000000000601ff78                GFCD_SetFiltCon
                0x0000000006020060                GFCD_GetFileInfo
                0x000000000602013c                GFCD_GetBufSiz
                0x0000000006020174                GFCD_ExecServer
                0x0000000006020248                gfcd_isIdleTask
                0x00000000060202d4                gfcd_doTask
                0x0000000006020380                GFCD_SetTimer
                0x0000000006020394                GFCD_WaitServer
                0x00000000060203d0                gfcd_doSetFiltTsk
                0x0000000006020594                gfcd_doSetConTsk
                0x0000000006020624                gfcd_doGetLenDataTsk
                0x0000000006020778                gfcd_doReqDataTsk
                0x0000000006020818                gfcd_doDelSctDataTsk
                0x000000000602094c                gfcd_doMoveSctTsk
                0x0000000006020ab0                gfcd_doChgDirTsk
                0x0000000006020cac                gfcd_doSetFiltConTsk
                0x0000000006020df0                gfcd_checkEflag
                0x0000000006020e14                gfcd_initCdbMng
                0x0000000006020e94                gfcd_setStat
                0x0000000006020ec0                GFCD_SetCsctFunc
                0x0000000006020edc                GFCD_ChkScdqFlag
                0x0000000006020f00                GFCD_ClrScdqFlag
                0x0000000006020f1c                GFCD_WaitScdqFlag
                0x0000000006020f60                GFCD_WaitPause
 .text          0x0000000006020fb0      0x8d8 /joe/Compiler/COMMON/SGL_302j/LIB_ELF/LIBCD.A(GFS_CDF.O)
                0x0000000006020fb0                GFCF_Init
                0x0000000006021050                GFCF_Setup
                0x0000000006021198                GFCF_SetSct
                0x00000000060211dc                GFCF_GetFileInfo
                0x0000000006021250                GFCF_FlowInBuf
                0x00000000060213a4                GFCF_StopInBuf
                0x0000000006021444                GFCF_Recover
                0x000000000602148c                GFCF_Tell
                0x00000000060214a4                GFCF_Seek
                0x00000000060214bc                GFCF_MovePickup
                0x0000000006021558                GFCF_cnvIntlvOfs
                0x00000000060215ac                GFCF_GetStat
                0x0000000006021644                gfcf_getSctSize
                0x0000000006021680                gfcf_isCdOk
                0x0000000006021740                gfcf_getPlayRange
 *fill*         0x0000000006021888        0x8 
 .text          0x0000000006021890      0x92c /joe/Compiler/COMMON/SGL_302j/LIB_ELF/LIBCD.A(GFS_DIR.O)
                0x0000000006021890                GFDR_SetupDirTbl
                0x0000000006021904                GFDR_NameToId
                0x0000000006021964                GFDR_GetInfoDirId
                0x0000000006021978                GFDR_GetInfoDirName
                0x000000000602198c                GFDR_GetAtrDirId
                0x00000000060219a4                GFDR_GetAtrDirName
                0x00000000060219bc                GFDR_ChgRoot
                0x00000000060219d4                GFDR_ChgDir
                0x0000000006021a48                gfdr_setupDirIdTbl
                0x0000000006021acc                gfdr_setupDirNameTbl
                0x0000000006021b78                gfdr_open
                0x0000000006021ba0                gfdr_read
                0x0000000006021c60                gfdr_readByte
                0x0000000006021c8c                gfdr_readWord
                0x0000000006021cb8                gfdr_readWordNB
                0x0000000006021d0c                gfdr_readLongNB
                0x0000000006021d58                gfdr_readLongNM
                0x0000000006021d80                gfdr_setNextRec
                0x0000000006021e04                gfdr_readDirEnt
                0x0000000006022180                gfdr_setDirrecCd
 *fill*         0x00000000060221bc        0x4 
 .text          0x00000000060221c0      0x9c6 /joe/Compiler/COMMON/SGL_302j/LIB_ELF/LIBCD.A(GFS_TRN.O)
                0x00000000060221f0                GFTR_Setup
                0x0000000006022234                GFTR_SetMode
                0x0000000006022248                GFTR_SetUnit
                0x0000000006022254                GFTR_SetTransPara
                0x0000000006022288                GFTR_GetTransPara
                0x0000000006022294                GFTR_GetNumTrans
                0x00000000060222a0                GFTR_SetTransMax
                0x00000000060222ac                GFTR_Start
                0x00000000060222b8                GFTR_Pause
                0x00000000060222c4                GFTR_Stop
                0x000000000602237c                GFTR_Exec
                0x0000000006022400                GFTR_Idle
                0x0000000006022478                GFTR_ExecSvr
                0x0000000006022580                gftr_getSrcPack
                0x0000000006022608                gftr_getDstPack
                0x0000000006022664                gftr_reqScu
                0x0000000006022670                gftr_execScu
                0x000000000602270c                gftr_remScu
                0x0000000006022740                gfdma_canUse
                0x000000000602274c                gfdma_exec
                0x00000000060227bc                gfdma_getBytecnt
                0x00000000060227f4                gftr_reqDma0
                0x000000000602280c                gftr_execSdma0
                0x0000000006022830                gftr_remDma0
                0x0000000006022848                gftr_reqDma1
                0x0000000006022860                gftr_execSdma1
                0x0000000006022884                gftr_remDma1
                0x000000000602289c                gftr_reqCpu
                0x00000000060228a8                gftr_execCpu
                0x00000000060228e8                gftr_remCpu
                0x00000000060228f4                gftr_reqTrn
                0x0000000006022964                gftr_execTrn
                0x0000000006022a3c                gftr_remTrn
                0x0000000006022ab0                gftr_copyFrac
                0x0000000006022ad8                GFTR_GetLenData
                0x0000000006022ae4                GFTR_GetLenRoom
                0x0000000006022afc                GFTR_GetDstPack
                0x0000000006022b30                GFTR_RtnDstPk
                0x0000000006022b4c                GFTR_GetData
                0x0000000006022b60                GFTR_SetData
                0x0000000006022b74                GFTR_SetTransFunc
 *fill*         0x0000000006022b86        0xa 
 .text          0x0000000006022b90       0xa8 /joe/Compiler/COMMON/SGL_302j/LIB_ELF/LIBCD.A(CDC_DEV.O)
                0x0000000006022b90                CDC_CdSetCon
                0x0000000006022bc0                CDC_CdGetCon
                0x0000000006022bfc                CDC_CdGetLastBuf
 *fill*         0x0000000006022c38        0x8 
 .text          0x0000000006022c40      0x2b8 /joe/Compiler/COMMON/SGL_302j/LIB_ELF/LIBCD.A(CDC_SEL.O)
                0x0000000006022c40                CDC_SetFiltRange
                0x0000000006022c74                CDC_GetFiltRange
                0x0000000006022ccc                CDC_SetFiltSubh
                0x0000000006022d3c                CDC_GetFiltSubh
                0x0000000006022db8                CDC_SetFiltMode
                0x0000000006022dec                CDC_GetFiltMode
                0x0000000006022e30                CDC_SetFiltCon
                0x0000000006022e70                CDC_GetFiltCon
                0x0000000006022ec4                CDC_ResetSelector
 *fill*         0x0000000006022ef8        0x8 
 .text          0x0000000006022f00      0x270 /joe/Compiler/COMMON/SGL_302j/LIB_ELF/LIBCD.A(CDC_BIF.O)
                0x0000000006022f00                CDC_GetBufSiz
                0x0000000006022f5c                CDC_GetSctNum
                0x0000000006022fa0                CDC_CalActSiz
                0x0000000006022fdc                CDC_GetActSiz
                0x000000000602305c                CDC_GetSctInfo
                0x00000000060230dc                CDC_ExeFadSearch
                0x0000000006023114                CDC_GetFadSearch
 .text          0x0000000006023170      0x1e4 /joe/Compiler/COMMON/SGL_302j/LIB_ELF/LIBCD.A(CDC_BIO.O)
                0x0000000006023170                CDC_SetSctLen
                0x00000000060231a4                CDC_GetSctData
                0x00000000060231e0                CDC_DelSctData
                0x000000000602321c                CDC_GetdelSctData
                0x0000000006023258                CDC_PutSctData
                0x0000000006023290                CDC_CopySctData
                0x00000000060232d4                CDC_MoveSctData
                0x0000000006023318                CDC_GetCopyErr
 *fill*         0x0000000006023354        0xc 
 .text          0x0000000006023360        0x0 /joe/Compiler/COMMON/SGL_302j/LIB_ELF/LIBSGL.A(sglA01.o)
 .text          0x0000000006023360        0x0 /joe/Compiler/COMMON/SGL_302j/LIB_ELF/LIBSGL.A(sglA15.o)
 .text          0x0000000006023360        0x0 /joe/Compiler/COMMON/SGL_302j/LIB_ELF/LIBSGL.A(sglA16.o)
 .text          0x0000000006023360        0x0 /joe/Compiler/COMMON/SGL_302j/LIB_ELF/LIBSGL.A(sglA17.o)
 .text          0x0000000006023360        0x0 /joe/Compiler/COMMON/SGL_302j/LIB_ELF/LIBSGL.A(sglA18.o)
 .text          0x0000000006023360        0x0 /joe/Compiler/COMMON/SGL_302j/LIB_ELF/LIBSGL.A(sglA19.o)
 .text          0x0000000006023360        0x0 /joe/Compiler/COMMON/SGL_302j/LIB_ELF/LIBSGL.A(sglA20.o)
 .text          0x0000000006023360        0x0 /joe/Compiler/COMMON/SGL_302j/LIB_ELF/LIBSGL.A(sglA21.o)
 .text          0x0000000006023360        0x0 /joe/Compiler/COMMON/SGL_302j/LIB_ELF/LIBSGL.A(sglA27.o)
 .text          0x0000000006023360        0x0 /joe/Compiler/COMMON/SGL_302j/LIB_ELF/LIBSGL.A(sglA28.o)
 .text          0x0000000006023360        0x0 /joe/Compiler/COMMON/SGL_302j/LIB_ELF/LIBSGL.A(sglA40.o)
 .text          0x0000000006023360        0x0 /joe/Compiler/COMMON/SGL_302j/LIB_ELF/LIBSGL.A(sglB001.o)
 .text          0x0000000006023360        0x0 /joe/Compiler/COMMON/SGL_302j/LIB_ELF/LIBSGL.A(sglB011.o)
 .text          0x0000000006023360        0x0 /joe/Compiler/COMMON/SGL_302j/LIB_ELF/LIBSGL.A(sglB014.o)
 .text          0x0000000006023360        0x0 /joe/Compiler/COMMON/SGL_302j/LIB_ELF/LIBSGL.A(sglB015.o)
 .text          0x0000000006023360        0x0 /joe/Compiler/COMMON/SGL_302j/LIB_ELF/LIBSGL.A(sglB016.o)
 .text          0x0000000006023360        0x0 /joe/Compiler/COMMON/SGL_302j/LIB_ELF/LIBSGL.A(sglB020.o)
 .text          0x0000000006023360        0x0 /joe/Compiler/COMMON/SGL_302j/LIB_ELF/LIBSGL.A(sglB021.o)
 .text          0x0000000006023360        0x0 /joe/Compiler/COMMON/SGL_302j/LIB_ELF/LIBSGL.A(sglB023.o)
 .text          0x0000000006023360        0x0 /joe/Compiler/COMMON/SGL_302j/LIB_ELF/LIBSGL.A(sglB031.o)
 .text          0x0000000006023360        0x0 /joe/Compiler/COMMON/SGL_302j/LIB_ELF/LIBSGL.A(sglB032.o)
 .text          0x0000000006023360        0x0 /joe/Compiler/COMMON/SGL_302j/LIB_ELF/LIBSGL.A(sglB033.o)
 .text          0x0000000006023360        0x0 /joe/Compiler/COMMON/SGL_302j/LIB_ELF/LIBSGL.A(sglB034.o)
 .text          0x0000000006023360        0x0 /joe/Compiler/COMMON/SGL_302j/LIB_ELF/LIBSGL.A(sglB035.o)
 .text          0x0000000006023360        0x0 /joe/Compiler/COMMON/SGL_302j/LIB_ELF/LIBSGL.A(sglB036.o)
 .text          0x0000000006023360        0x0 /joe/Compiler/COMMON/SGL_302j/LIB_ELF/LIBSGL.A(sglB038.o)
 .text          0x0000000006023360        0x0 /joe/Compiler/COMMON/SGL_302j/LIB_ELF/LIBSGL.A(sglB039.o)
 .text          0x0000000006023360        0x0 /joe/Compiler/COMMON/SGL_302j/LIB_ELF/LIBSGL.A(sglB040.o)
 .text          0x0000000006023360        0x0 /joe/Compiler/COMMON/SGL_302j/LIB_ELF/LIBSGL.A(sglB041.o)
 .text          0x0000000006023360        0x0 /joe/Compiler/COMMON/SGL_302j/LIB_ELF/LIBSGL.A(sglB042.o)
 .text          0x0000000006023360        0x0 /joe/Compiler/COMMON/SGL_302j/LIB_ELF/LIBSGL.A(sglB043.o)
 .text          0x0000000006023360        0x0 /joe/Compiler/COMMON/SGL_302j/LIB_ELF/LIBSGL.A(sglB044.o)
 .text          0x0000000006023360        0x0 /joe/Compiler/COMMON/SGL_302j/LIB_ELF/LIBSGL.A(sglB045.o)
 .text          0x0000000006023360        0x0 /joe/Compiler/COMMON/SGL_302j/LIB_ELF/LIBSGL.A(sglB047.o)
 .text          0x0000000006023360        0x0 /joe/Compiler/COMMON/SGL_302j/LIB_ELF/LIBSGL.A(sglB048.o)
 .text          0x0000000006023360        0x0 /joe/Compiler/COMMON/SGL_302j/LIB_ELF/LIBSGL.A(sglB055.o)
 .text          0x0000000006023360        0x0 /joe/Compiler/COMMON/SGL_302j/LIB_ELF/LIBSGL.A(sglB056.o)
 .text          0x0000000006023360        0x0 /joe/Compiler/COMMON/SGL_302j/LIB_ELF/LIBSGL.A(sglB057.o)
 .text          0x0000000006023360        0x0 /joe/Compiler/COMMON/SGL_302j/LIB_ELF/LIBSGL.A(sglB058.o)
 .text          0x0000000006023360        0x0 /joe/Compiler/COMMON/SGL_302j/LIB_ELF/LIBSGL.A(sglB059.o)
 .text          0x0000000006023360        0x0 /joe/Compiler/COMMON/SGL_302j/LIB_ELF/LIBSGL.A(sglB060.o)
 .text          0x0000000006023360        0x0 /joe/Compiler/COMMON/SGL_302j/LIB_ELF/LIBSGL.A(sglB063.o)
 .text          0x0000000006023360        0x0 /joe/Compiler/COMMON/SGL_302j/LIB_ELF/LIBSGL.A(sglB087.o)
 .text          0x0000000006023360        0x0 /joe/Compiler/COMMON/SGL_302j/LIB_ELF/LIBSGL.A(sglB088.o)
 .text          0x0000000006023360        0x0 /joe/Compiler/COMMON/SGL_302j/LIB_ELF/LIBSGL.A(sglB090.o)
 .text          0x0000000006023360        0x0 /joe/Compiler/COMMON/SGL_302j/LIB_ELF/LIBSGL.A(sglB200.o)
 .text          0x0000000006023360        0x0 /joe/Compiler/COMMON/SGL_302j/LIB_ELF/LIBSGL.A(sglC01.o)
 .text          0x0000000006023360        0x0 /joe/Compiler/COMMON/SGL_302j/LIB_ELF/LIBSGL.A(sglC03.o)
 .text          0x0000000006023360        0x0 /joe/Compiler/COMMON/SGL_302j/LIB_ELF/LIBSGL.A(sglC04.o)
 .text          0x0000000006023360        0x0 /joe/Compiler/COMMON/SGL_302j/LIB_ELF/LIBSGL.A(sglC05.o)
 .text          0x0000000006023360        0x0 /joe/Compiler/COMMON/SGL_302j/LIB_ELF/LIBSGL.A(sglC06.o)
 .text          0x0000000006023360        0x0 /joe/Compiler/COMMON/SGL_302j/LIB_ELF/LIBSGL.A(sglC07.o)
 .text          0x0000000006023360        0x0 /joe/Compiler/COMMON/SGL_302j/LIB_ELF/LIBSGL.A(sglC08.o)
 .text          0x0000000006023360        0x0 /joe/Compiler/COMMON/SGL_302j/LIB_ELF/LIBSGL.A(sglC14.o)
 .text          0x0000000006023360        0x0 /joe/Compiler/COMMON/SGL_302j/LIB_ELF/LIBSGL.A(sglC16.o)
 .text          0x0000000006023360        0x0 /joe/Compiler/COMMON/SGL_302j/LIB_ELF/LIBSGL.A(sglC17.o)
 .text          0x0000000006023360        0x0 /joe/Compiler/COMMON/SGL_302j/LIB_ELF/LIBSGL.A(sglC19.o)
 .text          0x0000000006023360        0x0 /joe/Compiler/COMMON/SGL_302j/LIB_ELF/LIBSGL.A(sglC20.o)
 .text          0x0000000006023360        0x0 /joe/Compiler/COMMON/SGL_302j/LIB_ELF/LIBSGL.A(sglC21.o)
 .text          0x0000000006023360        0x0 /joe/Compiler/COMMON/SGL_302j/LIB_ELF/LIBSGL.A(sglD00.o)
 .text          0x0000000006023360        0x0 /joe/Compiler/COMMON/SGL_302j/LIB_ELF/LIBSGL.A(sglD01.o)
 .text          0x0000000006023360        0x0 /joe/Compiler/COMMON/SGL_302j/LIB_ELF/LIBSGL.A(sglD02.o)
 .text          0x0000000006023360        0x0 /joe/Compiler/COMMON/SGL_302j/LIB_ELF/LIBSGL.A(sglD03.o)
 .text          0x0000000006023360        0x0 /joe/Compiler/COMMON/SGL_302j/LIB_ELF/LIBSGL.A(sglD15.o)
 .text          0x0000000006023360        0x0 /joe/Compiler/COMMON/SGL_302j/LIB_ELF/LIBSGL.A(sglD16.o)
 .text          0x0000000006023360        0x0 /joe/Compiler/COMMON/SGL_302j/LIB_ELF/LIBSGL.A(sglD17.o)
 .text          0x0000000006023360        0x0 /joe/Compiler/COMMON/SGL_302j/LIB_ELF/LIBSGL.A(sglD18.o)
 .text          0x0000000006023360        0x0 /joe/Compiler/COMMON/SGL_302j/LIB_ELF/LIBSGL.A(sglF08.o)
 .text          0x0000000006023360        0x0 /joe/Compiler/COMMON/SGL_302j/LIB_ELF/LIBSGL.A(sglH00.o)
 .text          0x0000000006023360        0x0 /joe/Compiler/COMMON/SGL_302j/LIB_ELF/LIBSGL.A(sglH01.o)
 .text          0x0000000006023360        0x0 /joe/Compiler/COMMON/SGL_302j/LIB_ELF/LIBSGL.A(sglH02.o)
 .text          0x0000000006023360        0x0 /joe/Compiler/COMMON/SGL_302j/LIB_ELF/LIBSGL.A(sglH04.o)
 .text          0x0000000006023360        0x0 /joe/Compiler/COMMON/SGL_302j/LIB_ELF/LIBSGL.A(sglI01.o)
 .text          0x0000000006023360        0x0 /joe/Compiler/COMMON/SGL_302j/LIB_ELF/LIBSGL.A(sglI04.o)
 .text          0x0000000006023360      0x128 /joe/Compiler/COMMON/SGL_302j/LIB_ELF/LIBSGL.A(sglIc0.o)
                0x0000000006023360                slInitSystem
 *fill*         0x0000000006023488        0x8 
 .text          0x0000000006023490        0x0 /joe/Compiler/COMMON/SGL_302j/LIB_ELF/LIBSGL.A(sglJ00.o)
 .text          0x0000000006023490        0x0 /joe/Compiler/COMMON/SGL_302j/LIB_ELF/LIBSGL.A(sglJ01.o)
 .text          0x0000000006023490        0x0 /joe/Compiler/COMMON/SGL_302j/LIB_ELF/LIBSGL.A(sglJ02.o)
 .text          0x0000000006023490        0x0 /joe/Compiler/COMMON/SGL_302j/LIB_ELF/LIBSGL.A(sglJ03.o)
 .text          0x0000000006023490        0x0 /joe/Compiler/COMMON/SGL_302j/LIB_ELF/LIBSGL.A(sglJ04.o)
 .text          0x0000000006023490        0x0 /joe/Compiler/COMMON/SGL_302j/LIB_ELF/LIBSGL.A(sglJ05.o)
 .text          0x0000000006023490        0x0 /joe/Compiler/COMMON/SGL_302j/LIB_ELF/LIBSGL.A(sglK01.o)
 .text          0x0000000006023490        0x0 /joe/Compiler/COMMON/SGL_302j/LIB_ELF/LIBSGL.A(sglM00.o)
 .text          0x0000000006023490        0x0 /joe/Compiler/COMMON/SGL_302j/LIB_ELF/LIBSGL.A(sglM01.o)
 .text          0x0000000006023490        0x0 /joe/Compiler/COMMON/SGL_302j/LIB_ELF/LIBSGL.A(sglA00.o)
 .text          0x0000000006023490        0x0 /joe/Compiler/COMMON/SGL_302j/LIB_ELF/LIBSGL.A(sglA03.o)
 .text          0x0000000006023490        0x0 /joe/Compiler/COMMON/SGL_302j/LIB_ELF/LIBSGL.A(sglA10.o)
 .text          0x0000000006023490        0x0 /joe/Compiler/COMMON/SGL_302j/LIB_ELF/LIBSGL.A(sglA24.o)
 .text          0x0000000006023490        0x0 /joe/Compiler/COMMON/SGL_302j/LIB_ELF/LIBSGL.A(sglA25.o)
 .text          0x0000000006023490        0x0 /joe/Compiler/COMMON/SGL_302j/LIB_ELF/LIBSGL.A(sglB000.o)
 .text          0x0000000006023490        0x0 /joe/Compiler/COMMON/SGL_302j/LIB_ELF/LIBSGL.A(sglC00.o)
 .text          0x0000000006023490        0x0 /joe/Compiler/COMMON/SGL_302j/LIB_ELF/LIBSGL.A(sglC13.o)
 .text          0x0000000006023490        0x0 /joe/Compiler/COMMON/SGL_302j/LIB_ELF/LIBSGL.A(sglD19.o)
 .text          0x0000000006023490        0x0 /joe/Compiler/COMMON/SGL_302j/LIB_ELF/LIBSGL.A(sglI00.o)
 .text          0x0000000006023490        0x0 /joe/Compiler/COMMON/SGL_302j/LIB_ELF/LIBSGL.A(sglH03.o)
 .text          0x0000000006023490       0x52 /joe/Compiler/LINUX/bin/../lib/gcc/sh-none-elf/8.2.0/libgcc.a(_ashiftrt.o)
                0x0000000006023490                __ashiftrt_r4_31
                0x0000000006023490                __ashiftrt_r4_32
                0x0000000006023496                __ashiftrt_r4_30
                0x0000000006023498                __ashiftrt_r4_29
                0x000000000602349a                __ashiftrt_r4_28
                0x000000000602349c                __ashiftrt_r4_27
                0x000000000602349e                __ashiftrt_r4_26
                0x00000000060234a0                __ashiftrt_r4_25
                0x00000000060234a2                __ashiftrt_r4_24
                0x00000000060234aa                __ashiftrt_r4_23
                0x00000000060234ac                __ashiftrt_r4_22
                0x00000000060234ae                __ashiftrt_r4_21
                0x00000000060234b0                __ashiftrt_r4_20
                0x00000000060234b2                __ashiftrt_r4_19
                0x00000000060234b4                __ashiftrt_r4_18
                0x00000000060234b6                __ashiftrt_r4_17
                0x00000000060234b8                __ashiftrt_r4_16
                0x00000000060234be                __ashiftrt_r4_15
                0x00000000060234c0                __ashiftrt_r4_14
                0x00000000060234c2                __ashiftrt_r4_13
                0x00000000060234c4                __ashiftrt_r4_12
                0x00000000060234c6                __ashiftrt_r4_11
                0x00000000060234c8                __ashiftrt_r4_10
                0x00000000060234ca                __ashiftrt_r4_9
                0x00000000060234cc                __ashiftrt_r4_8
                0x00000000060234ce                __ashiftrt_r4_7
                0x00000000060234d0                __ashiftrt_r4_6
                0x00000000060234d2                __ashiftrt_r4_5
                0x00000000060234d4                __ashiftrt_r4_4
                0x00000000060234d6                __ashiftrt_r4_3
                0x00000000060234d8                __ashiftrt_r4_2
                0x00000000060234da                __ashiftrt_r4_1
                0x00000000060234de                __ashiftrt_r4_0
 *fill*         0x00000000060234e2        0x2 
 .text          0x00000000060234e4       0xa0 /joe/Compiler/LINUX/bin/../lib/gcc/sh-none-elf/8.2.0/libgcc.a(_sdivsi3.o)
                0x00000000060234e4                __sdivsi3
 .text          0x0000000006023584       0x6c /joe/Compiler/LINUX/bin/../lib/gcc/sh-none-elf/8.2.0/libgcc.a(_udivsi3.o)
                0x00000000060235a6                __udivsi3
 .text          0x00000000060235f0      0x210 /joe/Compiler/LINUX/bin/../lib/gcc/sh-none-elf/8.2.0/libgcc.a(_addsub_sf.o)
                0x0000000006023764                __addsf3
                0x00000000060237b0                __subsf3
 .text          0x0000000006023800      0x134 /joe/Compiler/LINUX/bin/../lib/gcc/sh-none-elf/8.2.0/libgcc.a(_mul_sf.o)
                0x0000000006023800                __mulsf3
 .text          0x0000000006023934       0xdc /joe/Compiler/LINUX/bin/../lib/gcc/sh-none-elf/8.2.0/libgcc.a(_div_sf.o)
                0x0000000006023934                __divsf3
 .text          0x0000000006023a10       0x54 /joe/Compiler/LINUX/bin/../lib/gcc/sh-none-elf/8.2.0/libgcc.a(_eq_sf.o)
                0x0000000006023a10                __eqsf2
 .text          0x0000000006023a64       0x54 /joe/Compiler/LINUX/bin/../lib/gcc/sh-none-elf/8.2.0/libgcc.a(_ne_sf.o)
                0x0000000006023a64                __nesf2
 .text          0x0000000006023ab8       0x4c /joe/Compiler/LINUX/bin/../lib/gcc/sh-none-elf/8.2.0/libgcc.a(_gt_sf.o)
                0x0000000006023ab8                __gtsf2
 .text          0x0000000006023b04       0x4c /joe/Compiler/LINUX/bin/../lib/gcc/sh-none-elf/8.2.0/libgcc.a(_ge_sf.o)
                0x0000000006023b04                __gesf2
 .text          0x0000000006023b50       0x54 /joe/Compiler/LINUX/bin/../lib/gcc/sh-none-elf/8.2.0/libgcc.a(_lt_sf.o)
                0x0000000006023b50                __ltsf2
 .text          0x0000000006023ba4       0x54 /joe/Compiler/LINUX/bin/../lib/gcc/sh-none-elf/8.2.0/libgcc.a(_le_sf.o)
                0x0000000006023ba4                __lesf2
 .text          0x0000000006023bf8       0x84 /joe/Compiler/LINUX/bin/../lib/gcc/sh-none-elf/8.2.0/libgcc.a(_si_to_sf.o)
                0x0000000006023bf8                __floatsisf
 .text          0x0000000006023c7c       0x7c /joe/Compiler/LINUX/bin/../lib/gcc/sh-none-elf/8.2.0/libgcc.a(_sf_to_si.o)
                0x0000000006023c7c                __fixsfsi
 .text          0x0000000006023cf8       0x3c /joe/Compiler/LINUX/bin/../lib/gcc/sh-none-elf/8.2.0/libgcc.a(_sf_to_df.o)
                0x0000000006023cf8                __extendsfdf2
 .text          0x0000000006023d34        0x0 /joe/Compiler/LINUX/bin/../lib/gcc/sh-none-elf/8.2.0/libgcc.a(_thenan_sf.o)
 .text          0x0000000006023d34       0x94 /joe/Compiler/LINUX/bin/../lib/gcc/sh-none-elf/8.2.0/libgcc.a(_usi_to_sf.o)
                0x0000000006023d34                __floatunsisf
 .text          0x0000000006023dc8       0x28 /joe/Compiler/LINUX/bin/../lib/gcc/sh-none-elf/8.2.0/libgcc.a(_make_df.o)
                0x0000000006023dc8                __make_dp
 .text          0x0000000006023df0       0x4c /joe/Compiler/LINUX/bin/../lib/gcc/sh-none-elf/8.2.0/libgcc.a(_df_to_sf.o)
                0x0000000006023df0                __truncdfsf2
 .text          0x0000000006023e3c      0x114 /joe/Compiler/LINUX/bin/../lib/gcc/sh-none-elf/8.2.0/libgcc.a(_pack_sf.o)
                0x0000000006023e3c                __pack_f
 .text          0x0000000006023f50       0xa0 /joe/Compiler/LINUX/bin/../lib/gcc/sh-none-elf/8.2.0/libgcc.a(_unpack_sf.o)
                0x0000000006023f50                __unpack_f
 .text          0x0000000006023ff0       0xa8 /joe/Compiler/LINUX/bin/../lib/gcc/sh-none-elf/8.2.0/libgcc.a(_fpcmp_parts_sf.o)
                0x0000000006023ff0                __fpcmp_parts_f
 .text          0x0000000006024098       0x20 /joe/Compiler/LINUX/bin/../lib/gcc/sh-none-elf/8.2.0/libgcc.a(_make_sf.o)
                0x0000000006024098                __make_fp
 .text          0x00000000060240b8        0x0 /joe/Compiler/LINUX/bin/../lib/gcc/sh-none-elf/8.2.0/../../../../sh-none-elf/lib/libc.a(lib_a-impure.o)
 .text          0x00000000060240b8       0x1e /joe/Compiler/LINUX/bin/../lib/gcc/sh-none-elf/8.2.0/../../../../sh-none-elf/lib/libc.a(lib_a-memcmp.o)
                0x00000000060240b8                memcmp
 *fill*         0x00000000060240d6        0x2 
 .text          0x00000000060240d8       0x94 /joe/Compiler/LINUX/bin/../lib/gcc/sh-none-elf/8.2.0/../../../../sh-none-elf/lib/libc.a(lib_a-memcpy.o)
                0x00000000060240d8                memcpy
 .text          0x000000000602416c       0x40 /joe/Compiler/LINUX/bin/../lib/gcc/sh-none-elf/8.2.0/../../../../sh-none-elf/lib/libc.a(lib_a-memset.o)
                0x000000000602416c                memset
 .text          0x00000000060241ac       0x58 /joe/Compiler/LINUX/bin/../lib/gcc/sh-none-elf/8.2.0/../../../../sh-none-elf/lib/libc.a(lib_a-rand.o)
                0x00000000060241ac                srand
                0x00000000060241c0                rand
 .text          0x0000000006024204       0x60 /joe/Compiler/LINUX/bin/../lib/gcc/sh-none-elf/8.2.0/../../../../sh-none-elf/lib/libc.a(lib_a-rget.o)
                0x0000000006024204                __srget_r
                0x0000000006024250                __srget
 .text          0x0000000006024264       0x8c /joe/Compiler/LINUX/bin/../lib/gcc/sh-none-elf/8.2.0/../../../../sh-none-elf/lib/libc.a(lib_a-sprintf.o)
                0x0000000006024264                _sprintf_r
                0x00000000060242a4                sprintf
 .text          0x00000000060242f0       0x22 /joe/Compiler/LINUX/bin/../lib/gcc/sh-none-elf/8.2.0/../../../../sh-none-elf/lib/libc.a(lib_a-strcat.o)
                0x00000000060242f0                strcat
 *fill*         0x0000000006024312        0x2 
 .text          0x0000000006024314       0x3c /joe/Compiler/LINUX/bin/../lib/gcc/sh-none-elf/8.2.0/../../../../sh-none-elf/lib/libc.a(lib_a-strcpy.o)
                0x0000000006024314                strcpy
 .text          0x0000000006024350       0x20 /joe/Compiler/LINUX/bin/../lib/gcc/sh-none-elf/8.2.0/../../../../sh-none-elf/lib/libc.a(lib_a-strlen.o)
                0x0000000006024350                strlen
 .text          0x0000000006024370       0x2a /joe/Compiler/LINUX/bin/../lib/gcc/sh-none-elf/8.2.0/../../../../sh-none-elf/lib/libc.a(lib_a-strncmp.o)
                0x0000000006024370                strncmp
 .text          0x000000000602439a       0x32 /joe/Compiler/LINUX/bin/../lib/gcc/sh-none-elf/8.2.0/../../../../sh-none-elf/lib/libc.a(lib_a-strncpy.o)
                0x000000000602439a                strncpy
 .text          0x00000000060243cc       0x36 /joe/Compiler/LINUX/bin/../lib/gcc/sh-none-elf/8.2.0/../../../../sh-none-elf/lib/libc.a(lib_a-strstr.o)
                0x00000000060243cc                strstr
 *fill*         0x0000000006024402        0x2 
 .text          0x0000000006024404     0x1378 /joe/Compiler/LINUX/bin/../lib/gcc/sh-none-elf/8.2.0/../../../../sh-none-elf/lib/libc.a(lib_a-svfprintf.o)
                0x0000000006024404                _svfprintf_r
 .text          0x000000000602577c       0xdc /joe/Compiler/LINUX/bin/../lib/gcc/sh-none-elf/8.2.0/../../../../sh-none-elf/lib/libc.a(lib_a-wbuf.o)
                0x000000000602577c                __swbuf_r
                0x0000000006025844                __swbuf
 .text          0x0000000006025858       0xcc /joe/Compiler/LINUX/bin/../lib/gcc/sh-none-elf/8.2.0/../../../../sh-none-elf/lib/libc.a(lib_a-wsetup.o)
                0x0000000006025858                __swsetup_r
 .text          0x0000000006025924      0xef4 /joe/Compiler/LINUX/bin/../lib/gcc/sh-none-elf/8.2.0/../../../../sh-none-elf/lib/libc.a(lib_a-dtoa.o)
                0x0000000006025a58                _dtoa_r
 .text          0x0000000006026818      0x1a8 /joe/Compiler/LINUX/bin/../lib/gcc/sh-none-elf/8.2.0/../../../../sh-none-elf/lib/libc.a(lib_a-fflush.o)
                0x0000000006026818                __sflush_r
                0x0000000006026958                _fflush_r
                0x0000000006026998                fflush
 .text          0x00000000060269c0      0x218 /joe/Compiler/LINUX/bin/../lib/gcc/sh-none-elf/8.2.0/../../../../sh-none-elf/lib/libc.a(lib_a-findfp.o)
                0x0000000006026a1c                _cleanup_r
                0x0000000006026a30                __sfmoreglue
                0x0000000006026a7c                _cleanup
                0x0000000006026a90                __sinit
                0x0000000006026ae4                __sfp
                0x0000000006026b98                __sfp_lock_acquire
                0x0000000006026b9c                __sfp_lock_release
                0x0000000006026ba0                __sinit_lock_acquire
                0x0000000006026ba4                __sinit_lock_release
                0x0000000006026ba8                __fp_lock_all
                0x0000000006026bc0                __fp_unlock_all
 .text          0x0000000006026bd8       0xb4 /joe/Compiler/LINUX/bin/../lib/gcc/sh-none-elf/8.2.0/../../../../sh-none-elf/lib/libc.a(lib_a-fwalk.o)
                0x0000000006026bd8                _fwalk
                0x0000000006026c2e                _fwalk_reent
 .text          0x0000000006026c8c       0x40 /joe/Compiler/LINUX/bin/../lib/gcc/sh-none-elf/8.2.0/../../../../sh-none-elf/lib/libc.a(lib_a-localeconv.o)
                0x0000000006026c8c                __localeconv_l
                0x0000000006026c94                _localeconv_r
                0x0000000006026cb0                localeconv
 .text          0x0000000006026ccc       0xa8 /joe/Compiler/LINUX/bin/../lib/gcc/sh-none-elf/8.2.0/../../../../sh-none-elf/lib/libc.a(lib_a-locale.o)
                0x0000000006026ccc                _setlocale_r
                0x0000000006026d18                __locale_mb_cur_max
                0x0000000006026d38                __locale_ctype_ptr_l
                0x0000000006026d42                __locale_ctype_ptr
                0x0000000006026d60                setlocale
 .text          0x0000000006026d74      0x110 /joe/Compiler/LINUX/bin/../lib/gcc/sh-none-elf/8.2.0/../../../../sh-none-elf/lib/libc.a(lib_a-makebuf.o)
                0x0000000006026d74                __swhatbuf_r
                0x0000000006026dd8                __smakebuf_r
 .text          0x0000000006026e84       0x4c /joe/Compiler/LINUX/bin/../lib/gcc/sh-none-elf/8.2.0/../../../../sh-none-elf/lib/libc.a(lib_a-mbtowc_r.o)
                0x0000000006026e84                _mbtowc_r
                0x0000000006026ea8                __ascii_mbtowc
 .text          0x0000000006026ed0       0x1c /joe/Compiler/LINUX/bin/../lib/gcc/sh-none-elf/8.2.0/../../../../sh-none-elf/lib/libc.a(lib_a-memchr.o)
                0x0000000006026ed0                memchr
 .text          0x0000000006026eec      0xa9c /joe/Compiler/LINUX/bin/../lib/gcc/sh-none-elf/8.2.0/../../../../sh-none-elf/lib/libc.a(lib_a-mprec.o)
                0x0000000006026eec                _Balloc
                0x0000000006026f60                _Bfree
                0x0000000006026f78                __multadd
                0x0000000006027020                __s2b
                0x00000000060270e0                __hi0bits
                0x0000000006027134                __lo0bits
                0x0000000006027198                __i2b
                0x00000000060271b4                __multiply
                0x00000000060272f8                __pow5mult
                0x00000000060273b4                __lshift
                0x00000000060274a8                __mcmp
                0x00000000060274e0                __mdiff
                0x00000000060275bc                __ulp
                0x0000000006027628                __b2d
                0x0000000006027710                __d2b
                0x00000000060277fc                __ratio
                0x0000000006027880                _mprec_log10
                0x00000000060278d8                __copybits
                0x000000000602791c                __any_on
 .text          0x0000000006027988       0x34 /joe/Compiler/LINUX/bin/../lib/gcc/sh-none-elf/8.2.0/../../../../sh-none-elf/lib/libc.a(lib_a-nano-callocr.o)
                0x0000000006027988                _calloc_r
 .text          0x00000000060279bc       0xc8 /joe/Compiler/LINUX/bin/../lib/gcc/sh-none-elf/8.2.0/../../../../sh-none-elf/lib/libc.a(lib_a-nano-freer.o)
                0x00000000060279bc                _free_r
 .text          0x0000000006027a84       0xf4 /joe/Compiler/LINUX/bin/../lib/gcc/sh-none-elf/8.2.0/../../../../sh-none-elf/lib/libc.a(lib_a-nano-mallocr.o)
                0x0000000006027a84                _malloc_r
 .text          0x0000000006027b78      0x14c /joe/Compiler/LINUX/bin/../lib/gcc/sh-none-elf/8.2.0/../../../../sh-none-elf/lib/libc.a(lib_a-refill.o)
                0x0000000006027b90                __srefill_r
 .text          0x0000000006027cc4       0x30 /joe/Compiler/LINUX/bin/../lib/gcc/sh-none-elf/8.2.0/../../../../sh-none-elf/lib/libc.a(lib_a-sbrkr.o)
                0x0000000006027cc4                _sbrk_r
 .text          0x0000000006027cf4       0xe0 /joe/Compiler/LINUX/bin/../lib/gcc/sh-none-elf/8.2.0/../../../../sh-none-elf/lib/libc.a(lib_a-stdio.o)
                0x0000000006027cf4                __sread
                0x0000000006027d30                __seofread
                0x0000000006027d34                __swrite
                0x0000000006027d84                __sseek
                0x0000000006027dc4                __sclose
 .text          0x0000000006027dd4       0x38 /joe/Compiler/LINUX/bin/../lib/gcc/sh-none-elf/8.2.0/../../../../sh-none-elf/lib/libc.a(lib_a-strcmp.o)
                0x0000000006027dd4                strcmp
 .text          0x0000000006027e0c      0xa60 /joe/Compiler/LINUX/bin/../lib/gcc/sh-none-elf/8.2.0/../../../../sh-none-elf/lib/libc.a(lib_a-svfiprintf.o)
                0x0000000006027e0c                __ssprint_r
                0x0000000006027f40                _svfiprintf_r
 .text          0x000000000602886c      0x25c /joe/Compiler/LINUX/bin/../lib/gcc/sh-none-elf/8.2.0/../../../../sh-none-elf/lib/libc.a(lib_a-syscalls.o)
                0x00000000060288e4                _read
                0x00000000060288f4                _lseek
                0x0000000006028904                _write
                0x0000000006028914                _close
                0x0000000006028924                _link
                0x0000000006028928                _sbrk
                0x0000000006028980                _fstat
                0x000000000602898a                _open
                0x000000000602899c                _creat
                0x00000000060289ac                _unlink
                0x00000000060289b0                isatty
                0x00000000060289b4                _isatty
                0x00000000060289b8                _exit
                0x00000000060289c8                _kill
                0x00000000060289dc                _getpid
                0x00000000060289e0                _raise
                0x00000000060289e4                _stat
                0x00000000060289f4                _chmod
                0x0000000006028a04                _chown
                0x0000000006028a14                _utime
                0x0000000006028a28                _fork
                0x0000000006028a34                _wait
                0x0000000006028a44                _execve
                0x0000000006028a54                _execv
                0x0000000006028a64                _pipe
                0x0000000006028a70                _times
                0x0000000006028a74                _gettimeofday
                0x0000000006028a9c                __setup_argv_and_call_main
 .text          0x0000000006028ac8       0x14 /joe/Compiler/LINUX/bin/../lib/gcc/sh-none-elf/8.2.0/../../../../sh-none-elf/lib/libc.a(lib_a-trap.o)
                0x0000000006028ac8                __trap34
 .text          0x0000000006028adc       0x40 /joe/Compiler/LINUX/bin/../lib/gcc/sh-none-elf/8.2.0/../../../../sh-none-elf/lib/libc.a(lib_a-wctomb_r.o)
                0x0000000006028adc                _wctomb_r
                0x0000000006028afc                __ascii_wctomb
 .text          0x0000000006028b1c       0x34 /joe/Compiler/LINUX/bin/../lib/gcc/sh-none-elf/8.2.0/../../../../sh-none-elf/lib/libc.a(lib_a-writer.o)
                0x0000000006028b1c                _write_r
 .text          0x0000000006028b50       0x18 /joe/Compiler/LINUX/bin/../lib/gcc/sh-none-elf/8.2.0/../../../../sh-none-elf/lib/libc.a(lib_a-abort.o)
                0x0000000006028b50                abort
 .text          0x0000000006028b68       0x30 /joe/Compiler/LINUX/bin/../lib/gcc/sh-none-elf/8.2.0/../../../../sh-none-elf/lib/libc.a(lib_a-closer.o)
                0x0000000006028b68                _close_r
 .text          0x0000000006028b98        0x0 /joe/Compiler/LINUX/bin/../lib/gcc/sh-none-elf/8.2.0/../../../../sh-none-elf/lib/libc.a(lib_a-ctype_.o)
 .text          0x0000000006028b98       0xc8 /joe/Compiler/LINUX/bin/../lib/gcc/sh-none-elf/8.2.0/../../../../sh-none-elf/lib/libc.a(lib_a-fclose.o)
                0x0000000006028b98                _fclose_r
                0x0000000006028c4c                fclose
 .text          0x0000000006028c60       0x34 /joe/Compiler/LINUX/bin/../lib/gcc/sh-none-elf/8.2.0/../../../../sh-none-elf/lib/libc.a(lib_a-fstatr.o)
                0x0000000006028c60                _fstat_r
 .text          0x0000000006028c94       0x30 /joe/Compiler/LINUX/bin/../lib/gcc/sh-none-elf/8.2.0/../../../../sh-none-elf/lib/libc.a(lib_a-isattyr.o)
                0x0000000006028c94                _isatty_r
 .text          0x0000000006028cc4       0x34 /joe/Compiler/LINUX/bin/../lib/gcc/sh-none-elf/8.2.0/../../../../sh-none-elf/lib/libc.a(lib_a-lseekr.o)
                0x0000000006028cc4                _lseek_r
 .text          0x0000000006028cf8       0x3c /joe/Compiler/LINUX/bin/../lib/gcc/sh-none-elf/8.2.0/../../../../sh-none-elf/lib/libc.a(lib_a-memmove.o)
                0x0000000006028cf8                memmove
 .text          0x0000000006028d34        0x8 /joe/Compiler/LINUX/bin/../lib/gcc/sh-none-elf/8.2.0/../../../../sh-none-elf/lib/libc.a(lib_a-mlock.o)
                0x0000000006028d34                __malloc_lock
                0x0000000006028d38                __malloc_unlock
 .text          0x0000000006028d3c       0x7c /joe/Compiler/LINUX/bin/../lib/gcc/sh-none-elf/8.2.0/../../../../sh-none-elf/lib/libc.a(lib_a-nano-reallocr.o)
                0x0000000006028d3c                _realloc_r
 .text          0x0000000006028db8       0x34 /joe/Compiler/LINUX/bin/../lib/gcc/sh-none-elf/8.2.0/../../../../sh-none-elf/lib/libc.a(lib_a-readr.o)
                0x0000000006028db8                _read_r
 .text          0x0000000006028dec      0x1b0 /joe/Compiler/LINUX/bin/../lib/gcc/sh-none-elf/8.2.0/../../../../sh-none-elf/lib/libc.a(lib_a-signal.o)
                0x0000000006028dec                _init_signal_r
                0x0000000006028e28                _signal_r
                0x0000000006028e74                _raise_r
                0x0000000006028eec                __sigtramp_r
                0x0000000006028f50                raise
                0x0000000006028f64                signal
                0x0000000006028f78                _init_signal
                0x0000000006028f88                __sigtramp
 .text          0x0000000006028f9c       0x40 /joe/Compiler/LINUX/bin/../lib/gcc/sh-none-elf/8.2.0/../../../../sh-none-elf/lib/libc.a(lib_a-signalr.o)
                0x0000000006028f9c                _kill_r
                0x0000000006028fd0                _getpid_r
 .text          0x0000000006028fdc       0x16 /joe/Compiler/LINUX/bin/../lib/gcc/sh-none-elf/8.2.0/../../../../sh-none-elf/lib/libc.a(lib_a-nano-msizer.o)
                0x0000000006028fdc                _malloc_usable_size_r
 *fill*         0x0000000006028ff2        0x2 
 .text          0x0000000006028ff4       0x80 /joe/Compiler/LINUX/bin/../lib/gcc/sh-none-elf/8.2.0/libgcc.a(_ashiftrt_n.o)
                0x0000000006028ff4                __ashrsi3
 .text          0x0000000006029074       0xbc /joe/Compiler/LINUX/bin/../lib/gcc/sh-none-elf/8.2.0/libgcc.a(_ashiftlt.o)
                0x0000000006029074                __ashlsi3
                0x0000000006029078                __ashlsi3_r0
 .text          0x0000000006029130       0xbc /joe/Compiler/LINUX/bin/../lib/gcc/sh-none-elf/8.2.0/libgcc.a(_lshiftrt.o)
                0x0000000006029130                __lshrsi3
                0x0000000006029134                __lshrsi3_r0
 .text          0x00000000060291ec      0x258 /joe/Compiler/LINUX/bin/../lib/gcc/sh-none-elf/8.2.0/libgcc.a(_udivdi3.o)
                0x00000000060291ec                __udivdi3
 .text          0x0000000006029444      0x2bc /joe/Compiler/LINUX/bin/../lib/gcc/sh-none-elf/8.2.0/libgcc.a(_umoddi3.o)
                0x0000000006029444                __umoddi3
 .text          0x0000000006029700      0x3b4 /joe/Compiler/LINUX/bin/../lib/gcc/sh-none-elf/8.2.0/libgcc.a(_addsub_df.o)
                0x0000000006029a10                __adddf3
                0x0000000006029a60                __subdf3
 .text          0x0000000006029ab4      0x208 /joe/Compiler/LINUX/bin/../lib/gcc/sh-none-elf/8.2.0/libgcc.a(_mul_df.o)
                0x0000000006029ab4                __muldf3
 .text          0x0000000006029cbc      0x130 /joe/Compiler/LINUX/bin/../lib/gcc/sh-none-elf/8.2.0/libgcc.a(_div_df.o)
                0x0000000006029cbc                __divdf3
 .text          0x0000000006029dec       0x58 /joe/Compiler/LINUX/bin/../lib/gcc/sh-none-elf/8.2.0/libgcc.a(_eq_df.o)
                0x0000000006029dec                __eqdf2
 .text          0x0000000006029e44       0x58 /joe/Compiler/LINUX/bin/../lib/gcc/sh-none-elf/8.2.0/libgcc.a(_ne_df.o)
                0x0000000006029e44                __nedf2
 .text          0x0000000006029e9c       0x50 /joe/Compiler/LINUX/bin/../lib/gcc/sh-none-elf/8.2.0/libgcc.a(_gt_df.o)
                0x0000000006029e9c                __gtdf2
 .text          0x0000000006029eec       0x50 /joe/Compiler/LINUX/bin/../lib/gcc/sh-none-elf/8.2.0/libgcc.a(_ge_df.o)
                0x0000000006029eec                __gedf2
 .text          0x0000000006029f3c       0x58 /joe/Compiler/LINUX/bin/../lib/gcc/sh-none-elf/8.2.0/libgcc.a(_lt_df.o)
                0x0000000006029f3c                __ltdf2
 .text          0x0000000006029f94       0x58 /joe/Compiler/LINUX/bin/../lib/gcc/sh-none-elf/8.2.0/libgcc.a(_le_df.o)
                0x0000000006029f94                __ledf2
 .text          0x0000000006029fec       0x40 /joe/Compiler/LINUX/bin/../lib/gcc/sh-none-elf/8.2.0/libgcc.a(_unord_df.o)
                0x0000000006029fec                __unorddf2
 .text          0x000000000602a02c       0xa8 /joe/Compiler/LINUX/bin/../lib/gcc/sh-none-elf/8.2.0/libgcc.a(_si_to_df.o)
                0x000000000602a02c                __floatsidf
 .text          0x000000000602a0d4       0xa4 /joe/Compiler/LINUX/bin/../lib/gcc/sh-none-elf/8.2.0/libgcc.a(_df_to_si.o)
                0x000000000602a0d4                __fixdfsi
 .text          0x000000000602a178        0x0 /joe/Compiler/LINUX/bin/../lib/gcc/sh-none-elf/8.2.0/libgcc.a(_thenan_df.o)
 .text          0x000000000602a178       0x88 /joe/Compiler/LINUX/bin/../lib/gcc/sh-none-elf/8.2.0/libgcc.a(_usi_to_df.o)
                0x000000000602a178                __floatunsidf
 .text          0x000000000602a200       0x60 /joe/Compiler/LINUX/bin/../lib/gcc/sh-none-elf/8.2.0/libgcc.a(_udiv_qrnnd_16.o)
                0x000000000602a200                __udiv_qrnnd_16
 .text          0x000000000602a260        0x0 /joe/Compiler/LINUX/bin/../lib/gcc/sh-none-elf/8.2.0/libgcc.a(_clz.o)
 .text          0x000000000602a260       0x58 /joe/Compiler/LINUX/bin/../lib/gcc/sh-none-elf/8.2.0/libgcc.a(_clzsi2.o)
                0x000000000602a260                __clzsi2
 .text          0x000000000602a2b8      0x25c /joe/Compiler/LINUX/bin/../lib/gcc/sh-none-elf/8.2.0/libgcc.a(_pack_df.o)
                0x000000000602a2b8                __pack_d
 .text          0x000000000602a514       0xcc /joe/Compiler/LINUX/bin/../lib/gcc/sh-none-elf/8.2.0/libgcc.a(_unpack_df.o)
                0x000000000602a514                __unpack_d
 .text          0x000000000602a5e0       0xc8 /joe/Compiler/LINUX/bin/../lib/gcc/sh-none-elf/8.2.0/libgcc.a(_fpcmp_parts_df.o)
                0x000000000602a5e0                __fpcmp_parts_d
 *(.strings)
 *(SEGA_P)
 *(.eh_frame_hdr)
 *(.eh_frame)
 .eh_frame      0x000000000602a6a8       0xa8 /joe/Compiler/LINUX/bin/../lib/gcc/sh-none-elf/8.2.0/libgcc.a(_udivdi3.o)
 .eh_frame      0x000000000602a750       0xdc /joe/Compiler/LINUX/bin/../lib/gcc/sh-none-elf/8.2.0/libgcc.a(_umoddi3.o)
                0x000000000602a82c                __etext = .

.text.startup   0x000000000602a830      0xc20
 .text.startup  0x000000000602a830      0xc14 /tmp/ccQUvd2F.ltrans0.ltrans.o
                0x000000000602a830                main

SLPROG          0x000000000602b460    0x158a0
                0x000000000602b460                __slprog_start = .
 *(SLPROG)
 SLPROG         0x000000000602b460     0x6540 /joe/Compiler/COMMON/SGL_302j/LIB_ELF/SGLAREA.O
                0x000000000602b460                MasterStack
                0x000000000602b464                SlaveStack
                0x000000000602b468                MaxVertices
                0x000000000602b46a                MaxPolygons
                0x000000000602b46c                SortList
                0x000000000602b470                SortListSize
                0x000000000602b474                TransList
                0x000000000602b478                Zbuffer
                0x000000000602b47c                SpriteBuf
                0x000000000602b480                SpriteBufSize
                0x000000000602b484                Pbuffer
                0x000000000602b488                CommandBuf
                0x000000000602b48c                CLOfstBuf
                0x000000000602b490                PCM_Work
                0x000000000602b494                PCM_WkSize
                0x000000000602b498                MaxEvents
                0x000000000602b49a                EventSize
                0x000000000602b49c                MaxWorks
                0x000000000602b49e                WorkSize
                0x000000000602b4a0                RemainEvent
                0x000000000602b5a0                RemainWork
                0x000000000602b9a0                EventBuf
                0x000000000602d9a0                WorkBuf
 SLPROG         0x00000000060319a0     0x411e /joe/Compiler/COMMON/SGL_302j/LIB_ELF/LIBSGL.A(sglA01.o)
                0x00000000060319a0                slSin
                0x00000000060319c4                slCos
                0x00000000060319e8                GetSinCos
                0x0000000006031a7c                sin_cos_index_tbl
                0x0000000006031abc                sin_tbl
 *fill*         0x0000000006035abe        0x2 
 SLPROG         0x0000000006035ac0       0x18 /joe/Compiler/COMMON/SGL_302j/LIB_ELF/LIBSGL.A(sglA15.o)
                0x0000000006035ac0                slSlaveFunc
 *fill*         0x0000000006035ad8        0x8 
 SLPROG         0x0000000006035ae0       0xd0 /joe/Compiler/COMMON/SGL_302j/LIB_ELF/LIBSGL.A(sglA16.o)
                0x0000000006035ae0                slLookAt
 SLPROG         0x0000000006035bb0       0x78 /joe/Compiler/COMMON/SGL_302j/LIB_ELF/LIBSGL.A(sglA17.o)
                0x0000000006035bb0                slRotZ
                0x0000000006035bba                slRotZSC
 *fill*         0x0000000006035c28        0x8 
 SLPROG         0x0000000006035c30       0x78 /joe/Compiler/COMMON/SGL_302j/LIB_ELF/LIBSGL.A(sglA18.o)
                0x0000000006035c30                slRotY
                0x0000000006035c3a                slRotYSC
 *fill*         0x0000000006035ca8        0x8 
 SLPROG         0x0000000006035cb0       0x78 /joe/Compiler/COMMON/SGL_302j/LIB_ELF/LIBSGL.A(sglA19.o)
                0x0000000006035cb0                slRotX
                0x0000000006035cba                slRotXSC
 *fill*         0x0000000006035d28        0x8 
 SLPROG         0x0000000006035d30      0x42c /joe/Compiler/COMMON/SGL_302j/LIB_ELF/LIBSGL.A(sglA20.o)
                0x0000000006035d30                slInitMatrix
                0x0000000006035d3a                slPushUnitMatrix
                0x0000000006035d4e                slUnitMatrix
 *fill*         0x000000000603615c        0x4 
 SLPROG         0x0000000006036160       0x48 /joe/Compiler/COMMON/SGL_302j/LIB_ELF/LIBSGL.A(sglA21.o)
                0x0000000006036160                slPushMatrix
                0x0000000006036194                slPopMatrix
                0x0000000006036194                slDecMatrixPtr
 *fill*         0x00000000060361a8        0x8 
 SLPROG         0x00000000060361b0       0x50 /joe/Compiler/COMMON/SGL_302j/LIB_ELF/LIBSGL.A(sglA27.o)
                0x00000000060361b0                slTranslate
 SLPROG         0x0000000006036200       0x70 /joe/Compiler/COMMON/SGL_302j/LIB_ELF/LIBSGL.A(sglA28.o)
                0x0000000006036200                slScale
 SLPROG         0x0000000006036270       0x22 /joe/Compiler/COMMON/SGL_302j/LIB_ELF/LIBSGL.A(sglA40.o)
                0x0000000006036270                slCalcVector
 *fill*         0x0000000006036292        0xe 
 SLPROG         0x00000000060362a0       0x20 /joe/Compiler/COMMON/SGL_302j/LIB_ELF/LIBSGL.A(sglB001.o)
                0x00000000060362a0                slTVOn
                0x00000000060362aa                slTVOff
 SLPROG         0x00000000060362c0       0x24 /joe/Compiler/COMMON/SGL_302j/LIB_ELF/LIBSGL.A(sglB011.o)
                0x00000000060362c0                slBitMapNbg1
 *fill*         0x00000000060362e4        0xc 
 SLPROG         0x00000000060362f0        0x8 /joe/Compiler/COMMON/SGL_302j/LIB_ELF/LIBSGL.A(sglB014.o)
                0x00000000060362f0                slScrTransparent
 *fill*         0x00000000060362f8        0x8 
 SLPROG         0x0000000006036300      0x40c /joe/Compiler/COMMON/SGL_302j/LIB_ELF/LIBSGL.A(sglB015.o)
                0x0000000006036300                slScrAutoDisp
 *fill*         0x000000000603670c        0x4 
 SLPROG         0x0000000006036710        0xc /joe/Compiler/COMMON/SGL_302j/LIB_ELF/LIBSGL.A(sglB016.o)
                0x0000000006036710                slBack1ColSet
 *fill*         0x000000000603671c        0x4 
 SLPROG         0x0000000006036720       0x10 /joe/Compiler/COMMON/SGL_302j/LIB_ELF/LIBSGL.A(sglB020.o)
                0x0000000006036720                slColorCalc
 SLPROG         0x0000000006036730        0xc /joe/Compiler/COMMON/SGL_302j/LIB_ELF/LIBSGL.A(sglB021.o)
                0x0000000006036730                slColorCalcOn
 *fill*         0x000000000603673c        0x4 
 SLPROG         0x0000000006036740        0xc /joe/Compiler/COMMON/SGL_302j/LIB_ELF/LIBSGL.A(sglB023.o)
                0x0000000006036740                slColRate
 *fill*         0x000000000603674c        0x4 
 SLPROG         0x0000000006036750       0xb0 /joe/Compiler/COMMON/SGL_302j/LIB_ELF/LIBSGL.A(sglB031.o)
                0x0000000006036750                slMapNbg0
 SLPROG         0x0000000006036800       0xb4 /joe/Compiler/COMMON/SGL_302j/LIB_ELF/LIBSGL.A(sglB032.o)
                0x0000000006036800                slMapNbg1
 *fill*         0x00000000060368b4        0xc 
 SLPROG         0x00000000060368c0       0xb0 /joe/Compiler/COMMON/SGL_302j/LIB_ELF/LIBSGL.A(sglB033.o)
                0x00000000060368c0                slMapNbg2
 SLPROG         0x0000000006036970       0xb4 /joe/Compiler/COMMON/SGL_302j/LIB_ELF/LIBSGL.A(sglB034.o)
                0x0000000006036970                slMapNbg3
 *fill*         0x0000000006036a24        0xc 
 SLPROG         0x0000000006036a30       0xd4 /joe/Compiler/COMMON/SGL_302j/LIB_ELF/LIBSGL.A(sglB035.o)
                0x0000000006036a30                sl1MapRA
                0x0000000006036ac2                rbank_set
 *fill*         0x0000000006036b04        0xc 
 SLPROG         0x0000000006036b10       0xa0 /joe/Compiler/COMMON/SGL_302j/LIB_ELF/LIBSGL.A(sglB036.o)
                0x0000000006036b10                sl1MapRB
 SLPROG         0x0000000006036bb0       0x70 /joe/Compiler/COMMON/SGL_302j/LIB_ELF/LIBSGL.A(sglB038.o)
                0x0000000006036bb0                slRparaInitSet
 SLPROG         0x0000000006036c20       0x7e /joe/Compiler/COMMON/SGL_302j/LIB_ELF/LIBSGL.A(sglB039.o)
                0x0000000006036c20                slMakeKtable
 *fill*         0x0000000006036c9e        0x2 
 SLPROG         0x0000000006036ca0       0x58 /joe/Compiler/COMMON/SGL_302j/LIB_ELF/LIBSGL.A(sglB040.o)
                0x0000000006036ca0                slKtableRA
 *fill*         0x0000000006036cf8        0x8 
 SLPROG         0x0000000006036d00       0x5c /joe/Compiler/COMMON/SGL_302j/LIB_ELF/LIBSGL.A(sglB041.o)
                0x0000000006036d00                slKtableRB
 *fill*         0x0000000006036d5c        0x4 
 SLPROG         0x0000000006036d60       0x10 /joe/Compiler/COMMON/SGL_302j/LIB_ELF/LIBSGL.A(sglB042.o)
                0x0000000006036d60                slCurRpara
 SLPROG         0x0000000006036d70        0x8 /joe/Compiler/COMMON/SGL_302j/LIB_ELF/LIBSGL.A(sglB043.o)
                0x0000000006036d70                slRparaMode
 *fill*         0x0000000006036d78        0x8 
 SLPROG         0x0000000006036d80      0x4e4 /joe/Compiler/COMMON/SGL_302j/LIB_ELF/LIBSGL.A(sglB044.o)
                0x0000000006036d80                slScrMatSet
 *fill*         0x0000000006037264        0xc 
 SLPROG         0x0000000006037270       0x28 /joe/Compiler/COMMON/SGL_302j/LIB_ELF/LIBSGL.A(sglB045.o)
                0x0000000006037270                slScrMatConv
 *fill*         0x0000000006037298        0x8 
 SLPROG         0x00000000060372a0        0xc /joe/Compiler/COMMON/SGL_302j/LIB_ELF/LIBSGL.A(sglB047.o)
                0x00000000060372a0                slOverRA
 *fill*         0x00000000060372ac        0x4 
 SLPROG         0x00000000060372b0       0x10 /joe/Compiler/COMMON/SGL_302j/LIB_ELF/LIBSGL.A(sglB048.o)
                0x00000000060372b0                slOverRB
 SLPROG         0x00000000060372c0        0xc /joe/Compiler/COMMON/SGL_302j/LIB_ELF/LIBSGL.A(sglB055.o)
                0x00000000060372c0                slPlaneNbg0
 *fill*         0x00000000060372cc        0x4 
 SLPROG         0x00000000060372d0        0xc /joe/Compiler/COMMON/SGL_302j/LIB_ELF/LIBSGL.A(sglB056.o)
                0x00000000060372d0                slPlaneNbg1
 *fill*         0x00000000060372dc        0x4 
 SLPROG         0x00000000060372e0       0x10 /joe/Compiler/COMMON/SGL_302j/LIB_ELF/LIBSGL.A(sglB057.o)
                0x00000000060372e0                slPlaneNbg2
 SLPROG         0x00000000060372f0       0x10 /joe/Compiler/COMMON/SGL_302j/LIB_ELF/LIBSGL.A(sglB058.o)
                0x00000000060372f0                slPlaneNbg3
 SLPROG         0x0000000006037300        0xc /joe/Compiler/COMMON/SGL_302j/LIB_ELF/LIBSGL.A(sglB059.o)
                0x0000000006037300                slPlaneRA
 *fill*         0x000000000603730c        0x4 
 SLPROG         0x0000000006037310       0x10 /joe/Compiler/COMMON/SGL_302j/LIB_ELF/LIBSGL.A(sglB060.o)
                0x0000000006037310                slPlaneRB
 SLPROG         0x0000000006037320        0xc /joe/Compiler/COMMON/SGL_302j/LIB_ELF/LIBSGL.A(sglB063.o)
                0x0000000006037320                slPriority
 *fill*         0x000000000603732c        0x4 
 SLPROG         0x0000000006037330       0x18 /joe/Compiler/COMMON/SGL_302j/LIB_ELF/LIBSGL.A(sglB087.o)
                0x0000000006037330                slLineScrollTable0
 *fill*         0x0000000006037348        0x8 
 SLPROG         0x0000000006037350        0x8 /joe/Compiler/COMMON/SGL_302j/LIB_ELF/LIBSGL.A(sglB088.o)
                0x0000000006037350                slLineScrollTable1
 *fill*         0x0000000006037358        0x8 
 SLPROG         0x0000000006037360        0xc /joe/Compiler/COMMON/SGL_302j/LIB_ELF/LIBSGL.A(sglB090.o)
                0x0000000006037360                slLineScrollMode
 *fill*         0x000000000603736c        0x4 
 SLPROG         0x0000000006037370      0x114 /joe/Compiler/COMMON/SGL_302j/LIB_ELF/LIBSGL.A(sglB200.o)
                0x0000000006037370                slCharRbg0
                0x000000000603737c                slCharNbg0
                0x0000000006037388                slCharNbg1
                0x0000000006037394                slCharNbg2
                0x00000000060373aa                slCharNbg3
                0x00000000060373c2                slPageRbg0
                0x00000000060373d8                slPageNbg1
                0x00000000060373e0                slPageNbg2
                0x00000000060373e8                slPageNbg3
                0x00000000060373f4                slPageNbg0
 *fill*         0x0000000006037484        0xc 
 SLPROG         0x0000000006037490       0x6c /joe/Compiler/COMMON/SGL_302j/LIB_ELF/LIBSGL.A(sglC01.o)
                0x0000000006037490                slPerspective
 *fill*         0x00000000060374fc        0x4 
 SLPROG         0x0000000006037500       0xc4 /joe/Compiler/COMMON/SGL_302j/LIB_ELF/LIBSGL.A(sglC03.o)
                0x0000000006037500                slWindow
 *fill*         0x00000000060375c4        0xc 
 SLPROG         0x00000000060375d0       0x2c /joe/Compiler/COMMON/SGL_302j/LIB_ELF/LIBSGL.A(sglC04.o)
                0x00000000060375d0                slZdspLevel
 *fill*         0x00000000060375fc        0x4 
 SLPROG         0x0000000006037600       0x78 /joe/Compiler/COMMON/SGL_302j/LIB_ELF/LIBSGL.A(sglC05.o)
                0x0000000006037600                slSetSprite
 *fill*         0x0000000006037678        0x8 
 SLPROG         0x0000000006037680       0xfa /joe/Compiler/COMMON/SGL_302j/LIB_ELF/LIBSGL.A(sglC06.o)
                0x0000000006037680                slDispSprite
 *fill*         0x000000000603777a        0x6 
 SLPROG         0x0000000006037780      0x162 /joe/Compiler/COMMON/SGL_302j/LIB_ELF/LIBSGL.A(sglC07.o)
                0x0000000006037786                slPutSprite
 *fill*         0x00000000060378e2        0xe 
 SLPROG         0x00000000060378f0     0x1218 /joe/Compiler/COMMON/SGL_302j/LIB_ELF/LIBSGL.A(sglC08.o)
                0x00000000060378f0                slPutPolygon
                0x000000000603856c                MsCalcDepthFlat
 *fill*         0x0000000006038b08        0x8 
 SLPROG         0x0000000006038b10       0x8c /joe/Compiler/COMMON/SGL_302j/LIB_ELF/LIBSGL.A(sglC14.o)
                0x0000000006038b10                slCurWindow
 *fill*         0x0000000006038b9c        0x4 
 SLPROG         0x0000000006038ba0       0x54 /joe/Compiler/COMMON/SGL_302j/LIB_ELF/LIBSGL.A(sglC16.o)
                0x0000000006038ba0                slDynamicFrame
 *fill*         0x0000000006038bf4        0xc 
 SLPROG         0x0000000006038c00       0x4c /joe/Compiler/COMMON/SGL_302j/LIB_ELF/LIBSGL.A(sglC17.o)
                0x0000000006038c00                slDispSpriteHV
 *fill*         0x0000000006038c4c        0x4 
 SLPROG         0x0000000006038c50       0xd4 /joe/Compiler/COMMON/SGL_302j/LIB_ELF/LIBSGL.A(sglC19.o)
                0x0000000006038c50                slDispSprite4P
 *fill*         0x0000000006038d24        0xc 
 SLPROG         0x0000000006038d30       0x40 /joe/Compiler/COMMON/SGL_302j/LIB_ELF/LIBSGL.A(sglC20.o)
                0x0000000006038d30                SpriteEntry
 SLPROG         0x0000000006038d70      0x4ae /joe/Compiler/COMMON/SGL_302j/LIB_ELF/LIBSGL.A(sglC21.o)
                0x0000000006038df8                RotSprite
                0x0000000006038e86                SetSprPosition
 *fill*         0x000000000603921e        0x2 
 SLPROG         0x0000000006039220       0x84 /joe/Compiler/COMMON/SGL_302j/LIB_ELF/LIBSGL.A(sglD00.o)
                0x0000000006039220                slDMACopy
                0x0000000006039220                slCpuDMACopy
                0x000000000603927a                slCashPurge
                0x000000000603927a                CSH_AllClr
 *fill*         0x00000000060392a4        0xc 
 SLPROG         0x00000000060392b0       0xa0 /joe/Compiler/COMMON/SGL_302j/LIB_ELF/LIBSGL.A(sglD01.o)
                0x00000000060392b0                slDMAXCopy
 SLPROG         0x0000000006039350       0x10 /joe/Compiler/COMMON/SGL_302j/LIB_ELF/LIBSGL.A(sglD02.o)
                0x0000000006039350                slDMAWait
 SLPROG         0x0000000006039360        0xc /joe/Compiler/COMMON/SGL_302j/LIB_ELF/LIBSGL.A(sglD03.o)
                0x0000000006039360                slDMAStatus
 *fill*         0x000000000603936c        0x4 
 SLPROG         0x0000000006039370       0x20 /joe/Compiler/COMMON/SGL_302j/LIB_ELF/LIBSGL.A(sglD15.o)
                0x0000000006039370                CSH_Purge
 SLPROG         0x0000000006039390       0x84 /joe/Compiler/COMMON/SGL_302j/LIB_ELF/LIBSGL.A(sglD16.o)
                0x0000000006039390                DMA_ScuSetPrm
                0x00000000060393d8                DMA_SCU_PRM0
 *fill*         0x0000000006039414        0xc 
 SLPROG         0x0000000006039420       0x88 /joe/Compiler/COMMON/SGL_302j/LIB_ELF/LIBSGL.A(sglD17.o)
                0x0000000006039420                DMA_ScuStart
 *fill*         0x00000000060394a8        0x8 
 SLPROG         0x00000000060394b0       0x34 /joe/Compiler/COMMON/SGL_302j/LIB_ELF/LIBSGL.A(sglD18.o)
                0x00000000060394b0                DMA_ScuGetStatus
 *fill*         0x00000000060394e4        0xc 
 SLPROG         0x00000000060394f0       0x34 /joe/Compiler/COMMON/SGL_302j/LIB_ELF/LIBSGL.A(sglF08.o)
                0x00000000060394f0                slDec2Hex
 *fill*         0x0000000006039524        0xc 
 SLPROG         0x0000000006039530      0xfc8 /joe/Compiler/COMMON/SGL_302j/LIB_ELF/LIBSGL.A(sglH00.o)
                0x0000000006039548                slGetPortDir1
                0x0000000006039550                slGetPortDir2
                0x0000000006039558                slSetPortDir1
                0x0000000006039582                slSetPortDir2
                0x00000000060395bc                slGetPortData1
                0x00000000060395c4                slGetPortData2
                0x00000000060395cc                slSetPortData1
                0x00000000060395d6                slSetPortData2
                0x00000000060395e8                slGetPortSelect1
                0x00000000060395f2                slGetPortSelect2
                0x00000000060395fc                slSetPortSelect1
                0x0000000006039630                slSetPortSelect2
                0x000000000603966c                slGetPortExt1
                0x0000000006039676                slGetPortExt2
                0x0000000006039680                slSetPortExt1
                0x00000000060396b0                slSetPortExt2
                0x0000000006039824                slSmpcDirectAccess
                0x00000000060398a4                slInitPeripheral
                0x0000000006039936                slSetResultBuffer
                0x00000000060399c2                slCheckIntBackSet
                0x00000000060399ce                slIntBackCancel
                0x00000000060399f8                slCheckReset
                0x0000000006039a02                slClearReset
                0x0000000006039bc8                slSmpcCashSend
                0x0000000006039c84                slSmpcCashBlow
                0x0000000006039d60                slGetOptimize
                0x0000000006039d6a                slSetOptimize
                0x0000000006039d90                slGetPortMode1
                0x0000000006039d9c                slGetPortMode2
                0x0000000006039daa                slSetPortMode1
                0x0000000006039de8                slSetPortMode2
                0x0000000006039f74                slRequestCommand
                0x0000000006039fe4                Smpc_Status
                0x0000000006039fe8                Smpc_Result
                0x0000000006039fec                Smpc_Peripheral
                0x0000000006039ff2                Per_Connect1
                0x0000000006039ff3                Per_Connect2
                0x000000000603a014                SmpcStatusBuf
 *fill*         0x000000000603a4f8        0x8 
 SLPROG         0x000000000603a500       0xa8 /joe/Compiler/COMMON/SGL_302j/LIB_ELF/LIBSGL.A(sglH01.o)
                0x000000000603a500                slGetLanguage
                0x000000000603a50a                slSetLanguage
                0x000000000603a52c                slGetSoundEffect
                0x000000000603a538                slSetSoundEffect
                0x000000000603a554                slGetSoundOutput
                0x000000000603a560                slSetSoundOutput
                0x000000000603a57c                slGetHelpWindow
                0x000000000603a588                slSetHelpWindow
 *fill*         0x000000000603a5a8        0x8 
 SLPROG         0x000000000603a5b0      0x470 /joe/Compiler/COMMON/SGL_302j/LIB_ELF/LIBSGL.A(sglH02.o)
                0x000000000603a9a0                smpc_pfr_tbl
                0x000000000603a9e0                smpc_ptf_tbl
 SLPROG         0x000000000603aa20       0x60 /joe/Compiler/COMMON/SGL_302j/LIB_ELF/LIBSGL.A(sglH04.o)
                0x000000000603aa20                slComPrmIntBack
                0x000000000603aa34                slComPrmSetMemory
                0x000000000603aa4a                slComPrmSetTime
 SLPROG         0x000000000603aa80      0x3a4 /joe/Compiler/COMMON/SGL_302j/LIB_ELF/LIBSGL.A(sglI01.o)
                0x000000000603aa80                slInitSynch
                0x000000000603aa9a                slSynch
                0x000000000603ab90                slRandom
                0x000000000603abae                PCM_EndCheck
                0x000000000603ac6a                RetPCMBuf
                0x000000000603ad04                PCM_Buf
                0x000000000603ada4                Sound_Buf
 *fill*         0x000000000603ae24        0xc 
 SLPROG         0x000000000603ae30       0x10 /joe/Compiler/COMMON/SGL_302j/LIB_ELF/LIBSGL.A(sglI04.o)
                0x000000000603ae30                slIntFunction
 SLPROG         0x000000000603ae40       0x74 /joe/Compiler/COMMON/SGL_302j/LIB_ELF/LIBSGL.A(sglJ00.o)
                0x000000000603ae40                InitSlaveSH
                0x000000000603aea8                SlaveCommand
 *fill*         0x000000000603aeb4        0xc 
 SLPROG         0x000000000603aec0      0x3d0 /joe/Compiler/COMMON/SGL_302j/LIB_ELF/LIBSGL.A(sglJ01.o)
                0x000000000603aec0                SlaveControl
                0x000000000603b27c                ErasePolygonData
 SLPROG         0x000000000603b290     0x12b8 /joe/Compiler/COMMON/SGL_302j/LIB_ELF/LIBSGL.A(sglJ02.o)
                0x000000000603b290                sbMakePolygon
                0x000000000603b478                sbCalcPolygon
                0x000000000603c1b0                SetTexture
                0x000000000603c1bc                SetPolygon
                0x000000000603c1c4                SetPosition
                0x000000000603c1fc                stvtc_4
                0x000000000603c2b4                stvtc_3
                0x000000000603c4c4                stvtc_1
                0x000000000603c4d8                stvtc_2
                0x000000000603c4ec                stvtc_0
 *fill*         0x000000000603c548        0x8 
 SLPROG         0x000000000603c550      0x140 /joe/Compiler/COMMON/SGL_302j/LIB_ELF/LIBSGL.A(sglJ03.o)
                0x000000000603c550                sbMakeDMATable
 SLPROG         0x000000000603c690      0x470 /joe/Compiler/COMMON/SGL_302j/LIB_ELF/LIBSGL.A(sglJ04.o)
                0x000000000603c6ee                sbMakeSprite
                0x000000000603c754                sbMakeRotSprite
 SLPROG         0x000000000603cb00       0x3c /joe/Compiler/COMMON/SGL_302j/LIB_ELF/LIBSGL.A(sglJ05.o)
                0x000000000603cb00                sbSortEntry
 *fill*         0x000000000603cb3c        0x4 
 SLPROG         0x000000000603cb40      0x4b8 /joe/Compiler/COMMON/SGL_302j/LIB_ELF/LIBSGL.A(sglM00.o)
                0x000000000603cb40                slInitGouraud
                0x000000000603cc34                slPutPolygonX
                0x000000000603cc7a                slGouraudTblCopy
                0x000000000603ccd2                slSetGouraudTbl
                0x000000000603ccd8                slSetGouraudColor
                0x000000000603cd50                slSetAmbient
                0x000000000603cd74                slSetFlatColor
 *fill*         0x000000000603cff8        0x8 
 SLPROG         0x000000000603d000       0x6a /joe/Compiler/COMMON/SGL_302j/LIB_ELF/LIBSGL.A(sglM01.o)
                0x000000000603d000                slSetDepthLimit
                0x000000000603d02c                slSetDepthTbl
                0x000000000603d05c                DepthWorkArea
 *fill*         0x000000000603d06a        0x6 
 SLPROG         0x000000000603d070       0x20 /joe/Compiler/COMMON/SGL_302j/LIB_ELF/LIBSGL.A(sglA00.o)
                0x000000000603d070                set_imask
                0x000000000603d070                _builtin_set_imask
                0x000000000603d084                get_imask
                0x000000000603d084                _builtin_get_imask
 SLPROG         0x000000000603d090     0x215c /joe/Compiler/COMMON/SGL_302j/LIB_ELF/LIBSGL.A(sglA03.o)
                0x000000000603d090                slTan
 *fill*         0x000000000603f1ec        0x4 
 SLPROG         0x000000000603f1f0       0x34 /joe/Compiler/COMMON/SGL_302j/LIB_ELF/LIBSGL.A(sglA10.o)
                0x000000000603f1f0                slSquartDbl
 *fill*         0x000000000603f224        0xc 
 SLPROG         0x000000000603f230      0x3c2 /joe/Compiler/COMMON/SGL_302j/LIB_ELF/LIBSGL.A(sglA24.o)
                0x000000000603f230                slInversMatrix
 *fill*         0x000000000603f5f2        0xe 
 SLPROG         0x000000000603f600       0x24 /joe/Compiler/COMMON/SGL_302j/LIB_ELF/LIBSGL.A(sglA25.o)
                0x000000000603f600                slTransposeMatrix
 *fill*         0x000000000603f624        0xc 
 SLPROG         0x000000000603f630      0xbd0 /joe/Compiler/COMMON/SGL_302j/LIB_ELF/LIBSGL.A(sglB000.o)
                0x000000000603f630                slInitScroll