Archive member included to satisfy reference by file (symbol)

/joengine/Compiler/COMMON/SGL_302j/LIB_ELF/SEGA_SYS.A(sys_exit.o)
                              /work/jo_engine/core.o (symbol from plugin) (SYS_Exit)
/joengine/Compiler/COMMON/SGL_302j/LIB_ELF/SEGA_SYS.A(sys_sub.o)
                              /joengine/Compiler/COMMON/SGL_302j/LIB_ELF/SEGA_SYS.A(sys_exit.o) (SYSUB_SetStackptr)
/joengine/Compiler/COMMON/SGL_302j/LIB_ELF/LIBCD.A(CDC_CMN.O)
                              /joengine/Compiler/COMMON/SGL_302j/LIB_ELF/SEGA_SYS.A(sys_exit.o) (CDC_GetCurStat)
/joengine/Compiler/COMMON/SGL_302j/LIB_ELF/LIBCD.A(CDC_DRV.O)
                              pcmsys.o (symbol from plugin) (CDC_CdPlay)
/joengine/Compiler/COMMON/SGL_302j/LIB_ELF/LIBCD.A(CDC_CFS.O)
                              /joengine/Compiler/COMMON/SGL_302j/LIB_ELF/SEGA_SYS.A(sys_exit.o) (CDC_ChgDir)
/joengine/Compiler/COMMON/SGL_302j/LIB_ELF/LIBCD.A(CDC_REG.O)
                              /joengine/Compiler/COMMON/SGL_302j/LIB_ELF/SEGA_SYS.A(sys_exit.o) (CDC_GetHirqReq)
/joengine/Compiler/COMMON/SGL_302j/LIB_ELF/LIBCD.A(CDC_SUB.O)
                              /joengine/Compiler/COMMON/SGL_302j/LIB_ELF/LIBCD.A(CDC_CMN.O) (CDSUB_UpdStatus)
/joengine/Compiler/COMMON/SGL_302j/LIB_ELF/LIBCD.A(GFS.O)
                              pcmsys.o (symbol from plugin) (GFS_Init)
/joengine/Compiler/COMMON/SGL_302j/LIB_ELF/LIBCD.A(GFS_BUF.O)
                              /joengine/Compiler/COMMON/SGL_302j/LIB_ELF/LIBCD.A(GFS.O) (GFBF_GetNumData)
/joengine/Compiler/COMMON/SGL_302j/LIB_ELF/LIBCD.A(GFS_CDB.O)
                              /joengine/Compiler/COMMON/SGL_302j/LIB_ELF/LIBCD.A(GFS.O) (GFCB_Close)
/joengine/Compiler/COMMON/SGL_302j/LIB_ELF/LIBCD.A(GFS_CDC.O)
                              /joengine/Compiler/COMMON/SGL_302j/LIB_ELF/LIBCD.A(GFS.O) (GFCD_SetCdbfs)
/joengine/Compiler/COMMON/SGL_302j/LIB_ELF/LIBCD.A(GFS_CDF.O)
                              /joengine/Compiler/COMMON/SGL_302j/LIB_ELF/LIBCD.A(GFS.O) (GFCF_Init)
/joengine/Compiler/COMMON/SGL_302j/LIB_ELF/LIBCD.A(GFS_DIR.O)
                              /joengine/Compiler/COMMON/SGL_302j/LIB_ELF/LIBCD.A(GFS.O) (GFDR_SetupDirTbl)
/joengine/Compiler/COMMON/SGL_302j/LIB_ELF/LIBCD.A(GFS_TRN.O)
                              /joengine/Compiler/COMMON/SGL_302j/LIB_ELF/LIBCD.A(GFS.O) (GFTR_Setup)
/joengine/Compiler/COMMON/SGL_302j/LIB_ELF/LIBCD.A(CDC_DEV.O)
                              /joengine/Compiler/COMMON/SGL_302j/LIB_ELF/LIBCD.A(GFS_CDC.O) (CDC_CdSetCon)
/joengine/Compiler/COMMON/SGL_302j/LIB_ELF/LIBCD.A(CDC_SEL.O)
                              /joengine/Compiler/COMMON/SGL_302j/LIB_ELF/LIBCD.A(GFS_CDC.O) (CDC_SetFiltRange)
/joengine/Compiler/COMMON/SGL_302j/LIB_ELF/LIBCD.A(CDC_BIF.O)
                              /joengine/Compiler/COMMON/SGL_302j/LIB_ELF/LIBCD.A(GFS_CDC.O) (CDC_GetBufSiz)
/joengine/Compiler/COMMON/SGL_302j/LIB_ELF/LIBCD.A(CDC_BIO.O)
                              /joengine/Compiler/COMMON/SGL_302j/LIB_ELF/LIBCD.A(GFS_CDC.O) (CDC_SetSctLen)
/joengine/Compiler/COMMON/SGL_302j/LIB_ELF/LIBSGL.A(sglA01.o)
                              /work/jo_engine/math.o (symbol from plugin) (slSin)
/joengine/Compiler/COMMON/SGL_302j/LIB_ELF/LIBSGL.A(sglA15.o)
                              /work/jo_engine/slave.o (symbol from plugin) (slSlaveFunc)
/joengine/Compiler/COMMON/SGL_302j/LIB_ELF/LIBSGL.A(sglA16.o)
                              main.o (symbol from plugin) (slLookAt)
/joengine/Compiler/COMMON/SGL_302j/LIB_ELF/LIBSGL.A(sglA17.o)
                              /joengine/Compiler/COMMON/SGL_302j/LIB_ELF/LIBSGL.A(sglA16.o) (slRotZ)
/joengine/Compiler/COMMON/SGL_302j/LIB_ELF/LIBSGL.A(sglA18.o)
                              main.o (symbol from plugin) (slRotY)
/joengine/Compiler/COMMON/SGL_302j/LIB_ELF/LIBSGL.A(sglA19.o)
                              main.o (symbol from plugin) (slRotX)
/joengine/Compiler/COMMON/SGL_302j/LIB_ELF/LIBSGL.A(sglA20.o)
                              main.o (symbol from plugin) (slUnitMatrix)
/joengine/Compiler/COMMON/SGL_302j/LIB_ELF/LIBSGL.A(sglA21.o)
                              main.o (symbol from plugin) (slPushMatrix)
/joengine/Compiler/COMMON/SGL_302j/LIB_ELF/LIBSGL.A(sglA27.o)
                              /joengine/Compiler/COMMON/SGL_302j/LIB_ELF/LIBSGL.A(sglA16.o) (slTranslate)
/joengine/Compiler/COMMON/SGL_302j/LIB_ELF/LIBSGL.A(sglA28.o)
                              main.o (symbol from plugin) (slScale)
/joengine/Compiler/COMMON/SGL_302j/LIB_ELF/LIBSGL.A(sglA40.o)
                              main.o (symbol from plugin) (slCalcVector)
/joengine/Compiler/COMMON/SGL_302j/LIB_ELF/LIBSGL.A(sglB001.o)
                              main.o (symbol from plugin) (slTVOn)
/joengine/Compiler/COMMON/SGL_302j/LIB_ELF/LIBSGL.A(sglB011.o)
                              /work/jo_engine/vdp2.o (symbol from plugin) (slBitMapNbg1)
/joengine/Compiler/COMMON/SGL_302j/LIB_ELF/LIBSGL.A(sglB014.o)
[...]
Memory Configuration

Name             Origin             Length             Attributes
*default*        0x0000000000000000 0xffffffffffffffff

Linker script and memory map


SLSTART         0x0000000006004000       0x30
                0x0000000006004000                ___Start = .
 *(SLSTART)
 SLSTART        0x0000000006004000       0x28 /joengine/Compiler/COMMON/SGL_302j/LIB_ELF/LIBSGL.A(sglI00.o)
                0x0000000006004000                SGL_Start
                0x0000000006004002                slStartSGL

.text           0x0000000006004040    0x20490
 *(.text)
 .text          0x0000000006004040        0x0 /joengine/Compiler/COMMON/SGL_302j/LIB_ELF/SGLAREA.O
 .text          0x0000000006004040     0x86cc /tmp/ccHZRxUv.ltrans0.ltrans.o
                0x00000000060044f0                jo_sprite_draw.constprop.53
                0x00000000060045fc                jo_nbg2_print.constprop.38
                0x0000000006004660                render_CLUT_sprite_MESH.constprop.37
                0x00000000060046ac                __jo_core_set_screens_order.constprop.36
                0x0000000006004764                CDDAPlaySingle.constprop.31
                0x00000000060047a0                jo_vdp2_clear_bitmap_nbg1.constprop.23
                0x000000000600480c                jo_vdp2_malloc
                0x0000000006004950                jo_vdp2_free
                0x0000000006004a9c                jo_nbg2_clear
                0x0000000006004ac8                jo_vdp2_disable_rbg0
                0x0000000006004b24                __jo_create_map.lto_priv.629
                0x0000000006004b84                jo_img_to_vdp2_cells
                0x0000000006004bfe                jo_set_default_background_color
                0x0000000006004e6a                jo_free
                0x0000000006004e90                jo_backup_unmount.constprop.12
                0x0000000006004f34                jo_sprite_free_from
                0x0000000006004ff0                jo_malloc_with_behaviour
                0x0000000006005430                load_textures.constprop.25
                0x000000000600546c                jo_backup_mount.constprop.7
                0x000000000600562c                jo_random
                0x00000000060056a4                jo_atan2f_rad
                0x0000000006005840                jo_fixed_cos
                0x000000000600589c                jo_fixed_sin
                0x0000000006005b94                __jo_tga_any_loader
                0x0000000006005cd0                jo_sprite_add_tga.constprop.24
                0x0000000006005dac                _lseek
                0x0000000006005db0                _isatty
                0x0000000006005db4                _fstat
                0x0000000006005db8                _close
                0x0000000006005dbc                _write
                0x0000000006005dc0                _read
                0x0000000006005dc4                _realloc_r
                0x0000000006005e30                _calloc_r
                0x0000000006005e60                _free_r
                0x0000000006005e74                _malloc_r
                0x0000000006005ed6                mnet_log
                0x0000000006005f6c                mnet_init
                0x0000000006006670                confirm_name.lto_priv.628
                0x0000000006006920                CDDAStop
                0x000000000600693c                pcm_cease
                0x0000000006006964                pcm_play
                0x00000000060069c0                has_object_collision
                0x0000000006006a66                object_viewer.part.12
                0x00000000060076a0                mnet_client_log
                0x0000000006007730                load_binary.constprop.29
                0x0000000006008178                player_select.part.18
                0x00000000060095ac                mnet_send_disconnect
                0x00000000060096ec                lobby_screen
                0x0000000006009ed8                mnet_tick
                0x000000000600ae08                my_gamepad.part.16
                0x000000000600c440                modem_dial.lto_priv.623
                0x000000000600c4e4                modem_init.lto_priv.627
                0x000000000600c588                modem_probe.lto_priv.625
 .text          0x000000000600c70c     0xa1ec /tmp/ccHZRxUv.ltrans1.ltrans.o
                0x000000000600cdf0                my_vblank
                0x000000000600d034                set_palette
                0x000000000600d04c                change_player_palette
                0x000000000600d13c                load_preview
                0x000000000600d178                load_level
                0x000000000600d248                load_car
                0x000000000600d3c0                move_camera
                0x000000000600d9dc                computeLight
                0x000000000600da50                getSeconds
                0x000000000600dad0                init_1p_display
                0x000000000600db58                stop_engine_sound
                0x000000000600dbc4                stop_sounds
                0x000000000600df20                render_CLUT_sprite
                0x000000000600ec40                ztClearText
                0x000000000600ef1c                transition_to_title_screen
                0x000000000600fb60                mmm_get_p2_port
                0x000000000600fd72                saturn_uart_detect.lto_priv.527
                0x000000000600fdf2                saturn_uart_reg_write.lto_priv.529.lto_priv.576
                0x000000000600fe0c                saturn_uart_reg_read.lto_priv.531.lto_priv.577
                0x000000000600fe28                saturn_transport_rx_byte.lto_priv.540
                0x000000000600fe34                saturn_uart_read_iir.lto_priv.509.lto_priv.568
                0x000000000600fe40                saturn_uart_read_msr.lto_priv.511.lto_priv.569
                0x000000000600fe4c                saturn_uart_read_lsr.lto_priv.513.lto_priv.570
                0x000000000600fe58                saturn_uart_clear_errors.lto_priv.515.lto_priv.571
                0x000000000600fe78                saturn_uart_rx_error.lto_priv.517.lto_priv.572
                0x000000000600fe90                saturn_uart_rx_ready.lto_priv.519.lto_priv.573
                0x000000000600fea4                saturn_transport_rx_ready.lto_priv.539
                0x000000000600feb0                saturn_uart_flush_rx.lto_priv.497.lto_priv.561
                0x000000000600fee4                modem_flush_input.lto_priv.490.lto_priv.492
                0x000000000600fef0                saturn_uart_loopback_test.lto_priv.495.lto_priv.563
                0x000000000600ff7c                saturn_uart_read_raw.lto_priv.499.lto_priv.564
                0x000000000600fffc                saturn_uart_getc_timeout.lto_priv.503.lto_priv.565
                0x0000000006010034                modem_read_line.lto_priv.493.lto_priv.559
                0x00000000060100a0                saturn_uart_getc.lto_priv.505.lto_priv.566
                0x00000000060100c8                saturn_uart_tx_ready.lto_priv.521.lto_priv.574
                0x00000000060100e0                saturn_uart_putc.lto_priv.507.lto_priv.567
                0x000000000601012c                saturn_transport_send.lto_priv.541
                0x0000000006010170                saturn_uart_puts.lto_priv.501.lto_priv.560
                0x00000000060102f4                modem_escape_to_command.lto_priv.488.lto_priv.558
                0x0000000006010370                saturn_uart_set_baud.lto_priv.525.lto_priv.575
                0x00000000060103c8                saturn_uart_init.lto_priv.523.lto_priv.562
                0x00000000060104e0                saturn_smpc_command.lto_priv.537.lto_priv.579
                0x0000000006010508                saturn_netlink_smpc_disable.lto_priv.533.lto_priv.578
                0x0000000006010514                saturn_netlink_smpc_enable.lto_priv.535.lto_priv.544
                0x0000000006010564                mnet_encode_lap_complete.lto_priv.371.lto_priv.375
                0x000000000601058a                mnet_encode_client_log.lto_priv.376.lto_priv.551
                0x00000000060105dc                mnet_encode_leaderboard_req.lto_priv.380.lto_priv.384
                0x00000000060105ec                mnet_encode_remove_local_player.lto_priv.385.lto_priv.389
                0x00000000060105fc                mnet_encode_add_local_player.lto_priv.390.lto_priv.550
                0x0000000006010640                mnet_encode_powerup_pickup.lto_priv.394.lto_priv.398
                0x0000000006010654                mnet_encode_player_state_p2.lto_priv.399.lto_priv.552
                0x00000000060106ec                mnet_encode_player_state.lto_priv.403.lto_priv.553
                0x000000000601077c                mnet_encode_input_state_p2.lto_priv.407.lto_priv.411
                0x00000000060107a6                mnet_encode_input_state.lto_priv.412.lto_priv.416
                0x00000000060107cc                mnet_encode_car_select.lto_priv.417.lto_priv.421
                0x00000000060107e0                mnet_encode_start_game.lto_priv.422.lto_priv.426
                0x00000000060107f0                mnet_encode_ready.lto_priv.427.lto_priv.431
                0x0000000006010800                mnet_encode_heartbeat.lto_priv.432.lto_priv.436
                0x0000000006010810                mnet_encode_disconnect.lto_priv.437.lto_priv.441
                0x0000000006010820                mnet_encode_set_username.lto_priv.442.lto_priv.548
                0x0000000006010864                mnet_encode_connect_uuid.lto_priv.446.lto_priv.547
                0x0000000006010882                mnet_encode_connect.lto_priv.450.lto_priv.454
                0x0000000006010890                mnet_read_string.lto_priv.455.lto_priv.549
                0x00000000060108d8                mnet_rx_init.lto_priv.463.lto_priv.467
                0x00000000060108e6                net_transport_is_connected.lto_priv.472.lto_priv.555
                0x00000000060108fc                net_transport_send.lto_priv.476.lto_priv.545
                0x00000000060133d0                mnet_send_frame.lto_priv.468.lto_priv.554
                0x0000000006013408                net_transport_rx_byte.lto_priv.480.lto_priv.556
                0x000000000601341a                net_transport_rx_ready.lto_priv.484.lto_priv.557
                0x000000000601342c                mnet_rx_poll.lto_priv.459.lto_priv.546
                0x00000000060134c4                get_gbr.lto_priv.54.lto_priv.82
                0x00000000060134ca                set_gbr.lto_priv.83.lto_priv.111
                0x00000000060134d0                get_vbr.lto_priv.112.lto_priv.140
                0x00000000060134d6                set_vbr.lto_priv.141.lto_priv.169
                0x00000000060134dc                set_imask.lto_priv.170.lto_priv.542
                0x00000000060134f0                get_imask.lto_priv.198.lto_priv.543
                0x00000000060134fa                get_sr.lto_priv.226.lto_priv.254
                0x0000000006013500                set_sr.lto_priv.255.lto_priv.283
                0x0000000006013506                tas.lto_priv.284.lto_priv.312
                0x000000000601350e                sleep.lto_priv.313.lto_priv.341
                0x0000000006013514                nop.lto_priv.342.lto_priv.370
                0x000000000601351a                init_3d_planes
                0x0000000006013fc0                gameLoop
                0x0000000006016438                mmm_online_start_race
 *fill*         0x00000000060168f8        0x8 
 .text          0x0000000006016900      0x238 /joengine/Compiler/COMMON/SGL_302j/LIB_ELF/SEGA_SYS.A(sys_exit.o)
                0x0000000006016900                sys_version
                0x0000000006016920                SYS_Exit
 *fill*         0x0000000006016b38        0x8 
 .text          0x0000000006016b40        0x6 /joengine/Compiler/COMMON/SGL_302j/LIB_ELF/SEGA_SYS.A(sys_sub.o)
                0x0000000006016b40                SYSUB_SetStackptr
 *fill*         0x0000000006016b46        0xa 
 .text          0x0000000006016b50      0x3a0 /joengine/Compiler/COMMON/SGL_302j/LIB_ELF/LIBCD.A(CDC_CMN.O)
                0x0000000006016b50                CDC_GetCurStat
                0x0000000006016ba0                CDC_GetLastStat
                0x0000000006016bb8                CDC_GetPeriStat
                0x0000000006016c8c                CDC_GetHwInfo
                0x0000000006016cf4                CDC_TgetToc
                0x0000000006016d44                CDC_GetSes
                0x0000000006016d80                CDC_CdInit
                0x0000000006016e04                CDC_CdOpen
                0x0000000006016e2c                CDC_DataReady
                0x0000000006016e98                CDC_DataEnd
 .text          0x0000000006016ef0      0x130 /joengine/Compiler/COMMON/SGL_302j/LIB_ELF/LIBCD.A(CDC_DRV.O)
                0x0000000006016ef0                CDC_CdPlay
                0x0000000006016fbc                CDC_CdSeek
                0x0000000006016ff0                CDC_CdScan
 .text          0x0000000006017020      0x194 /joengine/Compiler/COMMON/SGL_302j/LIB_ELF/LIBCD.A(CDC_CFS.O)
                0x0000000006017020                CDC_ChgDir
                0x0000000006017054                CDC_ReadDir
                0x0000000006017088                CDC_GetFileScope
                0x00000000060170e8                CDC_TgetFileInfo
                0x0000000006017144                CDC_ReadFile
                0x0000000006017178                CDC_AbortFile
 *fill*         0x00000000060171b4        0xc 
 .text          0x00000000060171c0      0x2dc /joengine/Compiler/COMMON/SGL_302j/LIB_ELF/LIBCD.A(CDC_REG.O)
                0x00000000060171c0                CDC_GetDataPtr
                0x00000000060171d0                CDC_GetHirqReq
                0x00000000060171e4                CDC_ClrHirqReq
                0x0000000006017214                CDREG_ClrHirqReq
                0x0000000006017224                CDREG_InitHirqReq
                0x000000000601724c                CDREG_SetHirqFlag
                0x0000000006017260                CDC_GetHirqMsk
                0x0000000006017274                CDC_SetHirqMsk
                0x0000000006017284                CDC_GetMpegPtr
                0x0000000006017294                CDREG_TgetData
                0x00000000060172f0                CDREG_CmdRsp
                0x00000000060173f0                CDREG_WaitHirq
                0x0000000006017460                CDREG_ReadRsp
 *fill*         0x000000000601749c        0x4 
 .text          0x00000000060174a0      0x152 /joengine/Compiler/COMMON/SGL_302j/LIB_ELF/LIBCD.A(CDC_SUB.O)
                0x00000000060174a0                CDSUB_UpdStatus
                0x00000000060174b8                CDSUB_UpdCdstat
                0x00000000060174d8                CDSUB_CdCmd
                0x0000000006017548                CDSUB_GetCdstat
                0x0000000006017588                CDSUB_RspToCdstat
                0x00000000060175d0                CDSUB_SoftTimer
 *fill*         0x00000000060175f2        0xe 
 .text          0x0000000006017600     0x1adc /joengine/Compiler/COMMON/SGL_302j/LIB_ELF/LIBCD.A(GFS.O)
                0x0000000006017600                gfs_version
                0x0000000006017620                GFS_Init
                0x0000000006017708                GFS_LoadDir
                0x00000000060177b0                GFS_SetDir
                0x0000000006017818                GFS_NameToId
                0x000000000601787c                GFS_IdToName
                0x00000000060178e8                GFS_GetDirInfo
                0x0000000006017958                GFS_Reset
                0x00000000060179dc                GFS_Open
                0x0000000006017a90                GFS_Close
                0x0000000006017ac8                GFS_Seek
                0x0000000006017b7c                GFS_Tell
                0x0000000006017bcc                GFS_IsEof
                0x0000000006017c20                GFS_ByteToSct
                0x0000000006017c7c                GFS_GetFileSize
                0x0000000006017cd8                GFS_GetFileInfo
                0x0000000006017d4c                GFS_GetNumCdbuf
                0x0000000006017d74                GFS_Load
                0x0000000006017e38                GFS_Fread
                0x0000000006017ed4                gfs_waitRead
                0x0000000006017f7c                GFS_NwFread
                0x0000000006018088                GFS_NwCdRead
                0x0000000006018100                GFS_NwIsComplete
                0x0000000006018138                GFS_NwStop
                0x00000000060181a4                GFS_NwGetStat
                0x0000000006018220                gfs_recovRdErr
                0x0000000006018250                GFS_NwExecOne
                0x0000000006018310                GFS_NwExecServer
                0x000000000601838c                GFS_SetGmode
                0x00000000060183f0                GFS_SetTmode
                0x000000000601845c                GFS_SetReadPara
                0x00000000060184c0                GFS_SetTransPara
                0x000000000601852c                GFS_SetTrFunc
                0x0000000006018590                GFS_StartTrans
                0x00000000060185dc                GFS_CdMovePickup
                0x0000000006018648                GFS_SetErrFunc
                0x0000000006018674                GFS_GetErrStat
                0x0000000006018698                GFS_ConvTno
                0x00000000060186c0                gfs_chgRoot
                0x000000000601878c                gfs_aborttrans
                0x0000000006018798                gfs_mngSetupFuncTbl
                0x00000000060187cc                gfs_mngInitWork
                0x0000000006018870                gfs_mngGetNumFile
                0x00000000060188d8                GFS_mngAllocGrp
                0x0000000006018920                gfs_mngFreeGrp
                0x000000000601892c                gfs_mngTermAccess
                0x00000000060189b0                gfs_mngSetErrCode
                0x0000000006018a30                gfs_svrSearchHndl
                0x0000000006018a70                gfs_svrAddHndl
                0x0000000006018aac                gfs_svrRemoveHndl
                0x0000000006018b08                GFS_OpenSub
                0x0000000006018b60                gfs_loadVol
                0x0000000006018c24                gfs_getRootDir
                0x0000000006018d20                gfs_loadRootDir
                0x0000000006018da8                gfs_flowIn
                0x0000000006018e50                gfs_transData
                0x0000000006018ef4                GFS_GetFad
                0x0000000006018f4c                gfs_SetSct
                0x0000000006018f8c                gfs_GetFinfo
                0x0000000006018fcc                gfs_closeSub
                0x0000000006019008                gfs_getGmode
                0x0000000006019014                gfs_isTaskDone
                0x0000000006019068                gfs_convFinStat
 *fill*         0x00000000060190dc        0x4 
 .text          0x00000000060190e0      0x106 /joengine/Compiler/COMMON/SGL_302j/LIB_ELF/LIBCD.A(GFS_BUF.O)
                0x0000000006019110                GFBF_GetTranData
                0x0000000006019138                GFBF_GetNumData
                0x0000000006019168                GFBF_GetSrcPk
                0x0000000006019190                GFBF_GetSctData
                0x00000000060191b4                GFBF_RtnPk
                0x00000000060191dc                gfbf_getSctDt
 *fill*         0x00000000060191e6        0xa 
 .text          0x00000000060191f0      0x600 /joengine/Compiler/COMMON/SGL_302j/LIB_ELF/LIBCD.A(GFS_CDB.O)
                0x00000000060191f0                GFCB_Setup
                0x0000000006019310                GFCB_Close
                0x0000000006019338                GFCB_GetLenData
                0x00000000060193e4                GFCB_GetLenRoom
                0x00000000060193f0                GFCB_SetFilt
                0x0000000006019458                GFCB_DeleteAllData
                0x0000000006019480                GFCB_Tell
                0x0000000006019490                gfcb_getSctNum
                0x00000000060194e0                GFCB_Seek
                0x00000000060195dc                GFCB_GetSrcPack
                0x00000000060196bc                GFCB_GetSctData
                0x00000000060196f4                GFCB_GetDstPack
                0x0000000006019700                GFCB_RtnPk
                0x0000000006019748                GFCB_MovePickup
                0x0000000006019764                GFCB_SetCon
                0x0000000006019798                GFCB_GetPickup
                0x00000000060197c0                GFCB_IsPuOwner
                0x00000000060197d8                GFCB_UngetPickup
 .text          0x00000000060197f0     0x1a10 /joengine/Compiler/COMMON/SGL_302j/LIB_ELF/LIBCD.A(GFS_CDC.O)
                0x00000000060197f0                GFCD_SetCdbfs
                0x000000000601981c                GFCD_Init
                0x0000000006019a20                GFCD_AllocFilt
                0x0000000006019a5c                GFCD_FreeFilt
                0x0000000006019a8c                GFCD_AllocBuf
                0x0000000006019ac0                GFCD_FreeBuf
                0x0000000006019b64                GFCD_GetBaseFad
                0x0000000006019b98                GFCD_GetPickup
                0x0000000006019bcc                GFCD_UngetPickup
                0x0000000006019bf8                GFCD_IsPuOwner
                0x0000000006019c1c                GFCD_SetFilt
                0x0000000006019ce0                GFCD_GetFilt
                0x0000000006019d28                GFCD_SetCon
                0x0000000006019d80                GFCD_Play
                0x0000000006019de0                GFCD_GetLenData
                0x0000000006019e48                GFCD_ReqData
                0x0000000006019ea4                GFCD_EndData
                0x0000000006019eec                GFCD_DelSctData
                0x0000000006019f44                GFCD_CheckDelSctData
                0x0000000006019f74                GFCD_GetStat
                0x000000000601a028                GFCD_MovePickup
                0x000000000601a074                GFCD_MoveSctData
                0x000000000601a0e8                GFCD_CheckMove
                0x000000000601a10c                GFCD_GetSctInfo
                0x000000000601a154                GFCD_ChgDir
                0x000000000601a1c8                GFCD_SetFiltCon
                0x000000000601a2b0                GFCD_GetFileInfo
                0x000000000601a38c                GFCD_GetBufSiz
                0x000000000601a3c4                GFCD_ExecServer
                0x000000000601a498                gfcd_isIdleTask
                0x000000000601a524                gfcd_doTask
                0x000000000601a5d0                GFCD_SetTimer
                0x000000000601a5e4                GFCD_WaitServer
                0x000000000601a620                gfcd_doSetFiltTsk
                0x000000000601a7e4                gfcd_doSetConTsk
                0x000000000601a874                gfcd_doGetLenDataTsk
                0x000000000601a9c8                gfcd_doReqDataTsk
                0x000000000601aa68                gfcd_doDelSctDataTsk
                0x000000000601ab9c                gfcd_doMoveSctTsk
                0x000000000601ad00                gfcd_doChgDirTsk
                0x000000000601aefc                gfcd_doSetFiltConTsk
                0x000000000601b040                gfcd_checkEflag
                0x000000000601b064                gfcd_initCdbMng
                0x000000000601b0e4                gfcd_setStat
                0x000000000601b110                GFCD_SetCsctFunc
                0x000000000601b12c                GFCD_ChkScdqFlag
                0x000000000601b150                GFCD_ClrScdqFlag
                0x000000000601b16c                GFCD_WaitScdqFlag
                0x000000000601b1b0                GFCD_WaitPause
 .text          0x000000000601b200      0x8d8 /joengine/Compiler/COMMON/SGL_302j/LIB_ELF/LIBCD.A(GFS_CDF.O)
                0x000000000601b200                GFCF_Init
                0x000000000601b2a0                GFCF_Setup
                0x000000000601b3e8                GFCF_SetSct
                0x000000000601b42c                GFCF_GetFileInfo
                0x000000000601b4a0                GFCF_FlowInBuf
                0x000000000601b5f4                GFCF_StopInBuf
                0x000000000601b694                GFCF_Recover
                0x000000000601b6dc                GFCF_Tell
                0x000000000601b6f4                GFCF_Seek
                0x000000000601b70c                GFCF_MovePickup
                0x000000000601b7a8                GFCF_cnvIntlvOfs
                0x000000000601b7fc                GFCF_GetStat
                0x000000000601b894                gfcf_getSctSize
                0x000000000601b8d0                gfcf_isCdOk
                0x000000000601b990                gfcf_getPlayRange
 *fill*         0x000000000601bad8        0x8 
 .text          0x000000000601bae0      0x92c /joengine/Compiler/COMMON/SGL_302j/LIB_ELF/LIBCD.A(GFS_DIR.O)
                0x000000000601bae0                GFDR_SetupDirTbl
                0x000000000601bb54                GFDR_NameToId
                0x000000000601bbb4                GFDR_GetInfoDirId
                0x000000000601bbc8                GFDR_GetInfoDirName
                0x000000000601bbdc                GFDR_GetAtrDirId
                0x000000000601bbf4                GFDR_GetAtrDirName
                0x000000000601bc0c                GFDR_ChgRoot
                0x000000000601bc24                GFDR_ChgDir
                0x000000000601bc98                gfdr_setupDirIdTbl
                0x000000000601bd1c                gfdr_setupDirNameTbl
                0x000000000601bdc8                gfdr_open
                0x000000000601bdf0                gfdr_read
                0x000000000601beb0                gfdr_readByte
                0x000000000601bedc                gfdr_readWord
                0x000000000601bf08                gfdr_readWordNB
                0x000000000601bf5c                gfdr_readLongNB
                0x000000000601bfa8                gfdr_readLongNM
                0x000000000601bfd0                gfdr_setNextRec
                0x000000000601c054                gfdr_readDirEnt
                0x000000000601c3d0                gfdr_setDirrecCd
 *fill*         0x000000000601c40c        0x4 
 .text          0x000000000601c410      0x9c6 /joengine/Compiler/COMMON/SGL_302j/LIB_ELF/LIBCD.A(GFS_TRN.O)
                0x000000000601c440                GFTR_Setup
                0x000000000601c484                GFTR_SetMode
                0x000000000601c498                GFTR_SetUnit
                0x000000000601c4a4                GFTR_SetTransPara
                0x000000000601c4d8                GFTR_GetTransPara
                0x000000000601c4e4                GFTR_GetNumTrans
                0x000000000601c4f0                GFTR_SetTransMax
                0x000000000601c4fc                GFTR_Start
                0x000000000601c508                GFTR_Pause
                0x000000000601c514                GFTR_Stop
                0x000000000601c5cc                GFTR_Exec
                0x000000000601c650                GFTR_Idle
                0x000000000601c6c8                GFTR_ExecSvr
                0x000000000601c7d0                gftr_getSrcPack
                0x000000000601c858                gftr_getDstPack
                0x000000000601c8b4                gftr_reqScu
                0x000000000601c8c0                gftr_execScu
                0x000000000601c95c                gftr_remScu
                0x000000000601c990                gfdma_canUse
                0x000000000601c99c                gfdma_exec
                0x000000000601ca0c                gfdma_getBytecnt
                0x000000000601ca44                gftr_reqDma0
                0x000000000601ca5c                gftr_execSdma0
                0x000000000601ca80                gftr_remDma0
                0x000000000601ca98                gftr_reqDma1
                0x000000000601cab0                gftr_execSdma1
                0x000000000601cad4                gftr_remDma1
                0x000000000601caec                gftr_reqCpu
                0x000000000601caf8                gftr_execCpu
                0x000000000601cb38                gftr_remCpu
                0x000000000601cb44                gftr_reqTrn
                0x000000000601cbb4                gftr_execTrn
                0x000000000601cc8c                gftr_remTrn
                0x000000000601cd00                gftr_copyFrac
                0x000000000601cd28                GFTR_GetLenData
                0x000000000601cd34                GFTR_GetLenRoom
                0x000000000601cd4c                GFTR_GetDstPack
                0x000000000601cd80                GFTR_RtnDstPk
                0x000000000601cd9c                GFTR_GetData
                0x000000000601cdb0                GFTR_SetData
                0x000000000601cdc4                GFTR_SetTransFunc
 *fill*         0x000000000601cdd6        0xa 
 .text          0x000000000601cde0       0xa8 /joengine/Compiler/COMMON/SGL_302j/LIB_ELF/LIBCD.A(CDC_DEV.O)
                0x000000000601cde0                CDC_CdSetCon
                0x000000000601ce10                CDC_CdGetCon
                0x000000000601ce4c                CDC_CdGetLastBuf
 *fill*         0x000000000601ce88        0x8 
 .text          0x000000000601ce90      0x2b8 /joengine/Compiler/COMMON/SGL_302j/LIB_ELF/LIBCD.A(CDC_SEL.O)
                0x000000000601ce90                CDC_SetFiltRange
                0x000000000601cec4                CDC_GetFiltRange
                0x000000000601cf1c                CDC_SetFiltSubh
                0x000000000601cf8c                CDC_GetFiltSubh
                0x000000000601d008                CDC_SetFiltMode
                0x000000000601d03c                CDC_GetFiltMode
                0x000000000601d080                CDC_SetFiltCon
                0x000000000601d0c0                CDC_GetFiltCon
                0x000000000601d114                CDC_ResetSelector
 *fill*         0x000000000601d148        0x8 
 .text          0x000000000601d150      0x270 /joengine/Compiler/COMMON/SGL_302j/LIB_ELF/LIBCD.A(CDC_BIF.O)
                0x000000000601d150                CDC_GetBufSiz
                0x000000000601d1ac                CDC_GetSctNum
                0x000000000601d1f0                CDC_CalActSiz
                0x000000000601d22c                CDC_GetActSiz
                0x000000000601d2ac                CDC_GetSctInfo
                0x000000000601d32c                CDC_ExeFadSearch
                0x000000000601d364                CDC_GetFadSearch
 .text          0x000000000601d3c0      0x1e4 /joengine/Compiler/COMMON/SGL_302j/LIB_ELF/LIBCD.A(CDC_BIO.O)
                0x000000000601d3c0                CDC_SetSctLen
                0x000000000601d3f4                CDC_GetSctData
                0x000000000601d430                CDC_DelSctData
                0x000000000601d46c                CDC_GetdelSctData
                0x000000000601d4a8                CDC_PutSctData
                0x000000000601d4e0                CDC_CopySctData
                0x000000000601d524                CDC_MoveSctData
                0x000000000601d568                CDC_GetCopyErr
 *fill*         0x000000000601d5a4        0xc 
 .text          0x000000000601d5b0        0x0 /joengine/Compiler/COMMON/SGL_302j/LIB_ELF/LIBSGL.A(sglA01.o)
 .text          0x000000000601d5b0        0x0 /joengine/Compiler/COMMON/SGL_302j/LIB_ELF/LIBSGL.A(sglA15.o)
 .text          0x000000000601d5b0        0x0 /joengine/Compiler/COMMON/SGL_302j/LIB_ELF/LIBSGL.A(sglA16.o)
 .text          0x000000000601d5b0        0x0 /joengine/Compiler/COMMON/SGL_302j/LIB_ELF/LIBSGL.A(sglA17.o)
 .text          0x000000000601d5b0        0x0 /joengine/Compiler/COMMON/SGL_302j/LIB_ELF/LIBSGL.A(sglA18.o)
 .text          0x000000000601d5b0        0x0 /joengine/Compiler/COMMON/SGL_302j/LIB_ELF/LIBSGL.A(sglA19.o)
 .text          0x000000000601d5b0        0x0 /joengine/Compiler/COMMON/SGL_302j/LIB_ELF/LIBSGL.A(sglA20.o)
 .text          0x000000000601d5b0        0x0 /joengine/Compiler/COMMON/SGL_302j/LIB_ELF/LIBSGL.A(sglA21.o)
 .text          0x000000000601d5b0        0x0 /joengine/Compiler/COMMON/SGL_302j/LIB_ELF/LIBSGL.A(sglA27.o)
 .text          0x000000000601d5b0        0x0 /joengine/Compiler/COMMON/SGL_302j/LIB_ELF/LIBSGL.A(sglA28.o)
 .text          0x000000000601d5b0        0x0 /joengine/Compiler/COMMON/SGL_302j/LIB_ELF/LIBSGL.A(sglA40.o)
 .text          0x000000000601d5b0        0x0 /joengine/Compiler/COMMON/SGL_302j/LIB_ELF/LIBSGL.A(sglB001.o)
 .text          0x000000000601d5b0        0x0 /joengine/Compiler/COMMON/SGL_302j/LIB_ELF/LIBSGL.A(sglB011.o)
 .text          0x000000000601d5b0        0x0 /joengine/Compiler/COMMON/SGL_302j/LIB_ELF/LIBSGL.A(sglB014.o)
 .text          0x000000000601d5b0        0x0 /joengine/Compiler/COMMON/SGL_302j/LIB_ELF/LIBSGL.A(sglB015.o)
 .text          0x000000000601d5b0        0x0 /joengine/Compiler/COMMON/SGL_302j/LIB_ELF/LIBSGL.A(sglB016.o)
 .text          0x000000000601d5b0        0x0 /joengine/Compiler/COMMON/SGL_302j/LIB_ELF/LIBSGL.A(sglB020.o)
 .text          0x000000000601d5b0        0x0 /joengine/Compiler/COMMON/SGL_302j/LIB_ELF/LIBSGL.A(sglB021.o)
 .text          0x000000000601d5b0        0x0 /joengine/Compiler/COMMON/SGL_302j/LIB_ELF/LIBSGL.A(sglB023.o)
 .text          0x000000000601d5b0        0x0 /joengine/Compiler/COMMON/SGL_302j/LIB_ELF/LIBSGL.A(sglB031.o)
 .text          0x000000000601d5b0        0x0 /joengine/Compiler/COMMON/SGL_302j/LIB_ELF/LIBSGL.A(sglB032.o)
 .text          0x000000000601d5b0        0x0 /joengine/Compiler/COMMON/SGL_302j/LIB_ELF/LIBSGL.A(sglB033.o)
 .text          0x000000000601d5b0        0x0 /joengine/Compiler/COMMON/SGL_302j/LIB_ELF/LIBSGL.A(sglB034.o)
 .text          0x000000000601d5b0        0x0 /joengine/Compiler/COMMON/SGL_302j/LIB_ELF/LIBSGL.A(sglB035.o)
 .text          0x000000000601d5b0        0x0 /joengine/Compiler/COMMON/SGL_302j/LIB_ELF/LIBSGL.A(sglB036.o)
 .text          0x000000000601d5b0        0x0 /joengine/Compiler/COMMON/SGL_302j/LIB_ELF/LIBSGL.A(sglB038.o)
 .text          0x000000000601d5b0        0x0 /joengine/Compiler/COMMON/SGL_302j/LIB_ELF/LIBSGL.A(sglB039.o)
 .text          0x000000000601d5b0        0x0 /joengine/Compiler/COMMON/SGL_302j/LIB_ELF/LIBSGL.A(sglB040.o)
 .text          0x000000000601d5b0        0x0 /joengine/Compiler/COMMON/SGL_302j/LIB_ELF/LIBSGL.A(sglB041.o)
 .text          0x000000000601d5b0        0x0 /joengine/Compiler/COMMON/SGL_302j/LIB_ELF/LIBSGL.A(sglB042.o)
 .text          0x000000000601d5b0        0x0 /joengine/Compiler/COMMON/SGL_302j/LIB_ELF/LIBSGL.A(sglB043.o)
 .text          0x000000000601d5b0        0x0 /joengine/Compiler/COMMON/SGL_302j/LIB_ELF/LIBSGL.A(sglB044.o)
 .text          0x000000000601d5b0        0x0 /joengine/Compiler/COMMON/SGL_302j/LIB_ELF/LIBSGL.A(sglB045.o)
 .text          0x000000000601d5b0        0x0 /joengine/Compiler/COMMON/SGL_302j/LIB_ELF/LIBSGL.A(sglB047.o)
 .text          0x000000000601d5b0        0x0 /joengine/Compiler/COMMON/SGL_302j/LIB_ELF/LIBSGL.A(sglB048.o)
 .text          0x000000000601d5b0        0x0 /joengine/Compiler/COMMON/SGL_302j/LIB_ELF/LIBSGL.A(sglB055.o)
 .text          0x000000000601d5b0        0x0 /joengine/Compiler/COMMON/SGL_302j/LIB_ELF/LIBSGL.A(sglB056.o)
 .text          0x000000000601d5b0        0x0 /joengine/Compiler/COMMON/SGL_302j/LIB_ELF/LIBSGL.A(sglB057.o)
 .text          0x000000000601d5b0        0x0 /joengine/Compiler/COMMON/SGL_302j/LIB_ELF/LIBSGL.A(sglB058.o)
 .text          0x000000000601d5b0        0x0 /joengine/Compiler/COMMON/SGL_302j/LIB_ELF/LIBSGL.A(sglB059.o)
 .text          0x000000000601d5b0        0x0 /joengine/Compiler/COMMON/SGL_302j/LIB_ELF/LIBSGL.A(sglB060.o)
 .text          0x000000000601d5b0        0x0 /joengine/Compiler/COMMON/SGL_302j/LIB_ELF/LIBSGL.A(sglB063.o)
 .text          0x000000000601d5b0        0x0 /joengine/Compiler/COMMON/SGL_302j/LIB_ELF/LIBSGL.A(sglB087.o)
 .text          0x000000000601d5b0        0x0 /joengine/Compiler/COMMON/SGL_302j/LIB_ELF/LIBSGL.A(sglB088.o)
 .text          0x000000000601d5b0        0x0 /joengine/Compiler/COMMON/SGL_302j/LIB_ELF/LIBSGL.A(sglB090.o)
 .text          0x000000000601d5b0        0x0 /joengine/Compiler/COMMON/SGL_302j/LIB_ELF/LIBSGL.A(sglB200.o)
 .text          0x000000000601d5b0        0x0 /joengine/Compiler/COMMON/SGL_302j/LIB_ELF/LIBSGL.A(sglC01.o)
 .text          0x000000000601d5b0        0x0 /joengine/Compiler/COMMON/SGL_302j/LIB_ELF/LIBSGL.A(sglC03.o)
 .text          0x000000000601d5b0        0x0 /joengine/Compiler/COMMON/SGL_302j/LIB_ELF/LIBSGL.A(sglC04.o)
 .text          0x000000000601d5b0        0x0 /joengine/Compiler/COMMON/SGL_302j/LIB_ELF/LIBSGL.A(sglC05.o)
 .text          0x000000000601d5b0        0x0 /joengine/Compiler/COMMON/SGL_302j/LIB_ELF/LIBSGL.A(sglC06.o)
 .text          0x000000000601d5b0        0x0 /joengine/Compiler/COMMON/SGL_302j/LIB_ELF/LIBSGL.A(sglC07.o)
 .text          0x000000000601d5b0        0x0 /joengine/Compiler/COMMON/SGL_302j/LIB_ELF/LIBSGL.A(sglC08.o)
 .text          0x000000000601d5b0        0x0 /joengine/Compiler/COMMON/SGL_302j/LIB_ELF/LIBSGL.A(sglC14.o)
 .text          0x000000000601d5b0        0x0 /joengine/Compiler/COMMON/SGL_302j/LIB_ELF/LIBSGL.A(sglC16.o)
 .text          0x000000000601d5b0        0x0 /joengine/Compiler/COMMON/SGL_302j/LIB_ELF/LIBSGL.A(sglC17.o)
 .text          0x000000000601d5b0        0x0 /joengine/Compiler/COMMON/SGL_302j/LIB_ELF/LIBSGL.A(sglC19.o)
 .text          0x000000000601d5b0        0x0 /joengine/Compiler/COMMON/SGL_302j/LIB_ELF/LIBSGL.A(sglC20.o)
 .text          0x000000000601d5b0        0x0 /joengine/Compiler/COMMON/SGL_302j/LIB_ELF/LIBSGL.A(sglC21.o)
 .text          0x000000000601d5b0        0x0 /joengine/Compiler/COMMON/SGL_302j/LIB_ELF/LIBSGL.A(sglD00.o)
 .text          0x000000000601d5b0        0x0 /joengine/Compiler/COMMON/SGL_302j/LIB_ELF/LIBSGL.A(sglD01.o)
 .text          0x000000000601d5b0        0x0 /joengine/Compiler/COMMON/SGL_302j/LIB_ELF/LIBSGL.A(sglD02.o)
 .text          0x000000000601d5b0        0x0 /joengine/Compiler/COMMON/SGL_302j/LIB_ELF/LIBSGL.A(sglD03.o)
 .text          0x000000000601d5b0        0x0 /joengine/Compiler/COMMON/SGL_302j/LIB_ELF/LIBSGL.A(sglD15.o)
 .text          0x000000000601d5b0        0x0 /joengine/Compiler/COMMON/SGL_302j/LIB_ELF/LIBSGL.A(sglD16.o)
 .text          0x000000000601d5b0        0x0 /joengine/Compiler/COMMON/SGL_302j/LIB_ELF/LIBSGL.A(sglD17.o)
 .text          0x000000000601d5b0        0x0 /joengine/Compiler/COMMON/SGL_302j/LIB_ELF/LIBSGL.A(sglD18.o)
 .text          0x000000000601d5b0        0x0 /joengine/Compiler/COMMON/SGL_302j/LIB_ELF/LIBSGL.A(sglF08.o)
 .text          0x000000000601d5b0        0x0 /joengine/Compiler/COMMON/SGL_302j/LIB_ELF/LIBSGL.A(sglH00.o)
 .text          0x000000000601d5b0        0x0 /joengine/Compiler/COMMON/SGL_302j/LIB_ELF/LIBSGL.A(sglH01.o)
 .text          0x000000000601d5b0        0x0 /joengine/Compiler/COMMON/SGL_302j/LIB_ELF/LIBSGL.A(sglH02.o)
 .text          0x000000000601d5b0        0x0 /joengine/Compiler/COMMON/SGL_302j/LIB_ELF/LIBSGL.A(sglH04.o)
 .text          0x000000000601d5b0        0x0 /joengine/Compiler/COMMON/SGL_302j/LIB_ELF/LIBSGL.A(sglI01.o)
 .text          0x000000000601d5b0        0x0 /joengine/Compiler/COMMON/SGL_302j/LIB_ELF/LIBSGL.A(sglI04.o)
 .text          0x000000000601d5b0      0x128 /joengine/Compiler/COMMON/SGL_302j/LIB_ELF/LIBSGL.A(sglIc0.o)
                0x000000000601d5b0                slInitSystem
 *fill*         0x000000000601d6d8        0x8 
 .text          0x000000000601d6e0        0x0 /joengine/Compiler/COMMON/SGL_302j/LIB_ELF/LIBSGL.A(sglJ00.o)
 .text          0x000000000601d6e0        0x0 /joengine/Compiler/COMMON/SGL_302j/LIB_ELF/LIBSGL.A(sglJ01.o)
 .text          0x000000000601d6e0        0x0 /joengine/Compiler/COMMON/SGL_302j/LIB_ELF/LIBSGL.A(sglJ02.o)
 .text          0x000000000601d6e0        0x0 /joengine/Compiler/COMMON/SGL_302j/LIB_ELF/LIBSGL.A(sglJ03.o)
 .text          0x000000000601d6e0        0x0 /joengine/Compiler/COMMON/SGL_302j/LIB_ELF/LIBSGL.A(sglJ04.o)
 .text          0x000000000601d6e0        0x0 /joengine/Compiler/COMMON/SGL_302j/LIB_ELF/LIBSGL.A(sglJ05.o)
 .text          0x000000000601d6e0        0x0 /joengine/Compiler/COMMON/SGL_302j/LIB_ELF/LIBSGL.A(sglK01.o)
 .text          0x000000000601d6e0        0x0 /joengine/Compiler/COMMON/SGL_302j/LIB_ELF/LIBSGL.A(sglM00.o)
 .text          0x000000000601d6e0        0x0 /joengine/Compiler/COMMON/SGL_302j/LIB_ELF/LIBSGL.A(sglM01.o)
 .text          0x000000000601d6e0        0x0 /joengine/Compiler/COMMON/SGL_302j/LIB_ELF/LIBSGL.A(sglA00.o)
 .text          0x000000000601d6e0        0x0 /joengine/Compiler/COMMON/SGL_302j/LIB_ELF/LIBSGL.A(sglA03.o)
 .text          0x000000000601d6e0        0x0 /joengine/Compiler/COMMON/SGL_302j/LIB_ELF/LIBSGL.A(sglA10.o)
 .text          0x000000000601d6e0        0x0 /joengine/Compiler/COMMON/SGL_302j/LIB_ELF/LIBSGL.A(sglA24.o)
 .text          0x000000000601d6e0        0x0 /joengine/Compiler/COMMON/SGL_302j/LIB_ELF/LIBSGL.A(sglA25.o)
 .text          0x000000000601d6e0        0x0 /joengine/Compiler/COMMON/SGL_302j/LIB_ELF/LIBSGL.A(sglB000.o)
 .text          0x000000000601d6e0        0x0 /joengine/Compiler/COMMON/SGL_302j/LIB_ELF/LIBSGL.A(sglC00.o)
 .text          0x000000000601d6e0        0x0 /joengine/Compiler/COMMON/SGL_302j/LIB_ELF/LIBSGL.A(sglC13.o)
 .text          0x000000000601d6e0        0x0 /joengine/Compiler/COMMON/SGL_302j/LIB_ELF/LIBSGL.A(sglD19.o)
 .text          0x000000000601d6e0        0x0 /joengine/Compiler/COMMON/SGL_302j/LIB_ELF/LIBSGL.A(sglI00.o)
 .text          0x000000000601d6e0        0x0 /joengine/Compiler/COMMON/SGL_302j/LIB_ELF/LIBSGL.A(sglH03.o)
 .text          0x000000000601d6e0       0x52 /joengine/Compiler/LINUX/bin/../lib/gcc/sh-none-elf/8.2.0/libgcc.a(_ashiftrt.o)
                0x000000000601d6e0                __ashiftrt_r4_31
                0x000000000601d6e0                __ashiftrt_r4_32
                0x000000000601d6e6                __ashiftrt_r4_30
                0x000000000601d6e8                __ashiftrt_r4_29
                0x000000000601d6ea                __ashiftrt_r4_28
                0x000000000601d6ec                __ashiftrt_r4_27
                0x000000000601d6ee                __ashiftrt_r4_26
                0x000000000601d6f0                __ashiftrt_r4_25
                0x000000000601d6f2                __ashiftrt_r4_24
                0x000000000601d6fa                __ashiftrt_r4_23
                0x000000000601d6fc                __ashiftrt_r4_22
                0x000000000601d6fe                __ashiftrt_r4_21
                0x000000000601d700                __ashiftrt_r4_20
                0x000000000601d702                __ashiftrt_r4_19
                0x000000000601d704                __ashiftrt_r4_18
                0x000000000601d706                __ashiftrt_r4_17
                0x000000000601d708                __ashiftrt_r4_16
                0x000000000601d70e                __ashiftrt_r4_15
                0x000000000601d710                __ashiftrt_r4_14
                0x000000000601d712                __ashiftrt_r4_13
                0x000000000601d714                __ashiftrt_r4_12
                0x000000000601d716                __ashiftrt_r4_11
                0x000000000601d718                __ashiftrt_r4_10
                0x000000000601d71a                __ashiftrt_r4_9
                0x000000000601d71c                __ashiftrt_r4_8
                0x000000000601d71e                __ashiftrt_r4_7
                0x000000000601d720                __ashiftrt_r4_6
                0x000000000601d722                __ashiftrt_r4_5
                0x000000000601d724                __ashiftrt_r4_4
                0x000000000601d726                __ashiftrt_r4_3
                0x000000000601d728                __ashiftrt_r4_2
                0x000000000601d72a                __ashiftrt_r4_1
                0x000000000601d72e                __ashiftrt_r4_0
 *fill*         0x000000000601d732        0x2 
 .text          0x000000000601d734       0xa0 /joengine/Compiler/LINUX/bin/../lib/gcc/sh-none-elf/8.2.0/libgcc.a(_sdivsi3.o)
                0x000000000601d734                __sdivsi3
 .text          0x000000000601d7d4       0x6c /joengine/Compiler/LINUX/bin/../lib/gcc/sh-none-elf/8.2.0/libgcc.a(_udivsi3.o)
                0x000000000601d7f6                __udivsi3
 .text          0x000000000601d840       0x78 /joengine/Compiler/LINUX/bin/../lib/gcc/sh-none-elf/8.2.0/libgcc.a(_movmem.o)
                0x000000000601d840                __movstr
                0x000000000601d840                __movmem
                0x000000000601d874                __movmemSI64
                0x000000000601d874                __movstrSI64
                0x000000000601d878                __movstrSI60
                0x000000000601d878                __movmemSI60
                0x000000000601d87c                __movmemSI56
                0x000000000601d87c                __movstrSI56
                0x000000000601d880                __movstrSI52
                0x000000000601d880                __movmemSI52
                0x000000000601d884                __movstrSI48
                0x000000000601d884                __movmemSI48
                0x000000000601d888                __movstrSI44
                0x000000000601d888                __movmemSI44
                0x000000000601d88c                __movstrSI40
                0x000000000601d88c                __movmemSI40
                0x000000000601d890                __movstrSI36
                0x000000000601d890                __movmemSI36
                0x000000000601d894                __movmemSI32
                0x000000000601d894                __movstrSI32
                0x000000000601d898                __movmemSI28
                0x000000000601d898                __movstrSI28
                0x000000000601d89c                __movstrSI24
                0x000000000601d89c                __movmemSI24
                0x000000000601d8a0                __movmemSI20
                0x000000000601d8a0                __movstrSI20
                0x000000000601d8a4                __movstrSI16
                0x000000000601d8a4                __movmemSI16
                0x000000000601d8a8                __movmemSI12
                0x000000000601d8a8                __movstrSI12
                0x000000000601d8ac                __movmemSI8
                0x000000000601d8ac                __movstrSI8
                0x000000000601d8b0                __movmemSI4
                0x000000000601d8b0                __movstrSI4
 .text          0x000000000601d8b8      0x210 /joengine/Compiler/LINUX/bin/../lib/gcc/sh-none-elf/8.2.0/libgcc.a(_addsub_sf.o)
                0x000000000601da2c                __addsf3
                0x000000000601da78                __subsf3
 .text          0x000000000601dac8      0x134 /joengine/Compiler/LINUX/bin/../lib/gcc/sh-none-elf/8.2.0/libgcc.a(_mul_sf.o)
                0x000000000601dac8                __mulsf3
 .text          0x000000000601dbfc       0xdc /joengine/Compiler/LINUX/bin/../lib/gcc/sh-none-elf/8.2.0/libgcc.a(_div_sf.o)
                0x000000000601dbfc                __divsf3
 .text          0x000000000601dcd8       0x54 /joengine/Compiler/LINUX/bin/../lib/gcc/sh-none-elf/8.2.0/libgcc.a(_eq_sf.o)
                0x000000000601dcd8                __eqsf2
 .text          0x000000000601dd2c       0x54 /joengine/Compiler/LINUX/bin/../lib/gcc/sh-none-elf/8.2.0/libgcc.a(_ne_sf.o)
                0x000000000601dd2c                __nesf2
 .text          0x000000000601dd80       0x4c /joengine/Compiler/LINUX/bin/../lib/gcc/sh-none-elf/8.2.0/libgcc.a(_gt_sf.o)
                0x000000000601dd80                __gtsf2
 .text          0x000000000601ddcc       0x4c /joengine/Compiler/LINUX/bin/../lib/gcc/sh-none-elf/8.2.0/libgcc.a(_ge_sf.o)
                0x000000000601ddcc                __gesf2
 .text          0x000000000601de18       0x54 /joengine/Compiler/LINUX/bin/../lib/gcc/sh-none-elf/8.2.0/libgcc.a(_lt_sf.o)
                0x000000000601de18                __ltsf2
 .text          0x000000000601de6c       0x54 /joengine/Compiler/LINUX/bin/../lib/gcc/sh-none-elf/8.2.0/libgcc.a(_le_sf.o)
                0x000000000601de6c                __lesf2
 .text          0x000000000601dec0       0x84 /joengine/Compiler/LINUX/bin/../lib/gcc/sh-none-elf/8.2.0/libgcc.a(_si_to_sf.o)
                0x000000000601dec0                __floatsisf
 .text          0x000000000601df44       0x7c /joengine/Compiler/LINUX/bin/../lib/gcc/sh-none-elf/8.2.0/libgcc.a(_sf_to_si.o)
                0x000000000601df44                __fixsfsi
 .text          0x000000000601dfc0       0x3c /joengine/Compiler/LINUX/bin/../lib/gcc/sh-none-elf/8.2.0/libgcc.a(_sf_to_df.o)
                0x000000000601dfc0                __extendsfdf2
 .text          0x000000000601dffc        0x0 /joengine/Compiler/LINUX/bin/../lib/gcc/sh-none-elf/8.2.0/libgcc.a(_thenan_sf.o)
 .text          0x000000000601dffc       0x94 /joengine/Compiler/LINUX/bin/../lib/gcc/sh-none-elf/8.2.0/libgcc.a(_usi_to_sf.o)
                0x000000000601dffc                __floatunsisf
 .text          0x000000000601e090       0x28 /joengine/Compiler/LINUX/bin/../lib/gcc/sh-none-elf/8.2.0/libgcc.a(_make_df.o)
                0x000000000601e090                __make_dp
 .text          0x000000000601e0b8       0x4c /joengine/Compiler/LINUX/bin/../lib/gcc/sh-none-elf/8.2.0/libgcc.a(_df_to_sf.o)
                0x000000000601e0b8                __truncdfsf2
 .text          0x000000000601e104      0x114 /joengine/Compiler/LINUX/bin/../lib/gcc/sh-none-elf/8.2.0/libgcc.a(_pack_sf.o)
                0x000000000601e104                __pack_f
 .text          0x000000000601e218       0xa0 /joengine/Compiler/LINUX/bin/../lib/gcc/sh-none-elf/8.2.0/libgcc.a(_unpack_sf.o)
                0x000000000601e218                __unpack_f
 .text          0x000000000601e2b8       0xa8 /joengine/Compiler/LINUX/bin/../lib/gcc/sh-none-elf/8.2.0/libgcc.a(_fpcmp_parts_sf.o)
                0x000000000601e2b8                __fpcmp_parts_f
 .text          0x000000000601e360       0x20 /joengine/Compiler/LINUX/bin/../lib/gcc/sh-none-elf/8.2.0/libgcc.a(_make_sf.o)
                0x000000000601e360                __make_fp
 .text          0x000000000601e380        0x0 /joengine/Compiler/LINUX/bin/../lib/gcc/sh-none-elf/8.2.0/../../../../sh-none-elf/lib/libc.a(lib_a-impure.o)
 .text          0x000000000601e380       0x1e /joengine/Compiler/LINUX/bin/../lib/gcc/sh-none-elf/8.2.0/../../../../sh-none-elf/lib/libc.a(lib_a-memcmp.o)
                0x000000000601e380                memcmp
 *fill*         0x000000000601e39e        0x2 
 .text          0x000000000601e3a0       0x94 /joengine/Compiler/LINUX/bin/../lib/gcc/sh-none-elf/8.2.0/../../../../sh-none-elf/lib/libc.a(lib_a-memcpy.o)
                0x000000000601e3a0                memcpy
 .text          0x000000000601e434       0x40 /joengine/Compiler/LINUX/bin/../lib/gcc/sh-none-elf/8.2.0/../../../../sh-none-elf/lib/libc.a(lib_a-memset.o)
                0x000000000601e434                memset
 .text          0x000000000601e474       0x58 /joengine/Compiler/LINUX/bin/../lib/gcc/sh-none-elf/8.2.0/../../../../sh-none-elf/lib/libc.a(lib_a-rand.o)
                0x000000000601e474                srand
                0x000000000601e488                rand
 .text          0x000000000601e4cc       0x60 /joengine/Compiler/LINUX/bin/../lib/gcc/sh-none-elf/8.2.0/../../../../sh-none-elf/lib/libc.a(lib_a-rget.o)
                0x000000000601e4cc                __srget_r
                0x000000000601e518                __srget
 .text          0x000000000601e52c       0x8c /joengine/Compiler/LINUX/bin/../lib/gcc/sh-none-elf/8.2.0/../../../../sh-none-elf/lib/libc.a(lib_a-sprintf.o)
                0x000000000601e52c                _sprintf_r
                0x000000000601e56c                sprintf
 .text          0x000000000601e5b8       0x22 /joengine/Compiler/LINUX/bin/../lib/gcc/sh-none-elf/8.2.0/../../../../sh-none-elf/lib/libc.a(lib_a-strcat.o)
                0x000000000601e5b8                strcat
 *fill*         0x000000000601e5da        0x2 
 .text          0x000000000601e5dc       0x38 /joengine/Compiler/LINUX/bin/../lib/gcc/sh-none-elf/8.2.0/../../../../sh-none-elf/lib/libc.a(lib_a-strcmp.o)
                0x000000000601e5dc                strcmp
 .text          0x000000000601e614       0x3c /joengine/Compiler/LINUX/bin/../lib/gcc/sh-none-elf/8.2.0/../../../../sh-none-elf/lib/libc.a(lib_a-strcpy.o)
                0x000000000601e614                strcpy
 .text          0x000000000601e650       0x20 /joengine/Compiler/LINUX/bin/../lib/gcc/sh-none-elf/8.2.0/../../../../sh-none-elf/lib/libc.a(lib_a-strlen.o)
                0x000000000601e650                strlen
 .text          0x000000000601e670       0x2a /joengine/Compiler/LINUX/bin/../lib/gcc/sh-none-elf/8.2.0/../../../../sh-none-elf/lib/libc.a(lib_a-strncmp.o)
                0x000000000601e670                strncmp
 .text          0x000000000601e69a       0x32 /joengine/Compiler/LINUX/bin/../lib/gcc/sh-none-elf/8.2.0/../../../../sh-none-elf/lib/libc.a(lib_a-strncpy.o)
                0x000000000601e69a                strncpy
 .text          0x000000000601e6cc       0x36 /joengine/Compiler/LINUX/bin/../lib/gcc/sh-none-elf/8.2.0/../../../../sh-none-elf/lib/libc.a(lib_a-strstr.o)
                0x000000000601e6cc                strstr
 *fill*         0x000000000601e702        0x2 
 .text          0x000000000601e704     0x1378 /joengine/Compiler/LINUX/bin/../lib/gcc/sh-none-elf/8.2.0/../../../../sh-none-elf/lib/libc.a(lib_a-svfprintf.o)
                0x000000000601e704                _svfprintf_r
 .text          0x000000000601fa7c       0xdc /joengine/Compiler/LINUX/bin/../lib/gcc/sh-none-elf/8.2.0/../../../../sh-none-elf/lib/libc.a(lib_a-wbuf.o)
                0x000000000601fa7c                __swbuf_r
                0x000000000601fb44                __swbuf
 .text          0x000000000601fb58       0xcc /joengine/Compiler/LINUX/bin/../lib/gcc/sh-none-elf/8.2.0/../../../../sh-none-elf/lib/libc.a(lib_a-wsetup.o)
                0x000000000601fb58                __swsetup_r
 .text          0x000000000601fc24      0xef4 /joengine/Compiler/LINUX/bin/../lib/gcc/sh-none-elf/8.2.0/../../../../sh-none-elf/lib/libc.a(lib_a-dtoa.o)
                0x000000000601fd58                _dtoa_r
 .text          0x0000000006020b18      0x1a8 /joengine/Compiler/LINUX/bin/../lib/gcc/sh-none-elf/8.2.0/../../../../sh-none-elf/lib/libc.a(lib_a-fflush.o)
                0x0000000006020b18                __sflush_r
                0x0000000006020c58                _fflush_r
                0x0000000006020c98                fflush
 .text          0x0000000006020cc0      0x218 /joengine/Compiler/LINUX/bin/../lib/gcc/sh-none-elf/8.2.0/../../../../sh-none-elf/lib/libc.a(lib_a-findfp.o)
                0x0000000006020d1c                _cleanup_r
                0x0000000006020d30                __sfmoreglue
                0x0000000006020d7c                _cleanup
                0x0000000006020d90                __sinit
                0x0000000006020de4                __sfp
                0x0000000006020e98                __sfp_lock_acquire
                0x0000000006020e9c                __sfp_lock_release
                0x0000000006020ea0                __sinit_lock_acquire
                0x0000000006020ea4                __sinit_lock_release
                0x0000000006020ea8                __fp_lock_all
                0x0000000006020ec0                __fp_unlock_all
 .text          0x0000000006020ed8       0xb4 /joengine/Compiler/LINUX/bin/../lib/gcc/sh-none-elf/8.2.0/../../../../sh-none-elf/lib/libc.a(lib_a-fwalk.o)
                0x0000000006020ed8                _fwalk
                0x0000000006020f2e                _fwalk_reent
 .text          0x0000000006020f8c       0x40 /joengine/Compiler/LINUX/bin/../lib/gcc/sh-none-elf/8.2.0/../../../../sh-none-elf/lib/libc.a(lib_a-localeconv.o)
                0x0000000006020f8c                __localeconv_l
                0x0000000006020f94                _localeconv_r
                0x0000000006020fb0                localeconv
 .text          0x0000000006020fcc       0xa8 /joengine/Compiler/LINUX/bin/../lib/gcc/sh-none-elf/8.2.0/../../../../sh-none-elf/lib/libc.a(lib_a-locale.o)
                0x0000000006020fcc                _setlocale_r
                0x0000000006021018                __locale_mb_cur_max
                0x0000000006021038                __locale_ctype_ptr_l
                0x0000000006021042                __locale_ctype_ptr
                0x0000000006021060                setlocale
 .text          0x0000000006021074      0x110 /joengine/Compiler/LINUX/bin/../lib/gcc/sh-none-elf/8.2.0/../../../../sh-none-elf/lib/libc.a(lib_a-makebuf.o)
                0x0000000006021074                __swhatbuf_r
                0x00000000060210d8                __smakebuf_r
 .text          0x0000000006021184       0x4c /joengine/Compiler/LINUX/bin/../lib/gcc/sh-none-elf/8.2.0/../../../../sh-none-elf/lib/libc.a(lib_a-mbtowc_r.o)
                0x0000000006021184                _mbtowc_r
                0x00000000060211a8                __ascii_mbtowc
 .text          0x00000000060211d0       0x1c /joengine/Compiler/LINUX/bin/../lib/gcc/sh-none-elf/8.2.0/../../../../sh-none-elf/lib/libc.a(lib_a-memchr.o)
                0x00000000060211d0                memchr
 .text          0x00000000060211ec      0xa9c /joengine/Compiler/LINUX/bin/../lib/gcc/sh-none-elf/8.2.0/../../../../sh-none-elf/lib/libc.a(lib_a-mprec.o)
                0x00000000060211ec                _Balloc
                0x0000000006021260                _Bfree
                0x0000000006021278                __multadd
                0x0000000006021320                __s2b
                0x00000000060213e0                __hi0bits
                0x0000000006021434                __lo0bits
                0x0000000006021498                __i2b
                0x00000000060214b4                __multiply
                0x00000000060215f8                __pow5mult
                0x00000000060216b4                __lshift
                0x00000000060217a8                __mcmp
                0x00000000060217e0                __mdiff
                0x00000000060218bc                __ulp
                0x0000000006021928                __b2d
                0x0000000006021a10                __d2b
                0x0000000006021afc                __ratio
                0x0000000006021b80                _mprec_log10
                0x0000000006021bd8                __copybits
                0x0000000006021c1c                __any_on
 .text          0x0000000006021c88      0x14c /joengine/Compiler/LINUX/bin/../lib/gcc/sh-none-elf/8.2.0/../../../../sh-none-elf/lib/libc.a(lib_a-refill.o)
                0x0000000006021ca0                __srefill_r
 .text          0x0000000006021dd4       0xe0 /joengine/Compiler/LINUX/bin/../lib/gcc/sh-none-elf/8.2.0/../../../../sh-none-elf/lib/libc.a(lib_a-stdio.o)
                0x0000000006021dd4                __sread
                0x0000000006021e10                __seofread
                0x0000000006021e14                __swrite
                0x0000000006021e64                __sseek
                0x0000000006021ea4                __sclose
 .text          0x0000000006021eb4      0xa60 /joengine/Compiler/LINUX/bin/../lib/gcc/sh-none-elf/8.2.0/../../../../sh-none-elf/lib/libc.a(lib_a-svfiprintf.o)
                0x0000000006021eb4                __ssprint_r
                0x0000000006021fe8                _svfiprintf_r
 .text          0x0000000006022914       0x40 /joengine/Compiler/LINUX/bin/../lib/gcc/sh-none-elf/8.2.0/../../../../sh-none-elf/lib/libc.a(lib_a-wctomb_r.o)
                0x0000000006022914                _wctomb_r
                0x0000000006022934                __ascii_wctomb
 .text          0x0000000006022954       0x34 /joengine/Compiler/LINUX/bin/../lib/gcc/sh-none-elf/8.2.0/../../../../sh-none-elf/lib/libc.a(lib_a-writer.o)
                0x0000000006022954                _write_r
 .text          0x0000000006022988       0x30 /joengine/Compiler/LINUX/bin/../lib/gcc/sh-none-elf/8.2.0/../../../../sh-none-elf/lib/libc.a(lib_a-closer.o)
                0x0000000006022988                _close_r
 .text          0x00000000060229b8        0x0 /joengine/Compiler/LINUX/bin/../lib/gcc/sh-none-elf/8.2.0/../../../../sh-none-elf/lib/libc.a(lib_a-ctype_.o)
 .text          0x00000000060229b8       0xc8 /joengine/Compiler/LINUX/bin/../lib/gcc/sh-none-elf/8.2.0/../../../../sh-none-elf/lib/libc.a(lib_a-fclose.o)
                0x00000000060229b8                _fclose_r
                0x0000000006022a6c                fclose
 .text          0x0000000006022a80       0x34 /joengine/Compiler/LINUX/bin/../lib/gcc/sh-none-elf/8.2.0/../../../../sh-none-elf/lib/libc.a(lib_a-fstatr.o)
                0x0000000006022a80                _fstat_r
 .text          0x0000000006022ab4       0x30 /joengine/Compiler/LINUX/bin/../lib/gcc/sh-none-elf/8.2.0/../../../../sh-none-elf/lib/libc.a(lib_a-isattyr.o)
                0x0000000006022ab4                _isatty_r
 .text          0x0000000006022ae4       0x34 /joengine/Compiler/LINUX/bin/../lib/gcc/sh-none-elf/8.2.0/../../../../sh-none-elf/lib/libc.a(lib_a-lseekr.o)
                0x0000000006022ae4                _lseek_r
 .text          0x0000000006022b18       0x3c /joengine/Compiler/LINUX/bin/../lib/gcc/sh-none-elf/8.2.0/../../../../sh-none-elf/lib/libc.a(lib_a-memmove.o)
                0x0000000006022b18                memmove
 .text          0x0000000006022b54       0x34 /joengine/Compiler/LINUX/bin/../lib/gcc/sh-none-elf/8.2.0/../../../../sh-none-elf/lib/libc.a(lib_a-readr.o)
                0x0000000006022b54                _read_r
 .text          0x0000000006022b88      0x100 /joengine/Compiler/LINUX/bin/../lib/gcc/sh-none-elf/8.2.0/../../../../sh-none-elf/lib/libc.a(lib_a-reent.o)
                0x0000000006022b88                cleanup_glue
                0x0000000006022bb4                _reclaim_reent
 .text          0x0000000006022c88       0x80 /joengine/Compiler/LINUX/bin/../lib/gcc/sh-none-elf/8.2.0/libgcc.a(_ashiftrt_n.o)
                0x0000000006022c88                __ashrsi3
 .text          0x0000000006022d08       0xbc /joengine/Compiler/LINUX/bin/../lib/gcc/sh-none-elf/8.2.0/libgcc.a(_ashiftlt.o)
                0x0000000006022d08                __ashlsi3
                0x0000000006022d0c                __ashlsi3_r0
 .text          0x0000000006022dc4       0xbc /joengine/Compiler/LINUX/bin/../lib/gcc/sh-none-elf/8.2.0/libgcc.a(_lshiftrt.o)
                0x0000000006022dc4                __lshrsi3
                0x0000000006022dc8                __lshrsi3_r0
 .text          0x0000000006022e80      0x258 /joengine/Compiler/LINUX/bin/../lib/gcc/sh-none-elf/8.2.0/libgcc.a(_udivdi3.o)
                0x0000000006022e80                __udivdi3
 .text          0x00000000060230d8      0x2bc /joengine/Compiler/LINUX/bin/../lib/gcc/sh-none-elf/8.2.0/libgcc.a(_umoddi3.o)
                0x00000000060230d8                __umoddi3
 .text          0x0000000006023394      0x3b4 /joengine/Compiler/LINUX/bin/../lib/gcc/sh-none-elf/8.2.0/libgcc.a(_addsub_df.o)
                0x00000000060236a4                __adddf3
                0x00000000060236f4                __subdf3
 .text          0x0000000006023748      0x208 /joengine/Compiler/LINUX/bin/../lib/gcc/sh-none-elf/8.2.0/libgcc.a(_mul_df.o)
                0x0000000006023748                __muldf3
 .text          0x0000000006023950      0x130 /joengine/Compiler/LINUX/bin/../lib/gcc/sh-none-elf/8.2.0/libgcc.a(_div_df.o)
                0x0000000006023950                __divdf3
 .text          0x0000000006023a80       0x58 /joengine/Compiler/LINUX/bin/../lib/gcc/sh-none-elf/8.2.0/libgcc.a(_eq_df.o)
                0x0000000006023a80                __eqdf2
 .text          0x0000000006023ad8       0x58 /joengine/Compiler/LINUX/bin/../lib/gcc/sh-none-elf/8.2.0/libgcc.a(_ne_df.o)
                0x0000000006023ad8                __nedf2
 .text          0x0000000006023b30       0x50 /joengine/Compiler/LINUX/bin/../lib/gcc/sh-none-elf/8.2.0/libgcc.a(_gt_df.o)
                0x0000000006023b30                __gtdf2
 .text          0x0000000006023b80       0x50 /joengine/Compiler/LINUX/bin/../lib/gcc/sh-none-elf/8.2.0/libgcc.a(_ge_df.o)
                0x0000000006023b80                __gedf2
 .text          0x0000000006023bd0       0x58 /joengine/Compiler/LINUX/bin/../lib/gcc/sh-none-elf/8.2.0/libgcc.a(_lt_df.o)
                0x0000000006023bd0                __ltdf2
 .text          0x0000000006023c28       0x58 /joengine/Compiler/LINUX/bin/../lib/gcc/sh-none-elf/8.2.0/libgcc.a(_le_df.o)
                0x0000000006023c28                __ledf2
 .text          0x0000000006023c80       0x40 /joengine/Compiler/LINUX/bin/../lib/gcc/sh-none-elf/8.2.0/libgcc.a(_unord_df.o)
                0x0000000006023c80                __unorddf2
 .text          0x0000000006023cc0       0xa8 /joengine/Compiler/LINUX/bin/../lib/gcc/sh-none-elf/8.2.0/libgcc.a(_si_to_df.o)
                0x0000000006023cc0                __floatsidf
 .text          0x0000000006023d68       0xa4 /joengine/Compiler/LINUX/bin/../lib/gcc/sh-none-elf/8.2.0/libgcc.a(_df_to_si.o)
                0x0000000006023d68                __fixdfsi
 .text          0x0000000006023e0c        0x0 /joengine/Compiler/LINUX/bin/../lib/gcc/sh-none-elf/8.2.0/libgcc.a(_thenan_df.o)
 .text          0x0000000006023e0c       0x88 /joengine/Compiler/LINUX/bin/../lib/gcc/sh-none-elf/8.2.0/libgcc.a(_usi_to_df.o)
                0x0000000006023e0c                __floatunsidf
 *fill*         0x0000000006023e94        0x4 
 .text          0x0000000006023e98       0x60 /joengine/Compiler/LINUX/bin/../lib/gcc/sh-none-elf/8.2.0/libgcc.a(_udiv_qrnnd_16.o)
                0x0000000006023e98                __udiv_qrnnd_16
 .text          0x0000000006023ef8        0x0 /joengine/Compiler/LINUX/bin/../lib/gcc/sh-none-elf/8.2.0/libgcc.a(_clz.o)
 .text          0x0000000006023ef8       0x58 /joengine/Compiler/LINUX/bin/../lib/gcc/sh-none-elf/8.2.0/libgcc.a(_clzsi2.o)
                0x0000000006023ef8                __clzsi2
 .text          0x0000000006023f50      0x25c /joengine/Compiler/LINUX/bin/../lib/gcc/sh-none-elf/8.2.0/libgcc.a(_pack_df.o)
                0x0000000006023f50                __pack_d
 .text          0x00000000060241ac       0xcc /joengine/Compiler/LINUX/bin/../lib/gcc/sh-none-elf/8.2.0/libgcc.a(_unpack_df.o)
                0x00000000060241ac                __unpack_d
 .text          0x0000000006024278       0xc8 /joengine/Compiler/LINUX/bin/../lib/gcc/sh-none-elf/8.2.0/libgcc.a(_fpcmp_parts_df.o)
                0x0000000006024278                __fpcmp_parts_d
 *(.strings)
 *(SEGA_P)
 *(.eh_frame_hdr)
 *(.eh_frame)
 .eh_frame      0x0000000006024340       0xa8 /joengine/Compiler/LINUX/bin/../lib/gcc/sh-none-elf/8.2.0/libgcc.a(_udivdi3.o)
 .eh_frame      0x00000000060243e8       0xdc /joengine/Compiler/LINUX/bin/../lib/gcc/sh-none-elf/8.2.0/libgcc.a(_umoddi3.o)
                0x00000000060244c4                __etext = .

.text.startup   0x00000000060244d0      0xb80
 .text.startup  0x00000000060244d0      0xb7c /tmp/ccHZRxUv.ltrans0.ltrans.o
                0x00000000060244d0                main

SLPROG          0x0000000006025060    0x158a0
                0x0000000006025060                __slprog_start = .
 *(SLPROG)
 SLPROG         0x0000000006025060     0x6540 /joengine/Compiler/COMMON/SGL_302j/LIB_ELF/SGLAREA.O
                0x0000000006025060                MasterStack
                0x0000000006025064                SlaveStack
                0x0000000006025068                MaxVertices
                0x000000000602506a                MaxPolygons
                0x000000000602506c                SortList
                0x0000000006025070                SortListSize
                0x0000000006025074                TransList
                0x0000000006025078                Zbuffer
                0x000000000602507c                SpriteBuf
                0x0000000006025080                SpriteBufSize
                0x0000000006025084                Pbuffer
                0x0000000006025088                CommandBuf
                0x000000000602508c                CLOfstBuf
                0x0000000006025090                PCM_Work
                0x0000000006025094                PCM_WkSize
                0x0000000006025098                MaxEvents
                0x000000000602509a                EventSize
                0x000000000602509c                MaxWorks
                0x000000000602509e                WorkSize
                0x00000000060250a0                RemainEvent
                0x00000000060251a0                RemainWork
                0x00000000060255a0                EventBuf
                0x00000000060275a0                WorkBuf
 SLPROG         0x000000000602b5a0     0x411e /joengine/Compiler/COMMON/SGL_302j/LIB_ELF/LIBSGL.A(sglA01.o)
                0x000000000602b5a0                slSin
                0x000000000602b5c4                slCos
                0x000000000602b5e8                GetSinCos
                0x000000000602b67c                sin_cos_index_tbl
                0x000000000602b6bc                sin_tbl
 *fill*         0x000000000602f6be        0x2 
 SLPROG         0x000000000602f6c0       0x18 /joengine/Compiler/COMMON/SGL_302j/LIB_ELF/LIBSGL.A(sglA15.o)
                0x000000000602f6c0                slSlaveFunc
 *fill*         0x000000000602f6d8        0x8 
 SLPROG         0x000000000602f6e0       0xd0 /joengine/Compiler/COMMON/SGL_302j/LIB_ELF/LIBSGL.A(sglA16.o)
                0x000000000602f6e0                slLookAt
 SLPROG         0x000000000602f7b0       0x78 /joengine/Compiler/COMMON/SGL_302j/LIB_ELF/LIBSGL.A(sglA17.o)
                0x000000000602f7b0                slRotZ
                0x000000000602f7ba                slRotZSC
 *fill*         0x000000000602f828        0x8 
 SLPROG         0x000000000602f830       0x78 /joengine/Compiler/COMMON/SGL_302j/LIB_ELF/LIBSGL.A(sglA18.o)
                0x000000000602f830                slRotY
                0x000000000602f83a                slRotYSC
 *fill*         0x000000000602f8a8        0x8 
 SLPROG         0x000000000602f8b0       0x78 /joengine/Compiler/COMMON/SGL_302j/LIB_ELF/LIBSGL.A(sglA19.o)
                0x000000000602f8b0                slRotX
                0x000000000602f8ba                slRotXSC
 *fill*         0x000000000602f928        0x8 
 SLPROG         0x000000000602f930      0x42c /joengine/Compiler/COMMON/SGL_302j/LIB_ELF/LIBSGL.A(sglA20.o)
                0x000000000602f930                slInitMatrix
                0x000000000602f93a                slPushUnitMatrix
                0x000000000602f94e                slUnitMatrix
 *fill*         0x000000000602fd5c        0x4 
 SLPROG         0x000000000602fd60       0x48 /joengine/Compiler/COMMON/SGL_302j/LIB_ELF/LIBSGL.A(sglA21.o)
                0x000000000602fd60                slPushMatrix
                0x000000000602fd94                slPopMatrix
                0x000000000602fd94                slDecMatrixPtr
 *fill*         0x000000000602fda8        0x8 
 SLPROG         0x000000000602fdb0       0x50 /joengine/Compiler/COMMON/SGL_302j/LIB_ELF/LIBSGL.A(sglA27.o)
                0x000000000602fdb0                slTranslate
 SLPROG         0x000000000602fe00       0x70 /joengine/Compiler/COMMON/SGL_302j/LIB_ELF/LIBSGL.A(sglA28.o)
                0x000000000602fe00                slScale
 SLPROG         0x000000000602fe70       0x22 /joengine/Compiler/COMMON/SGL_302j/LIB_ELF/LIBSGL.A(sglA40.o)
                0x000000000602fe70                slCalcVector
 *fill*         0x000000000602fe92        0xe 
 SLPROG         0x000000000602fea0       0x20 /joengine/Compiler/COMMON/SGL_302j/LIB_ELF/LIBSGL.A(sglB001.o)
                0x000000000602fea0                slTVOn
                0x000000000602feaa                slTVOff
 SLPROG         0x000000000602fec0       0x24 /joengine/Compiler/COMMON/SGL_302j/LIB_ELF/LIBSGL.A(sglB011.o)
                0x000000000602fec0                slBitMapNbg1
 *fill*         0x000000000602fee4        0xc 
 SLPROG         0x000000000602fef0        0x8 /joengine/Compiler/COMMON/SGL_302j/LIB_ELF/LIBSGL.A(sglB014.o)
                0x000000000602fef0                slScrTransparent
 *fill*         0x000000000602fef8        0x8 
 SLPROG         0x000000000602ff00      0x40c /joengine/Compiler/COMMON/SGL_302j/LIB_ELF/LIBSGL.A(sglB015.o)
                0x000000000602ff00                slScrAutoDisp
 *fill*         0x000000000603030c        0x4 
 SLPROG         0x0000000006030310        0xc /joengine/Compiler/COMMON/SGL_302j/LIB_ELF/LIBSGL.A(sglB016.o)
                0x0000000006030310                slBack1ColSet
 *fill*         0x000000000603031c        0x4 
 SLPROG         0x0000000006030320       0x10 /joengine/Compiler/COMMON/SGL_302j/LIB_ELF/LIBSGL.A(sglB020.o)
                0x0000000006030320                slColorCalc
 SLPROG         0x0000000006030330        0xc /joengine/Compiler/COMMON/SGL_302j/LIB_ELF/LIBSGL.A(sglB021.o)
                0x0000000006030330                slColorCalcOn
 *fill*         0x000000000603033c        0x4 
 SLPROG         0x0000000006030340        0xc /joengine/Compiler/COMMON/SGL_302j/LIB_ELF/LIBSGL.A(sglB023.o)
                0x0000000006030340                slColRate
 *fill*         0x000000000603034c        0x4 
 SLPROG         0x0000000006030350       0xb0 /joengine/Compiler/COMMON/SGL_302j/LIB_ELF/LIBSGL.A(sglB031.o)
                0x0000000006030350                slMapNbg0
 SLPROG         0x0000000006030400       0xb4 /joengine/Compiler/COMMON/SGL_302j/LIB_ELF/LIBSGL.A(sglB032.o)
                0x0000000006030400                slMapNbg1
 *fill*         0x00000000060304b4        0xc 
 SLPROG         0x00000000060304c0       0xb0 /joengine/Compiler/COMMON/SGL_302j/LIB_ELF/LIBSGL.A(sglB033.o)
                0x00000000060304c0                slMapNbg2
 SLPROG         0x0000000006030570       0xb4 /joengine/Compiler/COMMON/SGL_302j/LIB_ELF/LIBSGL.A(sglB034.o)
                0x0000000006030570                slMapNbg3
 *fill*         0x0000000006030624        0xc 
 SLPROG         0x0000000006030630       0xd4 /joengine/Compiler/COMMON/SGL_302j/LIB_ELF/LIBSGL.A(sglB035.o)
                0x0000000006030630                sl1MapRA
                0x00000000060306c2                rbank_set
 *fill*         0x0000000006030704        0xc 
 SLPROG         0x0000000006030710       0xa0 /joengine/Compiler/COMMON/SGL_302j/LIB_ELF/LIBSGL.A(sglB036.o)
                0x0000000006030710                sl1MapRB
 SLPROG         0x00000000060307b0       0x70 /joengine/Compiler/COMMON/SGL_302j/LIB_ELF/LIBSGL.A(sglB038.o)
                0x00000000060307b0                slRparaInitSet
 SLPROG         0x0000000006030820       0x7e /joengine/Compiler/COMMON/SGL_302j/LIB_ELF/LIBSGL.A(sglB039.o)
                0x0000000006030820                slMakeKtable
 *fill*         0x000000000603089e        0x2 
 SLPROG         0x00000000060308a0       0x58 /joengine/Compiler/COMMON/SGL_302j/LIB_ELF/LIBSGL.A(sglB040.o)
                0x00000000060308a0                slKtableRA
 *fill*         0x00000000060308f8        0x8 
 SLPROG         0x0000000006030900       0x5c /joengine/Compiler/COMMON/SGL_302j/LIB_ELF/LIBSGL.A(sglB041.o)
                0x0000000006030900                slKtableRB
 *fill*         0x000000000603095c        0x4 
 SLPROG         0x0000000006030960       0x10 /joengine/Compiler/COMMON/SGL_302j/LIB_ELF/LIBSGL.A(sglB042.o)
                0x0000000006030960                slCurRpara
 SLPROG         0x0000000006030970        0x8 /joengine/Compiler/COMMON/SGL_302j/LIB_ELF/LIBSGL.A(sglB043.o)
                0x0000000006030970                slRparaMode
 *fill*         0x0000000006030978        0x8 
 SLPROG         0x0000000006030980      0x4e4 /joengine/Compiler/COMMON/SGL_302j/LIB_ELF/LIBSGL.A(sglB044.o)
                0x0000000006030980                slScrMatSet
 *fill*         0x0000000006030e64        0xc 
 SLPROG         0x0000000006030e70       0x28 /joengine/Compiler/COMMON/SGL_302j/LIB_ELF/LIBSGL.A(sglB045.o)
                0x0000000006030e70                slScrMatConv
 *fill*         0x0000000006030e98        0x8 
 SLPROG         0x0000000006030ea0        0xc /joengine/Compiler/COMMON/SGL_302j/LIB_ELF/LIBSGL.A(sglB047.o)
                0x0000000006030ea0                slOverRA
 *fill*         0x0000000006030eac        0x4 
 SLPROG         0x0000000006030eb0       0x10 /joengine/Compiler/COMMON/SGL_302j/LIB_ELF/LIBSGL.A(sglB048.o)
                0x0000000006030eb0                slOverRB
 SLPROG         0x0000000006030ec0        0xc /joengine/Compiler/COMMON/SGL_302j/LIB_ELF/LIBSGL.A(sglB055.o)
                0x0000000006030ec0                slPlaneNbg0
 *fill*         0x0000000006030ecc        0x4 
 SLPROG         0x0000000006030ed0        0xc /joengine/Compiler/COMMON/SGL_302j/LIB_ELF/LIBSGL.A(sglB056.o)
                0x0000000006030ed0                slPlaneNbg1
 *fill*         0x0000000006030edc        0x4 
 SLPROG         0x0000000006030ee0       0x10 /joengine/Compiler/COMMON/SGL_302j/LIB_ELF/LIBSGL.A(sglB057.o)
                0x0000000006030ee0                slPlaneNbg2
 SLPROG         0x0000000006030ef0       0x10 /joengine/Compiler/COMMON/SGL_302j/LIB_ELF/LIBSGL.A(sglB058.o)
                0x0000000006030ef0                slPlaneNbg3
 SLPROG         0x0000000006030f00        0xc /joengine/Compiler/COMMON/SGL_302j/LIB_ELF/LIBSGL.A(sglB059.o)
                0x0000000006030f00                slPlaneRA
 *fill*         0x0000000006030f0c        0x4 
 SLPROG         0x0000000006030f10       0x10 /joengine/Compiler/COMMON/SGL_302j/LIB_ELF/LIBSGL.A(sglB060.o)
                0x0000000006030f10                slPlaneRB
 SLPROG         0x0000000006030f20        0xc /joengine/Compiler/COMMON/SGL_302j/LIB_ELF/LIBSGL.A(sglB063.o)
                0x0000000006030f20                slPriority
 *fill*         0x0000000006030f2c        0x4 
 SLPROG         0x0000000006030f30       0x18 /joengine/Compiler/COMMON/SGL_302j/LIB_ELF/LIBSGL.A(sglB087.o)
                0x0000000006030f30                slLineScrollTable0
 *fill*         0x0000000006030f48        0x8 
 SLPROG         0x0000000006030f50        0x8 /joengine/Compiler/COMMON/SGL_302j/LIB_ELF/LIBSGL.A(sglB088.o)
                0x0000000006030f50                slLineScrollTable1
 *fill*         0x0000000006030f58        0x8 
 SLPROG         0x0000000006030f60        0xc /joengine/Compiler/COMMON/SGL_302j/LIB_ELF/LIBSGL.A(sglB090.o)
                0x0000000006030f60                slLineScrollMode
 *fill*         0x0000000006030f6c        0x4 
 SLPROG         0x0000000006030f70      0x114 /joengine/Compiler/COMMON/SGL_302j/LIB_ELF/LIBSGL.A(sglB200.o)
                0x0000000006030f70                slCharRbg0
                0x0000000006030f7c                slCharNbg0
                0x0000000006030f88                slCharNbg1
                0x0000000006030f94                slCharNbg2
                0x0000000006030faa                slCharNbg3
                0x0000000006030fc2                slPageRbg0
                0x0000000006030fd8                slPageNbg1
                0x0000000006030fe0                slPageNbg2
                0x0000000006030fe8                slPageNbg3
                0x0000000006030ff4                slPageNbg0
 *fill*         0x0000000006031084        0xc 
 SLPROG         0x0000000006031090       0x6c /joengine/Compiler/COMMON/SGL_302j/LIB_ELF/LIBSGL.A(sglC01.o)
                0x0000000006031090                slPerspective
 *fill*         0x00000000060310fc        0x4 
 SLPROG         0x0000000006031100       0xc4 /joengine/Compiler/COMMON/SGL_302j/LIB_ELF/LIBSGL.A(sglC03.o)
                0x0000000006031100                slWindow
 *fill*         0x00000000060311c4        0xc 
 SLPROG         0x00000000060311d0       0x2c /joengine/Compiler/COMMON/SGL_302j/LIB_ELF/LIBSGL.A(sglC04.o)
                0x00000000060311d0                slZdspLevel
 *fill*         0x00000000060311fc        0x4 
 SLPROG         0x0000000006031200       0x78 /joengine/Compiler/COMMON/SGL_302j/LIB_ELF/LIBSGL.A(sglC05.o)
                0x0000000006031200                slSetSprite
 *fill*         0x0000000006031278        0x8 
 SLPROG         0x0000000006031280       0xfa /joengine/Compiler/COMMON/SGL_302j/LIB_ELF/LIBSGL.A(sglC06.o)
                0x0000000006031280                slDispSprite
 *fill*         0x000000000603137a        0x6 
 SLPROG         0x0000000006031380      0x162 /joengine/Compiler/COMMON/SGL_302j/LIB_ELF/LIBSGL.A(sglC07.o)
                0x0000000006031386                slPutSprite
 *fill*         0x00000000060314e2        0xe 
 SLPROG         0x00000000060314f0     0x1218 /joengine/Compiler/COMMON/SGL_302j/LIB_ELF/LIBSGL.A(sglC08.o)
                0x00000000060314f0                slPutPolygon
                0x000000000603216c                MsCalcDepthFlat
 *fill*         0x0000000006032708        0x8 
 SLPROG         0x0000000006032710       0x8c /joengine/Compiler/COMMON/SGL_302j/LIB_ELF/LIBSGL.A(sglC14.o)
                0x0000000006032710                slCurWindow
 *fill*         0x000000000603279c        0x4 
 SLPROG         0x00000000060327a0       0x54 /joengine/Compiler/COMMON/SGL_302j/LIB_ELF/LIBSGL.A(sglC16.o)
                0x00000000060327a0                slDynamicFrame
 *fill*         0x00000000060327f4        0xc 
 SLPROG         0x0000000006032800       0x4c /joengine/Compiler/COMMON/SGL_302j/LIB_ELF/LIBSGL.A(sglC17.o)
                0x0000000006032800                slDispSpriteHV
 *fill*         0x000000000603284c        0x4 
 SLPROG         0x0000000006032850       0xd4 /joengine/Compiler/COMMON/SGL_302j/LIB_ELF/LIBSGL.A(sglC19.o)
                0x0000000006032850                slDispSprite4P
 *fill*         0x0000000006032924        0xc 
 SLPROG         0x0000000006032930       0x40 /joengine/Compiler/COMMON/SGL_302j/LIB_ELF/LIBSGL.A(sglC20.o)
                0x0000000006032930                SpriteEntry
 SLPROG         0x0000000006032970      0x4ae /joengine/Compiler/COMMON/SGL_302j/LIB_ELF/LIBSGL.A(sglC21.o)
                0x00000000060329f8                RotSprite
                0x0000000006032a86                SetSprPosition
 *fill*         0x0000000006032e1e        0x2 
 SLPROG         0x0000000006032e20       0x84 /joengine/Compiler/COMMON/SGL_302j/LIB_ELF/LIBSGL.A(sglD00.o)
                0x0000000006032e20                slDMACopy
                0x0000000006032e20                slCpuDMACopy
                0x0000000006032e7a                slCashPurge
                0x0000000006032e7a                CSH_AllClr
 *fill*         0x0000000006032ea4        0xc 
 SLPROG         0x0000000006032eb0       0xa0 /joengine/Compiler/COMMON/SGL_302j/LIB_ELF/LIBSGL.A(sglD01.o)
                0x0000000006032eb0                slDMAXCopy
 SLPROG         0x0000000006032f50       0x10 /joengine/Compiler/COMMON/SGL_302j/LIB_ELF/LIBSGL.A(sglD02.o)
                0x0000000006032f50                slDMAWait
 SLPROG         0x0000000006032f60        0xc /joengine/Compiler/COMMON/SGL_302j/LIB_ELF/LIBSGL.A(sglD03.o)
                0x0000000006032f60                slDMAStatus
 *fill*         0x0000000006032f6c        0x4 
 SLPROG         0x0000000006032f70       0x20 /joengine/Compiler/COMMON/SGL_302j/LIB_ELF/LIBSGL.A(sglD15.o)
                0x0000000006032f70                CSH_Purge
 SLPROG         0x0000000006032f90       0x84 /joengine/Compiler/COMMON/SGL_302j/LIB_ELF/LIBSGL.A(sglD16.o)
                0x0000000006032f90                DMA_ScuSetPrm
                0x0000000006032fd8                DMA_SCU_PRM0
 *fill*         0x0000000006033014        0xc 
 SLPROG         0x0000000006033020       0x88 /joengine/Compiler/COMMON/SGL_302j/LIB_ELF/LIBSGL.A(sglD17.o)
                0x0000000006033020                DMA_ScuStart
 *fill*         0x00000000060330a8        0x8 
 SLPROG         0x00000000060330b0       0x34 /joengine/Compiler/COMMON/SGL_302j/LIB_ELF/LIBSGL.A(sglD18.o)
                0x00000000060330b0                DMA_ScuGetStatus
 *fill*         0x00000000060330e4        0xc 
 SLPROG         0x00000000060330f0       0x34 /joengine/Compiler/COMMON/SGL_302j/LIB_ELF/LIBSGL.A(sglF08.o)
                0x00000000060330f0                slDec2Hex
 *fill*         0x0000000006033124        0xc 
 SLPROG         0x0000000006033130      0xfc8 /joengine/Compiler/COMMON/SGL_302j/LIB_ELF/LIBSGL.A(sglH00.o)
                0x0000000006033148                slGetPortDir1
                0x0000000006033150                slGetPortDir2
                0x0000000006033158                slSetPortDir1
                0x0000000006033182                slSetPortDir2
                0x00000000060331bc                slGetPortData1
                0x00000000060331c4                slGetPortData2
                0x00000000060331cc                slSetPortData1
                0x00000000060331d6                slSetPortData2
                0x00000000060331e8                slGetPortSelect1
                0x00000000060331f2                slGetPortSelect2
                0x00000000060331fc                slSetPortSelect1
                0x0000000006033230                slSetPortSelect2
                0x000000000603326c                slGetPortExt1
                0x0000000006033276                slGetPortExt2
                0x0000000006033280                slSetPortExt1
                0x00000000060332b0                slSetPortExt2
                0x0000000006033424                slSmpcDirectAccess
                0x00000000060334a4                slInitPeripheral
                0x0000000006033536                slSetResultBuffer
                0x00000000060335c2                slCheckIntBackSet
                0x00000000060335ce                slIntBackCancel
                0x00000000060335f8                slCheckReset
                0x0000000006033602                slClearReset
                0x00000000060337c8                slSmpcCashSend
                0x0000000006033884                slSmpcCashBlow
                0x0000000006033960                slGetOptimize
                0x000000000603396a                slSetOptimize
                0x0000000006033990                slGetPortMode1
                0x000000000603399c                slGetPortMode2
                0x00000000060339aa                slSetPortMode1
                0x00000000060339e8                slSetPortMode2
                0x0000000006033b74                slRequestCommand
                0x0000000006033be4                Smpc_Status
                0x0000000006033be8                Smpc_Result
                0x0000000006033bec                Smpc_Peripheral
                0x0000000006033bf2                Per_Connect1
                0x0000000006033bf3                Per_Connect2
                0x0000000006033c14                SmpcStatusBuf
 *fill*         0x00000000060340f8        0x8 
 SLPROG         0x0000000006034100       0xa8 /joengine/Compiler/COMMON/SGL_302j/LIB_ELF/LIBSGL.A(sglH01.o)
                0x0000000006034100                slGetLanguage
                0x000000000603410a                slSetLanguage
                0x000000000603412c                slGetSoundEffect
                0x0000000006034138                slSetSoundEffect
                0x0000000006034154                slGetSoundOutput
                0x0000000006034160                slSetSoundOutput
                0x000000000603417c                slGetHelpWindow
                0x0000000006034188                slSetHelpWindow
 *fill*         0x00000000060341a8        0x8 
 SLPROG         0x00000000060341b0      0x470 /joengine/Compiler/COMMON/SGL_302j/LIB_ELF/LIBSGL.A(sglH02.o)
                0x00000000060345a0                smpc_pfr_tbl
                0x00000000060345e0                smpc_ptf_tbl
 SLPROG         0x0000000006034620       0x60 /joengine/Compiler/COMMON/SGL_302j/LIB_ELF/LIBSGL.A(sglH04.o)
                0x0000000006034620                slComPrmIntBack
                0x0000000006034634                slComPrmSetMemory
                0x000000000603464a                slComPrmSetTime
 SLPROG         0x0000000006034680      0x3a4 /joengine/Compiler/COMMON/SGL_302j/LIB_ELF/LIBSGL.A(sglI01.o)
                0x0000000006034680                slInitSynch
                0x000000000603469a                slSynch
                0x0000000006034790                slRandom
                0x00000000060347ae                PCM_EndCheck
                0x000000000603486a                RetPCMBuf
                0x0000000006034904                PCM_Buf
                0x00000000060349a4                Sound_Buf
 *fill*         0x0000000006034a24        0xc 
 SLPROG         0x0000000006034a30       0x10 /joengine/Compiler/COMMON/SGL_302j/LIB_ELF/LIBSGL.A(sglI04.o)
                0x0000000006034a30                slIntFunction
 SLPROG         0x0000000006034a40       0x74 /joengine/Compiler/COMMON/SGL_302j/LIB_ELF/LIBSGL.A(sglJ00.o)
                0x0000000006034a40                InitSlaveSH
                0x0000000006034aa8                SlaveCommand
 *fill*         0x0000000006034ab4        0xc 
 SLPROG         0x0000000006034ac0      0x3d0 /joengine/Compiler/COMMON/SGL_302j/LIB_ELF/LIBSGL.A(sglJ01.o)
                0x0000000006034ac0                SlaveControl
                0x0000000006034e7c                ErasePolygonData
 SLPROG         0x0000000006034e90     0x12b8 /joengine/Compiler/COMMON/SGL_302j/LIB_ELF/LIBSGL.A(sglJ02.o)
                0x0000000006034e90                sbMakePolygon
                0x0000000006035078                sbCalcPolygon
                0x0000000006035db0                SetTexture
                0x0000000006035dbc                SetPolygon
                0x0000000006035dc4                SetPosition
                0x0000000006035dfc                stvtc_4
                0x0000000006035eb4                stvtc_3
                0x00000000060360c4                stvtc_1
                0x00000000060360d8                stvtc_2
                0x00000000060360ec                stvtc_0
 *fill*         0x0000000006036148        0x8 
 SLPROG         0x0000000006036150      0x140 /joengine/Compiler/COMMON/SGL_302j/LIB_ELF/LIBSGL.A(sglJ03.o)
                0x0000000006036150                sbMakeDMATable
 SLPROG         0x0000000006036290      0x470 /joengine/Compiler/COMMON/SGL_302j/LIB_ELF/LIBSGL.A(sglJ04.o)
                0x00000000060362ee                sbMakeSprite
                0x0000000006036354                sbMakeRotSprite
 SLPROG         0x0000000006036700       0x3c /joengine/Compiler/COMMON/SGL_302j/LIB_ELF/LIBSGL.A(sglJ05.o)
                0x0000000006036700                sbSortEntry
 *fill*         0x000000000603673c        0x4 
 SLPROG         0x0000000006036740      0x4b8 /joengine/Compiler/COMMON/SGL_302j/LIB_ELF/LIBSGL.A(sglM00.o)
                0x0000000006036740                slInitGouraud
                0x0000000006036834                slPutPolygonX
                0x000000000603687a                slGouraudTblCopy
                0x00000000060368d2                slSetGouraudTbl
                0x00000000060368d8                slSetGouraudColor
                0x0000000006036950                slSetAmbient
                0x0000000006036974                slSetFlatColor
 *fill*         0x0000000006036bf8        0x8 
 SLPROG         0x0000000006036c00       0x6a /joengine/Compiler/COMMON/SGL_302j/LIB_ELF/LIBSGL.A(sglM01.o)
                0x0000000006036c00                slSetDepthLimit
                0x0000000006036c2c                slSetDepthTbl
                0x0000000006036c5c                DepthWorkArea
 *fill*         0x0000000006036c6a        0x6 
 SLPROG         0x0000000006036c70       0x20 /joengine/Compiler/COMMON/SGL_302j/LIB_ELF/LIBSGL.A(sglA00.o)
                0x0000000006036c70                set_imask
                0x0000000006036c70                _builtin_set_imask
                0x0000000006036c84                get_imask
                0x0000000006036c84                _builtin_get_imask
 SLPROG         0x0000000006036c90     0x215c /joengine/Compiler/COMMON/SGL_302j/LIB_ELF/LIBSGL.A(sglA03.o)
                0x0000000006036c90                slTan
 *fill*         0x0000000006038dec        0x4 
 SLPROG         0x0000000006038df0       0x34 /joengine/Compiler/COMMON/SGL_302j/LIB_ELF/LIBSGL.A(sglA10.o)
                0x0000000006038df0                slSquartDbl
 *fill*         0x0000000006038e24        0xc 
 SLPROG         0x0000000006038e30      0x3c2 /joengine/Compiler/COMMON/SGL_302j/LIB_ELF/LIBSGL.A(sglA24.o)
                0x0000000006038e30                slInversMatrix
 *fill*         0x00000000060391f2        0xe 
 SLPROG         0x0000000006039200       0x24 /joengine/Compiler/COMMON/SGL_302j/LIB_ELF/LIBSGL.A(sglA25.o)
                0x0000000006039200                slTransposeMatrix
 *fill*         0x0000000006039224        0xc 
 SLPROG         0x0000000006039230      0xbd0 /joengine/Compiler/COMMON/SGL_302j/LIB_ELF/LIBSGL.A(sglB000.o)
                0x0000000006039230                slInitScroll