Archive member included to satisfy reference by file (symbol)

/joe/Compiler/COMMON/SGL_302j/LIB_ELF/SEGA_SYS.A(sys_exit.o)
                              jo_engine/core.o (symbol from plugin) (SYS_Exit)
/joe/Compiler/COMMON/SGL_302j/LIB_ELF/SEGA_SYS.A(sys_sub.o)
                              /joe/Compiler/COMMON/SGL_302j/LIB_ELF/SEGA_SYS.A(sys_exit.o) (SYSUB_SetStackptr)
/joe/Compiler/COMMON/SGL_302j/LIB_ELF/LIBCD.A(CDC_CMN.O)
                              /joe/Compiler/COMMON/SGL_302j/LIB_ELF/SEGA_SYS.A(sys_exit.o) (CDC_GetCurStat)
/joe/Compiler/COMMON/SGL_302j/LIB_ELF/LIBCD.A(CDC_DRV.O)
                              pcmsys.o (symbol from plugin) (CDC_CdPlay)
/joe/Compiler/COMMON/SGL_302j/LIB_ELF/LIBCD.A(CDC_CFS.O)
                              /joe/Compiler/COMMON/SGL_302j/LIB_ELF/SEGA_SYS.A(sys_exit.o) (CDC_ChgDir)
/joe/Compiler/COMMON/SGL_302j/LIB_ELF/LIBCD.A(CDC_REG.O)
                              /joe/Compiler/COMMON/SGL_302j/LIB_ELF/SEGA_SYS.A(sys_exit.o) (CDC_GetHirqReq)
/joe/Compiler/COMMON/SGL_302j/LIB_ELF/LIBCD.A(CDC_SUB.O)
                              /joe/Compiler/COMMON/SGL_302j/LIB_ELF/LIBCD.A(CDC_CMN.O) (CDSUB_UpdStatus)
/joe/Compiler/COMMON/SGL_302j/LIB_ELF/LIBCD.A(GFS.O)
                              pcmsys.o (symbol from plugin) (GFS_Init)
/joe/Compiler/COMMON/SGL_302j/LIB_ELF/LIBCD.A(GFS_BUF.O)
                              /joe/Compiler/COMMON/SGL_302j/LIB_ELF/LIBCD.A(GFS.O) (GFBF_GetNumData)
/joe/Compiler/COMMON/SGL_302j/LIB_ELF/LIBCD.A(GFS_CDB.O)
                              /joe/Compiler/COMMON/SGL_302j/LIB_ELF/LIBCD.A(GFS.O) (GFCB_Close)
/joe/Compiler/COMMON/SGL_302j/LIB_ELF/LIBCD.A(GFS_CDC.O)
                              /joe/Compiler/COMMON/SGL_302j/LIB_ELF/LIBCD.A(GFS.O) (GFCD_SetCdbfs)
/joe/Compiler/COMMON/SGL_302j/LIB_ELF/LIBCD.A(GFS_CDF.O)
                              /joe/Compiler/COMMON/SGL_302j/LIB_ELF/LIBCD.A(GFS.O) (GFCF_Init)
/joe/Compiler/COMMON/SGL_302j/LIB_ELF/LIBCD.A(GFS_DIR.O)
                              /joe/Compiler/COMMON/SGL_302j/LIB_ELF/LIBCD.A(GFS.O) (GFDR_SetupDirTbl)
/joe/Compiler/COMMON/SGL_302j/LIB_ELF/LIBCD.A(GFS_TRN.O)
                              /joe/Compiler/COMMON/SGL_302j/LIB_ELF/LIBCD.A(GFS.O) (GFTR_Setup)
/joe/Compiler/COMMON/SGL_302j/LIB_ELF/LIBCD.A(CDC_DEV.O)
                              /joe/Compiler/COMMON/SGL_302j/LIB_ELF/LIBCD.A(GFS_CDC.O) (CDC_CdSetCon)
/joe/Compiler/COMMON/SGL_302j/LIB_ELF/LIBCD.A(CDC_SEL.O)
                              /joe/Compiler/COMMON/SGL_302j/LIB_ELF/LIBCD.A(GFS_CDC.O) (CDC_SetFiltRange)
/joe/Compiler/COMMON/SGL_302j/LIB_ELF/LIBCD.A(CDC_BIF.O)
                              /joe/Compiler/COMMON/SGL_302j/LIB_ELF/LIBCD.A(GFS_CDC.O) (CDC_GetBufSiz)
/joe/Compiler/COMMON/SGL_302j/LIB_ELF/LIBCD.A(CDC_BIO.O)
                              /joe/Compiler/COMMON/SGL_302j/LIB_ELF/LIBCD.A(GFS_CDC.O) (CDC_SetSctLen)
/joe/Compiler/COMMON/SGL_302j/LIB_ELF/LIBSGL.A(sglA01.o)
                              jo_engine/math.o (symbol from plugin) (slSin)
/joe/Compiler/COMMON/SGL_302j/LIB_ELF/LIBSGL.A(sglA15.o)
                              jo_engine/slave.o (symbol from plugin) (slSlaveFunc)
/joe/Compiler/COMMON/SGL_302j/LIB_ELF/LIBSGL.A(sglA16.o)
                              main.o (symbol from plugin) (slLookAt)
/joe/Compiler/COMMON/SGL_302j/LIB_ELF/LIBSGL.A(sglA17.o)
                              /joe/Compiler/COMMON/SGL_302j/LIB_ELF/LIBSGL.A(sglA16.o) (slRotZ)
/joe/Compiler/COMMON/SGL_302j/LIB_ELF/LIBSGL.A(sglA18.o)
                              main.o (symbol from plugin) (slRotY)
/joe/Compiler/COMMON/SGL_302j/LIB_ELF/LIBSGL.A(sglA19.o)
                              main.o (symbol from plugin) (slRotX)
/joe/Compiler/COMMON/SGL_302j/LIB_ELF/LIBSGL.A(sglA20.o)
                              main.o (symbol from plugin) (slUnitMatrix)
/joe/Compiler/COMMON/SGL_302j/LIB_ELF/LIBSGL.A(sglA21.o)
                              main.o (symbol from plugin) (slPushMatrix)
/joe/Compiler/COMMON/SGL_302j/LIB_ELF/LIBSGL.A(sglA27.o)
                              /joe/Compiler/COMMON/SGL_302j/LIB_ELF/LIBSGL.A(sglA16.o) (slTranslate)
/joe/Compiler/COMMON/SGL_302j/LIB_ELF/LIBSGL.A(sglA28.o)
                              main.o (symbol from plugin) (slScale)
/joe/Compiler/COMMON/SGL_302j/LIB_ELF/LIBSGL.A(sglA40.o)
                              main.o (symbol from plugin) (slCalcVector)
/joe/Compiler/COMMON/SGL_302j/LIB_ELF/LIBSGL.A(sglB001.o)
                              main.o (symbol from plugin) (slTVOn)
/joe/Compiler/COMMON/SGL_302j/LIB_ELF/LIBSGL.A(sglB011.o)
                              jo_engine/vdp2.o (symbol from plugin) (slBitMapNbg1)
/joe/Compiler/COMMON/SGL_302j/LIB_ELF/LIBSGL.A(sglB014.o)
                              jo_engine/vdp2.o (symbol from plugin) (slScrTransparent)
/joe/Compiler/COMMON/SGL_302j/LIB_ELF/LIBSGL.A(sglB015.o)
                              jo_engine/vdp2.o (symbol from plugin) (slScrAutoDisp)
/joe/Compiler/COMMON/SGL_302j/LIB_ELF/LIBSGL.A(sglB016.o)
[...]
Memory Configuration

Name             Origin             Length             Attributes
*default*        0x0000000000000000 0xffffffffffffffff

Linker script and memory map


SLSTART         0x0000000006004000       0x30
                0x0000000006004000                ___Start = .
 *(SLSTART)
 SLSTART        0x0000000006004000       0x28 /joe/Compiler/COMMON/SGL_302j/LIB_ELF/LIBSGL.A(sglI00.o)
                0x0000000006004000                SGL_Start
                0x0000000006004002                slStartSGL

.text           0x0000000006004040    0x26760
 *(.text)
 .text          0x0000000006004040        0x0 /joe/Compiler/COMMON/SGL_302j/LIB_ELF/SGLAREA.O
 .text          0x0000000006004040     0x82c4 /tmp/ccLVyked.ltrans0.ltrans.o
                0x0000000006004684                jo_sprite_draw.constprop.39
                0x00000000060047c8                jo_nbg2_print.constprop.38
                0x0000000006004854                render_CLUT_sprite_MESH.constprop.37
                0x00000000060048a0                __jo_core_set_screens_order.constprop.36
                0x0000000006004970                CDDAPlaySingle.constprop.31
                0x00000000060049ac                jo_free
                0x00000000060049d4                jo_vdp2_clear_bitmap_nbg1.constprop.23
                0x0000000006004a44                jo_backup_unmount.constprop.12
                0x0000000006004adc                jo_vdp2_malloc
                0x0000000006004c80                jo_vdp2_free
                0x0000000006004e78                jo_vdp2_disable_rbg0
                0x0000000006005058                __jo_create_map.lto_priv.574
                0x00000000060050d0                jo_img_to_vdp2_cells
                0x0000000006005178                jo_set_default_background_color
                0x00000000060053a8                jo_sprite_free_from
                0x00000000060055e0                jo_strlen
                0x0000000006005644                jo_getdate
                0x0000000006005718                jo_malloc_with_behaviour
                0x0000000006005d6c                load_textures.constprop.25
                0x0000000006005da8                jo_backup_mount.constprop.7
                0x0000000006005fbc                jo_random
                0x000000000600602c                jo_atan2f_rad
                0x00000000060061f0                load_binary.constprop.29
                0x0000000006006db0                jo_fixed_cos
                0x0000000006006e0c                jo_fixed_sin
                0x000000000600725c                __jo_tga_any_loader
                0x0000000006007424                jo_sprite_add_tga.constprop.24
                0x0000000006007598                _realloc_r
                0x000000000600763c                _calloc_r
                0x0000000006007670                _free_r
                0x00000000060076a0                _malloc_r
                0x0000000006007714                mnet_send_remove_local_player
                0x0000000006007790                mnet_tick
                0x0000000006008e64                lobby_screen
                0x000000000600a760                connecting_screen
 .text          0x000000000600c304     0xd48c /tmp/ccLVyked.ltrans1.ltrans.o
                0x000000000600d138                my_vblank
                0x000000000600f9cc                CDDAStop
                0x000000000600f9e8                load_16bit_pcm
                0x000000000600fb48                pcm_cease
                0x000000000600fb70                pcm_play
                0x0000000006013838                init_3d_planes
                0x0000000006013d78                load_trackmap
                0x0000000006013db4                load_preview
                0x0000000006013df0                load_level
                0x0000000006014a64                load_car
                0x0000000006016294                gameLoop
 .text          0x0000000006019790     0x3038 /tmp/ccLVyked.ltrans2.ltrans.o
                0x0000000006019790                saturn_transport_send.lto_priv.451
                0x00000000060197e8                saturn_transport_rx_byte.lto_priv.450
                0x00000000060197fc                saturn_transport_rx_ready.lto_priv.449
                0x0000000006019818                draw_powerups
                0x0000000006019920                create_particles
                0x00000000060199f4                computeLight
                0x0000000006019a64                create_player
                0x0000000006019ca4                set_player_position
                0x0000000006019dec                getSeconds
                0x0000000006019e70                apply_player_gravity
                0x0000000006019ec8                init_1p_display
                0x0000000006019f50                init_2p_display
                0x0000000006019fe0                stop_engine_sound
                0x000000000601a04c                stop_sounds
                0x000000000601a0cc                reset_to_last_checkpoint
                0x000000000601a1c4                reset_demo
                0x000000000601a3cc                render_CLUT_sprite
                0x000000000601a41c                ztClearText
                0x000000000601a468                transition_to_end_level
                0x000000000601a608                mmm_get_p2_port
                0x000000000601aae4                saturn_uart_puts.lto_priv.441
                0x000000000601ab38                modem_read_line.lto_priv.442
                0x000000000601ace8                modem_escape_to_command.lto_priv.445.lto_priv.447
                0x000000000601b374                saturn_uart_init.lto_priv.443
                0x000000000601b42c                saturn_uart_set_baud.lto_priv.444
                0x000000000601bc60                saturn_uart_flush_rx.lto_priv.448
                0x000000000601bcac                saturn_uart_loopback_test.lto_priv.453.lto_priv.455
                0x000000000601bd74                saturn_uart_read_raw.lto_priv.456.lto_priv.458
                0x000000000601bdf0                saturn_uart_getc_timeout.lto_priv.459.lto_priv.461
                0x000000000601be24                saturn_uart_getc.lto_priv.462.lto_priv.464
                0x000000000601be50                saturn_uart_putc.lto_priv.465.lto_priv.467
                0x000000000601be8c                saturn_uart_read_iir.lto_priv.468.lto_priv.470
                0x000000000601bea4                saturn_uart_read_msr.lto_priv.471.lto_priv.473
                0x000000000601bec4                saturn_uart_read_lsr.lto_priv.474.lto_priv.476
                0x000000000601bee0                saturn_uart_clear_errors.lto_priv.477.lto_priv.479
                0x000000000601bf00                saturn_uart_rx_error.lto_priv.480.lto_priv.482
                0x000000000601bf20                saturn_uart_rx_ready.lto_priv.483.lto_priv.485
                0x000000000601bf3c                saturn_uart_tx_ready.lto_priv.486.lto_priv.488
                0x000000000601c01c                saturn_uart_detect.lto_priv.328
                0x000000000601c0a8                saturn_uart_reg_write.lto_priv.489.lto_priv.491
                0x000000000601c0c0                saturn_uart_reg_read.lto_priv.492.lto_priv.494
                0x000000000601c0dc                saturn_netlink_smpc_disable.lto_priv.495.lto_priv.497
                0x000000000601c108                saturn_netlink_smpc_enable.lto_priv.452
                0x000000000601c194                saturn_smpc_command.lto_priv.498.lto_priv.500
                0x000000000601c1bc                mnet_encode_lap_complete.lto_priv.341.lto_priv.344
                0x000000000601c1e4                mnet_encode_client_log.lto_priv.337.lto_priv.340
                0x000000000601c28c                mnet_encode_leaderboard_req.lto_priv.345.lto_priv.348
                0x000000000601c29c                mnet_encode_remove_local_player.lto_priv.349.lto_priv.352
                0x000000000601c2ac                mnet_encode_add_local_player.lto_priv.329.lto_priv.332
                0x000000000601c330                mnet_encode_powerup_pickup.lto_priv.353.lto_priv.356
                0x000000000601c344                mnet_encode_player_state_p2.lto_priv.357.lto_priv.360
                0x000000000601c3dc                mnet_encode_player_state.lto_priv.361.lto_priv.364
                0x000000000601c46c                mnet_encode_input_state_p2.lto_priv.365.lto_priv.368
                0x000000000601c498                mnet_encode_input_state.lto_priv.369.lto_priv.372
                0x000000000601c4c0                mnet_encode_car_select.lto_priv.373.lto_priv.376
                0x000000000601c4d4                mnet_encode_start_game.lto_priv.377.lto_priv.380
                0x000000000601c4e4                mnet_encode_ready.lto_priv.381.lto_priv.384
                0x000000000601c4f4                mnet_encode_heartbeat.lto_priv.385.lto_priv.388
                0x000000000601c504                mnet_encode_disconnect.lto_priv.389.lto_priv.392
                0x000000000601c514                mnet_encode_set_username.lto_priv.333.lto_priv.336
                0x000000000601c594                mnet_encode_connect_uuid.lto_priv.393.lto_priv.396
                0x000000000601c5b4                mnet_encode_connect.lto_priv.397.lto_priv.400
                0x000000000601c5c4                mnet_read_string.lto_priv.401.lto_priv.404
                0x000000000601c60c                mnet_rx_poll.lto_priv.405.lto_priv.440
                0x000000000601c6bc                mnet_rx_init.lto_priv.408.lto_priv.411
                0x000000000601c6cc                mnet_send_frame.lto_priv.412.lto_priv.415
                0x000000000601c70c                net_transport_is_connected.lto_priv.416.lto_priv.419
                0x000000000601c724                net_transport_send.lto_priv.420.lto_priv.423
                0x000000000601c738                net_transport_rx_byte.lto_priv.424.lto_priv.427
                0x000000000601c74c                net_transport_rx_ready.lto_priv.428.lto_priv.431
                0x000000000601c760                get_gbr.lto_priv.53.lto_priv.77
                0x000000000601c768                set_gbr.lto_priv.78.lto_priv.102
                0x000000000601c770                get_vbr.lto_priv.103.lto_priv.127
                0x000000000601c778                set_vbr.lto_priv.128.lto_priv.152
                0x000000000601c780                set_imask.lto_priv.153.lto_priv.177
                0x000000000601c794                get_imask.lto_priv.178.lto_priv.202
                0x000000000601c7a0                get_sr.lto_priv.203.lto_priv.227
                0x000000000601c7a8                set_sr.lto_priv.228.lto_priv.252
                0x000000000601c7b0                tas.lto_priv.253.lto_priv.277
                0x000000000601c7b8                sleep.lto_priv.278.lto_priv.302
                0x000000000601c7c0                nop.lto_priv.303.lto_priv.327
 *fill*         0x000000000601c7c8        0x8 
 .text          0x000000000601c7d0      0x238 /joe/Compiler/COMMON/SGL_302j/LIB_ELF/SEGA_SYS.A(sys_exit.o)
                0x000000000601c7d0                sys_version
                0x000000000601c7f0                SYS_Exit
 *fill*         0x000000000601ca08        0x8 
 .text          0x000000000601ca10        0x6 /joe/Compiler/COMMON/SGL_302j/LIB_ELF/SEGA_SYS.A(sys_sub.o)
                0x000000000601ca10                SYSUB_SetStackptr
 *fill*         0x000000000601ca16        0xa 
 .text          0x000000000601ca20      0x3a0 /joe/Compiler/COMMON/SGL_302j/LIB_ELF/LIBCD.A(CDC_CMN.O)
                0x000000000601ca20                CDC_GetCurStat
                0x000000000601ca70                CDC_GetLastStat
                0x000000000601ca88                CDC_GetPeriStat
                0x000000000601cb5c                CDC_GetHwInfo
                0x000000000601cbc4                CDC_TgetToc
                0x000000000601cc14                CDC_GetSes
                0x000000000601cc50                CDC_CdInit
                0x000000000601ccd4                CDC_CdOpen
                0x000000000601ccfc                CDC_DataReady
                0x000000000601cd68                CDC_DataEnd
 .text          0x000000000601cdc0      0x130 /joe/Compiler/COMMON/SGL_302j/LIB_ELF/LIBCD.A(CDC_DRV.O)
                0x000000000601cdc0                CDC_CdPlay
                0x000000000601ce8c                CDC_CdSeek
                0x000000000601cec0                CDC_CdScan
 .text          0x000000000601cef0      0x194 /joe/Compiler/COMMON/SGL_302j/LIB_ELF/LIBCD.A(CDC_CFS.O)
                0x000000000601cef0                CDC_ChgDir
                0x000000000601cf24                CDC_ReadDir
                0x000000000601cf58                CDC_GetFileScope
                0x000000000601cfb8                CDC_TgetFileInfo
                0x000000000601d014                CDC_ReadFile
                0x000000000601d048                CDC_AbortFile
 *fill*         0x000000000601d084        0xc 
 .text          0x000000000601d090      0x2dc /joe/Compiler/COMMON/SGL_302j/LIB_ELF/LIBCD.A(CDC_REG.O)
                0x000000000601d090                CDC_GetDataPtr
                0x000000000601d0a0                CDC_GetHirqReq
                0x000000000601d0b4                CDC_ClrHirqReq
                0x000000000601d0e4                CDREG_ClrHirqReq
                0x000000000601d0f4                CDREG_InitHirqReq
                0x000000000601d11c                CDREG_SetHirqFlag
                0x000000000601d130                CDC_GetHirqMsk
                0x000000000601d144                CDC_SetHirqMsk
                0x000000000601d154                CDC_GetMpegPtr
                0x000000000601d164                CDREG_TgetData
                0x000000000601d1c0                CDREG_CmdRsp
                0x000000000601d2c0                CDREG_WaitHirq
                0x000000000601d330                CDREG_ReadRsp
 *fill*         0x000000000601d36c        0x4 
 .text          0x000000000601d370      0x152 /joe/Compiler/COMMON/SGL_302j/LIB_ELF/LIBCD.A(CDC_SUB.O)
                0x000000000601d370                CDSUB_UpdStatus
                0x000000000601d388                CDSUB_UpdCdstat
                0x000000000601d3a8                CDSUB_CdCmd
                0x000000000601d418                CDSUB_GetCdstat
                0x000000000601d458                CDSUB_RspToCdstat
                0x000000000601d4a0                CDSUB_SoftTimer
 *fill*         0x000000000601d4c2        0xe 
 .text          0x000000000601d4d0     0x1adc /joe/Compiler/COMMON/SGL_302j/LIB_ELF/LIBCD.A(GFS.O)
                0x000000000601d4d0                gfs_version
                0x000000000601d4f0                GFS_Init
                0x000000000601d5d8                GFS_LoadDir
                0x000000000601d680                GFS_SetDir
                0x000000000601d6e8                GFS_NameToId
                0x000000000601d74c                GFS_IdToName
                0x000000000601d7b8                GFS_GetDirInfo
                0x000000000601d828                GFS_Reset
                0x000000000601d8ac                GFS_Open
                0x000000000601d960                GFS_Close
                0x000000000601d998                GFS_Seek
                0x000000000601da4c                GFS_Tell
                0x000000000601da9c                GFS_IsEof
                0x000000000601daf0                GFS_ByteToSct
                0x000000000601db4c                GFS_GetFileSize
                0x000000000601dba8                GFS_GetFileInfo
                0x000000000601dc1c                GFS_GetNumCdbuf
                0x000000000601dc44                GFS_Load
                0x000000000601dd08                GFS_Fread
                0x000000000601dda4                gfs_waitRead
                0x000000000601de4c                GFS_NwFread
                0x000000000601df58                GFS_NwCdRead
                0x000000000601dfd0                GFS_NwIsComplete
                0x000000000601e008                GFS_NwStop
                0x000000000601e074                GFS_NwGetStat
                0x000000000601e0f0                gfs_recovRdErr
                0x000000000601e120                GFS_NwExecOne
                0x000000000601e1e0                GFS_NwExecServer
                0x000000000601e25c                GFS_SetGmode
                0x000000000601e2c0                GFS_SetTmode
                0x000000000601e32c                GFS_SetReadPara
                0x000000000601e390                GFS_SetTransPara
                0x000000000601e3fc                GFS_SetTrFunc
                0x000000000601e460                GFS_StartTrans
                0x000000000601e4ac                GFS_CdMovePickup
                0x000000000601e518                GFS_SetErrFunc
                0x000000000601e544                GFS_GetErrStat
                0x000000000601e568                GFS_ConvTno
                0x000000000601e590                gfs_chgRoot
                0x000000000601e65c                gfs_aborttrans
                0x000000000601e668                gfs_mngSetupFuncTbl
                0x000000000601e69c                gfs_mngInitWork
                0x000000000601e740                gfs_mngGetNumFile
                0x000000000601e7a8                GFS_mngAllocGrp
                0x000000000601e7f0                gfs_mngFreeGrp
                0x000000000601e7fc                gfs_mngTermAccess
                0x000000000601e880                gfs_mngSetErrCode
                0x000000000601e900                gfs_svrSearchHndl
                0x000000000601e940                gfs_svrAddHndl
                0x000000000601e97c                gfs_svrRemoveHndl
                0x000000000601e9d8                GFS_OpenSub
                0x000000000601ea30                gfs_loadVol
                0x000000000601eaf4                gfs_getRootDir
                0x000000000601ebf0                gfs_loadRootDir
                0x000000000601ec78                gfs_flowIn
                0x000000000601ed20                gfs_transData
                0x000000000601edc4                GFS_GetFad
                0x000000000601ee1c                gfs_SetSct
                0x000000000601ee5c                gfs_GetFinfo
                0x000000000601ee9c                gfs_closeSub
                0x000000000601eed8                gfs_getGmode
                0x000000000601eee4                gfs_isTaskDone
                0x000000000601ef38                gfs_convFinStat
 *fill*         0x000000000601efac        0x4 
 .text          0x000000000601efb0      0x106 /joe/Compiler/COMMON/SGL_302j/LIB_ELF/LIBCD.A(GFS_BUF.O)
                0x000000000601efe0                GFBF_GetTranData
                0x000000000601f008                GFBF_GetNumData
                0x000000000601f038                GFBF_GetSrcPk
                0x000000000601f060                GFBF_GetSctData
                0x000000000601f084                GFBF_RtnPk
                0x000000000601f0ac                gfbf_getSctDt
 *fill*         0x000000000601f0b6        0xa 
 .text          0x000000000601f0c0      0x600 /joe/Compiler/COMMON/SGL_302j/LIB_ELF/LIBCD.A(GFS_CDB.O)
                0x000000000601f0c0                GFCB_Setup
                0x000000000601f1e0                GFCB_Close
                0x000000000601f208                GFCB_GetLenData
                0x000000000601f2b4                GFCB_GetLenRoom
                0x000000000601f2c0                GFCB_SetFilt
                0x000000000601f328                GFCB_DeleteAllData
                0x000000000601f350                GFCB_Tell
                0x000000000601f360                gfcb_getSctNum
                0x000000000601f3b0                GFCB_Seek
                0x000000000601f4ac                GFCB_GetSrcPack
                0x000000000601f58c                GFCB_GetSctData
                0x000000000601f5c4                GFCB_GetDstPack
                0x000000000601f5d0                GFCB_RtnPk
                0x000000000601f618                GFCB_MovePickup
                0x000000000601f634                GFCB_SetCon
                0x000000000601f668                GFCB_GetPickup
                0x000000000601f690                GFCB_IsPuOwner
                0x000000000601f6a8                GFCB_UngetPickup
 .text          0x000000000601f6c0     0x1a10 /joe/Compiler/COMMON/SGL_302j/LIB_ELF/LIBCD.A(GFS_CDC.O)
                0x000000000601f6c0                GFCD_SetCdbfs
                0x000000000601f6ec                GFCD_Init
                0x000000000601f8f0                GFCD_AllocFilt
                0x000000000601f92c                GFCD_FreeFilt
                0x000000000601f95c                GFCD_AllocBuf
                0x000000000601f990                GFCD_FreeBuf
                0x000000000601fa34                GFCD_GetBaseFad
                0x000000000601fa68                GFCD_GetPickup
                0x000000000601fa9c                GFCD_UngetPickup
                0x000000000601fac8                GFCD_IsPuOwner
                0x000000000601faec                GFCD_SetFilt
                0x000000000601fbb0                GFCD_GetFilt
                0x000000000601fbf8                GFCD_SetCon
                0x000000000601fc50                GFCD_Play
                0x000000000601fcb0                GFCD_GetLenData
                0x000000000601fd18                GFCD_ReqData
                0x000000000601fd74                GFCD_EndData
                0x000000000601fdbc                GFCD_DelSctData
                0x000000000601fe14                GFCD_CheckDelSctData
                0x000000000601fe44                GFCD_GetStat
                0x000000000601fef8                GFCD_MovePickup
                0x000000000601ff44                GFCD_MoveSctData
                0x000000000601ffb8                GFCD_CheckMove
                0x000000000601ffdc                GFCD_GetSctInfo
                0x0000000006020024                GFCD_ChgDir
                0x0000000006020098                GFCD_SetFiltCon
                0x0000000006020180                GFCD_GetFileInfo
                0x000000000602025c                GFCD_GetBufSiz
                0x0000000006020294                GFCD_ExecServer
                0x0000000006020368                gfcd_isIdleTask
                0x00000000060203f4                gfcd_doTask
                0x00000000060204a0                GFCD_SetTimer
                0x00000000060204b4                GFCD_WaitServer
                0x00000000060204f0                gfcd_doSetFiltTsk
                0x00000000060206b4                gfcd_doSetConTsk
                0x0000000006020744                gfcd_doGetLenDataTsk
                0x0000000006020898                gfcd_doReqDataTsk
                0x0000000006020938                gfcd_doDelSctDataTsk
                0x0000000006020a6c                gfcd_doMoveSctTsk
                0x0000000006020bd0                gfcd_doChgDirTsk
                0x0000000006020dcc                gfcd_doSetFiltConTsk
                0x0000000006020f10                gfcd_checkEflag
                0x0000000006020f34                gfcd_initCdbMng
                0x0000000006020fb4                gfcd_setStat
                0x0000000006020fe0                GFCD_SetCsctFunc
                0x0000000006020ffc                GFCD_ChkScdqFlag
                0x0000000006021020                GFCD_ClrScdqFlag
                0x000000000602103c                GFCD_WaitScdqFlag
                0x0000000006021080                GFCD_WaitPause
 .text          0x00000000060210d0      0x8d8 /joe/Compiler/COMMON/SGL_302j/LIB_ELF/LIBCD.A(GFS_CDF.O)
                0x00000000060210d0                GFCF_Init
                0x0000000006021170                GFCF_Setup
                0x00000000060212b8                GFCF_SetSct
                0x00000000060212fc                GFCF_GetFileInfo
                0x0000000006021370                GFCF_FlowInBuf
                0x00000000060214c4                GFCF_StopInBuf
                0x0000000006021564                GFCF_Recover
                0x00000000060215ac                GFCF_Tell
                0x00000000060215c4                GFCF_Seek
                0x00000000060215dc                GFCF_MovePickup
                0x0000000006021678                GFCF_cnvIntlvOfs
                0x00000000060216cc                GFCF_GetStat
                0x0000000006021764                gfcf_getSctSize
                0x00000000060217a0                gfcf_isCdOk
                0x0000000006021860                gfcf_getPlayRange
 *fill*         0x00000000060219a8        0x8 
 .text          0x00000000060219b0      0x92c /joe/Compiler/COMMON/SGL_302j/LIB_ELF/LIBCD.A(GFS_DIR.O)
                0x00000000060219b0                GFDR_SetupDirTbl
                0x0000000006021a24                GFDR_NameToId
                0x0000000006021a84                GFDR_GetInfoDirId
                0x0000000006021a98                GFDR_GetInfoDirName
                0x0000000006021aac                GFDR_GetAtrDirId
                0x0000000006021ac4                GFDR_GetAtrDirName
                0x0000000006021adc                GFDR_ChgRoot
                0x0000000006021af4                GFDR_ChgDir
                0x0000000006021b68                gfdr_setupDirIdTbl
                0x0000000006021bec                gfdr_setupDirNameTbl
                0x0000000006021c98                gfdr_open
                0x0000000006021cc0                gfdr_read
                0x0000000006021d80                gfdr_readByte
                0x0000000006021dac                gfdr_readWord
                0x0000000006021dd8                gfdr_readWordNB
                0x0000000006021e2c                gfdr_readLongNB
                0x0000000006021e78                gfdr_readLongNM
                0x0000000006021ea0                gfdr_setNextRec
                0x0000000006021f24                gfdr_readDirEnt
                0x00000000060222a0                gfdr_setDirrecCd
 *fill*         0x00000000060222dc        0x4 
 .text          0x00000000060222e0      0x9c6 /joe/Compiler/COMMON/SGL_302j/LIB_ELF/LIBCD.A(GFS_TRN.O)
                0x0000000006022310                GFTR_Setup
                0x0000000006022354                GFTR_SetMode
                0x0000000006022368                GFTR_SetUnit
                0x0000000006022374                GFTR_SetTransPara
                0x00000000060223a8                GFTR_GetTransPara
                0x00000000060223b4                GFTR_GetNumTrans
                0x00000000060223c0                GFTR_SetTransMax
                0x00000000060223cc                GFTR_Start
                0x00000000060223d8                GFTR_Pause
                0x00000000060223e4                GFTR_Stop
                0x000000000602249c                GFTR_Exec
                0x0000000006022520                GFTR_Idle
                0x0000000006022598                GFTR_ExecSvr
                0x00000000060226a0                gftr_getSrcPack
                0x0000000006022728                gftr_getDstPack
                0x0000000006022784                gftr_reqScu
                0x0000000006022790                gftr_execScu
                0x000000000602282c                gftr_remScu
                0x0000000006022860                gfdma_canUse
                0x000000000602286c                gfdma_exec
                0x00000000060228dc                gfdma_getBytecnt
                0x0000000006022914                gftr_reqDma0
                0x000000000602292c                gftr_execSdma0
                0x0000000006022950                gftr_remDma0
                0x0000000006022968                gftr_reqDma1
                0x0000000006022980                gftr_execSdma1
                0x00000000060229a4                gftr_remDma1
                0x00000000060229bc                gftr_reqCpu
                0x00000000060229c8                gftr_execCpu
                0x0000000006022a08                gftr_remCpu
                0x0000000006022a14                gftr_reqTrn
                0x0000000006022a84                gftr_execTrn
                0x0000000006022b5c                gftr_remTrn
                0x0000000006022bd0                gftr_copyFrac
                0x0000000006022bf8                GFTR_GetLenData
                0x0000000006022c04                GFTR_GetLenRoom
                0x0000000006022c1c                GFTR_GetDstPack
                0x0000000006022c50                GFTR_RtnDstPk
                0x0000000006022c6c                GFTR_GetData
                0x0000000006022c80                GFTR_SetData
                0x0000000006022c94                GFTR_SetTransFunc
 *fill*         0x0000000006022ca6        0xa 
 .text          0x0000000006022cb0       0xa8 /joe/Compiler/COMMON/SGL_302j/LIB_ELF/LIBCD.A(CDC_DEV.O)
                0x0000000006022cb0                CDC_CdSetCon
                0x0000000006022ce0                CDC_CdGetCon
                0x0000000006022d1c                CDC_CdGetLastBuf
 *fill*         0x0000000006022d58        0x8 
 .text          0x0000000006022d60      0x2b8 /joe/Compiler/COMMON/SGL_302j/LIB_ELF/LIBCD.A(CDC_SEL.O)
                0x0000000006022d60                CDC_SetFiltRange
                0x0000000006022d94                CDC_GetFiltRange
                0x0000000006022dec                CDC_SetFiltSubh
                0x0000000006022e5c                CDC_GetFiltSubh
                0x0000000006022ed8                CDC_SetFiltMode
                0x0000000006022f0c                CDC_GetFiltMode
                0x0000000006022f50                CDC_SetFiltCon
                0x0000000006022f90                CDC_GetFiltCon
                0x0000000006022fe4                CDC_ResetSelector
 *fill*         0x0000000006023018        0x8 
 .text          0x0000000006023020      0x270 /joe/Compiler/COMMON/SGL_302j/LIB_ELF/LIBCD.A(CDC_BIF.O)
                0x0000000006023020                CDC_GetBufSiz
                0x000000000602307c                CDC_GetSctNum
                0x00000000060230c0                CDC_CalActSiz
                0x00000000060230fc                CDC_GetActSiz
                0x000000000602317c                CDC_GetSctInfo
                0x00000000060231fc                CDC_ExeFadSearch
                0x0000000006023234                CDC_GetFadSearch
 .text          0x0000000006023290      0x1e4 /joe/Compiler/COMMON/SGL_302j/LIB_ELF/LIBCD.A(CDC_BIO.O)
                0x0000000006023290                CDC_SetSctLen
                0x00000000060232c4                CDC_GetSctData
                0x0000000006023300                CDC_DelSctData
                0x000000000602333c                CDC_GetdelSctData
                0x0000000006023378                CDC_PutSctData
                0x00000000060233b0                CDC_CopySctData
                0x00000000060233f4                CDC_MoveSctData
                0x0000000006023438                CDC_GetCopyErr
 *fill*         0x0000000006023474        0xc 
 .text          0x0000000006023480        0x0 /joe/Compiler/COMMON/SGL_302j/LIB_ELF/LIBSGL.A(sglA01.o)
 .text          0x0000000006023480        0x0 /joe/Compiler/COMMON/SGL_302j/LIB_ELF/LIBSGL.A(sglA15.o)
 .text          0x0000000006023480        0x0 /joe/Compiler/COMMON/SGL_302j/LIB_ELF/LIBSGL.A(sglA16.o)
 .text          0x0000000006023480        0x0 /joe/Compiler/COMMON/SGL_302j/LIB_ELF/LIBSGL.A(sglA17.o)
 .text          0x0000000006023480        0x0 /joe/Compiler/COMMON/SGL_302j/LIB_ELF/LIBSGL.A(sglA18.o)
 .text          0x0000000006023480        0x0 /joe/Compiler/COMMON/SGL_302j/LIB_ELF/LIBSGL.A(sglA19.o)
 .text          0x0000000006023480        0x0 /joe/Compiler/COMMON/SGL_302j/LIB_ELF/LIBSGL.A(sglA20.o)
 .text          0x0000000006023480        0x0 /joe/Compiler/COMMON/SGL_302j/LIB_ELF/LIBSGL.A(sglA21.o)
 .text          0x0000000006023480        0x0 /joe/Compiler/COMMON/SGL_302j/LIB_ELF/LIBSGL.A(sglA27.o)
 .text          0x0000000006023480        0x0 /joe/Compiler/COMMON/SGL_302j/LIB_ELF/LIBSGL.A(sglA28.o)
 .text          0x0000000006023480        0x0 /joe/Compiler/COMMON/SGL_302j/LIB_ELF/LIBSGL.A(sglA40.o)
 .text          0x0000000006023480        0x0 /joe/Compiler/COMMON/SGL_302j/LIB_ELF/LIBSGL.A(sglB001.o)
 .text          0x0000000006023480        0x0 /joe/Compiler/COMMON/SGL_302j/LIB_ELF/LIBSGL.A(sglB011.o)
 .text          0x0000000006023480        0x0 /joe/Compiler/COMMON/SGL_302j/LIB_ELF/LIBSGL.A(sglB014.o)
 .text          0x0000000006023480        0x0 /joe/Compiler/COMMON/SGL_302j/LIB_ELF/LIBSGL.A(sglB015.o)
 .text          0x0000000006023480        0x0 /joe/Compiler/COMMON/SGL_302j/LIB_ELF/LIBSGL.A(sglB016.o)
 .text          0x0000000006023480        0x0 /joe/Compiler/COMMON/SGL_302j/LIB_ELF/LIBSGL.A(sglB020.o)
 .text          0x0000000006023480        0x0 /joe/Compiler/COMMON/SGL_302j/LIB_ELF/LIBSGL.A(sglB021.o)
 .text          0x0000000006023480        0x0 /joe/Compiler/COMMON/SGL_302j/LIB_ELF/LIBSGL.A(sglB023.o)
 .text          0x0000000006023480        0x0 /joe/Compiler/COMMON/SGL_302j/LIB_ELF/LIBSGL.A(sglB031.o)
 .text          0x0000000006023480        0x0 /joe/Compiler/COMMON/SGL_302j/LIB_ELF/LIBSGL.A(sglB032.o)
 .text          0x0000000006023480        0x0 /joe/Compiler/COMMON/SGL_302j/LIB_ELF/LIBSGL.A(sglB033.o)
 .text          0x0000000006023480        0x0 /joe/Compiler/COMMON/SGL_302j/LIB_ELF/LIBSGL.A(sglB034.o)
 .text          0x0000000006023480        0x0 /joe/Compiler/COMMON/SGL_302j/LIB_ELF/LIBSGL.A(sglB035.o)
 .text          0x0000000006023480        0x0 /joe/Compiler/COMMON/SGL_302j/LIB_ELF/LIBSGL.A(sglB036.o)
 .text          0x0000000006023480        0x0 /joe/Compiler/COMMON/SGL_302j/LIB_ELF/LIBSGL.A(sglB038.o)
 .text          0x0000000006023480        0x0 /joe/Compiler/COMMON/SGL_302j/LIB_ELF/LIBSGL.A(sglB039.o)
 .text          0x0000000006023480        0x0 /joe/Compiler/COMMON/SGL_302j/LIB_ELF/LIBSGL.A(sglB040.o)
 .text          0x0000000006023480        0x0 /joe/Compiler/COMMON/SGL_302j/LIB_ELF/LIBSGL.A(sglB041.o)
 .text          0x0000000006023480        0x0 /joe/Compiler/COMMON/SGL_302j/LIB_ELF/LIBSGL.A(sglB042.o)
 .text          0x0000000006023480        0x0 /joe/Compiler/COMMON/SGL_302j/LIB_ELF/LIBSGL.A(sglB043.o)
 .text          0x0000000006023480        0x0 /joe/Compiler/COMMON/SGL_302j/LIB_ELF/LIBSGL.A(sglB044.o)
 .text          0x0000000006023480        0x0 /joe/Compiler/COMMON/SGL_302j/LIB_ELF/LIBSGL.A(sglB045.o)
 .text          0x0000000006023480        0x0 /joe/Compiler/COMMON/SGL_302j/LIB_ELF/LIBSGL.A(sglB047.o)
 .text          0x0000000006023480        0x0 /joe/Compiler/COMMON/SGL_302j/LIB_ELF/LIBSGL.A(sglB048.o)
 .text          0x0000000006023480        0x0 /joe/Compiler/COMMON/SGL_302j/LIB_ELF/LIBSGL.A(sglB055.o)
 .text          0x0000000006023480        0x0 /joe/Compiler/COMMON/SGL_302j/LIB_ELF/LIBSGL.A(sglB056.o)
 .text          0x0000000006023480        0x0 /joe/Compiler/COMMON/SGL_302j/LIB_ELF/LIBSGL.A(sglB057.o)
 .text          0x0000000006023480        0x0 /joe/Compiler/COMMON/SGL_302j/LIB_ELF/LIBSGL.A(sglB058.o)
 .text          0x0000000006023480        0x0 /joe/Compiler/COMMON/SGL_302j/LIB_ELF/LIBSGL.A(sglB059.o)
 .text          0x0000000006023480        0x0 /joe/Compiler/COMMON/SGL_302j/LIB_ELF/LIBSGL.A(sglB060.o)
 .text          0x0000000006023480        0x0 /joe/Compiler/COMMON/SGL_302j/LIB_ELF/LIBSGL.A(sglB063.o)
 .text          0x0000000006023480        0x0 /joe/Compiler/COMMON/SGL_302j/LIB_ELF/LIBSGL.A(sglB087.o)
 .text          0x0000000006023480        0x0 /joe/Compiler/COMMON/SGL_302j/LIB_ELF/LIBSGL.A(sglB088.o)
 .text          0x0000000006023480        0x0 /joe/Compiler/COMMON/SGL_302j/LIB_ELF/LIBSGL.A(sglB090.o)
 .text          0x0000000006023480        0x0 /joe/Compiler/COMMON/SGL_302j/LIB_ELF/LIBSGL.A(sglB200.o)
 .text          0x0000000006023480        0x0 /joe/Compiler/COMMON/SGL_302j/LIB_ELF/LIBSGL.A(sglC01.o)
 .text          0x0000000006023480        0x0 /joe/Compiler/COMMON/SGL_302j/LIB_ELF/LIBSGL.A(sglC03.o)
 .text          0x0000000006023480        0x0 /joe/Compiler/COMMON/SGL_302j/LIB_ELF/LIBSGL.A(sglC04.o)
 .text          0x0000000006023480        0x0 /joe/Compiler/COMMON/SGL_302j/LIB_ELF/LIBSGL.A(sglC05.o)
 .text          0x0000000006023480        0x0 /joe/Compiler/COMMON/SGL_302j/LIB_ELF/LIBSGL.A(sglC06.o)
 .text          0x0000000006023480        0x0 /joe/Compiler/COMMON/SGL_302j/LIB_ELF/LIBSGL.A(sglC07.o)
 .text          0x0000000006023480        0x0 /joe/Compiler/COMMON/SGL_302j/LIB_ELF/LIBSGL.A(sglC08.o)
 .text          0x0000000006023480        0x0 /joe/Compiler/COMMON/SGL_302j/LIB_ELF/LIBSGL.A(sglC14.o)
 .text          0x0000000006023480        0x0 /joe/Compiler/COMMON/SGL_302j/LIB_ELF/LIBSGL.A(sglC16.o)
 .text          0x0000000006023480        0x0 /joe/Compiler/COMMON/SGL_302j/LIB_ELF/LIBSGL.A(sglC17.o)
 .text          0x0000000006023480        0x0 /joe/Compiler/COMMON/SGL_302j/LIB_ELF/LIBSGL.A(sglC19.o)
 .text          0x0000000006023480        0x0 /joe/Compiler/COMMON/SGL_302j/LIB_ELF/LIBSGL.A(sglC20.o)
 .text          0x0000000006023480        0x0 /joe/Compiler/COMMON/SGL_302j/LIB_ELF/LIBSGL.A(sglC21.o)
 .text          0x0000000006023480        0x0 /joe/Compiler/COMMON/SGL_302j/LIB_ELF/LIBSGL.A(sglD00.o)
 .text          0x0000000006023480        0x0 /joe/Compiler/COMMON/SGL_302j/LIB_ELF/LIBSGL.A(sglD01.o)
 .text          0x0000000006023480        0x0 /joe/Compiler/COMMON/SGL_302j/LIB_ELF/LIBSGL.A(sglD02.o)
 .text          0x0000000006023480        0x0 /joe/Compiler/COMMON/SGL_302j/LIB_ELF/LIBSGL.A(sglD03.o)
 .text          0x0000000006023480        0x0 /joe/Compiler/COMMON/SGL_302j/LIB_ELF/LIBSGL.A(sglD15.o)
 .text          0x0000000006023480        0x0 /joe/Compiler/COMMON/SGL_302j/LIB_ELF/LIBSGL.A(sglD16.o)
 .text          0x0000000006023480        0x0 /joe/Compiler/COMMON/SGL_302j/LIB_ELF/LIBSGL.A(sglD17.o)
 .text          0x0000000006023480        0x0 /joe/Compiler/COMMON/SGL_302j/LIB_ELF/LIBSGL.A(sglD18.o)
 .text          0x0000000006023480        0x0 /joe/Compiler/COMMON/SGL_302j/LIB_ELF/LIBSGL.A(sglF08.o)
 .text          0x0000000006023480        0x0 /joe/Compiler/COMMON/SGL_302j/LIB_ELF/LIBSGL.A(sglH00.o)
 .text          0x0000000006023480        0x0 /joe/Compiler/COMMON/SGL_302j/LIB_ELF/LIBSGL.A(sglH01.o)
 .text          0x0000000006023480        0x0 /joe/Compiler/COMMON/SGL_302j/LIB_ELF/LIBSGL.A(sglH02.o)
 .text          0x0000000006023480        0x0 /joe/Compiler/COMMON/SGL_302j/LIB_ELF/LIBSGL.A(sglH04.o)
 .text          0x0000000006023480        0x0 /joe/Compiler/COMMON/SGL_302j/LIB_ELF/LIBSGL.A(sglI01.o)
 .text          0x0000000006023480        0x0 /joe/Compiler/COMMON/SGL_302j/LIB_ELF/LIBSGL.A(sglI04.o)
 .text          0x0000000006023480      0x128 /joe/Compiler/COMMON/SGL_302j/LIB_ELF/LIBSGL.A(sglIc0.o)
                0x0000000006023480                slInitSystem
 *fill*         0x00000000060235a8        0x8 
 .text          0x00000000060235b0        0x0 /joe/Compiler/COMMON/SGL_302j/LIB_ELF/LIBSGL.A(sglJ00.o)
 .text          0x00000000060235b0        0x0 /joe/Compiler/COMMON/SGL_302j/LIB_ELF/LIBSGL.A(sglJ01.o)
 .text          0x00000000060235b0        0x0 /joe/Compiler/COMMON/SGL_302j/LIB_ELF/LIBSGL.A(sglJ02.o)
 .text          0x00000000060235b0        0x0 /joe/Compiler/COMMON/SGL_302j/LIB_ELF/LIBSGL.A(sglJ03.o)
 .text          0x00000000060235b0        0x0 /joe/Compiler/COMMON/SGL_302j/LIB_ELF/LIBSGL.A(sglJ04.o)
 .text          0x00000000060235b0        0x0 /joe/Compiler/COMMON/SGL_302j/LIB_ELF/LIBSGL.A(sglJ05.o)
 .text          0x00000000060235b0        0x0 /joe/Compiler/COMMON/SGL_302j/LIB_ELF/LIBSGL.A(sglK01.o)
 .text          0x00000000060235b0        0x0 /joe/Compiler/COMMON/SGL_302j/LIB_ELF/LIBSGL.A(sglM00.o)
 .text          0x00000000060235b0        0x0 /joe/Compiler/COMMON/SGL_302j/LIB_ELF/LIBSGL.A(sglM01.o)
 .text          0x00000000060235b0        0x0 /joe/Compiler/COMMON/SGL_302j/LIB_ELF/LIBSGL.A(sglA00.o)
 .text          0x00000000060235b0        0x0 /joe/Compiler/COMMON/SGL_302j/LIB_ELF/LIBSGL.A(sglA03.o)
 .text          0x00000000060235b0        0x0 /joe/Compiler/COMMON/SGL_302j/LIB_ELF/LIBSGL.A(sglA10.o)
 .text          0x00000000060235b0        0x0 /joe/Compiler/COMMON/SGL_302j/LIB_ELF/LIBSGL.A(sglA24.o)
 .text          0x00000000060235b0        0x0 /joe/Compiler/COMMON/SGL_302j/LIB_ELF/LIBSGL.A(sglA25.o)
 .text          0x00000000060235b0        0x0 /joe/Compiler/COMMON/SGL_302j/LIB_ELF/LIBSGL.A(sglB000.o)
 .text          0x00000000060235b0        0x0 /joe/Compiler/COMMON/SGL_302j/LIB_ELF/LIBSGL.A(sglC00.o)
 .text          0x00000000060235b0        0x0 /joe/Compiler/COMMON/SGL_302j/LIB_ELF/LIBSGL.A(sglC13.o)
 .text          0x00000000060235b0        0x0 /joe/Compiler/COMMON/SGL_302j/LIB_ELF/LIBSGL.A(sglD19.o)
 .text          0x00000000060235b0        0x0 /joe/Compiler/COMMON/SGL_302j/LIB_ELF/LIBSGL.A(sglI00.o)
 .text          0x00000000060235b0        0x0 /joe/Compiler/COMMON/SGL_302j/LIB_ELF/LIBSGL.A(sglH03.o)
 .text          0x00000000060235b0       0x52 /joe/Compiler/LINUX/bin/../lib/gcc/sh-none-elf/8.2.0/libgcc.a(_ashiftrt.o)
                0x00000000060235b0                __ashiftrt_r4_31
                0x00000000060235b0                __ashiftrt_r4_32
                0x00000000060235b6                __ashiftrt_r4_30
                0x00000000060235b8                __ashiftrt_r4_29
                0x00000000060235ba                __ashiftrt_r4_28
                0x00000000060235bc                __ashiftrt_r4_27
                0x00000000060235be                __ashiftrt_r4_26
                0x00000000060235c0                __ashiftrt_r4_25
                0x00000000060235c2                __ashiftrt_r4_24
                0x00000000060235ca                __ashiftrt_r4_23
                0x00000000060235cc                __ashiftrt_r4_22
                0x00000000060235ce                __ashiftrt_r4_21
                0x00000000060235d0                __ashiftrt_r4_20
                0x00000000060235d2                __ashiftrt_r4_19
                0x00000000060235d4                __ashiftrt_r4_18
                0x00000000060235d6                __ashiftrt_r4_17
                0x00000000060235d8                __ashiftrt_r4_16
                0x00000000060235de                __ashiftrt_r4_15
                0x00000000060235e0                __ashiftrt_r4_14
                0x00000000060235e2                __ashiftrt_r4_13
                0x00000000060235e4                __ashiftrt_r4_12
                0x00000000060235e6                __ashiftrt_r4_11
                0x00000000060235e8                __ashiftrt_r4_10
                0x00000000060235ea                __ashiftrt_r4_9
                0x00000000060235ec                __ashiftrt_r4_8
                0x00000000060235ee                __ashiftrt_r4_7
                0x00000000060235f0                __ashiftrt_r4_6
                0x00000000060235f2                __ashiftrt_r4_5
                0x00000000060235f4                __ashiftrt_r4_4
                0x00000000060235f6                __ashiftrt_r4_3
                0x00000000060235f8                __ashiftrt_r4_2
                0x00000000060235fa                __ashiftrt_r4_1
                0x00000000060235fe                __ashiftrt_r4_0
 *fill*         0x0000000006023602        0x2 
 .text          0x0000000006023604       0xa0 /joe/Compiler/LINUX/bin/../lib/gcc/sh-none-elf/8.2.0/libgcc.a(_sdivsi3.o)
                0x0000000006023604                __sdivsi3
 .text          0x00000000060236a4       0x6c /joe/Compiler/LINUX/bin/../lib/gcc/sh-none-elf/8.2.0/libgcc.a(_udivsi3.o)
                0x00000000060236c6                __udivsi3
 .text          0x0000000006023710      0x210 /joe/Compiler/LINUX/bin/../lib/gcc/sh-none-elf/8.2.0/libgcc.a(_addsub_sf.o)
                0x0000000006023884                __addsf3
                0x00000000060238d0                __subsf3
 .text          0x0000000006023920      0x134 /joe/Compiler/LINUX/bin/../lib/gcc/sh-none-elf/8.2.0/libgcc.a(_mul_sf.o)
                0x0000000006023920                __mulsf3
 .text          0x0000000006023a54       0xdc /joe/Compiler/LINUX/bin/../lib/gcc/sh-none-elf/8.2.0/libgcc.a(_div_sf.o)
                0x0000000006023a54                __divsf3
 .text          0x0000000006023b30       0x54 /joe/Compiler/LINUX/bin/../lib/gcc/sh-none-elf/8.2.0/libgcc.a(_eq_sf.o)
                0x0000000006023b30                __eqsf2
 .text          0x0000000006023b84       0x54 /joe/Compiler/LINUX/bin/../lib/gcc/sh-none-elf/8.2.0/libgcc.a(_ne_sf.o)
                0x0000000006023b84                __nesf2
 .text          0x0000000006023bd8       0x4c /joe/Compiler/LINUX/bin/../lib/gcc/sh-none-elf/8.2.0/libgcc.a(_gt_sf.o)
                0x0000000006023bd8                __gtsf2
 .text          0x0000000006023c24       0x4c /joe/Compiler/LINUX/bin/../lib/gcc/sh-none-elf/8.2.0/libgcc.a(_ge_sf.o)
                0x0000000006023c24                __gesf2
 .text          0x0000000006023c70       0x54 /joe/Compiler/LINUX/bin/../lib/gcc/sh-none-elf/8.2.0/libgcc.a(_lt_sf.o)
                0x0000000006023c70                __ltsf2
 .text          0x0000000006023cc4       0x54 /joe/Compiler/LINUX/bin/../lib/gcc/sh-none-elf/8.2.0/libgcc.a(_le_sf.o)
                0x0000000006023cc4                __lesf2
 .text          0x0000000006023d18       0x84 /joe/Compiler/LINUX/bin/../lib/gcc/sh-none-elf/8.2.0/libgcc.a(_si_to_sf.o)
                0x0000000006023d18                __floatsisf
 .text          0x0000000006023d9c       0x7c /joe/Compiler/LINUX/bin/../lib/gcc/sh-none-elf/8.2.0/libgcc.a(_sf_to_si.o)
                0x0000000006023d9c                __fixsfsi
 .text          0x0000000006023e18       0x3c /joe/Compiler/LINUX/bin/../lib/gcc/sh-none-elf/8.2.0/libgcc.a(_sf_to_df.o)
                0x0000000006023e18                __extendsfdf2
 .text          0x0000000006023e54        0x0 /joe/Compiler/LINUX/bin/../lib/gcc/sh-none-elf/8.2.0/libgcc.a(_thenan_sf.o)
 .text          0x0000000006023e54       0x94 /joe/Compiler/LINUX/bin/../lib/gcc/sh-none-elf/8.2.0/libgcc.a(_usi_to_sf.o)
                0x0000000006023e54                __floatunsisf
 .text          0x0000000006023ee8       0x28 /joe/Compiler/LINUX/bin/../lib/gcc/sh-none-elf/8.2.0/libgcc.a(_make_df.o)
                0x0000000006023ee8                __make_dp
 .text          0x0000000006023f10       0x4c /joe/Compiler/LINUX/bin/../lib/gcc/sh-none-elf/8.2.0/libgcc.a(_df_to_sf.o)
                0x0000000006023f10                __truncdfsf2
 .text          0x0000000006023f5c      0x114 /joe/Compiler/LINUX/bin/../lib/gcc/sh-none-elf/8.2.0/libgcc.a(_pack_sf.o)
                0x0000000006023f5c                __pack_f
 .text          0x0000000006024070       0xa0 /joe/Compiler/LINUX/bin/../lib/gcc/sh-none-elf/8.2.0/libgcc.a(_unpack_sf.o)
                0x0000000006024070                __unpack_f
 .text          0x0000000006024110       0xa8 /joe/Compiler/LINUX/bin/../lib/gcc/sh-none-elf/8.2.0/libgcc.a(_fpcmp_parts_sf.o)
                0x0000000006024110                __fpcmp_parts_f
 .text          0x00000000060241b8       0x20 /joe/Compiler/LINUX/bin/../lib/gcc/sh-none-elf/8.2.0/libgcc.a(_make_sf.o)
                0x00000000060241b8                __make_fp
 .text          0x00000000060241d8        0x0 /joe/Compiler/LINUX/bin/../lib/gcc/sh-none-elf/8.2.0/../../../../sh-none-elf/lib/libc.a(lib_a-impure.o)
 .text          0x00000000060241d8       0x1e /joe/Compiler/LINUX/bin/../lib/gcc/sh-none-elf/8.2.0/../../../../sh-none-elf/lib/libc.a(lib_a-memcmp.o)
                0x00000000060241d8                memcmp
 *fill*         0x00000000060241f6        0x2 
 .text          0x00000000060241f8       0x94 /joe/Compiler/LINUX/bin/../lib/gcc/sh-none-elf/8.2.0/../../../../sh-none-elf/lib/libc.a(lib_a-memcpy.o)
                0x00000000060241f8                memcpy
 .text          0x000000000602428c       0x40 /joe/Compiler/LINUX/bin/../lib/gcc/sh-none-elf/8.2.0/../../../../sh-none-elf/lib/libc.a(lib_a-memset.o)
                0x000000000602428c                memset
 .text          0x00000000060242cc       0x58 /joe/Compiler/LINUX/bin/../lib/gcc/sh-none-elf/8.2.0/../../../../sh-none-elf/lib/libc.a(lib_a-rand.o)
                0x00000000060242cc                srand
                0x00000000060242e0                rand
 .text          0x0000000006024324       0x60 /joe/Compiler/LINUX/bin/../lib/gcc/sh-none-elf/8.2.0/../../../../sh-none-elf/lib/libc.a(lib_a-rget.o)
                0x0000000006024324                __srget_r
                0x0000000006024370                __srget
 .text          0x0000000006024384       0x8c /joe/Compiler/LINUX/bin/../lib/gcc/sh-none-elf/8.2.0/../../../../sh-none-elf/lib/libc.a(lib_a-sprintf.o)
                0x0000000006024384                _sprintf_r
                0x00000000060243c4                sprintf
 .text          0x0000000006024410       0x22 /joe/Compiler/LINUX/bin/../lib/gcc/sh-none-elf/8.2.0/../../../../sh-none-elf/lib/libc.a(lib_a-strcat.o)
                0x0000000006024410                strcat
 *fill*         0x0000000006024432        0x2 
 .text          0x0000000006024434       0x38 /joe/Compiler/LINUX/bin/../lib/gcc/sh-none-elf/8.2.0/../../../../sh-none-elf/lib/libc.a(lib_a-strcmp.o)
                0x0000000006024434                strcmp
 .text          0x000000000602446c       0x3c /joe/Compiler/LINUX/bin/../lib/gcc/sh-none-elf/8.2.0/../../../../sh-none-elf/lib/libc.a(lib_a-strcpy.o)
                0x000000000602446c                strcpy
 .text          0x00000000060244a8       0x20 /joe/Compiler/LINUX/bin/../lib/gcc/sh-none-elf/8.2.0/../../../../sh-none-elf/lib/libc.a(lib_a-strlen.o)
                0x00000000060244a8                strlen
 .text          0x00000000060244c8       0x2a /joe/Compiler/LINUX/bin/../lib/gcc/sh-none-elf/8.2.0/../../../../sh-none-elf/lib/libc.a(lib_a-strncmp.o)
                0x00000000060244c8                strncmp
 .text          0x00000000060244f2       0x32 /joe/Compiler/LINUX/bin/../lib/gcc/sh-none-elf/8.2.0/../../../../sh-none-elf/lib/libc.a(lib_a-strncpy.o)
                0x00000000060244f2                strncpy
 .text          0x0000000006024524       0x36 /joe/Compiler/LINUX/bin/../lib/gcc/sh-none-elf/8.2.0/../../../../sh-none-elf/lib/libc.a(lib_a-strstr.o)
                0x0000000006024524                strstr
 *fill*         0x000000000602455a        0x2 
 .text          0x000000000602455c     0x1378 /joe/Compiler/LINUX/bin/../lib/gcc/sh-none-elf/8.2.0/../../../../sh-none-elf/lib/libc.a(lib_a-svfprintf.o)
                0x000000000602455c                _svfprintf_r
 .text          0x00000000060258d4       0xdc /joe/Compiler/LINUX/bin/../lib/gcc/sh-none-elf/8.2.0/../../../../sh-none-elf/lib/libc.a(lib_a-wbuf.o)
                0x00000000060258d4                __swbuf_r
                0x000000000602599c                __swbuf
 .text          0x00000000060259b0       0xcc /joe/Compiler/LINUX/bin/../lib/gcc/sh-none-elf/8.2.0/../../../../sh-none-elf/lib/libc.a(lib_a-wsetup.o)
                0x00000000060259b0                __swsetup_r
 .text          0x0000000006025a7c      0xef4 /joe/Compiler/LINUX/bin/../lib/gcc/sh-none-elf/8.2.0/../../../../sh-none-elf/lib/libc.a(lib_a-dtoa.o)
                0x0000000006025bb0                _dtoa_r
 .text          0x0000000006026970      0x1a8 /joe/Compiler/LINUX/bin/../lib/gcc/sh-none-elf/8.2.0/../../../../sh-none-elf/lib/libc.a(lib_a-fflush.o)
                0x0000000006026970                __sflush_r
                0x0000000006026ab0                _fflush_r
                0x0000000006026af0                fflush
 .text          0x0000000006026b18      0x218 /joe/Compiler/LINUX/bin/../lib/gcc/sh-none-elf/8.2.0/../../../../sh-none-elf/lib/libc.a(lib_a-findfp.o)
                0x0000000006026b74                _cleanup_r
                0x0000000006026b88                __sfmoreglue
                0x0000000006026bd4                _cleanup
                0x0000000006026be8                __sinit
                0x0000000006026c3c                __sfp
                0x0000000006026cf0                __sfp_lock_acquire
                0x0000000006026cf4                __sfp_lock_release
                0x0000000006026cf8                __sinit_lock_acquire
                0x0000000006026cfc                __sinit_lock_release
                0x0000000006026d00                __fp_lock_all
                0x0000000006026d18                __fp_unlock_all
 .text          0x0000000006026d30       0xb4 /joe/Compiler/LINUX/bin/../lib/gcc/sh-none-elf/8.2.0/../../../../sh-none-elf/lib/libc.a(lib_a-fwalk.o)
                0x0000000006026d30                _fwalk
                0x0000000006026d86                _fwalk_reent
 .text          0x0000000006026de4       0x40 /joe/Compiler/LINUX/bin/../lib/gcc/sh-none-elf/8.2.0/../../../../sh-none-elf/lib/libc.a(lib_a-localeconv.o)
                0x0000000006026de4                __localeconv_l
                0x0000000006026dec                _localeconv_r
                0x0000000006026e08                localeconv
 .text          0x0000000006026e24       0xa8 /joe/Compiler/LINUX/bin/../lib/gcc/sh-none-elf/8.2.0/../../../../sh-none-elf/lib/libc.a(lib_a-locale.o)
                0x0000000006026e24                _setlocale_r
                0x0000000006026e70                __locale_mb_cur_max
                0x0000000006026e90                __locale_ctype_ptr_l
                0x0000000006026e9a                __locale_ctype_ptr
                0x0000000006026eb8                setlocale
 .text          0x0000000006026ecc      0x110 /joe/Compiler/LINUX/bin/../lib/gcc/sh-none-elf/8.2.0/../../../../sh-none-elf/lib/libc.a(lib_a-makebuf.o)
                0x0000000006026ecc                __swhatbuf_r
                0x0000000006026f30                __smakebuf_r
 .text          0x0000000006026fdc       0x4c /joe/Compiler/LINUX/bin/../lib/gcc/sh-none-elf/8.2.0/../../../../sh-none-elf/lib/libc.a(lib_a-mbtowc_r.o)
                0x0000000006026fdc                _mbtowc_r
                0x0000000006027000                __ascii_mbtowc
 .text          0x0000000006027028       0x1c /joe/Compiler/LINUX/bin/../lib/gcc/sh-none-elf/8.2.0/../../../../sh-none-elf/lib/libc.a(lib_a-memchr.o)
                0x0000000006027028                memchr
 .text          0x0000000006027044      0xa9c /joe/Compiler/LINUX/bin/../lib/gcc/sh-none-elf/8.2.0/../../../../sh-none-elf/lib/libc.a(lib_a-mprec.o)
                0x0000000006027044                _Balloc
                0x00000000060270b8                _Bfree
                0x00000000060270d0                __multadd
                0x0000000006027178                __s2b
                0x0000000006027238                __hi0bits
                0x000000000602728c                __lo0bits
                0x00000000060272f0                __i2b
                0x000000000602730c                __multiply
                0x0000000006027450                __pow5mult
                0x000000000602750c                __lshift
                0x0000000006027600                __mcmp
                0x0000000006027638                __mdiff
                0x0000000006027714                __ulp
                0x0000000006027780                __b2d
                0x0000000006027868                __d2b
                0x0000000006027954                __ratio
                0x00000000060279d8                _mprec_log10
                0x0000000006027a30                __copybits
                0x0000000006027a74                __any_on
 .text          0x0000000006027ae0      0x14c /joe/Compiler/LINUX/bin/../lib/gcc/sh-none-elf/8.2.0/../../../../sh-none-elf/lib/libc.a(lib_a-refill.o)
                0x0000000006027af8                __srefill_r
 .text          0x0000000006027c2c       0xe0 /joe/Compiler/LINUX/bin/../lib/gcc/sh-none-elf/8.2.0/../../../../sh-none-elf/lib/libc.a(lib_a-stdio.o)
                0x0000000006027c2c                __sread
                0x0000000006027c68                __seofread
                0x0000000006027c6c                __swrite
                0x0000000006027cbc                __sseek
                0x0000000006027cfc                __sclose
 .text          0x0000000006027d0c      0xa60 /joe/Compiler/LINUX/bin/../lib/gcc/sh-none-elf/8.2.0/../../../../sh-none-elf/lib/libc.a(lib_a-svfiprintf.o)
                0x0000000006027d0c                __ssprint_r
                0x0000000006027e40                _svfiprintf_r
 .text          0x000000000602876c       0x40 /joe/Compiler/LINUX/bin/../lib/gcc/sh-none-elf/8.2.0/../../../../sh-none-elf/lib/libc.a(lib_a-wctomb_r.o)
                0x000000000602876c                _wctomb_r
                0x000000000602878c                __ascii_wctomb
 .text          0x00000000060287ac       0x34 /joe/Compiler/LINUX/bin/../lib/gcc/sh-none-elf/8.2.0/../../../../sh-none-elf/lib/libc.a(lib_a-writer.o)
                0x00000000060287ac                _write_r
 .text          0x00000000060287e0       0x30 /joe/Compiler/LINUX/bin/../lib/gcc/sh-none-elf/8.2.0/../../../../sh-none-elf/lib/libc.a(lib_a-closer.o)
                0x00000000060287e0                _close_r
 .text          0x0000000006028810        0x0 /joe/Compiler/LINUX/bin/../lib/gcc/sh-none-elf/8.2.0/../../../../sh-none-elf/lib/libc.a(lib_a-ctype_.o)
 .text          0x0000000006028810       0xc8 /joe/Compiler/LINUX/bin/../lib/gcc/sh-none-elf/8.2.0/../../../../sh-none-elf/lib/libc.a(lib_a-fclose.o)
                0x0000000006028810                _fclose_r
                0x00000000060288c4                fclose
 .text          0x00000000060288d8       0x34 /joe/Compiler/LINUX/bin/../lib/gcc/sh-none-elf/8.2.0/../../../../sh-none-elf/lib/libc.a(lib_a-fstatr.o)
                0x00000000060288d8                _fstat_r
 .text          0x000000000602890c       0x30 /joe/Compiler/LINUX/bin/../lib/gcc/sh-none-elf/8.2.0/../../../../sh-none-elf/lib/libc.a(lib_a-isattyr.o)
                0x000000000602890c                _isatty_r
 .text          0x000000000602893c       0x34 /joe/Compiler/LINUX/bin/../lib/gcc/sh-none-elf/8.2.0/../../../../sh-none-elf/lib/libc.a(lib_a-lseekr.o)
                0x000000000602893c                _lseek_r
 .text          0x0000000006028970       0x3c /joe/Compiler/LINUX/bin/../lib/gcc/sh-none-elf/8.2.0/../../../../sh-none-elf/lib/libc.a(lib_a-memmove.o)
                0x0000000006028970                memmove
 .text          0x00000000060289ac       0x34 /joe/Compiler/LINUX/bin/../lib/gcc/sh-none-elf/8.2.0/../../../../sh-none-elf/lib/libc.a(lib_a-readr.o)
                0x00000000060289ac                _read_r
 .text          0x00000000060289e0      0x100 /joe/Compiler/LINUX/bin/../lib/gcc/sh-none-elf/8.2.0/../../../../sh-none-elf/lib/libc.a(lib_a-reent.o)
                0x00000000060289e0                cleanup_glue
                0x0000000006028a0c                _reclaim_reent
 .text          0x0000000006028ae0      0x25c /joe/Compiler/LINUX/bin/../lib/gcc/sh-none-elf/8.2.0/../../../../sh-none-elf/lib/libc.a(lib_a-syscalls.o)
                0x0000000006028b58                _read
                0x0000000006028b68                _lseek
                0x0000000006028b78                _write
                0x0000000006028b88                _close
                0x0000000006028b98                _link
                0x0000000006028b9c                _sbrk
                0x0000000006028bf4                _fstat
                0x0000000006028bfe                _open
                0x0000000006028c10                _creat
                0x0000000006028c20                _unlink
                0x0000000006028c24                isatty
                0x0000000006028c28                _isatty
                0x0000000006028c2c                _exit
                0x0000000006028c3c                _kill
                0x0000000006028c50                _getpid
                0x0000000006028c54                _raise
                0x0000000006028c58                _stat
                0x0000000006028c68                _chmod
                0x0000000006028c78                _chown
                0x0000000006028c88                _utime
                0x0000000006028c9c                _fork
                0x0000000006028ca8                _wait
                0x0000000006028cb8                _execve
                0x0000000006028cc8                _execv
                0x0000000006028cd8                _pipe
                0x0000000006028ce4                _times
                0x0000000006028ce8                _gettimeofday
                0x0000000006028d10                __setup_argv_and_call_main
 .text          0x0000000006028d3c       0x14 /joe/Compiler/LINUX/bin/../lib/gcc/sh-none-elf/8.2.0/../../../../sh-none-elf/lib/libc.a(lib_a-trap.o)
                0x0000000006028d3c                __trap34
 .text          0x0000000006028d50       0x18 /joe/Compiler/LINUX/bin/../lib/gcc/sh-none-elf/8.2.0/../../../../sh-none-elf/lib/libc.a(lib_a-abort.o)
                0x0000000006028d50                abort
 .text          0x0000000006028d68      0x1b0 /joe/Compiler/LINUX/bin/../lib/gcc/sh-none-elf/8.2.0/../../../../sh-none-elf/lib/libc.a(lib_a-signal.o)
                0x0000000006028d68                _init_signal_r
                0x0000000006028da4                _signal_r
                0x0000000006028df0                _raise_r
                0x0000000006028e68                __sigtramp_r
                0x0000000006028ecc                raise
                0x0000000006028ee0                signal
                0x0000000006028ef4                _init_signal
                0x0000000006028f04                __sigtramp
 .text          0x0000000006028f18       0x40 /joe/Compiler/LINUX/bin/../lib/gcc/sh-none-elf/8.2.0/../../../../sh-none-elf/lib/libc.a(lib_a-signalr.o)
                0x0000000006028f18                _kill_r
                0x0000000006028f4c                _getpid_r
 .text          0x0000000006028f58       0x80 /joe/Compiler/LINUX/bin/../lib/gcc/sh-none-elf/8.2.0/libgcc.a(_ashiftrt_n.o)
                0x0000000006028f58                __ashrsi3
 .text          0x0000000006028fd8       0xbc /joe/Compiler/LINUX/bin/../lib/gcc/sh-none-elf/8.2.0/libgcc.a(_ashiftlt.o)
                0x0000000006028fd8                __ashlsi3
                0x0000000006028fdc                __ashlsi3_r0
 .text          0x0000000006029094       0xbc /joe/Compiler/LINUX/bin/../lib/gcc/sh-none-elf/8.2.0/libgcc.a(_lshiftrt.o)
                0x0000000006029094                __lshrsi3
                0x0000000006029098                __lshrsi3_r0
 .text          0x0000000006029150      0x258 /joe/Compiler/LINUX/bin/../lib/gcc/sh-none-elf/8.2.0/libgcc.a(_udivdi3.o)
                0x0000000006029150                __udivdi3
 .text          0x00000000060293a8      0x2bc /joe/Compiler/LINUX/bin/../lib/gcc/sh-none-elf/8.2.0/libgcc.a(_umoddi3.o)
                0x00000000060293a8                __umoddi3
 .text          0x0000000006029664      0x3b4 /joe/Compiler/LINUX/bin/../lib/gcc/sh-none-elf/8.2.0/libgcc.a(_addsub_df.o)
                0x0000000006029974                __adddf3
                0x00000000060299c4                __subdf3
 .text          0x0000000006029a18      0x208 /joe/Compiler/LINUX/bin/../lib/gcc/sh-none-elf/8.2.0/libgcc.a(_mul_df.o)
                0x0000000006029a18                __muldf3
 .text          0x0000000006029c20      0x130 /joe/Compiler/LINUX/bin/../lib/gcc/sh-none-elf/8.2.0/libgcc.a(_div_df.o)
                0x0000000006029c20                __divdf3
 .text          0x0000000006029d50       0x58 /joe/Compiler/LINUX/bin/../lib/gcc/sh-none-elf/8.2.0/libgcc.a(_eq_df.o)
                0x0000000006029d50                __eqdf2
 .text          0x0000000006029da8       0x58 /joe/Compiler/LINUX/bin/../lib/gcc/sh-none-elf/8.2.0/libgcc.a(_ne_df.o)
                0x0000000006029da8                __nedf2
 .text          0x0000000006029e00       0x50 /joe/Compiler/LINUX/bin/../lib/gcc/sh-none-elf/8.2.0/libgcc.a(_gt_df.o)
                0x0000000006029e00                __gtdf2
 .text          0x0000000006029e50       0x50 /joe/Compiler/LINUX/bin/../lib/gcc/sh-none-elf/8.2.0/libgcc.a(_ge_df.o)
                0x0000000006029e50                __gedf2
 .text          0x0000000006029ea0       0x58 /joe/Compiler/LINUX/bin/../lib/gcc/sh-none-elf/8.2.0/libgcc.a(_lt_df.o)
                0x0000000006029ea0                __ltdf2
 .text          0x0000000006029ef8       0x58 /joe/Compiler/LINUX/bin/../lib/gcc/sh-none-elf/8.2.0/libgcc.a(_le_df.o)
                0x0000000006029ef8                __ledf2
 .text          0x0000000006029f50       0x40 /joe/Compiler/LINUX/bin/../lib/gcc/sh-none-elf/8.2.0/libgcc.a(_unord_df.o)
                0x0000000006029f50                __unorddf2
 .text          0x0000000006029f90       0xa8 /joe/Compiler/LINUX/bin/../lib/gcc/sh-none-elf/8.2.0/libgcc.a(_si_to_df.o)
                0x0000000006029f90                __floatsidf
 .text          0x000000000602a038       0xa4 /joe/Compiler/LINUX/bin/../lib/gcc/sh-none-elf/8.2.0/libgcc.a(_df_to_si.o)
                0x000000000602a038                __fixdfsi
 .text          0x000000000602a0dc        0x0 /joe/Compiler/LINUX/bin/../lib/gcc/sh-none-elf/8.2.0/libgcc.a(_thenan_df.o)
 .text          0x000000000602a0dc       0x88 /joe/Compiler/LINUX/bin/../lib/gcc/sh-none-elf/8.2.0/libgcc.a(_usi_to_df.o)
                0x000000000602a0dc                __floatunsidf
 *fill*         0x000000000602a164        0x4 
 .text          0x000000000602a168       0x60 /joe/Compiler/LINUX/bin/../lib/gcc/sh-none-elf/8.2.0/libgcc.a(_udiv_qrnnd_16.o)
                0x000000000602a168                __udiv_qrnnd_16
 .text          0x000000000602a1c8        0x0 /joe/Compiler/LINUX/bin/../lib/gcc/sh-none-elf/8.2.0/libgcc.a(_clz.o)
 .text          0x000000000602a1c8       0x58 /joe/Compiler/LINUX/bin/../lib/gcc/sh-none-elf/8.2.0/libgcc.a(_clzsi2.o)
                0x000000000602a1c8                __clzsi2
 .text          0x000000000602a220      0x25c /joe/Compiler/LINUX/bin/../lib/gcc/sh-none-elf/8.2.0/libgcc.a(_pack_df.o)
                0x000000000602a220                __pack_d
 .text          0x000000000602a47c       0xcc /joe/Compiler/LINUX/bin/../lib/gcc/sh-none-elf/8.2.0/libgcc.a(_unpack_df.o)
                0x000000000602a47c                __unpack_d
 .text          0x000000000602a548       0xc8 /joe/Compiler/LINUX/bin/../lib/gcc/sh-none-elf/8.2.0/libgcc.a(_fpcmp_parts_df.o)
                0x000000000602a548                __fpcmp_parts_d
 *(.strings)
 *(SEGA_P)
 *(.eh_frame_hdr)
 *(.eh_frame)
 .eh_frame      0x000000000602a610       0xa8 /joe/Compiler/LINUX/bin/../lib/gcc/sh-none-elf/8.2.0/libgcc.a(_udivdi3.o)
 .eh_frame      0x000000000602a6b8       0xdc /joe/Compiler/LINUX/bin/../lib/gcc/sh-none-elf/8.2.0/libgcc.a(_umoddi3.o)
                0x000000000602a794                __etext = .

.text.startup   0x000000000602a7a0      0xc20
 .text.startup  0x000000000602a7a0      0xc14 /tmp/ccLVyked.ltrans0.ltrans.o
                0x000000000602a7a0                main

SLPROG          0x000000000602b3c0    0x158a0
                0x000000000602b3c0                __slprog_start = .
 *(SLPROG)
 SLPROG         0x000000000602b3c0     0x6540 /joe/Compiler/COMMON/SGL_302j/LIB_ELF/SGLAREA.O
                0x000000000602b3c0                MasterStack
                0x000000000602b3c4                SlaveStack
                0x000000000602b3c8                MaxVertices
                0x000000000602b3ca                MaxPolygons
                0x000000000602b3cc                SortList
                0x000000000602b3d0                SortListSize
                0x000000000602b3d4                TransList
                0x000000000602b3d8                Zbuffer
                0x000000000602b3dc                SpriteBuf
                0x000000000602b3e0                SpriteBufSize
                0x000000000602b3e4                Pbuffer
                0x000000000602b3e8                CommandBuf
                0x000000000602b3ec                CLOfstBuf
                0x000000000602b3f0                PCM_Work
                0x000000000602b3f4                PCM_WkSize
                0x000000000602b3f8                MaxEvents
                0x000000000602b3fa                EventSize
                0x000000000602b3fc                MaxWorks
                0x000000000602b3fe                WorkSize
                0x000000000602b400                RemainEvent
                0x000000000602b500                RemainWork
                0x000000000602b900                EventBuf
                0x000000000602d900                WorkBuf
 SLPROG         0x0000000006031900     0x411e /joe/Compiler/COMMON/SGL_302j/LIB_ELF/LIBSGL.A(sglA01.o)
                0x0000000006031900                slSin
                0x0000000006031924                slCos
                0x0000000006031948                GetSinCos
                0x00000000060319dc                sin_cos_index_tbl
                0x0000000006031a1c                sin_tbl
 *fill*         0x0000000006035a1e        0x2 
 SLPROG         0x0000000006035a20       0x18 /joe/Compiler/COMMON/SGL_302j/LIB_ELF/LIBSGL.A(sglA15.o)
                0x0000000006035a20                slSlaveFunc
 *fill*         0x0000000006035a38        0x8 
 SLPROG         0x0000000006035a40       0xd0 /joe/Compiler/COMMON/SGL_302j/LIB_ELF/LIBSGL.A(sglA16.o)
                0x0000000006035a40                slLookAt
 SLPROG         0x0000000006035b10       0x78 /joe/Compiler/COMMON/SGL_302j/LIB_ELF/LIBSGL.A(sglA17.o)
                0x0000000006035b10                slRotZ
                0x0000000006035b1a                slRotZSC
 *fill*         0x0000000006035b88        0x8 
 SLPROG         0x0000000006035b90       0x78 /joe/Compiler/COMMON/SGL_302j/LIB_ELF/LIBSGL.A(sglA18.o)
                0x0000000006035b90                slRotY
                0x0000000006035b9a                slRotYSC
 *fill*         0x0000000006035c08        0x8 
 SLPROG         0x0000000006035c10       0x78 /joe/Compiler/COMMON/SGL_302j/LIB_ELF/LIBSGL.A(sglA19.o)
                0x0000000006035c10                slRotX
                0x0000000006035c1a                slRotXSC
 *fill*         0x0000000006035c88        0x8 
 SLPROG         0x0000000006035c90      0x42c /joe/Compiler/COMMON/SGL_302j/LIB_ELF/LIBSGL.A(sglA20.o)
                0x0000000006035c90                slInitMatrix
                0x0000000006035c9a                slPushUnitMatrix
                0x0000000006035cae                slUnitMatrix
 *fill*         0x00000000060360bc        0x4 
 SLPROG         0x00000000060360c0       0x48 /joe/Compiler/COMMON/SGL_302j/LIB_ELF/LIBSGL.A(sglA21.o)
                0x00000000060360c0                slPushMatrix
                0x00000000060360f4                slPopMatrix
                0x00000000060360f4                slDecMatrixPtr
 *fill*         0x0000000006036108        0x8 
 SLPROG         0x0000000006036110       0x50 /joe/Compiler/COMMON/SGL_302j/LIB_ELF/LIBSGL.A(sglA27.o)
                0x0000000006036110                slTranslate
 SLPROG         0x0000000006036160       0x70 /joe/Compiler/COMMON/SGL_302j/LIB_ELF/LIBSGL.A(sglA28.o)
                0x0000000006036160                slScale
 SLPROG         0x00000000060361d0       0x22 /joe/Compiler/COMMON/SGL_302j/LIB_ELF/LIBSGL.A(sglA40.o)
                0x00000000060361d0                slCalcVector
 *fill*         0x00000000060361f2        0xe 
 SLPROG         0x0000000006036200       0x20 /joe/Compiler/COMMON/SGL_302j/LIB_ELF/LIBSGL.A(sglB001.o)
                0x0000000006036200                slTVOn
                0x000000000603620a                slTVOff
 SLPROG         0x0000000006036220       0x24 /joe/Compiler/COMMON/SGL_302j/LIB_ELF/LIBSGL.A(sglB011.o)
                0x0000000006036220                slBitMapNbg1
 *fill*         0x0000000006036244        0xc 
 SLPROG         0x0000000006036250        0x8 /joe/Compiler/COMMON/SGL_302j/LIB_ELF/LIBSGL.A(sglB014.o)
                0x0000000006036250                slScrTransparent
 *fill*         0x0000000006036258        0x8 
 SLPROG         0x0000000006036260      0x40c /joe/Compiler/COMMON/SGL_302j/LIB_ELF/LIBSGL.A(sglB015.o)
                0x0000000006036260                slScrAutoDisp
 *fill*         0x000000000603666c        0x4 
 SLPROG         0x0000000006036670        0xc /joe/Compiler/COMMON/SGL_302j/LIB_ELF/LIBSGL.A(sglB016.o)
                0x0000000006036670                slBack1ColSet
 *fill*         0x000000000603667c        0x4 
 SLPROG         0x0000000006036680       0x10 /joe/Compiler/COMMON/SGL_302j/LIB_ELF/LIBSGL.A(sglB020.o)
                0x0000000006036680                slColorCalc
 SLPROG         0x0000000006036690        0xc /joe/Compiler/COMMON/SGL_302j/LIB_ELF/LIBSGL.A(sglB021.o)
                0x0000000006036690                slColorCalcOn
 *fill*         0x000000000603669c        0x4 
 SLPROG         0x00000000060366a0        0xc /joe/Compiler/COMMON/SGL_302j/LIB_ELF/LIBSGL.A(sglB023.o)
                0x00000000060366a0                slColRate
 *fill*         0x00000000060366ac        0x4 
 SLPROG         0x00000000060366b0       0xb0 /joe/Compiler/COMMON/SGL_302j/LIB_ELF/LIBSGL.A(sglB031.o)
                0x00000000060366b0                slMapNbg0
 SLPROG         0x0000000006036760       0xb4 /joe/Compiler/COMMON/SGL_302j/LIB_ELF/LIBSGL.A(sglB032.o)
                0x0000000006036760                slMapNbg1
 *fill*         0x0000000006036814        0xc 
 SLPROG         0x0000000006036820       0xb0 /joe/Compiler/COMMON/SGL_302j/LIB_ELF/LIBSGL.A(sglB033.o)
                0x0000000006036820                slMapNbg2
 SLPROG         0x00000000060368d0       0xb4 /joe/Compiler/COMMON/SGL_302j/LIB_ELF/LIBSGL.A(sglB034.o)
                0x00000000060368d0                slMapNbg3
 *fill*         0x0000000006036984        0xc 
 SLPROG         0x0000000006036990       0xd4 /joe/Compiler/COMMON/SGL_302j/LIB_ELF/LIBSGL.A(sglB035.o)
                0x0000000006036990                sl1MapRA
                0x0000000006036a22                rbank_set
 *fill*         0x0000000006036a64        0xc 
 SLPROG         0x0000000006036a70       0xa0 /joe/Compiler/COMMON/SGL_302j/LIB_ELF/LIBSGL.A(sglB036.o)
                0x0000000006036a70                sl1MapRB
 SLPROG         0x0000000006036b10       0x70 /joe/Compiler/COMMON/SGL_302j/LIB_ELF/LIBSGL.A(sglB038.o)
                0x0000000006036b10                slRparaInitSet
 SLPROG         0x0000000006036b80       0x7e /joe/Compiler/COMMON/SGL_302j/LIB_ELF/LIBSGL.A(sglB039.o)
                0x0000000006036b80                slMakeKtable
 *fill*         0x0000000006036bfe        0x2 
 SLPROG         0x0000000006036c00       0x58 /joe/Compiler/COMMON/SGL_302j/LIB_ELF/LIBSGL.A(sglB040.o)
                0x0000000006036c00                slKtableRA
 *fill*         0x0000000006036c58        0x8 
 SLPROG         0x0000000006036c60       0x5c /joe/Compiler/COMMON/SGL_302j/LIB_ELF/LIBSGL.A(sglB041.o)
                0x0000000006036c60                slKtableRB
 *fill*         0x0000000006036cbc        0x4 
 SLPROG         0x0000000006036cc0       0x10 /joe/Compiler/COMMON/SGL_302j/LIB_ELF/LIBSGL.A(sglB042.o)
                0x0000000006036cc0                slCurRpara
 SLPROG         0x0000000006036cd0        0x8 /joe/Compiler/COMMON/SGL_302j/LIB_ELF/LIBSGL.A(sglB043.o)
                0x0000000006036cd0                slRparaMode
 *fill*         0x0000000006036cd8        0x8 
 SLPROG         0x0000000006036ce0      0x4e4 /joe/Compiler/COMMON/SGL_302j/LIB_ELF/LIBSGL.A(sglB044.o)
                0x0000000006036ce0                slScrMatSet
 *fill*         0x00000000060371c4        0xc 
 SLPROG         0x00000000060371d0       0x28 /joe/Compiler/COMMON/SGL_302j/LIB_ELF/LIBSGL.A(sglB045.o)
                0x00000000060371d0                slScrMatConv
 *fill*         0x00000000060371f8        0x8 
 SLPROG         0x0000000006037200        0xc /joe/Compiler/COMMON/SGL_302j/LIB_ELF/LIBSGL.A(sglB047.o)
                0x0000000006037200                slOverRA
 *fill*         0x000000000603720c        0x4 
 SLPROG         0x0000000006037210       0x10 /joe/Compiler/COMMON/SGL_302j/LIB_ELF/LIBSGL.A(sglB048.o)
                0x0000000006037210                slOverRB
 SLPROG         0x0000000006037220        0xc /joe/Compiler/COMMON/SGL_302j/LIB_ELF/LIBSGL.A(sglB055.o)
                0x0000000006037220                slPlaneNbg0
 *fill*         0x000000000603722c        0x4 
 SLPROG         0x0000000006037230        0xc /joe/Compiler/COMMON/SGL_302j/LIB_ELF/LIBSGL.A(sglB056.o)
                0x0000000006037230                slPlaneNbg1
 *fill*         0x000000000603723c        0x4 
 SLPROG         0x0000000006037240       0x10 /joe/Compiler/COMMON/SGL_302j/LIB_ELF/LIBSGL.A(sglB057.o)
                0x0000000006037240                slPlaneNbg2
 SLPROG         0x0000000006037250       0x10 /joe/Compiler/COMMON/SGL_302j/LIB_ELF/LIBSGL.A(sglB058.o)
                0x0000000006037250                slPlaneNbg3
 SLPROG         0x0000000006037260        0xc /joe/Compiler/COMMON/SGL_302j/LIB_ELF/LIBSGL.A(sglB059.o)
                0x0000000006037260                slPlaneRA
 *fill*         0x000000000603726c        0x4 
 SLPROG         0x0000000006037270       0x10 /joe/Compiler/COMMON/SGL_302j/LIB_ELF/LIBSGL.A(sglB060.o)
                0x0000000006037270                slPlaneRB
 SLPROG         0x0000000006037280        0xc /joe/Compiler/COMMON/SGL_302j/LIB_ELF/LIBSGL.A(sglB063.o)
                0x0000000006037280                slPriority
 *fill*         0x000000000603728c        0x4 
 SLPROG         0x0000000006037290       0x18 /joe/Compiler/COMMON/SGL_302j/LIB_ELF/LIBSGL.A(sglB087.o)
                0x0000000006037290                slLineScrollTable0
 *fill*         0x00000000060372a8        0x8 
 SLPROG         0x00000000060372b0        0x8 /joe/Compiler/COMMON/SGL_302j/LIB_ELF/LIBSGL.A(sglB088.o)
                0x00000000060372b0                slLineScrollTable1
 *fill*         0x00000000060372b8        0x8 
 SLPROG         0x00000000060372c0        0xc /joe/Compiler/COMMON/SGL_302j/LIB_ELF/LIBSGL.A(sglB090.o)
                0x00000000060372c0                slLineScrollMode
 *fill*         0x00000000060372cc        0x4 
 SLPROG         0x00000000060372d0      0x114 /joe/Compiler/COMMON/SGL_302j/LIB_ELF/LIBSGL.A(sglB200.o)
                0x00000000060372d0                slCharRbg0
                0x00000000060372dc                slCharNbg0
                0x00000000060372e8                slCharNbg1
                0x00000000060372f4                slCharNbg2
                0x000000000603730a                slCharNbg3
                0x0000000006037322                slPageRbg0
                0x0000000006037338                slPageNbg1
                0x0000000006037340                slPageNbg2
                0x0000000006037348                slPageNbg3
                0x0000000006037354                slPageNbg0
 *fill*         0x00000000060373e4        0xc 
 SLPROG         0x00000000060373f0       0x6c /joe/Compiler/COMMON/SGL_302j/LIB_ELF/LIBSGL.A(sglC01.o)
                0x00000000060373f0                slPerspective
 *fill*         0x000000000603745c        0x4 
 SLPROG         0x0000000006037460       0xc4 /joe/Compiler/COMMON/SGL_302j/LIB_ELF/LIBSGL.A(sglC03.o)
                0x0000000006037460                slWindow
 *fill*         0x0000000006037524        0xc 
 SLPROG         0x0000000006037530       0x2c /joe/Compiler/COMMON/SGL_302j/LIB_ELF/LIBSGL.A(sglC04.o)
                0x0000000006037530                slZdspLevel
 *fill*         0x000000000603755c        0x4 
 SLPROG         0x0000000006037560       0x78 /joe/Compiler/COMMON/SGL_302j/LIB_ELF/LIBSGL.A(sglC05.o)
                0x0000000006037560                slSetSprite
 *fill*         0x00000000060375d8        0x8 
 SLPROG         0x00000000060375e0       0xfa /joe/Compiler/COMMON/SGL_302j/LIB_ELF/LIBSGL.A(sglC06.o)
                0x00000000060375e0                slDispSprite
 *fill*         0x00000000060376da        0x6 
 SLPROG         0x00000000060376e0      0x162 /joe/Compiler/COMMON/SGL_302j/LIB_ELF/LIBSGL.A(sglC07.o)
                0x00000000060376e6                slPutSprite
 *fill*         0x0000000006037842        0xe 
 SLPROG         0x0000000006037850     0x1218 /joe/Compiler/COMMON/SGL_302j/LIB_ELF/LIBSGL.A(sglC08.o)
                0x0000000006037850                slPutPolygon
                0x00000000060384cc                MsCalcDepthFlat
 *fill*         0x0000000006038a68        0x8 
 SLPROG         0x0000000006038a70       0x8c /joe/Compiler/COMMON/SGL_302j/LIB_ELF/LIBSGL.A(sglC14.o)
                0x0000000006038a70                slCurWindow
 *fill*         0x0000000006038afc        0x4 
 SLPROG         0x0000000006038b00       0x54 /joe/Compiler/COMMON/SGL_302j/LIB_ELF/LIBSGL.A(sglC16.o)
                0x0000000006038b00                slDynamicFrame
 *fill*         0x0000000006038b54        0xc 
 SLPROG         0x0000000006038b60       0x4c /joe/Compiler/COMMON/SGL_302j/LIB_ELF/LIBSGL.A(sglC17.o)
                0x0000000006038b60                slDispSpriteHV
 *fill*         0x0000000006038bac        0x4 
 SLPROG         0x0000000006038bb0       0xd4 /joe/Compiler/COMMON/SGL_302j/LIB_ELF/LIBSGL.A(sglC19.o)
                0x0000000006038bb0                slDispSprite4P
 *fill*         0x0000000006038c84        0xc 
 SLPROG         0x0000000006038c90       0x40 /joe/Compiler/COMMON/SGL_302j/LIB_ELF/LIBSGL.A(sglC20.o)
                0x0000000006038c90                SpriteEntry
 SLPROG         0x0000000006038cd0      0x4ae /joe/Compiler/COMMON/SGL_302j/LIB_ELF/LIBSGL.A(sglC21.o)
                0x0000000006038d58                RotSprite
                0x0000000006038de6                SetSprPosition
 *fill*         0x000000000603917e        0x2 
 SLPROG         0x0000000006039180       0x84 /joe/Compiler/COMMON/SGL_302j/LIB_ELF/LIBSGL.A(sglD00.o)
                0x0000000006039180                slDMACopy
                0x0000000006039180                slCpuDMACopy
                0x00000000060391da                slCashPurge
                0x00000000060391da                CSH_AllClr
 *fill*         0x0000000006039204        0xc 
 SLPROG         0x0000000006039210       0xa0 /joe/Compiler/COMMON/SGL_302j/LIB_ELF/LIBSGL.A(sglD01.o)
                0x0000000006039210                slDMAXCopy
 SLPROG         0x00000000060392b0       0x10 /joe/Compiler/COMMON/SGL_302j/LIB_ELF/LIBSGL.A(sglD02.o)
                0x00000000060392b0                slDMAWait
 SLPROG         0x00000000060392c0        0xc /joe/Compiler/COMMON/SGL_302j/LIB_ELF/LIBSGL.A(sglD03.o)
                0x00000000060392c0                slDMAStatus
 *fill*         0x00000000060392cc        0x4 
 SLPROG         0x00000000060392d0       0x20 /joe/Compiler/COMMON/SGL_302j/LIB_ELF/LIBSGL.A(sglD15.o)
                0x00000000060392d0                CSH_Purge
 SLPROG         0x00000000060392f0       0x84 /joe/Compiler/COMMON/SGL_302j/LIB_ELF/LIBSGL.A(sglD16.o)
                0x00000000060392f0                DMA_ScuSetPrm
                0x0000000006039338                DMA_SCU_PRM0
 *fill*         0x0000000006039374        0xc 
 SLPROG         0x0000000006039380       0x88 /joe/Compiler/COMMON/SGL_302j/LIB_ELF/LIBSGL.A(sglD17.o)
                0x0000000006039380                DMA_ScuStart
 *fill*         0x0000000006039408        0x8 
 SLPROG         0x0000000006039410       0x34 /joe/Compiler/COMMON/SGL_302j/LIB_ELF/LIBSGL.A(sglD18.o)
                0x0000000006039410                DMA_ScuGetStatus
 *fill*         0x0000000006039444        0xc 
 SLPROG         0x0000000006039450       0x34 /joe/Compiler/COMMON/SGL_302j/LIB_ELF/LIBSGL.A(sglF08.o)
                0x0000000006039450                slDec2Hex
 *fill*         0x0000000006039484        0xc 
 SLPROG         0x0000000006039490      0xfc8 /joe/Compiler/COMMON/SGL_302j/LIB_ELF/LIBSGL.A(sglH00.o)
                0x00000000060394a8                slGetPortDir1
                0x00000000060394b0                slGetPortDir2
                0x00000000060394b8                slSetPortDir1
                0x00000000060394e2                slSetPortDir2
                0x000000000603951c                slGetPortData1
                0x0000000006039524                slGetPortData2
                0x000000000603952c                slSetPortData1
                0x0000000006039536                slSetPortData2
                0x0000000006039548                slGetPortSelect1
                0x0000000006039552                slGetPortSelect2
                0x000000000603955c                slSetPortSelect1
                0x0000000006039590                slSetPortSelect2
                0x00000000060395cc                slGetPortExt1
                0x00000000060395d6                slGetPortExt2
                0x00000000060395e0                slSetPortExt1
                0x0000000006039610                slSetPortExt2
                0x0000000006039784                slSmpcDirectAccess
                0x0000000006039804                slInitPeripheral
                0x0000000006039896                slSetResultBuffer
                0x0000000006039922                slCheckIntBackSet
                0x000000000603992e                slIntBackCancel
                0x0000000006039958                slCheckReset
                0x0000000006039962                slClearReset
                0x0000000006039b28                slSmpcCashSend
                0x0000000006039be4                slSmpcCashBlow
                0x0000000006039cc0                slGetOptimize
                0x0000000006039cca                slSetOptimize
                0x0000000006039cf0                slGetPortMode1
                0x0000000006039cfc                slGetPortMode2
                0x0000000006039d0a                slSetPortMode1
                0x0000000006039d48                slSetPortMode2
                0x0000000006039ed4                slRequestCommand
                0x0000000006039f44                Smpc_Status
                0x0000000006039f48                Smpc_Result
                0x0000000006039f4c                Smpc_Peripheral
                0x0000000006039f52                Per_Connect1
                0x0000000006039f53                Per_Connect2
                0x0000000006039f74                SmpcStatusBuf
 *fill*         0x000000000603a458        0x8 
 SLPROG         0x000000000603a460       0xa8 /joe/Compiler/COMMON/SGL_302j/LIB_ELF/LIBSGL.A(sglH01.o)
                0x000000000603a460                slGetLanguage
                0x000000000603a46a                slSetLanguage
                0x000000000603a48c                slGetSoundEffect
                0x000000000603a498                slSetSoundEffect
                0x000000000603a4b4                slGetSoundOutput
                0x000000000603a4c0                slSetSoundOutput
                0x000000000603a4dc                slGetHelpWindow
                0x000000000603a4e8                slSetHelpWindow
 *fill*         0x000000000603a508        0x8 
 SLPROG         0x000000000603a510      0x470 /joe/Compiler/COMMON/SGL_302j/LIB_ELF/LIBSGL.A(sglH02.o)
                0x000000000603a900                smpc_pfr_tbl
                0x000000000603a940                smpc_ptf_tbl
 SLPROG         0x000000000603a980       0x60 /joe/Compiler/COMMON/SGL_302j/LIB_ELF/LIBSGL.A(sglH04.o)
                0x000000000603a980                slComPrmIntBack
                0x000000000603a994                slComPrmSetMemory
                0x000000000603a9aa                slComPrmSetTime
 SLPROG         0x000000000603a9e0      0x3a4 /joe/Compiler/COMMON/SGL_302j/LIB_ELF/LIBSGL.A(sglI01.o)
                0x000000000603a9e0                slInitSynch
                0x000000000603a9fa                slSynch
                0x000000000603aaf0                slRandom
                0x000000000603ab0e                PCM_EndCheck
                0x000000000603abca                RetPCMBuf
                0x000000000603ac64                PCM_Buf
                0x000000000603ad04                Sound_Buf
 *fill*         0x000000000603ad84        0xc 
 SLPROG         0x000000000603ad90       0x10 /joe/Compiler/COMMON/SGL_302j/LIB_ELF/LIBSGL.A(sglI04.o)
                0x000000000603ad90                slIntFunction
 SLPROG         0x000000000603ada0       0x74 /joe/Compiler/COMMON/SGL_302j/LIB_ELF/LIBSGL.A(sglJ00.o)
                0x000000000603ada0                InitSlaveSH
                0x000000000603ae08                SlaveCommand
 *fill*         0x000000000603ae14        0xc 
 SLPROG         0x000000000603ae20      0x3d0 /joe/Compiler/COMMON/SGL_302j/LIB_ELF/LIBSGL.A(sglJ01.o)
                0x000000000603ae20                SlaveControl
                0x000000000603b1dc                ErasePolygonData
 SLPROG         0x000000000603b1f0     0x12b8 /joe/Compiler/COMMON/SGL_302j/LIB_ELF/LIBSGL.A(sglJ02.o)
                0x000000000603b1f0                sbMakePolygon
                0x000000000603b3d8                sbCalcPolygon
                0x000000000603c110                SetTexture
                0x000000000603c11c                SetPolygon
                0x000000000603c124                SetPosition
                0x000000000603c15c                stvtc_4
                0x000000000603c214                stvtc_3
                0x000000000603c424                stvtc_1
                0x000000000603c438                stvtc_2
                0x000000000603c44c                stvtc_0
 *fill*         0x000000000603c4a8        0x8 
 SLPROG         0x000000000603c4b0      0x140 /joe/Compiler/COMMON/SGL_302j/LIB_ELF/LIBSGL.A(sglJ03.o)
                0x000000000603c4b0                sbMakeDMATable
 SLPROG         0x000000000603c5f0      0x470 /joe/Compiler/COMMON/SGL_302j/LIB_ELF/LIBSGL.A(sglJ04.o)
                0x000000000603c64e                sbMakeSprite
                0x000000000603c6b4                sbMakeRotSprite
 SLPROG         0x000000000603ca60       0x3c /joe/Compiler/COMMON/SGL_302j/LIB_ELF/LIBSGL.A(sglJ05.o)
                0x000000000603ca60                sbSortEntry
 *fill*         0x000000000603ca9c        0x4 
 SLPROG         0x000000000603caa0      0x4b8 /joe/Compiler/COMMON/SGL_302j/LIB_ELF/LIBSGL.A(sglM00.o)
                0x000000000603caa0                slInitGouraud
                0x000000000603cb94                slPutPolygonX
                0x000000000603cbda                slGouraudTblCopy
                0x000000000603cc32                slSetGouraudTbl
                0x000000000603cc38                slSetGouraudColor
                0x000000000603ccb0                slSetAmbient
                0x000000000603ccd4                slSetFlatColor
 *fill*         0x000000000603cf58        0x8 
 SLPROG         0x000000000603cf60       0x6a /joe/Compiler/COMMON/SGL_302j/LIB_ELF/LIBSGL.A(sglM01.o)
                0x000000000603cf60                slSetDepthLimit
                0x000000000603cf8c                slSetDepthTbl
                0x000000000603cfbc                DepthWorkArea
 *fill*         0x000000000603cfca        0x6 
 SLPROG         0x000000000603cfd0       0x20 /joe/Compiler/COMMON/SGL_302j/LIB_ELF/LIBSGL.A(sglA00.o)
                0x000000000603cfd0                set_imask
                0x000000000603cfd0                _builtin_set_imask
                0x000000000603cfe4                get_imask
                0x000000000603cfe4                _builtin_get_imask
 SLPROG         0x000000000603cff0     0x215c /joe/Compiler/COMMON/SGL_302j/LIB_ELF/LIBSGL.A(sglA03.o)
                0x000000000603cff0                slTan
 *fill*         0x000000000603f14c        0x4 
 SLPROG         0x000000000603f150       0x34 /joe/Compiler/COMMON/SGL_302j/LIB_ELF/LIBSGL.A(sglA10.o)
                0x000000000603f150                slSquartDbl
 *fill*         0x000000000603f184        0xc 
 SLPROG         0x000000000603f190      0x3c2 /joe/Compiler/COMMON/SGL_302j/LIB_ELF/LIBSGL.A(sglA24.o)
                0x000000000603f190                slInversMatrix
 *fill*         0x000000000603f552        0xe 
 SLPROG         0x000000000603f560       0x24 /joe/Compiler/COMMON/SGL_302j/LIB_ELF/LIBSGL.A(sglA25.o)
                0x000000000603f560                slTransposeMatrix
 *fill*         0x000000000603f584        0xc 
 SLPROG         0x000000000603f590      0xbd0 /joe/Compiler/COMMON/SGL_302j/LIB_ELF/LIBSGL.A(sglB000.o)
                0x000000000603f590                slInitScroll
                0x000000000603f6b0                setASC_1to8
                0x000000000603f6e0                setASC_4to8
                0x000000000603f7f0                TVSizeTbl
                0x000000000603f870                TVModeTbl
                0x000000000603fa48                SGL_ASCII_CG
 SLPROG         0x0000000006040160      0x134 /joe/Compiler/COMMON/SGL_302j/LIB_ELF/LIBSGL.A(sglC00.o)
                0x0000000006040160                slInitSprite
 *fill*         0x0000000006040294        0xc 
 SLPROG         0x00000000060402a0       0xac /joe/Compiler/COMMON/SGL_302j/LIB_ELF/LIBSGL.A(sglC13.o)
                0x00000000060402a0                slPutPolygonS
 *fill*         0x000000000604034c        0x4 
 SLPROG         0x0000000006040350       0xc0 /joe/Compiler/COMMON/SGL_302j/LIB_ELF/LIBSGL.A(sglD19.o)
                0x0000000006040350                DMA_ScuMemCopy
 SLPROG         0x0000000006040410      0x75c /joe/Compiler/COMMON/SGL_302j/LIB_ELF/LIBSGL.A(sglI00.o)
                0x0000000006040700                slInitInterrupt
 *fill*         0x0000000006040b6c        0x4 
 SLPROG         0x0000000006040b70       0xf0 /joe/Compiler/COMMON/SGL_302j/LIB_ELF/LIBSGL.A(sglH03.o)
                0x0000000006040bd4                slSmpcIntBack