Archive member included to satisfy reference by file (symbol)

/joe/Compiler/COMMON/SGL_302j/LIB_ELF/SEGA_SYS.A(sys_exit.o)
                              jo_engine/core.o (symbol from plugin) (SYS_Exit)
/joe/Compiler/COMMON/SGL_302j/LIB_ELF/SEGA_SYS.A(sys_sub.o)
                              /joe/Compiler/COMMON/SGL_302j/LIB_ELF/SEGA_SYS.A(sys_exit.o) (SYSUB_SetStackptr)
/joe/Compiler/COMMON/SGL_302j/LIB_ELF/LIBCD.A(CDC_CMN.O)
                              /joe/Compiler/COMMON/SGL_302j/LIB_ELF/SEGA_SYS.A(sys_exit.o) (CDC_GetCurStat)
/joe/Compiler/COMMON/SGL_302j/LIB_ELF/LIBCD.A(CDC_DRV.O)
                              pcmsys.o (symbol from plugin) (CDC_CdPlay)
/joe/Compiler/COMMON/SGL_302j/LIB_ELF/LIBCD.A(CDC_CFS.O)
                              /joe/Compiler/COMMON/SGL_302j/LIB_ELF/SEGA_SYS.A(sys_exit.o) (CDC_ChgDir)
/joe/Compiler/COMMON/SGL_302j/LIB_ELF/LIBCD.A(CDC_REG.O)
                              /joe/Compiler/COMMON/SGL_302j/LIB_ELF/SEGA_SYS.A(sys_exit.o) (CDC_GetHirqReq)
/joe/Compiler/COMMON/SGL_302j/LIB_ELF/LIBCD.A(CDC_SUB.O)
                              /joe/Compiler/COMMON/SGL_302j/LIB_ELF/LIBCD.A(CDC_CMN.O) (CDSUB_UpdStatus)
/joe/Compiler/COMMON/SGL_302j/LIB_ELF/LIBCD.A(GFS.O)
                              pcmsys.o (symbol from plugin) (GFS_Init)
/joe/Compiler/COMMON/SGL_302j/LIB_ELF/LIBCD.A(GFS_BUF.O)
                              /joe/Compiler/COMMON/SGL_302j/LIB_ELF/LIBCD.A(GFS.O) (GFBF_GetNumData)
/joe/Compiler/COMMON/SGL_302j/LIB_ELF/LIBCD.A(GFS_CDB.O)
                              /joe/Compiler/COMMON/SGL_302j/LIB_ELF/LIBCD.A(GFS.O) (GFCB_Close)
/joe/Compiler/COMMON/SGL_302j/LIB_ELF/LIBCD.A(GFS_CDC.O)
                              /joe/Compiler/COMMON/SGL_302j/LIB_ELF/LIBCD.A(GFS.O) (GFCD_SetCdbfs)
/joe/Compiler/COMMON/SGL_302j/LIB_ELF/LIBCD.A(GFS_CDF.O)
                              /joe/Compiler/COMMON/SGL_302j/LIB_ELF/LIBCD.A(GFS.O) (GFCF_Init)
/joe/Compiler/COMMON/SGL_302j/LIB_ELF/LIBCD.A(GFS_DIR.O)
                              /joe/Compiler/COMMON/SGL_302j/LIB_ELF/LIBCD.A(GFS.O) (GFDR_SetupDirTbl)
/joe/Compiler/COMMON/SGL_302j/LIB_ELF/LIBCD.A(GFS_TRN.O)
                              /joe/Compiler/COMMON/SGL_302j/LIB_ELF/LIBCD.A(GFS.O) (GFTR_Setup)
/joe/Compiler/COMMON/SGL_302j/LIB_ELF/LIBCD.A(CDC_DEV.O)
                              /joe/Compiler/COMMON/SGL_302j/LIB_ELF/LIBCD.A(GFS_CDC.O) (CDC_CdSetCon)
/joe/Compiler/COMMON/SGL_302j/LIB_ELF/LIBCD.A(CDC_SEL.O)
                              /joe/Compiler/COMMON/SGL_302j/LIB_ELF/LIBCD.A(GFS_CDC.O) (CDC_SetFiltRange)
/joe/Compiler/COMMON/SGL_302j/LIB_ELF/LIBCD.A(CDC_BIF.O)
                              /joe/Compiler/COMMON/SGL_302j/LIB_ELF/LIBCD.A(GFS_CDC.O) (CDC_GetBufSiz)
/joe/Compiler/COMMON/SGL_302j/LIB_ELF/LIBCD.A(CDC_BIO.O)
                              /joe/Compiler/COMMON/SGL_302j/LIB_ELF/LIBCD.A(GFS_CDC.O) (CDC_SetSctLen)
/joe/Compiler/COMMON/SGL_302j/LIB_ELF/LIBSGL.A(sglA01.o)
                              jo_engine/math.o (symbol from plugin) (slSin)
/joe/Compiler/COMMON/SGL_302j/LIB_ELF/LIBSGL.A(sglA15.o)
                              jo_engine/slave.o (symbol from plugin) (slSlaveFunc)
/joe/Compiler/COMMON/SGL_302j/LIB_ELF/LIBSGL.A(sglA16.o)
                              main.o (symbol from plugin) (slLookAt)
/joe/Compiler/COMMON/SGL_302j/LIB_ELF/LIBSGL.A(sglA17.o)
                              /joe/Compiler/COMMON/SGL_302j/LIB_ELF/LIBSGL.A(sglA16.o) (slRotZ)
/joe/Compiler/COMMON/SGL_302j/LIB_ELF/LIBSGL.A(sglA18.o)
                              main.o (symbol from plugin) (slRotY)
/joe/Compiler/COMMON/SGL_302j/LIB_ELF/LIBSGL.A(sglA19.o)
                              main.o (symbol from plugin) (slRotX)
/joe/Compiler/COMMON/SGL_302j/LIB_ELF/LIBSGL.A(sglA20.o)
                              main.o (symbol from plugin) (slUnitMatrix)
/joe/Compiler/COMMON/SGL_302j/LIB_ELF/LIBSGL.A(sglA21.o)
                              main.o (symbol from plugin) (slPushMatrix)
/joe/Compiler/COMMON/SGL_302j/LIB_ELF/LIBSGL.A(sglA27.o)
                              /joe/Compiler/COMMON/SGL_302j/LIB_ELF/LIBSGL.A(sglA16.o) (slTranslate)
/joe/Compiler/COMMON/SGL_302j/LIB_ELF/LIBSGL.A(sglA28.o)
                              main.o (symbol from plugin) (slScale)
/joe/Compiler/COMMON/SGL_302j/LIB_ELF/LIBSGL.A(sglA40.o)
                              main.o (symbol from plugin) (slCalcVector)
/joe/Compiler/COMMON/SGL_302j/LIB_ELF/LIBSGL.A(sglB001.o)
                              main.o (symbol from plugin) (slTVOn)
/joe/Compiler/COMMON/SGL_302j/LIB_ELF/LIBSGL.A(sglB011.o)
                              jo_engine/vdp2.o (symbol from plugin) (slBitMapNbg1)
/joe/Compiler/COMMON/SGL_302j/LIB_ELF/LIBSGL.A(sglB014.o)
                              jo_engine/vdp2.o (symbol from plugin) (slScrTransparent)
/joe/Compiler/COMMON/SGL_302j/LIB_ELF/LIBSGL.A(sglB015.o)
                              jo_engine/vdp2.o (symbol from plugin) (slScrAutoDisp)
/joe/Compiler/COMMON/SGL_302j/LIB_ELF/LIBSGL.A(sglB016.o)
[...]
Memory Configuration

Name             Origin             Length             Attributes
*default*        0x0000000000000000 0xffffffffffffffff

Linker script and memory map


SLSTART         0x0000000006004000       0x30
                0x0000000006004000                ___Start = .
 *(SLSTART)
 SLSTART        0x0000000006004000       0x28 /joe/Compiler/COMMON/SGL_302j/LIB_ELF/LIBSGL.A(sglI00.o)
                0x0000000006004000                SGL_Start
                0x0000000006004002                slStartSGL

.text           0x0000000006004040    0x26670
 *(.text)
 .text          0x0000000006004040        0x0 /joe/Compiler/COMMON/SGL_302j/LIB_ELF/SGLAREA.O
 .text          0x0000000006004040     0x81f8 /tmp/cctxZI20.ltrans0.ltrans.o
                0x0000000006004684                jo_sprite_draw.constprop.39
                0x00000000060047c8                jo_nbg2_print.constprop.38
                0x0000000006004854                render_CLUT_sprite_MESH.constprop.37
                0x00000000060048a0                __jo_core_set_screens_order.constprop.36
                0x0000000006004970                CDDAPlaySingle.constprop.31
                0x00000000060049ac                jo_free
                0x00000000060049d4                jo_vdp2_clear_bitmap_nbg1.constprop.23
                0x0000000006004a44                jo_backup_unmount.constprop.12
                0x0000000006004adc                jo_vdp2_malloc
                0x0000000006004c80                jo_vdp2_free
                0x0000000006004e78                jo_vdp2_disable_rbg0
                0x0000000006005058                __jo_create_map.lto_priv.575
                0x00000000060050d0                jo_img_to_vdp2_cells
                0x0000000006005178                jo_set_default_background_color
                0x00000000060053a8                jo_sprite_free_from
                0x00000000060055e0                jo_strlen
                0x0000000006005644                jo_getdate
                0x0000000006005718                jo_malloc_with_behaviour
                0x0000000006005d6c                load_textures.constprop.25
                0x0000000006005da8                jo_backup_mount.constprop.7
                0x0000000006005fbc                jo_random
                0x000000000600602c                jo_atan2f_rad
                0x00000000060061f0                load_binary.constprop.29
                0x0000000006006db0                jo_fixed_cos
                0x0000000006006e0c                jo_fixed_sin
                0x000000000600725c                __jo_tga_any_loader
                0x0000000006007424                jo_sprite_add_tga.constprop.24
                0x0000000006007598                _realloc_r
                0x000000000600763c                _calloc_r
                0x0000000006007670                _free_r
                0x00000000060076a0                _malloc_r
                0x0000000006007714                mnet_send_remove_local_player
                0x0000000006007790                mnet_tick
                0x0000000006008e64                lobby_screen
                0x000000000600a694                connecting_screen
 .text          0x000000000600c238     0xd458 /tmp/cctxZI20.ltrans1.ltrans.o
                0x000000000600d06c                my_vblank
                0x000000000600f900                CDDAStop
                0x000000000600f91c                load_16bit_pcm
                0x000000000600fa7c                pcm_cease
                0x000000000600faa4                pcm_play
                0x0000000006013774                init_3d_planes
                0x0000000006013cb4                load_trackmap
                0x0000000006013cf0                load_preview
                0x0000000006013d2c                load_level
                0x000000000601518c                load_car
                0x00000000060169bc                gameLoop
 .text          0x0000000006019690     0x304c /tmp/cctxZI20.ltrans2.ltrans.o
                0x0000000006019690                saturn_transport_send.lto_priv.451
                0x00000000060196e8                saturn_transport_rx_byte.lto_priv.450
                0x00000000060196fc                saturn_transport_rx_ready.lto_priv.449
                0x0000000006019718                draw_powerups
                0x0000000006019820                create_particles
                0x00000000060198f4                computeLight
                0x0000000006019964                create_player
                0x0000000006019ba4                set_player_position
                0x0000000006019cec                getSeconds
                0x0000000006019d70                apply_player_gravity
                0x0000000006019dc8                init_1p_display
                0x0000000006019e50                init_2p_display
                0x0000000006019ee0                stop_engine_sound
                0x0000000006019f4c                stop_sounds
                0x0000000006019fcc                reset_to_last_checkpoint
                0x000000000601a0c4                reset_demo
                0x000000000601a2cc                render_CLUT_sprite
                0x000000000601a31c                ztClearText
                0x000000000601a368                transition_to_end_level
                0x000000000601a508                mmm_get_p2_port
                0x000000000601a9f8                saturn_uart_puts.lto_priv.441
                0x000000000601aa4c                modem_read_line.lto_priv.442
                0x000000000601abfc                modem_escape_to_command.lto_priv.445.lto_priv.447
                0x000000000601b288                saturn_uart_init.lto_priv.443
                0x000000000601b340                saturn_uart_set_baud.lto_priv.444
                0x000000000601bb74                saturn_uart_flush_rx.lto_priv.448
                0x000000000601bbc0                saturn_uart_loopback_test.lto_priv.453.lto_priv.455
                0x000000000601bc88                saturn_uart_read_raw.lto_priv.456.lto_priv.458
                0x000000000601bd04                saturn_uart_getc_timeout.lto_priv.459.lto_priv.461
                0x000000000601bd38                saturn_uart_getc.lto_priv.462.lto_priv.464
                0x000000000601bd64                saturn_uart_putc.lto_priv.465.lto_priv.467
                0x000000000601bda0                saturn_uart_read_iir.lto_priv.468.lto_priv.470
                0x000000000601bdb8                saturn_uart_read_msr.lto_priv.471.lto_priv.473
                0x000000000601bdd8                saturn_uart_read_lsr.lto_priv.474.lto_priv.476
                0x000000000601bdf4                saturn_uart_clear_errors.lto_priv.477.lto_priv.479
                0x000000000601be14                saturn_uart_rx_error.lto_priv.480.lto_priv.482
                0x000000000601be34                saturn_uart_rx_ready.lto_priv.483.lto_priv.485
                0x000000000601be50                saturn_uart_tx_ready.lto_priv.486.lto_priv.488
                0x000000000601bf30                saturn_uart_detect.lto_priv.328
                0x000000000601bfbc                saturn_uart_reg_write.lto_priv.489.lto_priv.491
                0x000000000601bfd4                saturn_uart_reg_read.lto_priv.492.lto_priv.494
                0x000000000601bff0                saturn_netlink_smpc_disable.lto_priv.495.lto_priv.497
                0x000000000601c01c                saturn_netlink_smpc_enable.lto_priv.452
                0x000000000601c0a8                saturn_smpc_command.lto_priv.498.lto_priv.500
                0x000000000601c0d0                mnet_encode_lap_complete.lto_priv.341.lto_priv.344
                0x000000000601c0f8                mnet_encode_client_log.lto_priv.337.lto_priv.340
                0x000000000601c1a0                mnet_encode_leaderboard_req.lto_priv.345.lto_priv.348
                0x000000000601c1b0                mnet_encode_remove_local_player.lto_priv.349.lto_priv.352
                0x000000000601c1c0                mnet_encode_add_local_player.lto_priv.329.lto_priv.332
                0x000000000601c244                mnet_encode_powerup_pickup.lto_priv.353.lto_priv.356
                0x000000000601c258                mnet_encode_player_state_p2.lto_priv.357.lto_priv.360
                0x000000000601c2f0                mnet_encode_player_state.lto_priv.361.lto_priv.364
                0x000000000601c380                mnet_encode_input_state_p2.lto_priv.365.lto_priv.368
                0x000000000601c3ac                mnet_encode_input_state.lto_priv.369.lto_priv.372
                0x000000000601c3d4                mnet_encode_car_select.lto_priv.373.lto_priv.376
                0x000000000601c3e8                mnet_encode_start_game.lto_priv.377.lto_priv.380
                0x000000000601c3f8                mnet_encode_ready.lto_priv.381.lto_priv.384
                0x000000000601c408                mnet_encode_heartbeat.lto_priv.385.lto_priv.388
                0x000000000601c418                mnet_encode_disconnect.lto_priv.389.lto_priv.392
                0x000000000601c428                mnet_encode_set_username.lto_priv.333.lto_priv.336
                0x000000000601c4a8                mnet_encode_connect_uuid.lto_priv.393.lto_priv.396
                0x000000000601c4c8                mnet_encode_connect.lto_priv.397.lto_priv.400
                0x000000000601c4d8                mnet_read_string.lto_priv.401.lto_priv.404
                0x000000000601c520                mnet_rx_poll.lto_priv.405.lto_priv.440
                0x000000000601c5d0                mnet_rx_init.lto_priv.408.lto_priv.411
                0x000000000601c5e0                mnet_send_frame.lto_priv.412.lto_priv.415
                0x000000000601c620                net_transport_is_connected.lto_priv.416.lto_priv.419
                0x000000000601c638                net_transport_send.lto_priv.420.lto_priv.423
                0x000000000601c64c                net_transport_rx_byte.lto_priv.424.lto_priv.427
                0x000000000601c660                net_transport_rx_ready.lto_priv.428.lto_priv.431
                0x000000000601c674                get_gbr.lto_priv.53.lto_priv.77
                0x000000000601c67c                set_gbr.lto_priv.78.lto_priv.102
                0x000000000601c684                get_vbr.lto_priv.103.lto_priv.127
                0x000000000601c68c                set_vbr.lto_priv.128.lto_priv.152
                0x000000000601c694                set_imask.lto_priv.153.lto_priv.177
                0x000000000601c6a8                get_imask.lto_priv.178.lto_priv.202
                0x000000000601c6b4                get_sr.lto_priv.203.lto_priv.227
                0x000000000601c6bc                set_sr.lto_priv.228.lto_priv.252
                0x000000000601c6c4                tas.lto_priv.253.lto_priv.277
                0x000000000601c6cc                sleep.lto_priv.278.lto_priv.302
                0x000000000601c6d4                nop.lto_priv.303.lto_priv.327
 *fill*         0x000000000601c6dc        0x4 
 .text          0x000000000601c6e0      0x238 /joe/Compiler/COMMON/SGL_302j/LIB_ELF/SEGA_SYS.A(sys_exit.o)
                0x000000000601c6e0                sys_version
                0x000000000601c700                SYS_Exit
 *fill*         0x000000000601c918        0x8 
 .text          0x000000000601c920        0x6 /joe/Compiler/COMMON/SGL_302j/LIB_ELF/SEGA_SYS.A(sys_sub.o)
                0x000000000601c920                SYSUB_SetStackptr
 *fill*         0x000000000601c926        0xa 
 .text          0x000000000601c930      0x3a0 /joe/Compiler/COMMON/SGL_302j/LIB_ELF/LIBCD.A(CDC_CMN.O)
                0x000000000601c930                CDC_GetCurStat
                0x000000000601c980                CDC_GetLastStat
                0x000000000601c998                CDC_GetPeriStat
                0x000000000601ca6c                CDC_GetHwInfo
                0x000000000601cad4                CDC_TgetToc
                0x000000000601cb24                CDC_GetSes
                0x000000000601cb60                CDC_CdInit
                0x000000000601cbe4                CDC_CdOpen
                0x000000000601cc0c                CDC_DataReady
                0x000000000601cc78                CDC_DataEnd
 .text          0x000000000601ccd0      0x130 /joe/Compiler/COMMON/SGL_302j/LIB_ELF/LIBCD.A(CDC_DRV.O)
                0x000000000601ccd0                CDC_CdPlay
                0x000000000601cd9c                CDC_CdSeek
                0x000000000601cdd0                CDC_CdScan
 .text          0x000000000601ce00      0x194 /joe/Compiler/COMMON/SGL_302j/LIB_ELF/LIBCD.A(CDC_CFS.O)
                0x000000000601ce00                CDC_ChgDir
                0x000000000601ce34                CDC_ReadDir
                0x000000000601ce68                CDC_GetFileScope
                0x000000000601cec8                CDC_TgetFileInfo
                0x000000000601cf24                CDC_ReadFile
                0x000000000601cf58                CDC_AbortFile
 *fill*         0x000000000601cf94        0xc 
 .text          0x000000000601cfa0      0x2dc /joe/Compiler/COMMON/SGL_302j/LIB_ELF/LIBCD.A(CDC_REG.O)
                0x000000000601cfa0                CDC_GetDataPtr
                0x000000000601cfb0                CDC_GetHirqReq
                0x000000000601cfc4                CDC_ClrHirqReq
                0x000000000601cff4                CDREG_ClrHirqReq
                0x000000000601d004                CDREG_InitHirqReq
                0x000000000601d02c                CDREG_SetHirqFlag
                0x000000000601d040                CDC_GetHirqMsk
                0x000000000601d054                CDC_SetHirqMsk
                0x000000000601d064                CDC_GetMpegPtr
                0x000000000601d074                CDREG_TgetData
                0x000000000601d0d0                CDREG_CmdRsp
                0x000000000601d1d0                CDREG_WaitHirq
                0x000000000601d240                CDREG_ReadRsp
 *fill*         0x000000000601d27c        0x4 
 .text          0x000000000601d280      0x152 /joe/Compiler/COMMON/SGL_302j/LIB_ELF/LIBCD.A(CDC_SUB.O)
                0x000000000601d280                CDSUB_UpdStatus
                0x000000000601d298                CDSUB_UpdCdstat
                0x000000000601d2b8                CDSUB_CdCmd
                0x000000000601d328                CDSUB_GetCdstat
                0x000000000601d368                CDSUB_RspToCdstat
                0x000000000601d3b0                CDSUB_SoftTimer
 *fill*         0x000000000601d3d2        0xe 
 .text          0x000000000601d3e0     0x1adc /joe/Compiler/COMMON/SGL_302j/LIB_ELF/LIBCD.A(GFS.O)
                0x000000000601d3e0                gfs_version
                0x000000000601d400                GFS_Init
                0x000000000601d4e8                GFS_LoadDir
                0x000000000601d590                GFS_SetDir
                0x000000000601d5f8                GFS_NameToId
                0x000000000601d65c                GFS_IdToName
                0x000000000601d6c8                GFS_GetDirInfo
                0x000000000601d738                GFS_Reset
                0x000000000601d7bc                GFS_Open
                0x000000000601d870                GFS_Close
                0x000000000601d8a8                GFS_Seek
                0x000000000601d95c                GFS_Tell
                0x000000000601d9ac                GFS_IsEof
                0x000000000601da00                GFS_ByteToSct
                0x000000000601da5c                GFS_GetFileSize
                0x000000000601dab8                GFS_GetFileInfo
                0x000000000601db2c                GFS_GetNumCdbuf
                0x000000000601db54                GFS_Load
                0x000000000601dc18                GFS_Fread
                0x000000000601dcb4                gfs_waitRead
                0x000000000601dd5c                GFS_NwFread
                0x000000000601de68                GFS_NwCdRead
                0x000000000601dee0                GFS_NwIsComplete
                0x000000000601df18                GFS_NwStop
                0x000000000601df84                GFS_NwGetStat
                0x000000000601e000                gfs_recovRdErr
                0x000000000601e030                GFS_NwExecOne
                0x000000000601e0f0                GFS_NwExecServer
                0x000000000601e16c                GFS_SetGmode
                0x000000000601e1d0                GFS_SetTmode
                0x000000000601e23c                GFS_SetReadPara
                0x000000000601e2a0                GFS_SetTransPara
                0x000000000601e30c                GFS_SetTrFunc
                0x000000000601e370                GFS_StartTrans
                0x000000000601e3bc                GFS_CdMovePickup
                0x000000000601e428                GFS_SetErrFunc
                0x000000000601e454                GFS_GetErrStat
                0x000000000601e478                GFS_ConvTno
                0x000000000601e4a0                gfs_chgRoot
                0x000000000601e56c                gfs_aborttrans
                0x000000000601e578                gfs_mngSetupFuncTbl
                0x000000000601e5ac                gfs_mngInitWork
                0x000000000601e650                gfs_mngGetNumFile
                0x000000000601e6b8                GFS_mngAllocGrp
                0x000000000601e700                gfs_mngFreeGrp
                0x000000000601e70c                gfs_mngTermAccess
                0x000000000601e790                gfs_mngSetErrCode
                0x000000000601e810                gfs_svrSearchHndl
                0x000000000601e850                gfs_svrAddHndl
                0x000000000601e88c                gfs_svrRemoveHndl
                0x000000000601e8e8                GFS_OpenSub
                0x000000000601e940                gfs_loadVol
                0x000000000601ea04                gfs_getRootDir
                0x000000000601eb00                gfs_loadRootDir
                0x000000000601eb88                gfs_flowIn
                0x000000000601ec30                gfs_transData
                0x000000000601ecd4                GFS_GetFad
                0x000000000601ed2c                gfs_SetSct
                0x000000000601ed6c                gfs_GetFinfo
                0x000000000601edac                gfs_closeSub
                0x000000000601ede8                gfs_getGmode
                0x000000000601edf4                gfs_isTaskDone
                0x000000000601ee48                gfs_convFinStat
 *fill*         0x000000000601eebc        0x4 
 .text          0x000000000601eec0      0x106 /joe/Compiler/COMMON/SGL_302j/LIB_ELF/LIBCD.A(GFS_BUF.O)
                0x000000000601eef0                GFBF_GetTranData
                0x000000000601ef18                GFBF_GetNumData
                0x000000000601ef48                GFBF_GetSrcPk
                0x000000000601ef70                GFBF_GetSctData
                0x000000000601ef94                GFBF_RtnPk
                0x000000000601efbc                gfbf_getSctDt
 *fill*         0x000000000601efc6        0xa 
 .text          0x000000000601efd0      0x600 /joe/Compiler/COMMON/SGL_302j/LIB_ELF/LIBCD.A(GFS_CDB.O)
                0x000000000601efd0                GFCB_Setup
                0x000000000601f0f0                GFCB_Close
                0x000000000601f118                GFCB_GetLenData
                0x000000000601f1c4                GFCB_GetLenRoom
                0x000000000601f1d0                GFCB_SetFilt
                0x000000000601f238                GFCB_DeleteAllData
                0x000000000601f260                GFCB_Tell
                0x000000000601f270                gfcb_getSctNum
                0x000000000601f2c0                GFCB_Seek
                0x000000000601f3bc                GFCB_GetSrcPack
                0x000000000601f49c                GFCB_GetSctData
                0x000000000601f4d4                GFCB_GetDstPack
                0x000000000601f4e0                GFCB_RtnPk
                0x000000000601f528                GFCB_MovePickup
                0x000000000601f544                GFCB_SetCon
                0x000000000601f578                GFCB_GetPickup
                0x000000000601f5a0                GFCB_IsPuOwner
                0x000000000601f5b8                GFCB_UngetPickup
 .text          0x000000000601f5d0     0x1a10 /joe/Compiler/COMMON/SGL_302j/LIB_ELF/LIBCD.A(GFS_CDC.O)
                0x000000000601f5d0                GFCD_SetCdbfs
                0x000000000601f5fc                GFCD_Init
                0x000000000601f800                GFCD_AllocFilt
                0x000000000601f83c                GFCD_FreeFilt
                0x000000000601f86c                GFCD_AllocBuf
                0x000000000601f8a0                GFCD_FreeBuf
                0x000000000601f944                GFCD_GetBaseFad
                0x000000000601f978                GFCD_GetPickup
                0x000000000601f9ac                GFCD_UngetPickup
                0x000000000601f9d8                GFCD_IsPuOwner
                0x000000000601f9fc                GFCD_SetFilt
                0x000000000601fac0                GFCD_GetFilt
                0x000000000601fb08                GFCD_SetCon
                0x000000000601fb60                GFCD_Play
                0x000000000601fbc0                GFCD_GetLenData
                0x000000000601fc28                GFCD_ReqData
                0x000000000601fc84                GFCD_EndData
                0x000000000601fccc                GFCD_DelSctData
                0x000000000601fd24                GFCD_CheckDelSctData
                0x000000000601fd54                GFCD_GetStat
                0x000000000601fe08                GFCD_MovePickup
                0x000000000601fe54                GFCD_MoveSctData
                0x000000000601fec8                GFCD_CheckMove
                0x000000000601feec                GFCD_GetSctInfo
                0x000000000601ff34                GFCD_ChgDir
                0x000000000601ffa8                GFCD_SetFiltCon
                0x0000000006020090                GFCD_GetFileInfo
                0x000000000602016c                GFCD_GetBufSiz
                0x00000000060201a4                GFCD_ExecServer
                0x0000000006020278                gfcd_isIdleTask
                0x0000000006020304                gfcd_doTask
                0x00000000060203b0                GFCD_SetTimer
                0x00000000060203c4                GFCD_WaitServer
                0x0000000006020400                gfcd_doSetFiltTsk
                0x00000000060205c4                gfcd_doSetConTsk
                0x0000000006020654                gfcd_doGetLenDataTsk
                0x00000000060207a8                gfcd_doReqDataTsk
                0x0000000006020848                gfcd_doDelSctDataTsk
                0x000000000602097c                gfcd_doMoveSctTsk
                0x0000000006020ae0                gfcd_doChgDirTsk
                0x0000000006020cdc                gfcd_doSetFiltConTsk
                0x0000000006020e20                gfcd_checkEflag
                0x0000000006020e44                gfcd_initCdbMng
                0x0000000006020ec4                gfcd_setStat
                0x0000000006020ef0                GFCD_SetCsctFunc
                0x0000000006020f0c                GFCD_ChkScdqFlag
                0x0000000006020f30                GFCD_ClrScdqFlag
                0x0000000006020f4c                GFCD_WaitScdqFlag
                0x0000000006020f90                GFCD_WaitPause
 .text          0x0000000006020fe0      0x8d8 /joe/Compiler/COMMON/SGL_302j/LIB_ELF/LIBCD.A(GFS_CDF.O)
                0x0000000006020fe0                GFCF_Init
                0x0000000006021080                GFCF_Setup
                0x00000000060211c8                GFCF_SetSct
                0x000000000602120c                GFCF_GetFileInfo
                0x0000000006021280                GFCF_FlowInBuf
                0x00000000060213d4                GFCF_StopInBuf
                0x0000000006021474                GFCF_Recover
                0x00000000060214bc                GFCF_Tell
                0x00000000060214d4                GFCF_Seek
                0x00000000060214ec                GFCF_MovePickup
                0x0000000006021588                GFCF_cnvIntlvOfs
                0x00000000060215dc                GFCF_GetStat
                0x0000000006021674                gfcf_getSctSize
                0x00000000060216b0                gfcf_isCdOk
                0x0000000006021770                gfcf_getPlayRange
 *fill*         0x00000000060218b8        0x8 
 .text          0x00000000060218c0      0x92c /joe/Compiler/COMMON/SGL_302j/LIB_ELF/LIBCD.A(GFS_DIR.O)
                0x00000000060218c0                GFDR_SetupDirTbl
                0x0000000006021934                GFDR_NameToId
                0x0000000006021994                GFDR_GetInfoDirId
                0x00000000060219a8                GFDR_GetInfoDirName
                0x00000000060219bc                GFDR_GetAtrDirId
                0x00000000060219d4                GFDR_GetAtrDirName
                0x00000000060219ec                GFDR_ChgRoot
                0x0000000006021a04                GFDR_ChgDir
                0x0000000006021a78                gfdr_setupDirIdTbl
                0x0000000006021afc                gfdr_setupDirNameTbl
                0x0000000006021ba8                gfdr_open
                0x0000000006021bd0                gfdr_read
                0x0000000006021c90                gfdr_readByte
                0x0000000006021cbc                gfdr_readWord
                0x0000000006021ce8                gfdr_readWordNB
                0x0000000006021d3c                gfdr_readLongNB
                0x0000000006021d88                gfdr_readLongNM
                0x0000000006021db0                gfdr_setNextRec
                0x0000000006021e34                gfdr_readDirEnt
                0x00000000060221b0                gfdr_setDirrecCd
 *fill*         0x00000000060221ec        0x4 
 .text          0x00000000060221f0      0x9c6 /joe/Compiler/COMMON/SGL_302j/LIB_ELF/LIBCD.A(GFS_TRN.O)
                0x0000000006022220                GFTR_Setup
                0x0000000006022264                GFTR_SetMode
                0x0000000006022278                GFTR_SetUnit
                0x0000000006022284                GFTR_SetTransPara
                0x00000000060222b8                GFTR_GetTransPara
                0x00000000060222c4                GFTR_GetNumTrans
                0x00000000060222d0                GFTR_SetTransMax
                0x00000000060222dc                GFTR_Start
                0x00000000060222e8                GFTR_Pause
                0x00000000060222f4                GFTR_Stop
                0x00000000060223ac                GFTR_Exec
                0x0000000006022430                GFTR_Idle
                0x00000000060224a8                GFTR_ExecSvr
                0x00000000060225b0                gftr_getSrcPack
                0x0000000006022638                gftr_getDstPack
                0x0000000006022694                gftr_reqScu
                0x00000000060226a0                gftr_execScu
                0x000000000602273c                gftr_remScu
                0x0000000006022770                gfdma_canUse
                0x000000000602277c                gfdma_exec
                0x00000000060227ec                gfdma_getBytecnt
                0x0000000006022824                gftr_reqDma0
                0x000000000602283c                gftr_execSdma0
                0x0000000006022860                gftr_remDma0
                0x0000000006022878                gftr_reqDma1
                0x0000000006022890                gftr_execSdma1
                0x00000000060228b4                gftr_remDma1
                0x00000000060228cc                gftr_reqCpu
                0x00000000060228d8                gftr_execCpu
                0x0000000006022918                gftr_remCpu
                0x0000000006022924                gftr_reqTrn
                0x0000000006022994                gftr_execTrn
                0x0000000006022a6c                gftr_remTrn
                0x0000000006022ae0                gftr_copyFrac
                0x0000000006022b08                GFTR_GetLenData
                0x0000000006022b14                GFTR_GetLenRoom
                0x0000000006022b2c                GFTR_GetDstPack
                0x0000000006022b60                GFTR_RtnDstPk
                0x0000000006022b7c                GFTR_GetData
                0x0000000006022b90                GFTR_SetData
                0x0000000006022ba4                GFTR_SetTransFunc
 *fill*         0x0000000006022bb6        0xa 
 .text          0x0000000006022bc0       0xa8 /joe/Compiler/COMMON/SGL_302j/LIB_ELF/LIBCD.A(CDC_DEV.O)
                0x0000000006022bc0                CDC_CdSetCon
                0x0000000006022bf0                CDC_CdGetCon
                0x0000000006022c2c                CDC_CdGetLastBuf
 *fill*         0x0000000006022c68        0x8 
 .text          0x0000000006022c70      0x2b8 /joe/Compiler/COMMON/SGL_302j/LIB_ELF/LIBCD.A(CDC_SEL.O)
                0x0000000006022c70                CDC_SetFiltRange
                0x0000000006022ca4                CDC_GetFiltRange
                0x0000000006022cfc                CDC_SetFiltSubh
                0x0000000006022d6c                CDC_GetFiltSubh
                0x0000000006022de8                CDC_SetFiltMode
                0x0000000006022e1c                CDC_GetFiltMode
                0x0000000006022e60                CDC_SetFiltCon
                0x0000000006022ea0                CDC_GetFiltCon
                0x0000000006022ef4                CDC_ResetSelector
 *fill*         0x0000000006022f28        0x8 
 .text          0x0000000006022f30      0x270 /joe/Compiler/COMMON/SGL_302j/LIB_ELF/LIBCD.A(CDC_BIF.O)
                0x0000000006022f30                CDC_GetBufSiz
                0x0000000006022f8c                CDC_GetSctNum
                0x0000000006022fd0                CDC_CalActSiz
                0x000000000602300c                CDC_GetActSiz
                0x000000000602308c                CDC_GetSctInfo
                0x000000000602310c                CDC_ExeFadSearch
                0x0000000006023144                CDC_GetFadSearch
 .text          0x00000000060231a0      0x1e4 /joe/Compiler/COMMON/SGL_302j/LIB_ELF/LIBCD.A(CDC_BIO.O)
                0x00000000060231a0                CDC_SetSctLen
                0x00000000060231d4                CDC_GetSctData
                0x0000000006023210                CDC_DelSctData
                0x000000000602324c                CDC_GetdelSctData
                0x0000000006023288                CDC_PutSctData
                0x00000000060232c0                CDC_CopySctData
                0x0000000006023304                CDC_MoveSctData
                0x0000000006023348                CDC_GetCopyErr
 *fill*         0x0000000006023384        0xc 
 .text          0x0000000006023390        0x0 /joe/Compiler/COMMON/SGL_302j/LIB_ELF/LIBSGL.A(sglA01.o)
 .text          0x0000000006023390        0x0 /joe/Compiler/COMMON/SGL_302j/LIB_ELF/LIBSGL.A(sglA15.o)
 .text          0x0000000006023390        0x0 /joe/Compiler/COMMON/SGL_302j/LIB_ELF/LIBSGL.A(sglA16.o)
 .text          0x0000000006023390        0x0 /joe/Compiler/COMMON/SGL_302j/LIB_ELF/LIBSGL.A(sglA17.o)
 .text          0x0000000006023390        0x0 /joe/Compiler/COMMON/SGL_302j/LIB_ELF/LIBSGL.A(sglA18.o)
 .text          0x0000000006023390        0x0 /joe/Compiler/COMMON/SGL_302j/LIB_ELF/LIBSGL.A(sglA19.o)
 .text          0x0000000006023390        0x0 /joe/Compiler/COMMON/SGL_302j/LIB_ELF/LIBSGL.A(sglA20.o)
 .text          0x0000000006023390        0x0 /joe/Compiler/COMMON/SGL_302j/LIB_ELF/LIBSGL.A(sglA21.o)
 .text          0x0000000006023390        0x0 /joe/Compiler/COMMON/SGL_302j/LIB_ELF/LIBSGL.A(sglA27.o)
 .text          0x0000000006023390        0x0 /joe/Compiler/COMMON/SGL_302j/LIB_ELF/LIBSGL.A(sglA28.o)
 .text          0x0000000006023390        0x0 /joe/Compiler/COMMON/SGL_302j/LIB_ELF/LIBSGL.A(sglA40.o)
 .text          0x0000000006023390        0x0 /joe/Compiler/COMMON/SGL_302j/LIB_ELF/LIBSGL.A(sglB001.o)
 .text          0x0000000006023390        0x0 /joe/Compiler/COMMON/SGL_302j/LIB_ELF/LIBSGL.A(sglB011.o)
 .text          0x0000000006023390        0x0 /joe/Compiler/COMMON/SGL_302j/LIB_ELF/LIBSGL.A(sglB014.o)
 .text          0x0000000006023390        0x0 /joe/Compiler/COMMON/SGL_302j/LIB_ELF/LIBSGL.A(sglB015.o)
 .text          0x0000000006023390        0x0 /joe/Compiler/COMMON/SGL_302j/LIB_ELF/LIBSGL.A(sglB016.o)
 .text          0x0000000006023390        0x0 /joe/Compiler/COMMON/SGL_302j/LIB_ELF/LIBSGL.A(sglB020.o)
 .text          0x0000000006023390        0x0 /joe/Compiler/COMMON/SGL_302j/LIB_ELF/LIBSGL.A(sglB021.o)
 .text          0x0000000006023390        0x0 /joe/Compiler/COMMON/SGL_302j/LIB_ELF/LIBSGL.A(sglB023.o)
 .text          0x0000000006023390        0x0 /joe/Compiler/COMMON/SGL_302j/LIB_ELF/LIBSGL.A(sglB031.o)
 .text          0x0000000006023390        0x0 /joe/Compiler/COMMON/SGL_302j/LIB_ELF/LIBSGL.A(sglB032.o)
 .text          0x0000000006023390        0x0 /joe/Compiler/COMMON/SGL_302j/LIB_ELF/LIBSGL.A(sglB033.o)
 .text          0x0000000006023390        0x0 /joe/Compiler/COMMON/SGL_302j/LIB_ELF/LIBSGL.A(sglB034.o)
 .text          0x0000000006023390        0x0 /joe/Compiler/COMMON/SGL_302j/LIB_ELF/LIBSGL.A(sglB035.o)
 .text          0x0000000006023390        0x0 /joe/Compiler/COMMON/SGL_302j/LIB_ELF/LIBSGL.A(sglB036.o)
 .text          0x0000000006023390        0x0 /joe/Compiler/COMMON/SGL_302j/LIB_ELF/LIBSGL.A(sglB038.o)
 .text          0x0000000006023390        0x0 /joe/Compiler/COMMON/SGL_302j/LIB_ELF/LIBSGL.A(sglB039.o)
 .text          0x0000000006023390        0x0 /joe/Compiler/COMMON/SGL_302j/LIB_ELF/LIBSGL.A(sglB040.o)
 .text          0x0000000006023390        0x0 /joe/Compiler/COMMON/SGL_302j/LIB_ELF/LIBSGL.A(sglB041.o)
 .text          0x0000000006023390        0x0 /joe/Compiler/COMMON/SGL_302j/LIB_ELF/LIBSGL.A(sglB042.o)
 .text          0x0000000006023390        0x0 /joe/Compiler/COMMON/SGL_302j/LIB_ELF/LIBSGL.A(sglB043.o)
 .text          0x0000000006023390        0x0 /joe/Compiler/COMMON/SGL_302j/LIB_ELF/LIBSGL.A(sglB044.o)
 .text          0x0000000006023390        0x0 /joe/Compiler/COMMON/SGL_302j/LIB_ELF/LIBSGL.A(sglB045.o)
 .text          0x0000000006023390        0x0 /joe/Compiler/COMMON/SGL_302j/LIB_ELF/LIBSGL.A(sglB047.o)
 .text          0x0000000006023390        0x0 /joe/Compiler/COMMON/SGL_302j/LIB_ELF/LIBSGL.A(sglB048.o)
 .text          0x0000000006023390        0x0 /joe/Compiler/COMMON/SGL_302j/LIB_ELF/LIBSGL.A(sglB055.o)
 .text          0x0000000006023390        0x0 /joe/Compiler/COMMON/SGL_302j/LIB_ELF/LIBSGL.A(sglB056.o)
 .text          0x0000000006023390        0x0 /joe/Compiler/COMMON/SGL_302j/LIB_ELF/LIBSGL.A(sglB057.o)
 .text          0x0000000006023390        0x0 /joe/Compiler/COMMON/SGL_302j/LIB_ELF/LIBSGL.A(sglB058.o)
 .text          0x0000000006023390        0x0 /joe/Compiler/COMMON/SGL_302j/LIB_ELF/LIBSGL.A(sglB059.o)
 .text          0x0000000006023390        0x0 /joe/Compiler/COMMON/SGL_302j/LIB_ELF/LIBSGL.A(sglB060.o)
 .text          0x0000000006023390        0x0 /joe/Compiler/COMMON/SGL_302j/LIB_ELF/LIBSGL.A(sglB063.o)
 .text          0x0000000006023390        0x0 /joe/Compiler/COMMON/SGL_302j/LIB_ELF/LIBSGL.A(sglB087.o)
 .text          0x0000000006023390        0x0 /joe/Compiler/COMMON/SGL_302j/LIB_ELF/LIBSGL.A(sglB088.o)
 .text          0x0000000006023390        0x0 /joe/Compiler/COMMON/SGL_302j/LIB_ELF/LIBSGL.A(sglB090.o)
 .text          0x0000000006023390        0x0 /joe/Compiler/COMMON/SGL_302j/LIB_ELF/LIBSGL.A(sglB200.o)
 .text          0x0000000006023390        0x0 /joe/Compiler/COMMON/SGL_302j/LIB_ELF/LIBSGL.A(sglC01.o)
 .text          0x0000000006023390        0x0 /joe/Compiler/COMMON/SGL_302j/LIB_ELF/LIBSGL.A(sglC03.o)
 .text          0x0000000006023390        0x0 /joe/Compiler/COMMON/SGL_302j/LIB_ELF/LIBSGL.A(sglC04.o)
 .text          0x0000000006023390        0x0 /joe/Compiler/COMMON/SGL_302j/LIB_ELF/LIBSGL.A(sglC05.o)
 .text          0x0000000006023390        0x0 /joe/Compiler/COMMON/SGL_302j/LIB_ELF/LIBSGL.A(sglC06.o)
 .text          0x0000000006023390        0x0 /joe/Compiler/COMMON/SGL_302j/LIB_ELF/LIBSGL.A(sglC07.o)
 .text          0x0000000006023390        0x0 /joe/Compiler/COMMON/SGL_302j/LIB_ELF/LIBSGL.A(sglC08.o)
 .text          0x0000000006023390        0x0 /joe/Compiler/COMMON/SGL_302j/LIB_ELF/LIBSGL.A(sglC14.o)
 .text          0x0000000006023390        0x0 /joe/Compiler/COMMON/SGL_302j/LIB_ELF/LIBSGL.A(sglC16.o)
 .text          0x0000000006023390        0x0 /joe/Compiler/COMMON/SGL_302j/LIB_ELF/LIBSGL.A(sglC17.o)
 .text          0x0000000006023390        0x0 /joe/Compiler/COMMON/SGL_302j/LIB_ELF/LIBSGL.A(sglC19.o)
 .text          0x0000000006023390        0x0 /joe/Compiler/COMMON/SGL_302j/LIB_ELF/LIBSGL.A(sglC20.o)
 .text          0x0000000006023390        0x0 /joe/Compiler/COMMON/SGL_302j/LIB_ELF/LIBSGL.A(sglC21.o)
 .text          0x0000000006023390        0x0 /joe/Compiler/COMMON/SGL_302j/LIB_ELF/LIBSGL.A(sglD00.o)
 .text          0x0000000006023390        0x0 /joe/Compiler/COMMON/SGL_302j/LIB_ELF/LIBSGL.A(sglD01.o)
 .text          0x0000000006023390        0x0 /joe/Compiler/COMMON/SGL_302j/LIB_ELF/LIBSGL.A(sglD02.o)
 .text          0x0000000006023390        0x0 /joe/Compiler/COMMON/SGL_302j/LIB_ELF/LIBSGL.A(sglD03.o)
 .text          0x0000000006023390        0x0 /joe/Compiler/COMMON/SGL_302j/LIB_ELF/LIBSGL.A(sglD15.o)
 .text          0x0000000006023390        0x0 /joe/Compiler/COMMON/SGL_302j/LIB_ELF/LIBSGL.A(sglD16.o)
 .text          0x0000000006023390        0x0 /joe/Compiler/COMMON/SGL_302j/LIB_ELF/LIBSGL.A(sglD17.o)
 .text          0x0000000006023390        0x0 /joe/Compiler/COMMON/SGL_302j/LIB_ELF/LIBSGL.A(sglD18.o)
 .text          0x0000000006023390        0x0 /joe/Compiler/COMMON/SGL_302j/LIB_ELF/LIBSGL.A(sglF08.o)
 .text          0x0000000006023390        0x0 /joe/Compiler/COMMON/SGL_302j/LIB_ELF/LIBSGL.A(sglH00.o)
 .text          0x0000000006023390        0x0 /joe/Compiler/COMMON/SGL_302j/LIB_ELF/LIBSGL.A(sglH01.o)
 .text          0x0000000006023390        0x0 /joe/Compiler/COMMON/SGL_302j/LIB_ELF/LIBSGL.A(sglH02.o)
 .text          0x0000000006023390        0x0 /joe/Compiler/COMMON/SGL_302j/LIB_ELF/LIBSGL.A(sglH04.o)
 .text          0x0000000006023390        0x0 /joe/Compiler/COMMON/SGL_302j/LIB_ELF/LIBSGL.A(sglI01.o)
 .text          0x0000000006023390        0x0 /joe/Compiler/COMMON/SGL_302j/LIB_ELF/LIBSGL.A(sglI04.o)
 .text          0x0000000006023390      0x128 /joe/Compiler/COMMON/SGL_302j/LIB_ELF/LIBSGL.A(sglIc0.o)
                0x0000000006023390                slInitSystem
 *fill*         0x00000000060234b8        0x8 
 .text          0x00000000060234c0        0x0 /joe/Compiler/COMMON/SGL_302j/LIB_ELF/LIBSGL.A(sglJ00.o)
 .text          0x00000000060234c0        0x0 /joe/Compiler/COMMON/SGL_302j/LIB_ELF/LIBSGL.A(sglJ01.o)
 .text          0x00000000060234c0        0x0 /joe/Compiler/COMMON/SGL_302j/LIB_ELF/LIBSGL.A(sglJ02.o)
 .text          0x00000000060234c0        0x0 /joe/Compiler/COMMON/SGL_302j/LIB_ELF/LIBSGL.A(sglJ03.o)
 .text          0x00000000060234c0        0x0 /joe/Compiler/COMMON/SGL_302j/LIB_ELF/LIBSGL.A(sglJ04.o)
 .text          0x00000000060234c0        0x0 /joe/Compiler/COMMON/SGL_302j/LIB_ELF/LIBSGL.A(sglJ05.o)
 .text          0x00000000060234c0        0x0 /joe/Compiler/COMMON/SGL_302j/LIB_ELF/LIBSGL.A(sglK01.o)
 .text          0x00000000060234c0        0x0 /joe/Compiler/COMMON/SGL_302j/LIB_ELF/LIBSGL.A(sglM00.o)
 .text          0x00000000060234c0        0x0 /joe/Compiler/COMMON/SGL_302j/LIB_ELF/LIBSGL.A(sglM01.o)
 .text          0x00000000060234c0        0x0 /joe/Compiler/COMMON/SGL_302j/LIB_ELF/LIBSGL.A(sglA00.o)
 .text          0x00000000060234c0        0x0 /joe/Compiler/COMMON/SGL_302j/LIB_ELF/LIBSGL.A(sglA03.o)
 .text          0x00000000060234c0        0x0 /joe/Compiler/COMMON/SGL_302j/LIB_ELF/LIBSGL.A(sglA10.o)
 .text          0x00000000060234c0        0x0 /joe/Compiler/COMMON/SGL_302j/LIB_ELF/LIBSGL.A(sglA24.o)
 .text          0x00000000060234c0        0x0 /joe/Compiler/COMMON/SGL_302j/LIB_ELF/LIBSGL.A(sglA25.o)
 .text          0x00000000060234c0        0x0 /joe/Compiler/COMMON/SGL_302j/LIB_ELF/LIBSGL.A(sglB000.o)
 .text          0x00000000060234c0        0x0 /joe/Compiler/COMMON/SGL_302j/LIB_ELF/LIBSGL.A(sglC00.o)
 .text          0x00000000060234c0        0x0 /joe/Compiler/COMMON/SGL_302j/LIB_ELF/LIBSGL.A(sglC13.o)
 .text          0x00000000060234c0        0x0 /joe/Compiler/COMMON/SGL_302j/LIB_ELF/LIBSGL.A(sglD19.o)
 .text          0x00000000060234c0        0x0 /joe/Compiler/COMMON/SGL_302j/LIB_ELF/LIBSGL.A(sglI00.o)
 .text          0x00000000060234c0        0x0 /joe/Compiler/COMMON/SGL_302j/LIB_ELF/LIBSGL.A(sglH03.o)
 .text          0x00000000060234c0       0x52 /joe/Compiler/LINUX/bin/../lib/gcc/sh-none-elf/8.2.0/libgcc.a(_ashiftrt.o)
                0x00000000060234c0                __ashiftrt_r4_31
                0x00000000060234c0                __ashiftrt_r4_32
                0x00000000060234c6                __ashiftrt_r4_30
                0x00000000060234c8                __ashiftrt_r4_29
                0x00000000060234ca                __ashiftrt_r4_28
                0x00000000060234cc                __ashiftrt_r4_27
                0x00000000060234ce                __ashiftrt_r4_26
                0x00000000060234d0                __ashiftrt_r4_25
                0x00000000060234d2                __ashiftrt_r4_24
                0x00000000060234da                __ashiftrt_r4_23
                0x00000000060234dc                __ashiftrt_r4_22
                0x00000000060234de                __ashiftrt_r4_21
                0x00000000060234e0                __ashiftrt_r4_20
                0x00000000060234e2                __ashiftrt_r4_19
                0x00000000060234e4                __ashiftrt_r4_18
                0x00000000060234e6                __ashiftrt_r4_17
                0x00000000060234e8                __ashiftrt_r4_16
                0x00000000060234ee                __ashiftrt_r4_15
                0x00000000060234f0                __ashiftrt_r4_14
                0x00000000060234f2                __ashiftrt_r4_13
                0x00000000060234f4                __ashiftrt_r4_12
                0x00000000060234f6                __ashiftrt_r4_11
                0x00000000060234f8                __ashiftrt_r4_10
                0x00000000060234fa                __ashiftrt_r4_9
                0x00000000060234fc                __ashiftrt_r4_8
                0x00000000060234fe                __ashiftrt_r4_7
                0x0000000006023500                __ashiftrt_r4_6
                0x0000000006023502                __ashiftrt_r4_5
                0x0000000006023504                __ashiftrt_r4_4
                0x0000000006023506                __ashiftrt_r4_3
                0x0000000006023508                __ashiftrt_r4_2
                0x000000000602350a                __ashiftrt_r4_1
                0x000000000602350e                __ashiftrt_r4_0
 *fill*         0x0000000006023512        0x2 
 .text          0x0000000006023514       0xa0 /joe/Compiler/LINUX/bin/../lib/gcc/sh-none-elf/8.2.0/libgcc.a(_sdivsi3.o)
                0x0000000006023514                __sdivsi3
 .text          0x00000000060235b4       0x6c /joe/Compiler/LINUX/bin/../lib/gcc/sh-none-elf/8.2.0/libgcc.a(_udivsi3.o)
                0x00000000060235d6                __udivsi3
 .text          0x0000000006023620      0x210 /joe/Compiler/LINUX/bin/../lib/gcc/sh-none-elf/8.2.0/libgcc.a(_addsub_sf.o)
                0x0000000006023794                __addsf3
                0x00000000060237e0                __subsf3
 .text          0x0000000006023830      0x134 /joe/Compiler/LINUX/bin/../lib/gcc/sh-none-elf/8.2.0/libgcc.a(_mul_sf.o)
                0x0000000006023830                __mulsf3
 .text          0x0000000006023964       0xdc /joe/Compiler/LINUX/bin/../lib/gcc/sh-none-elf/8.2.0/libgcc.a(_div_sf.o)
                0x0000000006023964                __divsf3
 .text          0x0000000006023a40       0x54 /joe/Compiler/LINUX/bin/../lib/gcc/sh-none-elf/8.2.0/libgcc.a(_eq_sf.o)
                0x0000000006023a40                __eqsf2
 .text          0x0000000006023a94       0x54 /joe/Compiler/LINUX/bin/../lib/gcc/sh-none-elf/8.2.0/libgcc.a(_ne_sf.o)
                0x0000000006023a94                __nesf2
 .text          0x0000000006023ae8       0x4c /joe/Compiler/LINUX/bin/../lib/gcc/sh-none-elf/8.2.0/libgcc.a(_gt_sf.o)
                0x0000000006023ae8                __gtsf2
 .text          0x0000000006023b34       0x4c /joe/Compiler/LINUX/bin/../lib/gcc/sh-none-elf/8.2.0/libgcc.a(_ge_sf.o)
                0x0000000006023b34                __gesf2
 .text          0x0000000006023b80       0x54 /joe/Compiler/LINUX/bin/../lib/gcc/sh-none-elf/8.2.0/libgcc.a(_lt_sf.o)
                0x0000000006023b80                __ltsf2
 .text          0x0000000006023bd4       0x54 /joe/Compiler/LINUX/bin/../lib/gcc/sh-none-elf/8.2.0/libgcc.a(_le_sf.o)
                0x0000000006023bd4                __lesf2
 .text          0x0000000006023c28       0x84 /joe/Compiler/LINUX/bin/../lib/gcc/sh-none-elf/8.2.0/libgcc.a(_si_to_sf.o)
                0x0000000006023c28                __floatsisf
 .text          0x0000000006023cac       0x7c /joe/Compiler/LINUX/bin/../lib/gcc/sh-none-elf/8.2.0/libgcc.a(_sf_to_si.o)
                0x0000000006023cac                __fixsfsi
 .text          0x0000000006023d28       0x3c /joe/Compiler/LINUX/bin/../lib/gcc/sh-none-elf/8.2.0/libgcc.a(_sf_to_df.o)
                0x0000000006023d28                __extendsfdf2
 .text          0x0000000006023d64        0x0 /joe/Compiler/LINUX/bin/../lib/gcc/sh-none-elf/8.2.0/libgcc.a(_thenan_sf.o)
 .text          0x0000000006023d64       0x94 /joe/Compiler/LINUX/bin/../lib/gcc/sh-none-elf/8.2.0/libgcc.a(_usi_to_sf.o)
                0x0000000006023d64                __floatunsisf
 .text          0x0000000006023df8       0x28 /joe/Compiler/LINUX/bin/../lib/gcc/sh-none-elf/8.2.0/libgcc.a(_make_df.o)
                0x0000000006023df8                __make_dp
 .text          0x0000000006023e20       0x4c /joe/Compiler/LINUX/bin/../lib/gcc/sh-none-elf/8.2.0/libgcc.a(_df_to_sf.o)
                0x0000000006023e20                __truncdfsf2
 .text          0x0000000006023e6c      0x114 /joe/Compiler/LINUX/bin/../lib/gcc/sh-none-elf/8.2.0/libgcc.a(_pack_sf.o)
                0x0000000006023e6c                __pack_f
 .text          0x0000000006023f80       0xa0 /joe/Compiler/LINUX/bin/../lib/gcc/sh-none-elf/8.2.0/libgcc.a(_unpack_sf.o)
                0x0000000006023f80                __unpack_f
 .text          0x0000000006024020       0xa8 /joe/Compiler/LINUX/bin/../lib/gcc/sh-none-elf/8.2.0/libgcc.a(_fpcmp_parts_sf.o)
                0x0000000006024020                __fpcmp_parts_f
 .text          0x00000000060240c8       0x20 /joe/Compiler/LINUX/bin/../lib/gcc/sh-none-elf/8.2.0/libgcc.a(_make_sf.o)
                0x00000000060240c8                __make_fp
 .text          0x00000000060240e8        0x0 /joe/Compiler/LINUX/bin/../lib/gcc/sh-none-elf/8.2.0/../../../../sh-none-elf/lib/libc.a(lib_a-impure.o)
 .text          0x00000000060240e8       0x1e /joe/Compiler/LINUX/bin/../lib/gcc/sh-none-elf/8.2.0/../../../../sh-none-elf/lib/libc.a(lib_a-memcmp.o)
                0x00000000060240e8                memcmp
 *fill*         0x0000000006024106        0x2 
 .text          0x0000000006024108       0x94 /joe/Compiler/LINUX/bin/../lib/gcc/sh-none-elf/8.2.0/../../../../sh-none-elf/lib/libc.a(lib_a-memcpy.o)
                0x0000000006024108                memcpy
 .text          0x000000000602419c       0x40 /joe/Compiler/LINUX/bin/../lib/gcc/sh-none-elf/8.2.0/../../../../sh-none-elf/lib/libc.a(lib_a-memset.o)
                0x000000000602419c                memset
 .text          0x00000000060241dc       0x58 /joe/Compiler/LINUX/bin/../lib/gcc/sh-none-elf/8.2.0/../../../../sh-none-elf/lib/libc.a(lib_a-rand.o)
                0x00000000060241dc                srand
                0x00000000060241f0                rand
 .text          0x0000000006024234       0x60 /joe/Compiler/LINUX/bin/../lib/gcc/sh-none-elf/8.2.0/../../../../sh-none-elf/lib/libc.a(lib_a-rget.o)
                0x0000000006024234                __srget_r
                0x0000000006024280                __srget
 .text          0x0000000006024294       0x8c /joe/Compiler/LINUX/bin/../lib/gcc/sh-none-elf/8.2.0/../../../../sh-none-elf/lib/libc.a(lib_a-sprintf.o)
                0x0000000006024294                _sprintf_r
                0x00000000060242d4                sprintf
 .text          0x0000000006024320       0x22 /joe/Compiler/LINUX/bin/../lib/gcc/sh-none-elf/8.2.0/../../../../sh-none-elf/lib/libc.a(lib_a-strcat.o)
                0x0000000006024320                strcat
 *fill*         0x0000000006024342        0x2 
 .text          0x0000000006024344       0x38 /joe/Compiler/LINUX/bin/../lib/gcc/sh-none-elf/8.2.0/../../../../sh-none-elf/lib/libc.a(lib_a-strcmp.o)
                0x0000000006024344                strcmp
 .text          0x000000000602437c       0x3c /joe/Compiler/LINUX/bin/../lib/gcc/sh-none-elf/8.2.0/../../../../sh-none-elf/lib/libc.a(lib_a-strcpy.o)
                0x000000000602437c                strcpy
 .text          0x00000000060243b8       0x20 /joe/Compiler/LINUX/bin/../lib/gcc/sh-none-elf/8.2.0/../../../../sh-none-elf/lib/libc.a(lib_a-strlen.o)
                0x00000000060243b8                strlen
 .text          0x00000000060243d8       0x2a /joe/Compiler/LINUX/bin/../lib/gcc/sh-none-elf/8.2.0/../../../../sh-none-elf/lib/libc.a(lib_a-strncmp.o)
                0x00000000060243d8                strncmp
 .text          0x0000000006024402       0x32 /joe/Compiler/LINUX/bin/../lib/gcc/sh-none-elf/8.2.0/../../../../sh-none-elf/lib/libc.a(lib_a-strncpy.o)
                0x0000000006024402                strncpy
 .text          0x0000000006024434       0x36 /joe/Compiler/LINUX/bin/../lib/gcc/sh-none-elf/8.2.0/../../../../sh-none-elf/lib/libc.a(lib_a-strstr.o)
                0x0000000006024434                strstr
 *fill*         0x000000000602446a        0x2 
 .text          0x000000000602446c     0x1378 /joe/Compiler/LINUX/bin/../lib/gcc/sh-none-elf/8.2.0/../../../../sh-none-elf/lib/libc.a(lib_a-svfprintf.o)
                0x000000000602446c                _svfprintf_r
 .text          0x00000000060257e4       0xdc /joe/Compiler/LINUX/bin/../lib/gcc/sh-none-elf/8.2.0/../../../../sh-none-elf/lib/libc.a(lib_a-wbuf.o)
                0x00000000060257e4                __swbuf_r
                0x00000000060258ac                __swbuf
 .text          0x00000000060258c0       0xcc /joe/Compiler/LINUX/bin/../lib/gcc/sh-none-elf/8.2.0/../../../../sh-none-elf/lib/libc.a(lib_a-wsetup.o)
                0x00000000060258c0                __swsetup_r
 .text          0x000000000602598c      0xef4 /joe/Compiler/LINUX/bin/../lib/gcc/sh-none-elf/8.2.0/../../../../sh-none-elf/lib/libc.a(lib_a-dtoa.o)
                0x0000000006025ac0                _dtoa_r
 .text          0x0000000006026880      0x1a8 /joe/Compiler/LINUX/bin/../lib/gcc/sh-none-elf/8.2.0/../../../../sh-none-elf/lib/libc.a(lib_a-fflush.o)
                0x0000000006026880                __sflush_r
                0x00000000060269c0                _fflush_r
                0x0000000006026a00                fflush
 .text          0x0000000006026a28      0x218 /joe/Compiler/LINUX/bin/../lib/gcc/sh-none-elf/8.2.0/../../../../sh-none-elf/lib/libc.a(lib_a-findfp.o)
                0x0000000006026a84                _cleanup_r
                0x0000000006026a98                __sfmoreglue
                0x0000000006026ae4                _cleanup
                0x0000000006026af8                __sinit
                0x0000000006026b4c                __sfp
                0x0000000006026c00                __sfp_lock_acquire
                0x0000000006026c04                __sfp_lock_release
                0x0000000006026c08                __sinit_lock_acquire
                0x0000000006026c0c                __sinit_lock_release
                0x0000000006026c10                __fp_lock_all
                0x0000000006026c28                __fp_unlock_all
 .text          0x0000000006026c40       0xb4 /joe/Compiler/LINUX/bin/../lib/gcc/sh-none-elf/8.2.0/../../../../sh-none-elf/lib/libc.a(lib_a-fwalk.o)
                0x0000000006026c40                _fwalk
                0x0000000006026c96                _fwalk_reent
 .text          0x0000000006026cf4       0x40 /joe/Compiler/LINUX/bin/../lib/gcc/sh-none-elf/8.2.0/../../../../sh-none-elf/lib/libc.a(lib_a-localeconv.o)
                0x0000000006026cf4                __localeconv_l
                0x0000000006026cfc                _localeconv_r
                0x0000000006026d18                localeconv
 .text          0x0000000006026d34       0xa8 /joe/Compiler/LINUX/bin/../lib/gcc/sh-none-elf/8.2.0/../../../../sh-none-elf/lib/libc.a(lib_a-locale.o)
                0x0000000006026d34                _setlocale_r
                0x0000000006026d80                __locale_mb_cur_max
                0x0000000006026da0                __locale_ctype_ptr_l
                0x0000000006026daa                __locale_ctype_ptr
                0x0000000006026dc8                setlocale
 .text          0x0000000006026ddc      0x110 /joe/Compiler/LINUX/bin/../lib/gcc/sh-none-elf/8.2.0/../../../../sh-none-elf/lib/libc.a(lib_a-makebuf.o)
                0x0000000006026ddc                __swhatbuf_r
                0x0000000006026e40                __smakebuf_r
 .text          0x0000000006026eec       0x4c /joe/Compiler/LINUX/bin/../lib/gcc/sh-none-elf/8.2.0/../../../../sh-none-elf/lib/libc.a(lib_a-mbtowc_r.o)
                0x0000000006026eec                _mbtowc_r
                0x0000000006026f10                __ascii_mbtowc
 .text          0x0000000006026f38       0x1c /joe/Compiler/LINUX/bin/../lib/gcc/sh-none-elf/8.2.0/../../../../sh-none-elf/lib/libc.a(lib_a-memchr.o)
                0x0000000006026f38                memchr
 .text          0x0000000006026f54      0xa9c /joe/Compiler/LINUX/bin/../lib/gcc/sh-none-elf/8.2.0/../../../../sh-none-elf/lib/libc.a(lib_a-mprec.o)
                0x0000000006026f54                _Balloc
                0x0000000006026fc8                _Bfree
                0x0000000006026fe0                __multadd
                0x0000000006027088                __s2b
                0x0000000006027148                __hi0bits
                0x000000000602719c                __lo0bits
                0x0000000006027200                __i2b
                0x000000000602721c                __multiply
                0x0000000006027360                __pow5mult
                0x000000000602741c                __lshift
                0x0000000006027510                __mcmp
                0x0000000006027548                __mdiff
                0x0000000006027624                __ulp
                0x0000000006027690                __b2d
                0x0000000006027778                __d2b
                0x0000000006027864                __ratio
                0x00000000060278e8                _mprec_log10
                0x0000000006027940                __copybits
                0x0000000006027984                __any_on
 .text          0x00000000060279f0      0x14c /joe/Compiler/LINUX/bin/../lib/gcc/sh-none-elf/8.2.0/../../../../sh-none-elf/lib/libc.a(lib_a-refill.o)
                0x0000000006027a08                __srefill_r
 .text          0x0000000006027b3c       0xe0 /joe/Compiler/LINUX/bin/../lib/gcc/sh-none-elf/8.2.0/../../../../sh-none-elf/lib/libc.a(lib_a-stdio.o)
                0x0000000006027b3c                __sread
                0x0000000006027b78                __seofread
                0x0000000006027b7c                __swrite
                0x0000000006027bcc                __sseek
                0x0000000006027c0c                __sclose
 .text          0x0000000006027c1c      0xa60 /joe/Compiler/LINUX/bin/../lib/gcc/sh-none-elf/8.2.0/../../../../sh-none-elf/lib/libc.a(lib_a-svfiprintf.o)
                0x0000000006027c1c                __ssprint_r
                0x0000000006027d50                _svfiprintf_r
 .text          0x000000000602867c       0x40 /joe/Compiler/LINUX/bin/../lib/gcc/sh-none-elf/8.2.0/../../../../sh-none-elf/lib/libc.a(lib_a-wctomb_r.o)
                0x000000000602867c                _wctomb_r
                0x000000000602869c                __ascii_wctomb
 .text          0x00000000060286bc       0x34 /joe/Compiler/LINUX/bin/../lib/gcc/sh-none-elf/8.2.0/../../../../sh-none-elf/lib/libc.a(lib_a-writer.o)
                0x00000000060286bc                _write_r
 .text          0x00000000060286f0       0x30 /joe/Compiler/LINUX/bin/../lib/gcc/sh-none-elf/8.2.0/../../../../sh-none-elf/lib/libc.a(lib_a-closer.o)
                0x00000000060286f0                _close_r
 .text          0x0000000006028720        0x0 /joe/Compiler/LINUX/bin/../lib/gcc/sh-none-elf/8.2.0/../../../../sh-none-elf/lib/libc.a(lib_a-ctype_.o)
 .text          0x0000000006028720       0xc8 /joe/Compiler/LINUX/bin/../lib/gcc/sh-none-elf/8.2.0/../../../../sh-none-elf/lib/libc.a(lib_a-fclose.o)
                0x0000000006028720                _fclose_r
                0x00000000060287d4                fclose
 .text          0x00000000060287e8       0x34 /joe/Compiler/LINUX/bin/../lib/gcc/sh-none-elf/8.2.0/../../../../sh-none-elf/lib/libc.a(lib_a-fstatr.o)
                0x00000000060287e8                _fstat_r
 .text          0x000000000602881c       0x30 /joe/Compiler/LINUX/bin/../lib/gcc/sh-none-elf/8.2.0/../../../../sh-none-elf/lib/libc.a(lib_a-isattyr.o)
                0x000000000602881c                _isatty_r
 .text          0x000000000602884c       0x34 /joe/Compiler/LINUX/bin/../lib/gcc/sh-none-elf/8.2.0/../../../../sh-none-elf/lib/libc.a(lib_a-lseekr.o)
                0x000000000602884c                _lseek_r
 .text          0x0000000006028880       0x3c /joe/Compiler/LINUX/bin/../lib/gcc/sh-none-elf/8.2.0/../../../../sh-none-elf/lib/libc.a(lib_a-memmove.o)
                0x0000000006028880                memmove
 .text          0x00000000060288bc       0x34 /joe/Compiler/LINUX/bin/../lib/gcc/sh-none-elf/8.2.0/../../../../sh-none-elf/lib/libc.a(lib_a-readr.o)
                0x00000000060288bc                _read_r
 .text          0x00000000060288f0      0x100 /joe/Compiler/LINUX/bin/../lib/gcc/sh-none-elf/8.2.0/../../../../sh-none-elf/lib/libc.a(lib_a-reent.o)
                0x00000000060288f0                cleanup_glue
                0x000000000602891c                _reclaim_reent
 .text          0x00000000060289f0      0x25c /joe/Compiler/LINUX/bin/../lib/gcc/sh-none-elf/8.2.0/../../../../sh-none-elf/lib/libc.a(lib_a-syscalls.o)
                0x0000000006028a68                _read
                0x0000000006028a78                _lseek
                0x0000000006028a88                _write
                0x0000000006028a98                _close
                0x0000000006028aa8                _link
                0x0000000006028aac                _sbrk
                0x0000000006028b04                _fstat
                0x0000000006028b0e                _open
                0x0000000006028b20                _creat
                0x0000000006028b30                _unlink
                0x0000000006028b34                isatty
                0x0000000006028b38                _isatty
                0x0000000006028b3c                _exit
                0x0000000006028b4c                _kill
                0x0000000006028b60                _getpid
                0x0000000006028b64                _raise
                0x0000000006028b68                _stat
                0x0000000006028b78                _chmod
                0x0000000006028b88                _chown
                0x0000000006028b98                _utime
                0x0000000006028bac                _fork
                0x0000000006028bb8                _wait
                0x0000000006028bc8                _execve
                0x0000000006028bd8                _execv
                0x0000000006028be8                _pipe
                0x0000000006028bf4                _times
                0x0000000006028bf8                _gettimeofday
                0x0000000006028c20                __setup_argv_and_call_main
 .text          0x0000000006028c4c       0x14 /joe/Compiler/LINUX/bin/../lib/gcc/sh-none-elf/8.2.0/../../../../sh-none-elf/lib/libc.a(lib_a-trap.o)
                0x0000000006028c4c                __trap34
 .text          0x0000000006028c60       0x18 /joe/Compiler/LINUX/bin/../lib/gcc/sh-none-elf/8.2.0/../../../../sh-none-elf/lib/libc.a(lib_a-abort.o)
                0x0000000006028c60                abort
 .text          0x0000000006028c78      0x1b0 /joe/Compiler/LINUX/bin/../lib/gcc/sh-none-elf/8.2.0/../../../../sh-none-elf/lib/libc.a(lib_a-signal.o)
                0x0000000006028c78                _init_signal_r
                0x0000000006028cb4                _signal_r
                0x0000000006028d00                _raise_r
                0x0000000006028d78                __sigtramp_r
                0x0000000006028ddc                raise
                0x0000000006028df0                signal
                0x0000000006028e04                _init_signal
                0x0000000006028e14                __sigtramp
 .text          0x0000000006028e28       0x40 /joe/Compiler/LINUX/bin/../lib/gcc/sh-none-elf/8.2.0/../../../../sh-none-elf/lib/libc.a(lib_a-signalr.o)
                0x0000000006028e28                _kill_r
                0x0000000006028e5c                _getpid_r
 .text          0x0000000006028e68       0x80 /joe/Compiler/LINUX/bin/../lib/gcc/sh-none-elf/8.2.0/libgcc.a(_ashiftrt_n.o)
                0x0000000006028e68                __ashrsi3
 .text          0x0000000006028ee8       0xbc /joe/Compiler/LINUX/bin/../lib/gcc/sh-none-elf/8.2.0/libgcc.a(_ashiftlt.o)
                0x0000000006028ee8                __ashlsi3
                0x0000000006028eec                __ashlsi3_r0
 .text          0x0000000006028fa4       0xbc /joe/Compiler/LINUX/bin/../lib/gcc/sh-none-elf/8.2.0/libgcc.a(_lshiftrt.o)
                0x0000000006028fa4                __lshrsi3
                0x0000000006028fa8                __lshrsi3_r0
 .text          0x0000000006029060      0x258 /joe/Compiler/LINUX/bin/../lib/gcc/sh-none-elf/8.2.0/libgcc.a(_udivdi3.o)
                0x0000000006029060                __udivdi3
 .text          0x00000000060292b8      0x2bc /joe/Compiler/LINUX/bin/../lib/gcc/sh-none-elf/8.2.0/libgcc.a(_umoddi3.o)
                0x00000000060292b8                __umoddi3
 .text          0x0000000006029574      0x3b4 /joe/Compiler/LINUX/bin/../lib/gcc/sh-none-elf/8.2.0/libgcc.a(_addsub_df.o)
                0x0000000006029884                __adddf3
                0x00000000060298d4                __subdf3
 .text          0x0000000006029928      0x208 /joe/Compiler/LINUX/bin/../lib/gcc/sh-none-elf/8.2.0/libgcc.a(_mul_df.o)
                0x0000000006029928                __muldf3
 .text          0x0000000006029b30      0x130 /joe/Compiler/LINUX/bin/../lib/gcc/sh-none-elf/8.2.0/libgcc.a(_div_df.o)
                0x0000000006029b30                __divdf3
 .text          0x0000000006029c60       0x58 /joe/Compiler/LINUX/bin/../lib/gcc/sh-none-elf/8.2.0/libgcc.a(_eq_df.o)
                0x0000000006029c60                __eqdf2
 .text          0x0000000006029cb8       0x58 /joe/Compiler/LINUX/bin/../lib/gcc/sh-none-elf/8.2.0/libgcc.a(_ne_df.o)
                0x0000000006029cb8                __nedf2
 .text          0x0000000006029d10       0x50 /joe/Compiler/LINUX/bin/../lib/gcc/sh-none-elf/8.2.0/libgcc.a(_gt_df.o)
                0x0000000006029d10                __gtdf2
 .text          0x0000000006029d60       0x50 /joe/Compiler/LINUX/bin/../lib/gcc/sh-none-elf/8.2.0/libgcc.a(_ge_df.o)
                0x0000000006029d60                __gedf2
 .text          0x0000000006029db0       0x58 /joe/Compiler/LINUX/bin/../lib/gcc/sh-none-elf/8.2.0/libgcc.a(_lt_df.o)
                0x0000000006029db0                __ltdf2
 .text          0x0000000006029e08       0x58 /joe/Compiler/LINUX/bin/../lib/gcc/sh-none-elf/8.2.0/libgcc.a(_le_df.o)
                0x0000000006029e08                __ledf2
 .text          0x0000000006029e60       0x40 /joe/Compiler/LINUX/bin/../lib/gcc/sh-none-elf/8.2.0/libgcc.a(_unord_df.o)
                0x0000000006029e60                __unorddf2
 .text          0x0000000006029ea0       0xa8 /joe/Compiler/LINUX/bin/../lib/gcc/sh-none-elf/8.2.0/libgcc.a(_si_to_df.o)
                0x0000000006029ea0                __floatsidf
 .text          0x0000000006029f48       0xa4 /joe/Compiler/LINUX/bin/../lib/gcc/sh-none-elf/8.2.0/libgcc.a(_df_to_si.o)
                0x0000000006029f48                __fixdfsi
 .text          0x0000000006029fec        0x0 /joe/Compiler/LINUX/bin/../lib/gcc/sh-none-elf/8.2.0/libgcc.a(_thenan_df.o)
 .text          0x0000000006029fec       0x88 /joe/Compiler/LINUX/bin/../lib/gcc/sh-none-elf/8.2.0/libgcc.a(_usi_to_df.o)
                0x0000000006029fec                __floatunsidf
 *fill*         0x000000000602a074        0x4 
 .text          0x000000000602a078       0x60 /joe/Compiler/LINUX/bin/../lib/gcc/sh-none-elf/8.2.0/libgcc.a(_udiv_qrnnd_16.o)
                0x000000000602a078                __udiv_qrnnd_16
 .text          0x000000000602a0d8        0x0 /joe/Compiler/LINUX/bin/../lib/gcc/sh-none-elf/8.2.0/libgcc.a(_clz.o)
 .text          0x000000000602a0d8       0x58 /joe/Compiler/LINUX/bin/../lib/gcc/sh-none-elf/8.2.0/libgcc.a(_clzsi2.o)
                0x000000000602a0d8                __clzsi2
 .text          0x000000000602a130      0x25c /joe/Compiler/LINUX/bin/../lib/gcc/sh-none-elf/8.2.0/libgcc.a(_pack_df.o)
                0x000000000602a130                __pack_d
 .text          0x000000000602a38c       0xcc /joe/Compiler/LINUX/bin/../lib/gcc/sh-none-elf/8.2.0/libgcc.a(_unpack_df.o)
                0x000000000602a38c                __unpack_d
 .text          0x000000000602a458       0xc8 /joe/Compiler/LINUX/bin/../lib/gcc/sh-none-elf/8.2.0/libgcc.a(_fpcmp_parts_df.o)
                0x000000000602a458                __fpcmp_parts_d
 *(.strings)
 *(SEGA_P)
 *(.eh_frame_hdr)
 *(.eh_frame)
 .eh_frame      0x000000000602a520       0xa8 /joe/Compiler/LINUX/bin/../lib/gcc/sh-none-elf/8.2.0/libgcc.a(_udivdi3.o)
 .eh_frame      0x000000000602a5c8       0xdc /joe/Compiler/LINUX/bin/../lib/gcc/sh-none-elf/8.2.0/libgcc.a(_umoddi3.o)
                0x000000000602a6a4                __etext = .

.text.startup   0x000000000602a6b0      0xc20
 .text.startup  0x000000000602a6b0      0xc14 /tmp/cctxZI20.ltrans0.ltrans.o
                0x000000000602a6b0                main

SLPROG          0x000000000602b2e0    0x158a0
                0x000000000602b2e0                __slprog_start = .
 *(SLPROG)
 SLPROG         0x000000000602b2e0     0x6540 /joe/Compiler/COMMON/SGL_302j/LIB_ELF/SGLAREA.O
                0x000000000602b2e0                MasterStack
                0x000000000602b2e4                SlaveStack
                0x000000000602b2e8                MaxVertices
                0x000000000602b2ea                MaxPolygons
                0x000000000602b2ec                SortList
                0x000000000602b2f0                SortListSize
                0x000000000602b2f4                TransList
                0x000000000602b2f8                Zbuffer
                0x000000000602b2fc                SpriteBuf
                0x000000000602b300                SpriteBufSize
                0x000000000602b304                Pbuffer
                0x000000000602b308                CommandBuf
                0x000000000602b30c                CLOfstBuf
                0x000000000602b310                PCM_Work
                0x000000000602b314                PCM_WkSize
                0x000000000602b318                MaxEvents
                0x000000000602b31a                EventSize
                0x000000000602b31c                MaxWorks
                0x000000000602b31e                WorkSize
                0x000000000602b320                RemainEvent
                0x000000000602b420                RemainWork
                0x000000000602b820                EventBuf
                0x000000000602d820                WorkBuf
 SLPROG         0x0000000006031820     0x411e /joe/Compiler/COMMON/SGL_302j/LIB_ELF/LIBSGL.A(sglA01.o)
                0x0000000006031820                slSin
                0x0000000006031844                slCos
                0x0000000006031868                GetSinCos
                0x00000000060318fc                sin_cos_index_tbl
                0x000000000603193c                sin_tbl
 *fill*         0x000000000603593e        0x2 
 SLPROG         0x0000000006035940       0x18 /joe/Compiler/COMMON/SGL_302j/LIB_ELF/LIBSGL.A(sglA15.o)
                0x0000000006035940                slSlaveFunc
 *fill*         0x0000000006035958        0x8 
 SLPROG         0x0000000006035960       0xd0 /joe/Compiler/COMMON/SGL_302j/LIB_ELF/LIBSGL.A(sglA16.o)
                0x0000000006035960                slLookAt
 SLPROG         0x0000000006035a30       0x78 /joe/Compiler/COMMON/SGL_302j/LIB_ELF/LIBSGL.A(sglA17.o)
                0x0000000006035a30                slRotZ
                0x0000000006035a3a                slRotZSC
 *fill*         0x0000000006035aa8        0x8 
 SLPROG         0x0000000006035ab0       0x78 /joe/Compiler/COMMON/SGL_302j/LIB_ELF/LIBSGL.A(sglA18.o)
                0x0000000006035ab0                slRotY
                0x0000000006035aba                slRotYSC
 *fill*         0x0000000006035b28        0x8 
 SLPROG         0x0000000006035b30       0x78 /joe/Compiler/COMMON/SGL_302j/LIB_ELF/LIBSGL.A(sglA19.o)
                0x0000000006035b30                slRotX
                0x0000000006035b3a                slRotXSC
 *fill*         0x0000000006035ba8        0x8 
 SLPROG         0x0000000006035bb0      0x42c /joe/Compiler/COMMON/SGL_302j/LIB_ELF/LIBSGL.A(sglA20.o)
                0x0000000006035bb0                slInitMatrix
                0x0000000006035bba                slPushUnitMatrix
                0x0000000006035bce                slUnitMatrix
 *fill*         0x0000000006035fdc        0x4 
 SLPROG         0x0000000006035fe0       0x48 /joe/Compiler/COMMON/SGL_302j/LIB_ELF/LIBSGL.A(sglA21.o)
                0x0000000006035fe0                slPushMatrix
                0x0000000006036014                slPopMatrix
                0x0000000006036014                slDecMatrixPtr
 *fill*         0x0000000006036028        0x8 
 SLPROG         0x0000000006036030       0x50 /joe/Compiler/COMMON/SGL_302j/LIB_ELF/LIBSGL.A(sglA27.o)
                0x0000000006036030                slTranslate
 SLPROG         0x0000000006036080       0x70 /joe/Compiler/COMMON/SGL_302j/LIB_ELF/LIBSGL.A(sglA28.o)
                0x0000000006036080                slScale
 SLPROG         0x00000000060360f0       0x22 /joe/Compiler/COMMON/SGL_302j/LIB_ELF/LIBSGL.A(sglA40.o)
                0x00000000060360f0                slCalcVector
 *fill*         0x0000000006036112        0xe 
 SLPROG         0x0000000006036120       0x20 /joe/Compiler/COMMON/SGL_302j/LIB_ELF/LIBSGL.A(sglB001.o)
                0x0000000006036120                slTVOn
                0x000000000603612a                slTVOff
 SLPROG         0x0000000006036140       0x24 /joe/Compiler/COMMON/SGL_302j/LIB_ELF/LIBSGL.A(sglB011.o)
                0x0000000006036140                slBitMapNbg1
 *fill*         0x0000000006036164        0xc 
 SLPROG         0x0000000006036170        0x8 /joe/Compiler/COMMON/SGL_302j/LIB_ELF/LIBSGL.A(sglB014.o)
                0x0000000006036170                slScrTransparent
 *fill*         0x0000000006036178        0x8 
 SLPROG         0x0000000006036180      0x40c /joe/Compiler/COMMON/SGL_302j/LIB_ELF/LIBSGL.A(sglB015.o)
                0x0000000006036180                slScrAutoDisp
 *fill*         0x000000000603658c        0x4 
 SLPROG         0x0000000006036590        0xc /joe/Compiler/COMMON/SGL_302j/LIB_ELF/LIBSGL.A(sglB016.o)
                0x0000000006036590                slBack1ColSet
 *fill*         0x000000000603659c        0x4 
 SLPROG         0x00000000060365a0       0x10 /joe/Compiler/COMMON/SGL_302j/LIB_ELF/LIBSGL.A(sglB020.o)
                0x00000000060365a0                slColorCalc
 SLPROG         0x00000000060365b0        0xc /joe/Compiler/COMMON/SGL_302j/LIB_ELF/LIBSGL.A(sglB021.o)
                0x00000000060365b0                slColorCalcOn
 *fill*         0x00000000060365bc        0x4 
 SLPROG         0x00000000060365c0        0xc /joe/Compiler/COMMON/SGL_302j/LIB_ELF/LIBSGL.A(sglB023.o)
                0x00000000060365c0                slColRate
 *fill*         0x00000000060365cc        0x4 
 SLPROG         0x00000000060365d0       0xb0 /joe/Compiler/COMMON/SGL_302j/LIB_ELF/LIBSGL.A(sglB031.o)
                0x00000000060365d0                slMapNbg0
 SLPROG         0x0000000006036680       0xb4 /joe/Compiler/COMMON/SGL_302j/LIB_ELF/LIBSGL.A(sglB032.o)
                0x0000000006036680                slMapNbg1
 *fill*         0x0000000006036734        0xc 
 SLPROG         0x0000000006036740       0xb0 /joe/Compiler/COMMON/SGL_302j/LIB_ELF/LIBSGL.A(sglB033.o)
                0x0000000006036740                slMapNbg2
 SLPROG         0x00000000060367f0       0xb4 /joe/Compiler/COMMON/SGL_302j/LIB_ELF/LIBSGL.A(sglB034.o)
                0x00000000060367f0                slMapNbg3
 *fill*         0x00000000060368a4        0xc 
 SLPROG         0x00000000060368b0       0xd4 /joe/Compiler/COMMON/SGL_302j/LIB_ELF/LIBSGL.A(sglB035.o)
                0x00000000060368b0                sl1MapRA
                0x0000000006036942                rbank_set
 *fill*         0x0000000006036984        0xc 
 SLPROG         0x0000000006036990       0xa0 /joe/Compiler/COMMON/SGL_302j/LIB_ELF/LIBSGL.A(sglB036.o)
                0x0000000006036990                sl1MapRB
 SLPROG         0x0000000006036a30       0x70 /joe/Compiler/COMMON/SGL_302j/LIB_ELF/LIBSGL.A(sglB038.o)
                0x0000000006036a30                slRparaInitSet
 SLPROG         0x0000000006036aa0       0x7e /joe/Compiler/COMMON/SGL_302j/LIB_ELF/LIBSGL.A(sglB039.o)
                0x0000000006036aa0                slMakeKtable
 *fill*         0x0000000006036b1e        0x2 
 SLPROG         0x0000000006036b20       0x58 /joe/Compiler/COMMON/SGL_302j/LIB_ELF/LIBSGL.A(sglB040.o)
                0x0000000006036b20                slKtableRA
 *fill*         0x0000000006036b78        0x8 
 SLPROG         0x0000000006036b80       0x5c /joe/Compiler/COMMON/SGL_302j/LIB_ELF/LIBSGL.A(sglB041.o)
                0x0000000006036b80                slKtableRB
 *fill*         0x0000000006036bdc        0x4 
 SLPROG         0x0000000006036be0       0x10 /joe/Compiler/COMMON/SGL_302j/LIB_ELF/LIBSGL.A(sglB042.o)
                0x0000000006036be0                slCurRpara
 SLPROG         0x0000000006036bf0        0x8 /joe/Compiler/COMMON/SGL_302j/LIB_ELF/LIBSGL.A(sglB043.o)
                0x0000000006036bf0                slRparaMode
 *fill*         0x0000000006036bf8        0x8 
 SLPROG         0x0000000006036c00      0x4e4 /joe/Compiler/COMMON/SGL_302j/LIB_ELF/LIBSGL.A(sglB044.o)
                0x0000000006036c00                slScrMatSet
 *fill*         0x00000000060370e4        0xc 
 SLPROG         0x00000000060370f0       0x28 /joe/Compiler/COMMON/SGL_302j/LIB_ELF/LIBSGL.A(sglB045.o)
                0x00000000060370f0                slScrMatConv
 *fill*         0x0000000006037118        0x8 
 SLPROG         0x0000000006037120        0xc /joe/Compiler/COMMON/SGL_302j/LIB_ELF/LIBSGL.A(sglB047.o)
                0x0000000006037120                slOverRA
 *fill*         0x000000000603712c        0x4 
 SLPROG         0x0000000006037130       0x10 /joe/Compiler/COMMON/SGL_302j/LIB_ELF/LIBSGL.A(sglB048.o)
                0x0000000006037130                slOverRB
 SLPROG         0x0000000006037140        0xc /joe/Compiler/COMMON/SGL_302j/LIB_ELF/LIBSGL.A(sglB055.o)
                0x0000000006037140                slPlaneNbg0
 *fill*         0x000000000603714c        0x4 
 SLPROG         0x0000000006037150        0xc /joe/Compiler/COMMON/SGL_302j/LIB_ELF/LIBSGL.A(sglB056.o)
                0x0000000006037150                slPlaneNbg1
 *fill*         0x000000000603715c        0x4 
 SLPROG         0x0000000006037160       0x10 /joe/Compiler/COMMON/SGL_302j/LIB_ELF/LIBSGL.A(sglB057.o)
                0x0000000006037160                slPlaneNbg2
 SLPROG         0x0000000006037170       0x10 /joe/Compiler/COMMON/SGL_302j/LIB_ELF/LIBSGL.A(sglB058.o)
                0x0000000006037170                slPlaneNbg3
 SLPROG         0x0000000006037180        0xc /joe/Compiler/COMMON/SGL_302j/LIB_ELF/LIBSGL.A(sglB059.o)
                0x0000000006037180                slPlaneRA
 *fill*         0x000000000603718c        0x4 
 SLPROG         0x0000000006037190       0x10 /joe/Compiler/COMMON/SGL_302j/LIB_ELF/LIBSGL.A(sglB060.o)
                0x0000000006037190                slPlaneRB
 SLPROG         0x00000000060371a0        0xc /joe/Compiler/COMMON/SGL_302j/LIB_ELF/LIBSGL.A(sglB063.o)
                0x00000000060371a0                slPriority
 *fill*         0x00000000060371ac        0x4 
 SLPROG         0x00000000060371b0       0x18 /joe/Compiler/COMMON/SGL_302j/LIB_ELF/LIBSGL.A(sglB087.o)
                0x00000000060371b0                slLineScrollTable0
 *fill*         0x00000000060371c8        0x8 
 SLPROG         0x00000000060371d0        0x8 /joe/Compiler/COMMON/SGL_302j/LIB_ELF/LIBSGL.A(sglB088.o)
                0x00000000060371d0                slLineScrollTable1
 *fill*         0x00000000060371d8        0x8 
 SLPROG         0x00000000060371e0        0xc /joe/Compiler/COMMON/SGL_302j/LIB_ELF/LIBSGL.A(sglB090.o)
                0x00000000060371e0                slLineScrollMode
 *fill*         0x00000000060371ec        0x4 
 SLPROG         0x00000000060371f0      0x114 /joe/Compiler/COMMON/SGL_302j/LIB_ELF/LIBSGL.A(sglB200.o)
                0x00000000060371f0                slCharRbg0
                0x00000000060371fc                slCharNbg0
                0x0000000006037208                slCharNbg1
                0x0000000006037214                slCharNbg2
                0x000000000603722a                slCharNbg3
                0x0000000006037242                slPageRbg0
                0x0000000006037258                slPageNbg1
                0x0000000006037260                slPageNbg2
                0x0000000006037268                slPageNbg3
                0x0000000006037274                slPageNbg0
 *fill*         0x0000000006037304        0xc 
 SLPROG         0x0000000006037310       0x6c /joe/Compiler/COMMON/SGL_302j/LIB_ELF/LIBSGL.A(sglC01.o)
                0x0000000006037310                slPerspective
 *fill*         0x000000000603737c        0x4 
 SLPROG         0x0000000006037380       0xc4 /joe/Compiler/COMMON/SGL_302j/LIB_ELF/LIBSGL.A(sglC03.o)
                0x0000000006037380                slWindow
 *fill*         0x0000000006037444        0xc 
 SLPROG         0x0000000006037450       0x2c /joe/Compiler/COMMON/SGL_302j/LIB_ELF/LIBSGL.A(sglC04.o)
                0x0000000006037450                slZdspLevel
 *fill*         0x000000000603747c        0x4 
 SLPROG         0x0000000006037480       0x78 /joe/Compiler/COMMON/SGL_302j/LIB_ELF/LIBSGL.A(sglC05.o)
                0x0000000006037480                slSetSprite
 *fill*         0x00000000060374f8        0x8 
 SLPROG         0x0000000006037500       0xfa /joe/Compiler/COMMON/SGL_302j/LIB_ELF/LIBSGL.A(sglC06.o)
                0x0000000006037500                slDispSprite
 *fill*         0x00000000060375fa        0x6 
 SLPROG         0x0000000006037600      0x162 /joe/Compiler/COMMON/SGL_302j/LIB_ELF/LIBSGL.A(sglC07.o)
                0x0000000006037606                slPutSprite
 *fill*         0x0000000006037762        0xe 
 SLPROG         0x0000000006037770     0x1218 /joe/Compiler/COMMON/SGL_302j/LIB_ELF/LIBSGL.A(sglC08.o)
                0x0000000006037770                slPutPolygon
                0x00000000060383ec                MsCalcDepthFlat
 *fill*         0x0000000006038988        0x8 
 SLPROG         0x0000000006038990       0x8c /joe/Compiler/COMMON/SGL_302j/LIB_ELF/LIBSGL.A(sglC14.o)
                0x0000000006038990                slCurWindow
 *fill*         0x0000000006038a1c        0x4 
 SLPROG         0x0000000006038a20       0x54 /joe/Compiler/COMMON/SGL_302j/LIB_ELF/LIBSGL.A(sglC16.o)
                0x0000000006038a20                slDynamicFrame
 *fill*         0x0000000006038a74        0xc 
 SLPROG         0x0000000006038a80       0x4c /joe/Compiler/COMMON/SGL_302j/LIB_ELF/LIBSGL.A(sglC17.o)
                0x0000000006038a80                slDispSpriteHV
 *fill*         0x0000000006038acc        0x4 
 SLPROG         0x0000000006038ad0       0xd4 /joe/Compiler/COMMON/SGL_302j/LIB_ELF/LIBSGL.A(sglC19.o)
                0x0000000006038ad0                slDispSprite4P
 *fill*         0x0000000006038ba4        0xc 
 SLPROG         0x0000000006038bb0       0x40 /joe/Compiler/COMMON/SGL_302j/LIB_ELF/LIBSGL.A(sglC20.o)
                0x0000000006038bb0                SpriteEntry
 SLPROG         0x0000000006038bf0      0x4ae /joe/Compiler/COMMON/SGL_302j/LIB_ELF/LIBSGL.A(sglC21.o)
                0x0000000006038c78                RotSprite
                0x0000000006038d06                SetSprPosition
 *fill*         0x000000000603909e        0x2 
 SLPROG         0x00000000060390a0       0x84 /joe/Compiler/COMMON/SGL_302j/LIB_ELF/LIBSGL.A(sglD00.o)
                0x00000000060390a0                slDMACopy
                0x00000000060390a0                slCpuDMACopy
                0x00000000060390fa                slCashPurge
                0x00000000060390fa                CSH_AllClr
 *fill*         0x0000000006039124        0xc 
 SLPROG         0x0000000006039130       0xa0 /joe/Compiler/COMMON/SGL_302j/LIB_ELF/LIBSGL.A(sglD01.o)
                0x0000000006039130                slDMAXCopy
 SLPROG         0x00000000060391d0       0x10 /joe/Compiler/COMMON/SGL_302j/LIB_ELF/LIBSGL.A(sglD02.o)
                0x00000000060391d0                slDMAWait
 SLPROG         0x00000000060391e0        0xc /joe/Compiler/COMMON/SGL_302j/LIB_ELF/LIBSGL.A(sglD03.o)
                0x00000000060391e0                slDMAStatus
 *fill*         0x00000000060391ec        0x4 
 SLPROG         0x00000000060391f0       0x20 /joe/Compiler/COMMON/SGL_302j/LIB_ELF/LIBSGL.A(sglD15.o)
                0x00000000060391f0                CSH_Purge
 SLPROG         0x0000000006039210       0x84 /joe/Compiler/COMMON/SGL_302j/LIB_ELF/LIBSGL.A(sglD16.o)
                0x0000000006039210                DMA_ScuSetPrm
                0x0000000006039258                DMA_SCU_PRM0
 *fill*         0x0000000006039294        0xc 
 SLPROG         0x00000000060392a0       0x88 /joe/Compiler/COMMON/SGL_302j/LIB_ELF/LIBSGL.A(sglD17.o)
                0x00000000060392a0                DMA_ScuStart
 *fill*         0x0000000006039328        0x8 
 SLPROG         0x0000000006039330       0x34 /joe/Compiler/COMMON/SGL_302j/LIB_ELF/LIBSGL.A(sglD18.o)
                0x0000000006039330                DMA_ScuGetStatus
 *fill*         0x0000000006039364        0xc 
 SLPROG         0x0000000006039370       0x34 /joe/Compiler/COMMON/SGL_302j/LIB_ELF/LIBSGL.A(sglF08.o)
                0x0000000006039370                slDec2Hex
 *fill*         0x00000000060393a4        0xc 
 SLPROG         0x00000000060393b0      0xfc8 /joe/Compiler/COMMON/SGL_302j/LIB_ELF/LIBSGL.A(sglH00.o)
                0x00000000060393c8                slGetPortDir1
                0x00000000060393d0                slGetPortDir2
                0x00000000060393d8                slSetPortDir1
                0x0000000006039402                slSetPortDir2
                0x000000000603943c                slGetPortData1
                0x0000000006039444                slGetPortData2
                0x000000000603944c                slSetPortData1
                0x0000000006039456                slSetPortData2
                0x0000000006039468                slGetPortSelect1
                0x0000000006039472                slGetPortSelect2
                0x000000000603947c                slSetPortSelect1
                0x00000000060394b0                slSetPortSelect2
                0x00000000060394ec                slGetPortExt1
                0x00000000060394f6                slGetPortExt2
                0x0000000006039500                slSetPortExt1
                0x0000000006039530                slSetPortExt2
                0x00000000060396a4                slSmpcDirectAccess
                0x0000000006039724                slInitPeripheral
                0x00000000060397b6                slSetResultBuffer
                0x0000000006039842                slCheckIntBackSet
                0x000000000603984e                slIntBackCancel
                0x0000000006039878                slCheckReset
                0x0000000006039882                slClearReset
                0x0000000006039a48                slSmpcCashSend
                0x0000000006039b04                slSmpcCashBlow
                0x0000000006039be0                slGetOptimize
                0x0000000006039bea                slSetOptimize
                0x0000000006039c10                slGetPortMode1
                0x0000000006039c1c                slGetPortMode2
                0x0000000006039c2a                slSetPortMode1
                0x0000000006039c68                slSetPortMode2
                0x0000000006039df4                slRequestCommand
                0x0000000006039e64                Smpc_Status
                0x0000000006039e68                Smpc_Result
                0x0000000006039e6c                Smpc_Peripheral
                0x0000000006039e72                Per_Connect1
                0x0000000006039e73                Per_Connect2
                0x0000000006039e94                SmpcStatusBuf
 *fill*         0x000000000603a378        0x8 
 SLPROG         0x000000000603a380       0xa8 /joe/Compiler/COMMON/SGL_302j/LIB_ELF/LIBSGL.A(sglH01.o)
                0x000000000603a380                slGetLanguage
                0x000000000603a38a                slSetLanguage
                0x000000000603a3ac                slGetSoundEffect
                0x000000000603a3b8                slSetSoundEffect
                0x000000000603a3d4                slGetSoundOutput
                0x000000000603a3e0                slSetSoundOutput
                0x000000000603a3fc                slGetHelpWindow
                0x000000000603a408                slSetHelpWindow
 *fill*         0x000000000603a428        0x8 
 SLPROG         0x000000000603a430      0x470 /joe/Compiler/COMMON/SGL_302j/LIB_ELF/LIBSGL.A(sglH02.o)
                0x000000000603a820                smpc_pfr_tbl
                0x000000000603a860                smpc_ptf_tbl
 SLPROG         0x000000000603a8a0       0x60 /joe/Compiler/COMMON/SGL_302j/LIB_ELF/LIBSGL.A(sglH04.o)
                0x000000000603a8a0                slComPrmIntBack
                0x000000000603a8b4                slComPrmSetMemory
                0x000000000603a8ca                slComPrmSetTime
 SLPROG         0x000000000603a900      0x3a4 /joe/Compiler/COMMON/SGL_302j/LIB_ELF/LIBSGL.A(sglI01.o)
                0x000000000603a900                slInitSynch
                0x000000000603a91a                slSynch
                0x000000000603aa10                slRandom
                0x000000000603aa2e                PCM_EndCheck
                0x000000000603aaea                RetPCMBuf
                0x000000000603ab84                PCM_Buf
                0x000000000603ac24                Sound_Buf
 *fill*         0x000000000603aca4        0xc 
 SLPROG         0x000000000603acb0       0x10 /joe/Compiler/COMMON/SGL_302j/LIB_ELF/LIBSGL.A(sglI04.o)
                0x000000000603acb0                slIntFunction
 SLPROG         0x000000000603acc0       0x74 /joe/Compiler/COMMON/SGL_302j/LIB_ELF/LIBSGL.A(sglJ00.o)
                0x000000000603acc0                InitSlaveSH
                0x000000000603ad28                SlaveCommand
 *fill*         0x000000000603ad34        0xc 
 SLPROG         0x000000000603ad40      0x3d0 /joe/Compiler/COMMON/SGL_302j/LIB_ELF/LIBSGL.A(sglJ01.o)
                0x000000000603ad40                SlaveControl
                0x000000000603b0fc                ErasePolygonData
 SLPROG         0x000000000603b110     0x12b8 /joe/Compiler/COMMON/SGL_302j/LIB_ELF/LIBSGL.A(sglJ02.o)
                0x000000000603b110                sbMakePolygon
                0x000000000603b2f8                sbCalcPolygon
                0x000000000603c030                SetTexture
                0x000000000603c03c                SetPolygon
                0x000000000603c044                SetPosition
                0x000000000603c07c                stvtc_4
                0x000000000603c134                stvtc_3
                0x000000000603c344                stvtc_1
                0x000000000603c358                stvtc_2
                0x000000000603c36c                stvtc_0
 *fill*         0x000000000603c3c8        0x8 
 SLPROG         0x000000000603c3d0      0x140 /joe/Compiler/COMMON/SGL_302j/LIB_ELF/LIBSGL.A(sglJ03.o)
                0x000000000603c3d0                sbMakeDMATable
 SLPROG         0x000000000603c510      0x470 /joe/Compiler/COMMON/SGL_302j/LIB_ELF/LIBSGL.A(sglJ04.o)
                0x000000000603c56e                sbMakeSprite
                0x000000000603c5d4                sbMakeRotSprite
 SLPROG         0x000000000603c980       0x3c /joe/Compiler/COMMON/SGL_302j/LIB_ELF/LIBSGL.A(sglJ05.o)
                0x000000000603c980                sbSortEntry
 *fill*         0x000000000603c9bc        0x4 
 SLPROG         0x000000000603c9c0      0x4b8 /joe/Compiler/COMMON/SGL_302j/LIB_ELF/LIBSGL.A(sglM00.o)
                0x000000000603c9c0                slInitGouraud
                0x000000000603cab4                slPutPolygonX
                0x000000000603cafa                slGouraudTblCopy
                0x000000000603cb52                slSetGouraudTbl
                0x000000000603cb58                slSetGouraudColor
                0x000000000603cbd0                slSetAmbient
                0x000000000603cbf4                slSetFlatColor
 *fill*         0x000000000603ce78        0x8 
 SLPROG         0x000000000603ce80       0x6a /joe/Compiler/COMMON/SGL_302j/LIB_ELF/LIBSGL.A(sglM01.o)
                0x000000000603ce80                slSetDepthLimit
                0x000000000603ceac                slSetDepthTbl
                0x000000000603cedc                DepthWorkArea
 *fill*         0x000000000603ceea        0x6 
 SLPROG         0x000000000603cef0       0x20 /joe/Compiler/COMMON/SGL_302j/LIB_ELF/LIBSGL.A(sglA00.o)
                0x000000000603cef0                set_imask
                0x000000000603cef0                _builtin_set_imask
                0x000000000603cf04                get_imask
                0x000000000603cf04                _builtin_get_imask
 SLPROG         0x000000000603cf10     0x215c /joe/Compiler/COMMON/SGL_302j/LIB_ELF/LIBSGL.A(sglA03.o)
                0x000000000603cf10                slTan
 *fill*         0x000000000603f06c        0x4 
 SLPROG         0x000000000603f070       0x34 /joe/Compiler/COMMON/SGL_302j/LIB_ELF/LIBSGL.A(sglA10.o)
                0x000000000603f070                slSquartDbl
 *fill*         0x000000000603f0a4        0xc 
 SLPROG         0x000000000603f0b0      0x3c2 /joe/Compiler/COMMON/SGL_302j/LIB_ELF/LIBSGL.A(sglA24.o)
                0x000000000603f0b0                slInversMatrix
 *fill*         0x000000000603f472        0xe 
 SLPROG         0x000000000603f480       0x24 /joe/Compiler/COMMON/SGL_302j/LIB_ELF/LIBSGL.A(sglA25.o)
                0x000000000603f480                slTransposeMatrix
 *fill*         0x000000000603f4a4        0xc 
 SLPROG         0x000000000603f4b0      0xbd0 /joe/Compiler/COMMON/SGL_302j/LIB_ELF/LIBSGL.A(sglB000.o)
                0x000000000603f4b0                slInitScroll
                0x000000000603f5d0                setASC_1to8
                0x000000000603f600                setASC_4to8
                0x000000000603f710                TVSizeTbl
                0x000000000603f790                TVModeTbl
                0x000000000603f968                SGL_ASCII_CG
 SLPROG         0x0000000006040080      0x134 /joe/Compiler/COMMON/SGL_302j/LIB_ELF/LIBSGL.A(sglC00.o)
                0x0000000006040080                slInitSprite
 *fill*         0x00000000060401b4        0xc 
 SLPROG         0x00000000060401c0       0xac /joe/Compiler/COMMON/SGL_302j/LIB_ELF/LIBSGL.A(sglC13.o)
                0x00000000060401c0                slPutPolygonS
 *fill*         0x000000000604026c        0x4 
 SLPROG         0x0000000006040270       0xc0 /joe/Compiler/COMMON/SGL_302j/LIB_ELF/LIBSGL.A(sglD19.o)
                0x0000000006040270                DMA_ScuMemCopy
 SLPROG         0x0000000006040330      0x75c /joe/Compiler/COMMON/SGL_302j/LIB_ELF/LIBSGL.A(sglI00.o)
                0x0000000006040620                slInitInterrupt
 *fill*         0x0000000006040a8c        0x4 
 SLPROG         0x0000000006040a90       0xf0 /joe/Compiler/COMMON/SGL_302j/LIB_ELF/LIBSGL.A(sglH03.o)
                0x0000000006040af4                slSmpcIntBack