Archive member included to satisfy reference by file (symbol)

/joengine/Compiler/COMMON/SGL_302j/LIB_ELF/SEGA_SYS.A(sys_exit.o)
                              /work/jo_engine/core.o (symbol from plugin) (SYS_Exit)
/joengine/Compiler/COMMON/SGL_302j/LIB_ELF/SEGA_SYS.A(sys_sub.o)
                              /joengine/Compiler/COMMON/SGL_302j/LIB_ELF/SEGA_SYS.A(sys_exit.o) (SYSUB_SetStackptr)
/joengine/Compiler/COMMON/SGL_302j/LIB_ELF/LIBCD.A(CDC_CMN.O)
                              /joengine/Compiler/COMMON/SGL_302j/LIB_ELF/SEGA_SYS.A(sys_exit.o) (CDC_GetCurStat)
/joengine/Compiler/COMMON/SGL_302j/LIB_ELF/LIBCD.A(CDC_DRV.O)
                              pcmsys.o (symbol from plugin) (CDC_CdPlay)
/joengine/Compiler/COMMON/SGL_302j/LIB_ELF/LIBCD.A(CDC_CFS.O)
                              /joengine/Compiler/COMMON/SGL_302j/LIB_ELF/SEGA_SYS.A(sys_exit.o) (CDC_ChgDir)
/joengine/Compiler/COMMON/SGL_302j/LIB_ELF/LIBCD.A(CDC_REG.O)
                              /joengine/Compiler/COMMON/SGL_302j/LIB_ELF/SEGA_SYS.A(sys_exit.o) (CDC_GetHirqReq)
/joengine/Compiler/COMMON/SGL_302j/LIB_ELF/LIBCD.A(CDC_SUB.O)
                              /joengine/Compiler/COMMON/SGL_302j/LIB_ELF/LIBCD.A(CDC_CMN.O) (CDSUB_UpdStatus)
/joengine/Compiler/COMMON/SGL_302j/LIB_ELF/LIBCD.A(GFS.O)
                              pcmsys.o (symbol from plugin) (GFS_Init)
/joengine/Compiler/COMMON/SGL_302j/LIB_ELF/LIBCD.A(GFS_BUF.O)
                              /joengine/Compiler/COMMON/SGL_302j/LIB_ELF/LIBCD.A(GFS.O) (GFBF_GetNumData)
/joengine/Compiler/COMMON/SGL_302j/LIB_ELF/LIBCD.A(GFS_CDB.O)
                              /joengine/Compiler/COMMON/SGL_302j/LIB_ELF/LIBCD.A(GFS.O) (GFCB_Close)
/joengine/Compiler/COMMON/SGL_302j/LIB_ELF/LIBCD.A(GFS_CDC.O)
                              /joengine/Compiler/COMMON/SGL_302j/LIB_ELF/LIBCD.A(GFS.O) (GFCD_SetCdbfs)
/joengine/Compiler/COMMON/SGL_302j/LIB_ELF/LIBCD.A(GFS_CDF.O)
                              /joengine/Compiler/COMMON/SGL_302j/LIB_ELF/LIBCD.A(GFS.O) (GFCF_Init)
/joengine/Compiler/COMMON/SGL_302j/LIB_ELF/LIBCD.A(GFS_DIR.O)
                              /joengine/Compiler/COMMON/SGL_302j/LIB_ELF/LIBCD.A(GFS.O) (GFDR_SetupDirTbl)
/joengine/Compiler/COMMON/SGL_302j/LIB_ELF/LIBCD.A(GFS_TRN.O)
                              /joengine/Compiler/COMMON/SGL_302j/LIB_ELF/LIBCD.A(GFS.O) (GFTR_Setup)
/joengine/Compiler/COMMON/SGL_302j/LIB_ELF/LIBCD.A(CDC_DEV.O)
                              /joengine/Compiler/COMMON/SGL_302j/LIB_ELF/LIBCD.A(GFS_CDC.O) (CDC_CdSetCon)
/joengine/Compiler/COMMON/SGL_302j/LIB_ELF/LIBCD.A(CDC_SEL.O)
                              /joengine/Compiler/COMMON/SGL_302j/LIB_ELF/LIBCD.A(GFS_CDC.O) (CDC_SetFiltRange)
/joengine/Compiler/COMMON/SGL_302j/LIB_ELF/LIBCD.A(CDC_BIF.O)
                              /joengine/Compiler/COMMON/SGL_302j/LIB_ELF/LIBCD.A(GFS_CDC.O) (CDC_GetBufSiz)
/joengine/Compiler/COMMON/SGL_302j/LIB_ELF/LIBCD.A(CDC_BIO.O)
                              /joengine/Compiler/COMMON/SGL_302j/LIB_ELF/LIBCD.A(GFS_CDC.O) (CDC_SetSctLen)
/joengine/Compiler/COMMON/SGL_302j/LIB_ELF/LIBSGL.A(sglA01.o)
                              /work/jo_engine/math.o (symbol from plugin) (slSin)
/joengine/Compiler/COMMON/SGL_302j/LIB_ELF/LIBSGL.A(sglA15.o)
                              /work/jo_engine/slave.o (symbol from plugin) (slSlaveFunc)
/joengine/Compiler/COMMON/SGL_302j/LIB_ELF/LIBSGL.A(sglA16.o)
                              main.o (symbol from plugin) (slLookAt)
/joengine/Compiler/COMMON/SGL_302j/LIB_ELF/LIBSGL.A(sglA17.o)
                              /joengine/Compiler/COMMON/SGL_302j/LIB_ELF/LIBSGL.A(sglA16.o) (slRotZ)
/joengine/Compiler/COMMON/SGL_302j/LIB_ELF/LIBSGL.A(sglA18.o)
                              main.o (symbol from plugin) (slRotY)
/joengine/Compiler/COMMON/SGL_302j/LIB_ELF/LIBSGL.A(sglA19.o)
                              main.o (symbol from plugin) (slRotX)
/joengine/Compiler/COMMON/SGL_302j/LIB_ELF/LIBSGL.A(sglA20.o)
                              main.o (symbol from plugin) (slUnitMatrix)
/joengine/Compiler/COMMON/SGL_302j/LIB_ELF/LIBSGL.A(sglA21.o)
                              main.o (symbol from plugin) (slPushMatrix)
/joengine/Compiler/COMMON/SGL_302j/LIB_ELF/LIBSGL.A(sglA27.o)
                              /joengine/Compiler/COMMON/SGL_302j/LIB_ELF/LIBSGL.A(sglA16.o) (slTranslate)
/joengine/Compiler/COMMON/SGL_302j/LIB_ELF/LIBSGL.A(sglA28.o)
                              main.o (symbol from plugin) (slScale)
/joengine/Compiler/COMMON/SGL_302j/LIB_ELF/LIBSGL.A(sglA40.o)
                              main.o (symbol from plugin) (slCalcVector)
/joengine/Compiler/COMMON/SGL_302j/LIB_ELF/LIBSGL.A(sglB001.o)
                              main.o (symbol from plugin) (slTVOn)
/joengine/Compiler/COMMON/SGL_302j/LIB_ELF/LIBSGL.A(sglB011.o)
                              /work/jo_engine/vdp2.o (symbol from plugin) (slBitMapNbg1)
/joengine/Compiler/COMMON/SGL_302j/LIB_ELF/LIBSGL.A(sglB014.o)
[...]
Memory Configuration

Name             Origin             Length             Attributes
*default*        0x0000000000000000 0xffffffffffffffff

Linker script and memory map


SLSTART         0x0000000006004000       0x30
                0x0000000006004000                ___Start = .
 *(SLSTART)
 SLSTART        0x0000000006004000       0x28 /joengine/Compiler/COMMON/SGL_302j/LIB_ELF/LIBSGL.A(sglI00.o)
                0x0000000006004000                SGL_Start
                0x0000000006004002                slStartSGL

.text           0x0000000006004040    0x20480
 *(.text)
 .text          0x0000000006004040        0x0 /joengine/Compiler/COMMON/SGL_302j/LIB_ELF/SGLAREA.O
 .text          0x0000000006004040     0x86bc /tmp/ccxTIe74.ltrans0.ltrans.o
                0x00000000060044f0                jo_sprite_draw.constprop.53
                0x00000000060045fc                jo_nbg2_print.constprop.38
                0x0000000006004660                render_CLUT_sprite_MESH.constprop.37
                0x00000000060046ac                __jo_core_set_screens_order.constprop.36
                0x0000000006004764                CDDAPlaySingle.constprop.31
                0x00000000060047a0                jo_vdp2_clear_bitmap_nbg1.constprop.23
                0x000000000600480c                jo_vdp2_malloc
                0x0000000006004950                jo_vdp2_free
                0x0000000006004a9c                jo_nbg2_clear
                0x0000000006004ac8                jo_vdp2_disable_rbg0
                0x0000000006004b24                __jo_create_map.lto_priv.629
                0x0000000006004b84                jo_img_to_vdp2_cells
                0x0000000006004bfe                jo_set_default_background_color
                0x0000000006004e6a                jo_free
                0x0000000006004e90                jo_backup_unmount.constprop.12
                0x0000000006004f34                jo_sprite_free_from
                0x0000000006004ff0                jo_malloc_with_behaviour
                0x0000000006005430                load_textures.constprop.25
                0x000000000600546c                jo_backup_mount.constprop.7
                0x000000000600562c                jo_random
                0x00000000060056a4                jo_atan2f_rad
                0x0000000006005840                jo_fixed_cos
                0x000000000600589c                jo_fixed_sin
                0x0000000006005b94                __jo_tga_any_loader
                0x0000000006005cd0                jo_sprite_add_tga.constprop.24
                0x0000000006005dac                _lseek
                0x0000000006005db0                _isatty
                0x0000000006005db4                _fstat
                0x0000000006005db8                _close
                0x0000000006005dbc                _write
                0x0000000006005dc0                _read
                0x0000000006005dc4                _realloc_r
                0x0000000006005e30                _calloc_r
                0x0000000006005e60                _free_r
                0x0000000006005e74                _malloc_r
                0x0000000006005ed6                mnet_log
                0x0000000006005f6c                mnet_init
                0x0000000006006670                confirm_name.lto_priv.628
                0x0000000006006920                CDDAStop
                0x000000000600693c                pcm_cease
                0x0000000006006964                pcm_play
                0x00000000060069c0                has_object_collision
                0x0000000006006a66                object_viewer.part.12
                0x00000000060076a0                mnet_client_log
                0x0000000006007730                load_binary.constprop.29
                0x0000000006008178                player_select.part.18
                0x00000000060095ac                mnet_send_disconnect
                0x00000000060096ec                lobby_screen
                0x0000000006009ed8                mnet_tick
                0x000000000600adf8                my_gamepad.part.16
                0x000000000600c430                modem_dial.lto_priv.623
                0x000000000600c4d4                modem_init.lto_priv.627
                0x000000000600c578                modem_probe.lto_priv.625
 .text          0x000000000600c6fc     0xa1ec /tmp/ccxTIe74.ltrans1.ltrans.o
                0x000000000600cde0                my_vblank
                0x000000000600d024                set_palette
                0x000000000600d03c                change_player_palette
                0x000000000600d12c                load_preview
                0x000000000600d168                load_level
                0x000000000600d238                load_car
                0x000000000600d3b0                move_camera
                0x000000000600d9cc                computeLight
                0x000000000600da40                getSeconds
                0x000000000600dac0                init_1p_display
                0x000000000600db48                stop_engine_sound
                0x000000000600dbb4                stop_sounds
                0x000000000600df10                render_CLUT_sprite
                0x000000000600ec30                ztClearText
                0x000000000600ef0c                transition_to_title_screen
                0x000000000600fb50                mmm_get_p2_port
                0x000000000600fd62                saturn_uart_detect.lto_priv.527
                0x000000000600fde2                saturn_uart_reg_write.lto_priv.529.lto_priv.576
                0x000000000600fdfc                saturn_uart_reg_read.lto_priv.531.lto_priv.577
                0x000000000600fe18                saturn_transport_rx_byte.lto_priv.540
                0x000000000600fe24                saturn_uart_read_iir.lto_priv.509.lto_priv.568
                0x000000000600fe30                saturn_uart_read_msr.lto_priv.511.lto_priv.569
                0x000000000600fe3c                saturn_uart_read_lsr.lto_priv.513.lto_priv.570
                0x000000000600fe48                saturn_uart_clear_errors.lto_priv.515.lto_priv.571
                0x000000000600fe68                saturn_uart_rx_error.lto_priv.517.lto_priv.572
                0x000000000600fe80                saturn_uart_rx_ready.lto_priv.519.lto_priv.573
                0x000000000600fe94                saturn_transport_rx_ready.lto_priv.539
                0x000000000600fea0                saturn_uart_flush_rx.lto_priv.497.lto_priv.561
                0x000000000600fed4                modem_flush_input.lto_priv.490.lto_priv.492
                0x000000000600fee0                saturn_uart_loopback_test.lto_priv.495.lto_priv.563
                0x000000000600ff6c                saturn_uart_read_raw.lto_priv.499.lto_priv.564
                0x000000000600ffec                saturn_uart_getc_timeout.lto_priv.503.lto_priv.565
                0x0000000006010024                modem_read_line.lto_priv.493.lto_priv.559
                0x0000000006010090                saturn_uart_getc.lto_priv.505.lto_priv.566
                0x00000000060100b8                saturn_uart_tx_ready.lto_priv.521.lto_priv.574
                0x00000000060100d0                saturn_uart_putc.lto_priv.507.lto_priv.567
                0x000000000601011c                saturn_transport_send.lto_priv.541
                0x0000000006010160                saturn_uart_puts.lto_priv.501.lto_priv.560
                0x00000000060102e4                modem_escape_to_command.lto_priv.488.lto_priv.558
                0x0000000006010360                saturn_uart_set_baud.lto_priv.525.lto_priv.575
                0x00000000060103b8                saturn_uart_init.lto_priv.523.lto_priv.562
                0x00000000060104d0                saturn_smpc_command.lto_priv.537.lto_priv.579
                0x00000000060104f8                saturn_netlink_smpc_disable.lto_priv.533.lto_priv.578
                0x0000000006010504                saturn_netlink_smpc_enable.lto_priv.535.lto_priv.544
                0x0000000006010554                mnet_encode_lap_complete.lto_priv.371.lto_priv.375
                0x000000000601057a                mnet_encode_client_log.lto_priv.376.lto_priv.551
                0x00000000060105cc                mnet_encode_leaderboard_req.lto_priv.380.lto_priv.384
                0x00000000060105dc                mnet_encode_remove_local_player.lto_priv.385.lto_priv.389
                0x00000000060105ec                mnet_encode_add_local_player.lto_priv.390.lto_priv.550
                0x0000000006010630                mnet_encode_powerup_pickup.lto_priv.394.lto_priv.398
                0x0000000006010644                mnet_encode_player_state_p2.lto_priv.399.lto_priv.552
                0x00000000060106dc                mnet_encode_player_state.lto_priv.403.lto_priv.553
                0x000000000601076c                mnet_encode_input_state_p2.lto_priv.407.lto_priv.411
                0x0000000006010796                mnet_encode_input_state.lto_priv.412.lto_priv.416
                0x00000000060107bc                mnet_encode_car_select.lto_priv.417.lto_priv.421
                0x00000000060107d0                mnet_encode_start_game.lto_priv.422.lto_priv.426
                0x00000000060107e0                mnet_encode_ready.lto_priv.427.lto_priv.431
                0x00000000060107f0                mnet_encode_heartbeat.lto_priv.432.lto_priv.436
                0x0000000006010800                mnet_encode_disconnect.lto_priv.437.lto_priv.441
                0x0000000006010810                mnet_encode_set_username.lto_priv.442.lto_priv.548
                0x0000000006010854                mnet_encode_connect_uuid.lto_priv.446.lto_priv.547
                0x0000000006010872                mnet_encode_connect.lto_priv.450.lto_priv.454
                0x0000000006010880                mnet_read_string.lto_priv.455.lto_priv.549
                0x00000000060108c8                mnet_rx_init.lto_priv.463.lto_priv.467
                0x00000000060108d6                net_transport_is_connected.lto_priv.472.lto_priv.555
                0x00000000060108ec                net_transport_send.lto_priv.476.lto_priv.545
                0x00000000060133c0                mnet_send_frame.lto_priv.468.lto_priv.554
                0x00000000060133f8                net_transport_rx_byte.lto_priv.480.lto_priv.556
                0x000000000601340a                net_transport_rx_ready.lto_priv.484.lto_priv.557
                0x000000000601341c                mnet_rx_poll.lto_priv.459.lto_priv.546
                0x00000000060134b4                get_gbr.lto_priv.54.lto_priv.82
                0x00000000060134ba                set_gbr.lto_priv.83.lto_priv.111
                0x00000000060134c0                get_vbr.lto_priv.112.lto_priv.140
                0x00000000060134c6                set_vbr.lto_priv.141.lto_priv.169
                0x00000000060134cc                set_imask.lto_priv.170.lto_priv.542
                0x00000000060134e0                get_imask.lto_priv.198.lto_priv.543
                0x00000000060134ea                get_sr.lto_priv.226.lto_priv.254
                0x00000000060134f0                set_sr.lto_priv.255.lto_priv.283
                0x00000000060134f6                tas.lto_priv.284.lto_priv.312
                0x00000000060134fe                sleep.lto_priv.313.lto_priv.341
                0x0000000006013504                nop.lto_priv.342.lto_priv.370
                0x000000000601350a                init_3d_planes
                0x0000000006013fb0                gameLoop
                0x0000000006016428                mmm_online_start_race
 *fill*         0x00000000060168e8        0x8 
 .text          0x00000000060168f0      0x238 /joengine/Compiler/COMMON/SGL_302j/LIB_ELF/SEGA_SYS.A(sys_exit.o)
                0x00000000060168f0                sys_version
                0x0000000006016910                SYS_Exit
 *fill*         0x0000000006016b28        0x8 
 .text          0x0000000006016b30        0x6 /joengine/Compiler/COMMON/SGL_302j/LIB_ELF/SEGA_SYS.A(sys_sub.o)
                0x0000000006016b30                SYSUB_SetStackptr
 *fill*         0x0000000006016b36        0xa 
 .text          0x0000000006016b40      0x3a0 /joengine/Compiler/COMMON/SGL_302j/LIB_ELF/LIBCD.A(CDC_CMN.O)
                0x0000000006016b40                CDC_GetCurStat
                0x0000000006016b90                CDC_GetLastStat
                0x0000000006016ba8                CDC_GetPeriStat
                0x0000000006016c7c                CDC_GetHwInfo
                0x0000000006016ce4                CDC_TgetToc
                0x0000000006016d34                CDC_GetSes
                0x0000000006016d70                CDC_CdInit
                0x0000000006016df4                CDC_CdOpen
                0x0000000006016e1c                CDC_DataReady
                0x0000000006016e88                CDC_DataEnd
 .text          0x0000000006016ee0      0x130 /joengine/Compiler/COMMON/SGL_302j/LIB_ELF/LIBCD.A(CDC_DRV.O)
                0x0000000006016ee0                CDC_CdPlay
                0x0000000006016fac                CDC_CdSeek
                0x0000000006016fe0                CDC_CdScan
 .text          0x0000000006017010      0x194 /joengine/Compiler/COMMON/SGL_302j/LIB_ELF/LIBCD.A(CDC_CFS.O)
                0x0000000006017010                CDC_ChgDir
                0x0000000006017044                CDC_ReadDir
                0x0000000006017078                CDC_GetFileScope
                0x00000000060170d8                CDC_TgetFileInfo
                0x0000000006017134                CDC_ReadFile
                0x0000000006017168                CDC_AbortFile
 *fill*         0x00000000060171a4        0xc 
 .text          0x00000000060171b0      0x2dc /joengine/Compiler/COMMON/SGL_302j/LIB_ELF/LIBCD.A(CDC_REG.O)
                0x00000000060171b0                CDC_GetDataPtr
                0x00000000060171c0                CDC_GetHirqReq
                0x00000000060171d4                CDC_ClrHirqReq
                0x0000000006017204                CDREG_ClrHirqReq
                0x0000000006017214                CDREG_InitHirqReq
                0x000000000601723c                CDREG_SetHirqFlag
                0x0000000006017250                CDC_GetHirqMsk
                0x0000000006017264                CDC_SetHirqMsk
                0x0000000006017274                CDC_GetMpegPtr
                0x0000000006017284                CDREG_TgetData
                0x00000000060172e0                CDREG_CmdRsp
                0x00000000060173e0                CDREG_WaitHirq
                0x0000000006017450                CDREG_ReadRsp
 *fill*         0x000000000601748c        0x4 
 .text          0x0000000006017490      0x152 /joengine/Compiler/COMMON/SGL_302j/LIB_ELF/LIBCD.A(CDC_SUB.O)
                0x0000000006017490                CDSUB_UpdStatus
                0x00000000060174a8                CDSUB_UpdCdstat
                0x00000000060174c8                CDSUB_CdCmd
                0x0000000006017538                CDSUB_GetCdstat
                0x0000000006017578                CDSUB_RspToCdstat
                0x00000000060175c0                CDSUB_SoftTimer
 *fill*         0x00000000060175e2        0xe 
 .text          0x00000000060175f0     0x1adc /joengine/Compiler/COMMON/SGL_302j/LIB_ELF/LIBCD.A(GFS.O)
                0x00000000060175f0                gfs_version
                0x0000000006017610                GFS_Init
                0x00000000060176f8                GFS_LoadDir
                0x00000000060177a0                GFS_SetDir
                0x0000000006017808                GFS_NameToId
                0x000000000601786c                GFS_IdToName
                0x00000000060178d8                GFS_GetDirInfo
                0x0000000006017948                GFS_Reset
                0x00000000060179cc                GFS_Open
                0x0000000006017a80                GFS_Close
                0x0000000006017ab8                GFS_Seek
                0x0000000006017b6c                GFS_Tell
                0x0000000006017bbc                GFS_IsEof
                0x0000000006017c10                GFS_ByteToSct
                0x0000000006017c6c                GFS_GetFileSize
                0x0000000006017cc8                GFS_GetFileInfo
                0x0000000006017d3c                GFS_GetNumCdbuf
                0x0000000006017d64                GFS_Load
                0x0000000006017e28                GFS_Fread
                0x0000000006017ec4                gfs_waitRead
                0x0000000006017f6c                GFS_NwFread
                0x0000000006018078                GFS_NwCdRead
                0x00000000060180f0                GFS_NwIsComplete
                0x0000000006018128                GFS_NwStop
                0x0000000006018194                GFS_NwGetStat
                0x0000000006018210                gfs_recovRdErr
                0x0000000006018240                GFS_NwExecOne
                0x0000000006018300                GFS_NwExecServer
                0x000000000601837c                GFS_SetGmode
                0x00000000060183e0                GFS_SetTmode
                0x000000000601844c                GFS_SetReadPara
                0x00000000060184b0                GFS_SetTransPara
                0x000000000601851c                GFS_SetTrFunc
                0x0000000006018580                GFS_StartTrans
                0x00000000060185cc                GFS_CdMovePickup
                0x0000000006018638                GFS_SetErrFunc
                0x0000000006018664                GFS_GetErrStat
                0x0000000006018688                GFS_ConvTno
                0x00000000060186b0                gfs_chgRoot
                0x000000000601877c                gfs_aborttrans
                0x0000000006018788                gfs_mngSetupFuncTbl
                0x00000000060187bc                gfs_mngInitWork
                0x0000000006018860                gfs_mngGetNumFile
                0x00000000060188c8                GFS_mngAllocGrp
                0x0000000006018910                gfs_mngFreeGrp
                0x000000000601891c                gfs_mngTermAccess
                0x00000000060189a0                gfs_mngSetErrCode
                0x0000000006018a20                gfs_svrSearchHndl
                0x0000000006018a60                gfs_svrAddHndl
                0x0000000006018a9c                gfs_svrRemoveHndl
                0x0000000006018af8                GFS_OpenSub
                0x0000000006018b50                gfs_loadVol
                0x0000000006018c14                gfs_getRootDir
                0x0000000006018d10                gfs_loadRootDir
                0x0000000006018d98                gfs_flowIn
                0x0000000006018e40                gfs_transData
                0x0000000006018ee4                GFS_GetFad
                0x0000000006018f3c                gfs_SetSct
                0x0000000006018f7c                gfs_GetFinfo
                0x0000000006018fbc                gfs_closeSub
                0x0000000006018ff8                gfs_getGmode
                0x0000000006019004                gfs_isTaskDone
                0x0000000006019058                gfs_convFinStat
 *fill*         0x00000000060190cc        0x4 
 .text          0x00000000060190d0      0x106 /joengine/Compiler/COMMON/SGL_302j/LIB_ELF/LIBCD.A(GFS_BUF.O)
                0x0000000006019100                GFBF_GetTranData
                0x0000000006019128                GFBF_GetNumData
                0x0000000006019158                GFBF_GetSrcPk
                0x0000000006019180                GFBF_GetSctData
                0x00000000060191a4                GFBF_RtnPk
                0x00000000060191cc                gfbf_getSctDt
 *fill*         0x00000000060191d6        0xa 
 .text          0x00000000060191e0      0x600 /joengine/Compiler/COMMON/SGL_302j/LIB_ELF/LIBCD.A(GFS_CDB.O)
                0x00000000060191e0                GFCB_Setup
                0x0000000006019300                GFCB_Close
                0x0000000006019328                GFCB_GetLenData
                0x00000000060193d4                GFCB_GetLenRoom
                0x00000000060193e0                GFCB_SetFilt
                0x0000000006019448                GFCB_DeleteAllData
                0x0000000006019470                GFCB_Tell
                0x0000000006019480                gfcb_getSctNum
                0x00000000060194d0                GFCB_Seek
                0x00000000060195cc                GFCB_GetSrcPack
                0x00000000060196ac                GFCB_GetSctData
                0x00000000060196e4                GFCB_GetDstPack
                0x00000000060196f0                GFCB_RtnPk
                0x0000000006019738                GFCB_MovePickup
                0x0000000006019754                GFCB_SetCon
                0x0000000006019788                GFCB_GetPickup
                0x00000000060197b0                GFCB_IsPuOwner
                0x00000000060197c8                GFCB_UngetPickup
 .text          0x00000000060197e0     0x1a10 /joengine/Compiler/COMMON/SGL_302j/LIB_ELF/LIBCD.A(GFS_CDC.O)
                0x00000000060197e0                GFCD_SetCdbfs
                0x000000000601980c                GFCD_Init
                0x0000000006019a10                GFCD_AllocFilt
                0x0000000006019a4c                GFCD_FreeFilt
                0x0000000006019a7c                GFCD_AllocBuf
                0x0000000006019ab0                GFCD_FreeBuf
                0x0000000006019b54                GFCD_GetBaseFad
                0x0000000006019b88                GFCD_GetPickup
                0x0000000006019bbc                GFCD_UngetPickup
                0x0000000006019be8                GFCD_IsPuOwner
                0x0000000006019c0c                GFCD_SetFilt
                0x0000000006019cd0                GFCD_GetFilt
                0x0000000006019d18                GFCD_SetCon
                0x0000000006019d70                GFCD_Play
                0x0000000006019dd0                GFCD_GetLenData
                0x0000000006019e38                GFCD_ReqData
                0x0000000006019e94                GFCD_EndData
                0x0000000006019edc                GFCD_DelSctData
                0x0000000006019f34                GFCD_CheckDelSctData
                0x0000000006019f64                GFCD_GetStat
                0x000000000601a018                GFCD_MovePickup
                0x000000000601a064                GFCD_MoveSctData
                0x000000000601a0d8                GFCD_CheckMove
                0x000000000601a0fc                GFCD_GetSctInfo
                0x000000000601a144                GFCD_ChgDir
                0x000000000601a1b8                GFCD_SetFiltCon
                0x000000000601a2a0                GFCD_GetFileInfo
                0x000000000601a37c                GFCD_GetBufSiz
                0x000000000601a3b4                GFCD_ExecServer
                0x000000000601a488                gfcd_isIdleTask
                0x000000000601a514                gfcd_doTask
                0x000000000601a5c0                GFCD_SetTimer
                0x000000000601a5d4                GFCD_WaitServer
                0x000000000601a610                gfcd_doSetFiltTsk
                0x000000000601a7d4                gfcd_doSetConTsk
                0x000000000601a864                gfcd_doGetLenDataTsk
                0x000000000601a9b8                gfcd_doReqDataTsk
                0x000000000601aa58                gfcd_doDelSctDataTsk
                0x000000000601ab8c                gfcd_doMoveSctTsk
                0x000000000601acf0                gfcd_doChgDirTsk
                0x000000000601aeec                gfcd_doSetFiltConTsk
                0x000000000601b030                gfcd_checkEflag
                0x000000000601b054                gfcd_initCdbMng
                0x000000000601b0d4                gfcd_setStat
                0x000000000601b100                GFCD_SetCsctFunc
                0x000000000601b11c                GFCD_ChkScdqFlag
                0x000000000601b140                GFCD_ClrScdqFlag
                0x000000000601b15c                GFCD_WaitScdqFlag
                0x000000000601b1a0                GFCD_WaitPause
 .text          0x000000000601b1f0      0x8d8 /joengine/Compiler/COMMON/SGL_302j/LIB_ELF/LIBCD.A(GFS_CDF.O)
                0x000000000601b1f0                GFCF_Init
                0x000000000601b290                GFCF_Setup
                0x000000000601b3d8                GFCF_SetSct
                0x000000000601b41c                GFCF_GetFileInfo
                0x000000000601b490                GFCF_FlowInBuf
                0x000000000601b5e4                GFCF_StopInBuf
                0x000000000601b684                GFCF_Recover
                0x000000000601b6cc                GFCF_Tell
                0x000000000601b6e4                GFCF_Seek
                0x000000000601b6fc                GFCF_MovePickup
                0x000000000601b798                GFCF_cnvIntlvOfs
                0x000000000601b7ec                GFCF_GetStat
                0x000000000601b884                gfcf_getSctSize
                0x000000000601b8c0                gfcf_isCdOk
                0x000000000601b980                gfcf_getPlayRange
 *fill*         0x000000000601bac8        0x8 
 .text          0x000000000601bad0      0x92c /joengine/Compiler/COMMON/SGL_302j/LIB_ELF/LIBCD.A(GFS_DIR.O)
                0x000000000601bad0                GFDR_SetupDirTbl
                0x000000000601bb44                GFDR_NameToId
                0x000000000601bba4                GFDR_GetInfoDirId
                0x000000000601bbb8                GFDR_GetInfoDirName
                0x000000000601bbcc                GFDR_GetAtrDirId
                0x000000000601bbe4                GFDR_GetAtrDirName
                0x000000000601bbfc                GFDR_ChgRoot
                0x000000000601bc14                GFDR_ChgDir
                0x000000000601bc88                gfdr_setupDirIdTbl
                0x000000000601bd0c                gfdr_setupDirNameTbl
                0x000000000601bdb8                gfdr_open
                0x000000000601bde0                gfdr_read
                0x000000000601bea0                gfdr_readByte
                0x000000000601becc                gfdr_readWord
                0x000000000601bef8                gfdr_readWordNB
                0x000000000601bf4c                gfdr_readLongNB
                0x000000000601bf98                gfdr_readLongNM
                0x000000000601bfc0                gfdr_setNextRec
                0x000000000601c044                gfdr_readDirEnt
                0x000000000601c3c0                gfdr_setDirrecCd
 *fill*         0x000000000601c3fc        0x4 
 .text          0x000000000601c400      0x9c6 /joengine/Compiler/COMMON/SGL_302j/LIB_ELF/LIBCD.A(GFS_TRN.O)
                0x000000000601c430                GFTR_Setup
                0x000000000601c474                GFTR_SetMode
                0x000000000601c488                GFTR_SetUnit
                0x000000000601c494                GFTR_SetTransPara
                0x000000000601c4c8                GFTR_GetTransPara
                0x000000000601c4d4                GFTR_GetNumTrans
                0x000000000601c4e0                GFTR_SetTransMax
                0x000000000601c4ec                GFTR_Start
                0x000000000601c4f8                GFTR_Pause
                0x000000000601c504                GFTR_Stop
                0x000000000601c5bc                GFTR_Exec
                0x000000000601c640                GFTR_Idle
                0x000000000601c6b8                GFTR_ExecSvr
                0x000000000601c7c0                gftr_getSrcPack
                0x000000000601c848                gftr_getDstPack
                0x000000000601c8a4                gftr_reqScu
                0x000000000601c8b0                gftr_execScu
                0x000000000601c94c                gftr_remScu
                0x000000000601c980                gfdma_canUse
                0x000000000601c98c                gfdma_exec
                0x000000000601c9fc                gfdma_getBytecnt
                0x000000000601ca34                gftr_reqDma0
                0x000000000601ca4c                gftr_execSdma0
                0x000000000601ca70                gftr_remDma0
                0x000000000601ca88                gftr_reqDma1
                0x000000000601caa0                gftr_execSdma1
                0x000000000601cac4                gftr_remDma1
                0x000000000601cadc                gftr_reqCpu
                0x000000000601cae8                gftr_execCpu
                0x000000000601cb28                gftr_remCpu
                0x000000000601cb34                gftr_reqTrn
                0x000000000601cba4                gftr_execTrn
                0x000000000601cc7c                gftr_remTrn
                0x000000000601ccf0                gftr_copyFrac
                0x000000000601cd18                GFTR_GetLenData
                0x000000000601cd24                GFTR_GetLenRoom
                0x000000000601cd3c                GFTR_GetDstPack
                0x000000000601cd70                GFTR_RtnDstPk
                0x000000000601cd8c                GFTR_GetData
                0x000000000601cda0                GFTR_SetData
                0x000000000601cdb4                GFTR_SetTransFunc
 *fill*         0x000000000601cdc6        0xa 
 .text          0x000000000601cdd0       0xa8 /joengine/Compiler/COMMON/SGL_302j/LIB_ELF/LIBCD.A(CDC_DEV.O)
                0x000000000601cdd0                CDC_CdSetCon
                0x000000000601ce00                CDC_CdGetCon
                0x000000000601ce3c                CDC_CdGetLastBuf
 *fill*         0x000000000601ce78        0x8 
 .text          0x000000000601ce80      0x2b8 /joengine/Compiler/COMMON/SGL_302j/LIB_ELF/LIBCD.A(CDC_SEL.O)
                0x000000000601ce80                CDC_SetFiltRange
                0x000000000601ceb4                CDC_GetFiltRange
                0x000000000601cf0c                CDC_SetFiltSubh
                0x000000000601cf7c                CDC_GetFiltSubh
                0x000000000601cff8                CDC_SetFiltMode
                0x000000000601d02c                CDC_GetFiltMode
                0x000000000601d070                CDC_SetFiltCon
                0x000000000601d0b0                CDC_GetFiltCon
                0x000000000601d104                CDC_ResetSelector
 *fill*         0x000000000601d138        0x8 
 .text          0x000000000601d140      0x270 /joengine/Compiler/COMMON/SGL_302j/LIB_ELF/LIBCD.A(CDC_BIF.O)
                0x000000000601d140                CDC_GetBufSiz
                0x000000000601d19c                CDC_GetSctNum
                0x000000000601d1e0                CDC_CalActSiz
                0x000000000601d21c                CDC_GetActSiz
                0x000000000601d29c                CDC_GetSctInfo
                0x000000000601d31c                CDC_ExeFadSearch
                0x000000000601d354                CDC_GetFadSearch
 .text          0x000000000601d3b0      0x1e4 /joengine/Compiler/COMMON/SGL_302j/LIB_ELF/LIBCD.A(CDC_BIO.O)
                0x000000000601d3b0                CDC_SetSctLen
                0x000000000601d3e4                CDC_GetSctData
                0x000000000601d420                CDC_DelSctData
                0x000000000601d45c                CDC_GetdelSctData
                0x000000000601d498                CDC_PutSctData
                0x000000000601d4d0                CDC_CopySctData
                0x000000000601d514                CDC_MoveSctData
                0x000000000601d558                CDC_GetCopyErr
 *fill*         0x000000000601d594        0xc 
 .text          0x000000000601d5a0        0x0 /joengine/Compiler/COMMON/SGL_302j/LIB_ELF/LIBSGL.A(sglA01.o)
 .text          0x000000000601d5a0        0x0 /joengine/Compiler/COMMON/SGL_302j/LIB_ELF/LIBSGL.A(sglA15.o)
 .text          0x000000000601d5a0        0x0 /joengine/Compiler/COMMON/SGL_302j/LIB_ELF/LIBSGL.A(sglA16.o)
 .text          0x000000000601d5a0        0x0 /joengine/Compiler/COMMON/SGL_302j/LIB_ELF/LIBSGL.A(sglA17.o)
 .text          0x000000000601d5a0        0x0 /joengine/Compiler/COMMON/SGL_302j/LIB_ELF/LIBSGL.A(sglA18.o)
 .text          0x000000000601d5a0        0x0 /joengine/Compiler/COMMON/SGL_302j/LIB_ELF/LIBSGL.A(sglA19.o)
 .text          0x000000000601d5a0        0x0 /joengine/Compiler/COMMON/SGL_302j/LIB_ELF/LIBSGL.A(sglA20.o)
 .text          0x000000000601d5a0        0x0 /joengine/Compiler/COMMON/SGL_302j/LIB_ELF/LIBSGL.A(sglA21.o)
 .text          0x000000000601d5a0        0x0 /joengine/Compiler/COMMON/SGL_302j/LIB_ELF/LIBSGL.A(sglA27.o)
 .text          0x000000000601d5a0        0x0 /joengine/Compiler/COMMON/SGL_302j/LIB_ELF/LIBSGL.A(sglA28.o)
 .text          0x000000000601d5a0        0x0 /joengine/Compiler/COMMON/SGL_302j/LIB_ELF/LIBSGL.A(sglA40.o)
 .text          0x000000000601d5a0        0x0 /joengine/Compiler/COMMON/SGL_302j/LIB_ELF/LIBSGL.A(sglB001.o)
 .text          0x000000000601d5a0        0x0 /joengine/Compiler/COMMON/SGL_302j/LIB_ELF/LIBSGL.A(sglB011.o)
 .text          0x000000000601d5a0        0x0 /joengine/Compiler/COMMON/SGL_302j/LIB_ELF/LIBSGL.A(sglB014.o)
 .text          0x000000000601d5a0        0x0 /joengine/Compiler/COMMON/SGL_302j/LIB_ELF/LIBSGL.A(sglB015.o)
 .text          0x000000000601d5a0        0x0 /joengine/Compiler/COMMON/SGL_302j/LIB_ELF/LIBSGL.A(sglB016.o)
 .text          0x000000000601d5a0        0x0 /joengine/Compiler/COMMON/SGL_302j/LIB_ELF/LIBSGL.A(sglB020.o)
 .text          0x000000000601d5a0        0x0 /joengine/Compiler/COMMON/SGL_302j/LIB_ELF/LIBSGL.A(sglB021.o)
 .text          0x000000000601d5a0        0x0 /joengine/Compiler/COMMON/SGL_302j/LIB_ELF/LIBSGL.A(sglB023.o)
 .text          0x000000000601d5a0        0x0 /joengine/Compiler/COMMON/SGL_302j/LIB_ELF/LIBSGL.A(sglB031.o)
 .text          0x000000000601d5a0        0x0 /joengine/Compiler/COMMON/SGL_302j/LIB_ELF/LIBSGL.A(sglB032.o)
 .text          0x000000000601d5a0        0x0 /joengine/Compiler/COMMON/SGL_302j/LIB_ELF/LIBSGL.A(sglB033.o)
 .text          0x000000000601d5a0        0x0 /joengine/Compiler/COMMON/SGL_302j/LIB_ELF/LIBSGL.A(sglB034.o)
 .text          0x000000000601d5a0        0x0 /joengine/Compiler/COMMON/SGL_302j/LIB_ELF/LIBSGL.A(sglB035.o)
 .text          0x000000000601d5a0        0x0 /joengine/Compiler/COMMON/SGL_302j/LIB_ELF/LIBSGL.A(sglB036.o)
 .text          0x000000000601d5a0        0x0 /joengine/Compiler/COMMON/SGL_302j/LIB_ELF/LIBSGL.A(sglB038.o)
 .text          0x000000000601d5a0        0x0 /joengine/Compiler/COMMON/SGL_302j/LIB_ELF/LIBSGL.A(sglB039.o)
 .text          0x000000000601d5a0        0x0 /joengine/Compiler/COMMON/SGL_302j/LIB_ELF/LIBSGL.A(sglB040.o)
 .text          0x000000000601d5a0        0x0 /joengine/Compiler/COMMON/SGL_302j/LIB_ELF/LIBSGL.A(sglB041.o)
 .text          0x000000000601d5a0        0x0 /joengine/Compiler/COMMON/SGL_302j/LIB_ELF/LIBSGL.A(sglB042.o)
 .text          0x000000000601d5a0        0x0 /joengine/Compiler/COMMON/SGL_302j/LIB_ELF/LIBSGL.A(sglB043.o)
 .text          0x000000000601d5a0        0x0 /joengine/Compiler/COMMON/SGL_302j/LIB_ELF/LIBSGL.A(sglB044.o)
 .text          0x000000000601d5a0        0x0 /joengine/Compiler/COMMON/SGL_302j/LIB_ELF/LIBSGL.A(sglB045.o)
 .text          0x000000000601d5a0        0x0 /joengine/Compiler/COMMON/SGL_302j/LIB_ELF/LIBSGL.A(sglB047.o)
 .text          0x000000000601d5a0        0x0 /joengine/Compiler/COMMON/SGL_302j/LIB_ELF/LIBSGL.A(sglB048.o)
 .text          0x000000000601d5a0        0x0 /joengine/Compiler/COMMON/SGL_302j/LIB_ELF/LIBSGL.A(sglB055.o)
 .text          0x000000000601d5a0        0x0 /joengine/Compiler/COMMON/SGL_302j/LIB_ELF/LIBSGL.A(sglB056.o)
 .text          0x000000000601d5a0        0x0 /joengine/Compiler/COMMON/SGL_302j/LIB_ELF/LIBSGL.A(sglB057.o)
 .text          0x000000000601d5a0        0x0 /joengine/Compiler/COMMON/SGL_302j/LIB_ELF/LIBSGL.A(sglB058.o)
 .text          0x000000000601d5a0        0x0 /joengine/Compiler/COMMON/SGL_302j/LIB_ELF/LIBSGL.A(sglB059.o)
 .text          0x000000000601d5a0        0x0 /joengine/Compiler/COMMON/SGL_302j/LIB_ELF/LIBSGL.A(sglB060.o)
 .text          0x000000000601d5a0        0x0 /joengine/Compiler/COMMON/SGL_302j/LIB_ELF/LIBSGL.A(sglB063.o)
 .text          0x000000000601d5a0        0x0 /joengine/Compiler/COMMON/SGL_302j/LIB_ELF/LIBSGL.A(sglB087.o)
 .text          0x000000000601d5a0        0x0 /joengine/Compiler/COMMON/SGL_302j/LIB_ELF/LIBSGL.A(sglB088.o)
 .text          0x000000000601d5a0        0x0 /joengine/Compiler/COMMON/SGL_302j/LIB_ELF/LIBSGL.A(sglB090.o)
 .text          0x000000000601d5a0        0x0 /joengine/Compiler/COMMON/SGL_302j/LIB_ELF/LIBSGL.A(sglB200.o)
 .text          0x000000000601d5a0        0x0 /joengine/Compiler/COMMON/SGL_302j/LIB_ELF/LIBSGL.A(sglC01.o)
 .text          0x000000000601d5a0        0x0 /joengine/Compiler/COMMON/SGL_302j/LIB_ELF/LIBSGL.A(sglC03.o)
 .text          0x000000000601d5a0        0x0 /joengine/Compiler/COMMON/SGL_302j/LIB_ELF/LIBSGL.A(sglC04.o)
 .text          0x000000000601d5a0        0x0 /joengine/Compiler/COMMON/SGL_302j/LIB_ELF/LIBSGL.A(sglC05.o)
 .text          0x000000000601d5a0        0x0 /joengine/Compiler/COMMON/SGL_302j/LIB_ELF/LIBSGL.A(sglC06.o)
 .text          0x000000000601d5a0        0x0 /joengine/Compiler/COMMON/SGL_302j/LIB_ELF/LIBSGL.A(sglC07.o)
 .text          0x000000000601d5a0        0x0 /joengine/Compiler/COMMON/SGL_302j/LIB_ELF/LIBSGL.A(sglC08.o)
 .text          0x000000000601d5a0        0x0 /joengine/Compiler/COMMON/SGL_302j/LIB_ELF/LIBSGL.A(sglC14.o)
 .text          0x000000000601d5a0        0x0 /joengine/Compiler/COMMON/SGL_302j/LIB_ELF/LIBSGL.A(sglC16.o)
 .text          0x000000000601d5a0        0x0 /joengine/Compiler/COMMON/SGL_302j/LIB_ELF/LIBSGL.A(sglC17.o)
 .text          0x000000000601d5a0        0x0 /joengine/Compiler/COMMON/SGL_302j/LIB_ELF/LIBSGL.A(sglC19.o)
 .text          0x000000000601d5a0        0x0 /joengine/Compiler/COMMON/SGL_302j/LIB_ELF/LIBSGL.A(sglC20.o)
 .text          0x000000000601d5a0        0x0 /joengine/Compiler/COMMON/SGL_302j/LIB_ELF/LIBSGL.A(sglC21.o)
 .text          0x000000000601d5a0        0x0 /joengine/Compiler/COMMON/SGL_302j/LIB_ELF/LIBSGL.A(sglD00.o)
 .text          0x000000000601d5a0        0x0 /joengine/Compiler/COMMON/SGL_302j/LIB_ELF/LIBSGL.A(sglD01.o)
 .text          0x000000000601d5a0        0x0 /joengine/Compiler/COMMON/SGL_302j/LIB_ELF/LIBSGL.A(sglD02.o)
 .text          0x000000000601d5a0        0x0 /joengine/Compiler/COMMON/SGL_302j/LIB_ELF/LIBSGL.A(sglD03.o)
 .text          0x000000000601d5a0        0x0 /joengine/Compiler/COMMON/SGL_302j/LIB_ELF/LIBSGL.A(sglD15.o)
 .text          0x000000000601d5a0        0x0 /joengine/Compiler/COMMON/SGL_302j/LIB_ELF/LIBSGL.A(sglD16.o)
 .text          0x000000000601d5a0        0x0 /joengine/Compiler/COMMON/SGL_302j/LIB_ELF/LIBSGL.A(sglD17.o)
 .text          0x000000000601d5a0        0x0 /joengine/Compiler/COMMON/SGL_302j/LIB_ELF/LIBSGL.A(sglD18.o)
 .text          0x000000000601d5a0        0x0 /joengine/Compiler/COMMON/SGL_302j/LIB_ELF/LIBSGL.A(sglF08.o)
 .text          0x000000000601d5a0        0x0 /joengine/Compiler/COMMON/SGL_302j/LIB_ELF/LIBSGL.A(sglH00.o)
 .text          0x000000000601d5a0        0x0 /joengine/Compiler/COMMON/SGL_302j/LIB_ELF/LIBSGL.A(sglH01.o)
 .text          0x000000000601d5a0        0x0 /joengine/Compiler/COMMON/SGL_302j/LIB_ELF/LIBSGL.A(sglH02.o)
 .text          0x000000000601d5a0        0x0 /joengine/Compiler/COMMON/SGL_302j/LIB_ELF/LIBSGL.A(sglH04.o)
 .text          0x000000000601d5a0        0x0 /joengine/Compiler/COMMON/SGL_302j/LIB_ELF/LIBSGL.A(sglI01.o)
 .text          0x000000000601d5a0        0x0 /joengine/Compiler/COMMON/SGL_302j/LIB_ELF/LIBSGL.A(sglI04.o)
 .text          0x000000000601d5a0      0x128 /joengine/Compiler/COMMON/SGL_302j/LIB_ELF/LIBSGL.A(sglIc0.o)
                0x000000000601d5a0                slInitSystem
 *fill*         0x000000000601d6c8        0x8 
 .text          0x000000000601d6d0        0x0 /joengine/Compiler/COMMON/SGL_302j/LIB_ELF/LIBSGL.A(sglJ00.o)
 .text          0x000000000601d6d0        0x0 /joengine/Compiler/COMMON/SGL_302j/LIB_ELF/LIBSGL.A(sglJ01.o)
 .text          0x000000000601d6d0        0x0 /joengine/Compiler/COMMON/SGL_302j/LIB_ELF/LIBSGL.A(sglJ02.o)
 .text          0x000000000601d6d0        0x0 /joengine/Compiler/COMMON/SGL_302j/LIB_ELF/LIBSGL.A(sglJ03.o)
 .text          0x000000000601d6d0        0x0 /joengine/Compiler/COMMON/SGL_302j/LIB_ELF/LIBSGL.A(sglJ04.o)
 .text          0x000000000601d6d0        0x0 /joengine/Compiler/COMMON/SGL_302j/LIB_ELF/LIBSGL.A(sglJ05.o)
 .text          0x000000000601d6d0        0x0 /joengine/Compiler/COMMON/SGL_302j/LIB_ELF/LIBSGL.A(sglK01.o)
 .text          0x000000000601d6d0        0x0 /joengine/Compiler/COMMON/SGL_302j/LIB_ELF/LIBSGL.A(sglM00.o)
 .text          0x000000000601d6d0        0x0 /joengine/Compiler/COMMON/SGL_302j/LIB_ELF/LIBSGL.A(sglM01.o)
 .text          0x000000000601d6d0        0x0 /joengine/Compiler/COMMON/SGL_302j/LIB_ELF/LIBSGL.A(sglA00.o)
 .text          0x000000000601d6d0        0x0 /joengine/Compiler/COMMON/SGL_302j/LIB_ELF/LIBSGL.A(sglA03.o)
 .text          0x000000000601d6d0        0x0 /joengine/Compiler/COMMON/SGL_302j/LIB_ELF/LIBSGL.A(sglA10.o)
 .text          0x000000000601d6d0        0x0 /joengine/Compiler/COMMON/SGL_302j/LIB_ELF/LIBSGL.A(sglA24.o)
 .text          0x000000000601d6d0        0x0 /joengine/Compiler/COMMON/SGL_302j/LIB_ELF/LIBSGL.A(sglA25.o)
 .text          0x000000000601d6d0        0x0 /joengine/Compiler/COMMON/SGL_302j/LIB_ELF/LIBSGL.A(sglB000.o)
 .text          0x000000000601d6d0        0x0 /joengine/Compiler/COMMON/SGL_302j/LIB_ELF/LIBSGL.A(sglC00.o)
 .text          0x000000000601d6d0        0x0 /joengine/Compiler/COMMON/SGL_302j/LIB_ELF/LIBSGL.A(sglC13.o)
 .text          0x000000000601d6d0        0x0 /joengine/Compiler/COMMON/SGL_302j/LIB_ELF/LIBSGL.A(sglD19.o)
 .text          0x000000000601d6d0        0x0 /joengine/Compiler/COMMON/SGL_302j/LIB_ELF/LIBSGL.A(sglI00.o)
 .text          0x000000000601d6d0        0x0 /joengine/Compiler/COMMON/SGL_302j/LIB_ELF/LIBSGL.A(sglH03.o)
 .text          0x000000000601d6d0       0x52 /joengine/Compiler/LINUX/bin/../lib/gcc/sh-none-elf/8.2.0/libgcc.a(_ashiftrt.o)
                0x000000000601d6d0                __ashiftrt_r4_31
                0x000000000601d6d0                __ashiftrt_r4_32
                0x000000000601d6d6                __ashiftrt_r4_30
                0x000000000601d6d8                __ashiftrt_r4_29
                0x000000000601d6da                __ashiftrt_r4_28
                0x000000000601d6dc                __ashiftrt_r4_27
                0x000000000601d6de                __ashiftrt_r4_26
                0x000000000601d6e0                __ashiftrt_r4_25
                0x000000000601d6e2                __ashiftrt_r4_24
                0x000000000601d6ea                __ashiftrt_r4_23
                0x000000000601d6ec                __ashiftrt_r4_22
                0x000000000601d6ee                __ashiftrt_r4_21
                0x000000000601d6f0                __ashiftrt_r4_20
                0x000000000601d6f2                __ashiftrt_r4_19
                0x000000000601d6f4                __ashiftrt_r4_18
                0x000000000601d6f6                __ashiftrt_r4_17
                0x000000000601d6f8                __ashiftrt_r4_16
                0x000000000601d6fe                __ashiftrt_r4_15
                0x000000000601d700                __ashiftrt_r4_14
                0x000000000601d702                __ashiftrt_r4_13
                0x000000000601d704                __ashiftrt_r4_12
                0x000000000601d706                __ashiftrt_r4_11
                0x000000000601d708                __ashiftrt_r4_10
                0x000000000601d70a                __ashiftrt_r4_9
                0x000000000601d70c                __ashiftrt_r4_8
                0x000000000601d70e                __ashiftrt_r4_7
                0x000000000601d710                __ashiftrt_r4_6
                0x000000000601d712                __ashiftrt_r4_5
                0x000000000601d714                __ashiftrt_r4_4
                0x000000000601d716                __ashiftrt_r4_3
                0x000000000601d718                __ashiftrt_r4_2
                0x000000000601d71a                __ashiftrt_r4_1
                0x000000000601d71e                __ashiftrt_r4_0
 *fill*         0x000000000601d722        0x2 
 .text          0x000000000601d724       0xa0 /joengine/Compiler/LINUX/bin/../lib/gcc/sh-none-elf/8.2.0/libgcc.a(_sdivsi3.o)
                0x000000000601d724                __sdivsi3
 .text          0x000000000601d7c4       0x6c /joengine/Compiler/LINUX/bin/../lib/gcc/sh-none-elf/8.2.0/libgcc.a(_udivsi3.o)
                0x000000000601d7e6                __udivsi3
 .text          0x000000000601d830       0x78 /joengine/Compiler/LINUX/bin/../lib/gcc/sh-none-elf/8.2.0/libgcc.a(_movmem.o)
                0x000000000601d830                __movstr
                0x000000000601d830                __movmem
                0x000000000601d864                __movmemSI64
                0x000000000601d864                __movstrSI64
                0x000000000601d868                __movstrSI60
                0x000000000601d868                __movmemSI60
                0x000000000601d86c                __movmemSI56
                0x000000000601d86c                __movstrSI56
                0x000000000601d870                __movstrSI52
                0x000000000601d870                __movmemSI52
                0x000000000601d874                __movstrSI48
                0x000000000601d874                __movmemSI48
                0x000000000601d878                __movstrSI44
                0x000000000601d878                __movmemSI44
                0x000000000601d87c                __movstrSI40
                0x000000000601d87c                __movmemSI40
                0x000000000601d880                __movstrSI36
                0x000000000601d880                __movmemSI36
                0x000000000601d884                __movmemSI32
                0x000000000601d884                __movstrSI32
                0x000000000601d888                __movmemSI28
                0x000000000601d888                __movstrSI28
                0x000000000601d88c                __movstrSI24
                0x000000000601d88c                __movmemSI24
                0x000000000601d890                __movmemSI20
                0x000000000601d890                __movstrSI20
                0x000000000601d894                __movstrSI16
                0x000000000601d894                __movmemSI16
                0x000000000601d898                __movmemSI12
                0x000000000601d898                __movstrSI12
                0x000000000601d89c                __movmemSI8
                0x000000000601d89c                __movstrSI8
                0x000000000601d8a0                __movmemSI4
                0x000000000601d8a0                __movstrSI4
 .text          0x000000000601d8a8      0x210 /joengine/Compiler/LINUX/bin/../lib/gcc/sh-none-elf/8.2.0/libgcc.a(_addsub_sf.o)
                0x000000000601da1c                __addsf3
                0x000000000601da68                __subsf3
 .text          0x000000000601dab8      0x134 /joengine/Compiler/LINUX/bin/../lib/gcc/sh-none-elf/8.2.0/libgcc.a(_mul_sf.o)
                0x000000000601dab8                __mulsf3
 .text          0x000000000601dbec       0xdc /joengine/Compiler/LINUX/bin/../lib/gcc/sh-none-elf/8.2.0/libgcc.a(_div_sf.o)
                0x000000000601dbec                __divsf3
 .text          0x000000000601dcc8       0x54 /joengine/Compiler/LINUX/bin/../lib/gcc/sh-none-elf/8.2.0/libgcc.a(_eq_sf.o)
                0x000000000601dcc8                __eqsf2
 .text          0x000000000601dd1c       0x54 /joengine/Compiler/LINUX/bin/../lib/gcc/sh-none-elf/8.2.0/libgcc.a(_ne_sf.o)
                0x000000000601dd1c                __nesf2
 .text          0x000000000601dd70       0x4c /joengine/Compiler/LINUX/bin/../lib/gcc/sh-none-elf/8.2.0/libgcc.a(_gt_sf.o)
                0x000000000601dd70                __gtsf2
 .text          0x000000000601ddbc       0x4c /joengine/Compiler/LINUX/bin/../lib/gcc/sh-none-elf/8.2.0/libgcc.a(_ge_sf.o)
                0x000000000601ddbc                __gesf2
 .text          0x000000000601de08       0x54 /joengine/Compiler/LINUX/bin/../lib/gcc/sh-none-elf/8.2.0/libgcc.a(_lt_sf.o)
                0x000000000601de08                __ltsf2
 .text          0x000000000601de5c       0x54 /joengine/Compiler/LINUX/bin/../lib/gcc/sh-none-elf/8.2.0/libgcc.a(_le_sf.o)
                0x000000000601de5c                __lesf2
 .text          0x000000000601deb0       0x84 /joengine/Compiler/LINUX/bin/../lib/gcc/sh-none-elf/8.2.0/libgcc.a(_si_to_sf.o)
                0x000000000601deb0                __floatsisf
 .text          0x000000000601df34       0x7c /joengine/Compiler/LINUX/bin/../lib/gcc/sh-none-elf/8.2.0/libgcc.a(_sf_to_si.o)
                0x000000000601df34                __fixsfsi
 .text          0x000000000601dfb0       0x3c /joengine/Compiler/LINUX/bin/../lib/gcc/sh-none-elf/8.2.0/libgcc.a(_sf_to_df.o)
                0x000000000601dfb0                __extendsfdf2
 .text          0x000000000601dfec        0x0 /joengine/Compiler/LINUX/bin/../lib/gcc/sh-none-elf/8.2.0/libgcc.a(_thenan_sf.o)
 .text          0x000000000601dfec       0x94 /joengine/Compiler/LINUX/bin/../lib/gcc/sh-none-elf/8.2.0/libgcc.a(_usi_to_sf.o)
                0x000000000601dfec                __floatunsisf
 .text          0x000000000601e080       0x28 /joengine/Compiler/LINUX/bin/../lib/gcc/sh-none-elf/8.2.0/libgcc.a(_make_df.o)
                0x000000000601e080                __make_dp
 .text          0x000000000601e0a8       0x4c /joengine/Compiler/LINUX/bin/../lib/gcc/sh-none-elf/8.2.0/libgcc.a(_df_to_sf.o)
                0x000000000601e0a8                __truncdfsf2
 .text          0x000000000601e0f4      0x114 /joengine/Compiler/LINUX/bin/../lib/gcc/sh-none-elf/8.2.0/libgcc.a(_pack_sf.o)
                0x000000000601e0f4                __pack_f
 .text          0x000000000601e208       0xa0 /joengine/Compiler/LINUX/bin/../lib/gcc/sh-none-elf/8.2.0/libgcc.a(_unpack_sf.o)
                0x000000000601e208                __unpack_f
 .text          0x000000000601e2a8       0xa8 /joengine/Compiler/LINUX/bin/../lib/gcc/sh-none-elf/8.2.0/libgcc.a(_fpcmp_parts_sf.o)
                0x000000000601e2a8                __fpcmp_parts_f
 .text          0x000000000601e350       0x20 /joengine/Compiler/LINUX/bin/../lib/gcc/sh-none-elf/8.2.0/libgcc.a(_make_sf.o)
                0x000000000601e350                __make_fp
 .text          0x000000000601e370        0x0 /joengine/Compiler/LINUX/bin/../lib/gcc/sh-none-elf/8.2.0/../../../../sh-none-elf/lib/libc.a(lib_a-impure.o)
 .text          0x000000000601e370       0x1e /joengine/Compiler/LINUX/bin/../lib/gcc/sh-none-elf/8.2.0/../../../../sh-none-elf/lib/libc.a(lib_a-memcmp.o)
                0x000000000601e370                memcmp
 *fill*         0x000000000601e38e        0x2 
 .text          0x000000000601e390       0x94 /joengine/Compiler/LINUX/bin/../lib/gcc/sh-none-elf/8.2.0/../../../../sh-none-elf/lib/libc.a(lib_a-memcpy.o)
                0x000000000601e390                memcpy
 .text          0x000000000601e424       0x40 /joengine/Compiler/LINUX/bin/../lib/gcc/sh-none-elf/8.2.0/../../../../sh-none-elf/lib/libc.a(lib_a-memset.o)
                0x000000000601e424                memset
 .text          0x000000000601e464       0x58 /joengine/Compiler/LINUX/bin/../lib/gcc/sh-none-elf/8.2.0/../../../../sh-none-elf/lib/libc.a(lib_a-rand.o)
                0x000000000601e464                srand
                0x000000000601e478                rand
 .text          0x000000000601e4bc       0x60 /joengine/Compiler/LINUX/bin/../lib/gcc/sh-none-elf/8.2.0/../../../../sh-none-elf/lib/libc.a(lib_a-rget.o)
                0x000000000601e4bc                __srget_r
                0x000000000601e508                __srget
 .text          0x000000000601e51c       0x8c /joengine/Compiler/LINUX/bin/../lib/gcc/sh-none-elf/8.2.0/../../../../sh-none-elf/lib/libc.a(lib_a-sprintf.o)
                0x000000000601e51c                _sprintf_r
                0x000000000601e55c                sprintf
 .text          0x000000000601e5a8       0x22 /joengine/Compiler/LINUX/bin/../lib/gcc/sh-none-elf/8.2.0/../../../../sh-none-elf/lib/libc.a(lib_a-strcat.o)
                0x000000000601e5a8                strcat
 *fill*         0x000000000601e5ca        0x2 
 .text          0x000000000601e5cc       0x38 /joengine/Compiler/LINUX/bin/../lib/gcc/sh-none-elf/8.2.0/../../../../sh-none-elf/lib/libc.a(lib_a-strcmp.o)
                0x000000000601e5cc                strcmp
 .text          0x000000000601e604       0x3c /joengine/Compiler/LINUX/bin/../lib/gcc/sh-none-elf/8.2.0/../../../../sh-none-elf/lib/libc.a(lib_a-strcpy.o)
                0x000000000601e604                strcpy
 .text          0x000000000601e640       0x20 /joengine/Compiler/LINUX/bin/../lib/gcc/sh-none-elf/8.2.0/../../../../sh-none-elf/lib/libc.a(lib_a-strlen.o)
                0x000000000601e640                strlen
 .text          0x000000000601e660       0x2a /joengine/Compiler/LINUX/bin/../lib/gcc/sh-none-elf/8.2.0/../../../../sh-none-elf/lib/libc.a(lib_a-strncmp.o)
                0x000000000601e660                strncmp
 .text          0x000000000601e68a       0x32 /joengine/Compiler/LINUX/bin/../lib/gcc/sh-none-elf/8.2.0/../../../../sh-none-elf/lib/libc.a(lib_a-strncpy.o)
                0x000000000601e68a                strncpy
 .text          0x000000000601e6bc       0x36 /joengine/Compiler/LINUX/bin/../lib/gcc/sh-none-elf/8.2.0/../../../../sh-none-elf/lib/libc.a(lib_a-strstr.o)
                0x000000000601e6bc                strstr
 *fill*         0x000000000601e6f2        0x2 
 .text          0x000000000601e6f4     0x1378 /joengine/Compiler/LINUX/bin/../lib/gcc/sh-none-elf/8.2.0/../../../../sh-none-elf/lib/libc.a(lib_a-svfprintf.o)
                0x000000000601e6f4                _svfprintf_r
 .text          0x000000000601fa6c       0xdc /joengine/Compiler/LINUX/bin/../lib/gcc/sh-none-elf/8.2.0/../../../../sh-none-elf/lib/libc.a(lib_a-wbuf.o)
                0x000000000601fa6c                __swbuf_r
                0x000000000601fb34                __swbuf
 .text          0x000000000601fb48       0xcc /joengine/Compiler/LINUX/bin/../lib/gcc/sh-none-elf/8.2.0/../../../../sh-none-elf/lib/libc.a(lib_a-wsetup.o)
                0x000000000601fb48                __swsetup_r
 .text          0x000000000601fc14      0xef4 /joengine/Compiler/LINUX/bin/../lib/gcc/sh-none-elf/8.2.0/../../../../sh-none-elf/lib/libc.a(lib_a-dtoa.o)
                0x000000000601fd48                _dtoa_r
 .text          0x0000000006020b08      0x1a8 /joengine/Compiler/LINUX/bin/../lib/gcc/sh-none-elf/8.2.0/../../../../sh-none-elf/lib/libc.a(lib_a-fflush.o)
                0x0000000006020b08                __sflush_r
                0x0000000006020c48                _fflush_r
                0x0000000006020c88                fflush
 .text          0x0000000006020cb0      0x218 /joengine/Compiler/LINUX/bin/../lib/gcc/sh-none-elf/8.2.0/../../../../sh-none-elf/lib/libc.a(lib_a-findfp.o)
                0x0000000006020d0c                _cleanup_r
                0x0000000006020d20                __sfmoreglue
                0x0000000006020d6c                _cleanup
                0x0000000006020d80                __sinit
                0x0000000006020dd4                __sfp
                0x0000000006020e88                __sfp_lock_acquire
                0x0000000006020e8c                __sfp_lock_release
                0x0000000006020e90                __sinit_lock_acquire
                0x0000000006020e94                __sinit_lock_release
                0x0000000006020e98                __fp_lock_all
                0x0000000006020eb0                __fp_unlock_all
 .text          0x0000000006020ec8       0xb4 /joengine/Compiler/LINUX/bin/../lib/gcc/sh-none-elf/8.2.0/../../../../sh-none-elf/lib/libc.a(lib_a-fwalk.o)
                0x0000000006020ec8                _fwalk
                0x0000000006020f1e                _fwalk_reent
 .text          0x0000000006020f7c       0x40 /joengine/Compiler/LINUX/bin/../lib/gcc/sh-none-elf/8.2.0/../../../../sh-none-elf/lib/libc.a(lib_a-localeconv.o)
                0x0000000006020f7c                __localeconv_l
                0x0000000006020f84                _localeconv_r
                0x0000000006020fa0                localeconv
 .text          0x0000000006020fbc       0xa8 /joengine/Compiler/LINUX/bin/../lib/gcc/sh-none-elf/8.2.0/../../../../sh-none-elf/lib/libc.a(lib_a-locale.o)
                0x0000000006020fbc                _setlocale_r
                0x0000000006021008                __locale_mb_cur_max
                0x0000000006021028                __locale_ctype_ptr_l
                0x0000000006021032                __locale_ctype_ptr
                0x0000000006021050                setlocale
 .text          0x0000000006021064      0x110 /joengine/Compiler/LINUX/bin/../lib/gcc/sh-none-elf/8.2.0/../../../../sh-none-elf/lib/libc.a(lib_a-makebuf.o)
                0x0000000006021064                __swhatbuf_r
                0x00000000060210c8                __smakebuf_r
 .text          0x0000000006021174       0x4c /joengine/Compiler/LINUX/bin/../lib/gcc/sh-none-elf/8.2.0/../../../../sh-none-elf/lib/libc.a(lib_a-mbtowc_r.o)
                0x0000000006021174                _mbtowc_r
                0x0000000006021198                __ascii_mbtowc
 .text          0x00000000060211c0       0x1c /joengine/Compiler/LINUX/bin/../lib/gcc/sh-none-elf/8.2.0/../../../../sh-none-elf/lib/libc.a(lib_a-memchr.o)
                0x00000000060211c0                memchr
 .text          0x00000000060211dc      0xa9c /joengine/Compiler/LINUX/bin/../lib/gcc/sh-none-elf/8.2.0/../../../../sh-none-elf/lib/libc.a(lib_a-mprec.o)
                0x00000000060211dc                _Balloc
                0x0000000006021250                _Bfree
                0x0000000006021268                __multadd
                0x0000000006021310                __s2b
                0x00000000060213d0                __hi0bits
                0x0000000006021424                __lo0bits
                0x0000000006021488                __i2b
                0x00000000060214a4                __multiply
                0x00000000060215e8                __pow5mult
                0x00000000060216a4                __lshift
                0x0000000006021798                __mcmp
                0x00000000060217d0                __mdiff
                0x00000000060218ac                __ulp
                0x0000000006021918                __b2d
                0x0000000006021a00                __d2b
                0x0000000006021aec                __ratio
                0x0000000006021b70                _mprec_log10
                0x0000000006021bc8                __copybits
                0x0000000006021c0c                __any_on
 .text          0x0000000006021c78      0x14c /joengine/Compiler/LINUX/bin/../lib/gcc/sh-none-elf/8.2.0/../../../../sh-none-elf/lib/libc.a(lib_a-refill.o)
                0x0000000006021c90                __srefill_r
 .text          0x0000000006021dc4       0xe0 /joengine/Compiler/LINUX/bin/../lib/gcc/sh-none-elf/8.2.0/../../../../sh-none-elf/lib/libc.a(lib_a-stdio.o)
                0x0000000006021dc4                __sread
                0x0000000006021e00                __seofread
                0x0000000006021e04                __swrite
                0x0000000006021e54                __sseek
                0x0000000006021e94                __sclose
 .text          0x0000000006021ea4      0xa60 /joengine/Compiler/LINUX/bin/../lib/gcc/sh-none-elf/8.2.0/../../../../sh-none-elf/lib/libc.a(lib_a-svfiprintf.o)
                0x0000000006021ea4                __ssprint_r
                0x0000000006021fd8                _svfiprintf_r
 .text          0x0000000006022904       0x40 /joengine/Compiler/LINUX/bin/../lib/gcc/sh-none-elf/8.2.0/../../../../sh-none-elf/lib/libc.a(lib_a-wctomb_r.o)
                0x0000000006022904                _wctomb_r
                0x0000000006022924                __ascii_wctomb
 .text          0x0000000006022944       0x34 /joengine/Compiler/LINUX/bin/../lib/gcc/sh-none-elf/8.2.0/../../../../sh-none-elf/lib/libc.a(lib_a-writer.o)
                0x0000000006022944                _write_r
 .text          0x0000000006022978       0x30 /joengine/Compiler/LINUX/bin/../lib/gcc/sh-none-elf/8.2.0/../../../../sh-none-elf/lib/libc.a(lib_a-closer.o)
                0x0000000006022978                _close_r
 .text          0x00000000060229a8        0x0 /joengine/Compiler/LINUX/bin/../lib/gcc/sh-none-elf/8.2.0/../../../../sh-none-elf/lib/libc.a(lib_a-ctype_.o)
 .text          0x00000000060229a8       0xc8 /joengine/Compiler/LINUX/bin/../lib/gcc/sh-none-elf/8.2.0/../../../../sh-none-elf/lib/libc.a(lib_a-fclose.o)
                0x00000000060229a8                _fclose_r
                0x0000000006022a5c                fclose
 .text          0x0000000006022a70       0x34 /joengine/Compiler/LINUX/bin/../lib/gcc/sh-none-elf/8.2.0/../../../../sh-none-elf/lib/libc.a(lib_a-fstatr.o)
                0x0000000006022a70                _fstat_r
 .text          0x0000000006022aa4       0x30 /joengine/Compiler/LINUX/bin/../lib/gcc/sh-none-elf/8.2.0/../../../../sh-none-elf/lib/libc.a(lib_a-isattyr.o)
                0x0000000006022aa4                _isatty_r
 .text          0x0000000006022ad4       0x34 /joengine/Compiler/LINUX/bin/../lib/gcc/sh-none-elf/8.2.0/../../../../sh-none-elf/lib/libc.a(lib_a-lseekr.o)
                0x0000000006022ad4                _lseek_r
 .text          0x0000000006022b08       0x3c /joengine/Compiler/LINUX/bin/../lib/gcc/sh-none-elf/8.2.0/../../../../sh-none-elf/lib/libc.a(lib_a-memmove.o)
                0x0000000006022b08                memmove
 .text          0x0000000006022b44       0x34 /joengine/Compiler/LINUX/bin/../lib/gcc/sh-none-elf/8.2.0/../../../../sh-none-elf/lib/libc.a(lib_a-readr.o)
                0x0000000006022b44                _read_r
 .text          0x0000000006022b78      0x100 /joengine/Compiler/LINUX/bin/../lib/gcc/sh-none-elf/8.2.0/../../../../sh-none-elf/lib/libc.a(lib_a-reent.o)
                0x0000000006022b78                cleanup_glue
                0x0000000006022ba4                _reclaim_reent
 .text          0x0000000006022c78       0x80 /joengine/Compiler/LINUX/bin/../lib/gcc/sh-none-elf/8.2.0/libgcc.a(_ashiftrt_n.o)
                0x0000000006022c78                __ashrsi3
 .text          0x0000000006022cf8       0xbc /joengine/Compiler/LINUX/bin/../lib/gcc/sh-none-elf/8.2.0/libgcc.a(_ashiftlt.o)
                0x0000000006022cf8                __ashlsi3
                0x0000000006022cfc                __ashlsi3_r0
 .text          0x0000000006022db4       0xbc /joengine/Compiler/LINUX/bin/../lib/gcc/sh-none-elf/8.2.0/libgcc.a(_lshiftrt.o)
                0x0000000006022db4                __lshrsi3
                0x0000000006022db8                __lshrsi3_r0
 .text          0x0000000006022e70      0x258 /joengine/Compiler/LINUX/bin/../lib/gcc/sh-none-elf/8.2.0/libgcc.a(_udivdi3.o)
                0x0000000006022e70                __udivdi3
 .text          0x00000000060230c8      0x2bc /joengine/Compiler/LINUX/bin/../lib/gcc/sh-none-elf/8.2.0/libgcc.a(_umoddi3.o)
                0x00000000060230c8                __umoddi3
 .text          0x0000000006023384      0x3b4 /joengine/Compiler/LINUX/bin/../lib/gcc/sh-none-elf/8.2.0/libgcc.a(_addsub_df.o)
                0x0000000006023694                __adddf3
                0x00000000060236e4                __subdf3
 .text          0x0000000006023738      0x208 /joengine/Compiler/LINUX/bin/../lib/gcc/sh-none-elf/8.2.0/libgcc.a(_mul_df.o)
                0x0000000006023738                __muldf3
 .text          0x0000000006023940      0x130 /joengine/Compiler/LINUX/bin/../lib/gcc/sh-none-elf/8.2.0/libgcc.a(_div_df.o)
                0x0000000006023940                __divdf3
 .text          0x0000000006023a70       0x58 /joengine/Compiler/LINUX/bin/../lib/gcc/sh-none-elf/8.2.0/libgcc.a(_eq_df.o)
                0x0000000006023a70                __eqdf2
 .text          0x0000000006023ac8       0x58 /joengine/Compiler/LINUX/bin/../lib/gcc/sh-none-elf/8.2.0/libgcc.a(_ne_df.o)
                0x0000000006023ac8                __nedf2
 .text          0x0000000006023b20       0x50 /joengine/Compiler/LINUX/bin/../lib/gcc/sh-none-elf/8.2.0/libgcc.a(_gt_df.o)
                0x0000000006023b20                __gtdf2
 .text          0x0000000006023b70       0x50 /joengine/Compiler/LINUX/bin/../lib/gcc/sh-none-elf/8.2.0/libgcc.a(_ge_df.o)
                0x0000000006023b70                __gedf2
 .text          0x0000000006023bc0       0x58 /joengine/Compiler/LINUX/bin/../lib/gcc/sh-none-elf/8.2.0/libgcc.a(_lt_df.o)
                0x0000000006023bc0                __ltdf2
 .text          0x0000000006023c18       0x58 /joengine/Compiler/LINUX/bin/../lib/gcc/sh-none-elf/8.2.0/libgcc.a(_le_df.o)
                0x0000000006023c18                __ledf2
 .text          0x0000000006023c70       0x40 /joengine/Compiler/LINUX/bin/../lib/gcc/sh-none-elf/8.2.0/libgcc.a(_unord_df.o)
                0x0000000006023c70                __unorddf2
 .text          0x0000000006023cb0       0xa8 /joengine/Compiler/LINUX/bin/../lib/gcc/sh-none-elf/8.2.0/libgcc.a(_si_to_df.o)
                0x0000000006023cb0                __floatsidf
 .text          0x0000000006023d58       0xa4 /joengine/Compiler/LINUX/bin/../lib/gcc/sh-none-elf/8.2.0/libgcc.a(_df_to_si.o)
                0x0000000006023d58                __fixdfsi
 .text          0x0000000006023dfc        0x0 /joengine/Compiler/LINUX/bin/../lib/gcc/sh-none-elf/8.2.0/libgcc.a(_thenan_df.o)
 .text          0x0000000006023dfc       0x88 /joengine/Compiler/LINUX/bin/../lib/gcc/sh-none-elf/8.2.0/libgcc.a(_usi_to_df.o)
                0x0000000006023dfc                __floatunsidf
 *fill*         0x0000000006023e84        0x4 
 .text          0x0000000006023e88       0x60 /joengine/Compiler/LINUX/bin/../lib/gcc/sh-none-elf/8.2.0/libgcc.a(_udiv_qrnnd_16.o)
                0x0000000006023e88                __udiv_qrnnd_16
 .text          0x0000000006023ee8        0x0 /joengine/Compiler/LINUX/bin/../lib/gcc/sh-none-elf/8.2.0/libgcc.a(_clz.o)
 .text          0x0000000006023ee8       0x58 /joengine/Compiler/LINUX/bin/../lib/gcc/sh-none-elf/8.2.0/libgcc.a(_clzsi2.o)
                0x0000000006023ee8                __clzsi2
 .text          0x0000000006023f40      0x25c /joengine/Compiler/LINUX/bin/../lib/gcc/sh-none-elf/8.2.0/libgcc.a(_pack_df.o)
                0x0000000006023f40                __pack_d
 .text          0x000000000602419c       0xcc /joengine/Compiler/LINUX/bin/../lib/gcc/sh-none-elf/8.2.0/libgcc.a(_unpack_df.o)
                0x000000000602419c                __unpack_d
 .text          0x0000000006024268       0xc8 /joengine/Compiler/LINUX/bin/../lib/gcc/sh-none-elf/8.2.0/libgcc.a(_fpcmp_parts_df.o)
                0x0000000006024268                __fpcmp_parts_d
 *(.strings)
 *(SEGA_P)
 *(.eh_frame_hdr)
 *(.eh_frame)
 .eh_frame      0x0000000006024330       0xa8 /joengine/Compiler/LINUX/bin/../lib/gcc/sh-none-elf/8.2.0/libgcc.a(_udivdi3.o)
 .eh_frame      0x00000000060243d8       0xdc /joengine/Compiler/LINUX/bin/../lib/gcc/sh-none-elf/8.2.0/libgcc.a(_umoddi3.o)
                0x00000000060244b4                __etext = .

.text.startup   0x00000000060244c0      0xb80
 .text.startup  0x00000000060244c0      0xb7c /tmp/ccxTIe74.ltrans0.ltrans.o
                0x00000000060244c0                main

SLPROG          0x0000000006025040    0x158a0
                0x0000000006025040                __slprog_start = .
 *(SLPROG)
 SLPROG         0x0000000006025040     0x6540 /joengine/Compiler/COMMON/SGL_302j/LIB_ELF/SGLAREA.O
                0x0000000006025040                MasterStack
                0x0000000006025044                SlaveStack
                0x0000000006025048                MaxVertices
                0x000000000602504a                MaxPolygons
                0x000000000602504c                SortList
                0x0000000006025050                SortListSize
                0x0000000006025054                TransList
                0x0000000006025058                Zbuffer
                0x000000000602505c                SpriteBuf
                0x0000000006025060                SpriteBufSize
                0x0000000006025064                Pbuffer
                0x0000000006025068                CommandBuf
                0x000000000602506c                CLOfstBuf
                0x0000000006025070                PCM_Work
                0x0000000006025074                PCM_WkSize
                0x0000000006025078                MaxEvents
                0x000000000602507a                EventSize
                0x000000000602507c                MaxWorks
                0x000000000602507e                WorkSize
                0x0000000006025080                RemainEvent
                0x0000000006025180                RemainWork
                0x0000000006025580                EventBuf
                0x0000000006027580                WorkBuf
 SLPROG         0x000000000602b580     0x411e /joengine/Compiler/COMMON/SGL_302j/LIB_ELF/LIBSGL.A(sglA01.o)
                0x000000000602b580                slSin
                0x000000000602b5a4                slCos
                0x000000000602b5c8                GetSinCos
                0x000000000602b65c                sin_cos_index_tbl
                0x000000000602b69c                sin_tbl
 *fill*         0x000000000602f69e        0x2 
 SLPROG         0x000000000602f6a0       0x18 /joengine/Compiler/COMMON/SGL_302j/LIB_ELF/LIBSGL.A(sglA15.o)
                0x000000000602f6a0                slSlaveFunc
 *fill*         0x000000000602f6b8        0x8 
 SLPROG         0x000000000602f6c0       0xd0 /joengine/Compiler/COMMON/SGL_302j/LIB_ELF/LIBSGL.A(sglA16.o)
                0x000000000602f6c0                slLookAt
 SLPROG         0x000000000602f790       0x78 /joengine/Compiler/COMMON/SGL_302j/LIB_ELF/LIBSGL.A(sglA17.o)
                0x000000000602f790                slRotZ
                0x000000000602f79a                slRotZSC
 *fill*         0x000000000602f808        0x8 
 SLPROG         0x000000000602f810       0x78 /joengine/Compiler/COMMON/SGL_302j/LIB_ELF/LIBSGL.A(sglA18.o)
                0x000000000602f810                slRotY
                0x000000000602f81a                slRotYSC
 *fill*         0x000000000602f888        0x8 
 SLPROG         0x000000000602f890       0x78 /joengine/Compiler/COMMON/SGL_302j/LIB_ELF/LIBSGL.A(sglA19.o)
                0x000000000602f890                slRotX
                0x000000000602f89a                slRotXSC
 *fill*         0x000000000602f908        0x8 
 SLPROG         0x000000000602f910      0x42c /joengine/Compiler/COMMON/SGL_302j/LIB_ELF/LIBSGL.A(sglA20.o)
                0x000000000602f910                slInitMatrix
                0x000000000602f91a                slPushUnitMatrix
                0x000000000602f92e                slUnitMatrix
 *fill*         0x000000000602fd3c        0x4 
 SLPROG         0x000000000602fd40       0x48 /joengine/Compiler/COMMON/SGL_302j/LIB_ELF/LIBSGL.A(sglA21.o)
                0x000000000602fd40                slPushMatrix
                0x000000000602fd74                slPopMatrix
                0x000000000602fd74                slDecMatrixPtr
 *fill*         0x000000000602fd88        0x8 
 SLPROG         0x000000000602fd90       0x50 /joengine/Compiler/COMMON/SGL_302j/LIB_ELF/LIBSGL.A(sglA27.o)
                0x000000000602fd90                slTranslate
 SLPROG         0x000000000602fde0       0x70 /joengine/Compiler/COMMON/SGL_302j/LIB_ELF/LIBSGL.A(sglA28.o)
                0x000000000602fde0                slScale
 SLPROG         0x000000000602fe50       0x22 /joengine/Compiler/COMMON/SGL_302j/LIB_ELF/LIBSGL.A(sglA40.o)
                0x000000000602fe50                slCalcVector
 *fill*         0x000000000602fe72        0xe 
 SLPROG         0x000000000602fe80       0x20 /joengine/Compiler/COMMON/SGL_302j/LIB_ELF/LIBSGL.A(sglB001.o)
                0x000000000602fe80                slTVOn
                0x000000000602fe8a                slTVOff
 SLPROG         0x000000000602fea0       0x24 /joengine/Compiler/COMMON/SGL_302j/LIB_ELF/LIBSGL.A(sglB011.o)
                0x000000000602fea0                slBitMapNbg1
 *fill*         0x000000000602fec4        0xc 
 SLPROG         0x000000000602fed0        0x8 /joengine/Compiler/COMMON/SGL_302j/LIB_ELF/LIBSGL.A(sglB014.o)
                0x000000000602fed0                slScrTransparent
 *fill*         0x000000000602fed8        0x8 
 SLPROG         0x000000000602fee0      0x40c /joengine/Compiler/COMMON/SGL_302j/LIB_ELF/LIBSGL.A(sglB015.o)
                0x000000000602fee0                slScrAutoDisp
 *fill*         0x00000000060302ec        0x4 
 SLPROG         0x00000000060302f0        0xc /joengine/Compiler/COMMON/SGL_302j/LIB_ELF/LIBSGL.A(sglB016.o)
                0x00000000060302f0                slBack1ColSet
 *fill*         0x00000000060302fc        0x4 
 SLPROG         0x0000000006030300       0x10 /joengine/Compiler/COMMON/SGL_302j/LIB_ELF/LIBSGL.A(sglB020.o)
                0x0000000006030300                slColorCalc
 SLPROG         0x0000000006030310        0xc /joengine/Compiler/COMMON/SGL_302j/LIB_ELF/LIBSGL.A(sglB021.o)
                0x0000000006030310                slColorCalcOn
 *fill*         0x000000000603031c        0x4 
 SLPROG         0x0000000006030320        0xc /joengine/Compiler/COMMON/SGL_302j/LIB_ELF/LIBSGL.A(sglB023.o)
                0x0000000006030320                slColRate
 *fill*         0x000000000603032c        0x4 
 SLPROG         0x0000000006030330       0xb0 /joengine/Compiler/COMMON/SGL_302j/LIB_ELF/LIBSGL.A(sglB031.o)
                0x0000000006030330                slMapNbg0
 SLPROG         0x00000000060303e0       0xb4 /joengine/Compiler/COMMON/SGL_302j/LIB_ELF/LIBSGL.A(sglB032.o)
                0x00000000060303e0                slMapNbg1
 *fill*         0x0000000006030494        0xc 
 SLPROG         0x00000000060304a0       0xb0 /joengine/Compiler/COMMON/SGL_302j/LIB_ELF/LIBSGL.A(sglB033.o)
                0x00000000060304a0                slMapNbg2
 SLPROG         0x0000000006030550       0xb4 /joengine/Compiler/COMMON/SGL_302j/LIB_ELF/LIBSGL.A(sglB034.o)
                0x0000000006030550                slMapNbg3
 *fill*         0x0000000006030604        0xc 
 SLPROG         0x0000000006030610       0xd4 /joengine/Compiler/COMMON/SGL_302j/LIB_ELF/LIBSGL.A(sglB035.o)
                0x0000000006030610                sl1MapRA
                0x00000000060306a2                rbank_set
 *fill*         0x00000000060306e4        0xc 
 SLPROG         0x00000000060306f0       0xa0 /joengine/Compiler/COMMON/SGL_302j/LIB_ELF/LIBSGL.A(sglB036.o)
                0x00000000060306f0                sl1MapRB
 SLPROG         0x0000000006030790       0x70 /joengine/Compiler/COMMON/SGL_302j/LIB_ELF/LIBSGL.A(sglB038.o)
                0x0000000006030790                slRparaInitSet
 SLPROG         0x0000000006030800       0x7e /joengine/Compiler/COMMON/SGL_302j/LIB_ELF/LIBSGL.A(sglB039.o)
                0x0000000006030800                slMakeKtable
 *fill*         0x000000000603087e        0x2 
 SLPROG         0x0000000006030880       0x58 /joengine/Compiler/COMMON/SGL_302j/LIB_ELF/LIBSGL.A(sglB040.o)
                0x0000000006030880                slKtableRA
 *fill*         0x00000000060308d8        0x8 
 SLPROG         0x00000000060308e0       0x5c /joengine/Compiler/COMMON/SGL_302j/LIB_ELF/LIBSGL.A(sglB041.o)
                0x00000000060308e0                slKtableRB
 *fill*         0x000000000603093c        0x4 
 SLPROG         0x0000000006030940       0x10 /joengine/Compiler/COMMON/SGL_302j/LIB_ELF/LIBSGL.A(sglB042.o)
                0x0000000006030940                slCurRpara
 SLPROG         0x0000000006030950        0x8 /joengine/Compiler/COMMON/SGL_302j/LIB_ELF/LIBSGL.A(sglB043.o)
                0x0000000006030950                slRparaMode
 *fill*         0x0000000006030958        0x8 
 SLPROG         0x0000000006030960      0x4e4 /joengine/Compiler/COMMON/SGL_302j/LIB_ELF/LIBSGL.A(sglB044.o)
                0x0000000006030960                slScrMatSet
 *fill*         0x0000000006030e44        0xc 
 SLPROG         0x0000000006030e50       0x28 /joengine/Compiler/COMMON/SGL_302j/LIB_ELF/LIBSGL.A(sglB045.o)
                0x0000000006030e50                slScrMatConv
 *fill*         0x0000000006030e78        0x8 
 SLPROG         0x0000000006030e80        0xc /joengine/Compiler/COMMON/SGL_302j/LIB_ELF/LIBSGL.A(sglB047.o)
                0x0000000006030e80                slOverRA
 *fill*         0x0000000006030e8c        0x4 
 SLPROG         0x0000000006030e90       0x10 /joengine/Compiler/COMMON/SGL_302j/LIB_ELF/LIBSGL.A(sglB048.o)
                0x0000000006030e90                slOverRB
 SLPROG         0x0000000006030ea0        0xc /joengine/Compiler/COMMON/SGL_302j/LIB_ELF/LIBSGL.A(sglB055.o)
                0x0000000006030ea0                slPlaneNbg0
 *fill*         0x0000000006030eac        0x4 
 SLPROG         0x0000000006030eb0        0xc /joengine/Compiler/COMMON/SGL_302j/LIB_ELF/LIBSGL.A(sglB056.o)
                0x0000000006030eb0                slPlaneNbg1
 *fill*         0x0000000006030ebc        0x4 
 SLPROG         0x0000000006030ec0       0x10 /joengine/Compiler/COMMON/SGL_302j/LIB_ELF/LIBSGL.A(sglB057.o)
                0x0000000006030ec0                slPlaneNbg2
 SLPROG         0x0000000006030ed0       0x10 /joengine/Compiler/COMMON/SGL_302j/LIB_ELF/LIBSGL.A(sglB058.o)
                0x0000000006030ed0                slPlaneNbg3
 SLPROG         0x0000000006030ee0        0xc /joengine/Compiler/COMMON/SGL_302j/LIB_ELF/LIBSGL.A(sglB059.o)
                0x0000000006030ee0                slPlaneRA
 *fill*         0x0000000006030eec        0x4 
 SLPROG         0x0000000006030ef0       0x10 /joengine/Compiler/COMMON/SGL_302j/LIB_ELF/LIBSGL.A(sglB060.o)
                0x0000000006030ef0                slPlaneRB
 SLPROG         0x0000000006030f00        0xc /joengine/Compiler/COMMON/SGL_302j/LIB_ELF/LIBSGL.A(sglB063.o)
                0x0000000006030f00                slPriority
 *fill*         0x0000000006030f0c        0x4 
 SLPROG         0x0000000006030f10       0x18 /joengine/Compiler/COMMON/SGL_302j/LIB_ELF/LIBSGL.A(sglB087.o)
                0x0000000006030f10                slLineScrollTable0
 *fill*         0x0000000006030f28        0x8 
 SLPROG         0x0000000006030f30        0x8 /joengine/Compiler/COMMON/SGL_302j/LIB_ELF/LIBSGL.A(sglB088.o)
                0x0000000006030f30                slLineScrollTable1
 *fill*         0x0000000006030f38        0x8 
 SLPROG         0x0000000006030f40        0xc /joengine/Compiler/COMMON/SGL_302j/LIB_ELF/LIBSGL.A(sglB090.o)
                0x0000000006030f40                slLineScrollMode
 *fill*         0x0000000006030f4c        0x4 
 SLPROG         0x0000000006030f50      0x114 /joengine/Compiler/COMMON/SGL_302j/LIB_ELF/LIBSGL.A(sglB200.o)
                0x0000000006030f50                slCharRbg0
                0x0000000006030f5c                slCharNbg0
                0x0000000006030f68                slCharNbg1
                0x0000000006030f74                slCharNbg2
                0x0000000006030f8a                slCharNbg3
                0x0000000006030fa2                slPageRbg0
                0x0000000006030fb8                slPageNbg1
                0x0000000006030fc0                slPageNbg2
                0x0000000006030fc8                slPageNbg3
                0x0000000006030fd4                slPageNbg0
 *fill*         0x0000000006031064        0xc 
 SLPROG         0x0000000006031070       0x6c /joengine/Compiler/COMMON/SGL_302j/LIB_ELF/LIBSGL.A(sglC01.o)
                0x0000000006031070                slPerspective
 *fill*         0x00000000060310dc        0x4 
 SLPROG         0x00000000060310e0       0xc4 /joengine/Compiler/COMMON/SGL_302j/LIB_ELF/LIBSGL.A(sglC03.o)
                0x00000000060310e0                slWindow
 *fill*         0x00000000060311a4        0xc 
 SLPROG         0x00000000060311b0       0x2c /joengine/Compiler/COMMON/SGL_302j/LIB_ELF/LIBSGL.A(sglC04.o)
                0x00000000060311b0                slZdspLevel
 *fill*         0x00000000060311dc        0x4 
 SLPROG         0x00000000060311e0       0x78 /joengine/Compiler/COMMON/SGL_302j/LIB_ELF/LIBSGL.A(sglC05.o)
                0x00000000060311e0                slSetSprite
 *fill*         0x0000000006031258        0x8 
 SLPROG         0x0000000006031260       0xfa /joengine/Compiler/COMMON/SGL_302j/LIB_ELF/LIBSGL.A(sglC06.o)
                0x0000000006031260                slDispSprite
 *fill*         0x000000000603135a        0x6 
 SLPROG         0x0000000006031360      0x162 /joengine/Compiler/COMMON/SGL_302j/LIB_ELF/LIBSGL.A(sglC07.o)
                0x0000000006031366                slPutSprite
 *fill*         0x00000000060314c2        0xe 
 SLPROG         0x00000000060314d0     0x1218 /joengine/Compiler/COMMON/SGL_302j/LIB_ELF/LIBSGL.A(sglC08.o)
                0x00000000060314d0                slPutPolygon
                0x000000000603214c                MsCalcDepthFlat
 *fill*         0x00000000060326e8        0x8 
 SLPROG         0x00000000060326f0       0x8c /joengine/Compiler/COMMON/SGL_302j/LIB_ELF/LIBSGL.A(sglC14.o)
                0x00000000060326f0                slCurWindow
 *fill*         0x000000000603277c        0x4 
 SLPROG         0x0000000006032780       0x54 /joengine/Compiler/COMMON/SGL_302j/LIB_ELF/LIBSGL.A(sglC16.o)
                0x0000000006032780                slDynamicFrame
 *fill*         0x00000000060327d4        0xc 
 SLPROG         0x00000000060327e0       0x4c /joengine/Compiler/COMMON/SGL_302j/LIB_ELF/LIBSGL.A(sglC17.o)
                0x00000000060327e0                slDispSpriteHV
 *fill*         0x000000000603282c        0x4 
 SLPROG         0x0000000006032830       0xd4 /joengine/Compiler/COMMON/SGL_302j/LIB_ELF/LIBSGL.A(sglC19.o)
                0x0000000006032830                slDispSprite4P
 *fill*         0x0000000006032904        0xc 
 SLPROG         0x0000000006032910       0x40 /joengine/Compiler/COMMON/SGL_302j/LIB_ELF/LIBSGL.A(sglC20.o)
                0x0000000006032910                SpriteEntry
 SLPROG         0x0000000006032950      0x4ae /joengine/Compiler/COMMON/SGL_302j/LIB_ELF/LIBSGL.A(sglC21.o)
                0x00000000060329d8                RotSprite
                0x0000000006032a66                SetSprPosition
 *fill*         0x0000000006032dfe        0x2 
 SLPROG         0x0000000006032e00       0x84 /joengine/Compiler/COMMON/SGL_302j/LIB_ELF/LIBSGL.A(sglD00.o)
                0x0000000006032e00                slDMACopy
                0x0000000006032e00                slCpuDMACopy
                0x0000000006032e5a                slCashPurge
                0x0000000006032e5a                CSH_AllClr
 *fill*         0x0000000006032e84        0xc 
 SLPROG         0x0000000006032e90       0xa0 /joengine/Compiler/COMMON/SGL_302j/LIB_ELF/LIBSGL.A(sglD01.o)
                0x0000000006032e90                slDMAXCopy
 SLPROG         0x0000000006032f30       0x10 /joengine/Compiler/COMMON/SGL_302j/LIB_ELF/LIBSGL.A(sglD02.o)
                0x0000000006032f30                slDMAWait
 SLPROG         0x0000000006032f40        0xc /joengine/Compiler/COMMON/SGL_302j/LIB_ELF/LIBSGL.A(sglD03.o)
                0x0000000006032f40                slDMAStatus
 *fill*         0x0000000006032f4c        0x4 
 SLPROG         0x0000000006032f50       0x20 /joengine/Compiler/COMMON/SGL_302j/LIB_ELF/LIBSGL.A(sglD15.o)
                0x0000000006032f50                CSH_Purge
 SLPROG         0x0000000006032f70       0x84 /joengine/Compiler/COMMON/SGL_302j/LIB_ELF/LIBSGL.A(sglD16.o)
                0x0000000006032f70                DMA_ScuSetPrm
                0x0000000006032fb8                DMA_SCU_PRM0
 *fill*         0x0000000006032ff4        0xc 
 SLPROG         0x0000000006033000       0x88 /joengine/Compiler/COMMON/SGL_302j/LIB_ELF/LIBSGL.A(sglD17.o)
                0x0000000006033000                DMA_ScuStart
 *fill*         0x0000000006033088        0x8 
 SLPROG         0x0000000006033090       0x34 /joengine/Compiler/COMMON/SGL_302j/LIB_ELF/LIBSGL.A(sglD18.o)
                0x0000000006033090                DMA_ScuGetStatus
 *fill*         0x00000000060330c4        0xc 
 SLPROG         0x00000000060330d0       0x34 /joengine/Compiler/COMMON/SGL_302j/LIB_ELF/LIBSGL.A(sglF08.o)
                0x00000000060330d0                slDec2Hex
 *fill*         0x0000000006033104        0xc 
 SLPROG         0x0000000006033110      0xfc8 /joengine/Compiler/COMMON/SGL_302j/LIB_ELF/LIBSGL.A(sglH00.o)
                0x0000000006033128                slGetPortDir1
                0x0000000006033130                slGetPortDir2
                0x0000000006033138                slSetPortDir1
                0x0000000006033162                slSetPortDir2
                0x000000000603319c                slGetPortData1
                0x00000000060331a4                slGetPortData2
                0x00000000060331ac                slSetPortData1
                0x00000000060331b6                slSetPortData2
                0x00000000060331c8                slGetPortSelect1
                0x00000000060331d2                slGetPortSelect2
                0x00000000060331dc                slSetPortSelect1
                0x0000000006033210                slSetPortSelect2
                0x000000000603324c                slGetPortExt1
                0x0000000006033256                slGetPortExt2
                0x0000000006033260                slSetPortExt1
                0x0000000006033290                slSetPortExt2
                0x0000000006033404                slSmpcDirectAccess
                0x0000000006033484                slInitPeripheral
                0x0000000006033516                slSetResultBuffer
                0x00000000060335a2                slCheckIntBackSet
                0x00000000060335ae                slIntBackCancel
                0x00000000060335d8                slCheckReset
                0x00000000060335e2                slClearReset
                0x00000000060337a8                slSmpcCashSend
                0x0000000006033864                slSmpcCashBlow
                0x0000000006033940                slGetOptimize
                0x000000000603394a                slSetOptimize
                0x0000000006033970                slGetPortMode1
                0x000000000603397c                slGetPortMode2
                0x000000000603398a                slSetPortMode1
                0x00000000060339c8                slSetPortMode2
                0x0000000006033b54                slRequestCommand
                0x0000000006033bc4                Smpc_Status
                0x0000000006033bc8                Smpc_Result
                0x0000000006033bcc                Smpc_Peripheral
                0x0000000006033bd2                Per_Connect1
                0x0000000006033bd3                Per_Connect2
                0x0000000006033bf4                SmpcStatusBuf
 *fill*         0x00000000060340d8        0x8 
 SLPROG         0x00000000060340e0       0xa8 /joengine/Compiler/COMMON/SGL_302j/LIB_ELF/LIBSGL.A(sglH01.o)
                0x00000000060340e0                slGetLanguage
                0x00000000060340ea                slSetLanguage
                0x000000000603410c                slGetSoundEffect
                0x0000000006034118                slSetSoundEffect
                0x0000000006034134                slGetSoundOutput
                0x0000000006034140                slSetSoundOutput
                0x000000000603415c                slGetHelpWindow
                0x0000000006034168                slSetHelpWindow
 *fill*         0x0000000006034188        0x8 
 SLPROG         0x0000000006034190      0x470 /joengine/Compiler/COMMON/SGL_302j/LIB_ELF/LIBSGL.A(sglH02.o)
                0x0000000006034580                smpc_pfr_tbl
                0x00000000060345c0                smpc_ptf_tbl
 SLPROG         0x0000000006034600       0x60 /joengine/Compiler/COMMON/SGL_302j/LIB_ELF/LIBSGL.A(sglH04.o)
                0x0000000006034600                slComPrmIntBack
                0x0000000006034614                slComPrmSetMemory
                0x000000000603462a                slComPrmSetTime
 SLPROG         0x0000000006034660      0x3a4 /joengine/Compiler/COMMON/SGL_302j/LIB_ELF/LIBSGL.A(sglI01.o)
                0x0000000006034660                slInitSynch
                0x000000000603467a                slSynch
                0x0000000006034770                slRandom
                0x000000000603478e                PCM_EndCheck
                0x000000000603484a                RetPCMBuf
                0x00000000060348e4                PCM_Buf
                0x0000000006034984                Sound_Buf
 *fill*         0x0000000006034a04        0xc 
 SLPROG         0x0000000006034a10       0x10 /joengine/Compiler/COMMON/SGL_302j/LIB_ELF/LIBSGL.A(sglI04.o)
                0x0000000006034a10                slIntFunction
 SLPROG         0x0000000006034a20       0x74 /joengine/Compiler/COMMON/SGL_302j/LIB_ELF/LIBSGL.A(sglJ00.o)
                0x0000000006034a20                InitSlaveSH
                0x0000000006034a88                SlaveCommand
 *fill*         0x0000000006034a94        0xc 
 SLPROG         0x0000000006034aa0      0x3d0 /joengine/Compiler/COMMON/SGL_302j/LIB_ELF/LIBSGL.A(sglJ01.o)
                0x0000000006034aa0                SlaveControl
                0x0000000006034e5c                ErasePolygonData
 SLPROG         0x0000000006034e70     0x12b8 /joengine/Compiler/COMMON/SGL_302j/LIB_ELF/LIBSGL.A(sglJ02.o)
                0x0000000006034e70                sbMakePolygon
                0x0000000006035058                sbCalcPolygon
                0x0000000006035d90                SetTexture
                0x0000000006035d9c                SetPolygon
                0x0000000006035da4                SetPosition
                0x0000000006035ddc                stvtc_4
                0x0000000006035e94                stvtc_3
                0x00000000060360a4                stvtc_1
                0x00000000060360b8                stvtc_2
                0x00000000060360cc                stvtc_0
 *fill*         0x0000000006036128        0x8 
 SLPROG         0x0000000006036130      0x140 /joengine/Compiler/COMMON/SGL_302j/LIB_ELF/LIBSGL.A(sglJ03.o)
                0x0000000006036130                sbMakeDMATable
 SLPROG         0x0000000006036270      0x470 /joengine/Compiler/COMMON/SGL_302j/LIB_ELF/LIBSGL.A(sglJ04.o)
                0x00000000060362ce                sbMakeSprite
                0x0000000006036334                sbMakeRotSprite
 SLPROG         0x00000000060366e0       0x3c /joengine/Compiler/COMMON/SGL_302j/LIB_ELF/LIBSGL.A(sglJ05.o)
                0x00000000060366e0                sbSortEntry
 *fill*         0x000000000603671c        0x4 
 SLPROG         0x0000000006036720      0x4b8 /joengine/Compiler/COMMON/SGL_302j/LIB_ELF/LIBSGL.A(sglM00.o)
                0x0000000006036720                slInitGouraud
                0x0000000006036814                slPutPolygonX
                0x000000000603685a                slGouraudTblCopy
                0x00000000060368b2                slSetGouraudTbl
                0x00000000060368b8                slSetGouraudColor
                0x0000000006036930                slSetAmbient
                0x0000000006036954                slSetFlatColor
 *fill*         0x0000000006036bd8        0x8 
 SLPROG         0x0000000006036be0       0x6a /joengine/Compiler/COMMON/SGL_302j/LIB_ELF/LIBSGL.A(sglM01.o)
                0x0000000006036be0                slSetDepthLimit
                0x0000000006036c0c                slSetDepthTbl
                0x0000000006036c3c                DepthWorkArea
 *fill*         0x0000000006036c4a        0x6 
 SLPROG         0x0000000006036c50       0x20 /joengine/Compiler/COMMON/SGL_302j/LIB_ELF/LIBSGL.A(sglA00.o)
                0x0000000006036c50                set_imask
                0x0000000006036c50                _builtin_set_imask
                0x0000000006036c64                get_imask
                0x0000000006036c64                _builtin_get_imask
 SLPROG         0x0000000006036c70     0x215c /joengine/Compiler/COMMON/SGL_302j/LIB_ELF/LIBSGL.A(sglA03.o)
                0x0000000006036c70                slTan
 *fill*         0x0000000006038dcc        0x4 
 SLPROG         0x0000000006038dd0       0x34 /joengine/Compiler/COMMON/SGL_302j/LIB_ELF/LIBSGL.A(sglA10.o)
                0x0000000006038dd0                slSquartDbl
 *fill*         0x0000000006038e04        0xc 
 SLPROG         0x0000000006038e10      0x3c2 /joengine/Compiler/COMMON/SGL_302j/LIB_ELF/LIBSGL.A(sglA24.o)
                0x0000000006038e10                slInversMatrix
 *fill*         0x00000000060391d2        0xe 
 SLPROG         0x00000000060391e0       0x24 /joengine/Compiler/COMMON/SGL_302j/LIB_ELF/LIBSGL.A(sglA25.o)
                0x00000000060391e0                slTransposeMatrix
 *fill*         0x0000000006039204        0xc 
 SLPROG         0x0000000006039210      0xbd0 /joengine/Compiler/COMMON/SGL_302j/LIB_ELF/LIBSGL.A(sglB000.o)
                0x0000000006039210                slInitScroll