Archive member included to satisfy reference by file (symbol)

/joe/Compiler/COMMON/SGL_302j/LIB_ELF/SEGA_SYS.A(sys_exit.o)
                              jo_engine/core.o (symbol from plugin) (SYS_Exit)
/joe/Compiler/COMMON/SGL_302j/LIB_ELF/SEGA_SYS.A(sys_sub.o)
                              /joe/Compiler/COMMON/SGL_302j/LIB_ELF/SEGA_SYS.A(sys_exit.o) (SYSUB_SetStackptr)
/joe/Compiler/COMMON/SGL_302j/LIB_ELF/LIBCD.A(CDC_CMN.O)
                              /joe/Compiler/COMMON/SGL_302j/LIB_ELF/SEGA_SYS.A(sys_exit.o) (CDC_GetCurStat)
/joe/Compiler/COMMON/SGL_302j/LIB_ELF/LIBCD.A(CDC_DRV.O)
                              pcmsys.o (symbol from plugin) (CDC_CdPlay)
/joe/Compiler/COMMON/SGL_302j/LIB_ELF/LIBCD.A(CDC_CFS.O)
                              /joe/Compiler/COMMON/SGL_302j/LIB_ELF/SEGA_SYS.A(sys_exit.o) (CDC_ChgDir)
/joe/Compiler/COMMON/SGL_302j/LIB_ELF/LIBCD.A(CDC_REG.O)
                              /joe/Compiler/COMMON/SGL_302j/LIB_ELF/SEGA_SYS.A(sys_exit.o) (CDC_GetHirqReq)
/joe/Compiler/COMMON/SGL_302j/LIB_ELF/LIBCD.A(CDC_SUB.O)
                              /joe/Compiler/COMMON/SGL_302j/LIB_ELF/LIBCD.A(CDC_CMN.O) (CDSUB_UpdStatus)
/joe/Compiler/COMMON/SGL_302j/LIB_ELF/LIBCD.A(GFS.O)
                              pcmsys.o (symbol from plugin) (GFS_Init)
/joe/Compiler/COMMON/SGL_302j/LIB_ELF/LIBCD.A(GFS_BUF.O)
                              /joe/Compiler/COMMON/SGL_302j/LIB_ELF/LIBCD.A(GFS.O) (GFBF_GetNumData)
/joe/Compiler/COMMON/SGL_302j/LIB_ELF/LIBCD.A(GFS_CDB.O)
                              /joe/Compiler/COMMON/SGL_302j/LIB_ELF/LIBCD.A(GFS.O) (GFCB_Close)
/joe/Compiler/COMMON/SGL_302j/LIB_ELF/LIBCD.A(GFS_CDC.O)
                              /joe/Compiler/COMMON/SGL_302j/LIB_ELF/LIBCD.A(GFS.O) (GFCD_SetCdbfs)
/joe/Compiler/COMMON/SGL_302j/LIB_ELF/LIBCD.A(GFS_CDF.O)
                              /joe/Compiler/COMMON/SGL_302j/LIB_ELF/LIBCD.A(GFS.O) (GFCF_Init)
/joe/Compiler/COMMON/SGL_302j/LIB_ELF/LIBCD.A(GFS_DIR.O)
                              /joe/Compiler/COMMON/SGL_302j/LIB_ELF/LIBCD.A(GFS.O) (GFDR_SetupDirTbl)
/joe/Compiler/COMMON/SGL_302j/LIB_ELF/LIBCD.A(GFS_TRN.O)
                              /joe/Compiler/COMMON/SGL_302j/LIB_ELF/LIBCD.A(GFS.O) (GFTR_Setup)
/joe/Compiler/COMMON/SGL_302j/LIB_ELF/LIBCD.A(CDC_DEV.O)
                              /joe/Compiler/COMMON/SGL_302j/LIB_ELF/LIBCD.A(GFS_CDC.O) (CDC_CdSetCon)
/joe/Compiler/COMMON/SGL_302j/LIB_ELF/LIBCD.A(CDC_SEL.O)
                              /joe/Compiler/COMMON/SGL_302j/LIB_ELF/LIBCD.A(GFS_CDC.O) (CDC_SetFiltRange)
/joe/Compiler/COMMON/SGL_302j/LIB_ELF/LIBCD.A(CDC_BIF.O)
                              /joe/Compiler/COMMON/SGL_302j/LIB_ELF/LIBCD.A(GFS_CDC.O) (CDC_GetBufSiz)
/joe/Compiler/COMMON/SGL_302j/LIB_ELF/LIBCD.A(CDC_BIO.O)
                              /joe/Compiler/COMMON/SGL_302j/LIB_ELF/LIBCD.A(GFS_CDC.O) (CDC_SetSctLen)
/joe/Compiler/COMMON/SGL_302j/LIB_ELF/LIBSGL.A(sglA01.o)
                              jo_engine/math.o (symbol from plugin) (slSin)
/joe/Compiler/COMMON/SGL_302j/LIB_ELF/LIBSGL.A(sglA15.o)
                              jo_engine/slave.o (symbol from plugin) (slSlaveFunc)
/joe/Compiler/COMMON/SGL_302j/LIB_ELF/LIBSGL.A(sglA16.o)
                              main.o (symbol from plugin) (slLookAt)
/joe/Compiler/COMMON/SGL_302j/LIB_ELF/LIBSGL.A(sglA17.o)
                              /joe/Compiler/COMMON/SGL_302j/LIB_ELF/LIBSGL.A(sglA16.o) (slRotZ)
/joe/Compiler/COMMON/SGL_302j/LIB_ELF/LIBSGL.A(sglA18.o)
                              main.o (symbol from plugin) (slRotY)
/joe/Compiler/COMMON/SGL_302j/LIB_ELF/LIBSGL.A(sglA19.o)
                              main.o (symbol from plugin) (slRotX)
/joe/Compiler/COMMON/SGL_302j/LIB_ELF/LIBSGL.A(sglA20.o)
                              main.o (symbol from plugin) (slUnitMatrix)
/joe/Compiler/COMMON/SGL_302j/LIB_ELF/LIBSGL.A(sglA21.o)
                              main.o (symbol from plugin) (slPushMatrix)
/joe/Compiler/COMMON/SGL_302j/LIB_ELF/LIBSGL.A(sglA27.o)
                              /joe/Compiler/COMMON/SGL_302j/LIB_ELF/LIBSGL.A(sglA16.o) (slTranslate)
/joe/Compiler/COMMON/SGL_302j/LIB_ELF/LIBSGL.A(sglA28.o)
                              main.o (symbol from plugin) (slScale)
/joe/Compiler/COMMON/SGL_302j/LIB_ELF/LIBSGL.A(sglA40.o)
                              main.o (symbol from plugin) (slCalcVector)
/joe/Compiler/COMMON/SGL_302j/LIB_ELF/LIBSGL.A(sglB001.o)
                              main.o (symbol from plugin) (slTVOn)
/joe/Compiler/COMMON/SGL_302j/LIB_ELF/LIBSGL.A(sglB011.o)
                              jo_engine/vdp2.o (symbol from plugin) (slBitMapNbg1)
/joe/Compiler/COMMON/SGL_302j/LIB_ELF/LIBSGL.A(sglB014.o)
                              jo_engine/vdp2.o (symbol from plugin) (slScrTransparent)
/joe/Compiler/COMMON/SGL_302j/LIB_ELF/LIBSGL.A(sglB015.o)
                              jo_engine/vdp2.o (symbol from plugin) (slScrAutoDisp)
/joe/Compiler/COMMON/SGL_302j/LIB_ELF/LIBSGL.A(sglB016.o)
[...]
Memory Configuration

Name             Origin             Length             Attributes
*default*        0x0000000000000000 0xffffffffffffffff

Linker script and memory map


SLSTART         0x0000000006004000       0x30
                0x0000000006004000                ___Start = .
 *(SLSTART)
 SLSTART        0x0000000006004000       0x28 /joe/Compiler/COMMON/SGL_302j/LIB_ELF/LIBSGL.A(sglI00.o)
                0x0000000006004000                SGL_Start
                0x0000000006004002                slStartSGL

.text           0x0000000006004040    0x26580
 *(.text)
 .text          0x0000000006004040        0x0 /joe/Compiler/COMMON/SGL_302j/LIB_ELF/SGLAREA.O
 .text          0x0000000006004040     0x7e84 /tmp/ccuT1qv5.ltrans0.ltrans.o
                0x0000000006004528                jo_sprite_draw.constprop.39
                0x000000000600466c                jo_nbg2_print.constprop.38
                0x00000000060046f8                render_CLUT_sprite_MESH.constprop.37
                0x0000000006004744                __jo_core_set_screens_order.constprop.36
                0x0000000006004814                CDDAPlaySingle.constprop.31
                0x0000000006004850                jo_free
                0x0000000006004878                jo_vdp2_clear_bitmap_nbg1.constprop.23
                0x00000000060048e8                jo_backup_unmount.constprop.12
                0x0000000006004980                jo_vdp2_malloc
                0x0000000006004b24                jo_vdp2_free
                0x0000000006004d1c                jo_vdp2_disable_rbg0
                0x0000000006004efc                __jo_create_map.lto_priv.572
                0x0000000006004f74                jo_img_to_vdp2_cells
                0x000000000600501c                jo_set_default_background_color
                0x000000000600524c                jo_sprite_free_from
                0x0000000006005484                jo_strlen
                0x00000000060054e8                jo_getdate
                0x00000000060055bc                jo_malloc_with_behaviour
                0x0000000006005c10                load_textures.constprop.25
                0x0000000006005c4c                jo_backup_mount.constprop.7
                0x0000000006005e60                jo_random
                0x0000000006005ed0                jo_atan2f_rad
                0x0000000006006094                load_binary.constprop.29
                0x0000000006006bc4                jo_fixed_cos
                0x0000000006006c20                jo_fixed_sin
                0x0000000006007070                __jo_tga_any_loader
                0x0000000006007238                jo_sprite_add_tga.constprop.24
                0x00000000060073ac                _realloc_r
                0x0000000006007450                _calloc_r
                0x0000000006007484                _free_r
                0x00000000060074b4                _malloc_r
                0x0000000006007548                mnet_client_log
                0x00000000060076a4                mnet_send_remove_local_player
                0x0000000006007720                mnet_tick
                0x0000000006008dd4                lobby_screen
                0x000000000600a320                connecting_screen
 .text          0x000000000600bec4     0xd310 /tmp/ccuT1qv5.ltrans1.ltrans.o
                0x000000000600ccf8                my_vblank
                0x000000000601006c                CDDAStop
                0x0000000006010088                load_16bit_pcm
                0x00000000060101e8                pcm_cease
                0x0000000006010210                pcm_play
                0x0000000006013ea4                init_3d_planes
                0x00000000060143e4                load_trackmap
                0x0000000006014420                load_preview
                0x0000000006014d78                load_car
                0x00000000060165a8                gameLoop
 .text          0x00000000060191d4     0x341c /tmp/ccuT1qv5.ltrans2.ltrans.o
                0x00000000060191d4                saturn_transport_send.lto_priv.451
                0x000000000601922c                saturn_transport_rx_byte.lto_priv.450
                0x0000000006019240                saturn_transport_rx_ready.lto_priv.449
                0x000000000601925c                draw_powerups
                0x0000000006019364                create_particles
                0x0000000006019438                computeLight
                0x00000000060194a8                create_player
                0x00000000060196e8                set_player_position
                0x0000000006019830                getSeconds
                0x00000000060198b4                apply_player_gravity
                0x000000000601990c                init_1p_display
                0x0000000006019994                init_2p_display
                0x0000000006019a24                stop_engine_sound
                0x0000000006019a90                stop_sounds
                0x0000000006019b10                reset_to_last_checkpoint
                0x0000000006019c08                reset_demo
                0x0000000006019e10                render_CLUT_sprite
                0x0000000006019e60                ztClearText
                0x0000000006019eac                transition_to_end_level
                0x000000000601a04c                mmm_online_start_race
                0x000000000601a430                mmm_get_p2_port
                0x000000000601a90c                saturn_uart_puts.lto_priv.441
                0x000000000601a960                modem_read_line.lto_priv.442
                0x000000000601ab10                modem_escape_to_command.lto_priv.445.lto_priv.447
                0x000000000601b19c                saturn_uart_init.lto_priv.443
                0x000000000601b254                saturn_uart_set_baud.lto_priv.444
                0x000000000601ba88                saturn_uart_flush_rx.lto_priv.448
                0x000000000601bad4                saturn_uart_loopback_test.lto_priv.453.lto_priv.455
                0x000000000601bb9c                saturn_uart_read_raw.lto_priv.456.lto_priv.458
                0x000000000601bc18                saturn_uart_getc_timeout.lto_priv.459.lto_priv.461
                0x000000000601bc4c                saturn_uart_getc.lto_priv.462.lto_priv.464
                0x000000000601bc78                saturn_uart_putc.lto_priv.465.lto_priv.467
                0x000000000601bcb4                saturn_uart_read_iir.lto_priv.468.lto_priv.470
                0x000000000601bccc                saturn_uart_read_msr.lto_priv.471.lto_priv.473
                0x000000000601bcec                saturn_uart_read_lsr.lto_priv.474.lto_priv.476
                0x000000000601bd08                saturn_uart_clear_errors.lto_priv.477.lto_priv.479
                0x000000000601bd28                saturn_uart_rx_error.lto_priv.480.lto_priv.482
                0x000000000601bd48                saturn_uart_rx_ready.lto_priv.483.lto_priv.485
                0x000000000601bd64                saturn_uart_tx_ready.lto_priv.486.lto_priv.488
                0x000000000601be44                saturn_uart_detect.lto_priv.328
                0x000000000601bed0                saturn_uart_reg_write.lto_priv.489.lto_priv.491
                0x000000000601bee8                saturn_uart_reg_read.lto_priv.492.lto_priv.494
                0x000000000601bf04                saturn_netlink_smpc_disable.lto_priv.495.lto_priv.497
                0x000000000601bf30                saturn_netlink_smpc_enable.lto_priv.452
                0x000000000601bfbc                saturn_smpc_command.lto_priv.498.lto_priv.500
                0x000000000601bfe4                mnet_encode_lap_complete.lto_priv.341.lto_priv.344
                0x000000000601c00c                mnet_encode_client_log.lto_priv.337.lto_priv.340
                0x000000000601c0b4                mnet_encode_leaderboard_req.lto_priv.345.lto_priv.348
                0x000000000601c0c4                mnet_encode_remove_local_player.lto_priv.349.lto_priv.352
                0x000000000601c0d4                mnet_encode_add_local_player.lto_priv.329.lto_priv.332
                0x000000000601c158                mnet_encode_powerup_pickup.lto_priv.353.lto_priv.356
                0x000000000601c16c                mnet_encode_player_state_p2.lto_priv.357.lto_priv.360
                0x000000000601c204                mnet_encode_player_state.lto_priv.361.lto_priv.364
                0x000000000601c294                mnet_encode_input_state_p2.lto_priv.365.lto_priv.368
                0x000000000601c2c0                mnet_encode_input_state.lto_priv.369.lto_priv.372
                0x000000000601c2e8                mnet_encode_car_select.lto_priv.373.lto_priv.376
                0x000000000601c2fc                mnet_encode_start_game.lto_priv.377.lto_priv.380
                0x000000000601c30c                mnet_encode_ready.lto_priv.381.lto_priv.384
                0x000000000601c31c                mnet_encode_heartbeat.lto_priv.385.lto_priv.388
                0x000000000601c32c                mnet_encode_disconnect.lto_priv.389.lto_priv.392
                0x000000000601c33c                mnet_encode_set_username.lto_priv.333.lto_priv.336
                0x000000000601c3bc                mnet_encode_connect_uuid.lto_priv.393.lto_priv.396
                0x000000000601c3dc                mnet_encode_connect.lto_priv.397.lto_priv.400
                0x000000000601c3ec                mnet_read_string.lto_priv.401.lto_priv.404
                0x000000000601c434                mnet_rx_poll.lto_priv.405.lto_priv.440
                0x000000000601c4e4                mnet_rx_init.lto_priv.408.lto_priv.411
                0x000000000601c4f4                mnet_send_frame.lto_priv.412.lto_priv.415
                0x000000000601c534                net_transport_is_connected.lto_priv.416.lto_priv.419
                0x000000000601c54c                net_transport_send.lto_priv.420.lto_priv.423
                0x000000000601c560                net_transport_rx_byte.lto_priv.424.lto_priv.427
                0x000000000601c574                net_transport_rx_ready.lto_priv.428.lto_priv.431
                0x000000000601c588                get_gbr.lto_priv.53.lto_priv.77
                0x000000000601c590                set_gbr.lto_priv.78.lto_priv.102
                0x000000000601c598                get_vbr.lto_priv.103.lto_priv.127
                0x000000000601c5a0                set_vbr.lto_priv.128.lto_priv.152
                0x000000000601c5a8                set_imask.lto_priv.153.lto_priv.177
                0x000000000601c5bc                get_imask.lto_priv.178.lto_priv.202
                0x000000000601c5c8                get_sr.lto_priv.203.lto_priv.227
                0x000000000601c5d0                set_sr.lto_priv.228.lto_priv.252
                0x000000000601c5d8                tas.lto_priv.253.lto_priv.277
                0x000000000601c5e0                sleep.lto_priv.278.lto_priv.302
                0x000000000601c5e8                nop.lto_priv.303.lto_priv.327
 .text          0x000000000601c5f0      0x238 /joe/Compiler/COMMON/SGL_302j/LIB_ELF/SEGA_SYS.A(sys_exit.o)
                0x000000000601c5f0                sys_version
                0x000000000601c610                SYS_Exit
 *fill*         0x000000000601c828        0x8 
 .text          0x000000000601c830        0x6 /joe/Compiler/COMMON/SGL_302j/LIB_ELF/SEGA_SYS.A(sys_sub.o)
                0x000000000601c830                SYSUB_SetStackptr
 *fill*         0x000000000601c836        0xa 
 .text          0x000000000601c840      0x3a0 /joe/Compiler/COMMON/SGL_302j/LIB_ELF/LIBCD.A(CDC_CMN.O)
                0x000000000601c840                CDC_GetCurStat
                0x000000000601c890                CDC_GetLastStat
                0x000000000601c8a8                CDC_GetPeriStat
                0x000000000601c97c                CDC_GetHwInfo
                0x000000000601c9e4                CDC_TgetToc
                0x000000000601ca34                CDC_GetSes
                0x000000000601ca70                CDC_CdInit
                0x000000000601caf4                CDC_CdOpen
                0x000000000601cb1c                CDC_DataReady
                0x000000000601cb88                CDC_DataEnd
 .text          0x000000000601cbe0      0x130 /joe/Compiler/COMMON/SGL_302j/LIB_ELF/LIBCD.A(CDC_DRV.O)
                0x000000000601cbe0                CDC_CdPlay
                0x000000000601ccac                CDC_CdSeek
                0x000000000601cce0                CDC_CdScan
 .text          0x000000000601cd10      0x194 /joe/Compiler/COMMON/SGL_302j/LIB_ELF/LIBCD.A(CDC_CFS.O)
                0x000000000601cd10                CDC_ChgDir
                0x000000000601cd44                CDC_ReadDir
                0x000000000601cd78                CDC_GetFileScope
                0x000000000601cdd8                CDC_TgetFileInfo
                0x000000000601ce34                CDC_ReadFile
                0x000000000601ce68                CDC_AbortFile
 *fill*         0x000000000601cea4        0xc 
 .text          0x000000000601ceb0      0x2dc /joe/Compiler/COMMON/SGL_302j/LIB_ELF/LIBCD.A(CDC_REG.O)
                0x000000000601ceb0                CDC_GetDataPtr
                0x000000000601cec0                CDC_GetHirqReq
                0x000000000601ced4                CDC_ClrHirqReq
                0x000000000601cf04                CDREG_ClrHirqReq
                0x000000000601cf14                CDREG_InitHirqReq
                0x000000000601cf3c                CDREG_SetHirqFlag
                0x000000000601cf50                CDC_GetHirqMsk
                0x000000000601cf64                CDC_SetHirqMsk
                0x000000000601cf74                CDC_GetMpegPtr
                0x000000000601cf84                CDREG_TgetData
                0x000000000601cfe0                CDREG_CmdRsp
                0x000000000601d0e0                CDREG_WaitHirq
                0x000000000601d150                CDREG_ReadRsp
 *fill*         0x000000000601d18c        0x4 
 .text          0x000000000601d190      0x152 /joe/Compiler/COMMON/SGL_302j/LIB_ELF/LIBCD.A(CDC_SUB.O)
                0x000000000601d190                CDSUB_UpdStatus
                0x000000000601d1a8                CDSUB_UpdCdstat
                0x000000000601d1c8                CDSUB_CdCmd
                0x000000000601d238                CDSUB_GetCdstat
                0x000000000601d278                CDSUB_RspToCdstat
                0x000000000601d2c0                CDSUB_SoftTimer
 *fill*         0x000000000601d2e2        0xe 
 .text          0x000000000601d2f0     0x1adc /joe/Compiler/COMMON/SGL_302j/LIB_ELF/LIBCD.A(GFS.O)
                0x000000000601d2f0                gfs_version
                0x000000000601d310                GFS_Init
                0x000000000601d3f8                GFS_LoadDir
                0x000000000601d4a0                GFS_SetDir
                0x000000000601d508                GFS_NameToId
                0x000000000601d56c                GFS_IdToName
                0x000000000601d5d8                GFS_GetDirInfo
                0x000000000601d648                GFS_Reset
                0x000000000601d6cc                GFS_Open
                0x000000000601d780                GFS_Close
                0x000000000601d7b8                GFS_Seek
                0x000000000601d86c                GFS_Tell
                0x000000000601d8bc                GFS_IsEof
                0x000000000601d910                GFS_ByteToSct
                0x000000000601d96c                GFS_GetFileSize
                0x000000000601d9c8                GFS_GetFileInfo
                0x000000000601da3c                GFS_GetNumCdbuf
                0x000000000601da64                GFS_Load
                0x000000000601db28                GFS_Fread
                0x000000000601dbc4                gfs_waitRead
                0x000000000601dc6c                GFS_NwFread
                0x000000000601dd78                GFS_NwCdRead
                0x000000000601ddf0                GFS_NwIsComplete
                0x000000000601de28                GFS_NwStop
                0x000000000601de94                GFS_NwGetStat
                0x000000000601df10                gfs_recovRdErr
                0x000000000601df40                GFS_NwExecOne
                0x000000000601e000                GFS_NwExecServer
                0x000000000601e07c                GFS_SetGmode
                0x000000000601e0e0                GFS_SetTmode
                0x000000000601e14c                GFS_SetReadPara
                0x000000000601e1b0                GFS_SetTransPara
                0x000000000601e21c                GFS_SetTrFunc
                0x000000000601e280                GFS_StartTrans
                0x000000000601e2cc                GFS_CdMovePickup
                0x000000000601e338                GFS_SetErrFunc
                0x000000000601e364                GFS_GetErrStat
                0x000000000601e388                GFS_ConvTno
                0x000000000601e3b0                gfs_chgRoot
                0x000000000601e47c                gfs_aborttrans
                0x000000000601e488                gfs_mngSetupFuncTbl
                0x000000000601e4bc                gfs_mngInitWork
                0x000000000601e560                gfs_mngGetNumFile
                0x000000000601e5c8                GFS_mngAllocGrp
                0x000000000601e610                gfs_mngFreeGrp
                0x000000000601e61c                gfs_mngTermAccess
                0x000000000601e6a0                gfs_mngSetErrCode
                0x000000000601e720                gfs_svrSearchHndl
                0x000000000601e760                gfs_svrAddHndl
                0x000000000601e79c                gfs_svrRemoveHndl
                0x000000000601e7f8                GFS_OpenSub
                0x000000000601e850                gfs_loadVol
                0x000000000601e914                gfs_getRootDir
                0x000000000601ea10                gfs_loadRootDir
                0x000000000601ea98                gfs_flowIn
                0x000000000601eb40                gfs_transData
                0x000000000601ebe4                GFS_GetFad
                0x000000000601ec3c                gfs_SetSct
                0x000000000601ec7c                gfs_GetFinfo
                0x000000000601ecbc                gfs_closeSub
                0x000000000601ecf8                gfs_getGmode
                0x000000000601ed04                gfs_isTaskDone
                0x000000000601ed58                gfs_convFinStat
 *fill*         0x000000000601edcc        0x4 
 .text          0x000000000601edd0      0x106 /joe/Compiler/COMMON/SGL_302j/LIB_ELF/LIBCD.A(GFS_BUF.O)
                0x000000000601ee00                GFBF_GetTranData
                0x000000000601ee28                GFBF_GetNumData
                0x000000000601ee58                GFBF_GetSrcPk
                0x000000000601ee80                GFBF_GetSctData
                0x000000000601eea4                GFBF_RtnPk
                0x000000000601eecc                gfbf_getSctDt
 *fill*         0x000000000601eed6        0xa 
 .text          0x000000000601eee0      0x600 /joe/Compiler/COMMON/SGL_302j/LIB_ELF/LIBCD.A(GFS_CDB.O)
                0x000000000601eee0                GFCB_Setup
                0x000000000601f000                GFCB_Close
                0x000000000601f028                GFCB_GetLenData
                0x000000000601f0d4                GFCB_GetLenRoom
                0x000000000601f0e0                GFCB_SetFilt
                0x000000000601f148                GFCB_DeleteAllData
                0x000000000601f170                GFCB_Tell
                0x000000000601f180                gfcb_getSctNum
                0x000000000601f1d0                GFCB_Seek
                0x000000000601f2cc                GFCB_GetSrcPack
                0x000000000601f3ac                GFCB_GetSctData
                0x000000000601f3e4                GFCB_GetDstPack
                0x000000000601f3f0                GFCB_RtnPk
                0x000000000601f438                GFCB_MovePickup
                0x000000000601f454                GFCB_SetCon
                0x000000000601f488                GFCB_GetPickup
                0x000000000601f4b0                GFCB_IsPuOwner
                0x000000000601f4c8                GFCB_UngetPickup
 .text          0x000000000601f4e0     0x1a10 /joe/Compiler/COMMON/SGL_302j/LIB_ELF/LIBCD.A(GFS_CDC.O)
                0x000000000601f4e0                GFCD_SetCdbfs
                0x000000000601f50c                GFCD_Init
                0x000000000601f710                GFCD_AllocFilt
                0x000000000601f74c                GFCD_FreeFilt
                0x000000000601f77c                GFCD_AllocBuf
                0x000000000601f7b0                GFCD_FreeBuf
                0x000000000601f854                GFCD_GetBaseFad
                0x000000000601f888                GFCD_GetPickup
                0x000000000601f8bc                GFCD_UngetPickup
                0x000000000601f8e8                GFCD_IsPuOwner
                0x000000000601f90c                GFCD_SetFilt
                0x000000000601f9d0                GFCD_GetFilt
                0x000000000601fa18                GFCD_SetCon
                0x000000000601fa70                GFCD_Play
                0x000000000601fad0                GFCD_GetLenData
                0x000000000601fb38                GFCD_ReqData
                0x000000000601fb94                GFCD_EndData
                0x000000000601fbdc                GFCD_DelSctData
                0x000000000601fc34                GFCD_CheckDelSctData
                0x000000000601fc64                GFCD_GetStat
                0x000000000601fd18                GFCD_MovePickup
                0x000000000601fd64                GFCD_MoveSctData
                0x000000000601fdd8                GFCD_CheckMove
                0x000000000601fdfc                GFCD_GetSctInfo
                0x000000000601fe44                GFCD_ChgDir
                0x000000000601feb8                GFCD_SetFiltCon
                0x000000000601ffa0                GFCD_GetFileInfo
                0x000000000602007c                GFCD_GetBufSiz
                0x00000000060200b4                GFCD_ExecServer
                0x0000000006020188                gfcd_isIdleTask
                0x0000000006020214                gfcd_doTask
                0x00000000060202c0                GFCD_SetTimer
                0x00000000060202d4                GFCD_WaitServer
                0x0000000006020310                gfcd_doSetFiltTsk
                0x00000000060204d4                gfcd_doSetConTsk
                0x0000000006020564                gfcd_doGetLenDataTsk
                0x00000000060206b8                gfcd_doReqDataTsk
                0x0000000006020758                gfcd_doDelSctDataTsk
                0x000000000602088c                gfcd_doMoveSctTsk
                0x00000000060209f0                gfcd_doChgDirTsk
                0x0000000006020bec                gfcd_doSetFiltConTsk
                0x0000000006020d30                gfcd_checkEflag
                0x0000000006020d54                gfcd_initCdbMng
                0x0000000006020dd4                gfcd_setStat
                0x0000000006020e00                GFCD_SetCsctFunc
                0x0000000006020e1c                GFCD_ChkScdqFlag
                0x0000000006020e40                GFCD_ClrScdqFlag
                0x0000000006020e5c                GFCD_WaitScdqFlag
                0x0000000006020ea0                GFCD_WaitPause
 .text          0x0000000006020ef0      0x8d8 /joe/Compiler/COMMON/SGL_302j/LIB_ELF/LIBCD.A(GFS_CDF.O)
                0x0000000006020ef0                GFCF_Init
                0x0000000006020f90                GFCF_Setup
                0x00000000060210d8                GFCF_SetSct
                0x000000000602111c                GFCF_GetFileInfo
                0x0000000006021190                GFCF_FlowInBuf
                0x00000000060212e4                GFCF_StopInBuf
                0x0000000006021384                GFCF_Recover
                0x00000000060213cc                GFCF_Tell
                0x00000000060213e4                GFCF_Seek
                0x00000000060213fc                GFCF_MovePickup
                0x0000000006021498                GFCF_cnvIntlvOfs
                0x00000000060214ec                GFCF_GetStat
                0x0000000006021584                gfcf_getSctSize
                0x00000000060215c0                gfcf_isCdOk
                0x0000000006021680                gfcf_getPlayRange
 *fill*         0x00000000060217c8        0x8 
 .text          0x00000000060217d0      0x92c /joe/Compiler/COMMON/SGL_302j/LIB_ELF/LIBCD.A(GFS_DIR.O)
                0x00000000060217d0                GFDR_SetupDirTbl
                0x0000000006021844                GFDR_NameToId
                0x00000000060218a4                GFDR_GetInfoDirId
                0x00000000060218b8                GFDR_GetInfoDirName
                0x00000000060218cc                GFDR_GetAtrDirId
                0x00000000060218e4                GFDR_GetAtrDirName
                0x00000000060218fc                GFDR_ChgRoot
                0x0000000006021914                GFDR_ChgDir
                0x0000000006021988                gfdr_setupDirIdTbl
                0x0000000006021a0c                gfdr_setupDirNameTbl
                0x0000000006021ab8                gfdr_open
                0x0000000006021ae0                gfdr_read
                0x0000000006021ba0                gfdr_readByte
                0x0000000006021bcc                gfdr_readWord
                0x0000000006021bf8                gfdr_readWordNB
                0x0000000006021c4c                gfdr_readLongNB
                0x0000000006021c98                gfdr_readLongNM
                0x0000000006021cc0                gfdr_setNextRec
                0x0000000006021d44                gfdr_readDirEnt
                0x00000000060220c0                gfdr_setDirrecCd
 *fill*         0x00000000060220fc        0x4 
 .text          0x0000000006022100      0x9c6 /joe/Compiler/COMMON/SGL_302j/LIB_ELF/LIBCD.A(GFS_TRN.O)
                0x0000000006022130                GFTR_Setup
                0x0000000006022174                GFTR_SetMode
                0x0000000006022188                GFTR_SetUnit
                0x0000000006022194                GFTR_SetTransPara
                0x00000000060221c8                GFTR_GetTransPara
                0x00000000060221d4                GFTR_GetNumTrans
                0x00000000060221e0                GFTR_SetTransMax
                0x00000000060221ec                GFTR_Start
                0x00000000060221f8                GFTR_Pause
                0x0000000006022204                GFTR_Stop
                0x00000000060222bc                GFTR_Exec
                0x0000000006022340                GFTR_Idle
                0x00000000060223b8                GFTR_ExecSvr
                0x00000000060224c0                gftr_getSrcPack
                0x0000000006022548                gftr_getDstPack
                0x00000000060225a4                gftr_reqScu
                0x00000000060225b0                gftr_execScu
                0x000000000602264c                gftr_remScu
                0x0000000006022680                gfdma_canUse
                0x000000000602268c                gfdma_exec
                0x00000000060226fc                gfdma_getBytecnt
                0x0000000006022734                gftr_reqDma0
                0x000000000602274c                gftr_execSdma0
                0x0000000006022770                gftr_remDma0
                0x0000000006022788                gftr_reqDma1
                0x00000000060227a0                gftr_execSdma1
                0x00000000060227c4                gftr_remDma1
                0x00000000060227dc                gftr_reqCpu
                0x00000000060227e8                gftr_execCpu
                0x0000000006022828                gftr_remCpu
                0x0000000006022834                gftr_reqTrn
                0x00000000060228a4                gftr_execTrn
                0x000000000602297c                gftr_remTrn
                0x00000000060229f0                gftr_copyFrac
                0x0000000006022a18                GFTR_GetLenData
                0x0000000006022a24                GFTR_GetLenRoom
                0x0000000006022a3c                GFTR_GetDstPack
                0x0000000006022a70                GFTR_RtnDstPk
                0x0000000006022a8c                GFTR_GetData
                0x0000000006022aa0                GFTR_SetData
                0x0000000006022ab4                GFTR_SetTransFunc
 *fill*         0x0000000006022ac6        0xa 
 .text          0x0000000006022ad0       0xa8 /joe/Compiler/COMMON/SGL_302j/LIB_ELF/LIBCD.A(CDC_DEV.O)
                0x0000000006022ad0                CDC_CdSetCon
                0x0000000006022b00                CDC_CdGetCon
                0x0000000006022b3c                CDC_CdGetLastBuf
 *fill*         0x0000000006022b78        0x8 
 .text          0x0000000006022b80      0x2b8 /joe/Compiler/COMMON/SGL_302j/LIB_ELF/LIBCD.A(CDC_SEL.O)
                0x0000000006022b80                CDC_SetFiltRange
                0x0000000006022bb4                CDC_GetFiltRange
                0x0000000006022c0c                CDC_SetFiltSubh
                0x0000000006022c7c                CDC_GetFiltSubh
                0x0000000006022cf8                CDC_SetFiltMode
                0x0000000006022d2c                CDC_GetFiltMode
                0x0000000006022d70                CDC_SetFiltCon
                0x0000000006022db0                CDC_GetFiltCon
                0x0000000006022e04                CDC_ResetSelector
 *fill*         0x0000000006022e38        0x8 
 .text          0x0000000006022e40      0x270 /joe/Compiler/COMMON/SGL_302j/LIB_ELF/LIBCD.A(CDC_BIF.O)
                0x0000000006022e40                CDC_GetBufSiz
                0x0000000006022e9c                CDC_GetSctNum
                0x0000000006022ee0                CDC_CalActSiz
                0x0000000006022f1c                CDC_GetActSiz
                0x0000000006022f9c                CDC_GetSctInfo
                0x000000000602301c                CDC_ExeFadSearch
                0x0000000006023054                CDC_GetFadSearch
 .text          0x00000000060230b0      0x1e4 /joe/Compiler/COMMON/SGL_302j/LIB_ELF/LIBCD.A(CDC_BIO.O)
                0x00000000060230b0                CDC_SetSctLen
                0x00000000060230e4                CDC_GetSctData
                0x0000000006023120                CDC_DelSctData
                0x000000000602315c                CDC_GetdelSctData
                0x0000000006023198                CDC_PutSctData
                0x00000000060231d0                CDC_CopySctData
                0x0000000006023214                CDC_MoveSctData
                0x0000000006023258                CDC_GetCopyErr
 *fill*         0x0000000006023294        0xc 
 .text          0x00000000060232a0        0x0 /joe/Compiler/COMMON/SGL_302j/LIB_ELF/LIBSGL.A(sglA01.o)
 .text          0x00000000060232a0        0x0 /joe/Compiler/COMMON/SGL_302j/LIB_ELF/LIBSGL.A(sglA15.o)
 .text          0x00000000060232a0        0x0 /joe/Compiler/COMMON/SGL_302j/LIB_ELF/LIBSGL.A(sglA16.o)
 .text          0x00000000060232a0        0x0 /joe/Compiler/COMMON/SGL_302j/LIB_ELF/LIBSGL.A(sglA17.o)
 .text          0x00000000060232a0        0x0 /joe/Compiler/COMMON/SGL_302j/LIB_ELF/LIBSGL.A(sglA18.o)
 .text          0x00000000060232a0        0x0 /joe/Compiler/COMMON/SGL_302j/LIB_ELF/LIBSGL.A(sglA19.o)
 .text          0x00000000060232a0        0x0 /joe/Compiler/COMMON/SGL_302j/LIB_ELF/LIBSGL.A(sglA20.o)
 .text          0x00000000060232a0        0x0 /joe/Compiler/COMMON/SGL_302j/LIB_ELF/LIBSGL.A(sglA21.o)
 .text          0x00000000060232a0        0x0 /joe/Compiler/COMMON/SGL_302j/LIB_ELF/LIBSGL.A(sglA27.o)
 .text          0x00000000060232a0        0x0 /joe/Compiler/COMMON/SGL_302j/LIB_ELF/LIBSGL.A(sglA28.o)
 .text          0x00000000060232a0        0x0 /joe/Compiler/COMMON/SGL_302j/LIB_ELF/LIBSGL.A(sglA40.o)
 .text          0x00000000060232a0        0x0 /joe/Compiler/COMMON/SGL_302j/LIB_ELF/LIBSGL.A(sglB001.o)
 .text          0x00000000060232a0        0x0 /joe/Compiler/COMMON/SGL_302j/LIB_ELF/LIBSGL.A(sglB011.o)
 .text          0x00000000060232a0        0x0 /joe/Compiler/COMMON/SGL_302j/LIB_ELF/LIBSGL.A(sglB014.o)
 .text          0x00000000060232a0        0x0 /joe/Compiler/COMMON/SGL_302j/LIB_ELF/LIBSGL.A(sglB015.o)
 .text          0x00000000060232a0        0x0 /joe/Compiler/COMMON/SGL_302j/LIB_ELF/LIBSGL.A(sglB016.o)
 .text          0x00000000060232a0        0x0 /joe/Compiler/COMMON/SGL_302j/LIB_ELF/LIBSGL.A(sglB020.o)
 .text          0x00000000060232a0        0x0 /joe/Compiler/COMMON/SGL_302j/LIB_ELF/LIBSGL.A(sglB021.o)
 .text          0x00000000060232a0        0x0 /joe/Compiler/COMMON/SGL_302j/LIB_ELF/LIBSGL.A(sglB023.o)
 .text          0x00000000060232a0        0x0 /joe/Compiler/COMMON/SGL_302j/LIB_ELF/LIBSGL.A(sglB031.o)
 .text          0x00000000060232a0        0x0 /joe/Compiler/COMMON/SGL_302j/LIB_ELF/LIBSGL.A(sglB032.o)
 .text          0x00000000060232a0        0x0 /joe/Compiler/COMMON/SGL_302j/LIB_ELF/LIBSGL.A(sglB033.o)
 .text          0x00000000060232a0        0x0 /joe/Compiler/COMMON/SGL_302j/LIB_ELF/LIBSGL.A(sglB034.o)
 .text          0x00000000060232a0        0x0 /joe/Compiler/COMMON/SGL_302j/LIB_ELF/LIBSGL.A(sglB035.o)
 .text          0x00000000060232a0        0x0 /joe/Compiler/COMMON/SGL_302j/LIB_ELF/LIBSGL.A(sglB036.o)
 .text          0x00000000060232a0        0x0 /joe/Compiler/COMMON/SGL_302j/LIB_ELF/LIBSGL.A(sglB038.o)
 .text          0x00000000060232a0        0x0 /joe/Compiler/COMMON/SGL_302j/LIB_ELF/LIBSGL.A(sglB039.o)
 .text          0x00000000060232a0        0x0 /joe/Compiler/COMMON/SGL_302j/LIB_ELF/LIBSGL.A(sglB040.o)
 .text          0x00000000060232a0        0x0 /joe/Compiler/COMMON/SGL_302j/LIB_ELF/LIBSGL.A(sglB041.o)
 .text          0x00000000060232a0        0x0 /joe/Compiler/COMMON/SGL_302j/LIB_ELF/LIBSGL.A(sglB042.o)
 .text          0x00000000060232a0        0x0 /joe/Compiler/COMMON/SGL_302j/LIB_ELF/LIBSGL.A(sglB043.o)
 .text          0x00000000060232a0        0x0 /joe/Compiler/COMMON/SGL_302j/LIB_ELF/LIBSGL.A(sglB044.o)
 .text          0x00000000060232a0        0x0 /joe/Compiler/COMMON/SGL_302j/LIB_ELF/LIBSGL.A(sglB045.o)
 .text          0x00000000060232a0        0x0 /joe/Compiler/COMMON/SGL_302j/LIB_ELF/LIBSGL.A(sglB047.o)
 .text          0x00000000060232a0        0x0 /joe/Compiler/COMMON/SGL_302j/LIB_ELF/LIBSGL.A(sglB048.o)
 .text          0x00000000060232a0        0x0 /joe/Compiler/COMMON/SGL_302j/LIB_ELF/LIBSGL.A(sglB055.o)
 .text          0x00000000060232a0        0x0 /joe/Compiler/COMMON/SGL_302j/LIB_ELF/LIBSGL.A(sglB056.o)
 .text          0x00000000060232a0        0x0 /joe/Compiler/COMMON/SGL_302j/LIB_ELF/LIBSGL.A(sglB057.o)
 .text          0x00000000060232a0        0x0 /joe/Compiler/COMMON/SGL_302j/LIB_ELF/LIBSGL.A(sglB058.o)
 .text          0x00000000060232a0        0x0 /joe/Compiler/COMMON/SGL_302j/LIB_ELF/LIBSGL.A(sglB059.o)
 .text          0x00000000060232a0        0x0 /joe/Compiler/COMMON/SGL_302j/LIB_ELF/LIBSGL.A(sglB060.o)
 .text          0x00000000060232a0        0x0 /joe/Compiler/COMMON/SGL_302j/LIB_ELF/LIBSGL.A(sglB063.o)
 .text          0x00000000060232a0        0x0 /joe/Compiler/COMMON/SGL_302j/LIB_ELF/LIBSGL.A(sglB087.o)
 .text          0x00000000060232a0        0x0 /joe/Compiler/COMMON/SGL_302j/LIB_ELF/LIBSGL.A(sglB088.o)
 .text          0x00000000060232a0        0x0 /joe/Compiler/COMMON/SGL_302j/LIB_ELF/LIBSGL.A(sglB090.o)
 .text          0x00000000060232a0        0x0 /joe/Compiler/COMMON/SGL_302j/LIB_ELF/LIBSGL.A(sglB200.o)
 .text          0x00000000060232a0        0x0 /joe/Compiler/COMMON/SGL_302j/LIB_ELF/LIBSGL.A(sglC01.o)
 .text          0x00000000060232a0        0x0 /joe/Compiler/COMMON/SGL_302j/LIB_ELF/LIBSGL.A(sglC03.o)
 .text          0x00000000060232a0        0x0 /joe/Compiler/COMMON/SGL_302j/LIB_ELF/LIBSGL.A(sglC04.o)
 .text          0x00000000060232a0        0x0 /joe/Compiler/COMMON/SGL_302j/LIB_ELF/LIBSGL.A(sglC05.o)
 .text          0x00000000060232a0        0x0 /joe/Compiler/COMMON/SGL_302j/LIB_ELF/LIBSGL.A(sglC06.o)
 .text          0x00000000060232a0        0x0 /joe/Compiler/COMMON/SGL_302j/LIB_ELF/LIBSGL.A(sglC07.o)
 .text          0x00000000060232a0        0x0 /joe/Compiler/COMMON/SGL_302j/LIB_ELF/LIBSGL.A(sglC08.o)
 .text          0x00000000060232a0        0x0 /joe/Compiler/COMMON/SGL_302j/LIB_ELF/LIBSGL.A(sglC14.o)
 .text          0x00000000060232a0        0x0 /joe/Compiler/COMMON/SGL_302j/LIB_ELF/LIBSGL.A(sglC16.o)
 .text          0x00000000060232a0        0x0 /joe/Compiler/COMMON/SGL_302j/LIB_ELF/LIBSGL.A(sglC17.o)
 .text          0x00000000060232a0        0x0 /joe/Compiler/COMMON/SGL_302j/LIB_ELF/LIBSGL.A(sglC19.o)
 .text          0x00000000060232a0        0x0 /joe/Compiler/COMMON/SGL_302j/LIB_ELF/LIBSGL.A(sglC20.o)
 .text          0x00000000060232a0        0x0 /joe/Compiler/COMMON/SGL_302j/LIB_ELF/LIBSGL.A(sglC21.o)
 .text          0x00000000060232a0        0x0 /joe/Compiler/COMMON/SGL_302j/LIB_ELF/LIBSGL.A(sglD00.o)
 .text          0x00000000060232a0        0x0 /joe/Compiler/COMMON/SGL_302j/LIB_ELF/LIBSGL.A(sglD01.o)
 .text          0x00000000060232a0        0x0 /joe/Compiler/COMMON/SGL_302j/LIB_ELF/LIBSGL.A(sglD02.o)
 .text          0x00000000060232a0        0x0 /joe/Compiler/COMMON/SGL_302j/LIB_ELF/LIBSGL.A(sglD03.o)
 .text          0x00000000060232a0        0x0 /joe/Compiler/COMMON/SGL_302j/LIB_ELF/LIBSGL.A(sglD15.o)
 .text          0x00000000060232a0        0x0 /joe/Compiler/COMMON/SGL_302j/LIB_ELF/LIBSGL.A(sglD16.o)
 .text          0x00000000060232a0        0x0 /joe/Compiler/COMMON/SGL_302j/LIB_ELF/LIBSGL.A(sglD17.o)
 .text          0x00000000060232a0        0x0 /joe/Compiler/COMMON/SGL_302j/LIB_ELF/LIBSGL.A(sglD18.o)
 .text          0x00000000060232a0        0x0 /joe/Compiler/COMMON/SGL_302j/LIB_ELF/LIBSGL.A(sglF08.o)
 .text          0x00000000060232a0        0x0 /joe/Compiler/COMMON/SGL_302j/LIB_ELF/LIBSGL.A(sglH00.o)
 .text          0x00000000060232a0        0x0 /joe/Compiler/COMMON/SGL_302j/LIB_ELF/LIBSGL.A(sglH01.o)
 .text          0x00000000060232a0        0x0 /joe/Compiler/COMMON/SGL_302j/LIB_ELF/LIBSGL.A(sglH02.o)
 .text          0x00000000060232a0        0x0 /joe/Compiler/COMMON/SGL_302j/LIB_ELF/LIBSGL.A(sglH04.o)
 .text          0x00000000060232a0        0x0 /joe/Compiler/COMMON/SGL_302j/LIB_ELF/LIBSGL.A(sglI01.o)
 .text          0x00000000060232a0        0x0 /joe/Compiler/COMMON/SGL_302j/LIB_ELF/LIBSGL.A(sglI04.o)
 .text          0x00000000060232a0      0x128 /joe/Compiler/COMMON/SGL_302j/LIB_ELF/LIBSGL.A(sglIc0.o)
                0x00000000060232a0                slInitSystem
 *fill*         0x00000000060233c8        0x8 
 .text          0x00000000060233d0        0x0 /joe/Compiler/COMMON/SGL_302j/LIB_ELF/LIBSGL.A(sglJ00.o)
 .text          0x00000000060233d0        0x0 /joe/Compiler/COMMON/SGL_302j/LIB_ELF/LIBSGL.A(sglJ01.o)
 .text          0x00000000060233d0        0x0 /joe/Compiler/COMMON/SGL_302j/LIB_ELF/LIBSGL.A(sglJ02.o)
 .text          0x00000000060233d0        0x0 /joe/Compiler/COMMON/SGL_302j/LIB_ELF/LIBSGL.A(sglJ03.o)
 .text          0x00000000060233d0        0x0 /joe/Compiler/COMMON/SGL_302j/LIB_ELF/LIBSGL.A(sglJ04.o)
 .text          0x00000000060233d0        0x0 /joe/Compiler/COMMON/SGL_302j/LIB_ELF/LIBSGL.A(sglJ05.o)
 .text          0x00000000060233d0        0x0 /joe/Compiler/COMMON/SGL_302j/LIB_ELF/LIBSGL.A(sglK01.o)
 .text          0x00000000060233d0        0x0 /joe/Compiler/COMMON/SGL_302j/LIB_ELF/LIBSGL.A(sglM00.o)
 .text          0x00000000060233d0        0x0 /joe/Compiler/COMMON/SGL_302j/LIB_ELF/LIBSGL.A(sglM01.o)
 .text          0x00000000060233d0        0x0 /joe/Compiler/COMMON/SGL_302j/LIB_ELF/LIBSGL.A(sglA00.o)
 .text          0x00000000060233d0        0x0 /joe/Compiler/COMMON/SGL_302j/LIB_ELF/LIBSGL.A(sglA03.o)
 .text          0x00000000060233d0        0x0 /joe/Compiler/COMMON/SGL_302j/LIB_ELF/LIBSGL.A(sglA10.o)
 .text          0x00000000060233d0        0x0 /joe/Compiler/COMMON/SGL_302j/LIB_ELF/LIBSGL.A(sglA24.o)
 .text          0x00000000060233d0        0x0 /joe/Compiler/COMMON/SGL_302j/LIB_ELF/LIBSGL.A(sglA25.o)
 .text          0x00000000060233d0        0x0 /joe/Compiler/COMMON/SGL_302j/LIB_ELF/LIBSGL.A(sglB000.o)
 .text          0x00000000060233d0        0x0 /joe/Compiler/COMMON/SGL_302j/LIB_ELF/LIBSGL.A(sglC00.o)
 .text          0x00000000060233d0        0x0 /joe/Compiler/COMMON/SGL_302j/LIB_ELF/LIBSGL.A(sglC13.o)
 .text          0x00000000060233d0        0x0 /joe/Compiler/COMMON/SGL_302j/LIB_ELF/LIBSGL.A(sglD19.o)
 .text          0x00000000060233d0        0x0 /joe/Compiler/COMMON/SGL_302j/LIB_ELF/LIBSGL.A(sglI00.o)
 .text          0x00000000060233d0        0x0 /joe/Compiler/COMMON/SGL_302j/LIB_ELF/LIBSGL.A(sglH03.o)
 .text          0x00000000060233d0       0x52 /joe/Compiler/LINUX/bin/../lib/gcc/sh-none-elf/8.2.0/libgcc.a(_ashiftrt.o)
                0x00000000060233d0                __ashiftrt_r4_31
                0x00000000060233d0                __ashiftrt_r4_32
                0x00000000060233d6                __ashiftrt_r4_30
                0x00000000060233d8                __ashiftrt_r4_29
                0x00000000060233da                __ashiftrt_r4_28
                0x00000000060233dc                __ashiftrt_r4_27
                0x00000000060233de                __ashiftrt_r4_26
                0x00000000060233e0                __ashiftrt_r4_25
                0x00000000060233e2                __ashiftrt_r4_24
                0x00000000060233ea                __ashiftrt_r4_23
                0x00000000060233ec                __ashiftrt_r4_22
                0x00000000060233ee                __ashiftrt_r4_21
                0x00000000060233f0                __ashiftrt_r4_20
                0x00000000060233f2                __ashiftrt_r4_19
                0x00000000060233f4                __ashiftrt_r4_18
                0x00000000060233f6                __ashiftrt_r4_17
                0x00000000060233f8                __ashiftrt_r4_16
                0x00000000060233fe                __ashiftrt_r4_15
                0x0000000006023400                __ashiftrt_r4_14
                0x0000000006023402                __ashiftrt_r4_13
                0x0000000006023404                __ashiftrt_r4_12
                0x0000000006023406                __ashiftrt_r4_11
                0x0000000006023408                __ashiftrt_r4_10
                0x000000000602340a                __ashiftrt_r4_9
                0x000000000602340c                __ashiftrt_r4_8
                0x000000000602340e                __ashiftrt_r4_7
                0x0000000006023410                __ashiftrt_r4_6
                0x0000000006023412                __ashiftrt_r4_5
                0x0000000006023414                __ashiftrt_r4_4
                0x0000000006023416                __ashiftrt_r4_3
                0x0000000006023418                __ashiftrt_r4_2
                0x000000000602341a                __ashiftrt_r4_1
                0x000000000602341e                __ashiftrt_r4_0
 *fill*         0x0000000006023422        0x2 
 .text          0x0000000006023424       0xa0 /joe/Compiler/LINUX/bin/../lib/gcc/sh-none-elf/8.2.0/libgcc.a(_sdivsi3.o)
                0x0000000006023424                __sdivsi3
 .text          0x00000000060234c4       0x6c /joe/Compiler/LINUX/bin/../lib/gcc/sh-none-elf/8.2.0/libgcc.a(_udivsi3.o)
                0x00000000060234e6                __udivsi3
 .text          0x0000000006023530      0x210 /joe/Compiler/LINUX/bin/../lib/gcc/sh-none-elf/8.2.0/libgcc.a(_addsub_sf.o)
                0x00000000060236a4                __addsf3
                0x00000000060236f0                __subsf3
 .text          0x0000000006023740      0x134 /joe/Compiler/LINUX/bin/../lib/gcc/sh-none-elf/8.2.0/libgcc.a(_mul_sf.o)
                0x0000000006023740                __mulsf3
 .text          0x0000000006023874       0xdc /joe/Compiler/LINUX/bin/../lib/gcc/sh-none-elf/8.2.0/libgcc.a(_div_sf.o)
                0x0000000006023874                __divsf3
 .text          0x0000000006023950       0x54 /joe/Compiler/LINUX/bin/../lib/gcc/sh-none-elf/8.2.0/libgcc.a(_eq_sf.o)
                0x0000000006023950                __eqsf2
 .text          0x00000000060239a4       0x54 /joe/Compiler/LINUX/bin/../lib/gcc/sh-none-elf/8.2.0/libgcc.a(_ne_sf.o)
                0x00000000060239a4                __nesf2
 .text          0x00000000060239f8       0x4c /joe/Compiler/LINUX/bin/../lib/gcc/sh-none-elf/8.2.0/libgcc.a(_gt_sf.o)
                0x00000000060239f8                __gtsf2
 .text          0x0000000006023a44       0x4c /joe/Compiler/LINUX/bin/../lib/gcc/sh-none-elf/8.2.0/libgcc.a(_ge_sf.o)
                0x0000000006023a44                __gesf2
 .text          0x0000000006023a90       0x54 /joe/Compiler/LINUX/bin/../lib/gcc/sh-none-elf/8.2.0/libgcc.a(_lt_sf.o)
                0x0000000006023a90                __ltsf2
 .text          0x0000000006023ae4       0x54 /joe/Compiler/LINUX/bin/../lib/gcc/sh-none-elf/8.2.0/libgcc.a(_le_sf.o)
                0x0000000006023ae4                __lesf2
 .text          0x0000000006023b38       0x84 /joe/Compiler/LINUX/bin/../lib/gcc/sh-none-elf/8.2.0/libgcc.a(_si_to_sf.o)
                0x0000000006023b38                __floatsisf
 .text          0x0000000006023bbc       0x7c /joe/Compiler/LINUX/bin/../lib/gcc/sh-none-elf/8.2.0/libgcc.a(_sf_to_si.o)
                0x0000000006023bbc                __fixsfsi
 .text          0x0000000006023c38       0x3c /joe/Compiler/LINUX/bin/../lib/gcc/sh-none-elf/8.2.0/libgcc.a(_sf_to_df.o)
                0x0000000006023c38                __extendsfdf2
 .text          0x0000000006023c74        0x0 /joe/Compiler/LINUX/bin/../lib/gcc/sh-none-elf/8.2.0/libgcc.a(_thenan_sf.o)
 .text          0x0000000006023c74       0x94 /joe/Compiler/LINUX/bin/../lib/gcc/sh-none-elf/8.2.0/libgcc.a(_usi_to_sf.o)
                0x0000000006023c74                __floatunsisf
 .text          0x0000000006023d08       0x28 /joe/Compiler/LINUX/bin/../lib/gcc/sh-none-elf/8.2.0/libgcc.a(_make_df.o)
                0x0000000006023d08                __make_dp
 .text          0x0000000006023d30       0x4c /joe/Compiler/LINUX/bin/../lib/gcc/sh-none-elf/8.2.0/libgcc.a(_df_to_sf.o)
                0x0000000006023d30                __truncdfsf2
 .text          0x0000000006023d7c      0x114 /joe/Compiler/LINUX/bin/../lib/gcc/sh-none-elf/8.2.0/libgcc.a(_pack_sf.o)
                0x0000000006023d7c                __pack_f
 .text          0x0000000006023e90       0xa0 /joe/Compiler/LINUX/bin/../lib/gcc/sh-none-elf/8.2.0/libgcc.a(_unpack_sf.o)
                0x0000000006023e90                __unpack_f
 .text          0x0000000006023f30       0xa8 /joe/Compiler/LINUX/bin/../lib/gcc/sh-none-elf/8.2.0/libgcc.a(_fpcmp_parts_sf.o)
                0x0000000006023f30                __fpcmp_parts_f
 .text          0x0000000006023fd8       0x20 /joe/Compiler/LINUX/bin/../lib/gcc/sh-none-elf/8.2.0/libgcc.a(_make_sf.o)
                0x0000000006023fd8                __make_fp
 .text          0x0000000006023ff8        0x0 /joe/Compiler/LINUX/bin/../lib/gcc/sh-none-elf/8.2.0/../../../../sh-none-elf/lib/libc.a(lib_a-impure.o)
 .text          0x0000000006023ff8       0x1e /joe/Compiler/LINUX/bin/../lib/gcc/sh-none-elf/8.2.0/../../../../sh-none-elf/lib/libc.a(lib_a-memcmp.o)
                0x0000000006023ff8                memcmp
 *fill*         0x0000000006024016        0x2 
 .text          0x0000000006024018       0x94 /joe/Compiler/LINUX/bin/../lib/gcc/sh-none-elf/8.2.0/../../../../sh-none-elf/lib/libc.a(lib_a-memcpy.o)
                0x0000000006024018                memcpy
 .text          0x00000000060240ac       0x40 /joe/Compiler/LINUX/bin/../lib/gcc/sh-none-elf/8.2.0/../../../../sh-none-elf/lib/libc.a(lib_a-memset.o)
                0x00000000060240ac                memset
 .text          0x00000000060240ec       0x58 /joe/Compiler/LINUX/bin/../lib/gcc/sh-none-elf/8.2.0/../../../../sh-none-elf/lib/libc.a(lib_a-rand.o)
                0x00000000060240ec                srand
                0x0000000006024100                rand
 .text          0x0000000006024144       0x60 /joe/Compiler/LINUX/bin/../lib/gcc/sh-none-elf/8.2.0/../../../../sh-none-elf/lib/libc.a(lib_a-rget.o)
                0x0000000006024144                __srget_r
                0x0000000006024190                __srget
 .text          0x00000000060241a4       0x8c /joe/Compiler/LINUX/bin/../lib/gcc/sh-none-elf/8.2.0/../../../../sh-none-elf/lib/libc.a(lib_a-sprintf.o)
                0x00000000060241a4                _sprintf_r
                0x00000000060241e4                sprintf
 .text          0x0000000006024230       0x22 /joe/Compiler/LINUX/bin/../lib/gcc/sh-none-elf/8.2.0/../../../../sh-none-elf/lib/libc.a(lib_a-strcat.o)
                0x0000000006024230                strcat
 *fill*         0x0000000006024252        0x2 
 .text          0x0000000006024254       0x38 /joe/Compiler/LINUX/bin/../lib/gcc/sh-none-elf/8.2.0/../../../../sh-none-elf/lib/libc.a(lib_a-strcmp.o)
                0x0000000006024254                strcmp
 .text          0x000000000602428c       0x3c /joe/Compiler/LINUX/bin/../lib/gcc/sh-none-elf/8.2.0/../../../../sh-none-elf/lib/libc.a(lib_a-strcpy.o)
                0x000000000602428c                strcpy
 .text          0x00000000060242c8       0x20 /joe/Compiler/LINUX/bin/../lib/gcc/sh-none-elf/8.2.0/../../../../sh-none-elf/lib/libc.a(lib_a-strlen.o)
                0x00000000060242c8                strlen
 .text          0x00000000060242e8       0x2a /joe/Compiler/LINUX/bin/../lib/gcc/sh-none-elf/8.2.0/../../../../sh-none-elf/lib/libc.a(lib_a-strncmp.o)
                0x00000000060242e8                strncmp
 .text          0x0000000006024312       0x32 /joe/Compiler/LINUX/bin/../lib/gcc/sh-none-elf/8.2.0/../../../../sh-none-elf/lib/libc.a(lib_a-strncpy.o)
                0x0000000006024312                strncpy
 .text          0x0000000006024344       0x36 /joe/Compiler/LINUX/bin/../lib/gcc/sh-none-elf/8.2.0/../../../../sh-none-elf/lib/libc.a(lib_a-strstr.o)
                0x0000000006024344                strstr
 *fill*         0x000000000602437a        0x2 
 .text          0x000000000602437c     0x1378 /joe/Compiler/LINUX/bin/../lib/gcc/sh-none-elf/8.2.0/../../../../sh-none-elf/lib/libc.a(lib_a-svfprintf.o)
                0x000000000602437c                _svfprintf_r
 .text          0x00000000060256f4       0xdc /joe/Compiler/LINUX/bin/../lib/gcc/sh-none-elf/8.2.0/../../../../sh-none-elf/lib/libc.a(lib_a-wbuf.o)
                0x00000000060256f4                __swbuf_r
                0x00000000060257bc                __swbuf
 .text          0x00000000060257d0       0xcc /joe/Compiler/LINUX/bin/../lib/gcc/sh-none-elf/8.2.0/../../../../sh-none-elf/lib/libc.a(lib_a-wsetup.o)
                0x00000000060257d0                __swsetup_r
 .text          0x000000000602589c      0xef4 /joe/Compiler/LINUX/bin/../lib/gcc/sh-none-elf/8.2.0/../../../../sh-none-elf/lib/libc.a(lib_a-dtoa.o)
                0x00000000060259d0                _dtoa_r
 .text          0x0000000006026790      0x1a8 /joe/Compiler/LINUX/bin/../lib/gcc/sh-none-elf/8.2.0/../../../../sh-none-elf/lib/libc.a(lib_a-fflush.o)
                0x0000000006026790                __sflush_r
                0x00000000060268d0                _fflush_r
                0x0000000006026910                fflush
 .text          0x0000000006026938      0x218 /joe/Compiler/LINUX/bin/../lib/gcc/sh-none-elf/8.2.0/../../../../sh-none-elf/lib/libc.a(lib_a-findfp.o)
                0x0000000006026994                _cleanup_r
                0x00000000060269a8                __sfmoreglue
                0x00000000060269f4                _cleanup
                0x0000000006026a08                __sinit
                0x0000000006026a5c                __sfp
                0x0000000006026b10                __sfp_lock_acquire
                0x0000000006026b14                __sfp_lock_release
                0x0000000006026b18                __sinit_lock_acquire
                0x0000000006026b1c                __sinit_lock_release
                0x0000000006026b20                __fp_lock_all
                0x0000000006026b38                __fp_unlock_all
 .text          0x0000000006026b50       0xb4 /joe/Compiler/LINUX/bin/../lib/gcc/sh-none-elf/8.2.0/../../../../sh-none-elf/lib/libc.a(lib_a-fwalk.o)
                0x0000000006026b50                _fwalk
                0x0000000006026ba6                _fwalk_reent
 .text          0x0000000006026c04       0x40 /joe/Compiler/LINUX/bin/../lib/gcc/sh-none-elf/8.2.0/../../../../sh-none-elf/lib/libc.a(lib_a-localeconv.o)
                0x0000000006026c04                __localeconv_l
                0x0000000006026c0c                _localeconv_r
                0x0000000006026c28                localeconv
 .text          0x0000000006026c44       0xa8 /joe/Compiler/LINUX/bin/../lib/gcc/sh-none-elf/8.2.0/../../../../sh-none-elf/lib/libc.a(lib_a-locale.o)
                0x0000000006026c44                _setlocale_r
                0x0000000006026c90                __locale_mb_cur_max
                0x0000000006026cb0                __locale_ctype_ptr_l
                0x0000000006026cba                __locale_ctype_ptr
                0x0000000006026cd8                setlocale
 .text          0x0000000006026cec      0x110 /joe/Compiler/LINUX/bin/../lib/gcc/sh-none-elf/8.2.0/../../../../sh-none-elf/lib/libc.a(lib_a-makebuf.o)
                0x0000000006026cec                __swhatbuf_r
                0x0000000006026d50                __smakebuf_r
 .text          0x0000000006026dfc       0x4c /joe/Compiler/LINUX/bin/../lib/gcc/sh-none-elf/8.2.0/../../../../sh-none-elf/lib/libc.a(lib_a-mbtowc_r.o)
                0x0000000006026dfc                _mbtowc_r
                0x0000000006026e20                __ascii_mbtowc
 .text          0x0000000006026e48       0x1c /joe/Compiler/LINUX/bin/../lib/gcc/sh-none-elf/8.2.0/../../../../sh-none-elf/lib/libc.a(lib_a-memchr.o)
                0x0000000006026e48                memchr
 .text          0x0000000006026e64      0xa9c /joe/Compiler/LINUX/bin/../lib/gcc/sh-none-elf/8.2.0/../../../../sh-none-elf/lib/libc.a(lib_a-mprec.o)
                0x0000000006026e64                _Balloc
                0x0000000006026ed8                _Bfree
                0x0000000006026ef0                __multadd
                0x0000000006026f98                __s2b
                0x0000000006027058                __hi0bits
                0x00000000060270ac                __lo0bits
                0x0000000006027110                __i2b
                0x000000000602712c                __multiply
                0x0000000006027270                __pow5mult
                0x000000000602732c                __lshift
                0x0000000006027420                __mcmp
                0x0000000006027458                __mdiff
                0x0000000006027534                __ulp
                0x00000000060275a0                __b2d
                0x0000000006027688                __d2b
                0x0000000006027774                __ratio
                0x00000000060277f8                _mprec_log10
                0x0000000006027850                __copybits
                0x0000000006027894                __any_on
 .text          0x0000000006027900      0x14c /joe/Compiler/LINUX/bin/../lib/gcc/sh-none-elf/8.2.0/../../../../sh-none-elf/lib/libc.a(lib_a-refill.o)
                0x0000000006027918                __srefill_r
 .text          0x0000000006027a4c       0xe0 /joe/Compiler/LINUX/bin/../lib/gcc/sh-none-elf/8.2.0/../../../../sh-none-elf/lib/libc.a(lib_a-stdio.o)
                0x0000000006027a4c                __sread
                0x0000000006027a88                __seofread
                0x0000000006027a8c                __swrite
                0x0000000006027adc                __sseek
                0x0000000006027b1c                __sclose
 .text          0x0000000006027b2c      0xa60 /joe/Compiler/LINUX/bin/../lib/gcc/sh-none-elf/8.2.0/../../../../sh-none-elf/lib/libc.a(lib_a-svfiprintf.o)
                0x0000000006027b2c                __ssprint_r
                0x0000000006027c60                _svfiprintf_r
 .text          0x000000000602858c       0x40 /joe/Compiler/LINUX/bin/../lib/gcc/sh-none-elf/8.2.0/../../../../sh-none-elf/lib/libc.a(lib_a-wctomb_r.o)
                0x000000000602858c                _wctomb_r
                0x00000000060285ac                __ascii_wctomb
 .text          0x00000000060285cc       0x34 /joe/Compiler/LINUX/bin/../lib/gcc/sh-none-elf/8.2.0/../../../../sh-none-elf/lib/libc.a(lib_a-writer.o)
                0x00000000060285cc                _write_r
 .text          0x0000000006028600       0x30 /joe/Compiler/LINUX/bin/../lib/gcc/sh-none-elf/8.2.0/../../../../sh-none-elf/lib/libc.a(lib_a-closer.o)
                0x0000000006028600                _close_r
 .text          0x0000000006028630        0x0 /joe/Compiler/LINUX/bin/../lib/gcc/sh-none-elf/8.2.0/../../../../sh-none-elf/lib/libc.a(lib_a-ctype_.o)
 .text          0x0000000006028630       0xc8 /joe/Compiler/LINUX/bin/../lib/gcc/sh-none-elf/8.2.0/../../../../sh-none-elf/lib/libc.a(lib_a-fclose.o)
                0x0000000006028630                _fclose_r
                0x00000000060286e4                fclose
 .text          0x00000000060286f8       0x34 /joe/Compiler/LINUX/bin/../lib/gcc/sh-none-elf/8.2.0/../../../../sh-none-elf/lib/libc.a(lib_a-fstatr.o)
                0x00000000060286f8                _fstat_r
 .text          0x000000000602872c       0x30 /joe/Compiler/LINUX/bin/../lib/gcc/sh-none-elf/8.2.0/../../../../sh-none-elf/lib/libc.a(lib_a-isattyr.o)
                0x000000000602872c                _isatty_r
 .text          0x000000000602875c       0x34 /joe/Compiler/LINUX/bin/../lib/gcc/sh-none-elf/8.2.0/../../../../sh-none-elf/lib/libc.a(lib_a-lseekr.o)
                0x000000000602875c                _lseek_r
 .text          0x0000000006028790       0x3c /joe/Compiler/LINUX/bin/../lib/gcc/sh-none-elf/8.2.0/../../../../sh-none-elf/lib/libc.a(lib_a-memmove.o)
                0x0000000006028790                memmove
 .text          0x00000000060287cc       0x34 /joe/Compiler/LINUX/bin/../lib/gcc/sh-none-elf/8.2.0/../../../../sh-none-elf/lib/libc.a(lib_a-readr.o)
                0x00000000060287cc                _read_r
 .text          0x0000000006028800      0x100 /joe/Compiler/LINUX/bin/../lib/gcc/sh-none-elf/8.2.0/../../../../sh-none-elf/lib/libc.a(lib_a-reent.o)
                0x0000000006028800                cleanup_glue
                0x000000000602882c                _reclaim_reent
 .text          0x0000000006028900      0x25c /joe/Compiler/LINUX/bin/../lib/gcc/sh-none-elf/8.2.0/../../../../sh-none-elf/lib/libc.a(lib_a-syscalls.o)
                0x0000000006028978                _read
                0x0000000006028988                _lseek
                0x0000000006028998                _write
                0x00000000060289a8                _close
                0x00000000060289b8                _link
                0x00000000060289bc                _sbrk
                0x0000000006028a14                _fstat
                0x0000000006028a1e                _open
                0x0000000006028a30                _creat
                0x0000000006028a40                _unlink
                0x0000000006028a44                isatty
                0x0000000006028a48                _isatty
                0x0000000006028a4c                _exit
                0x0000000006028a5c                _kill
                0x0000000006028a70                _getpid
                0x0000000006028a74                _raise
                0x0000000006028a78                _stat
                0x0000000006028a88                _chmod
                0x0000000006028a98                _chown
                0x0000000006028aa8                _utime
                0x0000000006028abc                _fork
                0x0000000006028ac8                _wait
                0x0000000006028ad8                _execve
                0x0000000006028ae8                _execv
                0x0000000006028af8                _pipe
                0x0000000006028b04                _times
                0x0000000006028b08                _gettimeofday
                0x0000000006028b30                __setup_argv_and_call_main
 .text          0x0000000006028b5c       0x14 /joe/Compiler/LINUX/bin/../lib/gcc/sh-none-elf/8.2.0/../../../../sh-none-elf/lib/libc.a(lib_a-trap.o)
                0x0000000006028b5c                __trap34
 .text          0x0000000006028b70       0x18 /joe/Compiler/LINUX/bin/../lib/gcc/sh-none-elf/8.2.0/../../../../sh-none-elf/lib/libc.a(lib_a-abort.o)
                0x0000000006028b70                abort
 .text          0x0000000006028b88      0x1b0 /joe/Compiler/LINUX/bin/../lib/gcc/sh-none-elf/8.2.0/../../../../sh-none-elf/lib/libc.a(lib_a-signal.o)
                0x0000000006028b88                _init_signal_r
                0x0000000006028bc4                _signal_r
                0x0000000006028c10                _raise_r
                0x0000000006028c88                __sigtramp_r
                0x0000000006028cec                raise
                0x0000000006028d00                signal
                0x0000000006028d14                _init_signal
                0x0000000006028d24                __sigtramp
 .text          0x0000000006028d38       0x40 /joe/Compiler/LINUX/bin/../lib/gcc/sh-none-elf/8.2.0/../../../../sh-none-elf/lib/libc.a(lib_a-signalr.o)
                0x0000000006028d38                _kill_r
                0x0000000006028d6c                _getpid_r
 .text          0x0000000006028d78       0x80 /joe/Compiler/LINUX/bin/../lib/gcc/sh-none-elf/8.2.0/libgcc.a(_ashiftrt_n.o)
                0x0000000006028d78                __ashrsi3
 .text          0x0000000006028df8       0xbc /joe/Compiler/LINUX/bin/../lib/gcc/sh-none-elf/8.2.0/libgcc.a(_ashiftlt.o)
                0x0000000006028df8                __ashlsi3
                0x0000000006028dfc                __ashlsi3_r0
 .text          0x0000000006028eb4       0xbc /joe/Compiler/LINUX/bin/../lib/gcc/sh-none-elf/8.2.0/libgcc.a(_lshiftrt.o)
                0x0000000006028eb4                __lshrsi3
                0x0000000006028eb8                __lshrsi3_r0
 .text          0x0000000006028f70      0x258 /joe/Compiler/LINUX/bin/../lib/gcc/sh-none-elf/8.2.0/libgcc.a(_udivdi3.o)
                0x0000000006028f70                __udivdi3
 .text          0x00000000060291c8      0x2bc /joe/Compiler/LINUX/bin/../lib/gcc/sh-none-elf/8.2.0/libgcc.a(_umoddi3.o)
                0x00000000060291c8                __umoddi3
 .text          0x0000000006029484      0x3b4 /joe/Compiler/LINUX/bin/../lib/gcc/sh-none-elf/8.2.0/libgcc.a(_addsub_df.o)
                0x0000000006029794                __adddf3
                0x00000000060297e4                __subdf3
 .text          0x0000000006029838      0x208 /joe/Compiler/LINUX/bin/../lib/gcc/sh-none-elf/8.2.0/libgcc.a(_mul_df.o)
                0x0000000006029838                __muldf3
 .text          0x0000000006029a40      0x130 /joe/Compiler/LINUX/bin/../lib/gcc/sh-none-elf/8.2.0/libgcc.a(_div_df.o)
                0x0000000006029a40                __divdf3
 .text          0x0000000006029b70       0x58 /joe/Compiler/LINUX/bin/../lib/gcc/sh-none-elf/8.2.0/libgcc.a(_eq_df.o)
                0x0000000006029b70                __eqdf2
 .text          0x0000000006029bc8       0x58 /joe/Compiler/LINUX/bin/../lib/gcc/sh-none-elf/8.2.0/libgcc.a(_ne_df.o)
                0x0000000006029bc8                __nedf2
 .text          0x0000000006029c20       0x50 /joe/Compiler/LINUX/bin/../lib/gcc/sh-none-elf/8.2.0/libgcc.a(_gt_df.o)
                0x0000000006029c20                __gtdf2
 .text          0x0000000006029c70       0x50 /joe/Compiler/LINUX/bin/../lib/gcc/sh-none-elf/8.2.0/libgcc.a(_ge_df.o)
                0x0000000006029c70                __gedf2
 .text          0x0000000006029cc0       0x58 /joe/Compiler/LINUX/bin/../lib/gcc/sh-none-elf/8.2.0/libgcc.a(_lt_df.o)
                0x0000000006029cc0                __ltdf2
 .text          0x0000000006029d18       0x58 /joe/Compiler/LINUX/bin/../lib/gcc/sh-none-elf/8.2.0/libgcc.a(_le_df.o)
                0x0000000006029d18                __ledf2
 .text          0x0000000006029d70       0x40 /joe/Compiler/LINUX/bin/../lib/gcc/sh-none-elf/8.2.0/libgcc.a(_unord_df.o)
                0x0000000006029d70                __unorddf2
 .text          0x0000000006029db0       0xa8 /joe/Compiler/LINUX/bin/../lib/gcc/sh-none-elf/8.2.0/libgcc.a(_si_to_df.o)
                0x0000000006029db0                __floatsidf
 .text          0x0000000006029e58       0xa4 /joe/Compiler/LINUX/bin/../lib/gcc/sh-none-elf/8.2.0/libgcc.a(_df_to_si.o)
                0x0000000006029e58                __fixdfsi
 .text          0x0000000006029efc        0x0 /joe/Compiler/LINUX/bin/../lib/gcc/sh-none-elf/8.2.0/libgcc.a(_thenan_df.o)
 .text          0x0000000006029efc       0x88 /joe/Compiler/LINUX/bin/../lib/gcc/sh-none-elf/8.2.0/libgcc.a(_usi_to_df.o)
                0x0000000006029efc                __floatunsidf
 *fill*         0x0000000006029f84        0x4 
 .text          0x0000000006029f88       0x60 /joe/Compiler/LINUX/bin/../lib/gcc/sh-none-elf/8.2.0/libgcc.a(_udiv_qrnnd_16.o)
                0x0000000006029f88                __udiv_qrnnd_16
 .text          0x0000000006029fe8        0x0 /joe/Compiler/LINUX/bin/../lib/gcc/sh-none-elf/8.2.0/libgcc.a(_clz.o)
 .text          0x0000000006029fe8       0x58 /joe/Compiler/LINUX/bin/../lib/gcc/sh-none-elf/8.2.0/libgcc.a(_clzsi2.o)
                0x0000000006029fe8                __clzsi2
 .text          0x000000000602a040      0x25c /joe/Compiler/LINUX/bin/../lib/gcc/sh-none-elf/8.2.0/libgcc.a(_pack_df.o)
                0x000000000602a040                __pack_d
 .text          0x000000000602a29c       0xcc /joe/Compiler/LINUX/bin/../lib/gcc/sh-none-elf/8.2.0/libgcc.a(_unpack_df.o)
                0x000000000602a29c                __unpack_d
 .text          0x000000000602a368       0xc8 /joe/Compiler/LINUX/bin/../lib/gcc/sh-none-elf/8.2.0/libgcc.a(_fpcmp_parts_df.o)
                0x000000000602a368                __fpcmp_parts_d
 *(.strings)
 *(SEGA_P)
 *(.eh_frame_hdr)
 *(.eh_frame)
 .eh_frame      0x000000000602a430       0xa8 /joe/Compiler/LINUX/bin/../lib/gcc/sh-none-elf/8.2.0/libgcc.a(_udivdi3.o)
 .eh_frame      0x000000000602a4d8       0xdc /joe/Compiler/LINUX/bin/../lib/gcc/sh-none-elf/8.2.0/libgcc.a(_umoddi3.o)
                0x000000000602a5b4                __etext = .

.text.startup   0x000000000602a5c0      0xc20
 .text.startup  0x000000000602a5c0      0xc14 /tmp/ccuT1qv5.ltrans0.ltrans.o
                0x000000000602a5c0                main

SLPROG          0x000000000602b1e0    0x158a0
                0x000000000602b1e0                __slprog_start = .
 *(SLPROG)
 SLPROG         0x000000000602b1e0     0x6540 /joe/Compiler/COMMON/SGL_302j/LIB_ELF/SGLAREA.O
                0x000000000602b1e0                MasterStack
                0x000000000602b1e4                SlaveStack
                0x000000000602b1e8                MaxVertices
                0x000000000602b1ea                MaxPolygons
                0x000000000602b1ec                SortList
                0x000000000602b1f0                SortListSize
                0x000000000602b1f4                TransList
                0x000000000602b1f8                Zbuffer
                0x000000000602b1fc                SpriteBuf
                0x000000000602b200                SpriteBufSize
                0x000000000602b204                Pbuffer
                0x000000000602b208                CommandBuf
                0x000000000602b20c                CLOfstBuf
                0x000000000602b210                PCM_Work
                0x000000000602b214                PCM_WkSize
                0x000000000602b218                MaxEvents
                0x000000000602b21a                EventSize
                0x000000000602b21c                MaxWorks
                0x000000000602b21e                WorkSize
                0x000000000602b220                RemainEvent
                0x000000000602b320                RemainWork
                0x000000000602b720                EventBuf
                0x000000000602d720                WorkBuf
 SLPROG         0x0000000006031720     0x411e /joe/Compiler/COMMON/SGL_302j/LIB_ELF/LIBSGL.A(sglA01.o)
                0x0000000006031720                slSin
                0x0000000006031744                slCos
                0x0000000006031768                GetSinCos
                0x00000000060317fc                sin_cos_index_tbl
                0x000000000603183c                sin_tbl
 *fill*         0x000000000603583e        0x2 
 SLPROG         0x0000000006035840       0x18 /joe/Compiler/COMMON/SGL_302j/LIB_ELF/LIBSGL.A(sglA15.o)
                0x0000000006035840                slSlaveFunc
 *fill*         0x0000000006035858        0x8 
 SLPROG         0x0000000006035860       0xd0 /joe/Compiler/COMMON/SGL_302j/LIB_ELF/LIBSGL.A(sglA16.o)
                0x0000000006035860                slLookAt
 SLPROG         0x0000000006035930       0x78 /joe/Compiler/COMMON/SGL_302j/LIB_ELF/LIBSGL.A(sglA17.o)
                0x0000000006035930                slRotZ
                0x000000000603593a                slRotZSC
 *fill*         0x00000000060359a8        0x8 
 SLPROG         0x00000000060359b0       0x78 /joe/Compiler/COMMON/SGL_302j/LIB_ELF/LIBSGL.A(sglA18.o)
                0x00000000060359b0                slRotY
                0x00000000060359ba                slRotYSC
 *fill*         0x0000000006035a28        0x8 
 SLPROG         0x0000000006035a30       0x78 /joe/Compiler/COMMON/SGL_302j/LIB_ELF/LIBSGL.A(sglA19.o)
                0x0000000006035a30                slRotX
                0x0000000006035a3a                slRotXSC
 *fill*         0x0000000006035aa8        0x8 
 SLPROG         0x0000000006035ab0      0x42c /joe/Compiler/COMMON/SGL_302j/LIB_ELF/LIBSGL.A(sglA20.o)
                0x0000000006035ab0                slInitMatrix
                0x0000000006035aba                slPushUnitMatrix
                0x0000000006035ace                slUnitMatrix
 *fill*         0x0000000006035edc        0x4 
 SLPROG         0x0000000006035ee0       0x48 /joe/Compiler/COMMON/SGL_302j/LIB_ELF/LIBSGL.A(sglA21.o)
                0x0000000006035ee0                slPushMatrix
                0x0000000006035f14                slPopMatrix
                0x0000000006035f14                slDecMatrixPtr
 *fill*         0x0000000006035f28        0x8 
 SLPROG         0x0000000006035f30       0x50 /joe/Compiler/COMMON/SGL_302j/LIB_ELF/LIBSGL.A(sglA27.o)
                0x0000000006035f30                slTranslate
 SLPROG         0x0000000006035f80       0x70 /joe/Compiler/COMMON/SGL_302j/LIB_ELF/LIBSGL.A(sglA28.o)
                0x0000000006035f80                slScale
 SLPROG         0x0000000006035ff0       0x22 /joe/Compiler/COMMON/SGL_302j/LIB_ELF/LIBSGL.A(sglA40.o)
                0x0000000006035ff0                slCalcVector
 *fill*         0x0000000006036012        0xe 
 SLPROG         0x0000000006036020       0x20 /joe/Compiler/COMMON/SGL_302j/LIB_ELF/LIBSGL.A(sglB001.o)
                0x0000000006036020                slTVOn
                0x000000000603602a                slTVOff
 SLPROG         0x0000000006036040       0x24 /joe/Compiler/COMMON/SGL_302j/LIB_ELF/LIBSGL.A(sglB011.o)
                0x0000000006036040                slBitMapNbg1
 *fill*         0x0000000006036064        0xc 
 SLPROG         0x0000000006036070        0x8 /joe/Compiler/COMMON/SGL_302j/LIB_ELF/LIBSGL.A(sglB014.o)
                0x0000000006036070                slScrTransparent
 *fill*         0x0000000006036078        0x8 
 SLPROG         0x0000000006036080      0x40c /joe/Compiler/COMMON/SGL_302j/LIB_ELF/LIBSGL.A(sglB015.o)
                0x0000000006036080                slScrAutoDisp
 *fill*         0x000000000603648c        0x4 
 SLPROG         0x0000000006036490        0xc /joe/Compiler/COMMON/SGL_302j/LIB_ELF/LIBSGL.A(sglB016.o)
                0x0000000006036490                slBack1ColSet
 *fill*         0x000000000603649c        0x4 
 SLPROG         0x00000000060364a0       0x10 /joe/Compiler/COMMON/SGL_302j/LIB_ELF/LIBSGL.A(sglB020.o)
                0x00000000060364a0                slColorCalc
 SLPROG         0x00000000060364b0        0xc /joe/Compiler/COMMON/SGL_302j/LIB_ELF/LIBSGL.A(sglB021.o)
                0x00000000060364b0                slColorCalcOn
 *fill*         0x00000000060364bc        0x4 
 SLPROG         0x00000000060364c0        0xc /joe/Compiler/COMMON/SGL_302j/LIB_ELF/LIBSGL.A(sglB023.o)
                0x00000000060364c0                slColRate
 *fill*         0x00000000060364cc        0x4 
 SLPROG         0x00000000060364d0       0xb0 /joe/Compiler/COMMON/SGL_302j/LIB_ELF/LIBSGL.A(sglB031.o)
                0x00000000060364d0                slMapNbg0
 SLPROG         0x0000000006036580       0xb4 /joe/Compiler/COMMON/SGL_302j/LIB_ELF/LIBSGL.A(sglB032.o)
                0x0000000006036580                slMapNbg1
 *fill*         0x0000000006036634        0xc 
 SLPROG         0x0000000006036640       0xb0 /joe/Compiler/COMMON/SGL_302j/LIB_ELF/LIBSGL.A(sglB033.o)
                0x0000000006036640                slMapNbg2
 SLPROG         0x00000000060366f0       0xb4 /joe/Compiler/COMMON/SGL_302j/LIB_ELF/LIBSGL.A(sglB034.o)
                0x00000000060366f0                slMapNbg3
 *fill*         0x00000000060367a4        0xc 
 SLPROG         0x00000000060367b0       0xd4 /joe/Compiler/COMMON/SGL_302j/LIB_ELF/LIBSGL.A(sglB035.o)
                0x00000000060367b0                sl1MapRA
                0x0000000006036842                rbank_set
 *fill*         0x0000000006036884        0xc 
 SLPROG         0x0000000006036890       0xa0 /joe/Compiler/COMMON/SGL_302j/LIB_ELF/LIBSGL.A(sglB036.o)
                0x0000000006036890                sl1MapRB
 SLPROG         0x0000000006036930       0x70 /joe/Compiler/COMMON/SGL_302j/LIB_ELF/LIBSGL.A(sglB038.o)
                0x0000000006036930                slRparaInitSet
 SLPROG         0x00000000060369a0       0x7e /joe/Compiler/COMMON/SGL_302j/LIB_ELF/LIBSGL.A(sglB039.o)
                0x00000000060369a0                slMakeKtable
 *fill*         0x0000000006036a1e        0x2 
 SLPROG         0x0000000006036a20       0x58 /joe/Compiler/COMMON/SGL_302j/LIB_ELF/LIBSGL.A(sglB040.o)
                0x0000000006036a20                slKtableRA
 *fill*         0x0000000006036a78        0x8 
 SLPROG         0x0000000006036a80       0x5c /joe/Compiler/COMMON/SGL_302j/LIB_ELF/LIBSGL.A(sglB041.o)
                0x0000000006036a80                slKtableRB
 *fill*         0x0000000006036adc        0x4 
 SLPROG         0x0000000006036ae0       0x10 /joe/Compiler/COMMON/SGL_302j/LIB_ELF/LIBSGL.A(sglB042.o)
                0x0000000006036ae0                slCurRpara
 SLPROG         0x0000000006036af0        0x8 /joe/Compiler/COMMON/SGL_302j/LIB_ELF/LIBSGL.A(sglB043.o)
                0x0000000006036af0                slRparaMode
 *fill*         0x0000000006036af8        0x8 
 SLPROG         0x0000000006036b00      0x4e4 /joe/Compiler/COMMON/SGL_302j/LIB_ELF/LIBSGL.A(sglB044.o)
                0x0000000006036b00                slScrMatSet
 *fill*         0x0000000006036fe4        0xc 
 SLPROG         0x0000000006036ff0       0x28 /joe/Compiler/COMMON/SGL_302j/LIB_ELF/LIBSGL.A(sglB045.o)
                0x0000000006036ff0                slScrMatConv
 *fill*         0x0000000006037018        0x8 
 SLPROG         0x0000000006037020        0xc /joe/Compiler/COMMON/SGL_302j/LIB_ELF/LIBSGL.A(sglB047.o)
                0x0000000006037020                slOverRA
 *fill*         0x000000000603702c        0x4 
 SLPROG         0x0000000006037030       0x10 /joe/Compiler/COMMON/SGL_302j/LIB_ELF/LIBSGL.A(sglB048.o)
                0x0000000006037030                slOverRB
 SLPROG         0x0000000006037040        0xc /joe/Compiler/COMMON/SGL_302j/LIB_ELF/LIBSGL.A(sglB055.o)
                0x0000000006037040                slPlaneNbg0
 *fill*         0x000000000603704c        0x4 
 SLPROG         0x0000000006037050        0xc /joe/Compiler/COMMON/SGL_302j/LIB_ELF/LIBSGL.A(sglB056.o)
                0x0000000006037050                slPlaneNbg1
 *fill*         0x000000000603705c        0x4 
 SLPROG         0x0000000006037060       0x10 /joe/Compiler/COMMON/SGL_302j/LIB_ELF/LIBSGL.A(sglB057.o)
                0x0000000006037060                slPlaneNbg2
 SLPROG         0x0000000006037070       0x10 /joe/Compiler/COMMON/SGL_302j/LIB_ELF/LIBSGL.A(sglB058.o)
                0x0000000006037070                slPlaneNbg3
 SLPROG         0x0000000006037080        0xc /joe/Compiler/COMMON/SGL_302j/LIB_ELF/LIBSGL.A(sglB059.o)
                0x0000000006037080                slPlaneRA
 *fill*         0x000000000603708c        0x4 
 SLPROG         0x0000000006037090       0x10 /joe/Compiler/COMMON/SGL_302j/LIB_ELF/LIBSGL.A(sglB060.o)
                0x0000000006037090                slPlaneRB
 SLPROG         0x00000000060370a0        0xc /joe/Compiler/COMMON/SGL_302j/LIB_ELF/LIBSGL.A(sglB063.o)
                0x00000000060370a0                slPriority
 *fill*         0x00000000060370ac        0x4 
 SLPROG         0x00000000060370b0       0x18 /joe/Compiler/COMMON/SGL_302j/LIB_ELF/LIBSGL.A(sglB087.o)
                0x00000000060370b0                slLineScrollTable0
 *fill*         0x00000000060370c8        0x8 
 SLPROG         0x00000000060370d0        0x8 /joe/Compiler/COMMON/SGL_302j/LIB_ELF/LIBSGL.A(sglB088.o)
                0x00000000060370d0                slLineScrollTable1
 *fill*         0x00000000060370d8        0x8 
 SLPROG         0x00000000060370e0        0xc /joe/Compiler/COMMON/SGL_302j/LIB_ELF/LIBSGL.A(sglB090.o)
                0x00000000060370e0                slLineScrollMode
 *fill*         0x00000000060370ec        0x4 
 SLPROG         0x00000000060370f0      0x114 /joe/Compiler/COMMON/SGL_302j/LIB_ELF/LIBSGL.A(sglB200.o)
                0x00000000060370f0                slCharRbg0
                0x00000000060370fc                slCharNbg0
                0x0000000006037108                slCharNbg1
                0x0000000006037114                slCharNbg2
                0x000000000603712a                slCharNbg3
                0x0000000006037142                slPageRbg0
                0x0000000006037158                slPageNbg1
                0x0000000006037160                slPageNbg2
                0x0000000006037168                slPageNbg3
                0x0000000006037174                slPageNbg0
 *fill*         0x0000000006037204        0xc 
 SLPROG         0x0000000006037210       0x6c /joe/Compiler/COMMON/SGL_302j/LIB_ELF/LIBSGL.A(sglC01.o)
                0x0000000006037210                slPerspective
 *fill*         0x000000000603727c        0x4 
 SLPROG         0x0000000006037280       0xc4 /joe/Compiler/COMMON/SGL_302j/LIB_ELF/LIBSGL.A(sglC03.o)
                0x0000000006037280                slWindow
 *fill*         0x0000000006037344        0xc 
 SLPROG         0x0000000006037350       0x2c /joe/Compiler/COMMON/SGL_302j/LIB_ELF/LIBSGL.A(sglC04.o)
                0x0000000006037350                slZdspLevel
 *fill*         0x000000000603737c        0x4 
 SLPROG         0x0000000006037380       0x78 /joe/Compiler/COMMON/SGL_302j/LIB_ELF/LIBSGL.A(sglC05.o)
                0x0000000006037380                slSetSprite
 *fill*         0x00000000060373f8        0x8 
 SLPROG         0x0000000006037400       0xfa /joe/Compiler/COMMON/SGL_302j/LIB_ELF/LIBSGL.A(sglC06.o)
                0x0000000006037400                slDispSprite
 *fill*         0x00000000060374fa        0x6 
 SLPROG         0x0000000006037500      0x162 /joe/Compiler/COMMON/SGL_302j/LIB_ELF/LIBSGL.A(sglC07.o)
                0x0000000006037506                slPutSprite
 *fill*         0x0000000006037662        0xe 
 SLPROG         0x0000000006037670     0x1218 /joe/Compiler/COMMON/SGL_302j/LIB_ELF/LIBSGL.A(sglC08.o)
                0x0000000006037670                slPutPolygon
                0x00000000060382ec                MsCalcDepthFlat
 *fill*         0x0000000006038888        0x8 
 SLPROG         0x0000000006038890       0x8c /joe/Compiler/COMMON/SGL_302j/LIB_ELF/LIBSGL.A(sglC14.o)
                0x0000000006038890                slCurWindow
 *fill*         0x000000000603891c        0x4 
 SLPROG         0x0000000006038920       0x54 /joe/Compiler/COMMON/SGL_302j/LIB_ELF/LIBSGL.A(sglC16.o)
                0x0000000006038920                slDynamicFrame
 *fill*         0x0000000006038974        0xc 
 SLPROG         0x0000000006038980       0x4c /joe/Compiler/COMMON/SGL_302j/LIB_ELF/LIBSGL.A(sglC17.o)
                0x0000000006038980                slDispSpriteHV
 *fill*         0x00000000060389cc        0x4 
 SLPROG         0x00000000060389d0       0xd4 /joe/Compiler/COMMON/SGL_302j/LIB_ELF/LIBSGL.A(sglC19.o)
                0x00000000060389d0                slDispSprite4P
 *fill*         0x0000000006038aa4        0xc 
 SLPROG         0x0000000006038ab0       0x40 /joe/Compiler/COMMON/SGL_302j/LIB_ELF/LIBSGL.A(sglC20.o)
                0x0000000006038ab0                SpriteEntry
 SLPROG         0x0000000006038af0      0x4ae /joe/Compiler/COMMON/SGL_302j/LIB_ELF/LIBSGL.A(sglC21.o)
                0x0000000006038b78                RotSprite
                0x0000000006038c06                SetSprPosition
 *fill*         0x0000000006038f9e        0x2 
 SLPROG         0x0000000006038fa0       0x84 /joe/Compiler/COMMON/SGL_302j/LIB_ELF/LIBSGL.A(sglD00.o)
                0x0000000006038fa0                slDMACopy
                0x0000000006038fa0                slCpuDMACopy
                0x0000000006038ffa                slCashPurge
                0x0000000006038ffa                CSH_AllClr
 *fill*         0x0000000006039024        0xc 
 SLPROG         0x0000000006039030       0xa0 /joe/Compiler/COMMON/SGL_302j/LIB_ELF/LIBSGL.A(sglD01.o)
                0x0000000006039030                slDMAXCopy
 SLPROG         0x00000000060390d0       0x10 /joe/Compiler/COMMON/SGL_302j/LIB_ELF/LIBSGL.A(sglD02.o)
                0x00000000060390d0                slDMAWait
 SLPROG         0x00000000060390e0        0xc /joe/Compiler/COMMON/SGL_302j/LIB_ELF/LIBSGL.A(sglD03.o)
                0x00000000060390e0                slDMAStatus
 *fill*         0x00000000060390ec        0x4 
 SLPROG         0x00000000060390f0       0x20 /joe/Compiler/COMMON/SGL_302j/LIB_ELF/LIBSGL.A(sglD15.o)
                0x00000000060390f0                CSH_Purge
 SLPROG         0x0000000006039110       0x84 /joe/Compiler/COMMON/SGL_302j/LIB_ELF/LIBSGL.A(sglD16.o)
                0x0000000006039110                DMA_ScuSetPrm
                0x0000000006039158                DMA_SCU_PRM0
 *fill*         0x0000000006039194        0xc 
 SLPROG         0x00000000060391a0       0x88 /joe/Compiler/COMMON/SGL_302j/LIB_ELF/LIBSGL.A(sglD17.o)
                0x00000000060391a0                DMA_ScuStart
 *fill*         0x0000000006039228        0x8 
 SLPROG         0x0000000006039230       0x34 /joe/Compiler/COMMON/SGL_302j/LIB_ELF/LIBSGL.A(sglD18.o)
                0x0000000006039230                DMA_ScuGetStatus
 *fill*         0x0000000006039264        0xc 
 SLPROG         0x0000000006039270       0x34 /joe/Compiler/COMMON/SGL_302j/LIB_ELF/LIBSGL.A(sglF08.o)
                0x0000000006039270                slDec2Hex
 *fill*         0x00000000060392a4        0xc 
 SLPROG         0x00000000060392b0      0xfc8 /joe/Compiler/COMMON/SGL_302j/LIB_ELF/LIBSGL.A(sglH00.o)
                0x00000000060392c8                slGetPortDir1
                0x00000000060392d0                slGetPortDir2
                0x00000000060392d8                slSetPortDir1
                0x0000000006039302                slSetPortDir2
                0x000000000603933c                slGetPortData1
                0x0000000006039344                slGetPortData2
                0x000000000603934c                slSetPortData1
                0x0000000006039356                slSetPortData2
                0x0000000006039368                slGetPortSelect1
                0x0000000006039372                slGetPortSelect2
                0x000000000603937c                slSetPortSelect1
                0x00000000060393b0                slSetPortSelect2
                0x00000000060393ec                slGetPortExt1
                0x00000000060393f6                slGetPortExt2
                0x0000000006039400                slSetPortExt1
                0x0000000006039430                slSetPortExt2
                0x00000000060395a4                slSmpcDirectAccess
                0x0000000006039624                slInitPeripheral
                0x00000000060396b6                slSetResultBuffer
                0x0000000006039742                slCheckIntBackSet
                0x000000000603974e                slIntBackCancel
                0x0000000006039778                slCheckReset
                0x0000000006039782                slClearReset
                0x0000000006039948                slSmpcCashSend
                0x0000000006039a04                slSmpcCashBlow
                0x0000000006039ae0                slGetOptimize
                0x0000000006039aea                slSetOptimize
                0x0000000006039b10                slGetPortMode1
                0x0000000006039b1c                slGetPortMode2
                0x0000000006039b2a                slSetPortMode1
                0x0000000006039b68                slSetPortMode2
                0x0000000006039cf4                slRequestCommand
                0x0000000006039d64                Smpc_Status
                0x0000000006039d68                Smpc_Result
                0x0000000006039d6c                Smpc_Peripheral
                0x0000000006039d72                Per_Connect1
                0x0000000006039d73                Per_Connect2
                0x0000000006039d94                SmpcStatusBuf
 *fill*         0x000000000603a278        0x8 
 SLPROG         0x000000000603a280       0xa8 /joe/Compiler/COMMON/SGL_302j/LIB_ELF/LIBSGL.A(sglH01.o)
                0x000000000603a280                slGetLanguage
                0x000000000603a28a                slSetLanguage
                0x000000000603a2ac                slGetSoundEffect
                0x000000000603a2b8                slSetSoundEffect
                0x000000000603a2d4                slGetSoundOutput
                0x000000000603a2e0                slSetSoundOutput
                0x000000000603a2fc                slGetHelpWindow
                0x000000000603a308                slSetHelpWindow
 *fill*         0x000000000603a328        0x8 
 SLPROG         0x000000000603a330      0x470 /joe/Compiler/COMMON/SGL_302j/LIB_ELF/LIBSGL.A(sglH02.o)
                0x000000000603a720                smpc_pfr_tbl
                0x000000000603a760                smpc_ptf_tbl
 SLPROG         0x000000000603a7a0       0x60 /joe/Compiler/COMMON/SGL_302j/LIB_ELF/LIBSGL.A(sglH04.o)
                0x000000000603a7a0                slComPrmIntBack
                0x000000000603a7b4                slComPrmSetMemory
                0x000000000603a7ca                slComPrmSetTime
 SLPROG         0x000000000603a800      0x3a4 /joe/Compiler/COMMON/SGL_302j/LIB_ELF/LIBSGL.A(sglI01.o)
                0x000000000603a800                slInitSynch
                0x000000000603a81a                slSynch
                0x000000000603a910                slRandom
                0x000000000603a92e                PCM_EndCheck
                0x000000000603a9ea                RetPCMBuf
                0x000000000603aa84                PCM_Buf
                0x000000000603ab24                Sound_Buf
 *fill*         0x000000000603aba4        0xc 
 SLPROG         0x000000000603abb0       0x10 /joe/Compiler/COMMON/SGL_302j/LIB_ELF/LIBSGL.A(sglI04.o)
                0x000000000603abb0                slIntFunction
 SLPROG         0x000000000603abc0       0x74 /joe/Compiler/COMMON/SGL_302j/LIB_ELF/LIBSGL.A(sglJ00.o)
                0x000000000603abc0                InitSlaveSH
                0x000000000603ac28                SlaveCommand
 *fill*         0x000000000603ac34        0xc 
 SLPROG         0x000000000603ac40      0x3d0 /joe/Compiler/COMMON/SGL_302j/LIB_ELF/LIBSGL.A(sglJ01.o)
                0x000000000603ac40                SlaveControl
                0x000000000603affc                ErasePolygonData
 SLPROG         0x000000000603b010     0x12b8 /joe/Compiler/COMMON/SGL_302j/LIB_ELF/LIBSGL.A(sglJ02.o)
                0x000000000603b010                sbMakePolygon
                0x000000000603b1f8                sbCalcPolygon
                0x000000000603bf30                SetTexture
                0x000000000603bf3c                SetPolygon
                0x000000000603bf44                SetPosition
                0x000000000603bf7c                stvtc_4
                0x000000000603c034                stvtc_3
                0x000000000603c244                stvtc_1
                0x000000000603c258                stvtc_2
                0x000000000603c26c                stvtc_0
 *fill*         0x000000000603c2c8        0x8 
 SLPROG         0x000000000603c2d0      0x140 /joe/Compiler/COMMON/SGL_302j/LIB_ELF/LIBSGL.A(sglJ03.o)
                0x000000000603c2d0                sbMakeDMATable
 SLPROG         0x000000000603c410      0x470 /joe/Compiler/COMMON/SGL_302j/LIB_ELF/LIBSGL.A(sglJ04.o)
                0x000000000603c46e                sbMakeSprite
                0x000000000603c4d4                sbMakeRotSprite
 SLPROG         0x000000000603c880       0x3c /joe/Compiler/COMMON/SGL_302j/LIB_ELF/LIBSGL.A(sglJ05.o)
                0x000000000603c880                sbSortEntry
 *fill*         0x000000000603c8bc        0x4 
 SLPROG         0x000000000603c8c0      0x4b8 /joe/Compiler/COMMON/SGL_302j/LIB_ELF/LIBSGL.A(sglM00.o)
                0x000000000603c8c0                slInitGouraud
                0x000000000603c9b4                slPutPolygonX
                0x000000000603c9fa                slGouraudTblCopy
                0x000000000603ca52                slSetGouraudTbl
                0x000000000603ca58                slSetGouraudColor
                0x000000000603cad0                slSetAmbient
                0x000000000603caf4                slSetFlatColor
 *fill*         0x000000000603cd78        0x8 
 SLPROG         0x000000000603cd80       0x6a /joe/Compiler/COMMON/SGL_302j/LIB_ELF/LIBSGL.A(sglM01.o)
                0x000000000603cd80                slSetDepthLimit
                0x000000000603cdac                slSetDepthTbl
                0x000000000603cddc                DepthWorkArea
 *fill*         0x000000000603cdea        0x6 
 SLPROG         0x000000000603cdf0       0x20 /joe/Compiler/COMMON/SGL_302j/LIB_ELF/LIBSGL.A(sglA00.o)
                0x000000000603cdf0                set_imask
                0x000000000603cdf0                _builtin_set_imask
                0x000000000603ce04                get_imask
                0x000000000603ce04                _builtin_get_imask
 SLPROG         0x000000000603ce10     0x215c /joe/Compiler/COMMON/SGL_302j/LIB_ELF/LIBSGL.A(sglA03.o)
                0x000000000603ce10                slTan
 *fill*         0x000000000603ef6c        0x4 
 SLPROG         0x000000000603ef70       0x34 /joe/Compiler/COMMON/SGL_302j/LIB_ELF/LIBSGL.A(sglA10.o)
                0x000000000603ef70                slSquartDbl
 *fill*         0x000000000603efa4        0xc 
 SLPROG         0x000000000603efb0      0x3c2 /joe/Compiler/COMMON/SGL_302j/LIB_ELF/LIBSGL.A(sglA24.o)
                0x000000000603efb0                slInversMatrix
 *fill*         0x000000000603f372        0xe 
 SLPROG         0x000000000603f380       0x24 /joe/Compiler/COMMON/SGL_302j/LIB_ELF/LIBSGL.A(sglA25.o)
                0x000000000603f380                slTransposeMatrix
 *fill*         0x000000000603f3a4        0xc 
 SLPROG         0x000000000603f3b0      0xbd0 /joe/Compiler/COMMON/SGL_302j/LIB_ELF/LIBSGL.A(sglB000.o)
                0x000000000603f3b0                slInitScroll
                0x000000000603f4d0                setASC_1to8
                0x000000000603f500                setASC_4to8
                0x000000000603f610                TVSizeTbl
                0x000000000603f690                TVModeTbl
                0x000000000603f868                SGL_ASCII_CG
 SLPROG         0x000000000603ff80      0x134 /joe/Compiler/COMMON/SGL_302j/LIB_ELF/LIBSGL.A(sglC00.o)
                0x000000000603ff80                slInitSprite
 *fill*         0x00000000060400b4        0xc 
 SLPROG         0x00000000060400c0       0xac /joe/Compiler/COMMON/SGL_302j/LIB_ELF/LIBSGL.A(sglC13.o)
                0x00000000060400c0                slPutPolygonS
 *fill*         0x000000000604016c        0x4 
 SLPROG         0x0000000006040170       0xc0 /joe/Compiler/COMMON/SGL_302j/LIB_ELF/LIBSGL.A(sglD19.o)
                0x0000000006040170                DMA_ScuMemCopy
 SLPROG         0x0000000006040230      0x75c /joe/Compiler/COMMON/SGL_302j/LIB_ELF/LIBSGL.A(sglI00.o)
                0x0000000006040520                slInitInterrupt
 *fill*         0x000000000604098c        0x4 
 SLPROG         0x0000000006040990       0xf0 /joe/Compiler/COMMON/SGL_302j/LIB_ELF/LIBSGL.A(sglH03.o)
                0x00000000060409f4                slSmpcIntBack