Archive member included to satisfy reference by file (symbol)

D:/joengine-master/Compiler/COMMON/SGL_302j/LIB_ELF/SEGA_SYS.A(sys_exit.o)
                              D:/joengine-master/jo_engine/core.o (SYS_Exit)
D:/joengine-master/Compiler/COMMON/SGL_302j/LIB_ELF/SEGA_SYS.A(sys_sub.o)
                              D:/joengine-master/Compiler/COMMON/SGL_302j/LIB_ELF/SEGA_SYS.A(sys_exit.o) (SYSUB_SetStackptr)
D:/joengine-master/Compiler/COMMON/SGL_302j/LIB_ELF/LIBCD.A(CDC_CMN.O)
                              D:/joengine-master/Compiler/COMMON/SGL_302j/LIB_ELF/SEGA_SYS.A(sys_exit.o) (CDC_GetCurStat)
D:/joengine-master/Compiler/COMMON/SGL_302j/LIB_ELF/LIBCD.A(CDC_DRV.O)
                              pcmsys.o (CDC_CdPlay)
D:/joengine-master/Compiler/COMMON/SGL_302j/LIB_ELF/LIBCD.A(CDC_CFS.O)
                              D:/joengine-master/Compiler/COMMON/SGL_302j/LIB_ELF/SEGA_SYS.A(sys_exit.o) (CDC_ChgDir)
D:/joengine-master/Compiler/COMMON/SGL_302j/LIB_ELF/LIBCD.A(CDC_REG.O)
                              D:/joengine-master/Compiler/COMMON/SGL_302j/LIB_ELF/SEGA_SYS.A(sys_exit.o) (CDC_GetHirqReq)
D:/joengine-master/Compiler/COMMON/SGL_302j/LIB_ELF/LIBCD.A(CDC_SUB.O)
                              D:/joengine-master/Compiler/COMMON/SGL_302j/LIB_ELF/LIBCD.A(CDC_CMN.O) (CDSUB_UpdStatus)
D:/joengine-master/Compiler/COMMON/SGL_302j/LIB_ELF/LIBCD.A(GFS.O)
                              pcmsys.o (GFS_Init)
D:/joengine-master/Compiler/COMMON/SGL_302j/LIB_ELF/LIBCD.A(GFS_BUF.O)
                              D:/joengine-master/Compiler/COMMON/SGL_302j/LIB_ELF/LIBCD.A(GFS.O) (GFBF_GetNumData)
D:/joengine-master/Compiler/COMMON/SGL_302j/LIB_ELF/LIBCD.A(GFS_CDB.O)
                              D:/joengine-master/Compiler/COMMON/SGL_302j/LIB_ELF/LIBCD.A(GFS.O) (GFCB_Close)
D:/joengine-master/Compiler/COMMON/SGL_302j/LIB_ELF/LIBCD.A(GFS_CDC.O)
                              D:/joengine-master/Compiler/COMMON/SGL_302j/LIB_ELF/LIBCD.A(GFS.O) (GFCD_SetCdbfs)
D:/joengine-master/Compiler/COMMON/SGL_302j/LIB_ELF/LIBCD.A(GFS_CDF.O)
                              D:/joengine-master/Compiler/COMMON/SGL_302j/LIB_ELF/LIBCD.A(GFS.O) (GFCF_Init)
D:/joengine-master/Compiler/COMMON/SGL_302j/LIB_ELF/LIBCD.A(GFS_DIR.O)
                              D:/joengine-master/Compiler/COMMON/SGL_302j/LIB_ELF/LIBCD.A(GFS.O) (GFDR_SetupDirTbl)
D:/joengine-master/Compiler/COMMON/SGL_302j/LIB_ELF/LIBCD.A(GFS_TRN.O)
                              D:/joengine-master/Compiler/COMMON/SGL_302j/LIB_ELF/LIBCD.A(GFS.O) (GFTR_Setup)
D:/joengine-master/Compiler/COMMON/SGL_302j/LIB_ELF/LIBCD.A(CDC_DEV.O)
                              D:/joengine-master/Compiler/COMMON/SGL_302j/LIB_ELF/LIBCD.A(GFS_CDC.O) (CDC_CdSetCon)
D:/joengine-master/Compiler/COMMON/SGL_302j/LIB_ELF/LIBCD.A(CDC_SEL.O)
                              D:/joengine-master/Compiler/COMMON/SGL_302j/LIB_ELF/LIBCD.A(GFS_CDC.O) (CDC_SetFiltRange)
D:/joengine-master/Compiler/COMMON/SGL_302j/LIB_ELF/LIBCD.A(CDC_BIF.O)
                              D:/joengine-master/Compiler/COMMON/SGL_302j/LIB_ELF/LIBCD.A(GFS_CDC.O) (CDC_GetBufSiz)
D:/joengine-master/Compiler/COMMON/SGL_302j/LIB_ELF/LIBCD.A(CDC_BIO.O)
                              D:/joengine-master/Compiler/COMMON/SGL_302j/LIB_ELF/LIBCD.A(GFS_CDC.O) (CDC_SetSctLen)
D:/joengine-master/Compiler/COMMON/SGL_302j/LIB_ELF/LIBSGL.A(sglA01.o)
                              D:/joengine-master/jo_engine/math.o (slSin)
D:/joengine-master/Compiler/COMMON/SGL_302j/LIB_ELF/LIBSGL.A(sglA15.o)
                              D:/joengine-master/jo_engine/slave.o (slSlaveFunc)
D:/joengine-master/Compiler/COMMON/SGL_302j/LIB_ELF/LIBSGL.A(sglA16.o)
                              main.o (slLookAt)
D:/joengine-master/Compiler/COMMON/SGL_302j/LIB_ELF/LIBSGL.A(sglA17.o)
                              main.o (slRotZ)
D:/joengine-master/Compiler/COMMON/SGL_302j/LIB_ELF/LIBSGL.A(sglA18.o)
                              main.o (slRotY)
D:/joengine-master/Compiler/COMMON/SGL_302j/LIB_ELF/LIBSGL.A(sglA19.o)
                              main.o (slRotX)
D:/joengine-master/Compiler/COMMON/SGL_302j/LIB_ELF/LIBSGL.A(sglA20.o)
                              main.o (slUnitMatrix)
D:/joengine-master/Compiler/COMMON/SGL_302j/LIB_ELF/LIBSGL.A(sglA21.o)
                              main.o (slPushMatrix)
D:/joengine-master/Compiler/COMMON/SGL_302j/LIB_ELF/LIBSGL.A(sglA27.o)
                              main.o (slTranslate)
D:/joengine-master/Compiler/COMMON/SGL_302j/LIB_ELF/LIBSGL.A(sglA28.o)
                              main.o (slScale)
D:/joengine-master/Compiler/COMMON/SGL_302j/LIB_ELF/LIBSGL.A(sglA40.o)
                              main.o (slCalcVector)
D:/joengine-master/Compiler/COMMON/SGL_302j/LIB_ELF/LIBSGL.A(sglB001.o)
                              main.o (slTVOn)
D:/joengine-master/Compiler/COMMON/SGL_302j/LIB_ELF/LIBSGL.A(sglB011.o)
                              D:/joengine-master/jo_engine/vdp2.o (slBitMapNbg1)
D:/joengine-master/Compiler/COMMON/SGL_302j/LIB_ELF/LIBSGL.A(sglB014.o)
[...]
Memory Configuration

Name             Origin             Length             Attributes
*default*        0x00000000         0xffffffff

Linker script and memory map


SLSTART         0x06004000       0x30
                0x06004000                ___Start = .
 *(SLSTART)
 SLSTART        0x06004000       0x28 D:/joengine-master/Compiler/COMMON/SGL_302j/LIB_ELF/LIBSGL.A(sglI00.o)
                0x06004000                SGL_Start
                0x06004002                slStartSGL

.text           0x06004040    0x22df0
 *(.text)
 .text          0x06004040        0x0 D:/joengine-master/Compiler/COMMON/SGL_302j/LIB_ELF/SGLAREA.O
 .text          0x06004040     0xd7e0 main.o
                0x06004040                my_vblank
                0x06004ed4                mmm_set_game_state
                0x06004ee0                mmm_get_game_state
                0x06004eec                mmm_get_p2_port
                0x06004f2c                mmm_set_player_net_info
                0x06004f4c                mmm_diag_race_state
                0x06004fe8                ztClearText
                0x06005028                count_char
                0x06005038                render_CLUT_sprite_HT
                0x06005088                render_CLUT_sprite
                0x060050d8                render_CLUT_sprite_MESH
                0x06005128                render_CLUT_sprite2
                0x0600519c                replace_texture
                0x060051d8                change_player_volume
                0x06005288                stop_engine_sound
                0x060052f4                stop_sounds
                0x06005374                init_2p_display
                0x06005404                init_1p_display
                0x0600548c                effect
                0x06005508                create_checkpoint
                0x06005524                create_waypoint
                0x06005544                roundUp
                0x06005588                animate_texture
                0x060055d8                apply_player_gravity
                0x0600562c                getTime
                0x0600568c                getSeconds
                0x060056dc                reset_demo
                0x060058c8                reset_to_last_checkpoint
                0x060059c0                player_jump
                0x060059e4                player_high_bounce
                0x06005a24                player_bounce
                0x06005a64                player_ramp_jump
                0x06005ac8                pup_timer_counter
                0x06005b74                player_hurt
                0x06005bd4                set_player_position
                0x06005cd8                set_player_total_position
                0x06005d38                transition_to_end_level
                0x06005e68                race_ended
                0x06005e88                player_collision_handling
                0x06007938                create_enemy
                0x06007a0c                create_powerup
                0x06007a34                create_player
                0x06007c1c                create_map_section
                0x06007c58                computeLight
                0x06007ccc                create_particles
                0x06007d74                create_clouds
                0x06007e04                animate_player
                0x06007f6c                draw_powerups
                0x06008070                draw_player
                0x06008d58                map_builder_draw_section
                0x06009238                map_builder_draw_powerup
                0x06009390                draw_walls
                0x060093bc                draw_map
                0x06009528                draw_hud
                0x06009f70                move_camera
                0x0600a554                race_start
                0x0600a7ec                my_draw
                0x0600aee8                load_car
                0x0600b060                load_binary
                0x0600b96c                load_textures
                0x0600b9b8                load_level
                0x0600bac4                load_preview
                0x0600bb08                load_trackmap
                0x0600bb4c                set_palette
                0x0600bb68                change_player_palette
                0x0600bc60                transition_to_title_screen
                0x0600bcc8                transition_to_player_select
                0x0600be48                transition_to_level_select
                0x0600bf38                clear_level
                0x0600bf8c                menu
                0x0600c11c                object_viewer
                0x0600c580                pause_game
                0x0600c880                attract_mode
                0x0600c884                title_screen
                0x0600cc68                init_display
                0x0600ccdc                cpu_control
                0x0600cec4                my_gamepad
                0x0600df44                load_background
                0x0600df84                draw_3d_planes
                0x0600e328                init_3d_planes
                0x0600e41c                mmm_online_start_race
                0x0600e818                load_hud
                0x0600e850                load_4bits_car_textures
                0x0600e8d8                load_4bits_player_textures
                0x0600ea98                total_table
                0x0600ebec                race_table
                0x0600edfc                end_level
                0x0600f4fc                extra_select
                0x0600f5e4                player_select
                0x06010a84                level_select
                0x060110b8                gameLoop
                0x060112d8                load_player_and_enemies
                0x06011324                load_sound
                0x06011556                load_nbg2_font
                0x060115b4                jo_main
 .text          0x06011820      0x618 collision.o
                0x06011876                Lerp
                0x060118ac                has_collision
                0x06011922                has_horizontal_collision
                0x060119c0                has_vertical_collision
                0x06011a5a                has_ramp_collision
                0x06011c1c                has_trigger_collision
                0x06011ca8                has_shadow_collision
                0x06011d22                has_ceiling_collision
                0x06011dc4                has_object_collision
 .text          0x06011e38      0x7cc pcmsys.o
                0x06011e8e                pcm_play
                0x06011eb4                pcm_parameter_change
                0x06011ed4                pcm_cease
                0x06011efc                cd_init
                0x06011f34                smpc_wait_till_ready
                0x06011f44                smpc_issue_command
                0x06011f58                load_driver_binary
                0x06012078                load_drv
                0x060120c4                calculate_bytes_per_blank
                0x060120f4                convert_bitrate_to_pitchword
                0x06012150                load_16bit_pcm
                0x06012274                load_8bit_pcm
                0x06012394                gcd
                0x060123c4                lcm
                0x060123f4                load_adx
                0x06012578                sdrv_vblank_rq
                0x06012588                CDDASetVolume
                0x0601259c                CDDAPlay
                0x060125dc                CDDAPlaySingle
                0x060125e8                CDDAStop
 .text          0x06012604      0x69c name_entry.o
                0x06012742                name_entry_init
                0x06012750                name_entry_screen
 .text          0x06012ca0     0x1260 connecting.o
                0x06013abc                connecting_init
                0x06013ac8                connecting_screen
 .text          0x06013f00      0xc2c lobby.o
                0x060143da                lobby_init
                0x060143e8                lobby_screen
 .text          0x06014b2c     0x1a40 net/mmm_net.o
                0x0601501e                mnet_init
                0x0601509c                mnet_set_modem_available
                0x060150a8                mnet_set_transport
                0x060150b4                mnet_set_username
                0x060150d8                mnet_set_username_2
                0x06015108                mnet_get_state
                0x06015114                mnet_log
                0x060151ac                mnet_clear_log
                0x060151d4                mnet_client_log
                0x06015d7c                mnet_enter_offline
                0x06015d98                mnet_on_connected
                0x06015e52                mnet_tick
                0x06015fb8                mnet_send_input_state
                0x06016040                mnet_send_input_state_p2
                0x060160d8                mnet_send_player_state
                0x06016178                mnet_send_player_state_p2
                0x06016234                mnet_send_lap_complete
                0x06016274                mnet_send_powerup_pickup
                0x060162b0                mnet_send_ready_toggle
                0x060162f0                mnet_request_start_game
                0x06016324                mnet_send_car_select
                0x06016360                mnet_send_add_local_player
                0x060163d4                mnet_send_remove_local_player
                0x06016448                mnet_send_disconnect
                0x060164a8                mnet_request_leaderboard
                0x060164dc                mnet_get_remote_input
                0x0601651c                mnet_get_remote_state
                0x06016550                mnet_get_powerup_type
 .text          0x0601656c      0x168 libc_stubs.o
                0x060165c2                malloc
                0x060165cc                free
                0x060165e0                calloc
                0x06016610                realloc
                0x06016678                _malloc_r
                0x06016684                _free_r
                0x06016690                _calloc_r
                0x0601669c                _realloc_r
                0x060166a8                _sbrk
                0x060166ac                _read
                0x060166b0                _write
                0x060166b4                _close
                0x060166b8                _open
                0x060166bc                _fstat
                0x060166c0                _isatty
                0x060166c4                _lseek
                0x060166c8                _kill
                0x060166cc                _getpid
                0x060166d0                _exit
 .text          0x060166d4      0xd50 D:/joengine-master/jo_engine/backup.o
                0x0601672a                jo_backup_get_free_block_count
                0x0601674c                jo_backup_get_total_block_count
                0x06016770                jo_backup_format_device
                0x06016808                jo_backup_mount
                0x0601690c                jo_backup_read_device
                0x06016a58                jo_backup_file_exists
                0x06016b14                jo_backup_get_file_partition
                0x06016bcc                jo_backup_init_file
                0x06016c0c                jo_backup_save
                0x06016e48                jo_backup_load_file_comment
                0x06016edc                jo_backup_load_file_contents
                0x0601704c                jo_backup_delete_file
                0x06017158                jo_backup_unmount
                0x060171d8                jo_backup_get_file_last_modified_date
                0x060172c0                jo_backup_get_file_info
                0x060173d0                jo_backup_get_file_size
                0x060173f0                jo_backup_get_last_status
 .text          0x06017424      0x8cc D:/joengine-master/jo_engine/tga.o
                0x0601764a                jo_set_tga_default_palette
                0x06017654                jo_set_tga_palette_handling
                0x06017660                __jo_tga_load
                0x06017728                __jo_tga_any_loader_from_stream
                0x06017774                jo_tga_8bits_loader_from_stream
                0x0601778c                jo_tga_loader_from_stream
                0x060177a4                __jo_tga_any_loader
                0x060177f8                jo_tga_8bits_loader
                0x06017814                jo_tga_loader
                0x06017830                jo_tga_8bits_tileset_loader
                0x06017a1c                jo_sprite_add_tga_tileset
                0x06017c10                jo_sprite_add_tga_from_stream
                0x06017c64                jo_sprite_add_tga
 .text          0x06017cf0      0x620 D:/joengine-master/jo_engine/3d.o
                0x06017d46                jo_3d_init
                0x06017d74                jo_3d_create_triangle
                0x06017db4                jo_3d_create_plane
                0x06017df4                jo_3d_create_mesh_from_vertices_and_normals
                0x06017ee4                jo_3d_free_mesh
                0x06017f08                jo_3d_create_cube
                0x06017f64                jo_3d_set_mesh_polygon_transparency
                0x06017f84                jo_3d_set_mesh_transparency
                0x06017fbc                jo_3d_set_mesh_polygon_screen_doors
                0x06017fe2                jo_3d_set_mesh_polygon_high_speed_shrink
                0x06018008                jo_3d_set_mesh_high_speed_shrink
                0x06018040                jo_3d_set_mesh_screen_doors
                0x06018078                jo_3d_set_mesh_polygon_light
                0x06018096                jo_3d_set_mesh_light
                0x060180cc                jo_3d_set_mesh_polygon_texture
                0x06018138                jo_3d_set_mesh_texture
                0x06018170                jo_3d_set_mesh_polygon_wireframe
                0x06018192                jo_3d_set_mesh_polygon_color_ex
                0x060181e2                jo_3d_set_mesh_color
                0x0601821c                jo_3d_free_sprite_quad
                0x06018248                jo_3d_create_sprite_quad
 .text          0x06018310      0x5a4 D:/joengine-master/jo_engine/fs.o
                0x06018366                jo_fs_init
                0x060183b0                jo_fs_do_background_jobs
                0x06018444                jo_fs_read_file_async_ptr
                0x06018540                jo_fs_cd
                0x06018580                jo_fs_read_file_ptr
                0x06018660                jo_fs_read_file_in_dir
                0x060186a8                jo_fs_open
                0x06018724                jo_fs_seek_forward
                0x060187e4                jo_fs_read_next_bytes
                0x06018884                jo_fs_close
                0x060188a4                jo_fs_set_read_sector_count
 .text          0x060188b4       0xec D:/joengine-master/jo_engine/slave.o
                0x06018922                jo_core_add_slave_callback
                0x06018948                jo_core_remove_slave_callback
                0x0601895c                jo_core_slave_init
                0x0601896c                jo_core_wait_for_slave
                0x0601898c                jo_core_exec_on_slave
 .text          0x060189a0      0x3f4 D:/joengine-master/jo_engine/font.o
                0x060189f6                jo_font_load
                0x06018bb8                jo_font_print
                0x06018c90                jo_font_print_centered
 .text          0x06018d94      0x1bc D:/joengine-master/jo_engine/input.o
                0x06018dea                jo_get_inputs_vblank
                0x06018e30                jo_get_input_type
                0x06018e98                jo_get_input_count
                0x06018ec8                jo_get_input_axis
 .text          0x06018f50        0x0 D:/joengine-master/jo_engine/physics.o
 .text          0x06018f50      0x450 D:/joengine-master/jo_engine/core.o
                0x06018fe6                __jo_core_set_screens_order
                0x060190ac                jo_core_add_vblank_callback
                0x060190ec                jo_core_init
                0x0601927c                jo_core_remove_vblank_callback
                0x060192ac                jo_core_add_callback
                0x060192d0                jo_core_remove_callback
                0x060192e4                jo_goto_boot_menu
                0x060192f0                jo_core_set_restart_game_callback
                0x060192fc                jo_core_run
 .text          0x060193a0      0x9c0 D:/joengine-master/jo_engine/math.o
                0x060193f6                jo_fixed_mult
                0x06019408                jo_fixed_dot
                0x06019420                jo_fixed_pow
                0x0601945c                jo_fixed_div
                0x06019484                jo_fixed_sin
                0x060194e0                jo_fixed_cos
                0x0601953c                jo_gcd
                0x06019552                jo_atan2f_rad
                0x060196ec                jo_planar_rotate
                0x060197cc                jo_random
                0x06019844                jo_vector_fixed_compute_bezier_point
                0x060199d4                jo_vectorf_compute_bezier_point
                0x06019b24                jo_fixed_sqrt
                0x06019bb0                jo_sqrt
                0x06019be6                jo_fixed_rsqrt
                0x06019cf0                jo_rsqrt
 .text          0x06019d60      0x1a0 D:/joengine-master/jo_engine/malloc.o
                0x06019db6                jo_add_memory_zone
                0x06019df4                jo_malloc_with_behaviour
                0x06019e8c                jo_reduce_memory_fragmentation
                0x06019ed8                jo_free
 .text          0x06019f00      0x258 D:/joengine-master/jo_engine/tools.o
                0x06019f56                jo_getdate
                0x06019fc0                jo_get_current_language
                0x06019fe4                jo_tools_atoi
                0x0601a00e                jo_strlen
                0x0601a01e                jo_endwith
                0x0601a070                jo_strcmp
                0x0601a09c                jo_memset
                0x0601a106                jo_map_to_vram
 .text          0x0601a158       0xa4 D:/joengine-master/jo_engine/palette.o
                0x0601a1ae                jo_create_palette
                0x0601a1d4                jo_set_palette_register
                0x0601a1e8                jo_get_palette_register
 .text          0x0601a1fc      0x7a8 D:/joengine-master/jo_engine/sprites.o
                0x0601a33a                jo_sprite_usage_percent
                0x0601a3c0                jo_get_last_sprite_id
                0x0601a3cc                jo_sprite_init
                0x0601a3f0                jo_sprite_name2id
                0x0601a434                jo_sprite_replace
                0x0601a4c8                jo_sprite_add
                0x0601a4dc                jo_sprite_add_8bits_image
                0x0601a4f0                jo_sprite_free_from
                0x0601a594                jo_set_gouraud_shading_colors
                0x0601a5bc                jo_set_gouraud_shading_brightness
                0x0601a5e8                jo_sprite_draw_4p_fixed
                0x0601a700                jo_sprite_draw
                0x0601a814                jo_sprite_draw_rotate
                0x0601a970                jo_sprite_set_clipping_area
 .text          0x0601a9a4      0x910 D:/joengine-master/jo_engine/map.o
                0x0601aabe                jo_map_per_pixel_vertical_collision
                0x0601ac4c                jo_map_hitbox_detection_custom_boundaries
                0x0601acbc                jo_map_create
                0x0601ad08                jo_map_add_tile
                0x0601ad2c                jo_map_add_animated_tile
                0x0601ad50                jo_map_draw_background
                0x0601add4                jo_map_3d_draw
                0x0601aee4                jo_map_draw
                0x0601afb8                jo_map_free
                0x0601afd0                jo_map_load_from_file
                0x0601b244                jo_map_move_tiles_by_attribute
 .text          0x0601b2b4      0x15c D:/joengine-master/jo_engine/list.o
                0x0601b30a                jo_list_init
                0x0601b318                jo_list_add
                0x0601b35c                jo_list_insert_at
                0x0601b3cc                jo_list_remove
 .text          0x0601b410      0x254 D:/joengine-master/jo_engine/sprite_animator.o
                0x0601b4ca                jo_replace_sprite_anim
                0x0601b52c                jo_create_sprite_anim
                0x0601b5a8                jo_remove_sprite_anim
                0x0601b634                jo_clear_all_sprite_anim
 .text          0x0601b664      0x4ac D:/joengine-master/jo_engine/image.o
                0x0601b6ba                __jo_bin_load
                0x0601b700                jo_free_img
                0x0601b71c                jo_bin_loader_from_stream
                0x0601b7ac                jo_bin_loader
                0x0601b81c                jo_replace_color
                0x0601b84a                jo_sprite_add_bin_tileset
                0x0601b948                jo_sprite_add_bin
                0x0601b9bc                jo_sprite_add_bin_from_stream
                0x0601b9fc                jo_sprite_add_image_pack
 .text          0x0601bb10      0xfd0 D:/joengine-master/jo_engine/vdp2.o
                0x0601bbc6                jo_set_default_background_color
                0x0601bbfc                __jo_init_vdp2
                0x0601bc58                jo_img_to_vdp2_cells
                0x0601bcd4                jo_vdp2_replace_rbg0_plane_a_8bits_image
                0x0601bce8                jo_vdp2_replace_rbg0_plane_b_8bits_image
                0x0601bcfc                jo_vdp2_set_rbg0_plane_a_8bits_image
                0x0601bdc0                jo_vdp2_set_rbg0_plane_b_8bits_image
                0x0601be84                jo_vdp2_enable_rbg0
                0x0601bf50                jo_vdp2_disable_rbg0
                0x0601bfac                jo_vdp2_set_nbg0_8bits_image
                0x0601c0b8                jo_vdp2_disable_nbg0_line_scroll
                0x0601c0dc                jo_vdp2_compute_nbg0_line_scroll
                0x0601c0f4                jo_vdp2_enable_nbg0_line_scroll
                0x0601c150                jo_vdp2_draw_bitmap_nbg1_line
                0x0601c1ec                jo_vdp2_clear_bitmap_nbg1
                0x0601c258                jo_vdp2_set_nbg1_8bits_image
                0x0601c348                jo_vdp2_set_nbg1_image
                0x0601c53c                jo_vdp2_disable_nbg1_line_scroll
                0x0601c560                jo_vdp2_compute_nbg1_line_scroll
                0x0601c578                jo_vdp2_enable_nbg1_line_scroll
                0x0601c5d4                jo_nbg2_clear
                0x0601c600                __jo_set_nbg2_8bits_image
                0x0601c6a4                jo_nbg2_print
                0x0601c700                jo_vdp2_set_nbg2_8bits_font
                0x0601c770                jo_vdp2_set_nbg2_8bits_image
                0x0601c7dc                jo_nbg3_clear
                0x0601c808                __jo_set_nbg3_8bits_image
                0x0601c8ac                jo_nbg3_print
                0x0601c908                jo_vdp2_set_nbg3_8bits_font
                0x0601c978                jo_vdp2_set_nbg3_8bits_image
                0x0601c9e4                jo_set_displayed_screens
                0x0601c9f4                jo_disable_all_screens_transparency
                0x0601ca18                jo_enable_screen_transparency
 .text          0x0601cae0      0x26c D:/joengine-master/jo_engine/time.o
                0x0601cb36                jo_time_init
                0x0601cb60                jo_get_ticks
                0x0601cc40                jo_fixed_point_time
 .text          0x0601cd4c       0x56 D:/joengine-master/jo_engine/vdp1_command_pipeline.o
 *fill*         0x0601cda2        0x2 
 .text          0x0601cda4      0x258 D:/joengine-master/jo_engine/vdp2_malloc.o
                0x0601cdfa                jo_vdp2_malloc_init
                0x0601ce30                jo_vdp2_free
                0x0601ced4                jo_vdp2_malloc
 *fill*         0x0601cffc        0x4 
 .text          0x0601d000      0x238 D:/joengine-master/Compiler/COMMON/SGL_302j/LIB_ELF/SEGA_SYS.A(sys_exit.o)
                0x0601d000                sys_version
                0x0601d020                SYS_Exit
 *fill*         0x0601d238        0x8 
 .text          0x0601d240        0x6 D:/joengine-master/Compiler/COMMON/SGL_302j/LIB_ELF/SEGA_SYS.A(sys_sub.o)
                0x0601d240                SYSUB_SetStackptr
 *fill*         0x0601d246        0xa 
 .text          0x0601d250      0x3a0 D:/joengine-master/Compiler/COMMON/SGL_302j/LIB_ELF/LIBCD.A(CDC_CMN.O)
                0x0601d250                CDC_GetCurStat
                0x0601d2a0                CDC_GetLastStat
                0x0601d2b8                CDC_GetPeriStat
                0x0601d38c                CDC_GetHwInfo
                0x0601d3f4                CDC_TgetToc
                0x0601d444                CDC_GetSes
                0x0601d480                CDC_CdInit
                0x0601d504                CDC_CdOpen
                0x0601d52c                CDC_DataReady
                0x0601d598                CDC_DataEnd
 .text          0x0601d5f0      0x130 D:/joengine-master/Compiler/COMMON/SGL_302j/LIB_ELF/LIBCD.A(CDC_DRV.O)
                0x0601d5f0                CDC_CdPlay
                0x0601d6bc                CDC_CdSeek
                0x0601d6f0                CDC_CdScan
 .text          0x0601d720      0x194 D:/joengine-master/Compiler/COMMON/SGL_302j/LIB_ELF/LIBCD.A(CDC_CFS.O)
                0x0601d720                CDC_ChgDir
                0x0601d754                CDC_ReadDir
                0x0601d788                CDC_GetFileScope
                0x0601d7e8                CDC_TgetFileInfo
                0x0601d844                CDC_ReadFile
                0x0601d878                CDC_AbortFile
 *fill*         0x0601d8b4        0xc 
 .text          0x0601d8c0      0x2dc D:/joengine-master/Compiler/COMMON/SGL_302j/LIB_ELF/LIBCD.A(CDC_REG.O)
                0x0601d8c0                CDC_GetDataPtr
                0x0601d8d0                CDC_GetHirqReq
                0x0601d8e4                CDC_ClrHirqReq
                0x0601d914                CDREG_ClrHirqReq
                0x0601d924                CDREG_InitHirqReq
                0x0601d94c                CDREG_SetHirqFlag
                0x0601d960                CDC_GetHirqMsk
                0x0601d974                CDC_SetHirqMsk
                0x0601d984                CDC_GetMpegPtr
                0x0601d994                CDREG_TgetData
                0x0601d9f0                CDREG_CmdRsp
                0x0601daf0                CDREG_WaitHirq
                0x0601db60                CDREG_ReadRsp
 *fill*         0x0601db9c        0x4 
 .text          0x0601dba0      0x152 D:/joengine-master/Compiler/COMMON/SGL_302j/LIB_ELF/LIBCD.A(CDC_SUB.O)
                0x0601dba0                CDSUB_UpdStatus
                0x0601dbb8                CDSUB_UpdCdstat
                0x0601dbd8                CDSUB_CdCmd
                0x0601dc48                CDSUB_GetCdstat
                0x0601dc88                CDSUB_RspToCdstat
                0x0601dcd0                CDSUB_SoftTimer
 *fill*         0x0601dcf2        0xe 
 .text          0x0601dd00     0x1adc D:/joengine-master/Compiler/COMMON/SGL_302j/LIB_ELF/LIBCD.A(GFS.O)
                0x0601dd00                gfs_version
                0x0601dd20                GFS_Init
                0x0601de08                GFS_LoadDir
                0x0601deb0                GFS_SetDir
                0x0601df18                GFS_NameToId
                0x0601df7c                GFS_IdToName
                0x0601dfe8                GFS_GetDirInfo
                0x0601e058                GFS_Reset
                0x0601e0dc                GFS_Open
                0x0601e190                GFS_Close
                0x0601e1c8                GFS_Seek
                0x0601e27c                GFS_Tell
                0x0601e2cc                GFS_IsEof
                0x0601e320                GFS_ByteToSct
                0x0601e37c                GFS_GetFileSize
                0x0601e3d8                GFS_GetFileInfo
                0x0601e44c                GFS_GetNumCdbuf
                0x0601e474                GFS_Load
                0x0601e538                GFS_Fread
                0x0601e5d4                gfs_waitRead
                0x0601e67c                GFS_NwFread
                0x0601e788                GFS_NwCdRead
                0x0601e800                GFS_NwIsComplete
                0x0601e838                GFS_NwStop
                0x0601e8a4                GFS_NwGetStat
                0x0601e920                gfs_recovRdErr
                0x0601e950                GFS_NwExecOne
                0x0601ea10                GFS_NwExecServer
                0x0601ea8c                GFS_SetGmode
                0x0601eaf0                GFS_SetTmode
                0x0601eb5c                GFS_SetReadPara
                0x0601ebc0                GFS_SetTransPara
                0x0601ec2c                GFS_SetTrFunc
                0x0601ec90                GFS_StartTrans
                0x0601ecdc                GFS_CdMovePickup
                0x0601ed48                GFS_SetErrFunc
                0x0601ed74                GFS_GetErrStat
                0x0601ed98                GFS_ConvTno
                0x0601edc0                gfs_chgRoot
                0x0601ee8c                gfs_aborttrans
                0x0601ee98                gfs_mngSetupFuncTbl
                0x0601eecc                gfs_mngInitWork
                0x0601ef70                gfs_mngGetNumFile
                0x0601efd8                GFS_mngAllocGrp
                0x0601f020                gfs_mngFreeGrp
                0x0601f02c                gfs_mngTermAccess
                0x0601f0b0                gfs_mngSetErrCode
                0x0601f130                gfs_svrSearchHndl
                0x0601f170                gfs_svrAddHndl
                0x0601f1ac                gfs_svrRemoveHndl
                0x0601f208                GFS_OpenSub
                0x0601f260                gfs_loadVol
                0x0601f324                gfs_getRootDir
                0x0601f420                gfs_loadRootDir
                0x0601f4a8                gfs_flowIn
                0x0601f550                gfs_transData
                0x0601f5f4                GFS_GetFad
                0x0601f64c                gfs_SetSct
                0x0601f68c                gfs_GetFinfo
                0x0601f6cc                gfs_closeSub
                0x0601f708                gfs_getGmode
                0x0601f714                gfs_isTaskDone
                0x0601f768                gfs_convFinStat
 *fill*         0x0601f7dc        0x4 
 .text          0x0601f7e0      0x106 D:/joengine-master/Compiler/COMMON/SGL_302j/LIB_ELF/LIBCD.A(GFS_BUF.O)
                0x0601f810                GFBF_GetTranData
                0x0601f838                GFBF_GetNumData
                0x0601f868                GFBF_GetSrcPk
                0x0601f890                GFBF_GetSctData
                0x0601f8b4                GFBF_RtnPk
                0x0601f8dc                gfbf_getSctDt
 *fill*         0x0601f8e6        0xa 
 .text          0x0601f8f0      0x600 D:/joengine-master/Compiler/COMMON/SGL_302j/LIB_ELF/LIBCD.A(GFS_CDB.O)
                0x0601f8f0                GFCB_Setup
                0x0601fa10                GFCB_Close
                0x0601fa38                GFCB_GetLenData
                0x0601fae4                GFCB_GetLenRoom
                0x0601faf0                GFCB_SetFilt
                0x0601fb58                GFCB_DeleteAllData
                0x0601fb80                GFCB_Tell
                0x0601fb90                gfcb_getSctNum
                0x0601fbe0                GFCB_Seek
                0x0601fcdc                GFCB_GetSrcPack
                0x0601fdbc                GFCB_GetSctData
                0x0601fdf4                GFCB_GetDstPack
                0x0601fe00                GFCB_RtnPk
                0x0601fe48                GFCB_MovePickup
                0x0601fe64                GFCB_SetCon
                0x0601fe98                GFCB_GetPickup
                0x0601fec0                GFCB_IsPuOwner
                0x0601fed8                GFCB_UngetPickup
 .text          0x0601fef0     0x1a10 D:/joengine-master/Compiler/COMMON/SGL_302j/LIB_ELF/LIBCD.A(GFS_CDC.O)
                0x0601fef0                GFCD_SetCdbfs
                0x0601ff1c                GFCD_Init
                0x06020120                GFCD_AllocFilt
                0x0602015c                GFCD_FreeFilt
                0x0602018c                GFCD_AllocBuf
                0x060201c0                GFCD_FreeBuf
                0x06020264                GFCD_GetBaseFad
                0x06020298                GFCD_GetPickup
                0x060202cc                GFCD_UngetPickup
                0x060202f8                GFCD_IsPuOwner
                0x0602031c                GFCD_SetFilt
                0x060203e0                GFCD_GetFilt
                0x06020428                GFCD_SetCon
                0x06020480                GFCD_Play
                0x060204e0                GFCD_GetLenData
                0x06020548                GFCD_ReqData
                0x060205a4                GFCD_EndData
                0x060205ec                GFCD_DelSctData
                0x06020644                GFCD_CheckDelSctData
                0x06020674                GFCD_GetStat
                0x06020728                GFCD_MovePickup
                0x06020774                GFCD_MoveSctData
                0x060207e8                GFCD_CheckMove
                0x0602080c                GFCD_GetSctInfo
                0x06020854                GFCD_ChgDir
                0x060208c8                GFCD_SetFiltCon
                0x060209b0                GFCD_GetFileInfo
                0x06020a8c                GFCD_GetBufSiz
                0x06020ac4                GFCD_ExecServer
                0x06020b98                gfcd_isIdleTask
                0x06020c24                gfcd_doTask
                0x06020cd0                GFCD_SetTimer
                0x06020ce4                GFCD_WaitServer
                0x06020d20                gfcd_doSetFiltTsk
                0x06020ee4                gfcd_doSetConTsk
                0x06020f74                gfcd_doGetLenDataTsk
                0x060210c8                gfcd_doReqDataTsk
                0x06021168                gfcd_doDelSctDataTsk
                0x0602129c                gfcd_doMoveSctTsk
                0x06021400                gfcd_doChgDirTsk
                0x060215fc                gfcd_doSetFiltConTsk
                0x06021740                gfcd_checkEflag
                0x06021764                gfcd_initCdbMng
                0x060217e4                gfcd_setStat
                0x06021810                GFCD_SetCsctFunc
                0x0602182c                GFCD_ChkScdqFlag
                0x06021850                GFCD_ClrScdqFlag
                0x0602186c                GFCD_WaitScdqFlag
                0x060218b0                GFCD_WaitPause
 .text          0x06021900      0x8d8 D:/joengine-master/Compiler/COMMON/SGL_302j/LIB_ELF/LIBCD.A(GFS_CDF.O)
                0x06021900                GFCF_Init
                0x060219a0                GFCF_Setup
                0x06021ae8                GFCF_SetSct
                0x06021b2c                GFCF_GetFileInfo
                0x06021ba0                GFCF_FlowInBuf
                0x06021cf4                GFCF_StopInBuf
                0x06021d94                GFCF_Recover
                0x06021ddc                GFCF_Tell
                0x06021df4                GFCF_Seek
                0x06021e0c                GFCF_MovePickup
                0x06021ea8                GFCF_cnvIntlvOfs
                0x06021efc                GFCF_GetStat
                0x06021f94                gfcf_getSctSize
                0x06021fd0                gfcf_isCdOk
                0x06022090                gfcf_getPlayRange
 *fill*         0x060221d8        0x8 
 .text          0x060221e0      0x92c D:/joengine-master/Compiler/COMMON/SGL_302j/LIB_ELF/LIBCD.A(GFS_DIR.O)
                0x060221e0                GFDR_SetupDirTbl
                0x06022254                GFDR_NameToId
                0x060222b4                GFDR_GetInfoDirId
                0x060222c8                GFDR_GetInfoDirName
                0x060222dc                GFDR_GetAtrDirId
                0x060222f4                GFDR_GetAtrDirName
                0x0602230c                GFDR_ChgRoot
                0x06022324                GFDR_ChgDir
                0x06022398                gfdr_setupDirIdTbl
                0x0602241c                gfdr_setupDirNameTbl
                0x060224c8                gfdr_open
                0x060224f0                gfdr_read
                0x060225b0                gfdr_readByte
                0x060225dc                gfdr_readWord
                0x06022608                gfdr_readWordNB
                0x0602265c                gfdr_readLongNB
                0x060226a8                gfdr_readLongNM
                0x060226d0                gfdr_setNextRec
                0x06022754                gfdr_readDirEnt
                0x06022ad0                gfdr_setDirrecCd
 *fill*         0x06022b0c        0x4 
 .text          0x06022b10      0x9c6 D:/joengine-master/Compiler/COMMON/SGL_302j/LIB_ELF/LIBCD.A(GFS_TRN.O)
                0x06022b40                GFTR_Setup
                0x06022b84                GFTR_SetMode
                0x06022b98                GFTR_SetUnit
                0x06022ba4                GFTR_SetTransPara
                0x06022bd8                GFTR_GetTransPara
                0x06022be4                GFTR_GetNumTrans
                0x06022bf0                GFTR_SetTransMax
                0x06022bfc                GFTR_Start
                0x06022c08                GFTR_Pause
                0x06022c14                GFTR_Stop
                0x06022ccc                GFTR_Exec
                0x06022d50                GFTR_Idle
                0x06022dc8                GFTR_ExecSvr
                0x06022ed0                gftr_getSrcPack
                0x06022f58                gftr_getDstPack
                0x06022fb4                gftr_reqScu
                0x06022fc0                gftr_execScu
                0x0602305c                gftr_remScu
                0x06023090                gfdma_canUse
                0x0602309c                gfdma_exec
                0x0602310c                gfdma_getBytecnt
                0x06023144                gftr_reqDma0
                0x0602315c                gftr_execSdma0
                0x06023180                gftr_remDma0
                0x06023198                gftr_reqDma1
                0x060231b0                gftr_execSdma1
                0x060231d4                gftr_remDma1
                0x060231ec                gftr_reqCpu
                0x060231f8                gftr_execCpu
                0x06023238                gftr_remCpu
                0x06023244                gftr_reqTrn
                0x060232b4                gftr_execTrn
                0x0602338c                gftr_remTrn
                0x06023400                gftr_copyFrac
                0x06023428                GFTR_GetLenData
                0x06023434                GFTR_GetLenRoom
                0x0602344c                GFTR_GetDstPack
                0x06023480                GFTR_RtnDstPk
                0x0602349c                GFTR_GetData
                0x060234b0                GFTR_SetData
                0x060234c4                GFTR_SetTransFunc
 *fill*         0x060234d6        0xa 
 .text          0x060234e0       0xa8 D:/joengine-master/Compiler/COMMON/SGL_302j/LIB_ELF/LIBCD.A(CDC_DEV.O)
                0x060234e0                CDC_CdSetCon
                0x06023510                CDC_CdGetCon
                0x0602354c                CDC_CdGetLastBuf
 *fill*         0x06023588        0x8 
 .text          0x06023590      0x2b8 D:/joengine-master/Compiler/COMMON/SGL_302j/LIB_ELF/LIBCD.A(CDC_SEL.O)
                0x06023590                CDC_SetFiltRange
                0x060235c4                CDC_GetFiltRange
                0x0602361c                CDC_SetFiltSubh
                0x0602368c                CDC_GetFiltSubh
                0x06023708                CDC_SetFiltMode
                0x0602373c                CDC_GetFiltMode
                0x06023780                CDC_SetFiltCon
                0x060237c0                CDC_GetFiltCon
                0x06023814                CDC_ResetSelector
 *fill*         0x06023848        0x8 
 .text          0x06023850      0x270 D:/joengine-master/Compiler/COMMON/SGL_302j/LIB_ELF/LIBCD.A(CDC_BIF.O)
                0x06023850                CDC_GetBufSiz
                0x060238ac                CDC_GetSctNum
                0x060238f0                CDC_CalActSiz
                0x0602392c                CDC_GetActSiz
                0x060239ac                CDC_GetSctInfo
                0x06023a2c                CDC_ExeFadSearch
                0x06023a64                CDC_GetFadSearch
 .text          0x06023ac0      0x1e4 D:/joengine-master/Compiler/COMMON/SGL_302j/LIB_ELF/LIBCD.A(CDC_BIO.O)
                0x06023ac0                CDC_SetSctLen
                0x06023af4                CDC_GetSctData
                0x06023b30                CDC_DelSctData
                0x06023b6c                CDC_GetdelSctData
                0x06023ba8                CDC_PutSctData
                0x06023be0                CDC_CopySctData
                0x06023c24                CDC_MoveSctData
                0x06023c68                CDC_GetCopyErr
 *fill*         0x06023ca4        0xc 
 .text          0x06023cb0        0x0 D:/joengine-master/Compiler/COMMON/SGL_302j/LIB_ELF/LIBSGL.A(sglA01.o)
 .text          0x06023cb0        0x0 D:/joengine-master/Compiler/COMMON/SGL_302j/LIB_ELF/LIBSGL.A(sglA15.o)
 .text          0x06023cb0        0x0 D:/joengine-master/Compiler/COMMON/SGL_302j/LIB_ELF/LIBSGL.A(sglA16.o)
 .text          0x06023cb0        0x0 D:/joengine-master/Compiler/COMMON/SGL_302j/LIB_ELF/LIBSGL.A(sglA17.o)
 .text          0x06023cb0        0x0 D:/joengine-master/Compiler/COMMON/SGL_302j/LIB_ELF/LIBSGL.A(sglA18.o)
 .text          0x06023cb0        0x0 D:/joengine-master/Compiler/COMMON/SGL_302j/LIB_ELF/LIBSGL.A(sglA19.o)
 .text          0x06023cb0        0x0 D:/joengine-master/Compiler/COMMON/SGL_302j/LIB_ELF/LIBSGL.A(sglA20.o)
 .text          0x06023cb0        0x0 D:/joengine-master/Compiler/COMMON/SGL_302j/LIB_ELF/LIBSGL.A(sglA21.o)
 .text          0x06023cb0        0x0 D:/joengine-master/Compiler/COMMON/SGL_302j/LIB_ELF/LIBSGL.A(sglA27.o)
 .text          0x06023cb0        0x0 D:/joengine-master/Compiler/COMMON/SGL_302j/LIB_ELF/LIBSGL.A(sglA28.o)
 .text          0x06023cb0        0x0 D:/joengine-master/Compiler/COMMON/SGL_302j/LIB_ELF/LIBSGL.A(sglA40.o)
 .text          0x06023cb0        0x0 D:/joengine-master/Compiler/COMMON/SGL_302j/LIB_ELF/LIBSGL.A(sglB001.o)
 .text          0x06023cb0        0x0 D:/joengine-master/Compiler/COMMON/SGL_302j/LIB_ELF/LIBSGL.A(sglB011.o)
 .text          0x06023cb0        0x0 D:/joengine-master/Compiler/COMMON/SGL_302j/LIB_ELF/LIBSGL.A(sglB014.o)
 .text          0x06023cb0        0x0 D:/joengine-master/Compiler/COMMON/SGL_302j/LIB_ELF/LIBSGL.A(sglB015.o)
 .text          0x06023cb0        0x0 D:/joengine-master/Compiler/COMMON/SGL_302j/LIB_ELF/LIBSGL.A(sglB016.o)
 .text          0x06023cb0        0x0 D:/joengine-master/Compiler/COMMON/SGL_302j/LIB_ELF/LIBSGL.A(sglB020.o)
 .text          0x06023cb0        0x0 D:/joengine-master/Compiler/COMMON/SGL_302j/LIB_ELF/LIBSGL.A(sglB021.o)
 .text          0x06023cb0        0x0 D:/joengine-master/Compiler/COMMON/SGL_302j/LIB_ELF/LIBSGL.A(sglB023.o)
 .text          0x06023cb0        0x0 D:/joengine-master/Compiler/COMMON/SGL_302j/LIB_ELF/LIBSGL.A(sglB031.o)
 .text          0x06023cb0        0x0 D:/joengine-master/Compiler/COMMON/SGL_302j/LIB_ELF/LIBSGL.A(sglB032.o)
 .text          0x06023cb0        0x0 D:/joengine-master/Compiler/COMMON/SGL_302j/LIB_ELF/LIBSGL.A(sglB033.o)
 .text          0x06023cb0        0x0 D:/joengine-master/Compiler/COMMON/SGL_302j/LIB_ELF/LIBSGL.A(sglB034.o)
 .text          0x06023cb0        0x0 D:/joengine-master/Compiler/COMMON/SGL_302j/LIB_ELF/LIBSGL.A(sglB035.o)
 .text          0x06023cb0        0x0 D:/joengine-master/Compiler/COMMON/SGL_302j/LIB_ELF/LIBSGL.A(sglB036.o)
 .text          0x06023cb0        0x0 D:/joengine-master/Compiler/COMMON/SGL_302j/LIB_ELF/LIBSGL.A(sglB038.o)
 .text          0x06023cb0        0x0 D:/joengine-master/Compiler/COMMON/SGL_302j/LIB_ELF/LIBSGL.A(sglB039.o)
 .text          0x06023cb0        0x0 D:/joengine-master/Compiler/COMMON/SGL_302j/LIB_ELF/LIBSGL.A(sglB040.o)
 .text          0x06023cb0        0x0 D:/joengine-master/Compiler/COMMON/SGL_302j/LIB_ELF/LIBSGL.A(sglB041.o)
 .text          0x06023cb0        0x0 D:/joengine-master/Compiler/COMMON/SGL_302j/LIB_ELF/LIBSGL.A(sglB042.o)
 .text          0x06023cb0        0x0 D:/joengine-master/Compiler/COMMON/SGL_302j/LIB_ELF/LIBSGL.A(sglB043.o)
 .text          0x06023cb0        0x0 D:/joengine-master/Compiler/COMMON/SGL_302j/LIB_ELF/LIBSGL.A(sglB044.o)
 .text          0x06023cb0        0x0 D:/joengine-master/Compiler/COMMON/SGL_302j/LIB_ELF/LIBSGL.A(sglB045.o)
 .text          0x06023cb0        0x0 D:/joengine-master/Compiler/COMMON/SGL_302j/LIB_ELF/LIBSGL.A(sglB047.o)
 .text          0x06023cb0        0x0 D:/joengine-master/Compiler/COMMON/SGL_302j/LIB_ELF/LIBSGL.A(sglB048.o)
 .text          0x06023cb0        0x0 D:/joengine-master/Compiler/COMMON/SGL_302j/LIB_ELF/LIBSGL.A(sglB055.o)
 .text          0x06023cb0        0x0 D:/joengine-master/Compiler/COMMON/SGL_302j/LIB_ELF/LIBSGL.A(sglB056.o)
 .text          0x06023cb0        0x0 D:/joengine-master/Compiler/COMMON/SGL_302j/LIB_ELF/LIBSGL.A(sglB057.o)
 .text          0x06023cb0        0x0 D:/joengine-master/Compiler/COMMON/SGL_302j/LIB_ELF/LIBSGL.A(sglB058.o)
 .text          0x06023cb0        0x0 D:/joengine-master/Compiler/COMMON/SGL_302j/LIB_ELF/LIBSGL.A(sglB059.o)
 .text          0x06023cb0        0x0 D:/joengine-master/Compiler/COMMON/SGL_302j/LIB_ELF/LIBSGL.A(sglB060.o)
 .text          0x06023cb0        0x0 D:/joengine-master/Compiler/COMMON/SGL_302j/LIB_ELF/LIBSGL.A(sglB063.o)
 .text          0x06023cb0        0x0 D:/joengine-master/Compiler/COMMON/SGL_302j/LIB_ELF/LIBSGL.A(sglB087.o)
 .text          0x06023cb0        0x0 D:/joengine-master/Compiler/COMMON/SGL_302j/LIB_ELF/LIBSGL.A(sglB088.o)
 .text          0x06023cb0        0x0 D:/joengine-master/Compiler/COMMON/SGL_302j/LIB_ELF/LIBSGL.A(sglB090.o)
 .text          0x06023cb0        0x0 D:/joengine-master/Compiler/COMMON/SGL_302j/LIB_ELF/LIBSGL.A(sglB200.o)
 .text          0x06023cb0        0x0 D:/joengine-master/Compiler/COMMON/SGL_302j/LIB_ELF/LIBSGL.A(sglC01.o)
 .text          0x06023cb0        0x0 D:/joengine-master/Compiler/COMMON/SGL_302j/LIB_ELF/LIBSGL.A(sglC03.o)
 .text          0x06023cb0        0x0 D:/joengine-master/Compiler/COMMON/SGL_302j/LIB_ELF/LIBSGL.A(sglC04.o)
 .text          0x06023cb0        0x0 D:/joengine-master/Compiler/COMMON/SGL_302j/LIB_ELF/LIBSGL.A(sglC05.o)
 .text          0x06023cb0        0x0 D:/joengine-master/Compiler/COMMON/SGL_302j/LIB_ELF/LIBSGL.A(sglC06.o)
 .text          0x06023cb0        0x0 D:/joengine-master/Compiler/COMMON/SGL_302j/LIB_ELF/LIBSGL.A(sglC07.o)
 .text          0x06023cb0        0x0 D:/joengine-master/Compiler/COMMON/SGL_302j/LIB_ELF/LIBSGL.A(sglC08.o)
 .text          0x06023cb0        0x0 D:/joengine-master/Compiler/COMMON/SGL_302j/LIB_ELF/LIBSGL.A(sglC14.o)
 .text          0x06023cb0        0x0 D:/joengine-master/Compiler/COMMON/SGL_302j/LIB_ELF/LIBSGL.A(sglC16.o)
 .text          0x06023cb0        0x0 D:/joengine-master/Compiler/COMMON/SGL_302j/LIB_ELF/LIBSGL.A(sglC17.o)
 .text          0x06023cb0        0x0 D:/joengine-master/Compiler/COMMON/SGL_302j/LIB_ELF/LIBSGL.A(sglC19.o)
 .text          0x06023cb0        0x0 D:/joengine-master/Compiler/COMMON/SGL_302j/LIB_ELF/LIBSGL.A(sglC20.o)
 .text          0x06023cb0        0x0 D:/joengine-master/Compiler/COMMON/SGL_302j/LIB_ELF/LIBSGL.A(sglC21.o)
 .text          0x06023cb0        0x0 D:/joengine-master/Compiler/COMMON/SGL_302j/LIB_ELF/LIBSGL.A(sglD00.o)
 .text          0x06023cb0        0x0 D:/joengine-master/Compiler/COMMON/SGL_302j/LIB_ELF/LIBSGL.A(sglD01.o)
 .text          0x06023cb0        0x0 D:/joengine-master/Compiler/COMMON/SGL_302j/LIB_ELF/LIBSGL.A(sglD02.o)
 .text          0x06023cb0        0x0 D:/joengine-master/Compiler/COMMON/SGL_302j/LIB_ELF/LIBSGL.A(sglD03.o)
 .text          0x06023cb0        0x0 D:/joengine-master/Compiler/COMMON/SGL_302j/LIB_ELF/LIBSGL.A(sglD15.o)
 .text          0x06023cb0        0x0 D:/joengine-master/Compiler/COMMON/SGL_302j/LIB_ELF/LIBSGL.A(sglD16.o)
 .text          0x06023cb0        0x0 D:/joengine-master/Compiler/COMMON/SGL_302j/LIB_ELF/LIBSGL.A(sglD17.o)
 .text          0x06023cb0        0x0 D:/joengine-master/Compiler/COMMON/SGL_302j/LIB_ELF/LIBSGL.A(sglD18.o)
 .text          0x06023cb0        0x0 D:/joengine-master/Compiler/COMMON/SGL_302j/LIB_ELF/LIBSGL.A(sglF08.o)
 .text          0x06023cb0        0x0 D:/joengine-master/Compiler/COMMON/SGL_302j/LIB_ELF/LIBSGL.A(sglH00.o)
 .text          0x06023cb0        0x0 D:/joengine-master/Compiler/COMMON/SGL_302j/LIB_ELF/LIBSGL.A(sglH01.o)
 .text          0x06023cb0        0x0 D:/joengine-master/Compiler/COMMON/SGL_302j/LIB_ELF/LIBSGL.A(sglH02.o)
 .text          0x06023cb0        0x0 D:/joengine-master/Compiler/COMMON/SGL_302j/LIB_ELF/LIBSGL.A(sglH04.o)
 .text          0x06023cb0        0x0 D:/joengine-master/Compiler/COMMON/SGL_302j/LIB_ELF/LIBSGL.A(sglI01.o)
 .text          0x06023cb0        0x0 D:/joengine-master/Compiler/COMMON/SGL_302j/LIB_ELF/LIBSGL.A(sglI04.o)
 .text          0x06023cb0      0x128 D:/joengine-master/Compiler/COMMON/SGL_302j/LIB_ELF/LIBSGL.A(sglIc0.o)
                0x06023cb0                slInitSystem
 *fill*         0x06023dd8        0x8 
 .text          0x06023de0        0x0 D:/joengine-master/Compiler/COMMON/SGL_302j/LIB_ELF/LIBSGL.A(sglJ00.o)
 .text          0x06023de0        0x0 D:/joengine-master/Compiler/COMMON/SGL_302j/LIB_ELF/LIBSGL.A(sglJ01.o)
 .text          0x06023de0        0x0 D:/joengine-master/Compiler/COMMON/SGL_302j/LIB_ELF/LIBSGL.A(sglJ02.o)
 .text          0x06023de0        0x0 D:/joengine-master/Compiler/COMMON/SGL_302j/LIB_ELF/LIBSGL.A(sglJ03.o)
 .text          0x06023de0        0x0 D:/joengine-master/Compiler/COMMON/SGL_302j/LIB_ELF/LIBSGL.A(sglJ04.o)
 .text          0x06023de0        0x0 D:/joengine-master/Compiler/COMMON/SGL_302j/LIB_ELF/LIBSGL.A(sglJ05.o)
 .text          0x06023de0        0x0 D:/joengine-master/Compiler/COMMON/SGL_302j/LIB_ELF/LIBSGL.A(sglK01.o)
 .text          0x06023de0        0x0 D:/joengine-master/Compiler/COMMON/SGL_302j/LIB_ELF/LIBSGL.A(sglM00.o)
 .text          0x06023de0        0x0 D:/joengine-master/Compiler/COMMON/SGL_302j/LIB_ELF/LIBSGL.A(sglM01.o)
 .text          0x06023de0        0x0 D:/joengine-master/Compiler/COMMON/SGL_302j/LIB_ELF/LIBSGL.A(sglA00.o)
 .text          0x06023de0        0x0 D:/joengine-master/Compiler/COMMON/SGL_302j/LIB_ELF/LIBSGL.A(sglA03.o)
 .text          0x06023de0        0x0 D:/joengine-master/Compiler/COMMON/SGL_302j/LIB_ELF/LIBSGL.A(sglA10.o)
 .text          0x06023de0        0x0 D:/joengine-master/Compiler/COMMON/SGL_302j/LIB_ELF/LIBSGL.A(sglA24.o)
 .text          0x06023de0        0x0 D:/joengine-master/Compiler/COMMON/SGL_302j/LIB_ELF/LIBSGL.A(sglA25.o)
 .text          0x06023de0        0x0 D:/joengine-master/Compiler/COMMON/SGL_302j/LIB_ELF/LIBSGL.A(sglB000.o)
 .text          0x06023de0        0x0 D:/joengine-master/Compiler/COMMON/SGL_302j/LIB_ELF/LIBSGL.A(sglC00.o)
 .text          0x06023de0        0x0 D:/joengine-master/Compiler/COMMON/SGL_302j/LIB_ELF/LIBSGL.A(sglC13.o)
 .text          0x06023de0        0x0 D:/joengine-master/Compiler/COMMON/SGL_302j/LIB_ELF/LIBSGL.A(sglD19.o)
 .text          0x06023de0        0x0 D:/joengine-master/Compiler/COMMON/SGL_302j/LIB_ELF/LIBSGL.A(sglI00.o)
 .text          0x06023de0        0x0 D:/joengine-master/Compiler/COMMON/SGL_302j/LIB_ELF/LIBSGL.A(sglH03.o)
 .text          0x06023de0       0x52 d:/joengine-master/compiler/windows/bin/../lib/gcc/sh-elf/9.3.0\libgcc.a(_ashiftrt.o)
                0x06023de0                __ashiftrt_r4_31
                0x06023de0                __ashiftrt_r4_32
                0x06023de6                __ashiftrt_r4_30
                0x06023de8                __ashiftrt_r4_29
                0x06023dea                __ashiftrt_r4_28
                0x06023dec                __ashiftrt_r4_27
                0x06023dee                __ashiftrt_r4_26
                0x06023df0                __ashiftrt_r4_25
                0x06023df2                __ashiftrt_r4_24
                0x06023dfa                __ashiftrt_r4_23
                0x06023dfc                __ashiftrt_r4_22
                0x06023dfe                __ashiftrt_r4_21
                0x06023e00                __ashiftrt_r4_20
                0x06023e02                __ashiftrt_r4_19
                0x06023e04                __ashiftrt_r4_18
                0x06023e06                __ashiftrt_r4_17
                0x06023e08                __ashiftrt_r4_16
                0x06023e0e                __ashiftrt_r4_15
                0x06023e10                __ashiftrt_r4_14
                0x06023e12                __ashiftrt_r4_13
                0x06023e14                __ashiftrt_r4_12
                0x06023e16                __ashiftrt_r4_11
                0x06023e18                __ashiftrt_r4_10
                0x06023e1a                __ashiftrt_r4_9
                0x06023e1c                __ashiftrt_r4_8
                0x06023e1e                __ashiftrt_r4_7
                0x06023e20                __ashiftrt_r4_6
                0x06023e22                __ashiftrt_r4_5
                0x06023e24                __ashiftrt_r4_4
                0x06023e26                __ashiftrt_r4_3
                0x06023e28                __ashiftrt_r4_2
                0x06023e2a                __ashiftrt_r4_1
                0x06023e2e                __ashiftrt_r4_0
 *fill*         0x06023e32        0x2 
 .text          0x06023e34       0x80 d:/joengine-master/compiler/windows/bin/../lib/gcc/sh-elf/9.3.0\libgcc.a(_ashiftrt_n.o)
                0x06023e34                __ashrsi3
 .text          0x06023eb4       0xbc d:/joengine-master/compiler/windows/bin/../lib/gcc/sh-elf/9.3.0\libgcc.a(_ashiftlt.o)
                0x06023eb4                __ashlsi3
                0x06023eb8                __ashlsi3_r0
 .text          0x06023f70       0xbc d:/joengine-master/compiler/windows/bin/../lib/gcc/sh-elf/9.3.0\libgcc.a(_lshiftrt.o)
                0x06023f70                __lshrsi3
                0x06023f74                __lshrsi3_r0
 .text          0x0602402c       0x78 d:/joengine-master/compiler/windows/bin/../lib/gcc/sh-elf/9.3.0\libgcc.a(_movmem.o)
                0x0602402c                __movmem
                0x0602402c                __movstr
                0x06024060                __movstrSI64
                0x06024060                __movmemSI64
                0x06024064                __movstrSI60
                0x06024064                __movmemSI60
                0x06024068                __movstrSI56
                0x06024068                __movmemSI56
                0x0602406c                __movstrSI52
                0x0602406c                __movmemSI52
                0x06024070                __movstrSI48
                0x06024070                __movmemSI48
                0x06024074                __movmemSI44
                0x06024074                __movstrSI44
                0x06024078                __movstrSI40
                0x06024078                __movmemSI40
                0x0602407c                __movmemSI36
                0x0602407c                __movstrSI36
                0x06024080                __movmemSI32
                0x06024080                __movstrSI32
                0x06024084                __movstrSI28
                0x06024084                __movmemSI28
                0x06024088                __movmemSI24
                0x06024088                __movstrSI24
                0x0602408c                __movstrSI20
                0x0602408c                __movmemSI20
                0x06024090                __movstrSI16
                0x06024090                __movmemSI16
                0x06024094                __movstrSI12
                0x06024094                __movmemSI12
                0x06024098                __movmemSI8
                0x06024098                __movstrSI8
                0x0602409c                __movmemSI4
                0x0602409c                __movstrSI4
 .text          0x060240a4       0xa0 d:/joengine-master/compiler/windows/bin/../lib/gcc/sh-elf/9.3.0\libgcc.a(_sdivsi3.o)
                0x060240a4                __sdivsi3
 .text          0x06024144       0x6c d:/joengine-master/compiler/windows/bin/../lib/gcc/sh-elf/9.3.0\libgcc.a(_udivsi3.o)
                0x06024166                __udivsi3
 .text          0x060241b0      0x21c d:/joengine-master/compiler/windows/bin/../lib/gcc/sh-elf/9.3.0\libgcc.a(_addsub_sf.o)
                0x06024330                __addsf3
                0x0602437c                __subsf3
 .text          0x060243cc      0x134 d:/joengine-master/compiler/windows/bin/../lib/gcc/sh-elf/9.3.0\libgcc.a(_mul_sf.o)
                0x060243cc                __mulsf3
 .text          0x06024500       0xdc d:/joengine-master/compiler/windows/bin/../lib/gcc/sh-elf/9.3.0\libgcc.a(_div_sf.o)
                0x06024500                __divsf3
 .text          0x060245dc       0x54 d:/joengine-master/compiler/windows/bin/../lib/gcc/sh-elf/9.3.0\libgcc.a(_eq_sf.o)
                0x060245dc                __eqsf2
 .text          0x06024630       0x54 d:/joengine-master/compiler/windows/bin/../lib/gcc/sh-elf/9.3.0\libgcc.a(_ne_sf.o)
                0x06024630                __nesf2
 .text          0x06024684       0x54 d:/joengine-master/compiler/windows/bin/../lib/gcc/sh-elf/9.3.0\libgcc.a(_gt_sf.o)
                0x06024684                __gtsf2
 .text          0x060246d8       0x54 d:/joengine-master/compiler/windows/bin/../lib/gcc/sh-elf/9.3.0\libgcc.a(_ge_sf.o)
                0x060246d8                __gesf2
 .text          0x0602472c       0x54 d:/joengine-master/compiler/windows/bin/../lib/gcc/sh-elf/9.3.0\libgcc.a(_lt_sf.o)
                0x0602472c                __ltsf2
 .text          0x06024780       0x54 d:/joengine-master/compiler/windows/bin/../lib/gcc/sh-elf/9.3.0\libgcc.a(_le_sf.o)
                0x06024780                __lesf2
 .text          0x060247d4       0x84 d:/joengine-master/compiler/windows/bin/../lib/gcc/sh-elf/9.3.0\libgcc.a(_si_to_sf.o)
                0x060247d4                __floatsisf
 .text          0x06024858       0x70 d:/joengine-master/compiler/windows/bin/../lib/gcc/sh-elf/9.3.0\libgcc.a(_sf_to_si.o)
                0x06024858                __fixsfsi
 .text          0x060248c8       0x3c d:/joengine-master/compiler/windows/bin/../lib/gcc/sh-elf/9.3.0\libgcc.a(_sf_to_df.o)
                0x060248c8                __extendsfdf2
 .text          0x06024904        0x0 d:/joengine-master/compiler/windows/bin/../lib/gcc/sh-elf/9.3.0\libgcc.a(_thenan_sf.o)
 .text          0x06024904       0x94 d:/joengine-master/compiler/windows/bin/../lib/gcc/sh-elf/9.3.0\libgcc.a(_usi_to_sf.o)
                0x06024904                __floatunsisf
 .text          0x06024998      0x3e0 d:/joengine-master/compiler/windows/bin/../lib/gcc/sh-elf/9.3.0\libgcc.a(_addsub_df.o)
                0x06024cd4                __adddf3
                0x06024d24                __subdf3
 .text          0x06024d78      0x208 d:/joengine-master/compiler/windows/bin/../lib/gcc/sh-elf/9.3.0\libgcc.a(_mul_df.o)
                0x06024d78                __muldf3
 .text          0x06024f80       0xa8 d:/joengine-master/compiler/windows/bin/../lib/gcc/sh-elf/9.3.0\libgcc.a(_si_to_df.o)
                0x06024f80                __floatsidf
 .text          0x06025028       0xa0 d:/joengine-master/compiler/windows/bin/../lib/gcc/sh-elf/9.3.0\libgcc.a(_df_to_si.o)
                0x06025028                __fixdfsi
 .text          0x060250c8       0x28 d:/joengine-master/compiler/windows/bin/../lib/gcc/sh-elf/9.3.0\libgcc.a(_make_df.o)
                0x060250c8                __make_dp
 .text          0x060250f0       0x4c d:/joengine-master/compiler/windows/bin/../lib/gcc/sh-elf/9.3.0\libgcc.a(_df_to_sf.o)
                0x060250f0                __truncdfsf2
 .text          0x0602513c        0x0 d:/joengine-master/compiler/windows/bin/../lib/gcc/sh-elf/9.3.0\libgcc.a(_thenan_df.o)
 .text          0x0602513c       0x54 d:/joengine-master/compiler/windows/bin/../lib/gcc/sh-elf/9.3.0\libgcc.a(_clzsi2.o)
                0x0602513c                __clzsi2
 .text          0x06025190      0x11c d:/joengine-master/compiler/windows/bin/../lib/gcc/sh-elf/9.3.0\libgcc.a(_pack_sf.o)
                0x06025190                __pack_f
 .text          0x060252ac       0xa0 d:/joengine-master/compiler/windows/bin/../lib/gcc/sh-elf/9.3.0\libgcc.a(_unpack_sf.o)
                0x060252ac                __unpack_f
 .text          0x0602534c       0xac d:/joengine-master/compiler/windows/bin/../lib/gcc/sh-elf/9.3.0\libgcc.a(_fpcmp_parts_sf.o)
                0x0602534c                __fpcmp_parts_f
 .text          0x060253f8       0x20 d:/joengine-master/compiler/windows/bin/../lib/gcc/sh-elf/9.3.0\libgcc.a(_make_sf.o)
                0x060253f8                __make_fp
 .text          0x06025418      0x274 d:/joengine-master/compiler/windows/bin/../lib/gcc/sh-elf/9.3.0\libgcc.a(_pack_df.o)
                0x06025418                __pack_d
 .text          0x0602568c       0xcc d:/joengine-master/compiler/windows/bin/../lib/gcc/sh-elf/9.3.0\libgcc.a(_unpack_df.o)
                0x0602568c                __unpack_d
 .text          0x06025758        0x0 d:/joengine-master/compiler/windows/bin/../lib/gcc/sh-elf/9.3.0\libgcc.a(_clz.o)
 .text          0x06025758        0x0 d:/joengine-master/compiler/windows/bin/../lib/gcc/sh-elf/9.3.0/../../../../sh-elf/lib\libc.a(lib_a-impure.o)
 .text          0x06025758       0x1e d:/joengine-master/compiler/windows/bin/../lib/gcc/sh-elf/9.3.0/../../../../sh-elf/lib\libc.a(lib_a-memcmp.o)
                0x06025758                memcmp
 *fill*         0x06025776        0x2 
 .text          0x06025778       0x94 d:/joengine-master/compiler/windows/bin/../lib/gcc/sh-elf/9.3.0/../../../../sh-elf/lib\libc.a(lib_a-memcpy.o)
                0x06025778                memcpy
 .text          0x0602580c       0x40 d:/joengine-master/compiler/windows/bin/../lib/gcc/sh-elf/9.3.0/../../../../sh-elf/lib\libc.a(lib_a-memset.o)
                0x0602580c                memset
 .text          0x0602584c       0x58 d:/joengine-master/compiler/windows/bin/../lib/gcc/sh-elf/9.3.0/../../../../sh-elf/lib\libc.a(lib_a-rand.o)
                0x0602584c                srand
                0x06025860                rand
 .text          0x060258a4       0x60 d:/joengine-master/compiler/windows/bin/../lib/gcc/sh-elf/9.3.0/../../../../sh-elf/lib\libc.a(lib_a-rget.o)
                0x060258a4                __srget_r
                0x060258f0                __srget
 .text          0x06025904       0x8c d:/joengine-master/compiler/windows/bin/../lib/gcc/sh-elf/9.3.0/../../../../sh-elf/lib\libc.a(lib_a-sprintf.o)
                0x06025904                _siprintf_r
                0x06025904                _sprintf_r
                0x06025944                siprintf
                0x06025944                sprintf
 .text          0x06025990       0x20 d:/joengine-master/compiler/windows/bin/../lib/gcc/sh-elf/9.3.0/../../../../sh-elf/lib\libc.a(lib_a-strcat.o)
                0x06025990                strcat
 .text          0x060259b0       0x38 d:/joengine-master/compiler/windows/bin/../lib/gcc/sh-elf/9.3.0/../../../../sh-elf/lib\libc.a(lib_a-strcmp.o)
                0x060259b0                strcmp
 .text          0x060259e8       0x3c d:/joengine-master/compiler/windows/bin/../lib/gcc/sh-elf/9.3.0/../../../../sh-elf/lib\libc.a(lib_a-strcpy.o)
                0x060259e8                strcpy
 .text          0x06025a24       0x20 d:/joengine-master/compiler/windows/bin/../lib/gcc/sh-elf/9.3.0/../../../../sh-elf/lib\libc.a(lib_a-strlen.o)
                0x06025a24                strlen
 .text          0x06025a44       0x2a d:/joengine-master/compiler/windows/bin/../lib/gcc/sh-elf/9.3.0/../../../../sh-elf/lib\libc.a(lib_a-strncmp.o)
                0x06025a44                strncmp
 .text          0x06025a6e       0x36 d:/joengine-master/compiler/windows/bin/../lib/gcc/sh-elf/9.3.0/../../../../sh-elf/lib\libc.a(lib_a-strncpy.o)
                0x06025a6e                strncpy
 .text          0x06025aa4       0x36 d:/joengine-master/compiler/windows/bin/../lib/gcc/sh-elf/9.3.0/../../../../sh-elf/lib\libc.a(lib_a-strstr.o)
                0x06025aa4                strstr
 *fill*         0x06025ada        0x2 
 .text          0x06025adc       0xdc d:/joengine-master/compiler/windows/bin/../lib/gcc/sh-elf/9.3.0/../../../../sh-elf/lib\libc.a(lib_a-wbuf.o)
                0x06025adc                __swbuf_r
                0x06025ba4                __swbuf
 .text          0x06025bb8       0xcc d:/joengine-master/compiler/windows/bin/../lib/gcc/sh-elf/9.3.0/../../../../sh-elf/lib\libc.a(lib_a-wsetup.o)
                0x06025bb8                __swsetup_r
 .text          0x06025c84      0x1a4 d:/joengine-master/compiler/windows/bin/../lib/gcc/sh-elf/9.3.0/../../../../sh-elf/lib\libc.a(lib_a-fflush.o)
                0x06025c84                __sflush_r
                0x06025dc0                _fflush_r
                0x06025e00                fflush
 .text          0x06025e28      0x1d0 d:/joengine-master/compiler/windows/bin/../lib/gcc/sh-elf/9.3.0/../../../../sh-elf/lib\libc.a(lib_a-findfp.o)
                0x06025e80                _cleanup_r
                0x06025e90                __sfmoreglue
                0x06025edc                _cleanup
                0x06025ef0                __sinit
                0x06025f44                __sfp
 .text          0x06025ff8       0xb0 d:/joengine-master/compiler/windows/bin/../lib/gcc/sh-elf/9.3.0/../../../../sh-elf/lib\libc.a(lib_a-fwalk.o)
                0x06025ff8                _fwalk
                0x0602604c                _fwalk_reent
 .text          0x060260a8      0x108 d:/joengine-master/compiler/windows/bin/../lib/gcc/sh-elf/9.3.0/../../../../sh-elf/lib\libc.a(lib_a-makebuf.o)
                0x060260a8                __swhatbuf_r
                0x06026104                __smakebuf_r
 .text          0x060261b0      0x444 d:/joengine-master/compiler/windows/bin/../lib/gcc/sh-elf/9.3.0/../../../../sh-elf/lib\libc.a(lib_a-nano-svfprintf.o)
                0x060261b0                __ssputs_r
                0x060262a4                __ssprint_r
                0x060263d8                _svfprintf_r
                0x060263d8                _svfiprintf_r
 .text          0x060265f4      0x380 d:/joengine-master/compiler/windows/bin/../lib/gcc/sh-elf/9.3.0/../../../../sh-elf/lib\libc.a(lib_a-nano-vfprintf_i.o)
                0x060265f4                _printf_common
                0x060266f4                _printf_i
 .text          0x06026974      0x150 d:/joengine-master/compiler/windows/bin/../lib/gcc/sh-elf/9.3.0/../../../../sh-elf/lib\libc.a(lib_a-refill.o)
                0x0602698c                __srefill_r
 .text          0x06026ac4       0xe0 d:/joengine-master/compiler/windows/bin/../lib/gcc/sh-elf/9.3.0/../../../../sh-elf/lib\libc.a(lib_a-stdio.o)
                0x06026ac4                __sread
                0x06026b00                __seofread
                0x06026b04                __swrite
                0x06026b54                __sseek
                0x06026b94                __sclose
 .text          0x06026ba4       0x34 d:/joengine-master/compiler/windows/bin/../lib/gcc/sh-elf/9.3.0/../../../../sh-elf/lib\libc.a(lib_a-writer.o)
                0x06026ba4                _write_r
 .text          0x06026bd8       0x30 d:/joengine-master/compiler/windows/bin/../lib/gcc/sh-elf/9.3.0/../../../../sh-elf/lib\libc.a(lib_a-closer.o)
                0x06026bd8                _close_r
 .text          0x06026c08       0x34 d:/joengine-master/compiler/windows/bin/../lib/gcc/sh-elf/9.3.0/../../../../sh-elf/lib\libc.a(lib_a-fstatr.o)
                0x06026c08                _fstat_r
 .text          0x06026c3c       0x30 d:/joengine-master/compiler/windows/bin/../lib/gcc/sh-elf/9.3.0/../../../../sh-elf/lib\libc.a(lib_a-isattyr.o)
                0x06026c3c                _isatty_r
 .text          0x06026c6c       0x34 d:/joengine-master/compiler/windows/bin/../lib/gcc/sh-elf/9.3.0/../../../../sh-elf/lib\libc.a(lib_a-lseekr.o)
                0x06026c6c                _lseek_r
 .text          0x06026ca0       0x1c d:/joengine-master/compiler/windows/bin/../lib/gcc/sh-elf/9.3.0/../../../../sh-elf/lib\libc.a(lib_a-memchr.o)
                0x06026ca0                memchr
 .text          0x06026cbc       0x3c d:/joengine-master/compiler/windows/bin/../lib/gcc/sh-elf/9.3.0/../../../../sh-elf/lib\libc.a(lib_a-memmove.o)
                0x06026cbc                memmove
 .text          0x06026cf8       0x34 d:/joengine-master/compiler/windows/bin/../lib/gcc/sh-elf/9.3.0/../../../../sh-elf/lib\libc.a(lib_a-readr.o)
                0x06026cf8                _read_r
 .text          0x06026d2c      0x100 d:/joengine-master/compiler/windows/bin/../lib/gcc/sh-elf/9.3.0/../../../../sh-elf/lib\libc.a(lib_a-reent.o)
                0x06026d2c                cleanup_glue
                0x06026d58                _reclaim_reent
 *(.strings)
 *(SEGA_P)
 *(.eh_frame_hdr)
 *(.eh_frame)
                0x06026e2c                __etext = .

.text.startup   0x06026e30       0x40
 .text.startup  0x06026e30       0x40 D:/joengine-master/jo_engine/core.o
                0x06026e30                main

SLPROG          0x06026e80    0x158a0
                0x06026e80                __slprog_start = .
 *(SLPROG)
 SLPROG         0x06026e80     0x6540 D:/joengine-master/Compiler/COMMON/SGL_302j/LIB_ELF/SGLAREA.O
                0x06026e80                MasterStack
                0x06026e84                SlaveStack
                0x06026e88                MaxVertices
                0x06026e8a                MaxPolygons
                0x06026e8c                SortList
                0x06026e90                SortListSize
                0x06026e94                TransList
                0x06026e98                Zbuffer
                0x06026e9c                SpriteBuf
                0x06026ea0                SpriteBufSize
                0x06026ea4                Pbuffer
                0x06026ea8                CommandBuf
                0x06026eac                CLOfstBuf
                0x06026eb0                PCM_Work
                0x06026eb4                PCM_WkSize
                0x06026eb8                MaxEvents
                0x06026eba                EventSize
                0x06026ebc                MaxWorks
                0x06026ebe                WorkSize
                0x06026ec0                RemainEvent
                0x06026fc0                RemainWork
                0x060273c0                EventBuf
                0x060293c0                WorkBuf
 SLPROG         0x0602d3c0     0x411e D:/joengine-master/Compiler/COMMON/SGL_302j/LIB_ELF/LIBSGL.A(sglA01.o)
                0x0602d3c0                slSin
                0x0602d3e4                slCos
                0x0602d408                GetSinCos
                0x0602d49c                sin_cos_index_tbl
                0x0602d4dc                sin_tbl
 *fill*         0x060314de        0x2 
 SLPROG         0x060314e0       0x18 D:/joengine-master/Compiler/COMMON/SGL_302j/LIB_ELF/LIBSGL.A(sglA15.o)
                0x060314e0                slSlaveFunc
 *fill*         0x060314f8        0x8 
 SLPROG         0x06031500       0xd0 D:/joengine-master/Compiler/COMMON/SGL_302j/LIB_ELF/LIBSGL.A(sglA16.o)
                0x06031500                slLookAt
 SLPROG         0x060315d0       0x78 D:/joengine-master/Compiler/COMMON/SGL_302j/LIB_ELF/LIBSGL.A(sglA17.o)
                0x060315d0                slRotZ
                0x060315da                slRotZSC
 *fill*         0x06031648        0x8 
 SLPROG         0x06031650       0x78 D:/joengine-master/Compiler/COMMON/SGL_302j/LIB_ELF/LIBSGL.A(sglA18.o)
                0x06031650                slRotY
                0x0603165a                slRotYSC
 *fill*         0x060316c8        0x8 
 SLPROG         0x060316d0       0x78 D:/joengine-master/Compiler/COMMON/SGL_302j/LIB_ELF/LIBSGL.A(sglA19.o)
                0x060316d0                slRotX
                0x060316da                slRotXSC
 *fill*         0x06031748        0x8 
 SLPROG         0x06031750      0x42c D:/joengine-master/Compiler/COMMON/SGL_302j/LIB_ELF/LIBSGL.A(sglA20.o)
                0x06031750                slInitMatrix
                0x0603175a                slPushUnitMatrix
                0x0603176e                slUnitMatrix
 *fill*         0x06031b7c        0x4 
 SLPROG         0x06031b80       0x48 D:/joengine-master/Compiler/COMMON/SGL_302j/LIB_ELF/LIBSGL.A(sglA21.o)
                0x06031b80                slPushMatrix
                0x06031bb4                slDecMatrixPtr
                0x06031bb4                slPopMatrix
 *fill*         0x06031bc8        0x8 
 SLPROG         0x06031bd0       0x50 D:/joengine-master/Compiler/COMMON/SGL_302j/LIB_ELF/LIBSGL.A(sglA27.o)
                0x06031bd0                slTranslate
 SLPROG         0x06031c20       0x70 D:/joengine-master/Compiler/COMMON/SGL_302j/LIB_ELF/LIBSGL.A(sglA28.o)
                0x06031c20                slScale
 SLPROG         0x06031c90       0x22 D:/joengine-master/Compiler/COMMON/SGL_302j/LIB_ELF/LIBSGL.A(sglA40.o)
                0x06031c90                slCalcVector
 *fill*         0x06031cb2        0xe 
 SLPROG         0x06031cc0       0x20 D:/joengine-master/Compiler/COMMON/SGL_302j/LIB_ELF/LIBSGL.A(sglB001.o)
                0x06031cc0                slTVOn
                0x06031cca                slTVOff
 SLPROG         0x06031ce0       0x24 D:/joengine-master/Compiler/COMMON/SGL_302j/LIB_ELF/LIBSGL.A(sglB011.o)
                0x06031ce0                slBitMapNbg1
 *fill*         0x06031d04        0xc 
 SLPROG         0x06031d10        0x8 D:/joengine-master/Compiler/COMMON/SGL_302j/LIB_ELF/LIBSGL.A(sglB014.o)
                0x06031d10                slScrTransparent
 *fill*         0x06031d18        0x8 
 SLPROG         0x06031d20      0x40c D:/joengine-master/Compiler/COMMON/SGL_302j/LIB_ELF/LIBSGL.A(sglB015.o)
                0x06031d20                slScrAutoDisp
 *fill*         0x0603212c        0x4 
 SLPROG         0x06032130        0xc D:/joengine-master/Compiler/COMMON/SGL_302j/LIB_ELF/LIBSGL.A(sglB016.o)
                0x06032130                slBack1ColSet
 *fill*         0x0603213c        0x4 
 SLPROG         0x06032140       0x10 D:/joengine-master/Compiler/COMMON/SGL_302j/LIB_ELF/LIBSGL.A(sglB020.o)
                0x06032140                slColorCalc
 SLPROG         0x06032150        0xc D:/joengine-master/Compiler/COMMON/SGL_302j/LIB_ELF/LIBSGL.A(sglB021.o)
                0x06032150                slColorCalcOn
 *fill*         0x0603215c        0x4 
 SLPROG         0x06032160        0xc D:/joengine-master/Compiler/COMMON/SGL_302j/LIB_ELF/LIBSGL.A(sglB023.o)
                0x06032160                slColRate
 *fill*         0x0603216c        0x4 
 SLPROG         0x06032170       0xb0 D:/joengine-master/Compiler/COMMON/SGL_302j/LIB_ELF/LIBSGL.A(sglB031.o)
                0x06032170                slMapNbg0
 SLPROG         0x06032220       0xb4 D:/joengine-master/Compiler/COMMON/SGL_302j/LIB_ELF/LIBSGL.A(sglB032.o)
                0x06032220                slMapNbg1
 *fill*         0x060322d4        0xc 
 SLPROG         0x060322e0       0xb0 D:/joengine-master/Compiler/COMMON/SGL_302j/LIB_ELF/LIBSGL.A(sglB033.o)
                0x060322e0                slMapNbg2
 SLPROG         0x06032390       0xb4 D:/joengine-master/Compiler/COMMON/SGL_302j/LIB_ELF/LIBSGL.A(sglB034.o)
                0x06032390                slMapNbg3
 *fill*         0x06032444        0xc 
 SLPROG         0x06032450       0xd4 D:/joengine-master/Compiler/COMMON/SGL_302j/LIB_ELF/LIBSGL.A(sglB035.o)
                0x06032450                sl1MapRA
                0x060324e2                rbank_set
 *fill*         0x06032524        0xc 
 SLPROG         0x06032530       0xa0 D:/joengine-master/Compiler/COMMON/SGL_302j/LIB_ELF/LIBSGL.A(sglB036.o)
                0x06032530                sl1MapRB
 SLPROG         0x060325d0       0x70 D:/joengine-master/Compiler/COMMON/SGL_302j/LIB_ELF/LIBSGL.A(sglB038.o)
                0x060325d0                slRparaInitSet
 SLPROG         0x06032640       0x7e D:/joengine-master/Compiler/COMMON/SGL_302j/LIB_ELF/LIBSGL.A(sglB039.o)
                0x06032640                slMakeKtable
 *fill*         0x060326be        0x2 
 SLPROG         0x060326c0       0x58 D:/joengine-master/Compiler/COMMON/SGL_302j/LIB_ELF/LIBSGL.A(sglB040.o)
                0x060326c0                slKtableRA
 *fill*         0x06032718        0x8 
 SLPROG         0x06032720       0x5c D:/joengine-master/Compiler/COMMON/SGL_302j/LIB_ELF/LIBSGL.A(sglB041.o)
                0x06032720                slKtableRB
 *fill*         0x0603277c        0x4 
 SLPROG         0x06032780       0x10 D:/joengine-master/Compiler/COMMON/SGL_302j/LIB_ELF/LIBSGL.A(sglB042.o)
                0x06032780                slCurRpara
 SLPROG         0x06032790        0x8 D:/joengine-master/Compiler/COMMON/SGL_302j/LIB_ELF/LIBSGL.A(sglB043.o)
                0x06032790                slRparaMode
 *fill*         0x06032798        0x8 
 SLPROG         0x060327a0      0x4e4 D:/joengine-master/Compiler/COMMON/SGL_302j/LIB_ELF/LIBSGL.A(sglB044.o)
                0x060327a0                slScrMatSet
 *fill*         0x06032c84        0xc 
 SLPROG         0x06032c90       0x28 D:/joengine-master/Compiler/COMMON/SGL_302j/LIB_ELF/LIBSGL.A(sglB045.o)
                0x06032c90                slScrMatConv
 *fill*         0x06032cb8        0x8 
 SLPROG         0x06032cc0        0xc D:/joengine-master/Compiler/COMMON/SGL_302j/LIB_ELF/LIBSGL.A(sglB047.o)
                0x06032cc0                slOverRA
 *fill*         0x06032ccc        0x4 
 SLPROG         0x06032cd0       0x10 D:/joengine-master/Compiler/COMMON/SGL_302j/LIB_ELF/LIBSGL.A(sglB048.o)
                0x06032cd0                slOverRB
 SLPROG         0x06032ce0        0xc D:/joengine-master/Compiler/COMMON/SGL_302j/LIB_ELF/LIBSGL.A(sglB055.o)
                0x06032ce0                slPlaneNbg0
 *fill*         0x06032cec        0x4 
 SLPROG         0x06032cf0        0xc D:/joengine-master/Compiler/COMMON/SGL_302j/LIB_ELF/LIBSGL.A(sglB056.o)
                0x06032cf0                slPlaneNbg1
 *fill*         0x06032cfc        0x4 
 SLPROG         0x06032d00       0x10 D:/joengine-master/Compiler/COMMON/SGL_302j/LIB_ELF/LIBSGL.A(sglB057.o)
                0x06032d00                slPlaneNbg2
 SLPROG         0x06032d10       0x10 D:/joengine-master/Compiler/COMMON/SGL_302j/LIB_ELF/LIBSGL.A(sglB058.o)
                0x06032d10                slPlaneNbg3
 SLPROG         0x06032d20        0xc D:/joengine-master/Compiler/COMMON/SGL_302j/LIB_ELF/LIBSGL.A(sglB059.o)
                0x06032d20                slPlaneRA
 *fill*         0x06032d2c        0x4 
 SLPROG         0x06032d30       0x10 D:/joengine-master/Compiler/COMMON/SGL_302j/LIB_ELF/LIBSGL.A(sglB060.o)
                0x06032d30                slPlaneRB
 SLPROG         0x06032d40        0xc D:/joengine-master/Compiler/COMMON/SGL_302j/LIB_ELF/LIBSGL.A(sglB063.o)
                0x06032d40                slPriority
 *fill*         0x06032d4c        0x4 
 SLPROG         0x06032d50       0x18 D:/joengine-master/Compiler/COMMON/SGL_302j/LIB_ELF/LIBSGL.A(sglB087.o)
                0x06032d50                slLineScrollTable0
 *fill*         0x06032d68        0x8 
 SLPROG         0x06032d70        0x8 D:/joengine-master/Compiler/COMMON/SGL_302j/LIB_ELF/LIBSGL.A(sglB088.o)
                0x06032d70                slLineScrollTable1
 *fill*         0x06032d78        0x8 
 SLPROG         0x06032d80        0xc D:/joengine-master/Compiler/COMMON/SGL_302j/LIB_ELF/LIBSGL.A(sglB090.o)
                0x06032d80                slLineScrollMode
 *fill*         0x06032d8c        0x4 
 SLPROG         0x06032d90      0x114 D:/joengine-master/Compiler/COMMON/SGL_302j/LIB_ELF/LIBSGL.A(sglB200.o)
                0x06032d90                slCharRbg0
                0x06032d9c                slCharNbg0
                0x06032da8                slCharNbg1
                0x06032db4                slCharNbg2
                0x06032dca                slCharNbg3
                0x06032de2                slPageRbg0
                0x06032df8                slPageNbg1
                0x06032e00                slPageNbg2
                0x06032e08                slPageNbg3
                0x06032e14                slPageNbg0
 *fill*         0x06032ea4        0xc 
 SLPROG         0x06032eb0       0x6c D:/joengine-master/Compiler/COMMON/SGL_302j/LIB_ELF/LIBSGL.A(sglC01.o)
                0x06032eb0                slPerspective
 *fill*         0x06032f1c        0x4 
 SLPROG         0x06032f20       0xc4 D:/joengine-master/Compiler/COMMON/SGL_302j/LIB_ELF/LIBSGL.A(sglC03.o)
                0x06032f20                slWindow
 *fill*         0x06032fe4        0xc 
 SLPROG         0x06032ff0       0x2c D:/joengine-master/Compiler/COMMON/SGL_302j/LIB_ELF/LIBSGL.A(sglC04.o)
                0x06032ff0                slZdspLevel
 *fill*         0x0603301c        0x4 
 SLPROG         0x06033020       0x78 D:/joengine-master/Compiler/COMMON/SGL_302j/LIB_ELF/LIBSGL.A(sglC05.o)
                0x06033020                slSetSprite
 *fill*         0x06033098        0x8 
 SLPROG         0x060330a0       0xfa D:/joengine-master/Compiler/COMMON/SGL_302j/LIB_ELF/LIBSGL.A(sglC06.o)
                0x060330a0                slDispSprite
 *fill*         0x0603319a        0x6 
 SLPROG         0x060331a0      0x162 D:/joengine-master/Compiler/COMMON/SGL_302j/LIB_ELF/LIBSGL.A(sglC07.o)
                0x060331a6                slPutSprite
 *fill*         0x06033302        0xe 
 SLPROG         0x06033310     0x1218 D:/joengine-master/Compiler/COMMON/SGL_302j/LIB_ELF/LIBSGL.A(sglC08.o)
                0x06033310                slPutPolygon
                0x06033f8c                MsCalcDepthFlat
 *fill*         0x06034528        0x8 
 SLPROG         0x06034530       0x8c D:/joengine-master/Compiler/COMMON/SGL_302j/LIB_ELF/LIBSGL.A(sglC14.o)
                0x06034530                slCurWindow
 *fill*         0x060345bc        0x4 
 SLPROG         0x060345c0       0x54 D:/joengine-master/Compiler/COMMON/SGL_302j/LIB_ELF/LIBSGL.A(sglC16.o)
                0x060345c0                slDynamicFrame
 *fill*         0x06034614        0xc 
 SLPROG         0x06034620       0x4c D:/joengine-master/Compiler/COMMON/SGL_302j/LIB_ELF/LIBSGL.A(sglC17.o)
                0x06034620                slDispSpriteHV
 *fill*         0x0603466c        0x4 
 SLPROG         0x06034670       0xd4 D:/joengine-master/Compiler/COMMON/SGL_302j/LIB_ELF/LIBSGL.A(sglC19.o)
                0x06034670                slDispSprite4P
 *fill*         0x06034744        0xc 
 SLPROG         0x06034750       0x40 D:/joengine-master/Compiler/COMMON/SGL_302j/LIB_ELF/LIBSGL.A(sglC20.o)
                0x06034750                SpriteEntry
 SLPROG         0x06034790      0x4ae D:/joengine-master/Compiler/COMMON/SGL_302j/LIB_ELF/LIBSGL.A(sglC21.o)
                0x06034818                RotSprite
                0x060348a6                SetSprPosition
 *fill*         0x06034c3e        0x2 
 SLPROG         0x06034c40       0x84 D:/joengine-master/Compiler/COMMON/SGL_302j/LIB_ELF/LIBSGL.A(sglD00.o)
                0x06034c40                slCpuDMACopy
                0x06034c40                slDMACopy
                0x06034c9a                CSH_AllClr
                0x06034c9a                slCashPurge
 *fill*         0x06034cc4        0xc 
 SLPROG         0x06034cd0       0xa0 D:/joengine-master/Compiler/COMMON/SGL_302j/LIB_ELF/LIBSGL.A(sglD01.o)
                0x06034cd0                slDMAXCopy
 SLPROG         0x06034d70       0x10 D:/joengine-master/Compiler/COMMON/SGL_302j/LIB_ELF/LIBSGL.A(sglD02.o)
                0x06034d70                slDMAWait
 SLPROG         0x06034d80        0xc D:/joengine-master/Compiler/COMMON/SGL_302j/LIB_ELF/LIBSGL.A(sglD03.o)
                0x06034d80                slDMAStatus
 *fill*         0x06034d8c        0x4 
 SLPROG         0x06034d90       0x20 D:/joengine-master/Compiler/COMMON/SGL_302j/LIB_ELF/LIBSGL.A(sglD15.o)
                0x06034d90                CSH_Purge
 SLPROG         0x06034db0       0x84 D:/joengine-master/Compiler/COMMON/SGL_302j/LIB_ELF/LIBSGL.A(sglD16.o)
                0x06034db0                DMA_ScuSetPrm
                0x06034df8                DMA_SCU_PRM0
 *fill*         0x06034e34        0xc 
 SLPROG         0x06034e40       0x88 D:/joengine-master/Compiler/COMMON/SGL_302j/LIB_ELF/LIBSGL.A(sglD17.o)
                0x06034e40                DMA_ScuStart
 *fill*         0x06034ec8        0x8 
 SLPROG         0x06034ed0       0x34 D:/joengine-master/Compiler/COMMON/SGL_302j/LIB_ELF/LIBSGL.A(sglD18.o)
                0x06034ed0                DMA_ScuGetStatus
 *fill*         0x06034f04        0xc 
 SLPROG         0x06034f10       0x34 D:/joengine-master/Compiler/COMMON/SGL_302j/LIB_ELF/LIBSGL.A(sglF08.o)
                0x06034f10                slDec2Hex
 *fill*         0x06034f44        0xc 
 SLPROG         0x06034f50      0xfc8 D:/joengine-master/Compiler/COMMON/SGL_302j/LIB_ELF/LIBSGL.A(sglH00.o)
                0x06034f68                slGetPortDir1
                0x06034f70                slGetPortDir2
                0x06034f78                slSetPortDir1
                0x06034fa2                slSetPortDir2
                0x06034fdc                slGetPortData1
                0x06034fe4                slGetPortData2
                0x06034fec                slSetPortData1
                0x06034ff6                slSetPortData2
                0x06035008                slGetPortSelect1
                0x06035012                slGetPortSelect2
                0x0603501c                slSetPortSelect1
                0x06035050                slSetPortSelect2
                0x0603508c                slGetPortExt1
                0x06035096                slGetPortExt2
                0x060350a0                slSetPortExt1
                0x060350d0                slSetPortExt2
                0x06035244                slSmpcDirectAccess
                0x060352c4                slInitPeripheral
                0x06035356                slSetResultBuffer
                0x060353e2                slCheckIntBackSet
                0x060353ee                slIntBackCancel
                0x06035418                slCheckReset
                0x06035422                slClearReset
                0x060355e8                slSmpcCashSend
                0x060356a4                slSmpcCashBlow
                0x06035780                slGetOptimize
                0x0603578a                slSetOptimize
                0x060357b0                slGetPortMode1
                0x060357bc                slGetPortMode2
                0x060357ca                slSetPortMode1
                0x06035808                slSetPortMode2
                0x06035994                slRequestCommand
                0x06035a04                Smpc_Status
                0x06035a08                Smpc_Result
                0x06035a0c                Smpc_Peripheral
                0x06035a12                Per_Connect1
                0x06035a13                Per_Connect2
                0x06035a34                SmpcStatusBuf
 *fill*         0x06035f18        0x8 
 SLPROG         0x06035f20       0xa8 D:/joengine-master/Compiler/COMMON/SGL_302j/LIB_ELF/LIBSGL.A(sglH01.o)
                0x06035f20                slGetLanguage
                0x06035f2a                slSetLanguage
                0x06035f4c                slGetSoundEffect
                0x06035f58                slSetSoundEffect
                0x06035f74                slGetSoundOutput
                0x06035f80                slSetSoundOutput
                0x06035f9c                slGetHelpWindow
                0x06035fa8                slSetHelpWindow
 *fill*         0x06035fc8        0x8 
 SLPROG         0x06035fd0      0x470 D:/joengine-master/Compiler/COMMON/SGL_302j/LIB_ELF/LIBSGL.A(sglH02.o)
                0x060363c0                smpc_pfr_tbl
                0x06036400                smpc_ptf_tbl
 SLPROG         0x06036440       0x60 D:/joengine-master/Compiler/COMMON/SGL_302j/LIB_ELF/LIBSGL.A(sglH04.o)
                0x06036440                slComPrmIntBack
                0x06036454                slComPrmSetMemory
                0x0603646a                slComPrmSetTime
 SLPROG         0x060364a0      0x3a4 D:/joengine-master/Compiler/COMMON/SGL_302j/LIB_ELF/LIBSGL.A(sglI01.o)
                0x060364a0                slInitSynch
                0x060364ba                slSynch
                0x060365b0                slRandom
                0x060365ce                PCM_EndCheck
                0x0603668a                RetPCMBuf
                0x06036724                PCM_Buf
                0x060367c4                Sound_Buf
 *fill*         0x06036844        0xc 
 SLPROG         0x06036850       0x10 D:/joengine-master/Compiler/COMMON/SGL_302j/LIB_ELF/LIBSGL.A(sglI04.o)
                0x06036850                slIntFunction
 SLPROG         0x06036860       0x74 D:/joengine-master/Compiler/COMMON/SGL_302j/LIB_ELF/LIBSGL.A(sglJ00.o)
                0x06036860                InitSlaveSH
                0x060368c8                SlaveCommand
 *fill*         0x060368d4        0xc 
 SLPROG         0x060368e0      0x3d0 D:/joengine-master/Compiler/COMMON/SGL_302j/LIB_ELF/LIBSGL.A(sglJ01.o)
                0x060368e0                SlaveControl
                0x06036c9c                ErasePolygonData
 SLPROG         0x06036cb0     0x12b8 D:/joengine-master/Compiler/COMMON/SGL_302j/LIB_ELF/LIBSGL.A(sglJ02.o)
                0x06036cb0                sbMakePolygon
                0x06036e98                sbCalcPolygon
                0x06037bd0                SetTexture
                0x06037bdc                SetPolygon
                0x06037be4                SetPosition
                0x06037c1c                stvtc_4
                0x06037cd4                stvtc_3
                0x06037ee4                stvtc_1
                0x06037ef8                stvtc_2
                0x06037f0c                stvtc_0
 *fill*         0x06037f68        0x8 
 SLPROG         0x06037f70      0x140 D:/joengine-master/Compiler/COMMON/SGL_302j/LIB_ELF/LIBSGL.A(sglJ03.o)
                0x06037f70                sbMakeDMATable
 SLPROG         0x060380b0      0x470 D:/joengine-master/Compiler/COMMON/SGL_302j/LIB_ELF/LIBSGL.A(sglJ04.o)
                0x0603810e                sbMakeSprite
                0x06038174                sbMakeRotSprite
 SLPROG         0x06038520       0x3c D:/joengine-master/Compiler/COMMON/SGL_302j/LIB_ELF/LIBSGL.A(sglJ05.o)
                0x06038520                sbSortEntry
 *fill*         0x0603855c        0x4 
 SLPROG         0x06038560      0x4b8 D:/joengine-master/Compiler/COMMON/SGL_302j/LIB_ELF/LIBSGL.A(sglM00.o)
                0x06038560                slInitGouraud
                0x06038654                slPutPolygonX
                0x0603869a                slGouraudTblCopy
                0x060386f2                slSetGouraudTbl
                0x060386f8                slSetGouraudColor
                0x06038770                slSetAmbient
                0x06038794                slSetFlatColor
 *fill*         0x06038a18        0x8 
 SLPROG         0x06038a20       0x6a D:/joengine-master/Compiler/COMMON/SGL_302j/LIB_ELF/LIBSGL.A(sglM01.o)
                0x06038a20                slSetDepthLimit