Archive member included to satisfy reference by file (symbol)

/joe/Compiler/COMMON/SGL_302j/LIB_ELF/SEGA_SYS.A(sys_exit.o)
                              jo_engine/core.o (symbol from plugin) (SYS_Exit)
/joe/Compiler/COMMON/SGL_302j/LIB_ELF/SEGA_SYS.A(sys_sub.o)
                              /joe/Compiler/COMMON/SGL_302j/LIB_ELF/SEGA_SYS.A(sys_exit.o) (SYSUB_SetStackptr)
/joe/Compiler/COMMON/SGL_302j/LIB_ELF/LIBCD.A(CDC_CMN.O)
                              /joe/Compiler/COMMON/SGL_302j/LIB_ELF/SEGA_SYS.A(sys_exit.o) (CDC_GetCurStat)
/joe/Compiler/COMMON/SGL_302j/LIB_ELF/LIBCD.A(CDC_DRV.O)
                              pcmsys.o (symbol from plugin) (CDC_CdPlay)
/joe/Compiler/COMMON/SGL_302j/LIB_ELF/LIBCD.A(CDC_CFS.O)
                              /joe/Compiler/COMMON/SGL_302j/LIB_ELF/SEGA_SYS.A(sys_exit.o) (CDC_ChgDir)
/joe/Compiler/COMMON/SGL_302j/LIB_ELF/LIBCD.A(CDC_REG.O)
                              /joe/Compiler/COMMON/SGL_302j/LIB_ELF/SEGA_SYS.A(sys_exit.o) (CDC_GetHirqReq)
/joe/Compiler/COMMON/SGL_302j/LIB_ELF/LIBCD.A(CDC_SUB.O)
                              /joe/Compiler/COMMON/SGL_302j/LIB_ELF/LIBCD.A(CDC_CMN.O) (CDSUB_UpdStatus)
/joe/Compiler/COMMON/SGL_302j/LIB_ELF/LIBCD.A(GFS.O)
                              pcmsys.o (symbol from plugin) (GFS_Init)
/joe/Compiler/COMMON/SGL_302j/LIB_ELF/LIBCD.A(GFS_BUF.O)
                              /joe/Compiler/COMMON/SGL_302j/LIB_ELF/LIBCD.A(GFS.O) (GFBF_GetNumData)
/joe/Compiler/COMMON/SGL_302j/LIB_ELF/LIBCD.A(GFS_CDB.O)
                              /joe/Compiler/COMMON/SGL_302j/LIB_ELF/LIBCD.A(GFS.O) (GFCB_Close)
/joe/Compiler/COMMON/SGL_302j/LIB_ELF/LIBCD.A(GFS_CDC.O)
                              /joe/Compiler/COMMON/SGL_302j/LIB_ELF/LIBCD.A(GFS.O) (GFCD_SetCdbfs)
/joe/Compiler/COMMON/SGL_302j/LIB_ELF/LIBCD.A(GFS_CDF.O)
                              /joe/Compiler/COMMON/SGL_302j/LIB_ELF/LIBCD.A(GFS.O) (GFCF_Init)
/joe/Compiler/COMMON/SGL_302j/LIB_ELF/LIBCD.A(GFS_DIR.O)
                              /joe/Compiler/COMMON/SGL_302j/LIB_ELF/LIBCD.A(GFS.O) (GFDR_SetupDirTbl)
/joe/Compiler/COMMON/SGL_302j/LIB_ELF/LIBCD.A(GFS_TRN.O)
                              /joe/Compiler/COMMON/SGL_302j/LIB_ELF/LIBCD.A(GFS.O) (GFTR_Setup)
/joe/Compiler/COMMON/SGL_302j/LIB_ELF/LIBCD.A(CDC_DEV.O)
                              /joe/Compiler/COMMON/SGL_302j/LIB_ELF/LIBCD.A(GFS_CDC.O) (CDC_CdSetCon)
/joe/Compiler/COMMON/SGL_302j/LIB_ELF/LIBCD.A(CDC_SEL.O)
                              /joe/Compiler/COMMON/SGL_302j/LIB_ELF/LIBCD.A(GFS_CDC.O) (CDC_SetFiltRange)
/joe/Compiler/COMMON/SGL_302j/LIB_ELF/LIBCD.A(CDC_BIF.O)
                              /joe/Compiler/COMMON/SGL_302j/LIB_ELF/LIBCD.A(GFS_CDC.O) (CDC_GetBufSiz)
/joe/Compiler/COMMON/SGL_302j/LIB_ELF/LIBCD.A(CDC_BIO.O)
                              /joe/Compiler/COMMON/SGL_302j/LIB_ELF/LIBCD.A(GFS_CDC.O) (CDC_SetSctLen)
/joe/Compiler/COMMON/SGL_302j/LIB_ELF/LIBSGL.A(sglA01.o)
                              jo_engine/math.o (symbol from plugin) (slSin)
/joe/Compiler/COMMON/SGL_302j/LIB_ELF/LIBSGL.A(sglA15.o)
                              jo_engine/slave.o (symbol from plugin) (slSlaveFunc)
/joe/Compiler/COMMON/SGL_302j/LIB_ELF/LIBSGL.A(sglA16.o)
                              main.o (symbol from plugin) (slLookAt)
/joe/Compiler/COMMON/SGL_302j/LIB_ELF/LIBSGL.A(sglA17.o)
                              /joe/Compiler/COMMON/SGL_302j/LIB_ELF/LIBSGL.A(sglA16.o) (slRotZ)
/joe/Compiler/COMMON/SGL_302j/LIB_ELF/LIBSGL.A(sglA18.o)
                              main.o (symbol from plugin) (slRotY)
/joe/Compiler/COMMON/SGL_302j/LIB_ELF/LIBSGL.A(sglA19.o)
                              main.o (symbol from plugin) (slRotX)
/joe/Compiler/COMMON/SGL_302j/LIB_ELF/LIBSGL.A(sglA20.o)
                              main.o (symbol from plugin) (slUnitMatrix)
/joe/Compiler/COMMON/SGL_302j/LIB_ELF/LIBSGL.A(sglA21.o)
                              main.o (symbol from plugin) (slPushMatrix)
/joe/Compiler/COMMON/SGL_302j/LIB_ELF/LIBSGL.A(sglA27.o)
                              /joe/Compiler/COMMON/SGL_302j/LIB_ELF/LIBSGL.A(sglA16.o) (slTranslate)
/joe/Compiler/COMMON/SGL_302j/LIB_ELF/LIBSGL.A(sglA28.o)
                              main.o (symbol from plugin) (slScale)
/joe/Compiler/COMMON/SGL_302j/LIB_ELF/LIBSGL.A(sglA40.o)
                              main.o (symbol from plugin) (slCalcVector)
/joe/Compiler/COMMON/SGL_302j/LIB_ELF/LIBSGL.A(sglB001.o)
                              main.o (symbol from plugin) (slTVOn)
/joe/Compiler/COMMON/SGL_302j/LIB_ELF/LIBSGL.A(sglB011.o)
                              jo_engine/vdp2.o (symbol from plugin) (slBitMapNbg1)
/joe/Compiler/COMMON/SGL_302j/LIB_ELF/LIBSGL.A(sglB014.o)
                              jo_engine/vdp2.o (symbol from plugin) (slScrTransparent)
/joe/Compiler/COMMON/SGL_302j/LIB_ELF/LIBSGL.A(sglB015.o)
                              jo_engine/vdp2.o (symbol from plugin) (slScrAutoDisp)
/joe/Compiler/COMMON/SGL_302j/LIB_ELF/LIBSGL.A(sglB016.o)
[...]
Memory Configuration

Name             Origin             Length             Attributes
*default*        0x0000000000000000 0xffffffffffffffff

Linker script and memory map


SLSTART         0x0000000006004000       0x30
                0x0000000006004000                ___Start = .
 *(SLSTART)
 SLSTART        0x0000000006004000       0x28 /joe/Compiler/COMMON/SGL_302j/LIB_ELF/LIBSGL.A(sglI00.o)
                0x0000000006004000                SGL_Start
                0x0000000006004002                slStartSGL

.text           0x0000000006004040    0x26740
 *(.text)
 .text          0x0000000006004040        0x0 /joe/Compiler/COMMON/SGL_302j/LIB_ELF/SGLAREA.O
 .text          0x0000000006004040     0x82c4 /tmp/cclwNO8B.ltrans0.ltrans.o
                0x0000000006004684                jo_sprite_draw.constprop.39
                0x00000000060047c8                jo_nbg2_print.constprop.38
                0x0000000006004854                render_CLUT_sprite_MESH.constprop.37
                0x00000000060048a0                __jo_core_set_screens_order.constprop.36
                0x0000000006004970                CDDAPlaySingle.constprop.31
                0x00000000060049ac                jo_free
                0x00000000060049d4                jo_vdp2_clear_bitmap_nbg1.constprop.23
                0x0000000006004a44                jo_backup_unmount.constprop.12
                0x0000000006004adc                jo_vdp2_malloc
                0x0000000006004c80                jo_vdp2_free
                0x0000000006004e78                jo_vdp2_disable_rbg0
                0x0000000006005058                __jo_create_map.lto_priv.574
                0x00000000060050d0                jo_img_to_vdp2_cells
                0x0000000006005178                jo_set_default_background_color
                0x00000000060053a8                jo_sprite_free_from
                0x00000000060055e0                jo_strlen
                0x0000000006005644                jo_getdate
                0x0000000006005718                jo_malloc_with_behaviour
                0x0000000006005d6c                load_textures.constprop.25
                0x0000000006005da8                jo_backup_mount.constprop.7
                0x0000000006005fbc                jo_random
                0x000000000600602c                jo_atan2f_rad
                0x00000000060061f0                load_binary.constprop.29
                0x0000000006006db0                jo_fixed_cos
                0x0000000006006e0c                jo_fixed_sin
                0x000000000600725c                __jo_tga_any_loader
                0x0000000006007424                jo_sprite_add_tga.constprop.24
                0x0000000006007598                _realloc_r
                0x000000000600763c                _calloc_r
                0x0000000006007670                _free_r
                0x00000000060076a0                _malloc_r
                0x0000000006007714                mnet_send_remove_local_player
                0x0000000006007790                mnet_tick
                0x0000000006008e64                lobby_screen
                0x000000000600a760                connecting_screen
 .text          0x000000000600c304     0xd46c /tmp/cclwNO8B.ltrans1.ltrans.o
                0x000000000600d0e8                my_vblank
                0x000000000600f97c                CDDAStop
                0x000000000600f998                load_16bit_pcm
                0x000000000600faf8                pcm_cease
                0x000000000600fb20                pcm_play
                0x00000000060137e8                init_3d_planes
                0x0000000006013d28                load_trackmap
                0x0000000006013d64                load_preview
                0x0000000006013da0                load_level
                0x0000000006014a14                load_car
                0x0000000006016244                gameLoop
 .text          0x0000000006019770     0x3038 /tmp/cclwNO8B.ltrans2.ltrans.o
                0x0000000006019770                saturn_transport_send.lto_priv.451
                0x00000000060197c8                saturn_transport_rx_byte.lto_priv.450
                0x00000000060197dc                saturn_transport_rx_ready.lto_priv.449
                0x00000000060197f8                draw_powerups
                0x0000000006019900                create_particles
                0x00000000060199d4                computeLight
                0x0000000006019a44                create_player
                0x0000000006019c84                set_player_position
                0x0000000006019dcc                getSeconds
                0x0000000006019e50                apply_player_gravity
                0x0000000006019ea8                init_1p_display
                0x0000000006019f30                init_2p_display
                0x0000000006019fc0                stop_engine_sound
                0x000000000601a02c                stop_sounds
                0x000000000601a0ac                reset_to_last_checkpoint
                0x000000000601a1a4                reset_demo
                0x000000000601a3ac                render_CLUT_sprite
                0x000000000601a3fc                ztClearText
                0x000000000601a448                transition_to_end_level
                0x000000000601a5e8                mmm_get_p2_port
                0x000000000601aac4                saturn_uart_puts.lto_priv.441
                0x000000000601ab18                modem_read_line.lto_priv.442
                0x000000000601acc8                modem_escape_to_command.lto_priv.445.lto_priv.447
                0x000000000601b354                saturn_uart_init.lto_priv.443
                0x000000000601b40c                saturn_uart_set_baud.lto_priv.444
                0x000000000601bc40                saturn_uart_flush_rx.lto_priv.448
                0x000000000601bc8c                saturn_uart_loopback_test.lto_priv.453.lto_priv.455
                0x000000000601bd54                saturn_uart_read_raw.lto_priv.456.lto_priv.458
                0x000000000601bdd0                saturn_uart_getc_timeout.lto_priv.459.lto_priv.461
                0x000000000601be04                saturn_uart_getc.lto_priv.462.lto_priv.464
                0x000000000601be30                saturn_uart_putc.lto_priv.465.lto_priv.467
                0x000000000601be6c                saturn_uart_read_iir.lto_priv.468.lto_priv.470
                0x000000000601be84                saturn_uart_read_msr.lto_priv.471.lto_priv.473
                0x000000000601bea4                saturn_uart_read_lsr.lto_priv.474.lto_priv.476
                0x000000000601bec0                saturn_uart_clear_errors.lto_priv.477.lto_priv.479
                0x000000000601bee0                saturn_uart_rx_error.lto_priv.480.lto_priv.482
                0x000000000601bf00                saturn_uart_rx_ready.lto_priv.483.lto_priv.485
                0x000000000601bf1c                saturn_uart_tx_ready.lto_priv.486.lto_priv.488
                0x000000000601bffc                saturn_uart_detect.lto_priv.328
                0x000000000601c088                saturn_uart_reg_write.lto_priv.489.lto_priv.491
                0x000000000601c0a0                saturn_uart_reg_read.lto_priv.492.lto_priv.494
                0x000000000601c0bc                saturn_netlink_smpc_disable.lto_priv.495.lto_priv.497
                0x000000000601c0e8                saturn_netlink_smpc_enable.lto_priv.452
                0x000000000601c174                saturn_smpc_command.lto_priv.498.lto_priv.500
                0x000000000601c19c                mnet_encode_lap_complete.lto_priv.341.lto_priv.344
                0x000000000601c1c4                mnet_encode_client_log.lto_priv.337.lto_priv.340
                0x000000000601c26c                mnet_encode_leaderboard_req.lto_priv.345.lto_priv.348
                0x000000000601c27c                mnet_encode_remove_local_player.lto_priv.349.lto_priv.352
                0x000000000601c28c                mnet_encode_add_local_player.lto_priv.329.lto_priv.332
                0x000000000601c310                mnet_encode_powerup_pickup.lto_priv.353.lto_priv.356
                0x000000000601c324                mnet_encode_player_state_p2.lto_priv.357.lto_priv.360
                0x000000000601c3bc                mnet_encode_player_state.lto_priv.361.lto_priv.364
                0x000000000601c44c                mnet_encode_input_state_p2.lto_priv.365.lto_priv.368
                0x000000000601c478                mnet_encode_input_state.lto_priv.369.lto_priv.372
                0x000000000601c4a0                mnet_encode_car_select.lto_priv.373.lto_priv.376
                0x000000000601c4b4                mnet_encode_start_game.lto_priv.377.lto_priv.380
                0x000000000601c4c4                mnet_encode_ready.lto_priv.381.lto_priv.384
                0x000000000601c4d4                mnet_encode_heartbeat.lto_priv.385.lto_priv.388
                0x000000000601c4e4                mnet_encode_disconnect.lto_priv.389.lto_priv.392
                0x000000000601c4f4                mnet_encode_set_username.lto_priv.333.lto_priv.336
                0x000000000601c574                mnet_encode_connect_uuid.lto_priv.393.lto_priv.396
                0x000000000601c594                mnet_encode_connect.lto_priv.397.lto_priv.400
                0x000000000601c5a4                mnet_read_string.lto_priv.401.lto_priv.404
                0x000000000601c5ec                mnet_rx_poll.lto_priv.405.lto_priv.440
                0x000000000601c69c                mnet_rx_init.lto_priv.408.lto_priv.411
                0x000000000601c6ac                mnet_send_frame.lto_priv.412.lto_priv.415
                0x000000000601c6ec                net_transport_is_connected.lto_priv.416.lto_priv.419
                0x000000000601c704                net_transport_send.lto_priv.420.lto_priv.423
                0x000000000601c718                net_transport_rx_byte.lto_priv.424.lto_priv.427
                0x000000000601c72c                net_transport_rx_ready.lto_priv.428.lto_priv.431
                0x000000000601c740                get_gbr.lto_priv.53.lto_priv.77
                0x000000000601c748                set_gbr.lto_priv.78.lto_priv.102
                0x000000000601c750                get_vbr.lto_priv.103.lto_priv.127
                0x000000000601c758                set_vbr.lto_priv.128.lto_priv.152
                0x000000000601c760                set_imask.lto_priv.153.lto_priv.177
                0x000000000601c774                get_imask.lto_priv.178.lto_priv.202
                0x000000000601c780                get_sr.lto_priv.203.lto_priv.227
                0x000000000601c788                set_sr.lto_priv.228.lto_priv.252
                0x000000000601c790                tas.lto_priv.253.lto_priv.277
                0x000000000601c798                sleep.lto_priv.278.lto_priv.302
                0x000000000601c7a0                nop.lto_priv.303.lto_priv.327
 *fill*         0x000000000601c7a8        0x8 
 .text          0x000000000601c7b0      0x238 /joe/Compiler/COMMON/SGL_302j/LIB_ELF/SEGA_SYS.A(sys_exit.o)
                0x000000000601c7b0                sys_version
                0x000000000601c7d0                SYS_Exit
 *fill*         0x000000000601c9e8        0x8 
 .text          0x000000000601c9f0        0x6 /joe/Compiler/COMMON/SGL_302j/LIB_ELF/SEGA_SYS.A(sys_sub.o)
                0x000000000601c9f0                SYSUB_SetStackptr
 *fill*         0x000000000601c9f6        0xa 
 .text          0x000000000601ca00      0x3a0 /joe/Compiler/COMMON/SGL_302j/LIB_ELF/LIBCD.A(CDC_CMN.O)
                0x000000000601ca00                CDC_GetCurStat
                0x000000000601ca50                CDC_GetLastStat
                0x000000000601ca68                CDC_GetPeriStat
                0x000000000601cb3c                CDC_GetHwInfo
                0x000000000601cba4                CDC_TgetToc
                0x000000000601cbf4                CDC_GetSes
                0x000000000601cc30                CDC_CdInit
                0x000000000601ccb4                CDC_CdOpen
                0x000000000601ccdc                CDC_DataReady
                0x000000000601cd48                CDC_DataEnd
 .text          0x000000000601cda0      0x130 /joe/Compiler/COMMON/SGL_302j/LIB_ELF/LIBCD.A(CDC_DRV.O)
                0x000000000601cda0                CDC_CdPlay
                0x000000000601ce6c                CDC_CdSeek
                0x000000000601cea0                CDC_CdScan
 .text          0x000000000601ced0      0x194 /joe/Compiler/COMMON/SGL_302j/LIB_ELF/LIBCD.A(CDC_CFS.O)
                0x000000000601ced0                CDC_ChgDir
                0x000000000601cf04                CDC_ReadDir
                0x000000000601cf38                CDC_GetFileScope
                0x000000000601cf98                CDC_TgetFileInfo
                0x000000000601cff4                CDC_ReadFile
                0x000000000601d028                CDC_AbortFile
 *fill*         0x000000000601d064        0xc 
 .text          0x000000000601d070      0x2dc /joe/Compiler/COMMON/SGL_302j/LIB_ELF/LIBCD.A(CDC_REG.O)
                0x000000000601d070                CDC_GetDataPtr
                0x000000000601d080                CDC_GetHirqReq
                0x000000000601d094                CDC_ClrHirqReq
                0x000000000601d0c4                CDREG_ClrHirqReq
                0x000000000601d0d4                CDREG_InitHirqReq
                0x000000000601d0fc                CDREG_SetHirqFlag
                0x000000000601d110                CDC_GetHirqMsk
                0x000000000601d124                CDC_SetHirqMsk
                0x000000000601d134                CDC_GetMpegPtr
                0x000000000601d144                CDREG_TgetData
                0x000000000601d1a0                CDREG_CmdRsp
                0x000000000601d2a0                CDREG_WaitHirq
                0x000000000601d310                CDREG_ReadRsp
 *fill*         0x000000000601d34c        0x4 
 .text          0x000000000601d350      0x152 /joe/Compiler/COMMON/SGL_302j/LIB_ELF/LIBCD.A(CDC_SUB.O)
                0x000000000601d350                CDSUB_UpdStatus
                0x000000000601d368                CDSUB_UpdCdstat
                0x000000000601d388                CDSUB_CdCmd
                0x000000000601d3f8                CDSUB_GetCdstat
                0x000000000601d438                CDSUB_RspToCdstat
                0x000000000601d480                CDSUB_SoftTimer
 *fill*         0x000000000601d4a2        0xe 
 .text          0x000000000601d4b0     0x1adc /joe/Compiler/COMMON/SGL_302j/LIB_ELF/LIBCD.A(GFS.O)
                0x000000000601d4b0                gfs_version
                0x000000000601d4d0                GFS_Init
                0x000000000601d5b8                GFS_LoadDir
                0x000000000601d660                GFS_SetDir
                0x000000000601d6c8                GFS_NameToId
                0x000000000601d72c                GFS_IdToName
                0x000000000601d798                GFS_GetDirInfo
                0x000000000601d808                GFS_Reset
                0x000000000601d88c                GFS_Open
                0x000000000601d940                GFS_Close
                0x000000000601d978                GFS_Seek
                0x000000000601da2c                GFS_Tell
                0x000000000601da7c                GFS_IsEof
                0x000000000601dad0                GFS_ByteToSct
                0x000000000601db2c                GFS_GetFileSize
                0x000000000601db88                GFS_GetFileInfo
                0x000000000601dbfc                GFS_GetNumCdbuf
                0x000000000601dc24                GFS_Load
                0x000000000601dce8                GFS_Fread
                0x000000000601dd84                gfs_waitRead
                0x000000000601de2c                GFS_NwFread
                0x000000000601df38                GFS_NwCdRead
                0x000000000601dfb0                GFS_NwIsComplete
                0x000000000601dfe8                GFS_NwStop
                0x000000000601e054                GFS_NwGetStat
                0x000000000601e0d0                gfs_recovRdErr
                0x000000000601e100                GFS_NwExecOne
                0x000000000601e1c0                GFS_NwExecServer
                0x000000000601e23c                GFS_SetGmode
                0x000000000601e2a0                GFS_SetTmode
                0x000000000601e30c                GFS_SetReadPara
                0x000000000601e370                GFS_SetTransPara
                0x000000000601e3dc                GFS_SetTrFunc
                0x000000000601e440                GFS_StartTrans
                0x000000000601e48c                GFS_CdMovePickup
                0x000000000601e4f8                GFS_SetErrFunc
                0x000000000601e524                GFS_GetErrStat
                0x000000000601e548                GFS_ConvTno
                0x000000000601e570                gfs_chgRoot
                0x000000000601e63c                gfs_aborttrans
                0x000000000601e648                gfs_mngSetupFuncTbl
                0x000000000601e67c                gfs_mngInitWork
                0x000000000601e720                gfs_mngGetNumFile
                0x000000000601e788                GFS_mngAllocGrp
                0x000000000601e7d0                gfs_mngFreeGrp
                0x000000000601e7dc                gfs_mngTermAccess
                0x000000000601e860                gfs_mngSetErrCode
                0x000000000601e8e0                gfs_svrSearchHndl
                0x000000000601e920                gfs_svrAddHndl
                0x000000000601e95c                gfs_svrRemoveHndl
                0x000000000601e9b8                GFS_OpenSub
                0x000000000601ea10                gfs_loadVol
                0x000000000601ead4                gfs_getRootDir
                0x000000000601ebd0                gfs_loadRootDir
                0x000000000601ec58                gfs_flowIn
                0x000000000601ed00                gfs_transData
                0x000000000601eda4                GFS_GetFad
                0x000000000601edfc                gfs_SetSct
                0x000000000601ee3c                gfs_GetFinfo
                0x000000000601ee7c                gfs_closeSub
                0x000000000601eeb8                gfs_getGmode
                0x000000000601eec4                gfs_isTaskDone
                0x000000000601ef18                gfs_convFinStat
 *fill*         0x000000000601ef8c        0x4 
 .text          0x000000000601ef90      0x106 /joe/Compiler/COMMON/SGL_302j/LIB_ELF/LIBCD.A(GFS_BUF.O)
                0x000000000601efc0                GFBF_GetTranData
                0x000000000601efe8                GFBF_GetNumData
                0x000000000601f018                GFBF_GetSrcPk
                0x000000000601f040                GFBF_GetSctData
                0x000000000601f064                GFBF_RtnPk
                0x000000000601f08c                gfbf_getSctDt
 *fill*         0x000000000601f096        0xa 
 .text          0x000000000601f0a0      0x600 /joe/Compiler/COMMON/SGL_302j/LIB_ELF/LIBCD.A(GFS_CDB.O)
                0x000000000601f0a0                GFCB_Setup
                0x000000000601f1c0                GFCB_Close
                0x000000000601f1e8                GFCB_GetLenData
                0x000000000601f294                GFCB_GetLenRoom
                0x000000000601f2a0                GFCB_SetFilt
                0x000000000601f308                GFCB_DeleteAllData
                0x000000000601f330                GFCB_Tell
                0x000000000601f340                gfcb_getSctNum
                0x000000000601f390                GFCB_Seek
                0x000000000601f48c                GFCB_GetSrcPack
                0x000000000601f56c                GFCB_GetSctData
                0x000000000601f5a4                GFCB_GetDstPack
                0x000000000601f5b0                GFCB_RtnPk
                0x000000000601f5f8                GFCB_MovePickup
                0x000000000601f614                GFCB_SetCon
                0x000000000601f648                GFCB_GetPickup
                0x000000000601f670                GFCB_IsPuOwner
                0x000000000601f688                GFCB_UngetPickup
 .text          0x000000000601f6a0     0x1a10 /joe/Compiler/COMMON/SGL_302j/LIB_ELF/LIBCD.A(GFS_CDC.O)
                0x000000000601f6a0                GFCD_SetCdbfs
                0x000000000601f6cc                GFCD_Init
                0x000000000601f8d0                GFCD_AllocFilt
                0x000000000601f90c                GFCD_FreeFilt
                0x000000000601f93c                GFCD_AllocBuf
                0x000000000601f970                GFCD_FreeBuf
                0x000000000601fa14                GFCD_GetBaseFad
                0x000000000601fa48                GFCD_GetPickup
                0x000000000601fa7c                GFCD_UngetPickup
                0x000000000601faa8                GFCD_IsPuOwner
                0x000000000601facc                GFCD_SetFilt
                0x000000000601fb90                GFCD_GetFilt
                0x000000000601fbd8                GFCD_SetCon
                0x000000000601fc30                GFCD_Play
                0x000000000601fc90                GFCD_GetLenData
                0x000000000601fcf8                GFCD_ReqData
                0x000000000601fd54                GFCD_EndData
                0x000000000601fd9c                GFCD_DelSctData
                0x000000000601fdf4                GFCD_CheckDelSctData
                0x000000000601fe24                GFCD_GetStat
                0x000000000601fed8                GFCD_MovePickup
                0x000000000601ff24                GFCD_MoveSctData
                0x000000000601ff98                GFCD_CheckMove
                0x000000000601ffbc                GFCD_GetSctInfo
                0x0000000006020004                GFCD_ChgDir
                0x0000000006020078                GFCD_SetFiltCon
                0x0000000006020160                GFCD_GetFileInfo
                0x000000000602023c                GFCD_GetBufSiz
                0x0000000006020274                GFCD_ExecServer
                0x0000000006020348                gfcd_isIdleTask
                0x00000000060203d4                gfcd_doTask
                0x0000000006020480                GFCD_SetTimer
                0x0000000006020494                GFCD_WaitServer
                0x00000000060204d0                gfcd_doSetFiltTsk
                0x0000000006020694                gfcd_doSetConTsk
                0x0000000006020724                gfcd_doGetLenDataTsk
                0x0000000006020878                gfcd_doReqDataTsk
                0x0000000006020918                gfcd_doDelSctDataTsk
                0x0000000006020a4c                gfcd_doMoveSctTsk
                0x0000000006020bb0                gfcd_doChgDirTsk
                0x0000000006020dac                gfcd_doSetFiltConTsk
                0x0000000006020ef0                gfcd_checkEflag
                0x0000000006020f14                gfcd_initCdbMng
                0x0000000006020f94                gfcd_setStat
                0x0000000006020fc0                GFCD_SetCsctFunc
                0x0000000006020fdc                GFCD_ChkScdqFlag
                0x0000000006021000                GFCD_ClrScdqFlag
                0x000000000602101c                GFCD_WaitScdqFlag
                0x0000000006021060                GFCD_WaitPause
 .text          0x00000000060210b0      0x8d8 /joe/Compiler/COMMON/SGL_302j/LIB_ELF/LIBCD.A(GFS_CDF.O)
                0x00000000060210b0                GFCF_Init
                0x0000000006021150                GFCF_Setup
                0x0000000006021298                GFCF_SetSct
                0x00000000060212dc                GFCF_GetFileInfo
                0x0000000006021350                GFCF_FlowInBuf
                0x00000000060214a4                GFCF_StopInBuf
                0x0000000006021544                GFCF_Recover
                0x000000000602158c                GFCF_Tell
                0x00000000060215a4                GFCF_Seek
                0x00000000060215bc                GFCF_MovePickup
                0x0000000006021658                GFCF_cnvIntlvOfs
                0x00000000060216ac                GFCF_GetStat
                0x0000000006021744                gfcf_getSctSize
                0x0000000006021780                gfcf_isCdOk
                0x0000000006021840                gfcf_getPlayRange
 *fill*         0x0000000006021988        0x8 
 .text          0x0000000006021990      0x92c /joe/Compiler/COMMON/SGL_302j/LIB_ELF/LIBCD.A(GFS_DIR.O)
                0x0000000006021990                GFDR_SetupDirTbl
                0x0000000006021a04                GFDR_NameToId
                0x0000000006021a64                GFDR_GetInfoDirId
                0x0000000006021a78                GFDR_GetInfoDirName
                0x0000000006021a8c                GFDR_GetAtrDirId
                0x0000000006021aa4                GFDR_GetAtrDirName
                0x0000000006021abc                GFDR_ChgRoot
                0x0000000006021ad4                GFDR_ChgDir
                0x0000000006021b48                gfdr_setupDirIdTbl
                0x0000000006021bcc                gfdr_setupDirNameTbl
                0x0000000006021c78                gfdr_open
                0x0000000006021ca0                gfdr_read
                0x0000000006021d60                gfdr_readByte
                0x0000000006021d8c                gfdr_readWord
                0x0000000006021db8                gfdr_readWordNB
                0x0000000006021e0c                gfdr_readLongNB
                0x0000000006021e58                gfdr_readLongNM
                0x0000000006021e80                gfdr_setNextRec
                0x0000000006021f04                gfdr_readDirEnt
                0x0000000006022280                gfdr_setDirrecCd
 *fill*         0x00000000060222bc        0x4 
 .text          0x00000000060222c0      0x9c6 /joe/Compiler/COMMON/SGL_302j/LIB_ELF/LIBCD.A(GFS_TRN.O)
                0x00000000060222f0                GFTR_Setup
                0x0000000006022334                GFTR_SetMode
                0x0000000006022348                GFTR_SetUnit
                0x0000000006022354                GFTR_SetTransPara
                0x0000000006022388                GFTR_GetTransPara
                0x0000000006022394                GFTR_GetNumTrans
                0x00000000060223a0                GFTR_SetTransMax
                0x00000000060223ac                GFTR_Start
                0x00000000060223b8                GFTR_Pause
                0x00000000060223c4                GFTR_Stop
                0x000000000602247c                GFTR_Exec
                0x0000000006022500                GFTR_Idle
                0x0000000006022578                GFTR_ExecSvr
                0x0000000006022680                gftr_getSrcPack
                0x0000000006022708                gftr_getDstPack
                0x0000000006022764                gftr_reqScu
                0x0000000006022770                gftr_execScu
                0x000000000602280c                gftr_remScu
                0x0000000006022840                gfdma_canUse
                0x000000000602284c                gfdma_exec
                0x00000000060228bc                gfdma_getBytecnt
                0x00000000060228f4                gftr_reqDma0
                0x000000000602290c                gftr_execSdma0
                0x0000000006022930                gftr_remDma0
                0x0000000006022948                gftr_reqDma1
                0x0000000006022960                gftr_execSdma1
                0x0000000006022984                gftr_remDma1
                0x000000000602299c                gftr_reqCpu
                0x00000000060229a8                gftr_execCpu
                0x00000000060229e8                gftr_remCpu
                0x00000000060229f4                gftr_reqTrn
                0x0000000006022a64                gftr_execTrn
                0x0000000006022b3c                gftr_remTrn
                0x0000000006022bb0                gftr_copyFrac
                0x0000000006022bd8                GFTR_GetLenData
                0x0000000006022be4                GFTR_GetLenRoom
                0x0000000006022bfc                GFTR_GetDstPack
                0x0000000006022c30                GFTR_RtnDstPk
                0x0000000006022c4c                GFTR_GetData
                0x0000000006022c60                GFTR_SetData
                0x0000000006022c74                GFTR_SetTransFunc
 *fill*         0x0000000006022c86        0xa 
 .text          0x0000000006022c90       0xa8 /joe/Compiler/COMMON/SGL_302j/LIB_ELF/LIBCD.A(CDC_DEV.O)
                0x0000000006022c90                CDC_CdSetCon
                0x0000000006022cc0                CDC_CdGetCon
                0x0000000006022cfc                CDC_CdGetLastBuf
 *fill*         0x0000000006022d38        0x8 
 .text          0x0000000006022d40      0x2b8 /joe/Compiler/COMMON/SGL_302j/LIB_ELF/LIBCD.A(CDC_SEL.O)
                0x0000000006022d40                CDC_SetFiltRange
                0x0000000006022d74                CDC_GetFiltRange
                0x0000000006022dcc                CDC_SetFiltSubh
                0x0000000006022e3c                CDC_GetFiltSubh
                0x0000000006022eb8                CDC_SetFiltMode
                0x0000000006022eec                CDC_GetFiltMode
                0x0000000006022f30                CDC_SetFiltCon
                0x0000000006022f70                CDC_GetFiltCon
                0x0000000006022fc4                CDC_ResetSelector
 *fill*         0x0000000006022ff8        0x8 
 .text          0x0000000006023000      0x270 /joe/Compiler/COMMON/SGL_302j/LIB_ELF/LIBCD.A(CDC_BIF.O)
                0x0000000006023000                CDC_GetBufSiz
                0x000000000602305c                CDC_GetSctNum
                0x00000000060230a0                CDC_CalActSiz
                0x00000000060230dc                CDC_GetActSiz
                0x000000000602315c                CDC_GetSctInfo
                0x00000000060231dc                CDC_ExeFadSearch
                0x0000000006023214                CDC_GetFadSearch
 .text          0x0000000006023270      0x1e4 /joe/Compiler/COMMON/SGL_302j/LIB_ELF/LIBCD.A(CDC_BIO.O)
                0x0000000006023270                CDC_SetSctLen
                0x00000000060232a4                CDC_GetSctData
                0x00000000060232e0                CDC_DelSctData
                0x000000000602331c                CDC_GetdelSctData
                0x0000000006023358                CDC_PutSctData
                0x0000000006023390                CDC_CopySctData
                0x00000000060233d4                CDC_MoveSctData
                0x0000000006023418                CDC_GetCopyErr
 *fill*         0x0000000006023454        0xc 
 .text          0x0000000006023460        0x0 /joe/Compiler/COMMON/SGL_302j/LIB_ELF/LIBSGL.A(sglA01.o)
 .text          0x0000000006023460        0x0 /joe/Compiler/COMMON/SGL_302j/LIB_ELF/LIBSGL.A(sglA15.o)
 .text          0x0000000006023460        0x0 /joe/Compiler/COMMON/SGL_302j/LIB_ELF/LIBSGL.A(sglA16.o)
 .text          0x0000000006023460        0x0 /joe/Compiler/COMMON/SGL_302j/LIB_ELF/LIBSGL.A(sglA17.o)
 .text          0x0000000006023460        0x0 /joe/Compiler/COMMON/SGL_302j/LIB_ELF/LIBSGL.A(sglA18.o)
 .text          0x0000000006023460        0x0 /joe/Compiler/COMMON/SGL_302j/LIB_ELF/LIBSGL.A(sglA19.o)
 .text          0x0000000006023460        0x0 /joe/Compiler/COMMON/SGL_302j/LIB_ELF/LIBSGL.A(sglA20.o)
 .text          0x0000000006023460        0x0 /joe/Compiler/COMMON/SGL_302j/LIB_ELF/LIBSGL.A(sglA21.o)
 .text          0x0000000006023460        0x0 /joe/Compiler/COMMON/SGL_302j/LIB_ELF/LIBSGL.A(sglA27.o)
 .text          0x0000000006023460        0x0 /joe/Compiler/COMMON/SGL_302j/LIB_ELF/LIBSGL.A(sglA28.o)
 .text          0x0000000006023460        0x0 /joe/Compiler/COMMON/SGL_302j/LIB_ELF/LIBSGL.A(sglA40.o)
 .text          0x0000000006023460        0x0 /joe/Compiler/COMMON/SGL_302j/LIB_ELF/LIBSGL.A(sglB001.o)
 .text          0x0000000006023460        0x0 /joe/Compiler/COMMON/SGL_302j/LIB_ELF/LIBSGL.A(sglB011.o)
 .text          0x0000000006023460        0x0 /joe/Compiler/COMMON/SGL_302j/LIB_ELF/LIBSGL.A(sglB014.o)
 .text          0x0000000006023460        0x0 /joe/Compiler/COMMON/SGL_302j/LIB_ELF/LIBSGL.A(sglB015.o)
 .text          0x0000000006023460        0x0 /joe/Compiler/COMMON/SGL_302j/LIB_ELF/LIBSGL.A(sglB016.o)
 .text          0x0000000006023460        0x0 /joe/Compiler/COMMON/SGL_302j/LIB_ELF/LIBSGL.A(sglB020.o)
 .text          0x0000000006023460        0x0 /joe/Compiler/COMMON/SGL_302j/LIB_ELF/LIBSGL.A(sglB021.o)
 .text          0x0000000006023460        0x0 /joe/Compiler/COMMON/SGL_302j/LIB_ELF/LIBSGL.A(sglB023.o)
 .text          0x0000000006023460        0x0 /joe/Compiler/COMMON/SGL_302j/LIB_ELF/LIBSGL.A(sglB031.o)
 .text          0x0000000006023460        0x0 /joe/Compiler/COMMON/SGL_302j/LIB_ELF/LIBSGL.A(sglB032.o)
 .text          0x0000000006023460        0x0 /joe/Compiler/COMMON/SGL_302j/LIB_ELF/LIBSGL.A(sglB033.o)
 .text          0x0000000006023460        0x0 /joe/Compiler/COMMON/SGL_302j/LIB_ELF/LIBSGL.A(sglB034.o)
 .text          0x0000000006023460        0x0 /joe/Compiler/COMMON/SGL_302j/LIB_ELF/LIBSGL.A(sglB035.o)
 .text          0x0000000006023460        0x0 /joe/Compiler/COMMON/SGL_302j/LIB_ELF/LIBSGL.A(sglB036.o)
 .text          0x0000000006023460        0x0 /joe/Compiler/COMMON/SGL_302j/LIB_ELF/LIBSGL.A(sglB038.o)
 .text          0x0000000006023460        0x0 /joe/Compiler/COMMON/SGL_302j/LIB_ELF/LIBSGL.A(sglB039.o)
 .text          0x0000000006023460        0x0 /joe/Compiler/COMMON/SGL_302j/LIB_ELF/LIBSGL.A(sglB040.o)
 .text          0x0000000006023460        0x0 /joe/Compiler/COMMON/SGL_302j/LIB_ELF/LIBSGL.A(sglB041.o)
 .text          0x0000000006023460        0x0 /joe/Compiler/COMMON/SGL_302j/LIB_ELF/LIBSGL.A(sglB042.o)
 .text          0x0000000006023460        0x0 /joe/Compiler/COMMON/SGL_302j/LIB_ELF/LIBSGL.A(sglB043.o)
 .text          0x0000000006023460        0x0 /joe/Compiler/COMMON/SGL_302j/LIB_ELF/LIBSGL.A(sglB044.o)
 .text          0x0000000006023460        0x0 /joe/Compiler/COMMON/SGL_302j/LIB_ELF/LIBSGL.A(sglB045.o)
 .text          0x0000000006023460        0x0 /joe/Compiler/COMMON/SGL_302j/LIB_ELF/LIBSGL.A(sglB047.o)
 .text          0x0000000006023460        0x0 /joe/Compiler/COMMON/SGL_302j/LIB_ELF/LIBSGL.A(sglB048.o)
 .text          0x0000000006023460        0x0 /joe/Compiler/COMMON/SGL_302j/LIB_ELF/LIBSGL.A(sglB055.o)
 .text          0x0000000006023460        0x0 /joe/Compiler/COMMON/SGL_302j/LIB_ELF/LIBSGL.A(sglB056.o)
 .text          0x0000000006023460        0x0 /joe/Compiler/COMMON/SGL_302j/LIB_ELF/LIBSGL.A(sglB057.o)
 .text          0x0000000006023460        0x0 /joe/Compiler/COMMON/SGL_302j/LIB_ELF/LIBSGL.A(sglB058.o)
 .text          0x0000000006023460        0x0 /joe/Compiler/COMMON/SGL_302j/LIB_ELF/LIBSGL.A(sglB059.o)
 .text          0x0000000006023460        0x0 /joe/Compiler/COMMON/SGL_302j/LIB_ELF/LIBSGL.A(sglB060.o)
 .text          0x0000000006023460        0x0 /joe/Compiler/COMMON/SGL_302j/LIB_ELF/LIBSGL.A(sglB063.o)
 .text          0x0000000006023460        0x0 /joe/Compiler/COMMON/SGL_302j/LIB_ELF/LIBSGL.A(sglB087.o)
 .text          0x0000000006023460        0x0 /joe/Compiler/COMMON/SGL_302j/LIB_ELF/LIBSGL.A(sglB088.o)
 .text          0x0000000006023460        0x0 /joe/Compiler/COMMON/SGL_302j/LIB_ELF/LIBSGL.A(sglB090.o)
 .text          0x0000000006023460        0x0 /joe/Compiler/COMMON/SGL_302j/LIB_ELF/LIBSGL.A(sglB200.o)
 .text          0x0000000006023460        0x0 /joe/Compiler/COMMON/SGL_302j/LIB_ELF/LIBSGL.A(sglC01.o)
 .text          0x0000000006023460        0x0 /joe/Compiler/COMMON/SGL_302j/LIB_ELF/LIBSGL.A(sglC03.o)
 .text          0x0000000006023460        0x0 /joe/Compiler/COMMON/SGL_302j/LIB_ELF/LIBSGL.A(sglC04.o)
 .text          0x0000000006023460        0x0 /joe/Compiler/COMMON/SGL_302j/LIB_ELF/LIBSGL.A(sglC05.o)
 .text          0x0000000006023460        0x0 /joe/Compiler/COMMON/SGL_302j/LIB_ELF/LIBSGL.A(sglC06.o)
 .text          0x0000000006023460        0x0 /joe/Compiler/COMMON/SGL_302j/LIB_ELF/LIBSGL.A(sglC07.o)
 .text          0x0000000006023460        0x0 /joe/Compiler/COMMON/SGL_302j/LIB_ELF/LIBSGL.A(sglC08.o)
 .text          0x0000000006023460        0x0 /joe/Compiler/COMMON/SGL_302j/LIB_ELF/LIBSGL.A(sglC14.o)
 .text          0x0000000006023460        0x0 /joe/Compiler/COMMON/SGL_302j/LIB_ELF/LIBSGL.A(sglC16.o)
 .text          0x0000000006023460        0x0 /joe/Compiler/COMMON/SGL_302j/LIB_ELF/LIBSGL.A(sglC17.o)
 .text          0x0000000006023460        0x0 /joe/Compiler/COMMON/SGL_302j/LIB_ELF/LIBSGL.A(sglC19.o)
 .text          0x0000000006023460        0x0 /joe/Compiler/COMMON/SGL_302j/LIB_ELF/LIBSGL.A(sglC20.o)
 .text          0x0000000006023460        0x0 /joe/Compiler/COMMON/SGL_302j/LIB_ELF/LIBSGL.A(sglC21.o)
 .text          0x0000000006023460        0x0 /joe/Compiler/COMMON/SGL_302j/LIB_ELF/LIBSGL.A(sglD00.o)
 .text          0x0000000006023460        0x0 /joe/Compiler/COMMON/SGL_302j/LIB_ELF/LIBSGL.A(sglD01.o)
 .text          0x0000000006023460        0x0 /joe/Compiler/COMMON/SGL_302j/LIB_ELF/LIBSGL.A(sglD02.o)
 .text          0x0000000006023460        0x0 /joe/Compiler/COMMON/SGL_302j/LIB_ELF/LIBSGL.A(sglD03.o)
 .text          0x0000000006023460        0x0 /joe/Compiler/COMMON/SGL_302j/LIB_ELF/LIBSGL.A(sglD15.o)
 .text          0x0000000006023460        0x0 /joe/Compiler/COMMON/SGL_302j/LIB_ELF/LIBSGL.A(sglD16.o)
 .text          0x0000000006023460        0x0 /joe/Compiler/COMMON/SGL_302j/LIB_ELF/LIBSGL.A(sglD17.o)
 .text          0x0000000006023460        0x0 /joe/Compiler/COMMON/SGL_302j/LIB_ELF/LIBSGL.A(sglD18.o)
 .text          0x0000000006023460        0x0 /joe/Compiler/COMMON/SGL_302j/LIB_ELF/LIBSGL.A(sglF08.o)
 .text          0x0000000006023460        0x0 /joe/Compiler/COMMON/SGL_302j/LIB_ELF/LIBSGL.A(sglH00.o)
 .text          0x0000000006023460        0x0 /joe/Compiler/COMMON/SGL_302j/LIB_ELF/LIBSGL.A(sglH01.o)
 .text          0x0000000006023460        0x0 /joe/Compiler/COMMON/SGL_302j/LIB_ELF/LIBSGL.A(sglH02.o)
 .text          0x0000000006023460        0x0 /joe/Compiler/COMMON/SGL_302j/LIB_ELF/LIBSGL.A(sglH04.o)
 .text          0x0000000006023460        0x0 /joe/Compiler/COMMON/SGL_302j/LIB_ELF/LIBSGL.A(sglI01.o)
 .text          0x0000000006023460        0x0 /joe/Compiler/COMMON/SGL_302j/LIB_ELF/LIBSGL.A(sglI04.o)
 .text          0x0000000006023460      0x128 /joe/Compiler/COMMON/SGL_302j/LIB_ELF/LIBSGL.A(sglIc0.o)
                0x0000000006023460                slInitSystem
 *fill*         0x0000000006023588        0x8 
 .text          0x0000000006023590        0x0 /joe/Compiler/COMMON/SGL_302j/LIB_ELF/LIBSGL.A(sglJ00.o)
 .text          0x0000000006023590        0x0 /joe/Compiler/COMMON/SGL_302j/LIB_ELF/LIBSGL.A(sglJ01.o)
 .text          0x0000000006023590        0x0 /joe/Compiler/COMMON/SGL_302j/LIB_ELF/LIBSGL.A(sglJ02.o)
 .text          0x0000000006023590        0x0 /joe/Compiler/COMMON/SGL_302j/LIB_ELF/LIBSGL.A(sglJ03.o)
 .text          0x0000000006023590        0x0 /joe/Compiler/COMMON/SGL_302j/LIB_ELF/LIBSGL.A(sglJ04.o)
 .text          0x0000000006023590        0x0 /joe/Compiler/COMMON/SGL_302j/LIB_ELF/LIBSGL.A(sglJ05.o)
 .text          0x0000000006023590        0x0 /joe/Compiler/COMMON/SGL_302j/LIB_ELF/LIBSGL.A(sglK01.o)
 .text          0x0000000006023590        0x0 /joe/Compiler/COMMON/SGL_302j/LIB_ELF/LIBSGL.A(sglM00.o)
 .text          0x0000000006023590        0x0 /joe/Compiler/COMMON/SGL_302j/LIB_ELF/LIBSGL.A(sglM01.o)
 .text          0x0000000006023590        0x0 /joe/Compiler/COMMON/SGL_302j/LIB_ELF/LIBSGL.A(sglA00.o)
 .text          0x0000000006023590        0x0 /joe/Compiler/COMMON/SGL_302j/LIB_ELF/LIBSGL.A(sglA03.o)
 .text          0x0000000006023590        0x0 /joe/Compiler/COMMON/SGL_302j/LIB_ELF/LIBSGL.A(sglA10.o)
 .text          0x0000000006023590        0x0 /joe/Compiler/COMMON/SGL_302j/LIB_ELF/LIBSGL.A(sglA24.o)
 .text          0x0000000006023590        0x0 /joe/Compiler/COMMON/SGL_302j/LIB_ELF/LIBSGL.A(sglA25.o)
 .text          0x0000000006023590        0x0 /joe/Compiler/COMMON/SGL_302j/LIB_ELF/LIBSGL.A(sglB000.o)
 .text          0x0000000006023590        0x0 /joe/Compiler/COMMON/SGL_302j/LIB_ELF/LIBSGL.A(sglC00.o)
 .text          0x0000000006023590        0x0 /joe/Compiler/COMMON/SGL_302j/LIB_ELF/LIBSGL.A(sglC13.o)
 .text          0x0000000006023590        0x0 /joe/Compiler/COMMON/SGL_302j/LIB_ELF/LIBSGL.A(sglD19.o)
 .text          0x0000000006023590        0x0 /joe/Compiler/COMMON/SGL_302j/LIB_ELF/LIBSGL.A(sglI00.o)
 .text          0x0000000006023590        0x0 /joe/Compiler/COMMON/SGL_302j/LIB_ELF/LIBSGL.A(sglH03.o)
 .text          0x0000000006023590       0x52 /joe/Compiler/LINUX/bin/../lib/gcc/sh-none-elf/8.2.0/libgcc.a(_ashiftrt.o)
                0x0000000006023590                __ashiftrt_r4_31
                0x0000000006023590                __ashiftrt_r4_32
                0x0000000006023596                __ashiftrt_r4_30
                0x0000000006023598                __ashiftrt_r4_29
                0x000000000602359a                __ashiftrt_r4_28
                0x000000000602359c                __ashiftrt_r4_27
                0x000000000602359e                __ashiftrt_r4_26
                0x00000000060235a0                __ashiftrt_r4_25
                0x00000000060235a2                __ashiftrt_r4_24
                0x00000000060235aa                __ashiftrt_r4_23
                0x00000000060235ac                __ashiftrt_r4_22
                0x00000000060235ae                __ashiftrt_r4_21
                0x00000000060235b0                __ashiftrt_r4_20
                0x00000000060235b2                __ashiftrt_r4_19
                0x00000000060235b4                __ashiftrt_r4_18
                0x00000000060235b6                __ashiftrt_r4_17
                0x00000000060235b8                __ashiftrt_r4_16
                0x00000000060235be                __ashiftrt_r4_15
                0x00000000060235c0                __ashiftrt_r4_14
                0x00000000060235c2                __ashiftrt_r4_13
                0x00000000060235c4                __ashiftrt_r4_12
                0x00000000060235c6                __ashiftrt_r4_11
                0x00000000060235c8                __ashiftrt_r4_10
                0x00000000060235ca                __ashiftrt_r4_9
                0x00000000060235cc                __ashiftrt_r4_8
                0x00000000060235ce                __ashiftrt_r4_7
                0x00000000060235d0                __ashiftrt_r4_6
                0x00000000060235d2                __ashiftrt_r4_5
                0x00000000060235d4                __ashiftrt_r4_4
                0x00000000060235d6                __ashiftrt_r4_3
                0x00000000060235d8                __ashiftrt_r4_2
                0x00000000060235da                __ashiftrt_r4_1
                0x00000000060235de                __ashiftrt_r4_0
 *fill*         0x00000000060235e2        0x2 
 .text          0x00000000060235e4       0xa0 /joe/Compiler/LINUX/bin/../lib/gcc/sh-none-elf/8.2.0/libgcc.a(_sdivsi3.o)
                0x00000000060235e4                __sdivsi3
 .text          0x0000000006023684       0x6c /joe/Compiler/LINUX/bin/../lib/gcc/sh-none-elf/8.2.0/libgcc.a(_udivsi3.o)
                0x00000000060236a6                __udivsi3
 .text          0x00000000060236f0      0x210 /joe/Compiler/LINUX/bin/../lib/gcc/sh-none-elf/8.2.0/libgcc.a(_addsub_sf.o)
                0x0000000006023864                __addsf3
                0x00000000060238b0                __subsf3
 .text          0x0000000006023900      0x134 /joe/Compiler/LINUX/bin/../lib/gcc/sh-none-elf/8.2.0/libgcc.a(_mul_sf.o)
                0x0000000006023900                __mulsf3
 .text          0x0000000006023a34       0xdc /joe/Compiler/LINUX/bin/../lib/gcc/sh-none-elf/8.2.0/libgcc.a(_div_sf.o)
                0x0000000006023a34                __divsf3
 .text          0x0000000006023b10       0x54 /joe/Compiler/LINUX/bin/../lib/gcc/sh-none-elf/8.2.0/libgcc.a(_eq_sf.o)
                0x0000000006023b10                __eqsf2
 .text          0x0000000006023b64       0x54 /joe/Compiler/LINUX/bin/../lib/gcc/sh-none-elf/8.2.0/libgcc.a(_ne_sf.o)
                0x0000000006023b64                __nesf2
 .text          0x0000000006023bb8       0x4c /joe/Compiler/LINUX/bin/../lib/gcc/sh-none-elf/8.2.0/libgcc.a(_gt_sf.o)
                0x0000000006023bb8                __gtsf2
 .text          0x0000000006023c04       0x4c /joe/Compiler/LINUX/bin/../lib/gcc/sh-none-elf/8.2.0/libgcc.a(_ge_sf.o)
                0x0000000006023c04                __gesf2
 .text          0x0000000006023c50       0x54 /joe/Compiler/LINUX/bin/../lib/gcc/sh-none-elf/8.2.0/libgcc.a(_lt_sf.o)
                0x0000000006023c50                __ltsf2
 .text          0x0000000006023ca4       0x54 /joe/Compiler/LINUX/bin/../lib/gcc/sh-none-elf/8.2.0/libgcc.a(_le_sf.o)
                0x0000000006023ca4                __lesf2
 .text          0x0000000006023cf8       0x84 /joe/Compiler/LINUX/bin/../lib/gcc/sh-none-elf/8.2.0/libgcc.a(_si_to_sf.o)
                0x0000000006023cf8                __floatsisf
 .text          0x0000000006023d7c       0x7c /joe/Compiler/LINUX/bin/../lib/gcc/sh-none-elf/8.2.0/libgcc.a(_sf_to_si.o)
                0x0000000006023d7c                __fixsfsi
 .text          0x0000000006023df8       0x3c /joe/Compiler/LINUX/bin/../lib/gcc/sh-none-elf/8.2.0/libgcc.a(_sf_to_df.o)
                0x0000000006023df8                __extendsfdf2
 .text          0x0000000006023e34        0x0 /joe/Compiler/LINUX/bin/../lib/gcc/sh-none-elf/8.2.0/libgcc.a(_thenan_sf.o)
 .text          0x0000000006023e34       0x94 /joe/Compiler/LINUX/bin/../lib/gcc/sh-none-elf/8.2.0/libgcc.a(_usi_to_sf.o)
                0x0000000006023e34                __floatunsisf
 .text          0x0000000006023ec8       0x28 /joe/Compiler/LINUX/bin/../lib/gcc/sh-none-elf/8.2.0/libgcc.a(_make_df.o)
                0x0000000006023ec8                __make_dp
 .text          0x0000000006023ef0       0x4c /joe/Compiler/LINUX/bin/../lib/gcc/sh-none-elf/8.2.0/libgcc.a(_df_to_sf.o)
                0x0000000006023ef0                __truncdfsf2
 .text          0x0000000006023f3c      0x114 /joe/Compiler/LINUX/bin/../lib/gcc/sh-none-elf/8.2.0/libgcc.a(_pack_sf.o)
                0x0000000006023f3c                __pack_f
 .text          0x0000000006024050       0xa0 /joe/Compiler/LINUX/bin/../lib/gcc/sh-none-elf/8.2.0/libgcc.a(_unpack_sf.o)
                0x0000000006024050                __unpack_f
 .text          0x00000000060240f0       0xa8 /joe/Compiler/LINUX/bin/../lib/gcc/sh-none-elf/8.2.0/libgcc.a(_fpcmp_parts_sf.o)
                0x00000000060240f0                __fpcmp_parts_f
 .text          0x0000000006024198       0x20 /joe/Compiler/LINUX/bin/../lib/gcc/sh-none-elf/8.2.0/libgcc.a(_make_sf.o)
                0x0000000006024198                __make_fp
 .text          0x00000000060241b8        0x0 /joe/Compiler/LINUX/bin/../lib/gcc/sh-none-elf/8.2.0/../../../../sh-none-elf/lib/libc.a(lib_a-impure.o)
 .text          0x00000000060241b8       0x1e /joe/Compiler/LINUX/bin/../lib/gcc/sh-none-elf/8.2.0/../../../../sh-none-elf/lib/libc.a(lib_a-memcmp.o)
                0x00000000060241b8                memcmp
 *fill*         0x00000000060241d6        0x2 
 .text          0x00000000060241d8       0x94 /joe/Compiler/LINUX/bin/../lib/gcc/sh-none-elf/8.2.0/../../../../sh-none-elf/lib/libc.a(lib_a-memcpy.o)
                0x00000000060241d8                memcpy
 .text          0x000000000602426c       0x40 /joe/Compiler/LINUX/bin/../lib/gcc/sh-none-elf/8.2.0/../../../../sh-none-elf/lib/libc.a(lib_a-memset.o)
                0x000000000602426c                memset
 .text          0x00000000060242ac       0x58 /joe/Compiler/LINUX/bin/../lib/gcc/sh-none-elf/8.2.0/../../../../sh-none-elf/lib/libc.a(lib_a-rand.o)
                0x00000000060242ac                srand
                0x00000000060242c0                rand
 .text          0x0000000006024304       0x60 /joe/Compiler/LINUX/bin/../lib/gcc/sh-none-elf/8.2.0/../../../../sh-none-elf/lib/libc.a(lib_a-rget.o)
                0x0000000006024304                __srget_r
                0x0000000006024350                __srget
 .text          0x0000000006024364       0x8c /joe/Compiler/LINUX/bin/../lib/gcc/sh-none-elf/8.2.0/../../../../sh-none-elf/lib/libc.a(lib_a-sprintf.o)
                0x0000000006024364                _sprintf_r
                0x00000000060243a4                sprintf
 .text          0x00000000060243f0       0x22 /joe/Compiler/LINUX/bin/../lib/gcc/sh-none-elf/8.2.0/../../../../sh-none-elf/lib/libc.a(lib_a-strcat.o)
                0x00000000060243f0                strcat
 *fill*         0x0000000006024412        0x2 
 .text          0x0000000006024414       0x38 /joe/Compiler/LINUX/bin/../lib/gcc/sh-none-elf/8.2.0/../../../../sh-none-elf/lib/libc.a(lib_a-strcmp.o)
                0x0000000006024414                strcmp
 .text          0x000000000602444c       0x3c /joe/Compiler/LINUX/bin/../lib/gcc/sh-none-elf/8.2.0/../../../../sh-none-elf/lib/libc.a(lib_a-strcpy.o)
                0x000000000602444c                strcpy
 .text          0x0000000006024488       0x20 /joe/Compiler/LINUX/bin/../lib/gcc/sh-none-elf/8.2.0/../../../../sh-none-elf/lib/libc.a(lib_a-strlen.o)
                0x0000000006024488                strlen
 .text          0x00000000060244a8       0x2a /joe/Compiler/LINUX/bin/../lib/gcc/sh-none-elf/8.2.0/../../../../sh-none-elf/lib/libc.a(lib_a-strncmp.o)
                0x00000000060244a8                strncmp
 .text          0x00000000060244d2       0x32 /joe/Compiler/LINUX/bin/../lib/gcc/sh-none-elf/8.2.0/../../../../sh-none-elf/lib/libc.a(lib_a-strncpy.o)
                0x00000000060244d2                strncpy
 .text          0x0000000006024504       0x36 /joe/Compiler/LINUX/bin/../lib/gcc/sh-none-elf/8.2.0/../../../../sh-none-elf/lib/libc.a(lib_a-strstr.o)
                0x0000000006024504                strstr
 *fill*         0x000000000602453a        0x2 
 .text          0x000000000602453c     0x1378 /joe/Compiler/LINUX/bin/../lib/gcc/sh-none-elf/8.2.0/../../../../sh-none-elf/lib/libc.a(lib_a-svfprintf.o)
                0x000000000602453c                _svfprintf_r
 .text          0x00000000060258b4       0xdc /joe/Compiler/LINUX/bin/../lib/gcc/sh-none-elf/8.2.0/../../../../sh-none-elf/lib/libc.a(lib_a-wbuf.o)
                0x00000000060258b4                __swbuf_r
                0x000000000602597c                __swbuf
 .text          0x0000000006025990       0xcc /joe/Compiler/LINUX/bin/../lib/gcc/sh-none-elf/8.2.0/../../../../sh-none-elf/lib/libc.a(lib_a-wsetup.o)
                0x0000000006025990                __swsetup_r
 .text          0x0000000006025a5c      0xef4 /joe/Compiler/LINUX/bin/../lib/gcc/sh-none-elf/8.2.0/../../../../sh-none-elf/lib/libc.a(lib_a-dtoa.o)
                0x0000000006025b90                _dtoa_r
 .text          0x0000000006026950      0x1a8 /joe/Compiler/LINUX/bin/../lib/gcc/sh-none-elf/8.2.0/../../../../sh-none-elf/lib/libc.a(lib_a-fflush.o)
                0x0000000006026950                __sflush_r
                0x0000000006026a90                _fflush_r
                0x0000000006026ad0                fflush
 .text          0x0000000006026af8      0x218 /joe/Compiler/LINUX/bin/../lib/gcc/sh-none-elf/8.2.0/../../../../sh-none-elf/lib/libc.a(lib_a-findfp.o)
                0x0000000006026b54                _cleanup_r
                0x0000000006026b68                __sfmoreglue
                0x0000000006026bb4                _cleanup
                0x0000000006026bc8                __sinit
                0x0000000006026c1c                __sfp
                0x0000000006026cd0                __sfp_lock_acquire
                0x0000000006026cd4                __sfp_lock_release
                0x0000000006026cd8                __sinit_lock_acquire
                0x0000000006026cdc                __sinit_lock_release
                0x0000000006026ce0                __fp_lock_all
                0x0000000006026cf8                __fp_unlock_all
 .text          0x0000000006026d10       0xb4 /joe/Compiler/LINUX/bin/../lib/gcc/sh-none-elf/8.2.0/../../../../sh-none-elf/lib/libc.a(lib_a-fwalk.o)
                0x0000000006026d10                _fwalk
                0x0000000006026d66                _fwalk_reent
 .text          0x0000000006026dc4       0x40 /joe/Compiler/LINUX/bin/../lib/gcc/sh-none-elf/8.2.0/../../../../sh-none-elf/lib/libc.a(lib_a-localeconv.o)
                0x0000000006026dc4                __localeconv_l
                0x0000000006026dcc                _localeconv_r
                0x0000000006026de8                localeconv
 .text          0x0000000006026e04       0xa8 /joe/Compiler/LINUX/bin/../lib/gcc/sh-none-elf/8.2.0/../../../../sh-none-elf/lib/libc.a(lib_a-locale.o)
                0x0000000006026e04                _setlocale_r
                0x0000000006026e50                __locale_mb_cur_max
                0x0000000006026e70                __locale_ctype_ptr_l
                0x0000000006026e7a                __locale_ctype_ptr
                0x0000000006026e98                setlocale
 .text          0x0000000006026eac      0x110 /joe/Compiler/LINUX/bin/../lib/gcc/sh-none-elf/8.2.0/../../../../sh-none-elf/lib/libc.a(lib_a-makebuf.o)
                0x0000000006026eac                __swhatbuf_r
                0x0000000006026f10                __smakebuf_r
 .text          0x0000000006026fbc       0x4c /joe/Compiler/LINUX/bin/../lib/gcc/sh-none-elf/8.2.0/../../../../sh-none-elf/lib/libc.a(lib_a-mbtowc_r.o)
                0x0000000006026fbc                _mbtowc_r
                0x0000000006026fe0                __ascii_mbtowc
 .text          0x0000000006027008       0x1c /joe/Compiler/LINUX/bin/../lib/gcc/sh-none-elf/8.2.0/../../../../sh-none-elf/lib/libc.a(lib_a-memchr.o)
                0x0000000006027008                memchr
 .text          0x0000000006027024      0xa9c /joe/Compiler/LINUX/bin/../lib/gcc/sh-none-elf/8.2.0/../../../../sh-none-elf/lib/libc.a(lib_a-mprec.o)
                0x0000000006027024                _Balloc
                0x0000000006027098                _Bfree
                0x00000000060270b0                __multadd
                0x0000000006027158                __s2b
                0x0000000006027218                __hi0bits
                0x000000000602726c                __lo0bits
                0x00000000060272d0                __i2b
                0x00000000060272ec                __multiply
                0x0000000006027430                __pow5mult
                0x00000000060274ec                __lshift
                0x00000000060275e0                __mcmp
                0x0000000006027618                __mdiff
                0x00000000060276f4                __ulp
                0x0000000006027760                __b2d
                0x0000000006027848                __d2b
                0x0000000006027934                __ratio
                0x00000000060279b8                _mprec_log10
                0x0000000006027a10                __copybits
                0x0000000006027a54                __any_on
 .text          0x0000000006027ac0      0x14c /joe/Compiler/LINUX/bin/../lib/gcc/sh-none-elf/8.2.0/../../../../sh-none-elf/lib/libc.a(lib_a-refill.o)
                0x0000000006027ad8                __srefill_r
 .text          0x0000000006027c0c       0xe0 /joe/Compiler/LINUX/bin/../lib/gcc/sh-none-elf/8.2.0/../../../../sh-none-elf/lib/libc.a(lib_a-stdio.o)
                0x0000000006027c0c                __sread
                0x0000000006027c48                __seofread
                0x0000000006027c4c                __swrite
                0x0000000006027c9c                __sseek
                0x0000000006027cdc                __sclose
 .text          0x0000000006027cec      0xa60 /joe/Compiler/LINUX/bin/../lib/gcc/sh-none-elf/8.2.0/../../../../sh-none-elf/lib/libc.a(lib_a-svfiprintf.o)
                0x0000000006027cec                __ssprint_r
                0x0000000006027e20                _svfiprintf_r
 .text          0x000000000602874c       0x40 /joe/Compiler/LINUX/bin/../lib/gcc/sh-none-elf/8.2.0/../../../../sh-none-elf/lib/libc.a(lib_a-wctomb_r.o)
                0x000000000602874c                _wctomb_r
                0x000000000602876c                __ascii_wctomb
 .text          0x000000000602878c       0x34 /joe/Compiler/LINUX/bin/../lib/gcc/sh-none-elf/8.2.0/../../../../sh-none-elf/lib/libc.a(lib_a-writer.o)
                0x000000000602878c                _write_r
 .text          0x00000000060287c0       0x30 /joe/Compiler/LINUX/bin/../lib/gcc/sh-none-elf/8.2.0/../../../../sh-none-elf/lib/libc.a(lib_a-closer.o)
                0x00000000060287c0                _close_r
 .text          0x00000000060287f0        0x0 /joe/Compiler/LINUX/bin/../lib/gcc/sh-none-elf/8.2.0/../../../../sh-none-elf/lib/libc.a(lib_a-ctype_.o)
 .text          0x00000000060287f0       0xc8 /joe/Compiler/LINUX/bin/../lib/gcc/sh-none-elf/8.2.0/../../../../sh-none-elf/lib/libc.a(lib_a-fclose.o)
                0x00000000060287f0                _fclose_r
                0x00000000060288a4                fclose
 .text          0x00000000060288b8       0x34 /joe/Compiler/LINUX/bin/../lib/gcc/sh-none-elf/8.2.0/../../../../sh-none-elf/lib/libc.a(lib_a-fstatr.o)
                0x00000000060288b8                _fstat_r
 .text          0x00000000060288ec       0x30 /joe/Compiler/LINUX/bin/../lib/gcc/sh-none-elf/8.2.0/../../../../sh-none-elf/lib/libc.a(lib_a-isattyr.o)
                0x00000000060288ec                _isatty_r
 .text          0x000000000602891c       0x34 /joe/Compiler/LINUX/bin/../lib/gcc/sh-none-elf/8.2.0/../../../../sh-none-elf/lib/libc.a(lib_a-lseekr.o)
                0x000000000602891c                _lseek_r
 .text          0x0000000006028950       0x3c /joe/Compiler/LINUX/bin/../lib/gcc/sh-none-elf/8.2.0/../../../../sh-none-elf/lib/libc.a(lib_a-memmove.o)
                0x0000000006028950                memmove
 .text          0x000000000602898c       0x34 /joe/Compiler/LINUX/bin/../lib/gcc/sh-none-elf/8.2.0/../../../../sh-none-elf/lib/libc.a(lib_a-readr.o)
                0x000000000602898c                _read_r
 .text          0x00000000060289c0      0x100 /joe/Compiler/LINUX/bin/../lib/gcc/sh-none-elf/8.2.0/../../../../sh-none-elf/lib/libc.a(lib_a-reent.o)
                0x00000000060289c0                cleanup_glue
                0x00000000060289ec                _reclaim_reent
 .text          0x0000000006028ac0      0x25c /joe/Compiler/LINUX/bin/../lib/gcc/sh-none-elf/8.2.0/../../../../sh-none-elf/lib/libc.a(lib_a-syscalls.o)
                0x0000000006028b38                _read
                0x0000000006028b48                _lseek
                0x0000000006028b58                _write
                0x0000000006028b68                _close
                0x0000000006028b78                _link
                0x0000000006028b7c                _sbrk
                0x0000000006028bd4                _fstat
                0x0000000006028bde                _open
                0x0000000006028bf0                _creat
                0x0000000006028c00                _unlink
                0x0000000006028c04                isatty
                0x0000000006028c08                _isatty
                0x0000000006028c0c                _exit
                0x0000000006028c1c                _kill
                0x0000000006028c30                _getpid
                0x0000000006028c34                _raise
                0x0000000006028c38                _stat
                0x0000000006028c48                _chmod
                0x0000000006028c58                _chown
                0x0000000006028c68                _utime
                0x0000000006028c7c                _fork
                0x0000000006028c88                _wait
                0x0000000006028c98                _execve
                0x0000000006028ca8                _execv
                0x0000000006028cb8                _pipe
                0x0000000006028cc4                _times
                0x0000000006028cc8                _gettimeofday
                0x0000000006028cf0                __setup_argv_and_call_main
 .text          0x0000000006028d1c       0x14 /joe/Compiler/LINUX/bin/../lib/gcc/sh-none-elf/8.2.0/../../../../sh-none-elf/lib/libc.a(lib_a-trap.o)
                0x0000000006028d1c                __trap34
 .text          0x0000000006028d30       0x18 /joe/Compiler/LINUX/bin/../lib/gcc/sh-none-elf/8.2.0/../../../../sh-none-elf/lib/libc.a(lib_a-abort.o)
                0x0000000006028d30                abort
 .text          0x0000000006028d48      0x1b0 /joe/Compiler/LINUX/bin/../lib/gcc/sh-none-elf/8.2.0/../../../../sh-none-elf/lib/libc.a(lib_a-signal.o)
                0x0000000006028d48                _init_signal_r
                0x0000000006028d84                _signal_r
                0x0000000006028dd0                _raise_r
                0x0000000006028e48                __sigtramp_r
                0x0000000006028eac                raise
                0x0000000006028ec0                signal
                0x0000000006028ed4                _init_signal
                0x0000000006028ee4                __sigtramp
 .text          0x0000000006028ef8       0x40 /joe/Compiler/LINUX/bin/../lib/gcc/sh-none-elf/8.2.0/../../../../sh-none-elf/lib/libc.a(lib_a-signalr.o)
                0x0000000006028ef8                _kill_r
                0x0000000006028f2c                _getpid_r
 .text          0x0000000006028f38       0x80 /joe/Compiler/LINUX/bin/../lib/gcc/sh-none-elf/8.2.0/libgcc.a(_ashiftrt_n.o)
                0x0000000006028f38                __ashrsi3
 .text          0x0000000006028fb8       0xbc /joe/Compiler/LINUX/bin/../lib/gcc/sh-none-elf/8.2.0/libgcc.a(_ashiftlt.o)
                0x0000000006028fb8                __ashlsi3
                0x0000000006028fbc                __ashlsi3_r0
 .text          0x0000000006029074       0xbc /joe/Compiler/LINUX/bin/../lib/gcc/sh-none-elf/8.2.0/libgcc.a(_lshiftrt.o)
                0x0000000006029074                __lshrsi3
                0x0000000006029078                __lshrsi3_r0
 .text          0x0000000006029130      0x258 /joe/Compiler/LINUX/bin/../lib/gcc/sh-none-elf/8.2.0/libgcc.a(_udivdi3.o)
                0x0000000006029130                __udivdi3
 .text          0x0000000006029388      0x2bc /joe/Compiler/LINUX/bin/../lib/gcc/sh-none-elf/8.2.0/libgcc.a(_umoddi3.o)
                0x0000000006029388                __umoddi3
 .text          0x0000000006029644      0x3b4 /joe/Compiler/LINUX/bin/../lib/gcc/sh-none-elf/8.2.0/libgcc.a(_addsub_df.o)
                0x0000000006029954                __adddf3
                0x00000000060299a4                __subdf3
 .text          0x00000000060299f8      0x208 /joe/Compiler/LINUX/bin/../lib/gcc/sh-none-elf/8.2.0/libgcc.a(_mul_df.o)
                0x00000000060299f8                __muldf3
 .text          0x0000000006029c00      0x130 /joe/Compiler/LINUX/bin/../lib/gcc/sh-none-elf/8.2.0/libgcc.a(_div_df.o)
                0x0000000006029c00                __divdf3
 .text          0x0000000006029d30       0x58 /joe/Compiler/LINUX/bin/../lib/gcc/sh-none-elf/8.2.0/libgcc.a(_eq_df.o)
                0x0000000006029d30                __eqdf2
 .text          0x0000000006029d88       0x58 /joe/Compiler/LINUX/bin/../lib/gcc/sh-none-elf/8.2.0/libgcc.a(_ne_df.o)
                0x0000000006029d88                __nedf2
 .text          0x0000000006029de0       0x50 /joe/Compiler/LINUX/bin/../lib/gcc/sh-none-elf/8.2.0/libgcc.a(_gt_df.o)
                0x0000000006029de0                __gtdf2
 .text          0x0000000006029e30       0x50 /joe/Compiler/LINUX/bin/../lib/gcc/sh-none-elf/8.2.0/libgcc.a(_ge_df.o)
                0x0000000006029e30                __gedf2
 .text          0x0000000006029e80       0x58 /joe/Compiler/LINUX/bin/../lib/gcc/sh-none-elf/8.2.0/libgcc.a(_lt_df.o)
                0x0000000006029e80                __ltdf2
 .text          0x0000000006029ed8       0x58 /joe/Compiler/LINUX/bin/../lib/gcc/sh-none-elf/8.2.0/libgcc.a(_le_df.o)
                0x0000000006029ed8                __ledf2
 .text          0x0000000006029f30       0x40 /joe/Compiler/LINUX/bin/../lib/gcc/sh-none-elf/8.2.0/libgcc.a(_unord_df.o)
                0x0000000006029f30                __unorddf2
 .text          0x0000000006029f70       0xa8 /joe/Compiler/LINUX/bin/../lib/gcc/sh-none-elf/8.2.0/libgcc.a(_si_to_df.o)
                0x0000000006029f70                __floatsidf
 .text          0x000000000602a018       0xa4 /joe/Compiler/LINUX/bin/../lib/gcc/sh-none-elf/8.2.0/libgcc.a(_df_to_si.o)
                0x000000000602a018                __fixdfsi
 .text          0x000000000602a0bc        0x0 /joe/Compiler/LINUX/bin/../lib/gcc/sh-none-elf/8.2.0/libgcc.a(_thenan_df.o)
 .text          0x000000000602a0bc       0x88 /joe/Compiler/LINUX/bin/../lib/gcc/sh-none-elf/8.2.0/libgcc.a(_usi_to_df.o)
                0x000000000602a0bc                __floatunsidf
 *fill*         0x000000000602a144        0x4 
 .text          0x000000000602a148       0x60 /joe/Compiler/LINUX/bin/../lib/gcc/sh-none-elf/8.2.0/libgcc.a(_udiv_qrnnd_16.o)
                0x000000000602a148                __udiv_qrnnd_16
 .text          0x000000000602a1a8        0x0 /joe/Compiler/LINUX/bin/../lib/gcc/sh-none-elf/8.2.0/libgcc.a(_clz.o)
 .text          0x000000000602a1a8       0x58 /joe/Compiler/LINUX/bin/../lib/gcc/sh-none-elf/8.2.0/libgcc.a(_clzsi2.o)
                0x000000000602a1a8                __clzsi2
 .text          0x000000000602a200      0x25c /joe/Compiler/LINUX/bin/../lib/gcc/sh-none-elf/8.2.0/libgcc.a(_pack_df.o)
                0x000000000602a200                __pack_d
 .text          0x000000000602a45c       0xcc /joe/Compiler/LINUX/bin/../lib/gcc/sh-none-elf/8.2.0/libgcc.a(_unpack_df.o)
                0x000000000602a45c                __unpack_d
 .text          0x000000000602a528       0xc8 /joe/Compiler/LINUX/bin/../lib/gcc/sh-none-elf/8.2.0/libgcc.a(_fpcmp_parts_df.o)
                0x000000000602a528                __fpcmp_parts_d
 *(.strings)
 *(SEGA_P)
 *(.eh_frame_hdr)
 *(.eh_frame)
 .eh_frame      0x000000000602a5f0       0xa8 /joe/Compiler/LINUX/bin/../lib/gcc/sh-none-elf/8.2.0/libgcc.a(_udivdi3.o)
 .eh_frame      0x000000000602a698       0xdc /joe/Compiler/LINUX/bin/../lib/gcc/sh-none-elf/8.2.0/libgcc.a(_umoddi3.o)
                0x000000000602a774                __etext = .

.text.startup   0x000000000602a780      0xc20
 .text.startup  0x000000000602a780      0xc14 /tmp/cclwNO8B.ltrans0.ltrans.o
                0x000000000602a780                main

SLPROG          0x000000000602b3a0    0x158a0
                0x000000000602b3a0                __slprog_start = .
 *(SLPROG)
 SLPROG         0x000000000602b3a0     0x6540 /joe/Compiler/COMMON/SGL_302j/LIB_ELF/SGLAREA.O
                0x000000000602b3a0                MasterStack
                0x000000000602b3a4                SlaveStack
                0x000000000602b3a8                MaxVertices
                0x000000000602b3aa                MaxPolygons
                0x000000000602b3ac                SortList
                0x000000000602b3b0                SortListSize
                0x000000000602b3b4                TransList
                0x000000000602b3b8                Zbuffer
                0x000000000602b3bc                SpriteBuf
                0x000000000602b3c0                SpriteBufSize
                0x000000000602b3c4                Pbuffer
                0x000000000602b3c8                CommandBuf
                0x000000000602b3cc                CLOfstBuf
                0x000000000602b3d0                PCM_Work
                0x000000000602b3d4                PCM_WkSize
                0x000000000602b3d8                MaxEvents
                0x000000000602b3da                EventSize
                0x000000000602b3dc                MaxWorks
                0x000000000602b3de                WorkSize
                0x000000000602b3e0                RemainEvent
                0x000000000602b4e0                RemainWork
                0x000000000602b8e0                EventBuf
                0x000000000602d8e0                WorkBuf
 SLPROG         0x00000000060318e0     0x411e /joe/Compiler/COMMON/SGL_302j/LIB_ELF/LIBSGL.A(sglA01.o)
                0x00000000060318e0                slSin
                0x0000000006031904                slCos
                0x0000000006031928                GetSinCos
                0x00000000060319bc                sin_cos_index_tbl
                0x00000000060319fc                sin_tbl
 *fill*         0x00000000060359fe        0x2 
 SLPROG         0x0000000006035a00       0x18 /joe/Compiler/COMMON/SGL_302j/LIB_ELF/LIBSGL.A(sglA15.o)
                0x0000000006035a00                slSlaveFunc
 *fill*         0x0000000006035a18        0x8 
 SLPROG         0x0000000006035a20       0xd0 /joe/Compiler/COMMON/SGL_302j/LIB_ELF/LIBSGL.A(sglA16.o)
                0x0000000006035a20                slLookAt
 SLPROG         0x0000000006035af0       0x78 /joe/Compiler/COMMON/SGL_302j/LIB_ELF/LIBSGL.A(sglA17.o)
                0x0000000006035af0                slRotZ
                0x0000000006035afa                slRotZSC
 *fill*         0x0000000006035b68        0x8 
 SLPROG         0x0000000006035b70       0x78 /joe/Compiler/COMMON/SGL_302j/LIB_ELF/LIBSGL.A(sglA18.o)
                0x0000000006035b70                slRotY
                0x0000000006035b7a                slRotYSC
 *fill*         0x0000000006035be8        0x8 
 SLPROG         0x0000000006035bf0       0x78 /joe/Compiler/COMMON/SGL_302j/LIB_ELF/LIBSGL.A(sglA19.o)
                0x0000000006035bf0                slRotX
                0x0000000006035bfa                slRotXSC
 *fill*         0x0000000006035c68        0x8 
 SLPROG         0x0000000006035c70      0x42c /joe/Compiler/COMMON/SGL_302j/LIB_ELF/LIBSGL.A(sglA20.o)
                0x0000000006035c70                slInitMatrix
                0x0000000006035c7a                slPushUnitMatrix
                0x0000000006035c8e                slUnitMatrix
 *fill*         0x000000000603609c        0x4 
 SLPROG         0x00000000060360a0       0x48 /joe/Compiler/COMMON/SGL_302j/LIB_ELF/LIBSGL.A(sglA21.o)
                0x00000000060360a0                slPushMatrix
                0x00000000060360d4                slPopMatrix
                0x00000000060360d4                slDecMatrixPtr
 *fill*         0x00000000060360e8        0x8 
 SLPROG         0x00000000060360f0       0x50 /joe/Compiler/COMMON/SGL_302j/LIB_ELF/LIBSGL.A(sglA27.o)
                0x00000000060360f0                slTranslate
 SLPROG         0x0000000006036140       0x70 /joe/Compiler/COMMON/SGL_302j/LIB_ELF/LIBSGL.A(sglA28.o)
                0x0000000006036140                slScale
 SLPROG         0x00000000060361b0       0x22 /joe/Compiler/COMMON/SGL_302j/LIB_ELF/LIBSGL.A(sglA40.o)
                0x00000000060361b0                slCalcVector
 *fill*         0x00000000060361d2        0xe 
 SLPROG         0x00000000060361e0       0x20 /joe/Compiler/COMMON/SGL_302j/LIB_ELF/LIBSGL.A(sglB001.o)
                0x00000000060361e0                slTVOn
                0x00000000060361ea                slTVOff
 SLPROG         0x0000000006036200       0x24 /joe/Compiler/COMMON/SGL_302j/LIB_ELF/LIBSGL.A(sglB011.o)
                0x0000000006036200                slBitMapNbg1
 *fill*         0x0000000006036224        0xc 
 SLPROG         0x0000000006036230        0x8 /joe/Compiler/COMMON/SGL_302j/LIB_ELF/LIBSGL.A(sglB014.o)
                0x0000000006036230                slScrTransparent
 *fill*         0x0000000006036238        0x8 
 SLPROG         0x0000000006036240      0x40c /joe/Compiler/COMMON/SGL_302j/LIB_ELF/LIBSGL.A(sglB015.o)
                0x0000000006036240                slScrAutoDisp
 *fill*         0x000000000603664c        0x4 
 SLPROG         0x0000000006036650        0xc /joe/Compiler/COMMON/SGL_302j/LIB_ELF/LIBSGL.A(sglB016.o)
                0x0000000006036650                slBack1ColSet
 *fill*         0x000000000603665c        0x4 
 SLPROG         0x0000000006036660       0x10 /joe/Compiler/COMMON/SGL_302j/LIB_ELF/LIBSGL.A(sglB020.o)
                0x0000000006036660                slColorCalc
 SLPROG         0x0000000006036670        0xc /joe/Compiler/COMMON/SGL_302j/LIB_ELF/LIBSGL.A(sglB021.o)
                0x0000000006036670                slColorCalcOn
 *fill*         0x000000000603667c        0x4 
 SLPROG         0x0000000006036680        0xc /joe/Compiler/COMMON/SGL_302j/LIB_ELF/LIBSGL.A(sglB023.o)
                0x0000000006036680                slColRate
 *fill*         0x000000000603668c        0x4 
 SLPROG         0x0000000006036690       0xb0 /joe/Compiler/COMMON/SGL_302j/LIB_ELF/LIBSGL.A(sglB031.o)
                0x0000000006036690                slMapNbg0
 SLPROG         0x0000000006036740       0xb4 /joe/Compiler/COMMON/SGL_302j/LIB_ELF/LIBSGL.A(sglB032.o)
                0x0000000006036740                slMapNbg1
 *fill*         0x00000000060367f4        0xc 
 SLPROG         0x0000000006036800       0xb0 /joe/Compiler/COMMON/SGL_302j/LIB_ELF/LIBSGL.A(sglB033.o)
                0x0000000006036800                slMapNbg2
 SLPROG         0x00000000060368b0       0xb4 /joe/Compiler/COMMON/SGL_302j/LIB_ELF/LIBSGL.A(sglB034.o)
                0x00000000060368b0                slMapNbg3
 *fill*         0x0000000006036964        0xc 
 SLPROG         0x0000000006036970       0xd4 /joe/Compiler/COMMON/SGL_302j/LIB_ELF/LIBSGL.A(sglB035.o)
                0x0000000006036970                sl1MapRA
                0x0000000006036a02                rbank_set
 *fill*         0x0000000006036a44        0xc 
 SLPROG         0x0000000006036a50       0xa0 /joe/Compiler/COMMON/SGL_302j/LIB_ELF/LIBSGL.A(sglB036.o)
                0x0000000006036a50                sl1MapRB
 SLPROG         0x0000000006036af0       0x70 /joe/Compiler/COMMON/SGL_302j/LIB_ELF/LIBSGL.A(sglB038.o)
                0x0000000006036af0                slRparaInitSet
 SLPROG         0x0000000006036b60       0x7e /joe/Compiler/COMMON/SGL_302j/LIB_ELF/LIBSGL.A(sglB039.o)
                0x0000000006036b60                slMakeKtable
 *fill*         0x0000000006036bde        0x2 
 SLPROG         0x0000000006036be0       0x58 /joe/Compiler/COMMON/SGL_302j/LIB_ELF/LIBSGL.A(sglB040.o)
                0x0000000006036be0                slKtableRA
 *fill*         0x0000000006036c38        0x8 
 SLPROG         0x0000000006036c40       0x5c /joe/Compiler/COMMON/SGL_302j/LIB_ELF/LIBSGL.A(sglB041.o)
                0x0000000006036c40                slKtableRB
 *fill*         0x0000000006036c9c        0x4 
 SLPROG         0x0000000006036ca0       0x10 /joe/Compiler/COMMON/SGL_302j/LIB_ELF/LIBSGL.A(sglB042.o)
                0x0000000006036ca0                slCurRpara
 SLPROG         0x0000000006036cb0        0x8 /joe/Compiler/COMMON/SGL_302j/LIB_ELF/LIBSGL.A(sglB043.o)
                0x0000000006036cb0                slRparaMode
 *fill*         0x0000000006036cb8        0x8 
 SLPROG         0x0000000006036cc0      0x4e4 /joe/Compiler/COMMON/SGL_302j/LIB_ELF/LIBSGL.A(sglB044.o)
                0x0000000006036cc0                slScrMatSet
 *fill*         0x00000000060371a4        0xc 
 SLPROG         0x00000000060371b0       0x28 /joe/Compiler/COMMON/SGL_302j/LIB_ELF/LIBSGL.A(sglB045.o)
                0x00000000060371b0                slScrMatConv
 *fill*         0x00000000060371d8        0x8 
 SLPROG         0x00000000060371e0        0xc /joe/Compiler/COMMON/SGL_302j/LIB_ELF/LIBSGL.A(sglB047.o)
                0x00000000060371e0                slOverRA
 *fill*         0x00000000060371ec        0x4 
 SLPROG         0x00000000060371f0       0x10 /joe/Compiler/COMMON/SGL_302j/LIB_ELF/LIBSGL.A(sglB048.o)
                0x00000000060371f0                slOverRB
 SLPROG         0x0000000006037200        0xc /joe/Compiler/COMMON/SGL_302j/LIB_ELF/LIBSGL.A(sglB055.o)
                0x0000000006037200                slPlaneNbg0
 *fill*         0x000000000603720c        0x4 
 SLPROG         0x0000000006037210        0xc /joe/Compiler/COMMON/SGL_302j/LIB_ELF/LIBSGL.A(sglB056.o)
                0x0000000006037210                slPlaneNbg1
 *fill*         0x000000000603721c        0x4 
 SLPROG         0x0000000006037220       0x10 /joe/Compiler/COMMON/SGL_302j/LIB_ELF/LIBSGL.A(sglB057.o)
                0x0000000006037220                slPlaneNbg2
 SLPROG         0x0000000006037230       0x10 /joe/Compiler/COMMON/SGL_302j/LIB_ELF/LIBSGL.A(sglB058.o)
                0x0000000006037230                slPlaneNbg3
 SLPROG         0x0000000006037240        0xc /joe/Compiler/COMMON/SGL_302j/LIB_ELF/LIBSGL.A(sglB059.o)
                0x0000000006037240                slPlaneRA
 *fill*         0x000000000603724c        0x4 
 SLPROG         0x0000000006037250       0x10 /joe/Compiler/COMMON/SGL_302j/LIB_ELF/LIBSGL.A(sglB060.o)
                0x0000000006037250                slPlaneRB
 SLPROG         0x0000000006037260        0xc /joe/Compiler/COMMON/SGL_302j/LIB_ELF/LIBSGL.A(sglB063.o)
                0x0000000006037260                slPriority
 *fill*         0x000000000603726c        0x4 
 SLPROG         0x0000000006037270       0x18 /joe/Compiler/COMMON/SGL_302j/LIB_ELF/LIBSGL.A(sglB087.o)
                0x0000000006037270                slLineScrollTable0
 *fill*         0x0000000006037288        0x8 
 SLPROG         0x0000000006037290        0x8 /joe/Compiler/COMMON/SGL_302j/LIB_ELF/LIBSGL.A(sglB088.o)
                0x0000000006037290                slLineScrollTable1
 *fill*         0x0000000006037298        0x8 
 SLPROG         0x00000000060372a0        0xc /joe/Compiler/COMMON/SGL_302j/LIB_ELF/LIBSGL.A(sglB090.o)
                0x00000000060372a0                slLineScrollMode
 *fill*         0x00000000060372ac        0x4 
 SLPROG         0x00000000060372b0      0x114 /joe/Compiler/COMMON/SGL_302j/LIB_ELF/LIBSGL.A(sglB200.o)
                0x00000000060372b0                slCharRbg0
                0x00000000060372bc                slCharNbg0
                0x00000000060372c8                slCharNbg1
                0x00000000060372d4                slCharNbg2
                0x00000000060372ea                slCharNbg3
                0x0000000006037302                slPageRbg0
                0x0000000006037318                slPageNbg1
                0x0000000006037320                slPageNbg2
                0x0000000006037328                slPageNbg3
                0x0000000006037334                slPageNbg0
 *fill*         0x00000000060373c4        0xc 
 SLPROG         0x00000000060373d0       0x6c /joe/Compiler/COMMON/SGL_302j/LIB_ELF/LIBSGL.A(sglC01.o)
                0x00000000060373d0                slPerspective
 *fill*         0x000000000603743c        0x4 
 SLPROG         0x0000000006037440       0xc4 /joe/Compiler/COMMON/SGL_302j/LIB_ELF/LIBSGL.A(sglC03.o)
                0x0000000006037440                slWindow
 *fill*         0x0000000006037504        0xc 
 SLPROG         0x0000000006037510       0x2c /joe/Compiler/COMMON/SGL_302j/LIB_ELF/LIBSGL.A(sglC04.o)
                0x0000000006037510                slZdspLevel
 *fill*         0x000000000603753c        0x4 
 SLPROG         0x0000000006037540       0x78 /joe/Compiler/COMMON/SGL_302j/LIB_ELF/LIBSGL.A(sglC05.o)
                0x0000000006037540                slSetSprite
 *fill*         0x00000000060375b8        0x8 
 SLPROG         0x00000000060375c0       0xfa /joe/Compiler/COMMON/SGL_302j/LIB_ELF/LIBSGL.A(sglC06.o)
                0x00000000060375c0                slDispSprite
 *fill*         0x00000000060376ba        0x6 
 SLPROG         0x00000000060376c0      0x162 /joe/Compiler/COMMON/SGL_302j/LIB_ELF/LIBSGL.A(sglC07.o)
                0x00000000060376c6                slPutSprite
 *fill*         0x0000000006037822        0xe 
 SLPROG         0x0000000006037830     0x1218 /joe/Compiler/COMMON/SGL_302j/LIB_ELF/LIBSGL.A(sglC08.o)
                0x0000000006037830                slPutPolygon
                0x00000000060384ac                MsCalcDepthFlat
 *fill*         0x0000000006038a48        0x8 
 SLPROG         0x0000000006038a50       0x8c /joe/Compiler/COMMON/SGL_302j/LIB_ELF/LIBSGL.A(sglC14.o)
                0x0000000006038a50                slCurWindow
 *fill*         0x0000000006038adc        0x4 
 SLPROG         0x0000000006038ae0       0x54 /joe/Compiler/COMMON/SGL_302j/LIB_ELF/LIBSGL.A(sglC16.o)
                0x0000000006038ae0                slDynamicFrame
 *fill*         0x0000000006038b34        0xc 
 SLPROG         0x0000000006038b40       0x4c /joe/Compiler/COMMON/SGL_302j/LIB_ELF/LIBSGL.A(sglC17.o)
                0x0000000006038b40                slDispSpriteHV
 *fill*         0x0000000006038b8c        0x4 
 SLPROG         0x0000000006038b90       0xd4 /joe/Compiler/COMMON/SGL_302j/LIB_ELF/LIBSGL.A(sglC19.o)
                0x0000000006038b90                slDispSprite4P
 *fill*         0x0000000006038c64        0xc 
 SLPROG         0x0000000006038c70       0x40 /joe/Compiler/COMMON/SGL_302j/LIB_ELF/LIBSGL.A(sglC20.o)
                0x0000000006038c70                SpriteEntry
 SLPROG         0x0000000006038cb0      0x4ae /joe/Compiler/COMMON/SGL_302j/LIB_ELF/LIBSGL.A(sglC21.o)
                0x0000000006038d38                RotSprite
                0x0000000006038dc6                SetSprPosition
 *fill*         0x000000000603915e        0x2 
 SLPROG         0x0000000006039160       0x84 /joe/Compiler/COMMON/SGL_302j/LIB_ELF/LIBSGL.A(sglD00.o)
                0x0000000006039160                slDMACopy
                0x0000000006039160                slCpuDMACopy
                0x00000000060391ba                slCashPurge
                0x00000000060391ba                CSH_AllClr
 *fill*         0x00000000060391e4        0xc 
 SLPROG         0x00000000060391f0       0xa0 /joe/Compiler/COMMON/SGL_302j/LIB_ELF/LIBSGL.A(sglD01.o)
                0x00000000060391f0                slDMAXCopy
 SLPROG         0x0000000006039290       0x10 /joe/Compiler/COMMON/SGL_302j/LIB_ELF/LIBSGL.A(sglD02.o)
                0x0000000006039290                slDMAWait
 SLPROG         0x00000000060392a0        0xc /joe/Compiler/COMMON/SGL_302j/LIB_ELF/LIBSGL.A(sglD03.o)
                0x00000000060392a0                slDMAStatus
 *fill*         0x00000000060392ac        0x4 
 SLPROG         0x00000000060392b0       0x20 /joe/Compiler/COMMON/SGL_302j/LIB_ELF/LIBSGL.A(sglD15.o)
                0x00000000060392b0                CSH_Purge
 SLPROG         0x00000000060392d0       0x84 /joe/Compiler/COMMON/SGL_302j/LIB_ELF/LIBSGL.A(sglD16.o)
                0x00000000060392d0                DMA_ScuSetPrm
                0x0000000006039318                DMA_SCU_PRM0
 *fill*         0x0000000006039354        0xc 
 SLPROG         0x0000000006039360       0x88 /joe/Compiler/COMMON/SGL_302j/LIB_ELF/LIBSGL.A(sglD17.o)
                0x0000000006039360                DMA_ScuStart
 *fill*         0x00000000060393e8        0x8 
 SLPROG         0x00000000060393f0       0x34 /joe/Compiler/COMMON/SGL_302j/LIB_ELF/LIBSGL.A(sglD18.o)
                0x00000000060393f0                DMA_ScuGetStatus
 *fill*         0x0000000006039424        0xc 
 SLPROG         0x0000000006039430       0x34 /joe/Compiler/COMMON/SGL_302j/LIB_ELF/LIBSGL.A(sglF08.o)
                0x0000000006039430                slDec2Hex
 *fill*         0x0000000006039464        0xc 
 SLPROG         0x0000000006039470      0xfc8 /joe/Compiler/COMMON/SGL_302j/LIB_ELF/LIBSGL.A(sglH00.o)
                0x0000000006039488                slGetPortDir1
                0x0000000006039490                slGetPortDir2
                0x0000000006039498                slSetPortDir1
                0x00000000060394c2                slSetPortDir2
                0x00000000060394fc                slGetPortData1
                0x0000000006039504                slGetPortData2
                0x000000000603950c                slSetPortData1
                0x0000000006039516                slSetPortData2
                0x0000000006039528                slGetPortSelect1
                0x0000000006039532                slGetPortSelect2
                0x000000000603953c                slSetPortSelect1
                0x0000000006039570                slSetPortSelect2
                0x00000000060395ac                slGetPortExt1
                0x00000000060395b6                slGetPortExt2
                0x00000000060395c0                slSetPortExt1
                0x00000000060395f0                slSetPortExt2
                0x0000000006039764                slSmpcDirectAccess
                0x00000000060397e4                slInitPeripheral
                0x0000000006039876                slSetResultBuffer
                0x0000000006039902                slCheckIntBackSet
                0x000000000603990e                slIntBackCancel
                0x0000000006039938                slCheckReset
                0x0000000006039942                slClearReset
                0x0000000006039b08                slSmpcCashSend
                0x0000000006039bc4                slSmpcCashBlow
                0x0000000006039ca0                slGetOptimize
                0x0000000006039caa                slSetOptimize
                0x0000000006039cd0                slGetPortMode1
                0x0000000006039cdc                slGetPortMode2
                0x0000000006039cea                slSetPortMode1
                0x0000000006039d28                slSetPortMode2
                0x0000000006039eb4                slRequestCommand
                0x0000000006039f24                Smpc_Status
                0x0000000006039f28                Smpc_Result
                0x0000000006039f2c                Smpc_Peripheral
                0x0000000006039f32                Per_Connect1
                0x0000000006039f33                Per_Connect2
                0x0000000006039f54                SmpcStatusBuf
 *fill*         0x000000000603a438        0x8 
 SLPROG         0x000000000603a440       0xa8 /joe/Compiler/COMMON/SGL_302j/LIB_ELF/LIBSGL.A(sglH01.o)
                0x000000000603a440                slGetLanguage
                0x000000000603a44a                slSetLanguage
                0x000000000603a46c                slGetSoundEffect
                0x000000000603a478                slSetSoundEffect
                0x000000000603a494                slGetSoundOutput
                0x000000000603a4a0                slSetSoundOutput
                0x000000000603a4bc                slGetHelpWindow
                0x000000000603a4c8                slSetHelpWindow
 *fill*         0x000000000603a4e8        0x8 
 SLPROG         0x000000000603a4f0      0x470 /joe/Compiler/COMMON/SGL_302j/LIB_ELF/LIBSGL.A(sglH02.o)
                0x000000000603a8e0                smpc_pfr_tbl
                0x000000000603a920                smpc_ptf_tbl
 SLPROG         0x000000000603a960       0x60 /joe/Compiler/COMMON/SGL_302j/LIB_ELF/LIBSGL.A(sglH04.o)
                0x000000000603a960                slComPrmIntBack
                0x000000000603a974                slComPrmSetMemory
                0x000000000603a98a                slComPrmSetTime
 SLPROG         0x000000000603a9c0      0x3a4 /joe/Compiler/COMMON/SGL_302j/LIB_ELF/LIBSGL.A(sglI01.o)
                0x000000000603a9c0                slInitSynch
                0x000000000603a9da                slSynch
                0x000000000603aad0                slRandom
                0x000000000603aaee                PCM_EndCheck
                0x000000000603abaa                RetPCMBuf
                0x000000000603ac44                PCM_Buf
                0x000000000603ace4                Sound_Buf
 *fill*         0x000000000603ad64        0xc 
 SLPROG         0x000000000603ad70       0x10 /joe/Compiler/COMMON/SGL_302j/LIB_ELF/LIBSGL.A(sglI04.o)
                0x000000000603ad70                slIntFunction
 SLPROG         0x000000000603ad80       0x74 /joe/Compiler/COMMON/SGL_302j/LIB_ELF/LIBSGL.A(sglJ00.o)
                0x000000000603ad80                InitSlaveSH
                0x000000000603ade8                SlaveCommand
 *fill*         0x000000000603adf4        0xc 
 SLPROG         0x000000000603ae00      0x3d0 /joe/Compiler/COMMON/SGL_302j/LIB_ELF/LIBSGL.A(sglJ01.o)
                0x000000000603ae00                SlaveControl
                0x000000000603b1bc                ErasePolygonData
 SLPROG         0x000000000603b1d0     0x12b8 /joe/Compiler/COMMON/SGL_302j/LIB_ELF/LIBSGL.A(sglJ02.o)
                0x000000000603b1d0                sbMakePolygon
                0x000000000603b3b8                sbCalcPolygon
                0x000000000603c0f0                SetTexture
                0x000000000603c0fc                SetPolygon
                0x000000000603c104                SetPosition
                0x000000000603c13c                stvtc_4
                0x000000000603c1f4                stvtc_3
                0x000000000603c404                stvtc_1
                0x000000000603c418                stvtc_2
                0x000000000603c42c                stvtc_0
 *fill*         0x000000000603c488        0x8 
 SLPROG         0x000000000603c490      0x140 /joe/Compiler/COMMON/SGL_302j/LIB_ELF/LIBSGL.A(sglJ03.o)
                0x000000000603c490                sbMakeDMATable
 SLPROG         0x000000000603c5d0      0x470 /joe/Compiler/COMMON/SGL_302j/LIB_ELF/LIBSGL.A(sglJ04.o)
                0x000000000603c62e                sbMakeSprite
                0x000000000603c694                sbMakeRotSprite
 SLPROG         0x000000000603ca40       0x3c /joe/Compiler/COMMON/SGL_302j/LIB_ELF/LIBSGL.A(sglJ05.o)
                0x000000000603ca40                sbSortEntry
 *fill*         0x000000000603ca7c        0x4 
 SLPROG         0x000000000603ca80      0x4b8 /joe/Compiler/COMMON/SGL_302j/LIB_ELF/LIBSGL.A(sglM00.o)
                0x000000000603ca80                slInitGouraud
                0x000000000603cb74                slPutPolygonX
                0x000000000603cbba                slGouraudTblCopy
                0x000000000603cc12                slSetGouraudTbl
                0x000000000603cc18                slSetGouraudColor
                0x000000000603cc90                slSetAmbient
                0x000000000603ccb4                slSetFlatColor
 *fill*         0x000000000603cf38        0x8 
 SLPROG         0x000000000603cf40       0x6a /joe/Compiler/COMMON/SGL_302j/LIB_ELF/LIBSGL.A(sglM01.o)
                0x000000000603cf40                slSetDepthLimit
                0x000000000603cf6c                slSetDepthTbl
                0x000000000603cf9c                DepthWorkArea
 *fill*         0x000000000603cfaa        0x6 
 SLPROG         0x000000000603cfb0       0x20 /joe/Compiler/COMMON/SGL_302j/LIB_ELF/LIBSGL.A(sglA00.o)
                0x000000000603cfb0                set_imask
                0x000000000603cfb0                _builtin_set_imask
                0x000000000603cfc4                get_imask
                0x000000000603cfc4                _builtin_get_imask
 SLPROG         0x000000000603cfd0     0x215c /joe/Compiler/COMMON/SGL_302j/LIB_ELF/LIBSGL.A(sglA03.o)
                0x000000000603cfd0                slTan
 *fill*         0x000000000603f12c        0x4 
 SLPROG         0x000000000603f130       0x34 /joe/Compiler/COMMON/SGL_302j/LIB_ELF/LIBSGL.A(sglA10.o)
                0x000000000603f130                slSquartDbl
 *fill*         0x000000000603f164        0xc 
 SLPROG         0x000000000603f170      0x3c2 /joe/Compiler/COMMON/SGL_302j/LIB_ELF/LIBSGL.A(sglA24.o)
                0x000000000603f170                slInversMatrix
 *fill*         0x000000000603f532        0xe 
 SLPROG         0x000000000603f540       0x24 /joe/Compiler/COMMON/SGL_302j/LIB_ELF/LIBSGL.A(sglA25.o)
                0x000000000603f540                slTransposeMatrix
 *fill*         0x000000000603f564        0xc 
 SLPROG         0x000000000603f570      0xbd0 /joe/Compiler/COMMON/SGL_302j/LIB_ELF/LIBSGL.A(sglB000.o)
                0x000000000603f570                slInitScroll
                0x000000000603f690                setASC_1to8
                0x000000000603f6c0                setASC_4to8
                0x000000000603f7d0                TVSizeTbl
                0x000000000603f850                TVModeTbl
                0x000000000603fa28                SGL_ASCII_CG
 SLPROG         0x0000000006040140      0x134 /joe/Compiler/COMMON/SGL_302j/LIB_ELF/LIBSGL.A(sglC00.o)
                0x0000000006040140                slInitSprite
 *fill*         0x0000000006040274        0xc 
 SLPROG         0x0000000006040280       0xac /joe/Compiler/COMMON/SGL_302j/LIB_ELF/LIBSGL.A(sglC13.o)
                0x0000000006040280                slPutPolygonS
 *fill*         0x000000000604032c        0x4 
 SLPROG         0x0000000006040330       0xc0 /joe/Compiler/COMMON/SGL_302j/LIB_ELF/LIBSGL.A(sglD19.o)
                0x0000000006040330                DMA_ScuMemCopy
 SLPROG         0x00000000060403f0      0x75c /joe/Compiler/COMMON/SGL_302j/LIB_ELF/LIBSGL.A(sglI00.o)
                0x00000000060406e0                slInitInterrupt
 *fill*         0x0000000006040b4c        0x4 
 SLPROG         0x0000000006040b50       0xf0 /joe/Compiler/COMMON/SGL_302j/LIB_ELF/LIBSGL.A(sglH03.o)
                0x0000000006040bb4                slSmpcIntBack