Archive member included to satisfy reference by file (symbol)

/joe/Compiler/COMMON/SGL_302j/LIB_ELF/SEGA_SYS.A(sys_exit.o)
                              jo_engine/core.o (symbol from plugin) (SYS_Exit)
/joe/Compiler/COMMON/SGL_302j/LIB_ELF/SEGA_SYS.A(sys_sub.o)
                              /joe/Compiler/COMMON/SGL_302j/LIB_ELF/SEGA_SYS.A(sys_exit.o) (SYSUB_SetStackptr)
/joe/Compiler/COMMON/SGL_302j/LIB_ELF/LIBCD.A(CDC_CMN.O)
                              /joe/Compiler/COMMON/SGL_302j/LIB_ELF/SEGA_SYS.A(sys_exit.o) (CDC_GetCurStat)
/joe/Compiler/COMMON/SGL_302j/LIB_ELF/LIBCD.A(CDC_DRV.O)
                              pcmsys.o (symbol from plugin) (CDC_CdPlay)
/joe/Compiler/COMMON/SGL_302j/LIB_ELF/LIBCD.A(CDC_CFS.O)
                              /joe/Compiler/COMMON/SGL_302j/LIB_ELF/SEGA_SYS.A(sys_exit.o) (CDC_ChgDir)
/joe/Compiler/COMMON/SGL_302j/LIB_ELF/LIBCD.A(CDC_REG.O)
                              /joe/Compiler/COMMON/SGL_302j/LIB_ELF/SEGA_SYS.A(sys_exit.o) (CDC_GetHirqReq)
/joe/Compiler/COMMON/SGL_302j/LIB_ELF/LIBCD.A(CDC_SUB.O)
                              /joe/Compiler/COMMON/SGL_302j/LIB_ELF/LIBCD.A(CDC_CMN.O) (CDSUB_UpdStatus)
/joe/Compiler/COMMON/SGL_302j/LIB_ELF/LIBCD.A(GFS.O)
                              pcmsys.o (symbol from plugin) (GFS_Init)
/joe/Compiler/COMMON/SGL_302j/LIB_ELF/LIBCD.A(GFS_BUF.O)
                              /joe/Compiler/COMMON/SGL_302j/LIB_ELF/LIBCD.A(GFS.O) (GFBF_GetNumData)
/joe/Compiler/COMMON/SGL_302j/LIB_ELF/LIBCD.A(GFS_CDB.O)
                              /joe/Compiler/COMMON/SGL_302j/LIB_ELF/LIBCD.A(GFS.O) (GFCB_Close)
/joe/Compiler/COMMON/SGL_302j/LIB_ELF/LIBCD.A(GFS_CDC.O)
                              /joe/Compiler/COMMON/SGL_302j/LIB_ELF/LIBCD.A(GFS.O) (GFCD_SetCdbfs)
/joe/Compiler/COMMON/SGL_302j/LIB_ELF/LIBCD.A(GFS_CDF.O)
                              /joe/Compiler/COMMON/SGL_302j/LIB_ELF/LIBCD.A(GFS.O) (GFCF_Init)
/joe/Compiler/COMMON/SGL_302j/LIB_ELF/LIBCD.A(GFS_DIR.O)
                              /joe/Compiler/COMMON/SGL_302j/LIB_ELF/LIBCD.A(GFS.O) (GFDR_SetupDirTbl)
/joe/Compiler/COMMON/SGL_302j/LIB_ELF/LIBCD.A(GFS_TRN.O)
                              /joe/Compiler/COMMON/SGL_302j/LIB_ELF/LIBCD.A(GFS.O) (GFTR_Setup)
/joe/Compiler/COMMON/SGL_302j/LIB_ELF/LIBCD.A(CDC_DEV.O)
                              /joe/Compiler/COMMON/SGL_302j/LIB_ELF/LIBCD.A(GFS_CDC.O) (CDC_CdSetCon)
/joe/Compiler/COMMON/SGL_302j/LIB_ELF/LIBCD.A(CDC_SEL.O)
                              /joe/Compiler/COMMON/SGL_302j/LIB_ELF/LIBCD.A(GFS_CDC.O) (CDC_SetFiltRange)
/joe/Compiler/COMMON/SGL_302j/LIB_ELF/LIBCD.A(CDC_BIF.O)
                              /joe/Compiler/COMMON/SGL_302j/LIB_ELF/LIBCD.A(GFS_CDC.O) (CDC_GetBufSiz)
/joe/Compiler/COMMON/SGL_302j/LIB_ELF/LIBCD.A(CDC_BIO.O)
                              /joe/Compiler/COMMON/SGL_302j/LIB_ELF/LIBCD.A(GFS_CDC.O) (CDC_SetSctLen)
/joe/Compiler/COMMON/SGL_302j/LIB_ELF/LIBSGL.A(sglA01.o)
                              jo_engine/math.o (symbol from plugin) (slSin)
/joe/Compiler/COMMON/SGL_302j/LIB_ELF/LIBSGL.A(sglA15.o)
                              jo_engine/slave.o (symbol from plugin) (slSlaveFunc)
/joe/Compiler/COMMON/SGL_302j/LIB_ELF/LIBSGL.A(sglA16.o)
                              main.o (symbol from plugin) (slLookAt)
/joe/Compiler/COMMON/SGL_302j/LIB_ELF/LIBSGL.A(sglA17.o)
                              /joe/Compiler/COMMON/SGL_302j/LIB_ELF/LIBSGL.A(sglA16.o) (slRotZ)
/joe/Compiler/COMMON/SGL_302j/LIB_ELF/LIBSGL.A(sglA18.o)
                              main.o (symbol from plugin) (slRotY)
/joe/Compiler/COMMON/SGL_302j/LIB_ELF/LIBSGL.A(sglA19.o)
                              main.o (symbol from plugin) (slRotX)
/joe/Compiler/COMMON/SGL_302j/LIB_ELF/LIBSGL.A(sglA20.o)
                              main.o (symbol from plugin) (slUnitMatrix)
/joe/Compiler/COMMON/SGL_302j/LIB_ELF/LIBSGL.A(sglA21.o)
                              main.o (symbol from plugin) (slPushMatrix)
/joe/Compiler/COMMON/SGL_302j/LIB_ELF/LIBSGL.A(sglA27.o)
                              /joe/Compiler/COMMON/SGL_302j/LIB_ELF/LIBSGL.A(sglA16.o) (slTranslate)
/joe/Compiler/COMMON/SGL_302j/LIB_ELF/LIBSGL.A(sglA28.o)
                              main.o (symbol from plugin) (slScale)
/joe/Compiler/COMMON/SGL_302j/LIB_ELF/LIBSGL.A(sglA40.o)
                              main.o (symbol from plugin) (slCalcVector)
/joe/Compiler/COMMON/SGL_302j/LIB_ELF/LIBSGL.A(sglB001.o)
                              main.o (symbol from plugin) (slTVOn)
/joe/Compiler/COMMON/SGL_302j/LIB_ELF/LIBSGL.A(sglB011.o)
                              jo_engine/vdp2.o (symbol from plugin) (slBitMapNbg1)
/joe/Compiler/COMMON/SGL_302j/LIB_ELF/LIBSGL.A(sglB014.o)
                              jo_engine/vdp2.o (symbol from plugin) (slScrTransparent)
/joe/Compiler/COMMON/SGL_302j/LIB_ELF/LIBSGL.A(sglB015.o)
                              jo_engine/vdp2.o (symbol from plugin) (slScrAutoDisp)
/joe/Compiler/COMMON/SGL_302j/LIB_ELF/LIBSGL.A(sglB016.o)
[...]
Memory Configuration

Name             Origin             Length             Attributes
*default*        0x0000000000000000 0xffffffffffffffff

Linker script and memory map


SLSTART         0x0000000006004000       0x30
                0x0000000006004000                ___Start = .
 *(SLSTART)
 SLSTART        0x0000000006004000       0x28 /joe/Compiler/COMMON/SGL_302j/LIB_ELF/LIBSGL.A(sglI00.o)
                0x0000000006004000                SGL_Start
                0x0000000006004002                slStartSGL

.text           0x0000000006004040    0x26500
 *(.text)
 .text          0x0000000006004040        0x0 /joe/Compiler/COMMON/SGL_302j/LIB_ELF/SGLAREA.O
 .text          0x0000000006004040     0x8088 /tmp/ccSQorQF.ltrans0.ltrans.o
                0x0000000006004684                jo_sprite_draw.constprop.39
                0x00000000060047c8                jo_nbg2_print.constprop.38
                0x0000000006004854                render_CLUT_sprite_MESH.constprop.37
                0x00000000060048a0                __jo_core_set_screens_order.constprop.36
                0x0000000006004970                CDDAPlaySingle.constprop.31
                0x00000000060049ac                jo_free
                0x00000000060049d4                jo_vdp2_clear_bitmap_nbg1.constprop.23
                0x0000000006004a44                jo_backup_unmount.constprop.12
                0x0000000006004adc                jo_vdp2_malloc
                0x0000000006004c80                jo_vdp2_free
                0x0000000006004e78                jo_vdp2_disable_rbg0
                0x0000000006005058                __jo_create_map.lto_priv.573
                0x00000000060050d0                jo_img_to_vdp2_cells
                0x0000000006005178                jo_set_default_background_color
                0x00000000060053a8                jo_sprite_free_from
                0x00000000060055e0                jo_strlen
                0x0000000006005644                jo_getdate
                0x0000000006005718                jo_malloc_with_behaviour
                0x0000000006005d6c                load_textures.constprop.25
                0x0000000006005da8                jo_backup_mount.constprop.7
                0x0000000006005fbc                jo_random
                0x000000000600602c                jo_atan2f_rad
                0x00000000060061f0                load_binary.constprop.29
                0x0000000006006d20                jo_fixed_cos
                0x0000000006006d7c                jo_fixed_sin
                0x00000000060071cc                __jo_tga_any_loader
                0x0000000006007394                jo_sprite_add_tga.constprop.24
                0x0000000006007508                _realloc_r
                0x00000000060075ac                _calloc_r
                0x00000000060075e0                _free_r
                0x0000000006007610                _malloc_r
                0x0000000006007684                mnet_send_remove_local_player
                0x0000000006007700                mnet_tick
                0x0000000006008dd4                lobby_screen
                0x000000000600a524                connecting_screen
 .text          0x000000000600c0c8     0xd480 /tmp/ccSQorQF.ltrans1.ltrans.o
                0x000000000600cefc                my_vblank
                0x000000000600f790                load_16bit_pcm
                0x000000000600f8f0                pcm_cease
                0x000000000600f918                pcm_play
                0x000000000601354c                init_3d_planes
                0x0000000006013a8c                load_trackmap
                0x0000000006013ac8                load_preview
                0x0000000006013b04                load_level
                0x0000000006014778                load_car
                0x0000000006015fa8                gameLoop
 .text          0x0000000006019548     0x3028 /tmp/ccSQorQF.ltrans2.ltrans.o
                0x0000000006019548                saturn_transport_send.lto_priv.451
                0x00000000060195a0                saturn_transport_rx_byte.lto_priv.450
                0x00000000060195b4                saturn_transport_rx_ready.lto_priv.449
                0x00000000060195d0                draw_powerups
                0x00000000060196d8                create_particles
                0x00000000060197ac                computeLight
                0x000000000601981c                create_player
                0x0000000006019a5c                set_player_position
                0x0000000006019ba4                getSeconds
                0x0000000006019c28                apply_player_gravity
                0x0000000006019c80                init_1p_display
                0x0000000006019d08                init_2p_display
                0x0000000006019d98                stop_engine_sound
                0x0000000006019e04                stop_sounds
                0x0000000006019e84                reset_to_last_checkpoint
                0x0000000006019f7c                reset_demo
                0x000000000601a184                render_CLUT_sprite
                0x000000000601a1d4                ztClearText
                0x000000000601a220                transition_to_end_level
                0x000000000601a3b0                mmm_get_p2_port
                0x000000000601a88c                saturn_uart_puts.lto_priv.441
                0x000000000601a8e0                modem_read_line.lto_priv.442
                0x000000000601aa90                modem_escape_to_command.lto_priv.445.lto_priv.447
                0x000000000601b11c                saturn_uart_init.lto_priv.443
                0x000000000601b1d4                saturn_uart_set_baud.lto_priv.444
                0x000000000601ba08                saturn_uart_flush_rx.lto_priv.448
                0x000000000601ba54                saturn_uart_loopback_test.lto_priv.453.lto_priv.455
                0x000000000601bb1c                saturn_uart_read_raw.lto_priv.456.lto_priv.458
                0x000000000601bb98                saturn_uart_getc_timeout.lto_priv.459.lto_priv.461
                0x000000000601bbcc                saturn_uart_getc.lto_priv.462.lto_priv.464
                0x000000000601bbf8                saturn_uart_putc.lto_priv.465.lto_priv.467
                0x000000000601bc34                saturn_uart_read_iir.lto_priv.468.lto_priv.470
                0x000000000601bc4c                saturn_uart_read_msr.lto_priv.471.lto_priv.473
                0x000000000601bc6c                saturn_uart_read_lsr.lto_priv.474.lto_priv.476
                0x000000000601bc88                saturn_uart_clear_errors.lto_priv.477.lto_priv.479
                0x000000000601bca8                saturn_uart_rx_error.lto_priv.480.lto_priv.482
                0x000000000601bcc8                saturn_uart_rx_ready.lto_priv.483.lto_priv.485
                0x000000000601bce4                saturn_uart_tx_ready.lto_priv.486.lto_priv.488
                0x000000000601bdc4                saturn_uart_detect.lto_priv.328
                0x000000000601be50                saturn_uart_reg_write.lto_priv.489.lto_priv.491
                0x000000000601be68                saturn_uart_reg_read.lto_priv.492.lto_priv.494
                0x000000000601be84                saturn_netlink_smpc_disable.lto_priv.495.lto_priv.497
                0x000000000601beb0                saturn_netlink_smpc_enable.lto_priv.452
                0x000000000601bf3c                saturn_smpc_command.lto_priv.498.lto_priv.500
                0x000000000601bf64                mnet_encode_lap_complete.lto_priv.341.lto_priv.344
                0x000000000601bf8c                mnet_encode_client_log.lto_priv.337.lto_priv.340
                0x000000000601c034                mnet_encode_leaderboard_req.lto_priv.345.lto_priv.348
                0x000000000601c044                mnet_encode_remove_local_player.lto_priv.349.lto_priv.352
                0x000000000601c054                mnet_encode_add_local_player.lto_priv.329.lto_priv.332
                0x000000000601c0d8                mnet_encode_powerup_pickup.lto_priv.353.lto_priv.356
                0x000000000601c0ec                mnet_encode_player_state_p2.lto_priv.357.lto_priv.360
                0x000000000601c184                mnet_encode_player_state.lto_priv.361.lto_priv.364
                0x000000000601c214                mnet_encode_input_state_p2.lto_priv.365.lto_priv.368
                0x000000000601c240                mnet_encode_input_state.lto_priv.369.lto_priv.372
                0x000000000601c268                mnet_encode_car_select.lto_priv.373.lto_priv.376
                0x000000000601c27c                mnet_encode_start_game.lto_priv.377.lto_priv.380
                0x000000000601c28c                mnet_encode_ready.lto_priv.381.lto_priv.384
                0x000000000601c29c                mnet_encode_heartbeat.lto_priv.385.lto_priv.388
                0x000000000601c2ac                mnet_encode_disconnect.lto_priv.389.lto_priv.392
                0x000000000601c2bc                mnet_encode_set_username.lto_priv.333.lto_priv.336
                0x000000000601c33c                mnet_encode_connect_uuid.lto_priv.393.lto_priv.396
                0x000000000601c35c                mnet_encode_connect.lto_priv.397.lto_priv.400
                0x000000000601c36c                mnet_read_string.lto_priv.401.lto_priv.404
                0x000000000601c3b4                mnet_rx_poll.lto_priv.405.lto_priv.440
                0x000000000601c464                mnet_rx_init.lto_priv.408.lto_priv.411
                0x000000000601c474                mnet_send_frame.lto_priv.412.lto_priv.415
                0x000000000601c4b4                net_transport_is_connected.lto_priv.416.lto_priv.419
                0x000000000601c4cc                net_transport_send.lto_priv.420.lto_priv.423
                0x000000000601c4e0                net_transport_rx_byte.lto_priv.424.lto_priv.427
                0x000000000601c4f4                net_transport_rx_ready.lto_priv.428.lto_priv.431
                0x000000000601c508                get_gbr.lto_priv.53.lto_priv.77
                0x000000000601c510                set_gbr.lto_priv.78.lto_priv.102
                0x000000000601c518                get_vbr.lto_priv.103.lto_priv.127
                0x000000000601c520                set_vbr.lto_priv.128.lto_priv.152
                0x000000000601c528                set_imask.lto_priv.153.lto_priv.177
                0x000000000601c53c                get_imask.lto_priv.178.lto_priv.202
                0x000000000601c548                get_sr.lto_priv.203.lto_priv.227
                0x000000000601c550                set_sr.lto_priv.228.lto_priv.252
                0x000000000601c558                tas.lto_priv.253.lto_priv.277
                0x000000000601c560                sleep.lto_priv.278.lto_priv.302
                0x000000000601c568                nop.lto_priv.303.lto_priv.327
 .text          0x000000000601c570      0x238 /joe/Compiler/COMMON/SGL_302j/LIB_ELF/SEGA_SYS.A(sys_exit.o)
                0x000000000601c570                sys_version
                0x000000000601c590                SYS_Exit
 *fill*         0x000000000601c7a8        0x8 
 .text          0x000000000601c7b0        0x6 /joe/Compiler/COMMON/SGL_302j/LIB_ELF/SEGA_SYS.A(sys_sub.o)
                0x000000000601c7b0                SYSUB_SetStackptr
 *fill*         0x000000000601c7b6        0xa 
 .text          0x000000000601c7c0      0x3a0 /joe/Compiler/COMMON/SGL_302j/LIB_ELF/LIBCD.A(CDC_CMN.O)
                0x000000000601c7c0                CDC_GetCurStat
                0x000000000601c810                CDC_GetLastStat
                0x000000000601c828                CDC_GetPeriStat
                0x000000000601c8fc                CDC_GetHwInfo
                0x000000000601c964                CDC_TgetToc
                0x000000000601c9b4                CDC_GetSes
                0x000000000601c9f0                CDC_CdInit
                0x000000000601ca74                CDC_CdOpen
                0x000000000601ca9c                CDC_DataReady
                0x000000000601cb08                CDC_DataEnd
 .text          0x000000000601cb60      0x130 /joe/Compiler/COMMON/SGL_302j/LIB_ELF/LIBCD.A(CDC_DRV.O)
                0x000000000601cb60                CDC_CdPlay
                0x000000000601cc2c                CDC_CdSeek
                0x000000000601cc60                CDC_CdScan
 .text          0x000000000601cc90      0x194 /joe/Compiler/COMMON/SGL_302j/LIB_ELF/LIBCD.A(CDC_CFS.O)
                0x000000000601cc90                CDC_ChgDir
                0x000000000601ccc4                CDC_ReadDir
                0x000000000601ccf8                CDC_GetFileScope
                0x000000000601cd58                CDC_TgetFileInfo
                0x000000000601cdb4                CDC_ReadFile
                0x000000000601cde8                CDC_AbortFile
 *fill*         0x000000000601ce24        0xc 
 .text          0x000000000601ce30      0x2dc /joe/Compiler/COMMON/SGL_302j/LIB_ELF/LIBCD.A(CDC_REG.O)
                0x000000000601ce30                CDC_GetDataPtr
                0x000000000601ce40                CDC_GetHirqReq
                0x000000000601ce54                CDC_ClrHirqReq
                0x000000000601ce84                CDREG_ClrHirqReq
                0x000000000601ce94                CDREG_InitHirqReq
                0x000000000601cebc                CDREG_SetHirqFlag
                0x000000000601ced0                CDC_GetHirqMsk
                0x000000000601cee4                CDC_SetHirqMsk
                0x000000000601cef4                CDC_GetMpegPtr
                0x000000000601cf04                CDREG_TgetData
                0x000000000601cf60                CDREG_CmdRsp
                0x000000000601d060                CDREG_WaitHirq
                0x000000000601d0d0                CDREG_ReadRsp
 *fill*         0x000000000601d10c        0x4 
 .text          0x000000000601d110      0x152 /joe/Compiler/COMMON/SGL_302j/LIB_ELF/LIBCD.A(CDC_SUB.O)
                0x000000000601d110                CDSUB_UpdStatus
                0x000000000601d128                CDSUB_UpdCdstat
                0x000000000601d148                CDSUB_CdCmd
                0x000000000601d1b8                CDSUB_GetCdstat
                0x000000000601d1f8                CDSUB_RspToCdstat
                0x000000000601d240                CDSUB_SoftTimer
 *fill*         0x000000000601d262        0xe 
 .text          0x000000000601d270     0x1adc /joe/Compiler/COMMON/SGL_302j/LIB_ELF/LIBCD.A(GFS.O)
                0x000000000601d270                gfs_version
                0x000000000601d290                GFS_Init
                0x000000000601d378                GFS_LoadDir
                0x000000000601d420                GFS_SetDir
                0x000000000601d488                GFS_NameToId
                0x000000000601d4ec                GFS_IdToName
                0x000000000601d558                GFS_GetDirInfo
                0x000000000601d5c8                GFS_Reset
                0x000000000601d64c                GFS_Open
                0x000000000601d700                GFS_Close
                0x000000000601d738                GFS_Seek
                0x000000000601d7ec                GFS_Tell
                0x000000000601d83c                GFS_IsEof
                0x000000000601d890                GFS_ByteToSct
                0x000000000601d8ec                GFS_GetFileSize
                0x000000000601d948                GFS_GetFileInfo
                0x000000000601d9bc                GFS_GetNumCdbuf
                0x000000000601d9e4                GFS_Load
                0x000000000601daa8                GFS_Fread
                0x000000000601db44                gfs_waitRead
                0x000000000601dbec                GFS_NwFread
                0x000000000601dcf8                GFS_NwCdRead
                0x000000000601dd70                GFS_NwIsComplete
                0x000000000601dda8                GFS_NwStop
                0x000000000601de14                GFS_NwGetStat
                0x000000000601de90                gfs_recovRdErr
                0x000000000601dec0                GFS_NwExecOne
                0x000000000601df80                GFS_NwExecServer
                0x000000000601dffc                GFS_SetGmode
                0x000000000601e060                GFS_SetTmode
                0x000000000601e0cc                GFS_SetReadPara
                0x000000000601e130                GFS_SetTransPara
                0x000000000601e19c                GFS_SetTrFunc
                0x000000000601e200                GFS_StartTrans
                0x000000000601e24c                GFS_CdMovePickup
                0x000000000601e2b8                GFS_SetErrFunc
                0x000000000601e2e4                GFS_GetErrStat
                0x000000000601e308                GFS_ConvTno
                0x000000000601e330                gfs_chgRoot
                0x000000000601e3fc                gfs_aborttrans
                0x000000000601e408                gfs_mngSetupFuncTbl
                0x000000000601e43c                gfs_mngInitWork
                0x000000000601e4e0                gfs_mngGetNumFile
                0x000000000601e548                GFS_mngAllocGrp
                0x000000000601e590                gfs_mngFreeGrp
                0x000000000601e59c                gfs_mngTermAccess
                0x000000000601e620                gfs_mngSetErrCode
                0x000000000601e6a0                gfs_svrSearchHndl
                0x000000000601e6e0                gfs_svrAddHndl
                0x000000000601e71c                gfs_svrRemoveHndl
                0x000000000601e778                GFS_OpenSub
                0x000000000601e7d0                gfs_loadVol
                0x000000000601e894                gfs_getRootDir
                0x000000000601e990                gfs_loadRootDir
                0x000000000601ea18                gfs_flowIn
                0x000000000601eac0                gfs_transData
                0x000000000601eb64                GFS_GetFad
                0x000000000601ebbc                gfs_SetSct
                0x000000000601ebfc                gfs_GetFinfo
                0x000000000601ec3c                gfs_closeSub
                0x000000000601ec78                gfs_getGmode
                0x000000000601ec84                gfs_isTaskDone
                0x000000000601ecd8                gfs_convFinStat
 *fill*         0x000000000601ed4c        0x4 
 .text          0x000000000601ed50      0x106 /joe/Compiler/COMMON/SGL_302j/LIB_ELF/LIBCD.A(GFS_BUF.O)
                0x000000000601ed80                GFBF_GetTranData
                0x000000000601eda8                GFBF_GetNumData
                0x000000000601edd8                GFBF_GetSrcPk
                0x000000000601ee00                GFBF_GetSctData
                0x000000000601ee24                GFBF_RtnPk
                0x000000000601ee4c                gfbf_getSctDt
 *fill*         0x000000000601ee56        0xa 
 .text          0x000000000601ee60      0x600 /joe/Compiler/COMMON/SGL_302j/LIB_ELF/LIBCD.A(GFS_CDB.O)
                0x000000000601ee60                GFCB_Setup
                0x000000000601ef80                GFCB_Close
                0x000000000601efa8                GFCB_GetLenData
                0x000000000601f054                GFCB_GetLenRoom
                0x000000000601f060                GFCB_SetFilt
                0x000000000601f0c8                GFCB_DeleteAllData
                0x000000000601f0f0                GFCB_Tell
                0x000000000601f100                gfcb_getSctNum
                0x000000000601f150                GFCB_Seek
                0x000000000601f24c                GFCB_GetSrcPack
                0x000000000601f32c                GFCB_GetSctData
                0x000000000601f364                GFCB_GetDstPack
                0x000000000601f370                GFCB_RtnPk
                0x000000000601f3b8                GFCB_MovePickup
                0x000000000601f3d4                GFCB_SetCon
                0x000000000601f408                GFCB_GetPickup
                0x000000000601f430                GFCB_IsPuOwner
                0x000000000601f448                GFCB_UngetPickup
 .text          0x000000000601f460     0x1a10 /joe/Compiler/COMMON/SGL_302j/LIB_ELF/LIBCD.A(GFS_CDC.O)
                0x000000000601f460                GFCD_SetCdbfs
                0x000000000601f48c                GFCD_Init
                0x000000000601f690                GFCD_AllocFilt
                0x000000000601f6cc                GFCD_FreeFilt
                0x000000000601f6fc                GFCD_AllocBuf
                0x000000000601f730                GFCD_FreeBuf
                0x000000000601f7d4                GFCD_GetBaseFad
                0x000000000601f808                GFCD_GetPickup
                0x000000000601f83c                GFCD_UngetPickup
                0x000000000601f868                GFCD_IsPuOwner
                0x000000000601f88c                GFCD_SetFilt
                0x000000000601f950                GFCD_GetFilt
                0x000000000601f998                GFCD_SetCon
                0x000000000601f9f0                GFCD_Play
                0x000000000601fa50                GFCD_GetLenData
                0x000000000601fab8                GFCD_ReqData
                0x000000000601fb14                GFCD_EndData
                0x000000000601fb5c                GFCD_DelSctData
                0x000000000601fbb4                GFCD_CheckDelSctData
                0x000000000601fbe4                GFCD_GetStat
                0x000000000601fc98                GFCD_MovePickup
                0x000000000601fce4                GFCD_MoveSctData
                0x000000000601fd58                GFCD_CheckMove
                0x000000000601fd7c                GFCD_GetSctInfo
                0x000000000601fdc4                GFCD_ChgDir
                0x000000000601fe38                GFCD_SetFiltCon
                0x000000000601ff20                GFCD_GetFileInfo
                0x000000000601fffc                GFCD_GetBufSiz
                0x0000000006020034                GFCD_ExecServer
                0x0000000006020108                gfcd_isIdleTask
                0x0000000006020194                gfcd_doTask
                0x0000000006020240                GFCD_SetTimer
                0x0000000006020254                GFCD_WaitServer
                0x0000000006020290                gfcd_doSetFiltTsk
                0x0000000006020454                gfcd_doSetConTsk
                0x00000000060204e4                gfcd_doGetLenDataTsk
                0x0000000006020638                gfcd_doReqDataTsk
                0x00000000060206d8                gfcd_doDelSctDataTsk
                0x000000000602080c                gfcd_doMoveSctTsk
                0x0000000006020970                gfcd_doChgDirTsk
                0x0000000006020b6c                gfcd_doSetFiltConTsk
                0x0000000006020cb0                gfcd_checkEflag
                0x0000000006020cd4                gfcd_initCdbMng
                0x0000000006020d54                gfcd_setStat
                0x0000000006020d80                GFCD_SetCsctFunc
                0x0000000006020d9c                GFCD_ChkScdqFlag
                0x0000000006020dc0                GFCD_ClrScdqFlag
                0x0000000006020ddc                GFCD_WaitScdqFlag
                0x0000000006020e20                GFCD_WaitPause
 .text          0x0000000006020e70      0x8d8 /joe/Compiler/COMMON/SGL_302j/LIB_ELF/LIBCD.A(GFS_CDF.O)
                0x0000000006020e70                GFCF_Init
                0x0000000006020f10                GFCF_Setup
                0x0000000006021058                GFCF_SetSct
                0x000000000602109c                GFCF_GetFileInfo
                0x0000000006021110                GFCF_FlowInBuf
                0x0000000006021264                GFCF_StopInBuf
                0x0000000006021304                GFCF_Recover
                0x000000000602134c                GFCF_Tell
                0x0000000006021364                GFCF_Seek
                0x000000000602137c                GFCF_MovePickup
                0x0000000006021418                GFCF_cnvIntlvOfs
                0x000000000602146c                GFCF_GetStat
                0x0000000006021504                gfcf_getSctSize
                0x0000000006021540                gfcf_isCdOk
                0x0000000006021600                gfcf_getPlayRange
 *fill*         0x0000000006021748        0x8 
 .text          0x0000000006021750      0x92c /joe/Compiler/COMMON/SGL_302j/LIB_ELF/LIBCD.A(GFS_DIR.O)
                0x0000000006021750                GFDR_SetupDirTbl
                0x00000000060217c4                GFDR_NameToId
                0x0000000006021824                GFDR_GetInfoDirId
                0x0000000006021838                GFDR_GetInfoDirName
                0x000000000602184c                GFDR_GetAtrDirId
                0x0000000006021864                GFDR_GetAtrDirName
                0x000000000602187c                GFDR_ChgRoot
                0x0000000006021894                GFDR_ChgDir
                0x0000000006021908                gfdr_setupDirIdTbl
                0x000000000602198c                gfdr_setupDirNameTbl
                0x0000000006021a38                gfdr_open
                0x0000000006021a60                gfdr_read
                0x0000000006021b20                gfdr_readByte
                0x0000000006021b4c                gfdr_readWord
                0x0000000006021b78                gfdr_readWordNB
                0x0000000006021bcc                gfdr_readLongNB
                0x0000000006021c18                gfdr_readLongNM
                0x0000000006021c40                gfdr_setNextRec
                0x0000000006021cc4                gfdr_readDirEnt
                0x0000000006022040                gfdr_setDirrecCd
 *fill*         0x000000000602207c        0x4 
 .text          0x0000000006022080      0x9c6 /joe/Compiler/COMMON/SGL_302j/LIB_ELF/LIBCD.A(GFS_TRN.O)
                0x00000000060220b0                GFTR_Setup
                0x00000000060220f4                GFTR_SetMode
                0x0000000006022108                GFTR_SetUnit
                0x0000000006022114                GFTR_SetTransPara
                0x0000000006022148                GFTR_GetTransPara
                0x0000000006022154                GFTR_GetNumTrans
                0x0000000006022160                GFTR_SetTransMax
                0x000000000602216c                GFTR_Start
                0x0000000006022178                GFTR_Pause
                0x0000000006022184                GFTR_Stop
                0x000000000602223c                GFTR_Exec
                0x00000000060222c0                GFTR_Idle
                0x0000000006022338                GFTR_ExecSvr
                0x0000000006022440                gftr_getSrcPack
                0x00000000060224c8                gftr_getDstPack
                0x0000000006022524                gftr_reqScu
                0x0000000006022530                gftr_execScu
                0x00000000060225cc                gftr_remScu
                0x0000000006022600                gfdma_canUse
                0x000000000602260c                gfdma_exec
                0x000000000602267c                gfdma_getBytecnt
                0x00000000060226b4                gftr_reqDma0
                0x00000000060226cc                gftr_execSdma0
                0x00000000060226f0                gftr_remDma0
                0x0000000006022708                gftr_reqDma1
                0x0000000006022720                gftr_execSdma1
                0x0000000006022744                gftr_remDma1
                0x000000000602275c                gftr_reqCpu
                0x0000000006022768                gftr_execCpu
                0x00000000060227a8                gftr_remCpu
                0x00000000060227b4                gftr_reqTrn
                0x0000000006022824                gftr_execTrn
                0x00000000060228fc                gftr_remTrn
                0x0000000006022970                gftr_copyFrac
                0x0000000006022998                GFTR_GetLenData
                0x00000000060229a4                GFTR_GetLenRoom
                0x00000000060229bc                GFTR_GetDstPack
                0x00000000060229f0                GFTR_RtnDstPk
                0x0000000006022a0c                GFTR_GetData
                0x0000000006022a20                GFTR_SetData
                0x0000000006022a34                GFTR_SetTransFunc
 *fill*         0x0000000006022a46        0xa 
 .text          0x0000000006022a50       0xa8 /joe/Compiler/COMMON/SGL_302j/LIB_ELF/LIBCD.A(CDC_DEV.O)
                0x0000000006022a50                CDC_CdSetCon
                0x0000000006022a80                CDC_CdGetCon
                0x0000000006022abc                CDC_CdGetLastBuf
 *fill*         0x0000000006022af8        0x8 
 .text          0x0000000006022b00      0x2b8 /joe/Compiler/COMMON/SGL_302j/LIB_ELF/LIBCD.A(CDC_SEL.O)
                0x0000000006022b00                CDC_SetFiltRange
                0x0000000006022b34                CDC_GetFiltRange
                0x0000000006022b8c                CDC_SetFiltSubh
                0x0000000006022bfc                CDC_GetFiltSubh
                0x0000000006022c78                CDC_SetFiltMode
                0x0000000006022cac                CDC_GetFiltMode
                0x0000000006022cf0                CDC_SetFiltCon
                0x0000000006022d30                CDC_GetFiltCon
                0x0000000006022d84                CDC_ResetSelector
 *fill*         0x0000000006022db8        0x8 
 .text          0x0000000006022dc0      0x270 /joe/Compiler/COMMON/SGL_302j/LIB_ELF/LIBCD.A(CDC_BIF.O)
                0x0000000006022dc0                CDC_GetBufSiz
                0x0000000006022e1c                CDC_GetSctNum
                0x0000000006022e60                CDC_CalActSiz
                0x0000000006022e9c                CDC_GetActSiz
                0x0000000006022f1c                CDC_GetSctInfo
                0x0000000006022f9c                CDC_ExeFadSearch
                0x0000000006022fd4                CDC_GetFadSearch
 .text          0x0000000006023030      0x1e4 /joe/Compiler/COMMON/SGL_302j/LIB_ELF/LIBCD.A(CDC_BIO.O)
                0x0000000006023030                CDC_SetSctLen
                0x0000000006023064                CDC_GetSctData
                0x00000000060230a0                CDC_DelSctData
                0x00000000060230dc                CDC_GetdelSctData
                0x0000000006023118                CDC_PutSctData
                0x0000000006023150                CDC_CopySctData
                0x0000000006023194                CDC_MoveSctData
                0x00000000060231d8                CDC_GetCopyErr
 *fill*         0x0000000006023214        0xc 
 .text          0x0000000006023220        0x0 /joe/Compiler/COMMON/SGL_302j/LIB_ELF/LIBSGL.A(sglA01.o)
 .text          0x0000000006023220        0x0 /joe/Compiler/COMMON/SGL_302j/LIB_ELF/LIBSGL.A(sglA15.o)
 .text          0x0000000006023220        0x0 /joe/Compiler/COMMON/SGL_302j/LIB_ELF/LIBSGL.A(sglA16.o)
 .text          0x0000000006023220        0x0 /joe/Compiler/COMMON/SGL_302j/LIB_ELF/LIBSGL.A(sglA17.o)
 .text          0x0000000006023220        0x0 /joe/Compiler/COMMON/SGL_302j/LIB_ELF/LIBSGL.A(sglA18.o)
 .text          0x0000000006023220        0x0 /joe/Compiler/COMMON/SGL_302j/LIB_ELF/LIBSGL.A(sglA19.o)
 .text          0x0000000006023220        0x0 /joe/Compiler/COMMON/SGL_302j/LIB_ELF/LIBSGL.A(sglA20.o)
 .text          0x0000000006023220        0x0 /joe/Compiler/COMMON/SGL_302j/LIB_ELF/LIBSGL.A(sglA21.o)
 .text          0x0000000006023220        0x0 /joe/Compiler/COMMON/SGL_302j/LIB_ELF/LIBSGL.A(sglA27.o)
 .text          0x0000000006023220        0x0 /joe/Compiler/COMMON/SGL_302j/LIB_ELF/LIBSGL.A(sglA28.o)
 .text          0x0000000006023220        0x0 /joe/Compiler/COMMON/SGL_302j/LIB_ELF/LIBSGL.A(sglA40.o)
 .text          0x0000000006023220        0x0 /joe/Compiler/COMMON/SGL_302j/LIB_ELF/LIBSGL.A(sglB001.o)
 .text          0x0000000006023220        0x0 /joe/Compiler/COMMON/SGL_302j/LIB_ELF/LIBSGL.A(sglB011.o)
 .text          0x0000000006023220        0x0 /joe/Compiler/COMMON/SGL_302j/LIB_ELF/LIBSGL.A(sglB014.o)
 .text          0x0000000006023220        0x0 /joe/Compiler/COMMON/SGL_302j/LIB_ELF/LIBSGL.A(sglB015.o)
 .text          0x0000000006023220        0x0 /joe/Compiler/COMMON/SGL_302j/LIB_ELF/LIBSGL.A(sglB016.o)
 .text          0x0000000006023220        0x0 /joe/Compiler/COMMON/SGL_302j/LIB_ELF/LIBSGL.A(sglB020.o)
 .text          0x0000000006023220        0x0 /joe/Compiler/COMMON/SGL_302j/LIB_ELF/LIBSGL.A(sglB021.o)
 .text          0x0000000006023220        0x0 /joe/Compiler/COMMON/SGL_302j/LIB_ELF/LIBSGL.A(sglB023.o)
 .text          0x0000000006023220        0x0 /joe/Compiler/COMMON/SGL_302j/LIB_ELF/LIBSGL.A(sglB031.o)
 .text          0x0000000006023220        0x0 /joe/Compiler/COMMON/SGL_302j/LIB_ELF/LIBSGL.A(sglB032.o)
 .text          0x0000000006023220        0x0 /joe/Compiler/COMMON/SGL_302j/LIB_ELF/LIBSGL.A(sglB033.o)
 .text          0x0000000006023220        0x0 /joe/Compiler/COMMON/SGL_302j/LIB_ELF/LIBSGL.A(sglB034.o)
 .text          0x0000000006023220        0x0 /joe/Compiler/COMMON/SGL_302j/LIB_ELF/LIBSGL.A(sglB035.o)
 .text          0x0000000006023220        0x0 /joe/Compiler/COMMON/SGL_302j/LIB_ELF/LIBSGL.A(sglB036.o)
 .text          0x0000000006023220        0x0 /joe/Compiler/COMMON/SGL_302j/LIB_ELF/LIBSGL.A(sglB038.o)
 .text          0x0000000006023220        0x0 /joe/Compiler/COMMON/SGL_302j/LIB_ELF/LIBSGL.A(sglB039.o)
 .text          0x0000000006023220        0x0 /joe/Compiler/COMMON/SGL_302j/LIB_ELF/LIBSGL.A(sglB040.o)
 .text          0x0000000006023220        0x0 /joe/Compiler/COMMON/SGL_302j/LIB_ELF/LIBSGL.A(sglB041.o)
 .text          0x0000000006023220        0x0 /joe/Compiler/COMMON/SGL_302j/LIB_ELF/LIBSGL.A(sglB042.o)
 .text          0x0000000006023220        0x0 /joe/Compiler/COMMON/SGL_302j/LIB_ELF/LIBSGL.A(sglB043.o)
 .text          0x0000000006023220        0x0 /joe/Compiler/COMMON/SGL_302j/LIB_ELF/LIBSGL.A(sglB044.o)
 .text          0x0000000006023220        0x0 /joe/Compiler/COMMON/SGL_302j/LIB_ELF/LIBSGL.A(sglB045.o)
 .text          0x0000000006023220        0x0 /joe/Compiler/COMMON/SGL_302j/LIB_ELF/LIBSGL.A(sglB047.o)
 .text          0x0000000006023220        0x0 /joe/Compiler/COMMON/SGL_302j/LIB_ELF/LIBSGL.A(sglB048.o)
 .text          0x0000000006023220        0x0 /joe/Compiler/COMMON/SGL_302j/LIB_ELF/LIBSGL.A(sglB055.o)
 .text          0x0000000006023220        0x0 /joe/Compiler/COMMON/SGL_302j/LIB_ELF/LIBSGL.A(sglB056.o)
 .text          0x0000000006023220        0x0 /joe/Compiler/COMMON/SGL_302j/LIB_ELF/LIBSGL.A(sglB057.o)
 .text          0x0000000006023220        0x0 /joe/Compiler/COMMON/SGL_302j/LIB_ELF/LIBSGL.A(sglB058.o)
 .text          0x0000000006023220        0x0 /joe/Compiler/COMMON/SGL_302j/LIB_ELF/LIBSGL.A(sglB059.o)
 .text          0x0000000006023220        0x0 /joe/Compiler/COMMON/SGL_302j/LIB_ELF/LIBSGL.A(sglB060.o)
 .text          0x0000000006023220        0x0 /joe/Compiler/COMMON/SGL_302j/LIB_ELF/LIBSGL.A(sglB063.o)
 .text          0x0000000006023220        0x0 /joe/Compiler/COMMON/SGL_302j/LIB_ELF/LIBSGL.A(sglB087.o)
 .text          0x0000000006023220        0x0 /joe/Compiler/COMMON/SGL_302j/LIB_ELF/LIBSGL.A(sglB088.o)
 .text          0x0000000006023220        0x0 /joe/Compiler/COMMON/SGL_302j/LIB_ELF/LIBSGL.A(sglB090.o)
 .text          0x0000000006023220        0x0 /joe/Compiler/COMMON/SGL_302j/LIB_ELF/LIBSGL.A(sglB200.o)
 .text          0x0000000006023220        0x0 /joe/Compiler/COMMON/SGL_302j/LIB_ELF/LIBSGL.A(sglC01.o)
 .text          0x0000000006023220        0x0 /joe/Compiler/COMMON/SGL_302j/LIB_ELF/LIBSGL.A(sglC03.o)
 .text          0x0000000006023220        0x0 /joe/Compiler/COMMON/SGL_302j/LIB_ELF/LIBSGL.A(sglC04.o)
 .text          0x0000000006023220        0x0 /joe/Compiler/COMMON/SGL_302j/LIB_ELF/LIBSGL.A(sglC05.o)
 .text          0x0000000006023220        0x0 /joe/Compiler/COMMON/SGL_302j/LIB_ELF/LIBSGL.A(sglC06.o)
 .text          0x0000000006023220        0x0 /joe/Compiler/COMMON/SGL_302j/LIB_ELF/LIBSGL.A(sglC07.o)
 .text          0x0000000006023220        0x0 /joe/Compiler/COMMON/SGL_302j/LIB_ELF/LIBSGL.A(sglC08.o)
 .text          0x0000000006023220        0x0 /joe/Compiler/COMMON/SGL_302j/LIB_ELF/LIBSGL.A(sglC14.o)
 .text          0x0000000006023220        0x0 /joe/Compiler/COMMON/SGL_302j/LIB_ELF/LIBSGL.A(sglC16.o)
 .text          0x0000000006023220        0x0 /joe/Compiler/COMMON/SGL_302j/LIB_ELF/LIBSGL.A(sglC17.o)
 .text          0x0000000006023220        0x0 /joe/Compiler/COMMON/SGL_302j/LIB_ELF/LIBSGL.A(sglC19.o)
 .text          0x0000000006023220        0x0 /joe/Compiler/COMMON/SGL_302j/LIB_ELF/LIBSGL.A(sglC20.o)
 .text          0x0000000006023220        0x0 /joe/Compiler/COMMON/SGL_302j/LIB_ELF/LIBSGL.A(sglC21.o)
 .text          0x0000000006023220        0x0 /joe/Compiler/COMMON/SGL_302j/LIB_ELF/LIBSGL.A(sglD00.o)
 .text          0x0000000006023220        0x0 /joe/Compiler/COMMON/SGL_302j/LIB_ELF/LIBSGL.A(sglD01.o)
 .text          0x0000000006023220        0x0 /joe/Compiler/COMMON/SGL_302j/LIB_ELF/LIBSGL.A(sglD02.o)
 .text          0x0000000006023220        0x0 /joe/Compiler/COMMON/SGL_302j/LIB_ELF/LIBSGL.A(sglD03.o)
 .text          0x0000000006023220        0x0 /joe/Compiler/COMMON/SGL_302j/LIB_ELF/LIBSGL.A(sglD15.o)
 .text          0x0000000006023220        0x0 /joe/Compiler/COMMON/SGL_302j/LIB_ELF/LIBSGL.A(sglD16.o)
 .text          0x0000000006023220        0x0 /joe/Compiler/COMMON/SGL_302j/LIB_ELF/LIBSGL.A(sglD17.o)
 .text          0x0000000006023220        0x0 /joe/Compiler/COMMON/SGL_302j/LIB_ELF/LIBSGL.A(sglD18.o)
 .text          0x0000000006023220        0x0 /joe/Compiler/COMMON/SGL_302j/LIB_ELF/LIBSGL.A(sglF08.o)
 .text          0x0000000006023220        0x0 /joe/Compiler/COMMON/SGL_302j/LIB_ELF/LIBSGL.A(sglH00.o)
 .text          0x0000000006023220        0x0 /joe/Compiler/COMMON/SGL_302j/LIB_ELF/LIBSGL.A(sglH01.o)
 .text          0x0000000006023220        0x0 /joe/Compiler/COMMON/SGL_302j/LIB_ELF/LIBSGL.A(sglH02.o)
 .text          0x0000000006023220        0x0 /joe/Compiler/COMMON/SGL_302j/LIB_ELF/LIBSGL.A(sglH04.o)
 .text          0x0000000006023220        0x0 /joe/Compiler/COMMON/SGL_302j/LIB_ELF/LIBSGL.A(sglI01.o)
 .text          0x0000000006023220        0x0 /joe/Compiler/COMMON/SGL_302j/LIB_ELF/LIBSGL.A(sglI04.o)
 .text          0x0000000006023220      0x128 /joe/Compiler/COMMON/SGL_302j/LIB_ELF/LIBSGL.A(sglIc0.o)
                0x0000000006023220                slInitSystem
 *fill*         0x0000000006023348        0x8 
 .text          0x0000000006023350        0x0 /joe/Compiler/COMMON/SGL_302j/LIB_ELF/LIBSGL.A(sglJ00.o)
 .text          0x0000000006023350        0x0 /joe/Compiler/COMMON/SGL_302j/LIB_ELF/LIBSGL.A(sglJ01.o)
 .text          0x0000000006023350        0x0 /joe/Compiler/COMMON/SGL_302j/LIB_ELF/LIBSGL.A(sglJ02.o)
 .text          0x0000000006023350        0x0 /joe/Compiler/COMMON/SGL_302j/LIB_ELF/LIBSGL.A(sglJ03.o)
 .text          0x0000000006023350        0x0 /joe/Compiler/COMMON/SGL_302j/LIB_ELF/LIBSGL.A(sglJ04.o)
 .text          0x0000000006023350        0x0 /joe/Compiler/COMMON/SGL_302j/LIB_ELF/LIBSGL.A(sglJ05.o)
 .text          0x0000000006023350        0x0 /joe/Compiler/COMMON/SGL_302j/LIB_ELF/LIBSGL.A(sglK01.o)
 .text          0x0000000006023350        0x0 /joe/Compiler/COMMON/SGL_302j/LIB_ELF/LIBSGL.A(sglM00.o)
 .text          0x0000000006023350        0x0 /joe/Compiler/COMMON/SGL_302j/LIB_ELF/LIBSGL.A(sglM01.o)
 .text          0x0000000006023350        0x0 /joe/Compiler/COMMON/SGL_302j/LIB_ELF/LIBSGL.A(sglA00.o)
 .text          0x0000000006023350        0x0 /joe/Compiler/COMMON/SGL_302j/LIB_ELF/LIBSGL.A(sglA03.o)
 .text          0x0000000006023350        0x0 /joe/Compiler/COMMON/SGL_302j/LIB_ELF/LIBSGL.A(sglA10.o)
 .text          0x0000000006023350        0x0 /joe/Compiler/COMMON/SGL_302j/LIB_ELF/LIBSGL.A(sglA24.o)
 .text          0x0000000006023350        0x0 /joe/Compiler/COMMON/SGL_302j/LIB_ELF/LIBSGL.A(sglA25.o)
 .text          0x0000000006023350        0x0 /joe/Compiler/COMMON/SGL_302j/LIB_ELF/LIBSGL.A(sglB000.o)
 .text          0x0000000006023350        0x0 /joe/Compiler/COMMON/SGL_302j/LIB_ELF/LIBSGL.A(sglC00.o)
 .text          0x0000000006023350        0x0 /joe/Compiler/COMMON/SGL_302j/LIB_ELF/LIBSGL.A(sglC13.o)
 .text          0x0000000006023350        0x0 /joe/Compiler/COMMON/SGL_302j/LIB_ELF/LIBSGL.A(sglD19.o)
 .text          0x0000000006023350        0x0 /joe/Compiler/COMMON/SGL_302j/LIB_ELF/LIBSGL.A(sglI00.o)
 .text          0x0000000006023350        0x0 /joe/Compiler/COMMON/SGL_302j/LIB_ELF/LIBSGL.A(sglH03.o)
 .text          0x0000000006023350       0x52 /joe/Compiler/LINUX/bin/../lib/gcc/sh-none-elf/8.2.0/libgcc.a(_ashiftrt.o)
                0x0000000006023350                __ashiftrt_r4_31
                0x0000000006023350                __ashiftrt_r4_32
                0x0000000006023356                __ashiftrt_r4_30
                0x0000000006023358                __ashiftrt_r4_29
                0x000000000602335a                __ashiftrt_r4_28
                0x000000000602335c                __ashiftrt_r4_27
                0x000000000602335e                __ashiftrt_r4_26
                0x0000000006023360                __ashiftrt_r4_25
                0x0000000006023362                __ashiftrt_r4_24
                0x000000000602336a                __ashiftrt_r4_23
                0x000000000602336c                __ashiftrt_r4_22
                0x000000000602336e                __ashiftrt_r4_21
                0x0000000006023370                __ashiftrt_r4_20
                0x0000000006023372                __ashiftrt_r4_19
                0x0000000006023374                __ashiftrt_r4_18
                0x0000000006023376                __ashiftrt_r4_17
                0x0000000006023378                __ashiftrt_r4_16
                0x000000000602337e                __ashiftrt_r4_15
                0x0000000006023380                __ashiftrt_r4_14
                0x0000000006023382                __ashiftrt_r4_13
                0x0000000006023384                __ashiftrt_r4_12
                0x0000000006023386                __ashiftrt_r4_11
                0x0000000006023388                __ashiftrt_r4_10
                0x000000000602338a                __ashiftrt_r4_9
                0x000000000602338c                __ashiftrt_r4_8
                0x000000000602338e                __ashiftrt_r4_7
                0x0000000006023390                __ashiftrt_r4_6
                0x0000000006023392                __ashiftrt_r4_5
                0x0000000006023394                __ashiftrt_r4_4
                0x0000000006023396                __ashiftrt_r4_3
                0x0000000006023398                __ashiftrt_r4_2
                0x000000000602339a                __ashiftrt_r4_1
                0x000000000602339e                __ashiftrt_r4_0
 *fill*         0x00000000060233a2        0x2 
 .text          0x00000000060233a4       0xa0 /joe/Compiler/LINUX/bin/../lib/gcc/sh-none-elf/8.2.0/libgcc.a(_sdivsi3.o)
                0x00000000060233a4                __sdivsi3
 .text          0x0000000006023444       0x6c /joe/Compiler/LINUX/bin/../lib/gcc/sh-none-elf/8.2.0/libgcc.a(_udivsi3.o)
                0x0000000006023466                __udivsi3
 .text          0x00000000060234b0      0x210 /joe/Compiler/LINUX/bin/../lib/gcc/sh-none-elf/8.2.0/libgcc.a(_addsub_sf.o)
                0x0000000006023624                __addsf3
                0x0000000006023670                __subsf3
 .text          0x00000000060236c0      0x134 /joe/Compiler/LINUX/bin/../lib/gcc/sh-none-elf/8.2.0/libgcc.a(_mul_sf.o)
                0x00000000060236c0                __mulsf3
 .text          0x00000000060237f4       0xdc /joe/Compiler/LINUX/bin/../lib/gcc/sh-none-elf/8.2.0/libgcc.a(_div_sf.o)
                0x00000000060237f4                __divsf3
 .text          0x00000000060238d0       0x54 /joe/Compiler/LINUX/bin/../lib/gcc/sh-none-elf/8.2.0/libgcc.a(_eq_sf.o)
                0x00000000060238d0                __eqsf2
 .text          0x0000000006023924       0x54 /joe/Compiler/LINUX/bin/../lib/gcc/sh-none-elf/8.2.0/libgcc.a(_ne_sf.o)
                0x0000000006023924                __nesf2
 .text          0x0000000006023978       0x4c /joe/Compiler/LINUX/bin/../lib/gcc/sh-none-elf/8.2.0/libgcc.a(_gt_sf.o)
                0x0000000006023978                __gtsf2
 .text          0x00000000060239c4       0x4c /joe/Compiler/LINUX/bin/../lib/gcc/sh-none-elf/8.2.0/libgcc.a(_ge_sf.o)
                0x00000000060239c4                __gesf2
 .text          0x0000000006023a10       0x54 /joe/Compiler/LINUX/bin/../lib/gcc/sh-none-elf/8.2.0/libgcc.a(_lt_sf.o)
                0x0000000006023a10                __ltsf2
 .text          0x0000000006023a64       0x54 /joe/Compiler/LINUX/bin/../lib/gcc/sh-none-elf/8.2.0/libgcc.a(_le_sf.o)
                0x0000000006023a64                __lesf2
 .text          0x0000000006023ab8       0x84 /joe/Compiler/LINUX/bin/../lib/gcc/sh-none-elf/8.2.0/libgcc.a(_si_to_sf.o)
                0x0000000006023ab8                __floatsisf
 .text          0x0000000006023b3c       0x7c /joe/Compiler/LINUX/bin/../lib/gcc/sh-none-elf/8.2.0/libgcc.a(_sf_to_si.o)
                0x0000000006023b3c                __fixsfsi
 .text          0x0000000006023bb8       0x3c /joe/Compiler/LINUX/bin/../lib/gcc/sh-none-elf/8.2.0/libgcc.a(_sf_to_df.o)
                0x0000000006023bb8                __extendsfdf2
 .text          0x0000000006023bf4        0x0 /joe/Compiler/LINUX/bin/../lib/gcc/sh-none-elf/8.2.0/libgcc.a(_thenan_sf.o)
 .text          0x0000000006023bf4       0x94 /joe/Compiler/LINUX/bin/../lib/gcc/sh-none-elf/8.2.0/libgcc.a(_usi_to_sf.o)
                0x0000000006023bf4                __floatunsisf
 .text          0x0000000006023c88       0x28 /joe/Compiler/LINUX/bin/../lib/gcc/sh-none-elf/8.2.0/libgcc.a(_make_df.o)
                0x0000000006023c88                __make_dp
 .text          0x0000000006023cb0       0x4c /joe/Compiler/LINUX/bin/../lib/gcc/sh-none-elf/8.2.0/libgcc.a(_df_to_sf.o)
                0x0000000006023cb0                __truncdfsf2
 .text          0x0000000006023cfc      0x114 /joe/Compiler/LINUX/bin/../lib/gcc/sh-none-elf/8.2.0/libgcc.a(_pack_sf.o)
                0x0000000006023cfc                __pack_f
 .text          0x0000000006023e10       0xa0 /joe/Compiler/LINUX/bin/../lib/gcc/sh-none-elf/8.2.0/libgcc.a(_unpack_sf.o)
                0x0000000006023e10                __unpack_f
 .text          0x0000000006023eb0       0xa8 /joe/Compiler/LINUX/bin/../lib/gcc/sh-none-elf/8.2.0/libgcc.a(_fpcmp_parts_sf.o)
                0x0000000006023eb0                __fpcmp_parts_f
 .text          0x0000000006023f58       0x20 /joe/Compiler/LINUX/bin/../lib/gcc/sh-none-elf/8.2.0/libgcc.a(_make_sf.o)
                0x0000000006023f58                __make_fp
 .text          0x0000000006023f78        0x0 /joe/Compiler/LINUX/bin/../lib/gcc/sh-none-elf/8.2.0/../../../../sh-none-elf/lib/libc.a(lib_a-impure.o)
 .text          0x0000000006023f78       0x1e /joe/Compiler/LINUX/bin/../lib/gcc/sh-none-elf/8.2.0/../../../../sh-none-elf/lib/libc.a(lib_a-memcmp.o)
                0x0000000006023f78                memcmp
 *fill*         0x0000000006023f96        0x2 
 .text          0x0000000006023f98       0x94 /joe/Compiler/LINUX/bin/../lib/gcc/sh-none-elf/8.2.0/../../../../sh-none-elf/lib/libc.a(lib_a-memcpy.o)
                0x0000000006023f98                memcpy
 .text          0x000000000602402c       0x40 /joe/Compiler/LINUX/bin/../lib/gcc/sh-none-elf/8.2.0/../../../../sh-none-elf/lib/libc.a(lib_a-memset.o)
                0x000000000602402c                memset
 .text          0x000000000602406c       0x58 /joe/Compiler/LINUX/bin/../lib/gcc/sh-none-elf/8.2.0/../../../../sh-none-elf/lib/libc.a(lib_a-rand.o)
                0x000000000602406c                srand
                0x0000000006024080                rand
 .text          0x00000000060240c4       0x60 /joe/Compiler/LINUX/bin/../lib/gcc/sh-none-elf/8.2.0/../../../../sh-none-elf/lib/libc.a(lib_a-rget.o)
                0x00000000060240c4                __srget_r
                0x0000000006024110                __srget
 .text          0x0000000006024124       0x8c /joe/Compiler/LINUX/bin/../lib/gcc/sh-none-elf/8.2.0/../../../../sh-none-elf/lib/libc.a(lib_a-sprintf.o)
                0x0000000006024124                _sprintf_r
                0x0000000006024164                sprintf
 .text          0x00000000060241b0       0x22 /joe/Compiler/LINUX/bin/../lib/gcc/sh-none-elf/8.2.0/../../../../sh-none-elf/lib/libc.a(lib_a-strcat.o)
                0x00000000060241b0                strcat
 *fill*         0x00000000060241d2        0x2 
 .text          0x00000000060241d4       0x38 /joe/Compiler/LINUX/bin/../lib/gcc/sh-none-elf/8.2.0/../../../../sh-none-elf/lib/libc.a(lib_a-strcmp.o)
                0x00000000060241d4                strcmp
 .text          0x000000000602420c       0x3c /joe/Compiler/LINUX/bin/../lib/gcc/sh-none-elf/8.2.0/../../../../sh-none-elf/lib/libc.a(lib_a-strcpy.o)
                0x000000000602420c                strcpy
 .text          0x0000000006024248       0x20 /joe/Compiler/LINUX/bin/../lib/gcc/sh-none-elf/8.2.0/../../../../sh-none-elf/lib/libc.a(lib_a-strlen.o)
                0x0000000006024248                strlen
 .text          0x0000000006024268       0x2a /joe/Compiler/LINUX/bin/../lib/gcc/sh-none-elf/8.2.0/../../../../sh-none-elf/lib/libc.a(lib_a-strncmp.o)
                0x0000000006024268                strncmp
 .text          0x0000000006024292       0x32 /joe/Compiler/LINUX/bin/../lib/gcc/sh-none-elf/8.2.0/../../../../sh-none-elf/lib/libc.a(lib_a-strncpy.o)
                0x0000000006024292                strncpy
 .text          0x00000000060242c4       0x36 /joe/Compiler/LINUX/bin/../lib/gcc/sh-none-elf/8.2.0/../../../../sh-none-elf/lib/libc.a(lib_a-strstr.o)
                0x00000000060242c4                strstr
 *fill*         0x00000000060242fa        0x2 
 .text          0x00000000060242fc     0x1378 /joe/Compiler/LINUX/bin/../lib/gcc/sh-none-elf/8.2.0/../../../../sh-none-elf/lib/libc.a(lib_a-svfprintf.o)
                0x00000000060242fc                _svfprintf_r
 .text          0x0000000006025674       0xdc /joe/Compiler/LINUX/bin/../lib/gcc/sh-none-elf/8.2.0/../../../../sh-none-elf/lib/libc.a(lib_a-wbuf.o)
                0x0000000006025674                __swbuf_r
                0x000000000602573c                __swbuf
 .text          0x0000000006025750       0xcc /joe/Compiler/LINUX/bin/../lib/gcc/sh-none-elf/8.2.0/../../../../sh-none-elf/lib/libc.a(lib_a-wsetup.o)
                0x0000000006025750                __swsetup_r
 .text          0x000000000602581c      0xef4 /joe/Compiler/LINUX/bin/../lib/gcc/sh-none-elf/8.2.0/../../../../sh-none-elf/lib/libc.a(lib_a-dtoa.o)
                0x0000000006025950                _dtoa_r
 .text          0x0000000006026710      0x1a8 /joe/Compiler/LINUX/bin/../lib/gcc/sh-none-elf/8.2.0/../../../../sh-none-elf/lib/libc.a(lib_a-fflush.o)
                0x0000000006026710                __sflush_r
                0x0000000006026850                _fflush_r
                0x0000000006026890                fflush
 .text          0x00000000060268b8      0x218 /joe/Compiler/LINUX/bin/../lib/gcc/sh-none-elf/8.2.0/../../../../sh-none-elf/lib/libc.a(lib_a-findfp.o)
                0x0000000006026914                _cleanup_r
                0x0000000006026928                __sfmoreglue
                0x0000000006026974                _cleanup
                0x0000000006026988                __sinit
                0x00000000060269dc                __sfp
                0x0000000006026a90                __sfp_lock_acquire
                0x0000000006026a94                __sfp_lock_release
                0x0000000006026a98                __sinit_lock_acquire
                0x0000000006026a9c                __sinit_lock_release
                0x0000000006026aa0                __fp_lock_all
                0x0000000006026ab8                __fp_unlock_all
 .text          0x0000000006026ad0       0xb4 /joe/Compiler/LINUX/bin/../lib/gcc/sh-none-elf/8.2.0/../../../../sh-none-elf/lib/libc.a(lib_a-fwalk.o)
                0x0000000006026ad0                _fwalk
                0x0000000006026b26                _fwalk_reent
 .text          0x0000000006026b84       0x40 /joe/Compiler/LINUX/bin/../lib/gcc/sh-none-elf/8.2.0/../../../../sh-none-elf/lib/libc.a(lib_a-localeconv.o)
                0x0000000006026b84                __localeconv_l
                0x0000000006026b8c                _localeconv_r
                0x0000000006026ba8                localeconv
 .text          0x0000000006026bc4       0xa8 /joe/Compiler/LINUX/bin/../lib/gcc/sh-none-elf/8.2.0/../../../../sh-none-elf/lib/libc.a(lib_a-locale.o)
                0x0000000006026bc4                _setlocale_r
                0x0000000006026c10                __locale_mb_cur_max
                0x0000000006026c30                __locale_ctype_ptr_l
                0x0000000006026c3a                __locale_ctype_ptr
                0x0000000006026c58                setlocale
 .text          0x0000000006026c6c      0x110 /joe/Compiler/LINUX/bin/../lib/gcc/sh-none-elf/8.2.0/../../../../sh-none-elf/lib/libc.a(lib_a-makebuf.o)
                0x0000000006026c6c                __swhatbuf_r
                0x0000000006026cd0                __smakebuf_r
 .text          0x0000000006026d7c       0x4c /joe/Compiler/LINUX/bin/../lib/gcc/sh-none-elf/8.2.0/../../../../sh-none-elf/lib/libc.a(lib_a-mbtowc_r.o)
                0x0000000006026d7c                _mbtowc_r
                0x0000000006026da0                __ascii_mbtowc
 .text          0x0000000006026dc8       0x1c /joe/Compiler/LINUX/bin/../lib/gcc/sh-none-elf/8.2.0/../../../../sh-none-elf/lib/libc.a(lib_a-memchr.o)
                0x0000000006026dc8                memchr
 .text          0x0000000006026de4      0xa9c /joe/Compiler/LINUX/bin/../lib/gcc/sh-none-elf/8.2.0/../../../../sh-none-elf/lib/libc.a(lib_a-mprec.o)
                0x0000000006026de4                _Balloc
                0x0000000006026e58                _Bfree
                0x0000000006026e70                __multadd
                0x0000000006026f18                __s2b
                0x0000000006026fd8                __hi0bits
                0x000000000602702c                __lo0bits
                0x0000000006027090                __i2b
                0x00000000060270ac                __multiply
                0x00000000060271f0                __pow5mult
                0x00000000060272ac                __lshift
                0x00000000060273a0                __mcmp
                0x00000000060273d8                __mdiff
                0x00000000060274b4                __ulp
                0x0000000006027520                __b2d
                0x0000000006027608                __d2b
                0x00000000060276f4                __ratio
                0x0000000006027778                _mprec_log10
                0x00000000060277d0                __copybits
                0x0000000006027814                __any_on
 .text          0x0000000006027880      0x14c /joe/Compiler/LINUX/bin/../lib/gcc/sh-none-elf/8.2.0/../../../../sh-none-elf/lib/libc.a(lib_a-refill.o)
                0x0000000006027898                __srefill_r
 .text          0x00000000060279cc       0xe0 /joe/Compiler/LINUX/bin/../lib/gcc/sh-none-elf/8.2.0/../../../../sh-none-elf/lib/libc.a(lib_a-stdio.o)
                0x00000000060279cc                __sread
                0x0000000006027a08                __seofread
                0x0000000006027a0c                __swrite
                0x0000000006027a5c                __sseek
                0x0000000006027a9c                __sclose
 .text          0x0000000006027aac      0xa60 /joe/Compiler/LINUX/bin/../lib/gcc/sh-none-elf/8.2.0/../../../../sh-none-elf/lib/libc.a(lib_a-svfiprintf.o)
                0x0000000006027aac                __ssprint_r
                0x0000000006027be0                _svfiprintf_r
 .text          0x000000000602850c       0x40 /joe/Compiler/LINUX/bin/../lib/gcc/sh-none-elf/8.2.0/../../../../sh-none-elf/lib/libc.a(lib_a-wctomb_r.o)
                0x000000000602850c                _wctomb_r
                0x000000000602852c                __ascii_wctomb
 .text          0x000000000602854c       0x34 /joe/Compiler/LINUX/bin/../lib/gcc/sh-none-elf/8.2.0/../../../../sh-none-elf/lib/libc.a(lib_a-writer.o)
                0x000000000602854c                _write_r
 .text          0x0000000006028580       0x30 /joe/Compiler/LINUX/bin/../lib/gcc/sh-none-elf/8.2.0/../../../../sh-none-elf/lib/libc.a(lib_a-closer.o)
                0x0000000006028580                _close_r
 .text          0x00000000060285b0        0x0 /joe/Compiler/LINUX/bin/../lib/gcc/sh-none-elf/8.2.0/../../../../sh-none-elf/lib/libc.a(lib_a-ctype_.o)
 .text          0x00000000060285b0       0xc8 /joe/Compiler/LINUX/bin/../lib/gcc/sh-none-elf/8.2.0/../../../../sh-none-elf/lib/libc.a(lib_a-fclose.o)
                0x00000000060285b0                _fclose_r
                0x0000000006028664                fclose
 .text          0x0000000006028678       0x34 /joe/Compiler/LINUX/bin/../lib/gcc/sh-none-elf/8.2.0/../../../../sh-none-elf/lib/libc.a(lib_a-fstatr.o)
                0x0000000006028678                _fstat_r
 .text          0x00000000060286ac       0x30 /joe/Compiler/LINUX/bin/../lib/gcc/sh-none-elf/8.2.0/../../../../sh-none-elf/lib/libc.a(lib_a-isattyr.o)
                0x00000000060286ac                _isatty_r
 .text          0x00000000060286dc       0x34 /joe/Compiler/LINUX/bin/../lib/gcc/sh-none-elf/8.2.0/../../../../sh-none-elf/lib/libc.a(lib_a-lseekr.o)
                0x00000000060286dc                _lseek_r
 .text          0x0000000006028710       0x3c /joe/Compiler/LINUX/bin/../lib/gcc/sh-none-elf/8.2.0/../../../../sh-none-elf/lib/libc.a(lib_a-memmove.o)
                0x0000000006028710                memmove
 .text          0x000000000602874c       0x34 /joe/Compiler/LINUX/bin/../lib/gcc/sh-none-elf/8.2.0/../../../../sh-none-elf/lib/libc.a(lib_a-readr.o)
                0x000000000602874c                _read_r
 .text          0x0000000006028780      0x100 /joe/Compiler/LINUX/bin/../lib/gcc/sh-none-elf/8.2.0/../../../../sh-none-elf/lib/libc.a(lib_a-reent.o)
                0x0000000006028780                cleanup_glue
                0x00000000060287ac                _reclaim_reent
 .text          0x0000000006028880      0x25c /joe/Compiler/LINUX/bin/../lib/gcc/sh-none-elf/8.2.0/../../../../sh-none-elf/lib/libc.a(lib_a-syscalls.o)
                0x00000000060288f8                _read
                0x0000000006028908                _lseek
                0x0000000006028918                _write
                0x0000000006028928                _close
                0x0000000006028938                _link
                0x000000000602893c                _sbrk
                0x0000000006028994                _fstat
                0x000000000602899e                _open
                0x00000000060289b0                _creat
                0x00000000060289c0                _unlink
                0x00000000060289c4                isatty
                0x00000000060289c8                _isatty
                0x00000000060289cc                _exit
                0x00000000060289dc                _kill
                0x00000000060289f0                _getpid
                0x00000000060289f4                _raise
                0x00000000060289f8                _stat
                0x0000000006028a08                _chmod
                0x0000000006028a18                _chown
                0x0000000006028a28                _utime
                0x0000000006028a3c                _fork
                0x0000000006028a48                _wait
                0x0000000006028a58                _execve
                0x0000000006028a68                _execv
                0x0000000006028a78                _pipe
                0x0000000006028a84                _times
                0x0000000006028a88                _gettimeofday
                0x0000000006028ab0                __setup_argv_and_call_main
 .text          0x0000000006028adc       0x14 /joe/Compiler/LINUX/bin/../lib/gcc/sh-none-elf/8.2.0/../../../../sh-none-elf/lib/libc.a(lib_a-trap.o)
                0x0000000006028adc                __trap34
 .text          0x0000000006028af0       0x18 /joe/Compiler/LINUX/bin/../lib/gcc/sh-none-elf/8.2.0/../../../../sh-none-elf/lib/libc.a(lib_a-abort.o)
                0x0000000006028af0                abort
 .text          0x0000000006028b08      0x1b0 /joe/Compiler/LINUX/bin/../lib/gcc/sh-none-elf/8.2.0/../../../../sh-none-elf/lib/libc.a(lib_a-signal.o)
                0x0000000006028b08                _init_signal_r
                0x0000000006028b44                _signal_r
                0x0000000006028b90                _raise_r
                0x0000000006028c08                __sigtramp_r
                0x0000000006028c6c                raise
                0x0000000006028c80                signal
                0x0000000006028c94                _init_signal
                0x0000000006028ca4                __sigtramp
 .text          0x0000000006028cb8       0x40 /joe/Compiler/LINUX/bin/../lib/gcc/sh-none-elf/8.2.0/../../../../sh-none-elf/lib/libc.a(lib_a-signalr.o)
                0x0000000006028cb8                _kill_r
                0x0000000006028cec                _getpid_r
 .text          0x0000000006028cf8       0x80 /joe/Compiler/LINUX/bin/../lib/gcc/sh-none-elf/8.2.0/libgcc.a(_ashiftrt_n.o)
                0x0000000006028cf8                __ashrsi3
 .text          0x0000000006028d78       0xbc /joe/Compiler/LINUX/bin/../lib/gcc/sh-none-elf/8.2.0/libgcc.a(_ashiftlt.o)
                0x0000000006028d78                __ashlsi3
                0x0000000006028d7c                __ashlsi3_r0
 .text          0x0000000006028e34       0xbc /joe/Compiler/LINUX/bin/../lib/gcc/sh-none-elf/8.2.0/libgcc.a(_lshiftrt.o)
                0x0000000006028e34                __lshrsi3
                0x0000000006028e38                __lshrsi3_r0
 .text          0x0000000006028ef0      0x258 /joe/Compiler/LINUX/bin/../lib/gcc/sh-none-elf/8.2.0/libgcc.a(_udivdi3.o)
                0x0000000006028ef0                __udivdi3
 .text          0x0000000006029148      0x2bc /joe/Compiler/LINUX/bin/../lib/gcc/sh-none-elf/8.2.0/libgcc.a(_umoddi3.o)
                0x0000000006029148                __umoddi3
 .text          0x0000000006029404      0x3b4 /joe/Compiler/LINUX/bin/../lib/gcc/sh-none-elf/8.2.0/libgcc.a(_addsub_df.o)
                0x0000000006029714                __adddf3
                0x0000000006029764                __subdf3
 .text          0x00000000060297b8      0x208 /joe/Compiler/LINUX/bin/../lib/gcc/sh-none-elf/8.2.0/libgcc.a(_mul_df.o)
                0x00000000060297b8                __muldf3
 .text          0x00000000060299c0      0x130 /joe/Compiler/LINUX/bin/../lib/gcc/sh-none-elf/8.2.0/libgcc.a(_div_df.o)
                0x00000000060299c0                __divdf3
 .text          0x0000000006029af0       0x58 /joe/Compiler/LINUX/bin/../lib/gcc/sh-none-elf/8.2.0/libgcc.a(_eq_df.o)
                0x0000000006029af0                __eqdf2
 .text          0x0000000006029b48       0x58 /joe/Compiler/LINUX/bin/../lib/gcc/sh-none-elf/8.2.0/libgcc.a(_ne_df.o)
                0x0000000006029b48                __nedf2
 .text          0x0000000006029ba0       0x50 /joe/Compiler/LINUX/bin/../lib/gcc/sh-none-elf/8.2.0/libgcc.a(_gt_df.o)
                0x0000000006029ba0                __gtdf2
 .text          0x0000000006029bf0       0x50 /joe/Compiler/LINUX/bin/../lib/gcc/sh-none-elf/8.2.0/libgcc.a(_ge_df.o)
                0x0000000006029bf0                __gedf2
 .text          0x0000000006029c40       0x58 /joe/Compiler/LINUX/bin/../lib/gcc/sh-none-elf/8.2.0/libgcc.a(_lt_df.o)
                0x0000000006029c40                __ltdf2
 .text          0x0000000006029c98       0x58 /joe/Compiler/LINUX/bin/../lib/gcc/sh-none-elf/8.2.0/libgcc.a(_le_df.o)
                0x0000000006029c98                __ledf2
 .text          0x0000000006029cf0       0x40 /joe/Compiler/LINUX/bin/../lib/gcc/sh-none-elf/8.2.0/libgcc.a(_unord_df.o)
                0x0000000006029cf0                __unorddf2
 .text          0x0000000006029d30       0xa8 /joe/Compiler/LINUX/bin/../lib/gcc/sh-none-elf/8.2.0/libgcc.a(_si_to_df.o)
                0x0000000006029d30                __floatsidf
 .text          0x0000000006029dd8       0xa4 /joe/Compiler/LINUX/bin/../lib/gcc/sh-none-elf/8.2.0/libgcc.a(_df_to_si.o)
                0x0000000006029dd8                __fixdfsi
 .text          0x0000000006029e7c        0x0 /joe/Compiler/LINUX/bin/../lib/gcc/sh-none-elf/8.2.0/libgcc.a(_thenan_df.o)
 .text          0x0000000006029e7c       0x88 /joe/Compiler/LINUX/bin/../lib/gcc/sh-none-elf/8.2.0/libgcc.a(_usi_to_df.o)
                0x0000000006029e7c                __floatunsidf
 *fill*         0x0000000006029f04        0x4 
 .text          0x0000000006029f08       0x60 /joe/Compiler/LINUX/bin/../lib/gcc/sh-none-elf/8.2.0/libgcc.a(_udiv_qrnnd_16.o)
                0x0000000006029f08                __udiv_qrnnd_16
 .text          0x0000000006029f68        0x0 /joe/Compiler/LINUX/bin/../lib/gcc/sh-none-elf/8.2.0/libgcc.a(_clz.o)
 .text          0x0000000006029f68       0x58 /joe/Compiler/LINUX/bin/../lib/gcc/sh-none-elf/8.2.0/libgcc.a(_clzsi2.o)
                0x0000000006029f68                __clzsi2
 .text          0x0000000006029fc0      0x25c /joe/Compiler/LINUX/bin/../lib/gcc/sh-none-elf/8.2.0/libgcc.a(_pack_df.o)
                0x0000000006029fc0                __pack_d
 .text          0x000000000602a21c       0xcc /joe/Compiler/LINUX/bin/../lib/gcc/sh-none-elf/8.2.0/libgcc.a(_unpack_df.o)
                0x000000000602a21c                __unpack_d
 .text          0x000000000602a2e8       0xc8 /joe/Compiler/LINUX/bin/../lib/gcc/sh-none-elf/8.2.0/libgcc.a(_fpcmp_parts_df.o)
                0x000000000602a2e8                __fpcmp_parts_d
 *(.strings)
 *(SEGA_P)
 *(.eh_frame_hdr)
 *(.eh_frame)
 .eh_frame      0x000000000602a3b0       0xa8 /joe/Compiler/LINUX/bin/../lib/gcc/sh-none-elf/8.2.0/libgcc.a(_udivdi3.o)
 .eh_frame      0x000000000602a458       0xdc /joe/Compiler/LINUX/bin/../lib/gcc/sh-none-elf/8.2.0/libgcc.a(_umoddi3.o)
                0x000000000602a534                __etext = .

.text.startup   0x000000000602a540      0xc20
 .text.startup  0x000000000602a540      0xc14 /tmp/ccSQorQF.ltrans0.ltrans.o
                0x000000000602a540                main

SLPROG          0x000000000602b160    0x158a0
                0x000000000602b160                __slprog_start = .
 *(SLPROG)
 SLPROG         0x000000000602b160     0x6540 /joe/Compiler/COMMON/SGL_302j/LIB_ELF/SGLAREA.O
                0x000000000602b160                MasterStack
                0x000000000602b164                SlaveStack
                0x000000000602b168                MaxVertices
                0x000000000602b16a                MaxPolygons
                0x000000000602b16c                SortList
                0x000000000602b170                SortListSize
                0x000000000602b174                TransList
                0x000000000602b178                Zbuffer
                0x000000000602b17c                SpriteBuf
                0x000000000602b180                SpriteBufSize
                0x000000000602b184                Pbuffer
                0x000000000602b188                CommandBuf
                0x000000000602b18c                CLOfstBuf
                0x000000000602b190                PCM_Work
                0x000000000602b194                PCM_WkSize
                0x000000000602b198                MaxEvents
                0x000000000602b19a                EventSize
                0x000000000602b19c                MaxWorks
                0x000000000602b19e                WorkSize
                0x000000000602b1a0                RemainEvent
                0x000000000602b2a0                RemainWork
                0x000000000602b6a0                EventBuf
                0x000000000602d6a0                WorkBuf
 SLPROG         0x00000000060316a0     0x411e /joe/Compiler/COMMON/SGL_302j/LIB_ELF/LIBSGL.A(sglA01.o)
                0x00000000060316a0                slSin
                0x00000000060316c4                slCos
                0x00000000060316e8                GetSinCos
                0x000000000603177c                sin_cos_index_tbl
                0x00000000060317bc                sin_tbl
 *fill*         0x00000000060357be        0x2 
 SLPROG         0x00000000060357c0       0x18 /joe/Compiler/COMMON/SGL_302j/LIB_ELF/LIBSGL.A(sglA15.o)
                0x00000000060357c0                slSlaveFunc
 *fill*         0x00000000060357d8        0x8 
 SLPROG         0x00000000060357e0       0xd0 /joe/Compiler/COMMON/SGL_302j/LIB_ELF/LIBSGL.A(sglA16.o)
                0x00000000060357e0                slLookAt
 SLPROG         0x00000000060358b0       0x78 /joe/Compiler/COMMON/SGL_302j/LIB_ELF/LIBSGL.A(sglA17.o)
                0x00000000060358b0                slRotZ
                0x00000000060358ba                slRotZSC
 *fill*         0x0000000006035928        0x8 
 SLPROG         0x0000000006035930       0x78 /joe/Compiler/COMMON/SGL_302j/LIB_ELF/LIBSGL.A(sglA18.o)
                0x0000000006035930                slRotY
                0x000000000603593a                slRotYSC
 *fill*         0x00000000060359a8        0x8 
 SLPROG         0x00000000060359b0       0x78 /joe/Compiler/COMMON/SGL_302j/LIB_ELF/LIBSGL.A(sglA19.o)
                0x00000000060359b0                slRotX
                0x00000000060359ba                slRotXSC
 *fill*         0x0000000006035a28        0x8 
 SLPROG         0x0000000006035a30      0x42c /joe/Compiler/COMMON/SGL_302j/LIB_ELF/LIBSGL.A(sglA20.o)
                0x0000000006035a30                slInitMatrix
                0x0000000006035a3a                slPushUnitMatrix
                0x0000000006035a4e                slUnitMatrix
 *fill*         0x0000000006035e5c        0x4 
 SLPROG         0x0000000006035e60       0x48 /joe/Compiler/COMMON/SGL_302j/LIB_ELF/LIBSGL.A(sglA21.o)
                0x0000000006035e60                slPushMatrix
                0x0000000006035e94                slPopMatrix
                0x0000000006035e94                slDecMatrixPtr
 *fill*         0x0000000006035ea8        0x8 
 SLPROG         0x0000000006035eb0       0x50 /joe/Compiler/COMMON/SGL_302j/LIB_ELF/LIBSGL.A(sglA27.o)
                0x0000000006035eb0                slTranslate
 SLPROG         0x0000000006035f00       0x70 /joe/Compiler/COMMON/SGL_302j/LIB_ELF/LIBSGL.A(sglA28.o)
                0x0000000006035f00                slScale
 SLPROG         0x0000000006035f70       0x22 /joe/Compiler/COMMON/SGL_302j/LIB_ELF/LIBSGL.A(sglA40.o)
                0x0000000006035f70                slCalcVector
 *fill*         0x0000000006035f92        0xe 
 SLPROG         0x0000000006035fa0       0x20 /joe/Compiler/COMMON/SGL_302j/LIB_ELF/LIBSGL.A(sglB001.o)
                0x0000000006035fa0                slTVOn
                0x0000000006035faa                slTVOff
 SLPROG         0x0000000006035fc0       0x24 /joe/Compiler/COMMON/SGL_302j/LIB_ELF/LIBSGL.A(sglB011.o)
                0x0000000006035fc0                slBitMapNbg1
 *fill*         0x0000000006035fe4        0xc 
 SLPROG         0x0000000006035ff0        0x8 /joe/Compiler/COMMON/SGL_302j/LIB_ELF/LIBSGL.A(sglB014.o)
                0x0000000006035ff0                slScrTransparent
 *fill*         0x0000000006035ff8        0x8 
 SLPROG         0x0000000006036000      0x40c /joe/Compiler/COMMON/SGL_302j/LIB_ELF/LIBSGL.A(sglB015.o)
                0x0000000006036000                slScrAutoDisp
 *fill*         0x000000000603640c        0x4 
 SLPROG         0x0000000006036410        0xc /joe/Compiler/COMMON/SGL_302j/LIB_ELF/LIBSGL.A(sglB016.o)
                0x0000000006036410                slBack1ColSet
 *fill*         0x000000000603641c        0x4 
 SLPROG         0x0000000006036420       0x10 /joe/Compiler/COMMON/SGL_302j/LIB_ELF/LIBSGL.A(sglB020.o)
                0x0000000006036420                slColorCalc
 SLPROG         0x0000000006036430        0xc /joe/Compiler/COMMON/SGL_302j/LIB_ELF/LIBSGL.A(sglB021.o)
                0x0000000006036430                slColorCalcOn
 *fill*         0x000000000603643c        0x4 
 SLPROG         0x0000000006036440        0xc /joe/Compiler/COMMON/SGL_302j/LIB_ELF/LIBSGL.A(sglB023.o)
                0x0000000006036440                slColRate
 *fill*         0x000000000603644c        0x4 
 SLPROG         0x0000000006036450       0xb0 /joe/Compiler/COMMON/SGL_302j/LIB_ELF/LIBSGL.A(sglB031.o)
                0x0000000006036450                slMapNbg0
 SLPROG         0x0000000006036500       0xb4 /joe/Compiler/COMMON/SGL_302j/LIB_ELF/LIBSGL.A(sglB032.o)
                0x0000000006036500                slMapNbg1
 *fill*         0x00000000060365b4        0xc 
 SLPROG         0x00000000060365c0       0xb0 /joe/Compiler/COMMON/SGL_302j/LIB_ELF/LIBSGL.A(sglB033.o)
                0x00000000060365c0                slMapNbg2
 SLPROG         0x0000000006036670       0xb4 /joe/Compiler/COMMON/SGL_302j/LIB_ELF/LIBSGL.A(sglB034.o)
                0x0000000006036670                slMapNbg3
 *fill*         0x0000000006036724        0xc 
 SLPROG         0x0000000006036730       0xd4 /joe/Compiler/COMMON/SGL_302j/LIB_ELF/LIBSGL.A(sglB035.o)
                0x0000000006036730                sl1MapRA
                0x00000000060367c2                rbank_set
 *fill*         0x0000000006036804        0xc 
 SLPROG         0x0000000006036810       0xa0 /joe/Compiler/COMMON/SGL_302j/LIB_ELF/LIBSGL.A(sglB036.o)
                0x0000000006036810                sl1MapRB
 SLPROG         0x00000000060368b0       0x70 /joe/Compiler/COMMON/SGL_302j/LIB_ELF/LIBSGL.A(sglB038.o)
                0x00000000060368b0                slRparaInitSet
 SLPROG         0x0000000006036920       0x7e /joe/Compiler/COMMON/SGL_302j/LIB_ELF/LIBSGL.A(sglB039.o)
                0x0000000006036920                slMakeKtable
 *fill*         0x000000000603699e        0x2 
 SLPROG         0x00000000060369a0       0x58 /joe/Compiler/COMMON/SGL_302j/LIB_ELF/LIBSGL.A(sglB040.o)
                0x00000000060369a0                slKtableRA
 *fill*         0x00000000060369f8        0x8 
 SLPROG         0x0000000006036a00       0x5c /joe/Compiler/COMMON/SGL_302j/LIB_ELF/LIBSGL.A(sglB041.o)
                0x0000000006036a00                slKtableRB
 *fill*         0x0000000006036a5c        0x4 
 SLPROG         0x0000000006036a60       0x10 /joe/Compiler/COMMON/SGL_302j/LIB_ELF/LIBSGL.A(sglB042.o)
                0x0000000006036a60                slCurRpara
 SLPROG         0x0000000006036a70        0x8 /joe/Compiler/COMMON/SGL_302j/LIB_ELF/LIBSGL.A(sglB043.o)
                0x0000000006036a70                slRparaMode
 *fill*         0x0000000006036a78        0x8 
 SLPROG         0x0000000006036a80      0x4e4 /joe/Compiler/COMMON/SGL_302j/LIB_ELF/LIBSGL.A(sglB044.o)
                0x0000000006036a80                slScrMatSet
 *fill*         0x0000000006036f64        0xc 
 SLPROG         0x0000000006036f70       0x28 /joe/Compiler/COMMON/SGL_302j/LIB_ELF/LIBSGL.A(sglB045.o)
                0x0000000006036f70                slScrMatConv
 *fill*         0x0000000006036f98        0x8 
 SLPROG         0x0000000006036fa0        0xc /joe/Compiler/COMMON/SGL_302j/LIB_ELF/LIBSGL.A(sglB047.o)
                0x0000000006036fa0                slOverRA
 *fill*         0x0000000006036fac        0x4 
 SLPROG         0x0000000006036fb0       0x10 /joe/Compiler/COMMON/SGL_302j/LIB_ELF/LIBSGL.A(sglB048.o)
                0x0000000006036fb0                slOverRB
 SLPROG         0x0000000006036fc0        0xc /joe/Compiler/COMMON/SGL_302j/LIB_ELF/LIBSGL.A(sglB055.o)
                0x0000000006036fc0                slPlaneNbg0
 *fill*         0x0000000006036fcc        0x4 
 SLPROG         0x0000000006036fd0        0xc /joe/Compiler/COMMON/SGL_302j/LIB_ELF/LIBSGL.A(sglB056.o)
                0x0000000006036fd0                slPlaneNbg1
 *fill*         0x0000000006036fdc        0x4 
 SLPROG         0x0000000006036fe0       0x10 /joe/Compiler/COMMON/SGL_302j/LIB_ELF/LIBSGL.A(sglB057.o)
                0x0000000006036fe0                slPlaneNbg2
 SLPROG         0x0000000006036ff0       0x10 /joe/Compiler/COMMON/SGL_302j/LIB_ELF/LIBSGL.A(sglB058.o)
                0x0000000006036ff0                slPlaneNbg3
 SLPROG         0x0000000006037000        0xc /joe/Compiler/COMMON/SGL_302j/LIB_ELF/LIBSGL.A(sglB059.o)
                0x0000000006037000                slPlaneRA
 *fill*         0x000000000603700c        0x4 
 SLPROG         0x0000000006037010       0x10 /joe/Compiler/COMMON/SGL_302j/LIB_ELF/LIBSGL.A(sglB060.o)
                0x0000000006037010                slPlaneRB
 SLPROG         0x0000000006037020        0xc /joe/Compiler/COMMON/SGL_302j/LIB_ELF/LIBSGL.A(sglB063.o)
                0x0000000006037020                slPriority
 *fill*         0x000000000603702c        0x4 
 SLPROG         0x0000000006037030       0x18 /joe/Compiler/COMMON/SGL_302j/LIB_ELF/LIBSGL.A(sglB087.o)
                0x0000000006037030                slLineScrollTable0
 *fill*         0x0000000006037048        0x8 
 SLPROG         0x0000000006037050        0x8 /joe/Compiler/COMMON/SGL_302j/LIB_ELF/LIBSGL.A(sglB088.o)
                0x0000000006037050                slLineScrollTable1
 *fill*         0x0000000006037058        0x8 
 SLPROG         0x0000000006037060        0xc /joe/Compiler/COMMON/SGL_302j/LIB_ELF/LIBSGL.A(sglB090.o)
                0x0000000006037060                slLineScrollMode
 *fill*         0x000000000603706c        0x4 
 SLPROG         0x0000000006037070      0x114 /joe/Compiler/COMMON/SGL_302j/LIB_ELF/LIBSGL.A(sglB200.o)
                0x0000000006037070                slCharRbg0
                0x000000000603707c                slCharNbg0
                0x0000000006037088                slCharNbg1
                0x0000000006037094                slCharNbg2
                0x00000000060370aa                slCharNbg3
                0x00000000060370c2                slPageRbg0
                0x00000000060370d8                slPageNbg1
                0x00000000060370e0                slPageNbg2
                0x00000000060370e8                slPageNbg3
                0x00000000060370f4                slPageNbg0
 *fill*         0x0000000006037184        0xc 
 SLPROG         0x0000000006037190       0x6c /joe/Compiler/COMMON/SGL_302j/LIB_ELF/LIBSGL.A(sglC01.o)
                0x0000000006037190                slPerspective
 *fill*         0x00000000060371fc        0x4 
 SLPROG         0x0000000006037200       0xc4 /joe/Compiler/COMMON/SGL_302j/LIB_ELF/LIBSGL.A(sglC03.o)
                0x0000000006037200                slWindow
 *fill*         0x00000000060372c4        0xc 
 SLPROG         0x00000000060372d0       0x2c /joe/Compiler/COMMON/SGL_302j/LIB_ELF/LIBSGL.A(sglC04.o)
                0x00000000060372d0                slZdspLevel
 *fill*         0x00000000060372fc        0x4 
 SLPROG         0x0000000006037300       0x78 /joe/Compiler/COMMON/SGL_302j/LIB_ELF/LIBSGL.A(sglC05.o)
                0x0000000006037300                slSetSprite
 *fill*         0x0000000006037378        0x8 
 SLPROG         0x0000000006037380       0xfa /joe/Compiler/COMMON/SGL_302j/LIB_ELF/LIBSGL.A(sglC06.o)
                0x0000000006037380                slDispSprite
 *fill*         0x000000000603747a        0x6 
 SLPROG         0x0000000006037480      0x162 /joe/Compiler/COMMON/SGL_302j/LIB_ELF/LIBSGL.A(sglC07.o)
                0x0000000006037486                slPutSprite
 *fill*         0x00000000060375e2        0xe 
 SLPROG         0x00000000060375f0     0x1218 /joe/Compiler/COMMON/SGL_302j/LIB_ELF/LIBSGL.A(sglC08.o)
                0x00000000060375f0                slPutPolygon
                0x000000000603826c                MsCalcDepthFlat
 *fill*         0x0000000006038808        0x8 
 SLPROG         0x0000000006038810       0x8c /joe/Compiler/COMMON/SGL_302j/LIB_ELF/LIBSGL.A(sglC14.o)
                0x0000000006038810                slCurWindow
 *fill*         0x000000000603889c        0x4 
 SLPROG         0x00000000060388a0       0x54 /joe/Compiler/COMMON/SGL_302j/LIB_ELF/LIBSGL.A(sglC16.o)
                0x00000000060388a0                slDynamicFrame
 *fill*         0x00000000060388f4        0xc 
 SLPROG         0x0000000006038900       0x4c /joe/Compiler/COMMON/SGL_302j/LIB_ELF/LIBSGL.A(sglC17.o)
                0x0000000006038900                slDispSpriteHV
 *fill*         0x000000000603894c        0x4 
 SLPROG         0x0000000006038950       0xd4 /joe/Compiler/COMMON/SGL_302j/LIB_ELF/LIBSGL.A(sglC19.o)
                0x0000000006038950                slDispSprite4P
 *fill*         0x0000000006038a24        0xc 
 SLPROG         0x0000000006038a30       0x40 /joe/Compiler/COMMON/SGL_302j/LIB_ELF/LIBSGL.A(sglC20.o)
                0x0000000006038a30                SpriteEntry
 SLPROG         0x0000000006038a70      0x4ae /joe/Compiler/COMMON/SGL_302j/LIB_ELF/LIBSGL.A(sglC21.o)
                0x0000000006038af8                RotSprite
                0x0000000006038b86                SetSprPosition
 *fill*         0x0000000006038f1e        0x2 
 SLPROG         0x0000000006038f20       0x84 /joe/Compiler/COMMON/SGL_302j/LIB_ELF/LIBSGL.A(sglD00.o)
                0x0000000006038f20                slDMACopy
                0x0000000006038f20                slCpuDMACopy
                0x0000000006038f7a                slCashPurge
                0x0000000006038f7a                CSH_AllClr
 *fill*         0x0000000006038fa4        0xc 
 SLPROG         0x0000000006038fb0       0xa0 /joe/Compiler/COMMON/SGL_302j/LIB_ELF/LIBSGL.A(sglD01.o)
                0x0000000006038fb0                slDMAXCopy
 SLPROG         0x0000000006039050       0x10 /joe/Compiler/COMMON/SGL_302j/LIB_ELF/LIBSGL.A(sglD02.o)
                0x0000000006039050                slDMAWait
 SLPROG         0x0000000006039060        0xc /joe/Compiler/COMMON/SGL_302j/LIB_ELF/LIBSGL.A(sglD03.o)
                0x0000000006039060                slDMAStatus
 *fill*         0x000000000603906c        0x4 
 SLPROG         0x0000000006039070       0x20 /joe/Compiler/COMMON/SGL_302j/LIB_ELF/LIBSGL.A(sglD15.o)
                0x0000000006039070                CSH_Purge
 SLPROG         0x0000000006039090       0x84 /joe/Compiler/COMMON/SGL_302j/LIB_ELF/LIBSGL.A(sglD16.o)
                0x0000000006039090                DMA_ScuSetPrm
                0x00000000060390d8                DMA_SCU_PRM0
 *fill*         0x0000000006039114        0xc 
 SLPROG         0x0000000006039120       0x88 /joe/Compiler/COMMON/SGL_302j/LIB_ELF/LIBSGL.A(sglD17.o)
                0x0000000006039120                DMA_ScuStart
 *fill*         0x00000000060391a8        0x8 
 SLPROG         0x00000000060391b0       0x34 /joe/Compiler/COMMON/SGL_302j/LIB_ELF/LIBSGL.A(sglD18.o)
                0x00000000060391b0                DMA_ScuGetStatus
 *fill*         0x00000000060391e4        0xc 
 SLPROG         0x00000000060391f0       0x34 /joe/Compiler/COMMON/SGL_302j/LIB_ELF/LIBSGL.A(sglF08.o)
                0x00000000060391f0                slDec2Hex
 *fill*         0x0000000006039224        0xc 
 SLPROG         0x0000000006039230      0xfc8 /joe/Compiler/COMMON/SGL_302j/LIB_ELF/LIBSGL.A(sglH00.o)
                0x0000000006039248                slGetPortDir1
                0x0000000006039250                slGetPortDir2
                0x0000000006039258                slSetPortDir1
                0x0000000006039282                slSetPortDir2
                0x00000000060392bc                slGetPortData1
                0x00000000060392c4                slGetPortData2
                0x00000000060392cc                slSetPortData1
                0x00000000060392d6                slSetPortData2
                0x00000000060392e8                slGetPortSelect1
                0x00000000060392f2                slGetPortSelect2
                0x00000000060392fc                slSetPortSelect1
                0x0000000006039330                slSetPortSelect2
                0x000000000603936c                slGetPortExt1
                0x0000000006039376                slGetPortExt2
                0x0000000006039380                slSetPortExt1
                0x00000000060393b0                slSetPortExt2
                0x0000000006039524                slSmpcDirectAccess
                0x00000000060395a4                slInitPeripheral
                0x0000000006039636                slSetResultBuffer
                0x00000000060396c2                slCheckIntBackSet
                0x00000000060396ce                slIntBackCancel
                0x00000000060396f8                slCheckReset
                0x0000000006039702                slClearReset
                0x00000000060398c8                slSmpcCashSend
                0x0000000006039984                slSmpcCashBlow
                0x0000000006039a60                slGetOptimize
                0x0000000006039a6a                slSetOptimize
                0x0000000006039a90                slGetPortMode1
                0x0000000006039a9c                slGetPortMode2
                0x0000000006039aaa                slSetPortMode1
                0x0000000006039ae8                slSetPortMode2
                0x0000000006039c74                slRequestCommand
                0x0000000006039ce4                Smpc_Status
                0x0000000006039ce8                Smpc_Result
                0x0000000006039cec                Smpc_Peripheral
                0x0000000006039cf2                Per_Connect1
                0x0000000006039cf3                Per_Connect2
                0x0000000006039d14                SmpcStatusBuf
 *fill*         0x000000000603a1f8        0x8 
 SLPROG         0x000000000603a200       0xa8 /joe/Compiler/COMMON/SGL_302j/LIB_ELF/LIBSGL.A(sglH01.o)
                0x000000000603a200                slGetLanguage
                0x000000000603a20a                slSetLanguage
                0x000000000603a22c                slGetSoundEffect
                0x000000000603a238                slSetSoundEffect
                0x000000000603a254                slGetSoundOutput
                0x000000000603a260                slSetSoundOutput
                0x000000000603a27c                slGetHelpWindow
                0x000000000603a288                slSetHelpWindow
 *fill*         0x000000000603a2a8        0x8 
 SLPROG         0x000000000603a2b0      0x470 /joe/Compiler/COMMON/SGL_302j/LIB_ELF/LIBSGL.A(sglH02.o)
                0x000000000603a6a0                smpc_pfr_tbl
                0x000000000603a6e0                smpc_ptf_tbl
 SLPROG         0x000000000603a720       0x60 /joe/Compiler/COMMON/SGL_302j/LIB_ELF/LIBSGL.A(sglH04.o)
                0x000000000603a720                slComPrmIntBack
                0x000000000603a734                slComPrmSetMemory
                0x000000000603a74a                slComPrmSetTime
 SLPROG         0x000000000603a780      0x3a4 /joe/Compiler/COMMON/SGL_302j/LIB_ELF/LIBSGL.A(sglI01.o)
                0x000000000603a780                slInitSynch
                0x000000000603a79a                slSynch
                0x000000000603a890                slRandom
                0x000000000603a8ae                PCM_EndCheck
                0x000000000603a96a                RetPCMBuf
                0x000000000603aa04                PCM_Buf
                0x000000000603aaa4                Sound_Buf
 *fill*         0x000000000603ab24        0xc 
 SLPROG         0x000000000603ab30       0x10 /joe/Compiler/COMMON/SGL_302j/LIB_ELF/LIBSGL.A(sglI04.o)
                0x000000000603ab30                slIntFunction
 SLPROG         0x000000000603ab40       0x74 /joe/Compiler/COMMON/SGL_302j/LIB_ELF/LIBSGL.A(sglJ00.o)
                0x000000000603ab40                InitSlaveSH
                0x000000000603aba8                SlaveCommand
 *fill*         0x000000000603abb4        0xc 
 SLPROG         0x000000000603abc0      0x3d0 /joe/Compiler/COMMON/SGL_302j/LIB_ELF/LIBSGL.A(sglJ01.o)
                0x000000000603abc0                SlaveControl
                0x000000000603af7c                ErasePolygonData
 SLPROG         0x000000000603af90     0x12b8 /joe/Compiler/COMMON/SGL_302j/LIB_ELF/LIBSGL.A(sglJ02.o)
                0x000000000603af90                sbMakePolygon
                0x000000000603b178                sbCalcPolygon
                0x000000000603beb0                SetTexture
                0x000000000603bebc                SetPolygon
                0x000000000603bec4                SetPosition
                0x000000000603befc                stvtc_4
                0x000000000603bfb4                stvtc_3
                0x000000000603c1c4                stvtc_1
                0x000000000603c1d8                stvtc_2
                0x000000000603c1ec                stvtc_0
 *fill*         0x000000000603c248        0x8 
 SLPROG         0x000000000603c250      0x140 /joe/Compiler/COMMON/SGL_302j/LIB_ELF/LIBSGL.A(sglJ03.o)
                0x000000000603c250                sbMakeDMATable
 SLPROG         0x000000000603c390      0x470 /joe/Compiler/COMMON/SGL_302j/LIB_ELF/LIBSGL.A(sglJ04.o)
                0x000000000603c3ee                sbMakeSprite
                0x000000000603c454                sbMakeRotSprite
 SLPROG         0x000000000603c800       0x3c /joe/Compiler/COMMON/SGL_302j/LIB_ELF/LIBSGL.A(sglJ05.o)
                0x000000000603c800                sbSortEntry
 *fill*         0x000000000603c83c        0x4 
 SLPROG         0x000000000603c840      0x4b8 /joe/Compiler/COMMON/SGL_302j/LIB_ELF/LIBSGL.A(sglM00.o)
                0x000000000603c840                slInitGouraud
                0x000000000603c934                slPutPolygonX
                0x000000000603c97a                slGouraudTblCopy
                0x000000000603c9d2                slSetGouraudTbl
                0x000000000603c9d8                slSetGouraudColor
                0x000000000603ca50                slSetAmbient
                0x000000000603ca74                slSetFlatColor
 *fill*         0x000000000603ccf8        0x8 
 SLPROG         0x000000000603cd00       0x6a /joe/Compiler/COMMON/SGL_302j/LIB_ELF/LIBSGL.A(sglM01.o)
                0x000000000603cd00                slSetDepthLimit
                0x000000000603cd2c                slSetDepthTbl
                0x000000000603cd5c                DepthWorkArea
 *fill*         0x000000000603cd6a        0x6 
 SLPROG         0x000000000603cd70       0x20 /joe/Compiler/COMMON/SGL_302j/LIB_ELF/LIBSGL.A(sglA00.o)
                0x000000000603cd70                set_imask
                0x000000000603cd70                _builtin_set_imask
                0x000000000603cd84                get_imask
                0x000000000603cd84                _builtin_get_imask
 SLPROG         0x000000000603cd90     0x215c /joe/Compiler/COMMON/SGL_302j/LIB_ELF/LIBSGL.A(sglA03.o)
                0x000000000603cd90                slTan
 *fill*         0x000000000603eeec        0x4 
 SLPROG         0x000000000603eef0       0x34 /joe/Compiler/COMMON/SGL_302j/LIB_ELF/LIBSGL.A(sglA10.o)
                0x000000000603eef0                slSquartDbl
 *fill*         0x000000000603ef24        0xc 
 SLPROG         0x000000000603ef30      0x3c2 /joe/Compiler/COMMON/SGL_302j/LIB_ELF/LIBSGL.A(sglA24.o)
                0x000000000603ef30                slInversMatrix
 *fill*         0x000000000603f2f2        0xe 
 SLPROG         0x000000000603f300       0x24 /joe/Compiler/COMMON/SGL_302j/LIB_ELF/LIBSGL.A(sglA25.o)
                0x000000000603f300                slTransposeMatrix
 *fill*         0x000000000603f324        0xc 
 SLPROG         0x000000000603f330      0xbd0 /joe/Compiler/COMMON/SGL_302j/LIB_ELF/LIBSGL.A(sglB000.o)
                0x000000000603f330                slInitScroll
                0x000000000603f450                setASC_1to8
                0x000000000603f480                setASC_4to8
                0x000000000603f590                TVSizeTbl
                0x000000000603f610                TVModeTbl
                0x000000000603f7e8                SGL_ASCII_CG
 SLPROG         0x000000000603ff00      0x134 /joe/Compiler/COMMON/SGL_302j/LIB_ELF/LIBSGL.A(sglC00.o)
                0x000000000603ff00                slInitSprite
 *fill*         0x0000000006040034        0xc 
 SLPROG         0x0000000006040040       0xac /joe/Compiler/COMMON/SGL_302j/LIB_ELF/LIBSGL.A(sglC13.o)
                0x0000000006040040                slPutPolygonS
 *fill*         0x00000000060400ec        0x4 
 SLPROG         0x00000000060400f0       0xc0 /joe/Compiler/COMMON/SGL_302j/LIB_ELF/LIBSGL.A(sglD19.o)
                0x00000000060400f0                DMA_ScuMemCopy
 SLPROG         0x00000000060401b0      0x75c /joe/Compiler/COMMON/SGL_302j/LIB_ELF/LIBSGL.A(sglI00.o)
                0x00000000060404a0                slInitInterrupt
 *fill*         0x000000000604090c        0x4 
 SLPROG         0x0000000006040910       0xf0 /joe/Compiler/COMMON/SGL_302j/LIB_ELF/LIBSGL.A(sglH03.o)
                0x0000000006040974                slSmpcIntBack
                0x0000000006040a00                __slprog_end = .

.tors           0x0000000006040a00        0x0