Archive member included to satisfy reference by file (symbol)

D:/joengine-master/Compiler/COMMON/SGL_302j/LIB_ELF/SEGA_SYS.A(sys_exit.o)
                              D:/joengine-master/jo_engine/core.o (SYS_Exit)
D:/joengine-master/Compiler/COMMON/SGL_302j/LIB_ELF/SEGA_SYS.A(sys_sub.o)
                              D:/joengine-master/Compiler/COMMON/SGL_302j/LIB_ELF/SEGA_SYS.A(sys_exit.o) (SYSUB_SetStackptr)
D:/joengine-master/Compiler/COMMON/SGL_302j/LIB_ELF/LIBCD.A(CDC_CMN.O)
                              D:/joengine-master/Compiler/COMMON/SGL_302j/LIB_ELF/SEGA_SYS.A(sys_exit.o) (CDC_GetCurStat)
D:/joengine-master/Compiler/COMMON/SGL_302j/LIB_ELF/LIBCD.A(CDC_DRV.O)
                              pcmsys.o (CDC_CdPlay)
D:/joengine-master/Compiler/COMMON/SGL_302j/LIB_ELF/LIBCD.A(CDC_CFS.O)
                              D:/joengine-master/Compiler/COMMON/SGL_302j/LIB_ELF/SEGA_SYS.A(sys_exit.o) (CDC_ChgDir)
D:/joengine-master/Compiler/COMMON/SGL_302j/LIB_ELF/LIBCD.A(CDC_REG.O)
                              D:/joengine-master/Compiler/COMMON/SGL_302j/LIB_ELF/SEGA_SYS.A(sys_exit.o) (CDC_GetHirqReq)
D:/joengine-master/Compiler/COMMON/SGL_302j/LIB_ELF/LIBCD.A(CDC_SUB.O)
                              D:/joengine-master/Compiler/COMMON/SGL_302j/LIB_ELF/LIBCD.A(CDC_CMN.O) (CDSUB_UpdStatus)
D:/joengine-master/Compiler/COMMON/SGL_302j/LIB_ELF/LIBCD.A(GFS.O)
                              pcmsys.o (GFS_Init)
D:/joengine-master/Compiler/COMMON/SGL_302j/LIB_ELF/LIBCD.A(GFS_BUF.O)
                              D:/joengine-master/Compiler/COMMON/SGL_302j/LIB_ELF/LIBCD.A(GFS.O) (GFBF_GetNumData)
D:/joengine-master/Compiler/COMMON/SGL_302j/LIB_ELF/LIBCD.A(GFS_CDB.O)
                              D:/joengine-master/Compiler/COMMON/SGL_302j/LIB_ELF/LIBCD.A(GFS.O) (GFCB_Close)
D:/joengine-master/Compiler/COMMON/SGL_302j/LIB_ELF/LIBCD.A(GFS_CDC.O)
                              D:/joengine-master/Compiler/COMMON/SGL_302j/LIB_ELF/LIBCD.A(GFS.O) (GFCD_SetCdbfs)
D:/joengine-master/Compiler/COMMON/SGL_302j/LIB_ELF/LIBCD.A(GFS_CDF.O)
                              D:/joengine-master/Compiler/COMMON/SGL_302j/LIB_ELF/LIBCD.A(GFS.O) (GFCF_Init)
D:/joengine-master/Compiler/COMMON/SGL_302j/LIB_ELF/LIBCD.A(GFS_DIR.O)
                              D:/joengine-master/Compiler/COMMON/SGL_302j/LIB_ELF/LIBCD.A(GFS.O) (GFDR_SetupDirTbl)
D:/joengine-master/Compiler/COMMON/SGL_302j/LIB_ELF/LIBCD.A(GFS_TRN.O)
                              D:/joengine-master/Compiler/COMMON/SGL_302j/LIB_ELF/LIBCD.A(GFS.O) (GFTR_Setup)
D:/joengine-master/Compiler/COMMON/SGL_302j/LIB_ELF/LIBCD.A(CDC_DEV.O)
                              D:/joengine-master/Compiler/COMMON/SGL_302j/LIB_ELF/LIBCD.A(GFS_CDC.O) (CDC_CdSetCon)
D:/joengine-master/Compiler/COMMON/SGL_302j/LIB_ELF/LIBCD.A(CDC_SEL.O)
                              D:/joengine-master/Compiler/COMMON/SGL_302j/LIB_ELF/LIBCD.A(GFS_CDC.O) (CDC_SetFiltRange)
D:/joengine-master/Compiler/COMMON/SGL_302j/LIB_ELF/LIBCD.A(CDC_BIF.O)
                              D:/joengine-master/Compiler/COMMON/SGL_302j/LIB_ELF/LIBCD.A(GFS_CDC.O) (CDC_GetBufSiz)
D:/joengine-master/Compiler/COMMON/SGL_302j/LIB_ELF/LIBCD.A(CDC_BIO.O)
                              D:/joengine-master/Compiler/COMMON/SGL_302j/LIB_ELF/LIBCD.A(GFS_CDC.O) (CDC_SetSctLen)
D:/joengine-master/Compiler/COMMON/SGL_302j/LIB_ELF/LIBSGL.A(sglA01.o)
                              D:/joengine-master/jo_engine/math.o (slSin)
D:/joengine-master/Compiler/COMMON/SGL_302j/LIB_ELF/LIBSGL.A(sglA15.o)
                              D:/joengine-master/jo_engine/slave.o (slSlaveFunc)
D:/joengine-master/Compiler/COMMON/SGL_302j/LIB_ELF/LIBSGL.A(sglA16.o)
                              main.o (slLookAt)
D:/joengine-master/Compiler/COMMON/SGL_302j/LIB_ELF/LIBSGL.A(sglA17.o)
                              main.o (slRotZ)
D:/joengine-master/Compiler/COMMON/SGL_302j/LIB_ELF/LIBSGL.A(sglA18.o)
                              main.o (slRotY)
D:/joengine-master/Compiler/COMMON/SGL_302j/LIB_ELF/LIBSGL.A(sglA19.o)
                              main.o (slRotX)
D:/joengine-master/Compiler/COMMON/SGL_302j/LIB_ELF/LIBSGL.A(sglA20.o)
                              main.o (slUnitMatrix)
D:/joengine-master/Compiler/COMMON/SGL_302j/LIB_ELF/LIBSGL.A(sglA21.o)
                              main.o (slPushMatrix)
D:/joengine-master/Compiler/COMMON/SGL_302j/LIB_ELF/LIBSGL.A(sglA27.o)
                              main.o (slTranslate)
D:/joengine-master/Compiler/COMMON/SGL_302j/LIB_ELF/LIBSGL.A(sglA28.o)
                              main.o (slScale)
D:/joengine-master/Compiler/COMMON/SGL_302j/LIB_ELF/LIBSGL.A(sglA40.o)
                              main.o (slCalcVector)
D:/joengine-master/Compiler/COMMON/SGL_302j/LIB_ELF/LIBSGL.A(sglB001.o)
                              main.o (slTVOn)
D:/joengine-master/Compiler/COMMON/SGL_302j/LIB_ELF/LIBSGL.A(sglB011.o)
                              D:/joengine-master/jo_engine/vdp2.o (slBitMapNbg1)
D:/joengine-master/Compiler/COMMON/SGL_302j/LIB_ELF/LIBSGL.A(sglB014.o)
[...]
Memory Configuration

Name             Origin             Length             Attributes
*default*        0x00000000         0xffffffff

Linker script and memory map


SLSTART         0x06004000       0x30
                0x06004000                ___Start = .
 *(SLSTART)
 SLSTART        0x06004000       0x28 D:/joengine-master/Compiler/COMMON/SGL_302j/LIB_ELF/LIBSGL.A(sglI00.o)
                0x06004000                SGL_Start
                0x06004002                slStartSGL

.text           0x06004040    0x22d10
 *(.text)
 .text          0x06004040        0x0 D:/joengine-master/Compiler/COMMON/SGL_302j/LIB_ELF/SGLAREA.O
 .text          0x06004040     0xd6f8 main.o
                0x06004040                my_vblank
                0x06004ed4                mmm_set_game_state
                0x06004ee0                mmm_get_game_state
                0x06004eec                mmm_get_p2_port
                0x06004f2c                mmm_set_player_net_info
                0x06004f4c                ztClearText
                0x06004f8c                count_char
                0x06004f9c                render_CLUT_sprite_HT
                0x06004fec                render_CLUT_sprite
                0x0600503c                render_CLUT_sprite_MESH
                0x0600508c                render_CLUT_sprite2
                0x06005100                replace_texture
                0x0600513c                change_player_volume
                0x060051ec                stop_engine_sound
                0x06005258                stop_sounds
                0x060052d8                init_2p_display
                0x06005368                init_1p_display
                0x060053f0                effect
                0x0600546c                create_checkpoint
                0x06005488                create_waypoint
                0x060054a8                roundUp
                0x060054ec                animate_texture
                0x0600553c                apply_player_gravity
                0x06005590                getTime
                0x060055f0                getSeconds
                0x06005640                reset_demo
                0x0600582c                reset_to_last_checkpoint
                0x06005924                player_jump
                0x06005948                player_high_bounce
                0x06005988                player_bounce
                0x060059c8                player_ramp_jump
                0x06005a2c                pup_timer_counter
                0x06005ad8                player_hurt
                0x06005b38                set_player_position
                0x06005c3c                set_player_total_position
                0x06005c9c                transition_to_end_level
                0x06005dcc                race_ended
                0x06005dec                player_collision_handling
                0x0600789c                create_enemy
                0x06007970                create_powerup
                0x06007998                create_player
                0x06007b80                create_map_section
                0x06007bbc                computeLight
                0x06007c30                create_particles
                0x06007cd8                create_clouds
                0x06007d68                animate_player
                0x06007ed0                draw_powerups
                0x06007fd4                draw_player
                0x06008cbc                map_builder_draw_section
                0x0600919c                map_builder_draw_powerup
                0x060092f4                draw_walls
                0x06009320                draw_map
                0x0600948c                draw_hud
                0x06009ed4                move_camera
                0x0600a4b8                race_start
                0x0600a750                my_draw
                0x0600ae4c                load_car
                0x0600afc4                load_binary
                0x0600b8d0                load_textures
                0x0600b91c                load_level
                0x0600ba28                load_preview
                0x0600ba6c                load_trackmap
                0x0600bab0                set_palette
                0x0600bacc                change_player_palette
                0x0600bbc4                transition_to_title_screen
                0x0600bc2c                transition_to_player_select
                0x0600bdac                transition_to_level_select
                0x0600be9c                clear_level
                0x0600bef0                menu
                0x0600c080                object_viewer
                0x0600c4e4                pause_game
                0x0600c7e4                attract_mode
                0x0600c7e8                title_screen
                0x0600cbcc                init_display
                0x0600cc40                cpu_control
                0x0600ce28                my_gamepad
                0x0600dea8                load_background
                0x0600dee8                draw_3d_planes
                0x0600e28c                init_3d_planes
                0x0600e380                mmm_online_start_race
                0x0600e758                load_hud
                0x0600e790                load_4bits_car_textures
                0x0600e818                load_4bits_player_textures
                0x0600e9d8                total_table
                0x0600eb2c                race_table
                0x0600ed3c                end_level
                0x0600f414                extra_select
                0x0600f4fc                player_select
                0x0601099c                level_select
                0x06010fd0                gameLoop
                0x060111f0                load_player_and_enemies
                0x0601123c                load_sound
                0x0601146e                load_nbg2_font
                0x060114cc                jo_main
 .text          0x06011738      0x618 collision.o
                0x0601178e                Lerp
                0x060117c4                has_collision
                0x0601183a                has_horizontal_collision
                0x060118d8                has_vertical_collision
                0x06011972                has_ramp_collision
                0x06011b34                has_trigger_collision
                0x06011bc0                has_shadow_collision
                0x06011c3a                has_ceiling_collision
                0x06011cdc                has_object_collision
 .text          0x06011d50      0x7cc pcmsys.o
                0x06011da6                pcm_play
                0x06011dcc                pcm_parameter_change
                0x06011dec                pcm_cease
                0x06011e14                cd_init
                0x06011e4c                smpc_wait_till_ready
                0x06011e5c                smpc_issue_command
                0x06011e70                load_driver_binary
                0x06011f90                load_drv
                0x06011fdc                calculate_bytes_per_blank
                0x0601200c                convert_bitrate_to_pitchword
                0x06012068                load_16bit_pcm
                0x0601218c                load_8bit_pcm
                0x060122ac                gcd
                0x060122dc                lcm
                0x0601230c                load_adx
                0x06012490                sdrv_vblank_rq
                0x060124a0                CDDASetVolume
                0x060124b4                CDDAPlay
                0x060124f4                CDDAPlaySingle
                0x06012500                CDDAStop
 .text          0x0601251c      0x69c name_entry.o
                0x0601265a                name_entry_init
                0x06012668                name_entry_screen
 .text          0x06012bb8     0x1260 connecting.o
                0x060139d4                connecting_init
                0x060139e0                connecting_screen
 .text          0x06013e18      0xc2c lobby.o
                0x060142f2                lobby_init
                0x06014300                lobby_screen
 .text          0x06014a44     0x1a40 net/mmm_net.o
                0x06014f36                mnet_init
                0x06014fb4                mnet_set_modem_available
                0x06014fc0                mnet_set_transport
                0x06014fcc                mnet_set_username
                0x06014ff0                mnet_set_username_2
                0x06015020                mnet_get_state
                0x0601502c                mnet_log
                0x060150c4                mnet_clear_log
                0x060150ec                mnet_client_log
                0x06015c94                mnet_enter_offline
                0x06015cb0                mnet_on_connected
                0x06015d6a                mnet_tick
                0x06015ed0                mnet_send_input_state
                0x06015f58                mnet_send_input_state_p2
                0x06015ff0                mnet_send_player_state
                0x06016090                mnet_send_player_state_p2
                0x0601614c                mnet_send_lap_complete
                0x0601618c                mnet_send_powerup_pickup
                0x060161c8                mnet_send_ready_toggle
                0x06016208                mnet_request_start_game
                0x0601623c                mnet_send_car_select
                0x06016278                mnet_send_add_local_player
                0x060162ec                mnet_send_remove_local_player
                0x06016360                mnet_send_disconnect
                0x060163c0                mnet_request_leaderboard
                0x060163f4                mnet_get_remote_input
                0x06016434                mnet_get_remote_state
                0x06016468                mnet_get_powerup_type
 .text          0x06016484      0x168 libc_stubs.o
                0x060164da                malloc
                0x060164e4                free
                0x060164f8                calloc
                0x06016528                realloc
                0x06016590                _malloc_r
                0x0601659c                _free_r
                0x060165a8                _calloc_r
                0x060165b4                _realloc_r
                0x060165c0                _sbrk
                0x060165c4                _read
                0x060165c8                _write
                0x060165cc                _close
                0x060165d0                _open
                0x060165d4                _fstat
                0x060165d8                _isatty
                0x060165dc                _lseek
                0x060165e0                _kill
                0x060165e4                _getpid
                0x060165e8                _exit
 .text          0x060165ec      0xd50 D:/joengine-master/jo_engine/backup.o
                0x06016642                jo_backup_get_free_block_count
                0x06016664                jo_backup_get_total_block_count
                0x06016688                jo_backup_format_device
                0x06016720                jo_backup_mount
                0x06016824                jo_backup_read_device
                0x06016970                jo_backup_file_exists
                0x06016a2c                jo_backup_get_file_partition
                0x06016ae4                jo_backup_init_file
                0x06016b24                jo_backup_save
                0x06016d60                jo_backup_load_file_comment
                0x06016df4                jo_backup_load_file_contents
                0x06016f64                jo_backup_delete_file
                0x06017070                jo_backup_unmount
                0x060170f0                jo_backup_get_file_last_modified_date
                0x060171d8                jo_backup_get_file_info
                0x060172e8                jo_backup_get_file_size
                0x06017308                jo_backup_get_last_status
 .text          0x0601733c      0x8cc D:/joengine-master/jo_engine/tga.o
                0x06017562                jo_set_tga_default_palette
                0x0601756c                jo_set_tga_palette_handling
                0x06017578                __jo_tga_load
                0x06017640                __jo_tga_any_loader_from_stream
                0x0601768c                jo_tga_8bits_loader_from_stream
                0x060176a4                jo_tga_loader_from_stream
                0x060176bc                __jo_tga_any_loader
                0x06017710                jo_tga_8bits_loader
                0x0601772c                jo_tga_loader
                0x06017748                jo_tga_8bits_tileset_loader
                0x06017934                jo_sprite_add_tga_tileset
                0x06017b28                jo_sprite_add_tga_from_stream
                0x06017b7c                jo_sprite_add_tga
 .text          0x06017c08      0x620 D:/joengine-master/jo_engine/3d.o
                0x06017c5e                jo_3d_init
                0x06017c8c                jo_3d_create_triangle
                0x06017ccc                jo_3d_create_plane
                0x06017d0c                jo_3d_create_mesh_from_vertices_and_normals
                0x06017dfc                jo_3d_free_mesh
                0x06017e20                jo_3d_create_cube
                0x06017e7c                jo_3d_set_mesh_polygon_transparency
                0x06017e9c                jo_3d_set_mesh_transparency
                0x06017ed4                jo_3d_set_mesh_polygon_screen_doors
                0x06017efa                jo_3d_set_mesh_polygon_high_speed_shrink
                0x06017f20                jo_3d_set_mesh_high_speed_shrink
                0x06017f58                jo_3d_set_mesh_screen_doors
                0x06017f90                jo_3d_set_mesh_polygon_light
                0x06017fae                jo_3d_set_mesh_light
                0x06017fe4                jo_3d_set_mesh_polygon_texture
                0x06018050                jo_3d_set_mesh_texture
                0x06018088                jo_3d_set_mesh_polygon_wireframe
                0x060180aa                jo_3d_set_mesh_polygon_color_ex
                0x060180fa                jo_3d_set_mesh_color
                0x06018134                jo_3d_free_sprite_quad
                0x06018160                jo_3d_create_sprite_quad
 .text          0x06018228      0x5a4 D:/joengine-master/jo_engine/fs.o
                0x0601827e                jo_fs_init
                0x060182c8                jo_fs_do_background_jobs
                0x0601835c                jo_fs_read_file_async_ptr
                0x06018458                jo_fs_cd
                0x06018498                jo_fs_read_file_ptr
                0x06018578                jo_fs_read_file_in_dir
                0x060185c0                jo_fs_open
                0x0601863c                jo_fs_seek_forward
                0x060186fc                jo_fs_read_next_bytes
                0x0601879c                jo_fs_close
                0x060187bc                jo_fs_set_read_sector_count
 .text          0x060187cc       0xec D:/joengine-master/jo_engine/slave.o
                0x0601883a                jo_core_add_slave_callback
                0x06018860                jo_core_remove_slave_callback
                0x06018874                jo_core_slave_init
                0x06018884                jo_core_wait_for_slave
                0x060188a4                jo_core_exec_on_slave
 .text          0x060188b8      0x3f4 D:/joengine-master/jo_engine/font.o
                0x0601890e                jo_font_load
                0x06018ad0                jo_font_print
                0x06018ba8                jo_font_print_centered
 .text          0x06018cac      0x1bc D:/joengine-master/jo_engine/input.o
                0x06018d02                jo_get_inputs_vblank
                0x06018d48                jo_get_input_type
                0x06018db0                jo_get_input_count
                0x06018de0                jo_get_input_axis
 .text          0x06018e68        0x0 D:/joengine-master/jo_engine/physics.o
 .text          0x06018e68      0x450 D:/joengine-master/jo_engine/core.o
                0x06018efe                __jo_core_set_screens_order
                0x06018fc4                jo_core_add_vblank_callback
                0x06019004                jo_core_init
                0x06019194                jo_core_remove_vblank_callback
                0x060191c4                jo_core_add_callback
                0x060191e8                jo_core_remove_callback
                0x060191fc                jo_goto_boot_menu
                0x06019208                jo_core_set_restart_game_callback
                0x06019214                jo_core_run
 .text          0x060192b8      0x9c0 D:/joengine-master/jo_engine/math.o
                0x0601930e                jo_fixed_mult
                0x06019320                jo_fixed_dot
                0x06019338                jo_fixed_pow
                0x06019374                jo_fixed_div
                0x0601939c                jo_fixed_sin
                0x060193f8                jo_fixed_cos
                0x06019454                jo_gcd
                0x0601946a                jo_atan2f_rad
                0x06019604                jo_planar_rotate
                0x060196e4                jo_random
                0x0601975c                jo_vector_fixed_compute_bezier_point
                0x060198ec                jo_vectorf_compute_bezier_point
                0x06019a3c                jo_fixed_sqrt
                0x06019ac8                jo_sqrt
                0x06019afe                jo_fixed_rsqrt
                0x06019c08                jo_rsqrt
 .text          0x06019c78      0x1a0 D:/joengine-master/jo_engine/malloc.o
                0x06019cce                jo_add_memory_zone
                0x06019d0c                jo_malloc_with_behaviour
                0x06019da4                jo_reduce_memory_fragmentation
                0x06019df0                jo_free
 .text          0x06019e18      0x258 D:/joengine-master/jo_engine/tools.o
                0x06019e6e                jo_getdate
                0x06019ed8                jo_get_current_language
                0x06019efc                jo_tools_atoi
                0x06019f26                jo_strlen
                0x06019f36                jo_endwith
                0x06019f88                jo_strcmp
                0x06019fb4                jo_memset
                0x0601a01e                jo_map_to_vram
 .text          0x0601a070       0xa4 D:/joengine-master/jo_engine/palette.o
                0x0601a0c6                jo_create_palette
                0x0601a0ec                jo_set_palette_register
                0x0601a100                jo_get_palette_register
 .text          0x0601a114      0x7a8 D:/joengine-master/jo_engine/sprites.o
                0x0601a252                jo_sprite_usage_percent
                0x0601a2d8                jo_get_last_sprite_id
                0x0601a2e4                jo_sprite_init
                0x0601a308                jo_sprite_name2id
                0x0601a34c                jo_sprite_replace
                0x0601a3e0                jo_sprite_add
                0x0601a3f4                jo_sprite_add_8bits_image
                0x0601a408                jo_sprite_free_from
                0x0601a4ac                jo_set_gouraud_shading_colors
                0x0601a4d4                jo_set_gouraud_shading_brightness
                0x0601a500                jo_sprite_draw_4p_fixed
                0x0601a618                jo_sprite_draw
                0x0601a72c                jo_sprite_draw_rotate
                0x0601a888                jo_sprite_set_clipping_area
 .text          0x0601a8bc      0x910 D:/joengine-master/jo_engine/map.o
                0x0601a9d6                jo_map_per_pixel_vertical_collision
                0x0601ab64                jo_map_hitbox_detection_custom_boundaries
                0x0601abd4                jo_map_create
                0x0601ac20                jo_map_add_tile
                0x0601ac44                jo_map_add_animated_tile
                0x0601ac68                jo_map_draw_background
                0x0601acec                jo_map_3d_draw
                0x0601adfc                jo_map_draw
                0x0601aed0                jo_map_free
                0x0601aee8                jo_map_load_from_file
                0x0601b15c                jo_map_move_tiles_by_attribute
 .text          0x0601b1cc      0x15c D:/joengine-master/jo_engine/list.o
                0x0601b222                jo_list_init
                0x0601b230                jo_list_add
                0x0601b274                jo_list_insert_at
                0x0601b2e4                jo_list_remove
 .text          0x0601b328      0x254 D:/joengine-master/jo_engine/sprite_animator.o
                0x0601b3e2                jo_replace_sprite_anim
                0x0601b444                jo_create_sprite_anim
                0x0601b4c0                jo_remove_sprite_anim
                0x0601b54c                jo_clear_all_sprite_anim
 .text          0x0601b57c      0x4ac D:/joengine-master/jo_engine/image.o
                0x0601b5d2                __jo_bin_load
                0x0601b618                jo_free_img
                0x0601b634                jo_bin_loader_from_stream
                0x0601b6c4                jo_bin_loader
                0x0601b734                jo_replace_color
                0x0601b762                jo_sprite_add_bin_tileset
                0x0601b860                jo_sprite_add_bin
                0x0601b8d4                jo_sprite_add_bin_from_stream
                0x0601b914                jo_sprite_add_image_pack
 .text          0x0601ba28      0xfd0 D:/joengine-master/jo_engine/vdp2.o
                0x0601bade                jo_set_default_background_color
                0x0601bb14                __jo_init_vdp2
                0x0601bb70                jo_img_to_vdp2_cells
                0x0601bbec                jo_vdp2_replace_rbg0_plane_a_8bits_image
                0x0601bc00                jo_vdp2_replace_rbg0_plane_b_8bits_image
                0x0601bc14                jo_vdp2_set_rbg0_plane_a_8bits_image
                0x0601bcd8                jo_vdp2_set_rbg0_plane_b_8bits_image
                0x0601bd9c                jo_vdp2_enable_rbg0
                0x0601be68                jo_vdp2_disable_rbg0
                0x0601bec4                jo_vdp2_set_nbg0_8bits_image
                0x0601bfd0                jo_vdp2_disable_nbg0_line_scroll
                0x0601bff4                jo_vdp2_compute_nbg0_line_scroll
                0x0601c00c                jo_vdp2_enable_nbg0_line_scroll
                0x0601c068                jo_vdp2_draw_bitmap_nbg1_line
                0x0601c104                jo_vdp2_clear_bitmap_nbg1
                0x0601c170                jo_vdp2_set_nbg1_8bits_image
                0x0601c260                jo_vdp2_set_nbg1_image
                0x0601c454                jo_vdp2_disable_nbg1_line_scroll
                0x0601c478                jo_vdp2_compute_nbg1_line_scroll
                0x0601c490                jo_vdp2_enable_nbg1_line_scroll
                0x0601c4ec                jo_nbg2_clear
                0x0601c518                __jo_set_nbg2_8bits_image
                0x0601c5bc                jo_nbg2_print
                0x0601c618                jo_vdp2_set_nbg2_8bits_font
                0x0601c688                jo_vdp2_set_nbg2_8bits_image
                0x0601c6f4                jo_nbg3_clear
                0x0601c720                __jo_set_nbg3_8bits_image
                0x0601c7c4                jo_nbg3_print
                0x0601c820                jo_vdp2_set_nbg3_8bits_font
                0x0601c890                jo_vdp2_set_nbg3_8bits_image
                0x0601c8fc                jo_set_displayed_screens
                0x0601c90c                jo_disable_all_screens_transparency
                0x0601c930                jo_enable_screen_transparency
 .text          0x0601c9f8      0x26c D:/joengine-master/jo_engine/time.o
                0x0601ca4e                jo_time_init
                0x0601ca78                jo_get_ticks
                0x0601cb58                jo_fixed_point_time
 .text          0x0601cc64       0x56 D:/joengine-master/jo_engine/vdp1_command_pipeline.o
 *fill*         0x0601ccba        0x2 
 .text          0x0601ccbc      0x258 D:/joengine-master/jo_engine/vdp2_malloc.o
                0x0601cd12                jo_vdp2_malloc_init
                0x0601cd48                jo_vdp2_free
                0x0601cdec                jo_vdp2_malloc
 *fill*         0x0601cf14        0xc 
 .text          0x0601cf20      0x238 D:/joengine-master/Compiler/COMMON/SGL_302j/LIB_ELF/SEGA_SYS.A(sys_exit.o)
                0x0601cf20                sys_version
                0x0601cf40                SYS_Exit
 *fill*         0x0601d158        0x8 
 .text          0x0601d160        0x6 D:/joengine-master/Compiler/COMMON/SGL_302j/LIB_ELF/SEGA_SYS.A(sys_sub.o)
                0x0601d160                SYSUB_SetStackptr
 *fill*         0x0601d166        0xa 
 .text          0x0601d170      0x3a0 D:/joengine-master/Compiler/COMMON/SGL_302j/LIB_ELF/LIBCD.A(CDC_CMN.O)
                0x0601d170                CDC_GetCurStat
                0x0601d1c0                CDC_GetLastStat
                0x0601d1d8                CDC_GetPeriStat
                0x0601d2ac                CDC_GetHwInfo
                0x0601d314                CDC_TgetToc
                0x0601d364                CDC_GetSes
                0x0601d3a0                CDC_CdInit
                0x0601d424                CDC_CdOpen
                0x0601d44c                CDC_DataReady
                0x0601d4b8                CDC_DataEnd
 .text          0x0601d510      0x130 D:/joengine-master/Compiler/COMMON/SGL_302j/LIB_ELF/LIBCD.A(CDC_DRV.O)
                0x0601d510                CDC_CdPlay
                0x0601d5dc                CDC_CdSeek
                0x0601d610                CDC_CdScan
 .text          0x0601d640      0x194 D:/joengine-master/Compiler/COMMON/SGL_302j/LIB_ELF/LIBCD.A(CDC_CFS.O)
                0x0601d640                CDC_ChgDir
                0x0601d674                CDC_ReadDir
                0x0601d6a8                CDC_GetFileScope
                0x0601d708                CDC_TgetFileInfo
                0x0601d764                CDC_ReadFile
                0x0601d798                CDC_AbortFile
 *fill*         0x0601d7d4        0xc 
 .text          0x0601d7e0      0x2dc D:/joengine-master/Compiler/COMMON/SGL_302j/LIB_ELF/LIBCD.A(CDC_REG.O)
                0x0601d7e0                CDC_GetDataPtr
                0x0601d7f0                CDC_GetHirqReq
                0x0601d804                CDC_ClrHirqReq
                0x0601d834                CDREG_ClrHirqReq
                0x0601d844                CDREG_InitHirqReq
                0x0601d86c                CDREG_SetHirqFlag
                0x0601d880                CDC_GetHirqMsk
                0x0601d894                CDC_SetHirqMsk
                0x0601d8a4                CDC_GetMpegPtr
                0x0601d8b4                CDREG_TgetData
                0x0601d910                CDREG_CmdRsp
                0x0601da10                CDREG_WaitHirq
                0x0601da80                CDREG_ReadRsp
 *fill*         0x0601dabc        0x4 
 .text          0x0601dac0      0x152 D:/joengine-master/Compiler/COMMON/SGL_302j/LIB_ELF/LIBCD.A(CDC_SUB.O)
                0x0601dac0                CDSUB_UpdStatus
                0x0601dad8                CDSUB_UpdCdstat
                0x0601daf8                CDSUB_CdCmd
                0x0601db68                CDSUB_GetCdstat
                0x0601dba8                CDSUB_RspToCdstat
                0x0601dbf0                CDSUB_SoftTimer
 *fill*         0x0601dc12        0xe 
 .text          0x0601dc20     0x1adc D:/joengine-master/Compiler/COMMON/SGL_302j/LIB_ELF/LIBCD.A(GFS.O)
                0x0601dc20                gfs_version
                0x0601dc40                GFS_Init
                0x0601dd28                GFS_LoadDir
                0x0601ddd0                GFS_SetDir
                0x0601de38                GFS_NameToId
                0x0601de9c                GFS_IdToName
                0x0601df08                GFS_GetDirInfo
                0x0601df78                GFS_Reset
                0x0601dffc                GFS_Open
                0x0601e0b0                GFS_Close
                0x0601e0e8                GFS_Seek
                0x0601e19c                GFS_Tell
                0x0601e1ec                GFS_IsEof
                0x0601e240                GFS_ByteToSct
                0x0601e29c                GFS_GetFileSize
                0x0601e2f8                GFS_GetFileInfo
                0x0601e36c                GFS_GetNumCdbuf
                0x0601e394                GFS_Load
                0x0601e458                GFS_Fread
                0x0601e4f4                gfs_waitRead
                0x0601e59c                GFS_NwFread
                0x0601e6a8                GFS_NwCdRead
                0x0601e720                GFS_NwIsComplete
                0x0601e758                GFS_NwStop
                0x0601e7c4                GFS_NwGetStat
                0x0601e840                gfs_recovRdErr
                0x0601e870                GFS_NwExecOne
                0x0601e930                GFS_NwExecServer
                0x0601e9ac                GFS_SetGmode
                0x0601ea10                GFS_SetTmode
                0x0601ea7c                GFS_SetReadPara
                0x0601eae0                GFS_SetTransPara
                0x0601eb4c                GFS_SetTrFunc
                0x0601ebb0                GFS_StartTrans
                0x0601ebfc                GFS_CdMovePickup
                0x0601ec68                GFS_SetErrFunc
                0x0601ec94                GFS_GetErrStat
                0x0601ecb8                GFS_ConvTno
                0x0601ece0                gfs_chgRoot
                0x0601edac                gfs_aborttrans
                0x0601edb8                gfs_mngSetupFuncTbl
                0x0601edec                gfs_mngInitWork
                0x0601ee90                gfs_mngGetNumFile
                0x0601eef8                GFS_mngAllocGrp
                0x0601ef40                gfs_mngFreeGrp
                0x0601ef4c                gfs_mngTermAccess
                0x0601efd0                gfs_mngSetErrCode
                0x0601f050                gfs_svrSearchHndl
                0x0601f090                gfs_svrAddHndl
                0x0601f0cc                gfs_svrRemoveHndl
                0x0601f128                GFS_OpenSub
                0x0601f180                gfs_loadVol
                0x0601f244                gfs_getRootDir
                0x0601f340                gfs_loadRootDir
                0x0601f3c8                gfs_flowIn
                0x0601f470                gfs_transData
                0x0601f514                GFS_GetFad
                0x0601f56c                gfs_SetSct
                0x0601f5ac                gfs_GetFinfo
                0x0601f5ec                gfs_closeSub
                0x0601f628                gfs_getGmode
                0x0601f634                gfs_isTaskDone
                0x0601f688                gfs_convFinStat
 *fill*         0x0601f6fc        0x4 
 .text          0x0601f700      0x106 D:/joengine-master/Compiler/COMMON/SGL_302j/LIB_ELF/LIBCD.A(GFS_BUF.O)
                0x0601f730                GFBF_GetTranData
                0x0601f758                GFBF_GetNumData
                0x0601f788                GFBF_GetSrcPk
                0x0601f7b0                GFBF_GetSctData
                0x0601f7d4                GFBF_RtnPk
                0x0601f7fc                gfbf_getSctDt
 *fill*         0x0601f806        0xa 
 .text          0x0601f810      0x600 D:/joengine-master/Compiler/COMMON/SGL_302j/LIB_ELF/LIBCD.A(GFS_CDB.O)
                0x0601f810                GFCB_Setup
                0x0601f930                GFCB_Close
                0x0601f958                GFCB_GetLenData
                0x0601fa04                GFCB_GetLenRoom
                0x0601fa10                GFCB_SetFilt
                0x0601fa78                GFCB_DeleteAllData
                0x0601faa0                GFCB_Tell
                0x0601fab0                gfcb_getSctNum
                0x0601fb00                GFCB_Seek
                0x0601fbfc                GFCB_GetSrcPack
                0x0601fcdc                GFCB_GetSctData
                0x0601fd14                GFCB_GetDstPack
                0x0601fd20                GFCB_RtnPk
                0x0601fd68                GFCB_MovePickup
                0x0601fd84                GFCB_SetCon
                0x0601fdb8                GFCB_GetPickup
                0x0601fde0                GFCB_IsPuOwner
                0x0601fdf8                GFCB_UngetPickup
 .text          0x0601fe10     0x1a10 D:/joengine-master/Compiler/COMMON/SGL_302j/LIB_ELF/LIBCD.A(GFS_CDC.O)
                0x0601fe10                GFCD_SetCdbfs
                0x0601fe3c                GFCD_Init
                0x06020040                GFCD_AllocFilt
                0x0602007c                GFCD_FreeFilt
                0x060200ac                GFCD_AllocBuf
                0x060200e0                GFCD_FreeBuf
                0x06020184                GFCD_GetBaseFad
                0x060201b8                GFCD_GetPickup
                0x060201ec                GFCD_UngetPickup
                0x06020218                GFCD_IsPuOwner
                0x0602023c                GFCD_SetFilt
                0x06020300                GFCD_GetFilt
                0x06020348                GFCD_SetCon
                0x060203a0                GFCD_Play
                0x06020400                GFCD_GetLenData
                0x06020468                GFCD_ReqData
                0x060204c4                GFCD_EndData
                0x0602050c                GFCD_DelSctData
                0x06020564                GFCD_CheckDelSctData
                0x06020594                GFCD_GetStat
                0x06020648                GFCD_MovePickup
                0x06020694                GFCD_MoveSctData
                0x06020708                GFCD_CheckMove
                0x0602072c                GFCD_GetSctInfo
                0x06020774                GFCD_ChgDir
                0x060207e8                GFCD_SetFiltCon
                0x060208d0                GFCD_GetFileInfo
                0x060209ac                GFCD_GetBufSiz
                0x060209e4                GFCD_ExecServer
                0x06020ab8                gfcd_isIdleTask
                0x06020b44                gfcd_doTask
                0x06020bf0                GFCD_SetTimer
                0x06020c04                GFCD_WaitServer
                0x06020c40                gfcd_doSetFiltTsk
                0x06020e04                gfcd_doSetConTsk
                0x06020e94                gfcd_doGetLenDataTsk
                0x06020fe8                gfcd_doReqDataTsk
                0x06021088                gfcd_doDelSctDataTsk
                0x060211bc                gfcd_doMoveSctTsk
                0x06021320                gfcd_doChgDirTsk
                0x0602151c                gfcd_doSetFiltConTsk
                0x06021660                gfcd_checkEflag
                0x06021684                gfcd_initCdbMng
                0x06021704                gfcd_setStat
                0x06021730                GFCD_SetCsctFunc
                0x0602174c                GFCD_ChkScdqFlag
                0x06021770                GFCD_ClrScdqFlag
                0x0602178c                GFCD_WaitScdqFlag
                0x060217d0                GFCD_WaitPause
 .text          0x06021820      0x8d8 D:/joengine-master/Compiler/COMMON/SGL_302j/LIB_ELF/LIBCD.A(GFS_CDF.O)
                0x06021820                GFCF_Init
                0x060218c0                GFCF_Setup
                0x06021a08                GFCF_SetSct
                0x06021a4c                GFCF_GetFileInfo
                0x06021ac0                GFCF_FlowInBuf
                0x06021c14                GFCF_StopInBuf
                0x06021cb4                GFCF_Recover
                0x06021cfc                GFCF_Tell
                0x06021d14                GFCF_Seek
                0x06021d2c                GFCF_MovePickup
                0x06021dc8                GFCF_cnvIntlvOfs
                0x06021e1c                GFCF_GetStat
                0x06021eb4                gfcf_getSctSize
                0x06021ef0                gfcf_isCdOk
                0x06021fb0                gfcf_getPlayRange
 *fill*         0x060220f8        0x8 
 .text          0x06022100      0x92c D:/joengine-master/Compiler/COMMON/SGL_302j/LIB_ELF/LIBCD.A(GFS_DIR.O)
                0x06022100                GFDR_SetupDirTbl
                0x06022174                GFDR_NameToId
                0x060221d4                GFDR_GetInfoDirId
                0x060221e8                GFDR_GetInfoDirName
                0x060221fc                GFDR_GetAtrDirId
                0x06022214                GFDR_GetAtrDirName
                0x0602222c                GFDR_ChgRoot
                0x06022244                GFDR_ChgDir
                0x060222b8                gfdr_setupDirIdTbl
                0x0602233c                gfdr_setupDirNameTbl
                0x060223e8                gfdr_open
                0x06022410                gfdr_read
                0x060224d0                gfdr_readByte
                0x060224fc                gfdr_readWord
                0x06022528                gfdr_readWordNB
                0x0602257c                gfdr_readLongNB
                0x060225c8                gfdr_readLongNM
                0x060225f0                gfdr_setNextRec
                0x06022674                gfdr_readDirEnt
                0x060229f0                gfdr_setDirrecCd
 *fill*         0x06022a2c        0x4 
 .text          0x06022a30      0x9c6 D:/joengine-master/Compiler/COMMON/SGL_302j/LIB_ELF/LIBCD.A(GFS_TRN.O)
                0x06022a60                GFTR_Setup
                0x06022aa4                GFTR_SetMode
                0x06022ab8                GFTR_SetUnit
                0x06022ac4                GFTR_SetTransPara
                0x06022af8                GFTR_GetTransPara
                0x06022b04                GFTR_GetNumTrans
                0x06022b10                GFTR_SetTransMax
                0x06022b1c                GFTR_Start
                0x06022b28                GFTR_Pause
                0x06022b34                GFTR_Stop
                0x06022bec                GFTR_Exec
                0x06022c70                GFTR_Idle
                0x06022ce8                GFTR_ExecSvr
                0x06022df0                gftr_getSrcPack
                0x06022e78                gftr_getDstPack
                0x06022ed4                gftr_reqScu
                0x06022ee0                gftr_execScu
                0x06022f7c                gftr_remScu
                0x06022fb0                gfdma_canUse
                0x06022fbc                gfdma_exec
                0x0602302c                gfdma_getBytecnt
                0x06023064                gftr_reqDma0
                0x0602307c                gftr_execSdma0
                0x060230a0                gftr_remDma0
                0x060230b8                gftr_reqDma1
                0x060230d0                gftr_execSdma1
                0x060230f4                gftr_remDma1
                0x0602310c                gftr_reqCpu
                0x06023118                gftr_execCpu
                0x06023158                gftr_remCpu
                0x06023164                gftr_reqTrn
                0x060231d4                gftr_execTrn
                0x060232ac                gftr_remTrn
                0x06023320                gftr_copyFrac
                0x06023348                GFTR_GetLenData
                0x06023354                GFTR_GetLenRoom
                0x0602336c                GFTR_GetDstPack
                0x060233a0                GFTR_RtnDstPk
                0x060233bc                GFTR_GetData
                0x060233d0                GFTR_SetData
                0x060233e4                GFTR_SetTransFunc
 *fill*         0x060233f6        0xa 
 .text          0x06023400       0xa8 D:/joengine-master/Compiler/COMMON/SGL_302j/LIB_ELF/LIBCD.A(CDC_DEV.O)
                0x06023400                CDC_CdSetCon
                0x06023430                CDC_CdGetCon
                0x0602346c                CDC_CdGetLastBuf
 *fill*         0x060234a8        0x8 
 .text          0x060234b0      0x2b8 D:/joengine-master/Compiler/COMMON/SGL_302j/LIB_ELF/LIBCD.A(CDC_SEL.O)
                0x060234b0                CDC_SetFiltRange
                0x060234e4                CDC_GetFiltRange
                0x0602353c                CDC_SetFiltSubh
                0x060235ac                CDC_GetFiltSubh
                0x06023628                CDC_SetFiltMode
                0x0602365c                CDC_GetFiltMode
                0x060236a0                CDC_SetFiltCon
                0x060236e0                CDC_GetFiltCon
                0x06023734                CDC_ResetSelector
 *fill*         0x06023768        0x8 
 .text          0x06023770      0x270 D:/joengine-master/Compiler/COMMON/SGL_302j/LIB_ELF/LIBCD.A(CDC_BIF.O)
                0x06023770                CDC_GetBufSiz
                0x060237cc                CDC_GetSctNum
                0x06023810                CDC_CalActSiz
                0x0602384c                CDC_GetActSiz
                0x060238cc                CDC_GetSctInfo
                0x0602394c                CDC_ExeFadSearch
                0x06023984                CDC_GetFadSearch
 .text          0x060239e0      0x1e4 D:/joengine-master/Compiler/COMMON/SGL_302j/LIB_ELF/LIBCD.A(CDC_BIO.O)
                0x060239e0                CDC_SetSctLen
                0x06023a14                CDC_GetSctData
                0x06023a50                CDC_DelSctData
                0x06023a8c                CDC_GetdelSctData
                0x06023ac8                CDC_PutSctData
                0x06023b00                CDC_CopySctData
                0x06023b44                CDC_MoveSctData
                0x06023b88                CDC_GetCopyErr
 *fill*         0x06023bc4        0xc 
 .text          0x06023bd0        0x0 D:/joengine-master/Compiler/COMMON/SGL_302j/LIB_ELF/LIBSGL.A(sglA01.o)
 .text          0x06023bd0        0x0 D:/joengine-master/Compiler/COMMON/SGL_302j/LIB_ELF/LIBSGL.A(sglA15.o)
 .text          0x06023bd0        0x0 D:/joengine-master/Compiler/COMMON/SGL_302j/LIB_ELF/LIBSGL.A(sglA16.o)
 .text          0x06023bd0        0x0 D:/joengine-master/Compiler/COMMON/SGL_302j/LIB_ELF/LIBSGL.A(sglA17.o)
 .text          0x06023bd0        0x0 D:/joengine-master/Compiler/COMMON/SGL_302j/LIB_ELF/LIBSGL.A(sglA18.o)
 .text          0x06023bd0        0x0 D:/joengine-master/Compiler/COMMON/SGL_302j/LIB_ELF/LIBSGL.A(sglA19.o)
 .text          0x06023bd0        0x0 D:/joengine-master/Compiler/COMMON/SGL_302j/LIB_ELF/LIBSGL.A(sglA20.o)
 .text          0x06023bd0        0x0 D:/joengine-master/Compiler/COMMON/SGL_302j/LIB_ELF/LIBSGL.A(sglA21.o)
 .text          0x06023bd0        0x0 D:/joengine-master/Compiler/COMMON/SGL_302j/LIB_ELF/LIBSGL.A(sglA27.o)
 .text          0x06023bd0        0x0 D:/joengine-master/Compiler/COMMON/SGL_302j/LIB_ELF/LIBSGL.A(sglA28.o)
 .text          0x06023bd0        0x0 D:/joengine-master/Compiler/COMMON/SGL_302j/LIB_ELF/LIBSGL.A(sglA40.o)
 .text          0x06023bd0        0x0 D:/joengine-master/Compiler/COMMON/SGL_302j/LIB_ELF/LIBSGL.A(sglB001.o)
 .text          0x06023bd0        0x0 D:/joengine-master/Compiler/COMMON/SGL_302j/LIB_ELF/LIBSGL.A(sglB011.o)
 .text          0x06023bd0        0x0 D:/joengine-master/Compiler/COMMON/SGL_302j/LIB_ELF/LIBSGL.A(sglB014.o)
 .text          0x06023bd0        0x0 D:/joengine-master/Compiler/COMMON/SGL_302j/LIB_ELF/LIBSGL.A(sglB015.o)
 .text          0x06023bd0        0x0 D:/joengine-master/Compiler/COMMON/SGL_302j/LIB_ELF/LIBSGL.A(sglB016.o)
 .text          0x06023bd0        0x0 D:/joengine-master/Compiler/COMMON/SGL_302j/LIB_ELF/LIBSGL.A(sglB020.o)
 .text          0x06023bd0        0x0 D:/joengine-master/Compiler/COMMON/SGL_302j/LIB_ELF/LIBSGL.A(sglB021.o)
 .text          0x06023bd0        0x0 D:/joengine-master/Compiler/COMMON/SGL_302j/LIB_ELF/LIBSGL.A(sglB023.o)
 .text          0x06023bd0        0x0 D:/joengine-master/Compiler/COMMON/SGL_302j/LIB_ELF/LIBSGL.A(sglB031.o)
 .text          0x06023bd0        0x0 D:/joengine-master/Compiler/COMMON/SGL_302j/LIB_ELF/LIBSGL.A(sglB032.o)
 .text          0x06023bd0        0x0 D:/joengine-master/Compiler/COMMON/SGL_302j/LIB_ELF/LIBSGL.A(sglB033.o)
 .text          0x06023bd0        0x0 D:/joengine-master/Compiler/COMMON/SGL_302j/LIB_ELF/LIBSGL.A(sglB034.o)
 .text          0x06023bd0        0x0 D:/joengine-master/Compiler/COMMON/SGL_302j/LIB_ELF/LIBSGL.A(sglB035.o)
 .text          0x06023bd0        0x0 D:/joengine-master/Compiler/COMMON/SGL_302j/LIB_ELF/LIBSGL.A(sglB036.o)
 .text          0x06023bd0        0x0 D:/joengine-master/Compiler/COMMON/SGL_302j/LIB_ELF/LIBSGL.A(sglB038.o)
 .text          0x06023bd0        0x0 D:/joengine-master/Compiler/COMMON/SGL_302j/LIB_ELF/LIBSGL.A(sglB039.o)
 .text          0x06023bd0        0x0 D:/joengine-master/Compiler/COMMON/SGL_302j/LIB_ELF/LIBSGL.A(sglB040.o)
 .text          0x06023bd0        0x0 D:/joengine-master/Compiler/COMMON/SGL_302j/LIB_ELF/LIBSGL.A(sglB041.o)
 .text          0x06023bd0        0x0 D:/joengine-master/Compiler/COMMON/SGL_302j/LIB_ELF/LIBSGL.A(sglB042.o)
 .text          0x06023bd0        0x0 D:/joengine-master/Compiler/COMMON/SGL_302j/LIB_ELF/LIBSGL.A(sglB043.o)
 .text          0x06023bd0        0x0 D:/joengine-master/Compiler/COMMON/SGL_302j/LIB_ELF/LIBSGL.A(sglB044.o)
 .text          0x06023bd0        0x0 D:/joengine-master/Compiler/COMMON/SGL_302j/LIB_ELF/LIBSGL.A(sglB045.o)
 .text          0x06023bd0        0x0 D:/joengine-master/Compiler/COMMON/SGL_302j/LIB_ELF/LIBSGL.A(sglB047.o)
 .text          0x06023bd0        0x0 D:/joengine-master/Compiler/COMMON/SGL_302j/LIB_ELF/LIBSGL.A(sglB048.o)
 .text          0x06023bd0        0x0 D:/joengine-master/Compiler/COMMON/SGL_302j/LIB_ELF/LIBSGL.A(sglB055.o)
 .text          0x06023bd0        0x0 D:/joengine-master/Compiler/COMMON/SGL_302j/LIB_ELF/LIBSGL.A(sglB056.o)
 .text          0x06023bd0        0x0 D:/joengine-master/Compiler/COMMON/SGL_302j/LIB_ELF/LIBSGL.A(sglB057.o)
 .text          0x06023bd0        0x0 D:/joengine-master/Compiler/COMMON/SGL_302j/LIB_ELF/LIBSGL.A(sglB058.o)
 .text          0x06023bd0        0x0 D:/joengine-master/Compiler/COMMON/SGL_302j/LIB_ELF/LIBSGL.A(sglB059.o)
 .text          0x06023bd0        0x0 D:/joengine-master/Compiler/COMMON/SGL_302j/LIB_ELF/LIBSGL.A(sglB060.o)
 .text          0x06023bd0        0x0 D:/joengine-master/Compiler/COMMON/SGL_302j/LIB_ELF/LIBSGL.A(sglB063.o)
 .text          0x06023bd0        0x0 D:/joengine-master/Compiler/COMMON/SGL_302j/LIB_ELF/LIBSGL.A(sglB087.o)
 .text          0x06023bd0        0x0 D:/joengine-master/Compiler/COMMON/SGL_302j/LIB_ELF/LIBSGL.A(sglB088.o)
 .text          0x06023bd0        0x0 D:/joengine-master/Compiler/COMMON/SGL_302j/LIB_ELF/LIBSGL.A(sglB090.o)
 .text          0x06023bd0        0x0 D:/joengine-master/Compiler/COMMON/SGL_302j/LIB_ELF/LIBSGL.A(sglB200.o)
 .text          0x06023bd0        0x0 D:/joengine-master/Compiler/COMMON/SGL_302j/LIB_ELF/LIBSGL.A(sglC01.o)
 .text          0x06023bd0        0x0 D:/joengine-master/Compiler/COMMON/SGL_302j/LIB_ELF/LIBSGL.A(sglC03.o)
 .text          0x06023bd0        0x0 D:/joengine-master/Compiler/COMMON/SGL_302j/LIB_ELF/LIBSGL.A(sglC04.o)
 .text          0x06023bd0        0x0 D:/joengine-master/Compiler/COMMON/SGL_302j/LIB_ELF/LIBSGL.A(sglC05.o)
 .text          0x06023bd0        0x0 D:/joengine-master/Compiler/COMMON/SGL_302j/LIB_ELF/LIBSGL.A(sglC06.o)
 .text          0x06023bd0        0x0 D:/joengine-master/Compiler/COMMON/SGL_302j/LIB_ELF/LIBSGL.A(sglC07.o)
 .text          0x06023bd0        0x0 D:/joengine-master/Compiler/COMMON/SGL_302j/LIB_ELF/LIBSGL.A(sglC08.o)
 .text          0x06023bd0        0x0 D:/joengine-master/Compiler/COMMON/SGL_302j/LIB_ELF/LIBSGL.A(sglC14.o)
 .text          0x06023bd0        0x0 D:/joengine-master/Compiler/COMMON/SGL_302j/LIB_ELF/LIBSGL.A(sglC16.o)
 .text          0x06023bd0        0x0 D:/joengine-master/Compiler/COMMON/SGL_302j/LIB_ELF/LIBSGL.A(sglC17.o)
 .text          0x06023bd0        0x0 D:/joengine-master/Compiler/COMMON/SGL_302j/LIB_ELF/LIBSGL.A(sglC19.o)
 .text          0x06023bd0        0x0 D:/joengine-master/Compiler/COMMON/SGL_302j/LIB_ELF/LIBSGL.A(sglC20.o)
 .text          0x06023bd0        0x0 D:/joengine-master/Compiler/COMMON/SGL_302j/LIB_ELF/LIBSGL.A(sglC21.o)
 .text          0x06023bd0        0x0 D:/joengine-master/Compiler/COMMON/SGL_302j/LIB_ELF/LIBSGL.A(sglD00.o)
 .text          0x06023bd0        0x0 D:/joengine-master/Compiler/COMMON/SGL_302j/LIB_ELF/LIBSGL.A(sglD01.o)
 .text          0x06023bd0        0x0 D:/joengine-master/Compiler/COMMON/SGL_302j/LIB_ELF/LIBSGL.A(sglD02.o)
 .text          0x06023bd0        0x0 D:/joengine-master/Compiler/COMMON/SGL_302j/LIB_ELF/LIBSGL.A(sglD03.o)
 .text          0x06023bd0        0x0 D:/joengine-master/Compiler/COMMON/SGL_302j/LIB_ELF/LIBSGL.A(sglD15.o)
 .text          0x06023bd0        0x0 D:/joengine-master/Compiler/COMMON/SGL_302j/LIB_ELF/LIBSGL.A(sglD16.o)
 .text          0x06023bd0        0x0 D:/joengine-master/Compiler/COMMON/SGL_302j/LIB_ELF/LIBSGL.A(sglD17.o)
 .text          0x06023bd0        0x0 D:/joengine-master/Compiler/COMMON/SGL_302j/LIB_ELF/LIBSGL.A(sglD18.o)
 .text          0x06023bd0        0x0 D:/joengine-master/Compiler/COMMON/SGL_302j/LIB_ELF/LIBSGL.A(sglF08.o)
 .text          0x06023bd0        0x0 D:/joengine-master/Compiler/COMMON/SGL_302j/LIB_ELF/LIBSGL.A(sglH00.o)
 .text          0x06023bd0        0x0 D:/joengine-master/Compiler/COMMON/SGL_302j/LIB_ELF/LIBSGL.A(sglH01.o)
 .text          0x06023bd0        0x0 D:/joengine-master/Compiler/COMMON/SGL_302j/LIB_ELF/LIBSGL.A(sglH02.o)
 .text          0x06023bd0        0x0 D:/joengine-master/Compiler/COMMON/SGL_302j/LIB_ELF/LIBSGL.A(sglH04.o)
 .text          0x06023bd0        0x0 D:/joengine-master/Compiler/COMMON/SGL_302j/LIB_ELF/LIBSGL.A(sglI01.o)
 .text          0x06023bd0        0x0 D:/joengine-master/Compiler/COMMON/SGL_302j/LIB_ELF/LIBSGL.A(sglI04.o)
 .text          0x06023bd0      0x128 D:/joengine-master/Compiler/COMMON/SGL_302j/LIB_ELF/LIBSGL.A(sglIc0.o)
                0x06023bd0                slInitSystem
 *fill*         0x06023cf8        0x8 
 .text          0x06023d00        0x0 D:/joengine-master/Compiler/COMMON/SGL_302j/LIB_ELF/LIBSGL.A(sglJ00.o)
 .text          0x06023d00        0x0 D:/joengine-master/Compiler/COMMON/SGL_302j/LIB_ELF/LIBSGL.A(sglJ01.o)
 .text          0x06023d00        0x0 D:/joengine-master/Compiler/COMMON/SGL_302j/LIB_ELF/LIBSGL.A(sglJ02.o)
 .text          0x06023d00        0x0 D:/joengine-master/Compiler/COMMON/SGL_302j/LIB_ELF/LIBSGL.A(sglJ03.o)
 .text          0x06023d00        0x0 D:/joengine-master/Compiler/COMMON/SGL_302j/LIB_ELF/LIBSGL.A(sglJ04.o)
 .text          0x06023d00        0x0 D:/joengine-master/Compiler/COMMON/SGL_302j/LIB_ELF/LIBSGL.A(sglJ05.o)
 .text          0x06023d00        0x0 D:/joengine-master/Compiler/COMMON/SGL_302j/LIB_ELF/LIBSGL.A(sglK01.o)
 .text          0x06023d00        0x0 D:/joengine-master/Compiler/COMMON/SGL_302j/LIB_ELF/LIBSGL.A(sglM00.o)
 .text          0x06023d00        0x0 D:/joengine-master/Compiler/COMMON/SGL_302j/LIB_ELF/LIBSGL.A(sglM01.o)
 .text          0x06023d00        0x0 D:/joengine-master/Compiler/COMMON/SGL_302j/LIB_ELF/LIBSGL.A(sglA00.o)
 .text          0x06023d00        0x0 D:/joengine-master/Compiler/COMMON/SGL_302j/LIB_ELF/LIBSGL.A(sglA03.o)
 .text          0x06023d00        0x0 D:/joengine-master/Compiler/COMMON/SGL_302j/LIB_ELF/LIBSGL.A(sglA10.o)
 .text          0x06023d00        0x0 D:/joengine-master/Compiler/COMMON/SGL_302j/LIB_ELF/LIBSGL.A(sglA24.o)
 .text          0x06023d00        0x0 D:/joengine-master/Compiler/COMMON/SGL_302j/LIB_ELF/LIBSGL.A(sglA25.o)
 .text          0x06023d00        0x0 D:/joengine-master/Compiler/COMMON/SGL_302j/LIB_ELF/LIBSGL.A(sglB000.o)
 .text          0x06023d00        0x0 D:/joengine-master/Compiler/COMMON/SGL_302j/LIB_ELF/LIBSGL.A(sglC00.o)
 .text          0x06023d00        0x0 D:/joengine-master/Compiler/COMMON/SGL_302j/LIB_ELF/LIBSGL.A(sglC13.o)
 .text          0x06023d00        0x0 D:/joengine-master/Compiler/COMMON/SGL_302j/LIB_ELF/LIBSGL.A(sglD19.o)
 .text          0x06023d00        0x0 D:/joengine-master/Compiler/COMMON/SGL_302j/LIB_ELF/LIBSGL.A(sglI00.o)
 .text          0x06023d00        0x0 D:/joengine-master/Compiler/COMMON/SGL_302j/LIB_ELF/LIBSGL.A(sglH03.o)
 .text          0x06023d00       0x52 d:/joengine-master/compiler/windows/bin/../lib/gcc/sh-elf/9.3.0\libgcc.a(_ashiftrt.o)
                0x06023d00                __ashiftrt_r4_31
                0x06023d00                __ashiftrt_r4_32
                0x06023d06                __ashiftrt_r4_30
                0x06023d08                __ashiftrt_r4_29
                0x06023d0a                __ashiftrt_r4_28
                0x06023d0c                __ashiftrt_r4_27
                0x06023d0e                __ashiftrt_r4_26
                0x06023d10                __ashiftrt_r4_25
                0x06023d12                __ashiftrt_r4_24
                0x06023d1a                __ashiftrt_r4_23
                0x06023d1c                __ashiftrt_r4_22
                0x06023d1e                __ashiftrt_r4_21
                0x06023d20                __ashiftrt_r4_20
                0x06023d22                __ashiftrt_r4_19
                0x06023d24                __ashiftrt_r4_18
                0x06023d26                __ashiftrt_r4_17
                0x06023d28                __ashiftrt_r4_16
                0x06023d2e                __ashiftrt_r4_15
                0x06023d30                __ashiftrt_r4_14
                0x06023d32                __ashiftrt_r4_13
                0x06023d34                __ashiftrt_r4_12
                0x06023d36                __ashiftrt_r4_11
                0x06023d38                __ashiftrt_r4_10
                0x06023d3a                __ashiftrt_r4_9
                0x06023d3c                __ashiftrt_r4_8
                0x06023d3e                __ashiftrt_r4_7
                0x06023d40                __ashiftrt_r4_6
                0x06023d42                __ashiftrt_r4_5
                0x06023d44                __ashiftrt_r4_4
                0x06023d46                __ashiftrt_r4_3
                0x06023d48                __ashiftrt_r4_2
                0x06023d4a                __ashiftrt_r4_1
                0x06023d4e                __ashiftrt_r4_0
 *fill*         0x06023d52        0x2 
 .text          0x06023d54       0x80 d:/joengine-master/compiler/windows/bin/../lib/gcc/sh-elf/9.3.0\libgcc.a(_ashiftrt_n.o)
                0x06023d54                __ashrsi3
 .text          0x06023dd4       0xbc d:/joengine-master/compiler/windows/bin/../lib/gcc/sh-elf/9.3.0\libgcc.a(_ashiftlt.o)
                0x06023dd4                __ashlsi3
                0x06023dd8                __ashlsi3_r0
 .text          0x06023e90       0xbc d:/joengine-master/compiler/windows/bin/../lib/gcc/sh-elf/9.3.0\libgcc.a(_lshiftrt.o)
                0x06023e90                __lshrsi3
                0x06023e94                __lshrsi3_r0
 .text          0x06023f4c       0x78 d:/joengine-master/compiler/windows/bin/../lib/gcc/sh-elf/9.3.0\libgcc.a(_movmem.o)
                0x06023f4c                __movmem
                0x06023f4c                __movstr
                0x06023f80                __movstrSI64
                0x06023f80                __movmemSI64
                0x06023f84                __movstrSI60
                0x06023f84                __movmemSI60
                0x06023f88                __movstrSI56
                0x06023f88                __movmemSI56
                0x06023f8c                __movstrSI52
                0x06023f8c                __movmemSI52
                0x06023f90                __movstrSI48
                0x06023f90                __movmemSI48
                0x06023f94                __movmemSI44
                0x06023f94                __movstrSI44
                0x06023f98                __movstrSI40
                0x06023f98                __movmemSI40
                0x06023f9c                __movmemSI36
                0x06023f9c                __movstrSI36
                0x06023fa0                __movmemSI32
                0x06023fa0                __movstrSI32
                0x06023fa4                __movstrSI28
                0x06023fa4                __movmemSI28
                0x06023fa8                __movmemSI24
                0x06023fa8                __movstrSI24
                0x06023fac                __movstrSI20
                0x06023fac                __movmemSI20
                0x06023fb0                __movstrSI16
                0x06023fb0                __movmemSI16
                0x06023fb4                __movstrSI12
                0x06023fb4                __movmemSI12
                0x06023fb8                __movmemSI8
                0x06023fb8                __movstrSI8
                0x06023fbc                __movmemSI4
                0x06023fbc                __movstrSI4
 .text          0x06023fc4       0xa0 d:/joengine-master/compiler/windows/bin/../lib/gcc/sh-elf/9.3.0\libgcc.a(_sdivsi3.o)
                0x06023fc4                __sdivsi3
 .text          0x06024064       0x6c d:/joengine-master/compiler/windows/bin/../lib/gcc/sh-elf/9.3.0\libgcc.a(_udivsi3.o)
                0x06024086                __udivsi3
 .text          0x060240d0      0x21c d:/joengine-master/compiler/windows/bin/../lib/gcc/sh-elf/9.3.0\libgcc.a(_addsub_sf.o)
                0x06024250                __addsf3
                0x0602429c                __subsf3
 .text          0x060242ec      0x134 d:/joengine-master/compiler/windows/bin/../lib/gcc/sh-elf/9.3.0\libgcc.a(_mul_sf.o)
                0x060242ec                __mulsf3
 .text          0x06024420       0xdc d:/joengine-master/compiler/windows/bin/../lib/gcc/sh-elf/9.3.0\libgcc.a(_div_sf.o)
                0x06024420                __divsf3
 .text          0x060244fc       0x54 d:/joengine-master/compiler/windows/bin/../lib/gcc/sh-elf/9.3.0\libgcc.a(_eq_sf.o)
                0x060244fc                __eqsf2
 .text          0x06024550       0x54 d:/joengine-master/compiler/windows/bin/../lib/gcc/sh-elf/9.3.0\libgcc.a(_ne_sf.o)
                0x06024550                __nesf2
 .text          0x060245a4       0x54 d:/joengine-master/compiler/windows/bin/../lib/gcc/sh-elf/9.3.0\libgcc.a(_gt_sf.o)
                0x060245a4                __gtsf2
 .text          0x060245f8       0x54 d:/joengine-master/compiler/windows/bin/../lib/gcc/sh-elf/9.3.0\libgcc.a(_ge_sf.o)
                0x060245f8                __gesf2
 .text          0x0602464c       0x54 d:/joengine-master/compiler/windows/bin/../lib/gcc/sh-elf/9.3.0\libgcc.a(_lt_sf.o)
                0x0602464c                __ltsf2
 .text          0x060246a0       0x54 d:/joengine-master/compiler/windows/bin/../lib/gcc/sh-elf/9.3.0\libgcc.a(_le_sf.o)
                0x060246a0                __lesf2
 .text          0x060246f4       0x84 d:/joengine-master/compiler/windows/bin/../lib/gcc/sh-elf/9.3.0\libgcc.a(_si_to_sf.o)
                0x060246f4                __floatsisf
 .text          0x06024778       0x70 d:/joengine-master/compiler/windows/bin/../lib/gcc/sh-elf/9.3.0\libgcc.a(_sf_to_si.o)
                0x06024778                __fixsfsi
 .text          0x060247e8       0x3c d:/joengine-master/compiler/windows/bin/../lib/gcc/sh-elf/9.3.0\libgcc.a(_sf_to_df.o)
                0x060247e8                __extendsfdf2
 .text          0x06024824        0x0 d:/joengine-master/compiler/windows/bin/../lib/gcc/sh-elf/9.3.0\libgcc.a(_thenan_sf.o)
 .text          0x06024824       0x94 d:/joengine-master/compiler/windows/bin/../lib/gcc/sh-elf/9.3.0\libgcc.a(_usi_to_sf.o)
                0x06024824                __floatunsisf
 .text          0x060248b8      0x3e0 d:/joengine-master/compiler/windows/bin/../lib/gcc/sh-elf/9.3.0\libgcc.a(_addsub_df.o)
                0x06024bf4                __adddf3
                0x06024c44                __subdf3
 .text          0x06024c98      0x208 d:/joengine-master/compiler/windows/bin/../lib/gcc/sh-elf/9.3.0\libgcc.a(_mul_df.o)
                0x06024c98                __muldf3
 .text          0x06024ea0       0xa8 d:/joengine-master/compiler/windows/bin/../lib/gcc/sh-elf/9.3.0\libgcc.a(_si_to_df.o)
                0x06024ea0                __floatsidf
 .text          0x06024f48       0xa0 d:/joengine-master/compiler/windows/bin/../lib/gcc/sh-elf/9.3.0\libgcc.a(_df_to_si.o)
                0x06024f48                __fixdfsi
 .text          0x06024fe8       0x28 d:/joengine-master/compiler/windows/bin/../lib/gcc/sh-elf/9.3.0\libgcc.a(_make_df.o)
                0x06024fe8                __make_dp
 .text          0x06025010       0x4c d:/joengine-master/compiler/windows/bin/../lib/gcc/sh-elf/9.3.0\libgcc.a(_df_to_sf.o)
                0x06025010                __truncdfsf2
 .text          0x0602505c        0x0 d:/joengine-master/compiler/windows/bin/../lib/gcc/sh-elf/9.3.0\libgcc.a(_thenan_df.o)
 .text          0x0602505c       0x54 d:/joengine-master/compiler/windows/bin/../lib/gcc/sh-elf/9.3.0\libgcc.a(_clzsi2.o)
                0x0602505c                __clzsi2
 .text          0x060250b0      0x11c d:/joengine-master/compiler/windows/bin/../lib/gcc/sh-elf/9.3.0\libgcc.a(_pack_sf.o)
                0x060250b0                __pack_f
 .text          0x060251cc       0xa0 d:/joengine-master/compiler/windows/bin/../lib/gcc/sh-elf/9.3.0\libgcc.a(_unpack_sf.o)
                0x060251cc                __unpack_f
 .text          0x0602526c       0xac d:/joengine-master/compiler/windows/bin/../lib/gcc/sh-elf/9.3.0\libgcc.a(_fpcmp_parts_sf.o)
                0x0602526c                __fpcmp_parts_f
 .text          0x06025318       0x20 d:/joengine-master/compiler/windows/bin/../lib/gcc/sh-elf/9.3.0\libgcc.a(_make_sf.o)
                0x06025318                __make_fp
 .text          0x06025338      0x274 d:/joengine-master/compiler/windows/bin/../lib/gcc/sh-elf/9.3.0\libgcc.a(_pack_df.o)
                0x06025338                __pack_d
 .text          0x060255ac       0xcc d:/joengine-master/compiler/windows/bin/../lib/gcc/sh-elf/9.3.0\libgcc.a(_unpack_df.o)
                0x060255ac                __unpack_d
 .text          0x06025678        0x0 d:/joengine-master/compiler/windows/bin/../lib/gcc/sh-elf/9.3.0\libgcc.a(_clz.o)
 .text          0x06025678        0x0 d:/joengine-master/compiler/windows/bin/../lib/gcc/sh-elf/9.3.0/../../../../sh-elf/lib\libc.a(lib_a-impure.o)
 .text          0x06025678       0x1e d:/joengine-master/compiler/windows/bin/../lib/gcc/sh-elf/9.3.0/../../../../sh-elf/lib\libc.a(lib_a-memcmp.o)
                0x06025678                memcmp
 *fill*         0x06025696        0x2 
 .text          0x06025698       0x94 d:/joengine-master/compiler/windows/bin/../lib/gcc/sh-elf/9.3.0/../../../../sh-elf/lib\libc.a(lib_a-memcpy.o)
                0x06025698                memcpy
 .text          0x0602572c       0x40 d:/joengine-master/compiler/windows/bin/../lib/gcc/sh-elf/9.3.0/../../../../sh-elf/lib\libc.a(lib_a-memset.o)
                0x0602572c                memset
 .text          0x0602576c       0x58 d:/joengine-master/compiler/windows/bin/../lib/gcc/sh-elf/9.3.0/../../../../sh-elf/lib\libc.a(lib_a-rand.o)
                0x0602576c                srand
                0x06025780                rand
 .text          0x060257c4       0x60 d:/joengine-master/compiler/windows/bin/../lib/gcc/sh-elf/9.3.0/../../../../sh-elf/lib\libc.a(lib_a-rget.o)
                0x060257c4                __srget_r
                0x06025810                __srget
 .text          0x06025824       0x8c d:/joengine-master/compiler/windows/bin/../lib/gcc/sh-elf/9.3.0/../../../../sh-elf/lib\libc.a(lib_a-sprintf.o)
                0x06025824                _siprintf_r
                0x06025824                _sprintf_r
                0x06025864                siprintf
                0x06025864                sprintf
 .text          0x060258b0       0x20 d:/joengine-master/compiler/windows/bin/../lib/gcc/sh-elf/9.3.0/../../../../sh-elf/lib\libc.a(lib_a-strcat.o)
                0x060258b0                strcat
 .text          0x060258d0       0x38 d:/joengine-master/compiler/windows/bin/../lib/gcc/sh-elf/9.3.0/../../../../sh-elf/lib\libc.a(lib_a-strcmp.o)
                0x060258d0                strcmp
 .text          0x06025908       0x3c d:/joengine-master/compiler/windows/bin/../lib/gcc/sh-elf/9.3.0/../../../../sh-elf/lib\libc.a(lib_a-strcpy.o)
                0x06025908                strcpy
 .text          0x06025944       0x20 d:/joengine-master/compiler/windows/bin/../lib/gcc/sh-elf/9.3.0/../../../../sh-elf/lib\libc.a(lib_a-strlen.o)
                0x06025944                strlen
 .text          0x06025964       0x2a d:/joengine-master/compiler/windows/bin/../lib/gcc/sh-elf/9.3.0/../../../../sh-elf/lib\libc.a(lib_a-strncmp.o)
                0x06025964                strncmp
 .text          0x0602598e       0x36 d:/joengine-master/compiler/windows/bin/../lib/gcc/sh-elf/9.3.0/../../../../sh-elf/lib\libc.a(lib_a-strncpy.o)
                0x0602598e                strncpy
 .text          0x060259c4       0x36 d:/joengine-master/compiler/windows/bin/../lib/gcc/sh-elf/9.3.0/../../../../sh-elf/lib\libc.a(lib_a-strstr.o)
                0x060259c4                strstr
 *fill*         0x060259fa        0x2 
 .text          0x060259fc       0xdc d:/joengine-master/compiler/windows/bin/../lib/gcc/sh-elf/9.3.0/../../../../sh-elf/lib\libc.a(lib_a-wbuf.o)
                0x060259fc                __swbuf_r
                0x06025ac4                __swbuf
 .text          0x06025ad8       0xcc d:/joengine-master/compiler/windows/bin/../lib/gcc/sh-elf/9.3.0/../../../../sh-elf/lib\libc.a(lib_a-wsetup.o)
                0x06025ad8                __swsetup_r
 .text          0x06025ba4      0x1a4 d:/joengine-master/compiler/windows/bin/../lib/gcc/sh-elf/9.3.0/../../../../sh-elf/lib\libc.a(lib_a-fflush.o)
                0x06025ba4                __sflush_r
                0x06025ce0                _fflush_r
                0x06025d20                fflush
 .text          0x06025d48      0x1d0 d:/joengine-master/compiler/windows/bin/../lib/gcc/sh-elf/9.3.0/../../../../sh-elf/lib\libc.a(lib_a-findfp.o)
                0x06025da0                _cleanup_r
                0x06025db0                __sfmoreglue
                0x06025dfc                _cleanup
                0x06025e10                __sinit
                0x06025e64                __sfp
 .text          0x06025f18       0xb0 d:/joengine-master/compiler/windows/bin/../lib/gcc/sh-elf/9.3.0/../../../../sh-elf/lib\libc.a(lib_a-fwalk.o)
                0x06025f18                _fwalk
                0x06025f6c                _fwalk_reent
 .text          0x06025fc8      0x108 d:/joengine-master/compiler/windows/bin/../lib/gcc/sh-elf/9.3.0/../../../../sh-elf/lib\libc.a(lib_a-makebuf.o)
                0x06025fc8                __swhatbuf_r
                0x06026024                __smakebuf_r
 .text          0x060260d0      0x444 d:/joengine-master/compiler/windows/bin/../lib/gcc/sh-elf/9.3.0/../../../../sh-elf/lib\libc.a(lib_a-nano-svfprintf.o)
                0x060260d0                __ssputs_r
                0x060261c4                __ssprint_r
                0x060262f8                _svfprintf_r
                0x060262f8                _svfiprintf_r
 .text          0x06026514      0x380 d:/joengine-master/compiler/windows/bin/../lib/gcc/sh-elf/9.3.0/../../../../sh-elf/lib\libc.a(lib_a-nano-vfprintf_i.o)
                0x06026514                _printf_common
                0x06026614                _printf_i
 .text          0x06026894      0x150 d:/joengine-master/compiler/windows/bin/../lib/gcc/sh-elf/9.3.0/../../../../sh-elf/lib\libc.a(lib_a-refill.o)
                0x060268ac                __srefill_r
 .text          0x060269e4       0xe0 d:/joengine-master/compiler/windows/bin/../lib/gcc/sh-elf/9.3.0/../../../../sh-elf/lib\libc.a(lib_a-stdio.o)
                0x060269e4                __sread
                0x06026a20                __seofread
                0x06026a24                __swrite
                0x06026a74                __sseek
                0x06026ab4                __sclose
 .text          0x06026ac4       0x34 d:/joengine-master/compiler/windows/bin/../lib/gcc/sh-elf/9.3.0/../../../../sh-elf/lib\libc.a(lib_a-writer.o)
                0x06026ac4                _write_r
 .text          0x06026af8       0x30 d:/joengine-master/compiler/windows/bin/../lib/gcc/sh-elf/9.3.0/../../../../sh-elf/lib\libc.a(lib_a-closer.o)
                0x06026af8                _close_r
 .text          0x06026b28       0x34 d:/joengine-master/compiler/windows/bin/../lib/gcc/sh-elf/9.3.0/../../../../sh-elf/lib\libc.a(lib_a-fstatr.o)
                0x06026b28                _fstat_r
 .text          0x06026b5c       0x30 d:/joengine-master/compiler/windows/bin/../lib/gcc/sh-elf/9.3.0/../../../../sh-elf/lib\libc.a(lib_a-isattyr.o)
                0x06026b5c                _isatty_r
 .text          0x06026b8c       0x34 d:/joengine-master/compiler/windows/bin/../lib/gcc/sh-elf/9.3.0/../../../../sh-elf/lib\libc.a(lib_a-lseekr.o)
                0x06026b8c                _lseek_r
 .text          0x06026bc0       0x1c d:/joengine-master/compiler/windows/bin/../lib/gcc/sh-elf/9.3.0/../../../../sh-elf/lib\libc.a(lib_a-memchr.o)
                0x06026bc0                memchr
 .text          0x06026bdc       0x3c d:/joengine-master/compiler/windows/bin/../lib/gcc/sh-elf/9.3.0/../../../../sh-elf/lib\libc.a(lib_a-memmove.o)
                0x06026bdc                memmove
 .text          0x06026c18       0x34 d:/joengine-master/compiler/windows/bin/../lib/gcc/sh-elf/9.3.0/../../../../sh-elf/lib\libc.a(lib_a-readr.o)
                0x06026c18                _read_r
 .text          0x06026c4c      0x100 d:/joengine-master/compiler/windows/bin/../lib/gcc/sh-elf/9.3.0/../../../../sh-elf/lib\libc.a(lib_a-reent.o)
                0x06026c4c                cleanup_glue
                0x06026c78                _reclaim_reent
 *(.strings)
 *(SEGA_P)
 *(.eh_frame_hdr)
 *(.eh_frame)
                0x06026d4c                __etext = .

.text.startup   0x06026d50       0x40
 .text.startup  0x06026d50       0x40 D:/joengine-master/jo_engine/core.o
                0x06026d50                main

SLPROG          0x06026da0    0x158a0
                0x06026da0                __slprog_start = .
 *(SLPROG)
 SLPROG         0x06026da0     0x6540 D:/joengine-master/Compiler/COMMON/SGL_302j/LIB_ELF/SGLAREA.O
                0x06026da0                MasterStack
                0x06026da4                SlaveStack
                0x06026da8                MaxVertices
                0x06026daa                MaxPolygons
                0x06026dac                SortList
                0x06026db0                SortListSize
                0x06026db4                TransList
                0x06026db8                Zbuffer
                0x06026dbc                SpriteBuf
                0x06026dc0                SpriteBufSize
                0x06026dc4                Pbuffer
                0x06026dc8                CommandBuf
                0x06026dcc                CLOfstBuf
                0x06026dd0                PCM_Work
                0x06026dd4                PCM_WkSize
                0x06026dd8                MaxEvents
                0x06026dda                EventSize
                0x06026ddc                MaxWorks
                0x06026dde                WorkSize
                0x06026de0                RemainEvent
                0x06026ee0                RemainWork
                0x060272e0                EventBuf
                0x060292e0                WorkBuf
 SLPROG         0x0602d2e0     0x411e D:/joengine-master/Compiler/COMMON/SGL_302j/LIB_ELF/LIBSGL.A(sglA01.o)
                0x0602d2e0                slSin
                0x0602d304                slCos
                0x0602d328                GetSinCos
                0x0602d3bc                sin_cos_index_tbl
                0x0602d3fc                sin_tbl
 *fill*         0x060313fe        0x2 
 SLPROG         0x06031400       0x18 D:/joengine-master/Compiler/COMMON/SGL_302j/LIB_ELF/LIBSGL.A(sglA15.o)
                0x06031400                slSlaveFunc
 *fill*         0x06031418        0x8 
 SLPROG         0x06031420       0xd0 D:/joengine-master/Compiler/COMMON/SGL_302j/LIB_ELF/LIBSGL.A(sglA16.o)
                0x06031420                slLookAt
 SLPROG         0x060314f0       0x78 D:/joengine-master/Compiler/COMMON/SGL_302j/LIB_ELF/LIBSGL.A(sglA17.o)
                0x060314f0                slRotZ
                0x060314fa                slRotZSC
 *fill*         0x06031568        0x8 
 SLPROG         0x06031570       0x78 D:/joengine-master/Compiler/COMMON/SGL_302j/LIB_ELF/LIBSGL.A(sglA18.o)
                0x06031570                slRotY
                0x0603157a                slRotYSC
 *fill*         0x060315e8        0x8 
 SLPROG         0x060315f0       0x78 D:/joengine-master/Compiler/COMMON/SGL_302j/LIB_ELF/LIBSGL.A(sglA19.o)
                0x060315f0                slRotX
                0x060315fa                slRotXSC
 *fill*         0x06031668        0x8 
 SLPROG         0x06031670      0x42c D:/joengine-master/Compiler/COMMON/SGL_302j/LIB_ELF/LIBSGL.A(sglA20.o)
                0x06031670                slInitMatrix
                0x0603167a                slPushUnitMatrix
                0x0603168e                slUnitMatrix
 *fill*         0x06031a9c        0x4 
 SLPROG         0x06031aa0       0x48 D:/joengine-master/Compiler/COMMON/SGL_302j/LIB_ELF/LIBSGL.A(sglA21.o)
                0x06031aa0                slPushMatrix
                0x06031ad4                slDecMatrixPtr
                0x06031ad4                slPopMatrix
 *fill*         0x06031ae8        0x8 
 SLPROG         0x06031af0       0x50 D:/joengine-master/Compiler/COMMON/SGL_302j/LIB_ELF/LIBSGL.A(sglA27.o)
                0x06031af0                slTranslate
 SLPROG         0x06031b40       0x70 D:/joengine-master/Compiler/COMMON/SGL_302j/LIB_ELF/LIBSGL.A(sglA28.o)
                0x06031b40                slScale
 SLPROG         0x06031bb0       0x22 D:/joengine-master/Compiler/COMMON/SGL_302j/LIB_ELF/LIBSGL.A(sglA40.o)
                0x06031bb0                slCalcVector
 *fill*         0x06031bd2        0xe 
 SLPROG         0x06031be0       0x20 D:/joengine-master/Compiler/COMMON/SGL_302j/LIB_ELF/LIBSGL.A(sglB001.o)
                0x06031be0                slTVOn
                0x06031bea                slTVOff
 SLPROG         0x06031c00       0x24 D:/joengine-master/Compiler/COMMON/SGL_302j/LIB_ELF/LIBSGL.A(sglB011.o)
                0x06031c00                slBitMapNbg1
 *fill*         0x06031c24        0xc 
 SLPROG         0x06031c30        0x8 D:/joengine-master/Compiler/COMMON/SGL_302j/LIB_ELF/LIBSGL.A(sglB014.o)
                0x06031c30                slScrTransparent
 *fill*         0x06031c38        0x8 
 SLPROG         0x06031c40      0x40c D:/joengine-master/Compiler/COMMON/SGL_302j/LIB_ELF/LIBSGL.A(sglB015.o)
                0x06031c40                slScrAutoDisp
 *fill*         0x0603204c        0x4 
 SLPROG         0x06032050        0xc D:/joengine-master/Compiler/COMMON/SGL_302j/LIB_ELF/LIBSGL.A(sglB016.o)
                0x06032050                slBack1ColSet
 *fill*         0x0603205c        0x4 
 SLPROG         0x06032060       0x10 D:/joengine-master/Compiler/COMMON/SGL_302j/LIB_ELF/LIBSGL.A(sglB020.o)
                0x06032060                slColorCalc
 SLPROG         0x06032070        0xc D:/joengine-master/Compiler/COMMON/SGL_302j/LIB_ELF/LIBSGL.A(sglB021.o)
                0x06032070                slColorCalcOn
 *fill*         0x0603207c        0x4 
 SLPROG         0x06032080        0xc D:/joengine-master/Compiler/COMMON/SGL_302j/LIB_ELF/LIBSGL.A(sglB023.o)
                0x06032080                slColRate
 *fill*         0x0603208c        0x4 
 SLPROG         0x06032090       0xb0 D:/joengine-master/Compiler/COMMON/SGL_302j/LIB_ELF/LIBSGL.A(sglB031.o)
                0x06032090                slMapNbg0
 SLPROG         0x06032140       0xb4 D:/joengine-master/Compiler/COMMON/SGL_302j/LIB_ELF/LIBSGL.A(sglB032.o)
                0x06032140                slMapNbg1
 *fill*         0x060321f4        0xc 
 SLPROG         0x06032200       0xb0 D:/joengine-master/Compiler/COMMON/SGL_302j/LIB_ELF/LIBSGL.A(sglB033.o)
                0x06032200                slMapNbg2
 SLPROG         0x060322b0       0xb4 D:/joengine-master/Compiler/COMMON/SGL_302j/LIB_ELF/LIBSGL.A(sglB034.o)
                0x060322b0                slMapNbg3
 *fill*         0x06032364        0xc 
 SLPROG         0x06032370       0xd4 D:/joengine-master/Compiler/COMMON/SGL_302j/LIB_ELF/LIBSGL.A(sglB035.o)
                0x06032370                sl1MapRA
                0x06032402                rbank_set
 *fill*         0x06032444        0xc 
 SLPROG         0x06032450       0xa0 D:/joengine-master/Compiler/COMMON/SGL_302j/LIB_ELF/LIBSGL.A(sglB036.o)
                0x06032450                sl1MapRB
 SLPROG         0x060324f0       0x70 D:/joengine-master/Compiler/COMMON/SGL_302j/LIB_ELF/LIBSGL.A(sglB038.o)
                0x060324f0                slRparaInitSet
 SLPROG         0x06032560       0x7e D:/joengine-master/Compiler/COMMON/SGL_302j/LIB_ELF/LIBSGL.A(sglB039.o)
                0x06032560                slMakeKtable
 *fill*         0x060325de        0x2 
 SLPROG         0x060325e0       0x58 D:/joengine-master/Compiler/COMMON/SGL_302j/LIB_ELF/LIBSGL.A(sglB040.o)
                0x060325e0                slKtableRA
 *fill*         0x06032638        0x8 
 SLPROG         0x06032640       0x5c D:/joengine-master/Compiler/COMMON/SGL_302j/LIB_ELF/LIBSGL.A(sglB041.o)
                0x06032640                slKtableRB
 *fill*         0x0603269c        0x4 
 SLPROG         0x060326a0       0x10 D:/joengine-master/Compiler/COMMON/SGL_302j/LIB_ELF/LIBSGL.A(sglB042.o)
                0x060326a0                slCurRpara
 SLPROG         0x060326b0        0x8 D:/joengine-master/Compiler/COMMON/SGL_302j/LIB_ELF/LIBSGL.A(sglB043.o)
                0x060326b0                slRparaMode
 *fill*         0x060326b8        0x8 
 SLPROG         0x060326c0      0x4e4 D:/joengine-master/Compiler/COMMON/SGL_302j/LIB_ELF/LIBSGL.A(sglB044.o)
                0x060326c0                slScrMatSet
 *fill*         0x06032ba4        0xc 
 SLPROG         0x06032bb0       0x28 D:/joengine-master/Compiler/COMMON/SGL_302j/LIB_ELF/LIBSGL.A(sglB045.o)
                0x06032bb0                slScrMatConv
 *fill*         0x06032bd8        0x8 
 SLPROG         0x06032be0        0xc D:/joengine-master/Compiler/COMMON/SGL_302j/LIB_ELF/LIBSGL.A(sglB047.o)
                0x06032be0                slOverRA
 *fill*         0x06032bec        0x4 
 SLPROG         0x06032bf0       0x10 D:/joengine-master/Compiler/COMMON/SGL_302j/LIB_ELF/LIBSGL.A(sglB048.o)
                0x06032bf0                slOverRB
 SLPROG         0x06032c00        0xc D:/joengine-master/Compiler/COMMON/SGL_302j/LIB_ELF/LIBSGL.A(sglB055.o)
                0x06032c00                slPlaneNbg0
 *fill*         0x06032c0c        0x4 
 SLPROG         0x06032c10        0xc D:/joengine-master/Compiler/COMMON/SGL_302j/LIB_ELF/LIBSGL.A(sglB056.o)
                0x06032c10                slPlaneNbg1
 *fill*         0x06032c1c        0x4 
 SLPROG         0x06032c20       0x10 D:/joengine-master/Compiler/COMMON/SGL_302j/LIB_ELF/LIBSGL.A(sglB057.o)
                0x06032c20                slPlaneNbg2
 SLPROG         0x06032c30       0x10 D:/joengine-master/Compiler/COMMON/SGL_302j/LIB_ELF/LIBSGL.A(sglB058.o)
                0x06032c30                slPlaneNbg3
 SLPROG         0x06032c40        0xc D:/joengine-master/Compiler/COMMON/SGL_302j/LIB_ELF/LIBSGL.A(sglB059.o)
                0x06032c40                slPlaneRA
 *fill*         0x06032c4c        0x4 
 SLPROG         0x06032c50       0x10 D:/joengine-master/Compiler/COMMON/SGL_302j/LIB_ELF/LIBSGL.A(sglB060.o)
                0x06032c50                slPlaneRB
 SLPROG         0x06032c60        0xc D:/joengine-master/Compiler/COMMON/SGL_302j/LIB_ELF/LIBSGL.A(sglB063.o)
                0x06032c60                slPriority
 *fill*         0x06032c6c        0x4 
 SLPROG         0x06032c70       0x18 D:/joengine-master/Compiler/COMMON/SGL_302j/LIB_ELF/LIBSGL.A(sglB087.o)
                0x06032c70                slLineScrollTable0
 *fill*         0x06032c88        0x8 
 SLPROG         0x06032c90        0x8 D:/joengine-master/Compiler/COMMON/SGL_302j/LIB_ELF/LIBSGL.A(sglB088.o)
                0x06032c90                slLineScrollTable1
 *fill*         0x06032c98        0x8 
 SLPROG         0x06032ca0        0xc D:/joengine-master/Compiler/COMMON/SGL_302j/LIB_ELF/LIBSGL.A(sglB090.o)
                0x06032ca0                slLineScrollMode
 *fill*         0x06032cac        0x4 
 SLPROG         0x06032cb0      0x114 D:/joengine-master/Compiler/COMMON/SGL_302j/LIB_ELF/LIBSGL.A(sglB200.o)
                0x06032cb0                slCharRbg0
                0x06032cbc                slCharNbg0
                0x06032cc8                slCharNbg1
                0x06032cd4                slCharNbg2
                0x06032cea                slCharNbg3
                0x06032d02                slPageRbg0
                0x06032d18                slPageNbg1
                0x06032d20                slPageNbg2
                0x06032d28                slPageNbg3
                0x06032d34                slPageNbg0
 *fill*         0x06032dc4        0xc 
 SLPROG         0x06032dd0       0x6c D:/joengine-master/Compiler/COMMON/SGL_302j/LIB_ELF/LIBSGL.A(sglC01.o)
                0x06032dd0                slPerspective
 *fill*         0x06032e3c        0x4 
 SLPROG         0x06032e40       0xc4 D:/joengine-master/Compiler/COMMON/SGL_302j/LIB_ELF/LIBSGL.A(sglC03.o)
                0x06032e40                slWindow
 *fill*         0x06032f04        0xc 
 SLPROG         0x06032f10       0x2c D:/joengine-master/Compiler/COMMON/SGL_302j/LIB_ELF/LIBSGL.A(sglC04.o)
                0x06032f10                slZdspLevel
 *fill*         0x06032f3c        0x4 
 SLPROG         0x06032f40       0x78 D:/joengine-master/Compiler/COMMON/SGL_302j/LIB_ELF/LIBSGL.A(sglC05.o)
                0x06032f40                slSetSprite
 *fill*         0x06032fb8        0x8 
 SLPROG         0x06032fc0       0xfa D:/joengine-master/Compiler/COMMON/SGL_302j/LIB_ELF/LIBSGL.A(sglC06.o)
                0x06032fc0                slDispSprite
 *fill*         0x060330ba        0x6 
 SLPROG         0x060330c0      0x162 D:/joengine-master/Compiler/COMMON/SGL_302j/LIB_ELF/LIBSGL.A(sglC07.o)
                0x060330c6                slPutSprite
 *fill*         0x06033222        0xe 
 SLPROG         0x06033230     0x1218 D:/joengine-master/Compiler/COMMON/SGL_302j/LIB_ELF/LIBSGL.A(sglC08.o)
                0x06033230                slPutPolygon
                0x06033eac                MsCalcDepthFlat
 *fill*         0x06034448        0x8 
 SLPROG         0x06034450       0x8c D:/joengine-master/Compiler/COMMON/SGL_302j/LIB_ELF/LIBSGL.A(sglC14.o)
                0x06034450                slCurWindow
 *fill*         0x060344dc        0x4 
 SLPROG         0x060344e0       0x54 D:/joengine-master/Compiler/COMMON/SGL_302j/LIB_ELF/LIBSGL.A(sglC16.o)
                0x060344e0                slDynamicFrame
 *fill*         0x06034534        0xc 
 SLPROG         0x06034540       0x4c D:/joengine-master/Compiler/COMMON/SGL_302j/LIB_ELF/LIBSGL.A(sglC17.o)
                0x06034540                slDispSpriteHV
 *fill*         0x0603458c        0x4 
 SLPROG         0x06034590       0xd4 D:/joengine-master/Compiler/COMMON/SGL_302j/LIB_ELF/LIBSGL.A(sglC19.o)
                0x06034590                slDispSprite4P
 *fill*         0x06034664        0xc 
 SLPROG         0x06034670       0x40 D:/joengine-master/Compiler/COMMON/SGL_302j/LIB_ELF/LIBSGL.A(sglC20.o)
                0x06034670                SpriteEntry
 SLPROG         0x060346b0      0x4ae D:/joengine-master/Compiler/COMMON/SGL_302j/LIB_ELF/LIBSGL.A(sglC21.o)
                0x06034738                RotSprite
                0x060347c6                SetSprPosition
 *fill*         0x06034b5e        0x2 
 SLPROG         0x06034b60       0x84 D:/joengine-master/Compiler/COMMON/SGL_302j/LIB_ELF/LIBSGL.A(sglD00.o)
                0x06034b60                slCpuDMACopy
                0x06034b60                slDMACopy
                0x06034bba                CSH_AllClr
                0x06034bba                slCashPurge
 *fill*         0x06034be4        0xc 
 SLPROG         0x06034bf0       0xa0 D:/joengine-master/Compiler/COMMON/SGL_302j/LIB_ELF/LIBSGL.A(sglD01.o)
                0x06034bf0                slDMAXCopy
 SLPROG         0x06034c90       0x10 D:/joengine-master/Compiler/COMMON/SGL_302j/LIB_ELF/LIBSGL.A(sglD02.o)
                0x06034c90                slDMAWait
 SLPROG         0x06034ca0        0xc D:/joengine-master/Compiler/COMMON/SGL_302j/LIB_ELF/LIBSGL.A(sglD03.o)
                0x06034ca0                slDMAStatus
 *fill*         0x06034cac        0x4 
 SLPROG         0x06034cb0       0x20 D:/joengine-master/Compiler/COMMON/SGL_302j/LIB_ELF/LIBSGL.A(sglD15.o)
                0x06034cb0                CSH_Purge
 SLPROG         0x06034cd0       0x84 D:/joengine-master/Compiler/COMMON/SGL_302j/LIB_ELF/LIBSGL.A(sglD16.o)
                0x06034cd0                DMA_ScuSetPrm
                0x06034d18                DMA_SCU_PRM0
 *fill*         0x06034d54        0xc 
 SLPROG         0x06034d60       0x88 D:/joengine-master/Compiler/COMMON/SGL_302j/LIB_ELF/LIBSGL.A(sglD17.o)
                0x06034d60                DMA_ScuStart
 *fill*         0x06034de8        0x8 
 SLPROG         0x06034df0       0x34 D:/joengine-master/Compiler/COMMON/SGL_302j/LIB_ELF/LIBSGL.A(sglD18.o)
                0x06034df0                DMA_ScuGetStatus
 *fill*         0x06034e24        0xc 
 SLPROG         0x06034e30       0x34 D:/joengine-master/Compiler/COMMON/SGL_302j/LIB_ELF/LIBSGL.A(sglF08.o)
                0x06034e30                slDec2Hex
 *fill*         0x06034e64        0xc 
 SLPROG         0x06034e70      0xfc8 D:/joengine-master/Compiler/COMMON/SGL_302j/LIB_ELF/LIBSGL.A(sglH00.o)
                0x06034e88                slGetPortDir1
                0x06034e90                slGetPortDir2
                0x06034e98                slSetPortDir1
                0x06034ec2                slSetPortDir2
                0x06034efc                slGetPortData1
                0x06034f04                slGetPortData2
                0x06034f0c                slSetPortData1
                0x06034f16                slSetPortData2
                0x06034f28                slGetPortSelect1
                0x06034f32                slGetPortSelect2
                0x06034f3c                slSetPortSelect1
                0x06034f70                slSetPortSelect2
                0x06034fac                slGetPortExt1
                0x06034fb6                slGetPortExt2
                0x06034fc0                slSetPortExt1
                0x06034ff0                slSetPortExt2
                0x06035164                slSmpcDirectAccess
                0x060351e4                slInitPeripheral
                0x06035276                slSetResultBuffer
                0x06035302                slCheckIntBackSet
                0x0603530e                slIntBackCancel
                0x06035338                slCheckReset
                0x06035342                slClearReset
                0x06035508                slSmpcCashSend
                0x060355c4                slSmpcCashBlow
                0x060356a0                slGetOptimize
                0x060356aa                slSetOptimize
                0x060356d0                slGetPortMode1
                0x060356dc                slGetPortMode2
                0x060356ea                slSetPortMode1
                0x06035728                slSetPortMode2
                0x060358b4                slRequestCommand
                0x06035924                Smpc_Status
                0x06035928                Smpc_Result
                0x0603592c                Smpc_Peripheral
                0x06035932                Per_Connect1
                0x06035933                Per_Connect2
                0x06035954                SmpcStatusBuf
 *fill*         0x06035e38        0x8 
 SLPROG         0x06035e40       0xa8 D:/joengine-master/Compiler/COMMON/SGL_302j/LIB_ELF/LIBSGL.A(sglH01.o)
                0x06035e40                slGetLanguage
                0x06035e4a                slSetLanguage
                0x06035e6c                slGetSoundEffect
                0x06035e78                slSetSoundEffect
                0x06035e94                slGetSoundOutput
                0x06035ea0                slSetSoundOutput
                0x06035ebc                slGetHelpWindow
                0x06035ec8                slSetHelpWindow
 *fill*         0x06035ee8        0x8 
 SLPROG         0x06035ef0      0x470 D:/joengine-master/Compiler/COMMON/SGL_302j/LIB_ELF/LIBSGL.A(sglH02.o)
                0x060362e0                smpc_pfr_tbl
                0x06036320                smpc_ptf_tbl
 SLPROG         0x06036360       0x60 D:/joengine-master/Compiler/COMMON/SGL_302j/LIB_ELF/LIBSGL.A(sglH04.o)
                0x06036360                slComPrmIntBack
                0x06036374                slComPrmSetMemory
                0x0603638a                slComPrmSetTime
 SLPROG         0x060363c0      0x3a4 D:/joengine-master/Compiler/COMMON/SGL_302j/LIB_ELF/LIBSGL.A(sglI01.o)
                0x060363c0                slInitSynch
                0x060363da                slSynch
                0x060364d0                slRandom
                0x060364ee                PCM_EndCheck
                0x060365aa                RetPCMBuf
                0x06036644                PCM_Buf
                0x060366e4                Sound_Buf
 *fill*         0x06036764        0xc 
 SLPROG         0x06036770       0x10 D:/joengine-master/Compiler/COMMON/SGL_302j/LIB_ELF/LIBSGL.A(sglI04.o)
                0x06036770                slIntFunction
 SLPROG         0x06036780       0x74 D:/joengine-master/Compiler/COMMON/SGL_302j/LIB_ELF/LIBSGL.A(sglJ00.o)
                0x06036780                InitSlaveSH
                0x060367e8                SlaveCommand
 *fill*         0x060367f4        0xc 
 SLPROG         0x06036800      0x3d0 D:/joengine-master/Compiler/COMMON/SGL_302j/LIB_ELF/LIBSGL.A(sglJ01.o)
                0x06036800                SlaveControl
                0x06036bbc                ErasePolygonData
 SLPROG         0x06036bd0     0x12b8 D:/joengine-master/Compiler/COMMON/SGL_302j/LIB_ELF/LIBSGL.A(sglJ02.o)
                0x06036bd0                sbMakePolygon
                0x06036db8                sbCalcPolygon
                0x06037af0                SetTexture
                0x06037afc                SetPolygon
                0x06037b04                SetPosition
                0x06037b3c                stvtc_4
                0x06037bf4                stvtc_3
                0x06037e04                stvtc_1
                0x06037e18                stvtc_2
                0x06037e2c                stvtc_0
 *fill*         0x06037e88        0x8 
 SLPROG         0x06037e90      0x140 D:/joengine-master/Compiler/COMMON/SGL_302j/LIB_ELF/LIBSGL.A(sglJ03.o)
                0x06037e90                sbMakeDMATable
 SLPROG         0x06037fd0      0x470 D:/joengine-master/Compiler/COMMON/SGL_302j/LIB_ELF/LIBSGL.A(sglJ04.o)
                0x0603802e                sbMakeSprite
                0x06038094                sbMakeRotSprite
 SLPROG         0x06038440       0x3c D:/joengine-master/Compiler/COMMON/SGL_302j/LIB_ELF/LIBSGL.A(sglJ05.o)
                0x06038440                sbSortEntry
 *fill*         0x0603847c        0x4 
 SLPROG         0x06038480      0x4b8 D:/joengine-master/Compiler/COMMON/SGL_302j/LIB_ELF/LIBSGL.A(sglM00.o)
                0x06038480                slInitGouraud
                0x06038574                slPutPolygonX
                0x060385ba                slGouraudTblCopy
                0x06038612                slSetGouraudTbl
                0x06038618                slSetGouraudColor
                0x06038690                slSetAmbient
                0x060386b4                slSetFlatColor
 *fill*         0x06038938        0x8 
 SLPROG         0x06038940       0x6a D:/joengine-master/Compiler/COMMON/SGL_302j/LIB_ELF/LIBSGL.A(sglM01.o)
                0x06038940                slSetDepthLimit
                0x0603896c                slSetDepthTbl