Archive member included to satisfy reference by file (symbol)

/joe/Compiler/COMMON/SGL_302j/LIB_ELF/SEGA_SYS.A(sys_exit.o)
                              jo_engine/core.o (symbol from plugin) (SYS_Exit)
/joe/Compiler/COMMON/SGL_302j/LIB_ELF/SEGA_SYS.A(sys_sub.o)
                              /joe/Compiler/COMMON/SGL_302j/LIB_ELF/SEGA_SYS.A(sys_exit.o) (SYSUB_SetStackptr)
/joe/Compiler/COMMON/SGL_302j/LIB_ELF/LIBCD.A(CDC_CMN.O)
                              /joe/Compiler/COMMON/SGL_302j/LIB_ELF/SEGA_SYS.A(sys_exit.o) (CDC_GetCurStat)
/joe/Compiler/COMMON/SGL_302j/LIB_ELF/LIBCD.A(CDC_DRV.O)
                              pcmsys.o (symbol from plugin) (CDC_CdPlay)
/joe/Compiler/COMMON/SGL_302j/LIB_ELF/LIBCD.A(CDC_CFS.O)
                              /joe/Compiler/COMMON/SGL_302j/LIB_ELF/SEGA_SYS.A(sys_exit.o) (CDC_ChgDir)
/joe/Compiler/COMMON/SGL_302j/LIB_ELF/LIBCD.A(CDC_REG.O)
                              /joe/Compiler/COMMON/SGL_302j/LIB_ELF/SEGA_SYS.A(sys_exit.o) (CDC_GetHirqReq)
/joe/Compiler/COMMON/SGL_302j/LIB_ELF/LIBCD.A(CDC_SUB.O)
                              /joe/Compiler/COMMON/SGL_302j/LIB_ELF/LIBCD.A(CDC_CMN.O) (CDSUB_UpdStatus)
/joe/Compiler/COMMON/SGL_302j/LIB_ELF/LIBCD.A(GFS.O)
                              pcmsys.o (symbol from plugin) (GFS_Init)
/joe/Compiler/COMMON/SGL_302j/LIB_ELF/LIBCD.A(GFS_BUF.O)
                              /joe/Compiler/COMMON/SGL_302j/LIB_ELF/LIBCD.A(GFS.O) (GFBF_GetNumData)
/joe/Compiler/COMMON/SGL_302j/LIB_ELF/LIBCD.A(GFS_CDB.O)
                              /joe/Compiler/COMMON/SGL_302j/LIB_ELF/LIBCD.A(GFS.O) (GFCB_Close)
/joe/Compiler/COMMON/SGL_302j/LIB_ELF/LIBCD.A(GFS_CDC.O)
                              /joe/Compiler/COMMON/SGL_302j/LIB_ELF/LIBCD.A(GFS.O) (GFCD_SetCdbfs)
/joe/Compiler/COMMON/SGL_302j/LIB_ELF/LIBCD.A(GFS_CDF.O)
                              /joe/Compiler/COMMON/SGL_302j/LIB_ELF/LIBCD.A(GFS.O) (GFCF_Init)
/joe/Compiler/COMMON/SGL_302j/LIB_ELF/LIBCD.A(GFS_DIR.O)
                              /joe/Compiler/COMMON/SGL_302j/LIB_ELF/LIBCD.A(GFS.O) (GFDR_SetupDirTbl)
/joe/Compiler/COMMON/SGL_302j/LIB_ELF/LIBCD.A(GFS_TRN.O)
                              /joe/Compiler/COMMON/SGL_302j/LIB_ELF/LIBCD.A(GFS.O) (GFTR_Setup)
/joe/Compiler/COMMON/SGL_302j/LIB_ELF/LIBCD.A(CDC_DEV.O)
                              /joe/Compiler/COMMON/SGL_302j/LIB_ELF/LIBCD.A(GFS_CDC.O) (CDC_CdSetCon)
/joe/Compiler/COMMON/SGL_302j/LIB_ELF/LIBCD.A(CDC_SEL.O)
                              /joe/Compiler/COMMON/SGL_302j/LIB_ELF/LIBCD.A(GFS_CDC.O) (CDC_SetFiltRange)
/joe/Compiler/COMMON/SGL_302j/LIB_ELF/LIBCD.A(CDC_BIF.O)
                              /joe/Compiler/COMMON/SGL_302j/LIB_ELF/LIBCD.A(GFS_CDC.O) (CDC_GetBufSiz)
/joe/Compiler/COMMON/SGL_302j/LIB_ELF/LIBCD.A(CDC_BIO.O)
                              /joe/Compiler/COMMON/SGL_302j/LIB_ELF/LIBCD.A(GFS_CDC.O) (CDC_SetSctLen)
/joe/Compiler/COMMON/SGL_302j/LIB_ELF/LIBSGL.A(sglA01.o)
                              jo_engine/math.o (symbol from plugin) (slSin)
/joe/Compiler/COMMON/SGL_302j/LIB_ELF/LIBSGL.A(sglA15.o)
                              jo_engine/slave.o (symbol from plugin) (slSlaveFunc)
/joe/Compiler/COMMON/SGL_302j/LIB_ELF/LIBSGL.A(sglA16.o)
                              main.o (symbol from plugin) (slLookAt)
/joe/Compiler/COMMON/SGL_302j/LIB_ELF/LIBSGL.A(sglA17.o)
                              /joe/Compiler/COMMON/SGL_302j/LIB_ELF/LIBSGL.A(sglA16.o) (slRotZ)
/joe/Compiler/COMMON/SGL_302j/LIB_ELF/LIBSGL.A(sglA18.o)
                              main.o (symbol from plugin) (slRotY)
/joe/Compiler/COMMON/SGL_302j/LIB_ELF/LIBSGL.A(sglA19.o)
                              main.o (symbol from plugin) (slRotX)
/joe/Compiler/COMMON/SGL_302j/LIB_ELF/LIBSGL.A(sglA20.o)
                              main.o (symbol from plugin) (slUnitMatrix)
/joe/Compiler/COMMON/SGL_302j/LIB_ELF/LIBSGL.A(sglA21.o)
                              main.o (symbol from plugin) (slPushMatrix)
/joe/Compiler/COMMON/SGL_302j/LIB_ELF/LIBSGL.A(sglA27.o)
                              /joe/Compiler/COMMON/SGL_302j/LIB_ELF/LIBSGL.A(sglA16.o) (slTranslate)
/joe/Compiler/COMMON/SGL_302j/LIB_ELF/LIBSGL.A(sglA28.o)
                              main.o (symbol from plugin) (slScale)
/joe/Compiler/COMMON/SGL_302j/LIB_ELF/LIBSGL.A(sglA40.o)
                              main.o (symbol from plugin) (slCalcVector)
/joe/Compiler/COMMON/SGL_302j/LIB_ELF/LIBSGL.A(sglB001.o)
                              main.o (symbol from plugin) (slTVOn)
/joe/Compiler/COMMON/SGL_302j/LIB_ELF/LIBSGL.A(sglB011.o)
                              jo_engine/vdp2.o (symbol from plugin) (slBitMapNbg1)
/joe/Compiler/COMMON/SGL_302j/LIB_ELF/LIBSGL.A(sglB014.o)
                              jo_engine/vdp2.o (symbol from plugin) (slScrTransparent)
/joe/Compiler/COMMON/SGL_302j/LIB_ELF/LIBSGL.A(sglB015.o)
                              jo_engine/vdp2.o (symbol from plugin) (slScrAutoDisp)
/joe/Compiler/COMMON/SGL_302j/LIB_ELF/LIBSGL.A(sglB016.o)
[...]
Memory Configuration

Name             Origin             Length             Attributes
*default*        0x0000000000000000 0xffffffffffffffff

Linker script and memory map


SLSTART         0x0000000006004000       0x30
                0x0000000006004000                ___Start = .
 *(SLSTART)
 SLSTART        0x0000000006004000       0x28 /joe/Compiler/COMMON/SGL_302j/LIB_ELF/LIBSGL.A(sglI00.o)
                0x0000000006004000                SGL_Start
                0x0000000006004002                slStartSGL

.text           0x0000000006004040    0x266a0
 *(.text)
 .text          0x0000000006004040        0x0 /joe/Compiler/COMMON/SGL_302j/LIB_ELF/SGLAREA.O
 .text          0x0000000006004040     0x8234 /tmp/cc3usFdz.ltrans0.ltrans.o
                0x0000000006004684                jo_sprite_draw.constprop.39
                0x00000000060047c8                jo_nbg2_print.constprop.38
                0x0000000006004854                render_CLUT_sprite_MESH.constprop.37
                0x00000000060048a0                __jo_core_set_screens_order.constprop.36
                0x0000000006004970                CDDAPlaySingle.constprop.31
                0x00000000060049ac                jo_free
                0x00000000060049d4                jo_vdp2_clear_bitmap_nbg1.constprop.23
                0x0000000006004a44                jo_backup_unmount.constprop.12
                0x0000000006004adc                jo_vdp2_malloc
                0x0000000006004c80                jo_vdp2_free
                0x0000000006004e78                jo_vdp2_disable_rbg0
                0x0000000006005058                __jo_create_map.lto_priv.574
                0x00000000060050d0                jo_img_to_vdp2_cells
                0x0000000006005178                jo_set_default_background_color
                0x00000000060053a8                jo_sprite_free_from
                0x00000000060055e0                jo_strlen
                0x0000000006005644                jo_getdate
                0x0000000006005718                jo_malloc_with_behaviour
                0x0000000006005d6c                load_textures.constprop.25
                0x0000000006005da8                jo_backup_mount.constprop.7
                0x0000000006005fbc                jo_random
                0x000000000600602c                jo_atan2f_rad
                0x00000000060061f0                load_binary.constprop.29
                0x0000000006006db0                jo_fixed_cos
                0x0000000006006e0c                jo_fixed_sin
                0x000000000600725c                __jo_tga_any_loader
                0x0000000006007424                jo_sprite_add_tga.constprop.24
                0x0000000006007598                _realloc_r
                0x000000000600763c                _calloc_r
                0x0000000006007670                _free_r
                0x00000000060076a0                _malloc_r
                0x0000000006007714                mnet_send_remove_local_player
                0x0000000006007790                mnet_tick
                0x0000000006008e64                lobby_screen
                0x000000000600a6d0                connecting_screen
 .text          0x000000000600c274     0xd460 /tmp/cc3usFdz.ltrans1.ltrans.o
                0x000000000600d0a8                my_vblank
                0x000000000600f93c                CDDAStop
                0x000000000600f958                load_16bit_pcm
                0x000000000600fab8                pcm_cease
                0x000000000600fae0                pcm_play
                0x000000000601378c                init_3d_planes
                0x0000000006013ccc                load_trackmap
                0x0000000006013d08                load_preview
                0x0000000006013d44                load_level
                0x00000000060151a4                load_car
                0x00000000060169d4                gameLoop
 .text          0x00000000060196d4     0x3038 /tmp/cc3usFdz.ltrans2.ltrans.o
                0x00000000060196d4                saturn_transport_send.lto_priv.451
                0x000000000601972c                saturn_transport_rx_byte.lto_priv.450
                0x0000000006019740                saturn_transport_rx_ready.lto_priv.449
                0x000000000601975c                draw_powerups
                0x0000000006019864                create_particles
                0x0000000006019938                computeLight
                0x00000000060199a8                create_player
                0x0000000006019be8                set_player_position
                0x0000000006019d30                getSeconds
                0x0000000006019db4                apply_player_gravity
                0x0000000006019e0c                init_1p_display
                0x0000000006019e94                init_2p_display
                0x0000000006019f24                stop_engine_sound
                0x0000000006019f90                stop_sounds
                0x000000000601a010                reset_to_last_checkpoint
                0x000000000601a108                reset_demo
                0x000000000601a310                render_CLUT_sprite
                0x000000000601a360                ztClearText
                0x000000000601a3ac                transition_to_end_level
                0x000000000601a54c                mmm_get_p2_port
                0x000000000601aa28                saturn_uart_puts.lto_priv.441
                0x000000000601aa7c                modem_read_line.lto_priv.442
                0x000000000601ac2c                modem_escape_to_command.lto_priv.445.lto_priv.447
                0x000000000601b2b8                saturn_uart_init.lto_priv.443
                0x000000000601b370                saturn_uart_set_baud.lto_priv.444
                0x000000000601bba4                saturn_uart_flush_rx.lto_priv.448
                0x000000000601bbf0                saturn_uart_loopback_test.lto_priv.453.lto_priv.455
                0x000000000601bcb8                saturn_uart_read_raw.lto_priv.456.lto_priv.458
                0x000000000601bd34                saturn_uart_getc_timeout.lto_priv.459.lto_priv.461
                0x000000000601bd68                saturn_uart_getc.lto_priv.462.lto_priv.464
                0x000000000601bd94                saturn_uart_putc.lto_priv.465.lto_priv.467
                0x000000000601bdd0                saturn_uart_read_iir.lto_priv.468.lto_priv.470
                0x000000000601bde8                saturn_uart_read_msr.lto_priv.471.lto_priv.473
                0x000000000601be08                saturn_uart_read_lsr.lto_priv.474.lto_priv.476
                0x000000000601be24                saturn_uart_clear_errors.lto_priv.477.lto_priv.479
                0x000000000601be44                saturn_uart_rx_error.lto_priv.480.lto_priv.482
                0x000000000601be64                saturn_uart_rx_ready.lto_priv.483.lto_priv.485
                0x000000000601be80                saturn_uart_tx_ready.lto_priv.486.lto_priv.488
                0x000000000601bf60                saturn_uart_detect.lto_priv.328
                0x000000000601bfec                saturn_uart_reg_write.lto_priv.489.lto_priv.491
                0x000000000601c004                saturn_uart_reg_read.lto_priv.492.lto_priv.494
                0x000000000601c020                saturn_netlink_smpc_disable.lto_priv.495.lto_priv.497
                0x000000000601c04c                saturn_netlink_smpc_enable.lto_priv.452
                0x000000000601c0d8                saturn_smpc_command.lto_priv.498.lto_priv.500
                0x000000000601c100                mnet_encode_lap_complete.lto_priv.341.lto_priv.344
                0x000000000601c128                mnet_encode_client_log.lto_priv.337.lto_priv.340
                0x000000000601c1d0                mnet_encode_leaderboard_req.lto_priv.345.lto_priv.348
                0x000000000601c1e0                mnet_encode_remove_local_player.lto_priv.349.lto_priv.352
                0x000000000601c1f0                mnet_encode_add_local_player.lto_priv.329.lto_priv.332
                0x000000000601c274                mnet_encode_powerup_pickup.lto_priv.353.lto_priv.356
                0x000000000601c288                mnet_encode_player_state_p2.lto_priv.357.lto_priv.360
                0x000000000601c320                mnet_encode_player_state.lto_priv.361.lto_priv.364
                0x000000000601c3b0                mnet_encode_input_state_p2.lto_priv.365.lto_priv.368
                0x000000000601c3dc                mnet_encode_input_state.lto_priv.369.lto_priv.372
                0x000000000601c404                mnet_encode_car_select.lto_priv.373.lto_priv.376
                0x000000000601c418                mnet_encode_start_game.lto_priv.377.lto_priv.380
                0x000000000601c428                mnet_encode_ready.lto_priv.381.lto_priv.384
                0x000000000601c438                mnet_encode_heartbeat.lto_priv.385.lto_priv.388
                0x000000000601c448                mnet_encode_disconnect.lto_priv.389.lto_priv.392
                0x000000000601c458                mnet_encode_set_username.lto_priv.333.lto_priv.336
                0x000000000601c4d8                mnet_encode_connect_uuid.lto_priv.393.lto_priv.396
                0x000000000601c4f8                mnet_encode_connect.lto_priv.397.lto_priv.400
                0x000000000601c508                mnet_read_string.lto_priv.401.lto_priv.404
                0x000000000601c550                mnet_rx_poll.lto_priv.405.lto_priv.440
                0x000000000601c600                mnet_rx_init.lto_priv.408.lto_priv.411
                0x000000000601c610                mnet_send_frame.lto_priv.412.lto_priv.415
                0x000000000601c650                net_transport_is_connected.lto_priv.416.lto_priv.419
                0x000000000601c668                net_transport_send.lto_priv.420.lto_priv.423
                0x000000000601c67c                net_transport_rx_byte.lto_priv.424.lto_priv.427
                0x000000000601c690                net_transport_rx_ready.lto_priv.428.lto_priv.431
                0x000000000601c6a4                get_gbr.lto_priv.53.lto_priv.77
                0x000000000601c6ac                set_gbr.lto_priv.78.lto_priv.102
                0x000000000601c6b4                get_vbr.lto_priv.103.lto_priv.127
                0x000000000601c6bc                set_vbr.lto_priv.128.lto_priv.152
                0x000000000601c6c4                set_imask.lto_priv.153.lto_priv.177
                0x000000000601c6d8                get_imask.lto_priv.178.lto_priv.202
                0x000000000601c6e4                get_sr.lto_priv.203.lto_priv.227
                0x000000000601c6ec                set_sr.lto_priv.228.lto_priv.252
                0x000000000601c6f4                tas.lto_priv.253.lto_priv.277
                0x000000000601c6fc                sleep.lto_priv.278.lto_priv.302
                0x000000000601c704                nop.lto_priv.303.lto_priv.327
 *fill*         0x000000000601c70c        0x4 
 .text          0x000000000601c710      0x238 /joe/Compiler/COMMON/SGL_302j/LIB_ELF/SEGA_SYS.A(sys_exit.o)
                0x000000000601c710                sys_version
                0x000000000601c730                SYS_Exit
 *fill*         0x000000000601c948        0x8 
 .text          0x000000000601c950        0x6 /joe/Compiler/COMMON/SGL_302j/LIB_ELF/SEGA_SYS.A(sys_sub.o)
                0x000000000601c950                SYSUB_SetStackptr
 *fill*         0x000000000601c956        0xa 
 .text          0x000000000601c960      0x3a0 /joe/Compiler/COMMON/SGL_302j/LIB_ELF/LIBCD.A(CDC_CMN.O)
                0x000000000601c960                CDC_GetCurStat
                0x000000000601c9b0                CDC_GetLastStat
                0x000000000601c9c8                CDC_GetPeriStat
                0x000000000601ca9c                CDC_GetHwInfo
                0x000000000601cb04                CDC_TgetToc
                0x000000000601cb54                CDC_GetSes
                0x000000000601cb90                CDC_CdInit
                0x000000000601cc14                CDC_CdOpen
                0x000000000601cc3c                CDC_DataReady
                0x000000000601cca8                CDC_DataEnd
 .text          0x000000000601cd00      0x130 /joe/Compiler/COMMON/SGL_302j/LIB_ELF/LIBCD.A(CDC_DRV.O)
                0x000000000601cd00                CDC_CdPlay
                0x000000000601cdcc                CDC_CdSeek
                0x000000000601ce00                CDC_CdScan
 .text          0x000000000601ce30      0x194 /joe/Compiler/COMMON/SGL_302j/LIB_ELF/LIBCD.A(CDC_CFS.O)
                0x000000000601ce30                CDC_ChgDir
                0x000000000601ce64                CDC_ReadDir
                0x000000000601ce98                CDC_GetFileScope
                0x000000000601cef8                CDC_TgetFileInfo
                0x000000000601cf54                CDC_ReadFile
                0x000000000601cf88                CDC_AbortFile
 *fill*         0x000000000601cfc4        0xc 
 .text          0x000000000601cfd0      0x2dc /joe/Compiler/COMMON/SGL_302j/LIB_ELF/LIBCD.A(CDC_REG.O)
                0x000000000601cfd0                CDC_GetDataPtr
                0x000000000601cfe0                CDC_GetHirqReq
                0x000000000601cff4                CDC_ClrHirqReq
                0x000000000601d024                CDREG_ClrHirqReq
                0x000000000601d034                CDREG_InitHirqReq
                0x000000000601d05c                CDREG_SetHirqFlag
                0x000000000601d070                CDC_GetHirqMsk
                0x000000000601d084                CDC_SetHirqMsk
                0x000000000601d094                CDC_GetMpegPtr
                0x000000000601d0a4                CDREG_TgetData
                0x000000000601d100                CDREG_CmdRsp
                0x000000000601d200                CDREG_WaitHirq
                0x000000000601d270                CDREG_ReadRsp
 *fill*         0x000000000601d2ac        0x4 
 .text          0x000000000601d2b0      0x152 /joe/Compiler/COMMON/SGL_302j/LIB_ELF/LIBCD.A(CDC_SUB.O)
                0x000000000601d2b0                CDSUB_UpdStatus
                0x000000000601d2c8                CDSUB_UpdCdstat
                0x000000000601d2e8                CDSUB_CdCmd
                0x000000000601d358                CDSUB_GetCdstat
                0x000000000601d398                CDSUB_RspToCdstat
                0x000000000601d3e0                CDSUB_SoftTimer
 *fill*         0x000000000601d402        0xe 
 .text          0x000000000601d410     0x1adc /joe/Compiler/COMMON/SGL_302j/LIB_ELF/LIBCD.A(GFS.O)
                0x000000000601d410                gfs_version
                0x000000000601d430                GFS_Init
                0x000000000601d518                GFS_LoadDir
                0x000000000601d5c0                GFS_SetDir
                0x000000000601d628                GFS_NameToId
                0x000000000601d68c                GFS_IdToName
                0x000000000601d6f8                GFS_GetDirInfo
                0x000000000601d768                GFS_Reset
                0x000000000601d7ec                GFS_Open
                0x000000000601d8a0                GFS_Close
                0x000000000601d8d8                GFS_Seek
                0x000000000601d98c                GFS_Tell
                0x000000000601d9dc                GFS_IsEof
                0x000000000601da30                GFS_ByteToSct
                0x000000000601da8c                GFS_GetFileSize
                0x000000000601dae8                GFS_GetFileInfo
                0x000000000601db5c                GFS_GetNumCdbuf
                0x000000000601db84                GFS_Load
                0x000000000601dc48                GFS_Fread
                0x000000000601dce4                gfs_waitRead
                0x000000000601dd8c                GFS_NwFread
                0x000000000601de98                GFS_NwCdRead
                0x000000000601df10                GFS_NwIsComplete
                0x000000000601df48                GFS_NwStop
                0x000000000601dfb4                GFS_NwGetStat
                0x000000000601e030                gfs_recovRdErr
                0x000000000601e060                GFS_NwExecOne
                0x000000000601e120                GFS_NwExecServer
                0x000000000601e19c                GFS_SetGmode
                0x000000000601e200                GFS_SetTmode
                0x000000000601e26c                GFS_SetReadPara
                0x000000000601e2d0                GFS_SetTransPara
                0x000000000601e33c                GFS_SetTrFunc
                0x000000000601e3a0                GFS_StartTrans
                0x000000000601e3ec                GFS_CdMovePickup
                0x000000000601e458                GFS_SetErrFunc
                0x000000000601e484                GFS_GetErrStat
                0x000000000601e4a8                GFS_ConvTno
                0x000000000601e4d0                gfs_chgRoot
                0x000000000601e59c                gfs_aborttrans
                0x000000000601e5a8                gfs_mngSetupFuncTbl
                0x000000000601e5dc                gfs_mngInitWork
                0x000000000601e680                gfs_mngGetNumFile
                0x000000000601e6e8                GFS_mngAllocGrp
                0x000000000601e730                gfs_mngFreeGrp
                0x000000000601e73c                gfs_mngTermAccess
                0x000000000601e7c0                gfs_mngSetErrCode
                0x000000000601e840                gfs_svrSearchHndl
                0x000000000601e880                gfs_svrAddHndl
                0x000000000601e8bc                gfs_svrRemoveHndl
                0x000000000601e918                GFS_OpenSub
                0x000000000601e970                gfs_loadVol
                0x000000000601ea34                gfs_getRootDir
                0x000000000601eb30                gfs_loadRootDir
                0x000000000601ebb8                gfs_flowIn
                0x000000000601ec60                gfs_transData
                0x000000000601ed04                GFS_GetFad
                0x000000000601ed5c                gfs_SetSct
                0x000000000601ed9c                gfs_GetFinfo
                0x000000000601eddc                gfs_closeSub
                0x000000000601ee18                gfs_getGmode
                0x000000000601ee24                gfs_isTaskDone
                0x000000000601ee78                gfs_convFinStat
 *fill*         0x000000000601eeec        0x4 
 .text          0x000000000601eef0      0x106 /joe/Compiler/COMMON/SGL_302j/LIB_ELF/LIBCD.A(GFS_BUF.O)
                0x000000000601ef20                GFBF_GetTranData
                0x000000000601ef48                GFBF_GetNumData
                0x000000000601ef78                GFBF_GetSrcPk
                0x000000000601efa0                GFBF_GetSctData
                0x000000000601efc4                GFBF_RtnPk
                0x000000000601efec                gfbf_getSctDt
 *fill*         0x000000000601eff6        0xa 
 .text          0x000000000601f000      0x600 /joe/Compiler/COMMON/SGL_302j/LIB_ELF/LIBCD.A(GFS_CDB.O)
                0x000000000601f000                GFCB_Setup
                0x000000000601f120                GFCB_Close
                0x000000000601f148                GFCB_GetLenData
                0x000000000601f1f4                GFCB_GetLenRoom
                0x000000000601f200                GFCB_SetFilt
                0x000000000601f268                GFCB_DeleteAllData
                0x000000000601f290                GFCB_Tell
                0x000000000601f2a0                gfcb_getSctNum
                0x000000000601f2f0                GFCB_Seek
                0x000000000601f3ec                GFCB_GetSrcPack
                0x000000000601f4cc                GFCB_GetSctData
                0x000000000601f504                GFCB_GetDstPack
                0x000000000601f510                GFCB_RtnPk
                0x000000000601f558                GFCB_MovePickup
                0x000000000601f574                GFCB_SetCon
                0x000000000601f5a8                GFCB_GetPickup
                0x000000000601f5d0                GFCB_IsPuOwner
                0x000000000601f5e8                GFCB_UngetPickup
 .text          0x000000000601f600     0x1a10 /joe/Compiler/COMMON/SGL_302j/LIB_ELF/LIBCD.A(GFS_CDC.O)
                0x000000000601f600                GFCD_SetCdbfs
                0x000000000601f62c                GFCD_Init
                0x000000000601f830                GFCD_AllocFilt
                0x000000000601f86c                GFCD_FreeFilt
                0x000000000601f89c                GFCD_AllocBuf
                0x000000000601f8d0                GFCD_FreeBuf
                0x000000000601f974                GFCD_GetBaseFad
                0x000000000601f9a8                GFCD_GetPickup
                0x000000000601f9dc                GFCD_UngetPickup
                0x000000000601fa08                GFCD_IsPuOwner
                0x000000000601fa2c                GFCD_SetFilt
                0x000000000601faf0                GFCD_GetFilt
                0x000000000601fb38                GFCD_SetCon
                0x000000000601fb90                GFCD_Play
                0x000000000601fbf0                GFCD_GetLenData
                0x000000000601fc58                GFCD_ReqData
                0x000000000601fcb4                GFCD_EndData
                0x000000000601fcfc                GFCD_DelSctData
                0x000000000601fd54                GFCD_CheckDelSctData
                0x000000000601fd84                GFCD_GetStat
                0x000000000601fe38                GFCD_MovePickup
                0x000000000601fe84                GFCD_MoveSctData
                0x000000000601fef8                GFCD_CheckMove
                0x000000000601ff1c                GFCD_GetSctInfo
                0x000000000601ff64                GFCD_ChgDir
                0x000000000601ffd8                GFCD_SetFiltCon
                0x00000000060200c0                GFCD_GetFileInfo
                0x000000000602019c                GFCD_GetBufSiz
                0x00000000060201d4                GFCD_ExecServer
                0x00000000060202a8                gfcd_isIdleTask
                0x0000000006020334                gfcd_doTask
                0x00000000060203e0                GFCD_SetTimer
                0x00000000060203f4                GFCD_WaitServer
                0x0000000006020430                gfcd_doSetFiltTsk
                0x00000000060205f4                gfcd_doSetConTsk
                0x0000000006020684                gfcd_doGetLenDataTsk
                0x00000000060207d8                gfcd_doReqDataTsk
                0x0000000006020878                gfcd_doDelSctDataTsk
                0x00000000060209ac                gfcd_doMoveSctTsk
                0x0000000006020b10                gfcd_doChgDirTsk
                0x0000000006020d0c                gfcd_doSetFiltConTsk
                0x0000000006020e50                gfcd_checkEflag
                0x0000000006020e74                gfcd_initCdbMng
                0x0000000006020ef4                gfcd_setStat
                0x0000000006020f20                GFCD_SetCsctFunc
                0x0000000006020f3c                GFCD_ChkScdqFlag
                0x0000000006020f60                GFCD_ClrScdqFlag
                0x0000000006020f7c                GFCD_WaitScdqFlag
                0x0000000006020fc0                GFCD_WaitPause
 .text          0x0000000006021010      0x8d8 /joe/Compiler/COMMON/SGL_302j/LIB_ELF/LIBCD.A(GFS_CDF.O)
                0x0000000006021010                GFCF_Init
                0x00000000060210b0                GFCF_Setup
                0x00000000060211f8                GFCF_SetSct
                0x000000000602123c                GFCF_GetFileInfo
                0x00000000060212b0                GFCF_FlowInBuf
                0x0000000006021404                GFCF_StopInBuf
                0x00000000060214a4                GFCF_Recover
                0x00000000060214ec                GFCF_Tell
                0x0000000006021504                GFCF_Seek
                0x000000000602151c                GFCF_MovePickup
                0x00000000060215b8                GFCF_cnvIntlvOfs
                0x000000000602160c                GFCF_GetStat
                0x00000000060216a4                gfcf_getSctSize
                0x00000000060216e0                gfcf_isCdOk
                0x00000000060217a0                gfcf_getPlayRange
 *fill*         0x00000000060218e8        0x8 
 .text          0x00000000060218f0      0x92c /joe/Compiler/COMMON/SGL_302j/LIB_ELF/LIBCD.A(GFS_DIR.O)
                0x00000000060218f0                GFDR_SetupDirTbl
                0x0000000006021964                GFDR_NameToId
                0x00000000060219c4                GFDR_GetInfoDirId
                0x00000000060219d8                GFDR_GetInfoDirName
                0x00000000060219ec                GFDR_GetAtrDirId
                0x0000000006021a04                GFDR_GetAtrDirName
                0x0000000006021a1c                GFDR_ChgRoot
                0x0000000006021a34                GFDR_ChgDir
                0x0000000006021aa8                gfdr_setupDirIdTbl
                0x0000000006021b2c                gfdr_setupDirNameTbl
                0x0000000006021bd8                gfdr_open
                0x0000000006021c00                gfdr_read
                0x0000000006021cc0                gfdr_readByte
                0x0000000006021cec                gfdr_readWord
                0x0000000006021d18                gfdr_readWordNB
                0x0000000006021d6c                gfdr_readLongNB
                0x0000000006021db8                gfdr_readLongNM
                0x0000000006021de0                gfdr_setNextRec
                0x0000000006021e64                gfdr_readDirEnt
                0x00000000060221e0                gfdr_setDirrecCd
 *fill*         0x000000000602221c        0x4 
 .text          0x0000000006022220      0x9c6 /joe/Compiler/COMMON/SGL_302j/LIB_ELF/LIBCD.A(GFS_TRN.O)
                0x0000000006022250                GFTR_Setup
                0x0000000006022294                GFTR_SetMode
                0x00000000060222a8                GFTR_SetUnit
                0x00000000060222b4                GFTR_SetTransPara
                0x00000000060222e8                GFTR_GetTransPara
                0x00000000060222f4                GFTR_GetNumTrans
                0x0000000006022300                GFTR_SetTransMax
                0x000000000602230c                GFTR_Start
                0x0000000006022318                GFTR_Pause
                0x0000000006022324                GFTR_Stop
                0x00000000060223dc                GFTR_Exec
                0x0000000006022460                GFTR_Idle
                0x00000000060224d8                GFTR_ExecSvr
                0x00000000060225e0                gftr_getSrcPack
                0x0000000006022668                gftr_getDstPack
                0x00000000060226c4                gftr_reqScu
                0x00000000060226d0                gftr_execScu
                0x000000000602276c                gftr_remScu
                0x00000000060227a0                gfdma_canUse
                0x00000000060227ac                gfdma_exec
                0x000000000602281c                gfdma_getBytecnt
                0x0000000006022854                gftr_reqDma0
                0x000000000602286c                gftr_execSdma0
                0x0000000006022890                gftr_remDma0
                0x00000000060228a8                gftr_reqDma1
                0x00000000060228c0                gftr_execSdma1
                0x00000000060228e4                gftr_remDma1
                0x00000000060228fc                gftr_reqCpu
                0x0000000006022908                gftr_execCpu
                0x0000000006022948                gftr_remCpu
                0x0000000006022954                gftr_reqTrn
                0x00000000060229c4                gftr_execTrn
                0x0000000006022a9c                gftr_remTrn
                0x0000000006022b10                gftr_copyFrac
                0x0000000006022b38                GFTR_GetLenData
                0x0000000006022b44                GFTR_GetLenRoom
                0x0000000006022b5c                GFTR_GetDstPack
                0x0000000006022b90                GFTR_RtnDstPk
                0x0000000006022bac                GFTR_GetData
                0x0000000006022bc0                GFTR_SetData
                0x0000000006022bd4                GFTR_SetTransFunc
 *fill*         0x0000000006022be6        0xa 
 .text          0x0000000006022bf0       0xa8 /joe/Compiler/COMMON/SGL_302j/LIB_ELF/LIBCD.A(CDC_DEV.O)
                0x0000000006022bf0                CDC_CdSetCon
                0x0000000006022c20                CDC_CdGetCon
                0x0000000006022c5c                CDC_CdGetLastBuf
 *fill*         0x0000000006022c98        0x8 
 .text          0x0000000006022ca0      0x2b8 /joe/Compiler/COMMON/SGL_302j/LIB_ELF/LIBCD.A(CDC_SEL.O)
                0x0000000006022ca0                CDC_SetFiltRange
                0x0000000006022cd4                CDC_GetFiltRange
                0x0000000006022d2c                CDC_SetFiltSubh
                0x0000000006022d9c                CDC_GetFiltSubh
                0x0000000006022e18                CDC_SetFiltMode
                0x0000000006022e4c                CDC_GetFiltMode
                0x0000000006022e90                CDC_SetFiltCon
                0x0000000006022ed0                CDC_GetFiltCon
                0x0000000006022f24                CDC_ResetSelector
 *fill*         0x0000000006022f58        0x8 
 .text          0x0000000006022f60      0x270 /joe/Compiler/COMMON/SGL_302j/LIB_ELF/LIBCD.A(CDC_BIF.O)
                0x0000000006022f60                CDC_GetBufSiz
                0x0000000006022fbc                CDC_GetSctNum
                0x0000000006023000                CDC_CalActSiz
                0x000000000602303c                CDC_GetActSiz
                0x00000000060230bc                CDC_GetSctInfo
                0x000000000602313c                CDC_ExeFadSearch
                0x0000000006023174                CDC_GetFadSearch
 .text          0x00000000060231d0      0x1e4 /joe/Compiler/COMMON/SGL_302j/LIB_ELF/LIBCD.A(CDC_BIO.O)
                0x00000000060231d0                CDC_SetSctLen
                0x0000000006023204                CDC_GetSctData
                0x0000000006023240                CDC_DelSctData
                0x000000000602327c                CDC_GetdelSctData
                0x00000000060232b8                CDC_PutSctData
                0x00000000060232f0                CDC_CopySctData
                0x0000000006023334                CDC_MoveSctData
                0x0000000006023378                CDC_GetCopyErr
 *fill*         0x00000000060233b4        0xc 
 .text          0x00000000060233c0        0x0 /joe/Compiler/COMMON/SGL_302j/LIB_ELF/LIBSGL.A(sglA01.o)
 .text          0x00000000060233c0        0x0 /joe/Compiler/COMMON/SGL_302j/LIB_ELF/LIBSGL.A(sglA15.o)
 .text          0x00000000060233c0        0x0 /joe/Compiler/COMMON/SGL_302j/LIB_ELF/LIBSGL.A(sglA16.o)
 .text          0x00000000060233c0        0x0 /joe/Compiler/COMMON/SGL_302j/LIB_ELF/LIBSGL.A(sglA17.o)
 .text          0x00000000060233c0        0x0 /joe/Compiler/COMMON/SGL_302j/LIB_ELF/LIBSGL.A(sglA18.o)
 .text          0x00000000060233c0        0x0 /joe/Compiler/COMMON/SGL_302j/LIB_ELF/LIBSGL.A(sglA19.o)
 .text          0x00000000060233c0        0x0 /joe/Compiler/COMMON/SGL_302j/LIB_ELF/LIBSGL.A(sglA20.o)
 .text          0x00000000060233c0        0x0 /joe/Compiler/COMMON/SGL_302j/LIB_ELF/LIBSGL.A(sglA21.o)
 .text          0x00000000060233c0        0x0 /joe/Compiler/COMMON/SGL_302j/LIB_ELF/LIBSGL.A(sglA27.o)
 .text          0x00000000060233c0        0x0 /joe/Compiler/COMMON/SGL_302j/LIB_ELF/LIBSGL.A(sglA28.o)
 .text          0x00000000060233c0        0x0 /joe/Compiler/COMMON/SGL_302j/LIB_ELF/LIBSGL.A(sglA40.o)
 .text          0x00000000060233c0        0x0 /joe/Compiler/COMMON/SGL_302j/LIB_ELF/LIBSGL.A(sglB001.o)
 .text          0x00000000060233c0        0x0 /joe/Compiler/COMMON/SGL_302j/LIB_ELF/LIBSGL.A(sglB011.o)
 .text          0x00000000060233c0        0x0 /joe/Compiler/COMMON/SGL_302j/LIB_ELF/LIBSGL.A(sglB014.o)
 .text          0x00000000060233c0        0x0 /joe/Compiler/COMMON/SGL_302j/LIB_ELF/LIBSGL.A(sglB015.o)
 .text          0x00000000060233c0        0x0 /joe/Compiler/COMMON/SGL_302j/LIB_ELF/LIBSGL.A(sglB016.o)
 .text          0x00000000060233c0        0x0 /joe/Compiler/COMMON/SGL_302j/LIB_ELF/LIBSGL.A(sglB020.o)
 .text          0x00000000060233c0        0x0 /joe/Compiler/COMMON/SGL_302j/LIB_ELF/LIBSGL.A(sglB021.o)
 .text          0x00000000060233c0        0x0 /joe/Compiler/COMMON/SGL_302j/LIB_ELF/LIBSGL.A(sglB023.o)
 .text          0x00000000060233c0        0x0 /joe/Compiler/COMMON/SGL_302j/LIB_ELF/LIBSGL.A(sglB031.o)
 .text          0x00000000060233c0        0x0 /joe/Compiler/COMMON/SGL_302j/LIB_ELF/LIBSGL.A(sglB032.o)
 .text          0x00000000060233c0        0x0 /joe/Compiler/COMMON/SGL_302j/LIB_ELF/LIBSGL.A(sglB033.o)
 .text          0x00000000060233c0        0x0 /joe/Compiler/COMMON/SGL_302j/LIB_ELF/LIBSGL.A(sglB034.o)
 .text          0x00000000060233c0        0x0 /joe/Compiler/COMMON/SGL_302j/LIB_ELF/LIBSGL.A(sglB035.o)
 .text          0x00000000060233c0        0x0 /joe/Compiler/COMMON/SGL_302j/LIB_ELF/LIBSGL.A(sglB036.o)
 .text          0x00000000060233c0        0x0 /joe/Compiler/COMMON/SGL_302j/LIB_ELF/LIBSGL.A(sglB038.o)
 .text          0x00000000060233c0        0x0 /joe/Compiler/COMMON/SGL_302j/LIB_ELF/LIBSGL.A(sglB039.o)
 .text          0x00000000060233c0        0x0 /joe/Compiler/COMMON/SGL_302j/LIB_ELF/LIBSGL.A(sglB040.o)
 .text          0x00000000060233c0        0x0 /joe/Compiler/COMMON/SGL_302j/LIB_ELF/LIBSGL.A(sglB041.o)
 .text          0x00000000060233c0        0x0 /joe/Compiler/COMMON/SGL_302j/LIB_ELF/LIBSGL.A(sglB042.o)
 .text          0x00000000060233c0        0x0 /joe/Compiler/COMMON/SGL_302j/LIB_ELF/LIBSGL.A(sglB043.o)
 .text          0x00000000060233c0        0x0 /joe/Compiler/COMMON/SGL_302j/LIB_ELF/LIBSGL.A(sglB044.o)
 .text          0x00000000060233c0        0x0 /joe/Compiler/COMMON/SGL_302j/LIB_ELF/LIBSGL.A(sglB045.o)
 .text          0x00000000060233c0        0x0 /joe/Compiler/COMMON/SGL_302j/LIB_ELF/LIBSGL.A(sglB047.o)
 .text          0x00000000060233c0        0x0 /joe/Compiler/COMMON/SGL_302j/LIB_ELF/LIBSGL.A(sglB048.o)
 .text          0x00000000060233c0        0x0 /joe/Compiler/COMMON/SGL_302j/LIB_ELF/LIBSGL.A(sglB055.o)
 .text          0x00000000060233c0        0x0 /joe/Compiler/COMMON/SGL_302j/LIB_ELF/LIBSGL.A(sglB056.o)
 .text          0x00000000060233c0        0x0 /joe/Compiler/COMMON/SGL_302j/LIB_ELF/LIBSGL.A(sglB057.o)
 .text          0x00000000060233c0        0x0 /joe/Compiler/COMMON/SGL_302j/LIB_ELF/LIBSGL.A(sglB058.o)
 .text          0x00000000060233c0        0x0 /joe/Compiler/COMMON/SGL_302j/LIB_ELF/LIBSGL.A(sglB059.o)
 .text          0x00000000060233c0        0x0 /joe/Compiler/COMMON/SGL_302j/LIB_ELF/LIBSGL.A(sglB060.o)
 .text          0x00000000060233c0        0x0 /joe/Compiler/COMMON/SGL_302j/LIB_ELF/LIBSGL.A(sglB063.o)
 .text          0x00000000060233c0        0x0 /joe/Compiler/COMMON/SGL_302j/LIB_ELF/LIBSGL.A(sglB087.o)
 .text          0x00000000060233c0        0x0 /joe/Compiler/COMMON/SGL_302j/LIB_ELF/LIBSGL.A(sglB088.o)
 .text          0x00000000060233c0        0x0 /joe/Compiler/COMMON/SGL_302j/LIB_ELF/LIBSGL.A(sglB090.o)
 .text          0x00000000060233c0        0x0 /joe/Compiler/COMMON/SGL_302j/LIB_ELF/LIBSGL.A(sglB200.o)
 .text          0x00000000060233c0        0x0 /joe/Compiler/COMMON/SGL_302j/LIB_ELF/LIBSGL.A(sglC01.o)
 .text          0x00000000060233c0        0x0 /joe/Compiler/COMMON/SGL_302j/LIB_ELF/LIBSGL.A(sglC03.o)
 .text          0x00000000060233c0        0x0 /joe/Compiler/COMMON/SGL_302j/LIB_ELF/LIBSGL.A(sglC04.o)
 .text          0x00000000060233c0        0x0 /joe/Compiler/COMMON/SGL_302j/LIB_ELF/LIBSGL.A(sglC05.o)
 .text          0x00000000060233c0        0x0 /joe/Compiler/COMMON/SGL_302j/LIB_ELF/LIBSGL.A(sglC06.o)
 .text          0x00000000060233c0        0x0 /joe/Compiler/COMMON/SGL_302j/LIB_ELF/LIBSGL.A(sglC07.o)
 .text          0x00000000060233c0        0x0 /joe/Compiler/COMMON/SGL_302j/LIB_ELF/LIBSGL.A(sglC08.o)
 .text          0x00000000060233c0        0x0 /joe/Compiler/COMMON/SGL_302j/LIB_ELF/LIBSGL.A(sglC14.o)
 .text          0x00000000060233c0        0x0 /joe/Compiler/COMMON/SGL_302j/LIB_ELF/LIBSGL.A(sglC16.o)
 .text          0x00000000060233c0        0x0 /joe/Compiler/COMMON/SGL_302j/LIB_ELF/LIBSGL.A(sglC17.o)
 .text          0x00000000060233c0        0x0 /joe/Compiler/COMMON/SGL_302j/LIB_ELF/LIBSGL.A(sglC19.o)
 .text          0x00000000060233c0        0x0 /joe/Compiler/COMMON/SGL_302j/LIB_ELF/LIBSGL.A(sglC20.o)
 .text          0x00000000060233c0        0x0 /joe/Compiler/COMMON/SGL_302j/LIB_ELF/LIBSGL.A(sglC21.o)
 .text          0x00000000060233c0        0x0 /joe/Compiler/COMMON/SGL_302j/LIB_ELF/LIBSGL.A(sglD00.o)
 .text          0x00000000060233c0        0x0 /joe/Compiler/COMMON/SGL_302j/LIB_ELF/LIBSGL.A(sglD01.o)
 .text          0x00000000060233c0        0x0 /joe/Compiler/COMMON/SGL_302j/LIB_ELF/LIBSGL.A(sglD02.o)
 .text          0x00000000060233c0        0x0 /joe/Compiler/COMMON/SGL_302j/LIB_ELF/LIBSGL.A(sglD03.o)
 .text          0x00000000060233c0        0x0 /joe/Compiler/COMMON/SGL_302j/LIB_ELF/LIBSGL.A(sglD15.o)
 .text          0x00000000060233c0        0x0 /joe/Compiler/COMMON/SGL_302j/LIB_ELF/LIBSGL.A(sglD16.o)
 .text          0x00000000060233c0        0x0 /joe/Compiler/COMMON/SGL_302j/LIB_ELF/LIBSGL.A(sglD17.o)
 .text          0x00000000060233c0        0x0 /joe/Compiler/COMMON/SGL_302j/LIB_ELF/LIBSGL.A(sglD18.o)
 .text          0x00000000060233c0        0x0 /joe/Compiler/COMMON/SGL_302j/LIB_ELF/LIBSGL.A(sglF08.o)
 .text          0x00000000060233c0        0x0 /joe/Compiler/COMMON/SGL_302j/LIB_ELF/LIBSGL.A(sglH00.o)
 .text          0x00000000060233c0        0x0 /joe/Compiler/COMMON/SGL_302j/LIB_ELF/LIBSGL.A(sglH01.o)
 .text          0x00000000060233c0        0x0 /joe/Compiler/COMMON/SGL_302j/LIB_ELF/LIBSGL.A(sglH02.o)
 .text          0x00000000060233c0        0x0 /joe/Compiler/COMMON/SGL_302j/LIB_ELF/LIBSGL.A(sglH04.o)
 .text          0x00000000060233c0        0x0 /joe/Compiler/COMMON/SGL_302j/LIB_ELF/LIBSGL.A(sglI01.o)
 .text          0x00000000060233c0        0x0 /joe/Compiler/COMMON/SGL_302j/LIB_ELF/LIBSGL.A(sglI04.o)
 .text          0x00000000060233c0      0x128 /joe/Compiler/COMMON/SGL_302j/LIB_ELF/LIBSGL.A(sglIc0.o)
                0x00000000060233c0                slInitSystem
 *fill*         0x00000000060234e8        0x8 
 .text          0x00000000060234f0        0x0 /joe/Compiler/COMMON/SGL_302j/LIB_ELF/LIBSGL.A(sglJ00.o)
 .text          0x00000000060234f0        0x0 /joe/Compiler/COMMON/SGL_302j/LIB_ELF/LIBSGL.A(sglJ01.o)
 .text          0x00000000060234f0        0x0 /joe/Compiler/COMMON/SGL_302j/LIB_ELF/LIBSGL.A(sglJ02.o)
 .text          0x00000000060234f0        0x0 /joe/Compiler/COMMON/SGL_302j/LIB_ELF/LIBSGL.A(sglJ03.o)
 .text          0x00000000060234f0        0x0 /joe/Compiler/COMMON/SGL_302j/LIB_ELF/LIBSGL.A(sglJ04.o)
 .text          0x00000000060234f0        0x0 /joe/Compiler/COMMON/SGL_302j/LIB_ELF/LIBSGL.A(sglJ05.o)
 .text          0x00000000060234f0        0x0 /joe/Compiler/COMMON/SGL_302j/LIB_ELF/LIBSGL.A(sglK01.o)
 .text          0x00000000060234f0        0x0 /joe/Compiler/COMMON/SGL_302j/LIB_ELF/LIBSGL.A(sglM00.o)
 .text          0x00000000060234f0        0x0 /joe/Compiler/COMMON/SGL_302j/LIB_ELF/LIBSGL.A(sglM01.o)
 .text          0x00000000060234f0        0x0 /joe/Compiler/COMMON/SGL_302j/LIB_ELF/LIBSGL.A(sglA00.o)
 .text          0x00000000060234f0        0x0 /joe/Compiler/COMMON/SGL_302j/LIB_ELF/LIBSGL.A(sglA03.o)
 .text          0x00000000060234f0        0x0 /joe/Compiler/COMMON/SGL_302j/LIB_ELF/LIBSGL.A(sglA10.o)
 .text          0x00000000060234f0        0x0 /joe/Compiler/COMMON/SGL_302j/LIB_ELF/LIBSGL.A(sglA24.o)
 .text          0x00000000060234f0        0x0 /joe/Compiler/COMMON/SGL_302j/LIB_ELF/LIBSGL.A(sglA25.o)
 .text          0x00000000060234f0        0x0 /joe/Compiler/COMMON/SGL_302j/LIB_ELF/LIBSGL.A(sglB000.o)
 .text          0x00000000060234f0        0x0 /joe/Compiler/COMMON/SGL_302j/LIB_ELF/LIBSGL.A(sglC00.o)
 .text          0x00000000060234f0        0x0 /joe/Compiler/COMMON/SGL_302j/LIB_ELF/LIBSGL.A(sglC13.o)
 .text          0x00000000060234f0        0x0 /joe/Compiler/COMMON/SGL_302j/LIB_ELF/LIBSGL.A(sglD19.o)
 .text          0x00000000060234f0        0x0 /joe/Compiler/COMMON/SGL_302j/LIB_ELF/LIBSGL.A(sglI00.o)
 .text          0x00000000060234f0        0x0 /joe/Compiler/COMMON/SGL_302j/LIB_ELF/LIBSGL.A(sglH03.o)
 .text          0x00000000060234f0       0x52 /joe/Compiler/LINUX/bin/../lib/gcc/sh-none-elf/8.2.0/libgcc.a(_ashiftrt.o)
                0x00000000060234f0                __ashiftrt_r4_31
                0x00000000060234f0                __ashiftrt_r4_32
                0x00000000060234f6                __ashiftrt_r4_30
                0x00000000060234f8                __ashiftrt_r4_29
                0x00000000060234fa                __ashiftrt_r4_28
                0x00000000060234fc                __ashiftrt_r4_27
                0x00000000060234fe                __ashiftrt_r4_26
                0x0000000006023500                __ashiftrt_r4_25
                0x0000000006023502                __ashiftrt_r4_24
                0x000000000602350a                __ashiftrt_r4_23
                0x000000000602350c                __ashiftrt_r4_22
                0x000000000602350e                __ashiftrt_r4_21
                0x0000000006023510                __ashiftrt_r4_20
                0x0000000006023512                __ashiftrt_r4_19
                0x0000000006023514                __ashiftrt_r4_18
                0x0000000006023516                __ashiftrt_r4_17
                0x0000000006023518                __ashiftrt_r4_16
                0x000000000602351e                __ashiftrt_r4_15
                0x0000000006023520                __ashiftrt_r4_14
                0x0000000006023522                __ashiftrt_r4_13
                0x0000000006023524                __ashiftrt_r4_12
                0x0000000006023526                __ashiftrt_r4_11
                0x0000000006023528                __ashiftrt_r4_10
                0x000000000602352a                __ashiftrt_r4_9
                0x000000000602352c                __ashiftrt_r4_8
                0x000000000602352e                __ashiftrt_r4_7
                0x0000000006023530                __ashiftrt_r4_6
                0x0000000006023532                __ashiftrt_r4_5
                0x0000000006023534                __ashiftrt_r4_4
                0x0000000006023536                __ashiftrt_r4_3
                0x0000000006023538                __ashiftrt_r4_2
                0x000000000602353a                __ashiftrt_r4_1
                0x000000000602353e                __ashiftrt_r4_0
 *fill*         0x0000000006023542        0x2 
 .text          0x0000000006023544       0xa0 /joe/Compiler/LINUX/bin/../lib/gcc/sh-none-elf/8.2.0/libgcc.a(_sdivsi3.o)
                0x0000000006023544                __sdivsi3
 .text          0x00000000060235e4       0x6c /joe/Compiler/LINUX/bin/../lib/gcc/sh-none-elf/8.2.0/libgcc.a(_udivsi3.o)
                0x0000000006023606                __udivsi3
 .text          0x0000000006023650      0x210 /joe/Compiler/LINUX/bin/../lib/gcc/sh-none-elf/8.2.0/libgcc.a(_addsub_sf.o)
                0x00000000060237c4                __addsf3
                0x0000000006023810                __subsf3
 .text          0x0000000006023860      0x134 /joe/Compiler/LINUX/bin/../lib/gcc/sh-none-elf/8.2.0/libgcc.a(_mul_sf.o)
                0x0000000006023860                __mulsf3
 .text          0x0000000006023994       0xdc /joe/Compiler/LINUX/bin/../lib/gcc/sh-none-elf/8.2.0/libgcc.a(_div_sf.o)
                0x0000000006023994                __divsf3
 .text          0x0000000006023a70       0x54 /joe/Compiler/LINUX/bin/../lib/gcc/sh-none-elf/8.2.0/libgcc.a(_eq_sf.o)
                0x0000000006023a70                __eqsf2
 .text          0x0000000006023ac4       0x54 /joe/Compiler/LINUX/bin/../lib/gcc/sh-none-elf/8.2.0/libgcc.a(_ne_sf.o)
                0x0000000006023ac4                __nesf2
 .text          0x0000000006023b18       0x4c /joe/Compiler/LINUX/bin/../lib/gcc/sh-none-elf/8.2.0/libgcc.a(_gt_sf.o)
                0x0000000006023b18                __gtsf2
 .text          0x0000000006023b64       0x4c /joe/Compiler/LINUX/bin/../lib/gcc/sh-none-elf/8.2.0/libgcc.a(_ge_sf.o)
                0x0000000006023b64                __gesf2
 .text          0x0000000006023bb0       0x54 /joe/Compiler/LINUX/bin/../lib/gcc/sh-none-elf/8.2.0/libgcc.a(_lt_sf.o)
                0x0000000006023bb0                __ltsf2
 .text          0x0000000006023c04       0x54 /joe/Compiler/LINUX/bin/../lib/gcc/sh-none-elf/8.2.0/libgcc.a(_le_sf.o)
                0x0000000006023c04                __lesf2
 .text          0x0000000006023c58       0x84 /joe/Compiler/LINUX/bin/../lib/gcc/sh-none-elf/8.2.0/libgcc.a(_si_to_sf.o)
                0x0000000006023c58                __floatsisf
 .text          0x0000000006023cdc       0x7c /joe/Compiler/LINUX/bin/../lib/gcc/sh-none-elf/8.2.0/libgcc.a(_sf_to_si.o)
                0x0000000006023cdc                __fixsfsi
 .text          0x0000000006023d58       0x3c /joe/Compiler/LINUX/bin/../lib/gcc/sh-none-elf/8.2.0/libgcc.a(_sf_to_df.o)
                0x0000000006023d58                __extendsfdf2
 .text          0x0000000006023d94        0x0 /joe/Compiler/LINUX/bin/../lib/gcc/sh-none-elf/8.2.0/libgcc.a(_thenan_sf.o)
 .text          0x0000000006023d94       0x94 /joe/Compiler/LINUX/bin/../lib/gcc/sh-none-elf/8.2.0/libgcc.a(_usi_to_sf.o)
                0x0000000006023d94                __floatunsisf
 .text          0x0000000006023e28       0x28 /joe/Compiler/LINUX/bin/../lib/gcc/sh-none-elf/8.2.0/libgcc.a(_make_df.o)
                0x0000000006023e28                __make_dp
 .text          0x0000000006023e50       0x4c /joe/Compiler/LINUX/bin/../lib/gcc/sh-none-elf/8.2.0/libgcc.a(_df_to_sf.o)
                0x0000000006023e50                __truncdfsf2
 .text          0x0000000006023e9c      0x114 /joe/Compiler/LINUX/bin/../lib/gcc/sh-none-elf/8.2.0/libgcc.a(_pack_sf.o)
                0x0000000006023e9c                __pack_f
 .text          0x0000000006023fb0       0xa0 /joe/Compiler/LINUX/bin/../lib/gcc/sh-none-elf/8.2.0/libgcc.a(_unpack_sf.o)
                0x0000000006023fb0                __unpack_f
 .text          0x0000000006024050       0xa8 /joe/Compiler/LINUX/bin/../lib/gcc/sh-none-elf/8.2.0/libgcc.a(_fpcmp_parts_sf.o)
                0x0000000006024050                __fpcmp_parts_f
 .text          0x00000000060240f8       0x20 /joe/Compiler/LINUX/bin/../lib/gcc/sh-none-elf/8.2.0/libgcc.a(_make_sf.o)
                0x00000000060240f8                __make_fp
 .text          0x0000000006024118        0x0 /joe/Compiler/LINUX/bin/../lib/gcc/sh-none-elf/8.2.0/../../../../sh-none-elf/lib/libc.a(lib_a-impure.o)
 .text          0x0000000006024118       0x1e /joe/Compiler/LINUX/bin/../lib/gcc/sh-none-elf/8.2.0/../../../../sh-none-elf/lib/libc.a(lib_a-memcmp.o)
                0x0000000006024118                memcmp
 *fill*         0x0000000006024136        0x2 
 .text          0x0000000006024138       0x94 /joe/Compiler/LINUX/bin/../lib/gcc/sh-none-elf/8.2.0/../../../../sh-none-elf/lib/libc.a(lib_a-memcpy.o)
                0x0000000006024138                memcpy
 .text          0x00000000060241cc       0x40 /joe/Compiler/LINUX/bin/../lib/gcc/sh-none-elf/8.2.0/../../../../sh-none-elf/lib/libc.a(lib_a-memset.o)
                0x00000000060241cc                memset
 .text          0x000000000602420c       0x58 /joe/Compiler/LINUX/bin/../lib/gcc/sh-none-elf/8.2.0/../../../../sh-none-elf/lib/libc.a(lib_a-rand.o)
                0x000000000602420c                srand
                0x0000000006024220                rand
 .text          0x0000000006024264       0x60 /joe/Compiler/LINUX/bin/../lib/gcc/sh-none-elf/8.2.0/../../../../sh-none-elf/lib/libc.a(lib_a-rget.o)
                0x0000000006024264                __srget_r
                0x00000000060242b0                __srget
 .text          0x00000000060242c4       0x8c /joe/Compiler/LINUX/bin/../lib/gcc/sh-none-elf/8.2.0/../../../../sh-none-elf/lib/libc.a(lib_a-sprintf.o)
                0x00000000060242c4                _sprintf_r
                0x0000000006024304                sprintf
 .text          0x0000000006024350       0x22 /joe/Compiler/LINUX/bin/../lib/gcc/sh-none-elf/8.2.0/../../../../sh-none-elf/lib/libc.a(lib_a-strcat.o)
                0x0000000006024350                strcat
 *fill*         0x0000000006024372        0x2 
 .text          0x0000000006024374       0x38 /joe/Compiler/LINUX/bin/../lib/gcc/sh-none-elf/8.2.0/../../../../sh-none-elf/lib/libc.a(lib_a-strcmp.o)
                0x0000000006024374                strcmp
 .text          0x00000000060243ac       0x3c /joe/Compiler/LINUX/bin/../lib/gcc/sh-none-elf/8.2.0/../../../../sh-none-elf/lib/libc.a(lib_a-strcpy.o)
                0x00000000060243ac                strcpy
 .text          0x00000000060243e8       0x20 /joe/Compiler/LINUX/bin/../lib/gcc/sh-none-elf/8.2.0/../../../../sh-none-elf/lib/libc.a(lib_a-strlen.o)
                0x00000000060243e8                strlen
 .text          0x0000000006024408       0x2a /joe/Compiler/LINUX/bin/../lib/gcc/sh-none-elf/8.2.0/../../../../sh-none-elf/lib/libc.a(lib_a-strncmp.o)
                0x0000000006024408                strncmp
 .text          0x0000000006024432       0x32 /joe/Compiler/LINUX/bin/../lib/gcc/sh-none-elf/8.2.0/../../../../sh-none-elf/lib/libc.a(lib_a-strncpy.o)
                0x0000000006024432                strncpy
 .text          0x0000000006024464       0x36 /joe/Compiler/LINUX/bin/../lib/gcc/sh-none-elf/8.2.0/../../../../sh-none-elf/lib/libc.a(lib_a-strstr.o)
                0x0000000006024464                strstr
 *fill*         0x000000000602449a        0x2 
 .text          0x000000000602449c     0x1378 /joe/Compiler/LINUX/bin/../lib/gcc/sh-none-elf/8.2.0/../../../../sh-none-elf/lib/libc.a(lib_a-svfprintf.o)
                0x000000000602449c                _svfprintf_r
 .text          0x0000000006025814       0xdc /joe/Compiler/LINUX/bin/../lib/gcc/sh-none-elf/8.2.0/../../../../sh-none-elf/lib/libc.a(lib_a-wbuf.o)
                0x0000000006025814                __swbuf_r
                0x00000000060258dc                __swbuf
 .text          0x00000000060258f0       0xcc /joe/Compiler/LINUX/bin/../lib/gcc/sh-none-elf/8.2.0/../../../../sh-none-elf/lib/libc.a(lib_a-wsetup.o)
                0x00000000060258f0                __swsetup_r
 .text          0x00000000060259bc      0xef4 /joe/Compiler/LINUX/bin/../lib/gcc/sh-none-elf/8.2.0/../../../../sh-none-elf/lib/libc.a(lib_a-dtoa.o)
                0x0000000006025af0                _dtoa_r
 .text          0x00000000060268b0      0x1a8 /joe/Compiler/LINUX/bin/../lib/gcc/sh-none-elf/8.2.0/../../../../sh-none-elf/lib/libc.a(lib_a-fflush.o)
                0x00000000060268b0                __sflush_r
                0x00000000060269f0                _fflush_r
                0x0000000006026a30                fflush
 .text          0x0000000006026a58      0x218 /joe/Compiler/LINUX/bin/../lib/gcc/sh-none-elf/8.2.0/../../../../sh-none-elf/lib/libc.a(lib_a-findfp.o)
                0x0000000006026ab4                _cleanup_r
                0x0000000006026ac8                __sfmoreglue
                0x0000000006026b14                _cleanup
                0x0000000006026b28                __sinit
                0x0000000006026b7c                __sfp
                0x0000000006026c30                __sfp_lock_acquire
                0x0000000006026c34                __sfp_lock_release
                0x0000000006026c38                __sinit_lock_acquire
                0x0000000006026c3c                __sinit_lock_release
                0x0000000006026c40                __fp_lock_all
                0x0000000006026c58                __fp_unlock_all
 .text          0x0000000006026c70       0xb4 /joe/Compiler/LINUX/bin/../lib/gcc/sh-none-elf/8.2.0/../../../../sh-none-elf/lib/libc.a(lib_a-fwalk.o)
                0x0000000006026c70                _fwalk
                0x0000000006026cc6                _fwalk_reent
 .text          0x0000000006026d24       0x40 /joe/Compiler/LINUX/bin/../lib/gcc/sh-none-elf/8.2.0/../../../../sh-none-elf/lib/libc.a(lib_a-localeconv.o)
                0x0000000006026d24                __localeconv_l
                0x0000000006026d2c                _localeconv_r
                0x0000000006026d48                localeconv
 .text          0x0000000006026d64       0xa8 /joe/Compiler/LINUX/bin/../lib/gcc/sh-none-elf/8.2.0/../../../../sh-none-elf/lib/libc.a(lib_a-locale.o)
                0x0000000006026d64                _setlocale_r
                0x0000000006026db0                __locale_mb_cur_max
                0x0000000006026dd0                __locale_ctype_ptr_l
                0x0000000006026dda                __locale_ctype_ptr
                0x0000000006026df8                setlocale
 .text          0x0000000006026e0c      0x110 /joe/Compiler/LINUX/bin/../lib/gcc/sh-none-elf/8.2.0/../../../../sh-none-elf/lib/libc.a(lib_a-makebuf.o)
                0x0000000006026e0c                __swhatbuf_r
                0x0000000006026e70                __smakebuf_r
 .text          0x0000000006026f1c       0x4c /joe/Compiler/LINUX/bin/../lib/gcc/sh-none-elf/8.2.0/../../../../sh-none-elf/lib/libc.a(lib_a-mbtowc_r.o)
                0x0000000006026f1c                _mbtowc_r
                0x0000000006026f40                __ascii_mbtowc
 .text          0x0000000006026f68       0x1c /joe/Compiler/LINUX/bin/../lib/gcc/sh-none-elf/8.2.0/../../../../sh-none-elf/lib/libc.a(lib_a-memchr.o)
                0x0000000006026f68                memchr
 .text          0x0000000006026f84      0xa9c /joe/Compiler/LINUX/bin/../lib/gcc/sh-none-elf/8.2.0/../../../../sh-none-elf/lib/libc.a(lib_a-mprec.o)
                0x0000000006026f84                _Balloc
                0x0000000006026ff8                _Bfree
                0x0000000006027010                __multadd
                0x00000000060270b8                __s2b
                0x0000000006027178                __hi0bits
                0x00000000060271cc                __lo0bits
                0x0000000006027230                __i2b
                0x000000000602724c                __multiply
                0x0000000006027390                __pow5mult
                0x000000000602744c                __lshift
                0x0000000006027540                __mcmp
                0x0000000006027578                __mdiff
                0x0000000006027654                __ulp
                0x00000000060276c0                __b2d
                0x00000000060277a8                __d2b
                0x0000000006027894                __ratio
                0x0000000006027918                _mprec_log10
                0x0000000006027970                __copybits
                0x00000000060279b4                __any_on
 .text          0x0000000006027a20      0x14c /joe/Compiler/LINUX/bin/../lib/gcc/sh-none-elf/8.2.0/../../../../sh-none-elf/lib/libc.a(lib_a-refill.o)
                0x0000000006027a38                __srefill_r
 .text          0x0000000006027b6c       0xe0 /joe/Compiler/LINUX/bin/../lib/gcc/sh-none-elf/8.2.0/../../../../sh-none-elf/lib/libc.a(lib_a-stdio.o)
                0x0000000006027b6c                __sread
                0x0000000006027ba8                __seofread
                0x0000000006027bac                __swrite
                0x0000000006027bfc                __sseek
                0x0000000006027c3c                __sclose
 .text          0x0000000006027c4c      0xa60 /joe/Compiler/LINUX/bin/../lib/gcc/sh-none-elf/8.2.0/../../../../sh-none-elf/lib/libc.a(lib_a-svfiprintf.o)
                0x0000000006027c4c                __ssprint_r
                0x0000000006027d80                _svfiprintf_r
 .text          0x00000000060286ac       0x40 /joe/Compiler/LINUX/bin/../lib/gcc/sh-none-elf/8.2.0/../../../../sh-none-elf/lib/libc.a(lib_a-wctomb_r.o)
                0x00000000060286ac                _wctomb_r
                0x00000000060286cc                __ascii_wctomb
 .text          0x00000000060286ec       0x34 /joe/Compiler/LINUX/bin/../lib/gcc/sh-none-elf/8.2.0/../../../../sh-none-elf/lib/libc.a(lib_a-writer.o)
                0x00000000060286ec                _write_r
 .text          0x0000000006028720       0x30 /joe/Compiler/LINUX/bin/../lib/gcc/sh-none-elf/8.2.0/../../../../sh-none-elf/lib/libc.a(lib_a-closer.o)
                0x0000000006028720                _close_r
 .text          0x0000000006028750        0x0 /joe/Compiler/LINUX/bin/../lib/gcc/sh-none-elf/8.2.0/../../../../sh-none-elf/lib/libc.a(lib_a-ctype_.o)
 .text          0x0000000006028750       0xc8 /joe/Compiler/LINUX/bin/../lib/gcc/sh-none-elf/8.2.0/../../../../sh-none-elf/lib/libc.a(lib_a-fclose.o)
                0x0000000006028750                _fclose_r
                0x0000000006028804                fclose
 .text          0x0000000006028818       0x34 /joe/Compiler/LINUX/bin/../lib/gcc/sh-none-elf/8.2.0/../../../../sh-none-elf/lib/libc.a(lib_a-fstatr.o)
                0x0000000006028818                _fstat_r
 .text          0x000000000602884c       0x30 /joe/Compiler/LINUX/bin/../lib/gcc/sh-none-elf/8.2.0/../../../../sh-none-elf/lib/libc.a(lib_a-isattyr.o)
                0x000000000602884c                _isatty_r
 .text          0x000000000602887c       0x34 /joe/Compiler/LINUX/bin/../lib/gcc/sh-none-elf/8.2.0/../../../../sh-none-elf/lib/libc.a(lib_a-lseekr.o)
                0x000000000602887c                _lseek_r
 .text          0x00000000060288b0       0x3c /joe/Compiler/LINUX/bin/../lib/gcc/sh-none-elf/8.2.0/../../../../sh-none-elf/lib/libc.a(lib_a-memmove.o)
                0x00000000060288b0                memmove
 .text          0x00000000060288ec       0x34 /joe/Compiler/LINUX/bin/../lib/gcc/sh-none-elf/8.2.0/../../../../sh-none-elf/lib/libc.a(lib_a-readr.o)
                0x00000000060288ec                _read_r
 .text          0x0000000006028920      0x100 /joe/Compiler/LINUX/bin/../lib/gcc/sh-none-elf/8.2.0/../../../../sh-none-elf/lib/libc.a(lib_a-reent.o)
                0x0000000006028920                cleanup_glue
                0x000000000602894c                _reclaim_reent
 .text          0x0000000006028a20      0x25c /joe/Compiler/LINUX/bin/../lib/gcc/sh-none-elf/8.2.0/../../../../sh-none-elf/lib/libc.a(lib_a-syscalls.o)
                0x0000000006028a98                _read
                0x0000000006028aa8                _lseek
                0x0000000006028ab8                _write
                0x0000000006028ac8                _close
                0x0000000006028ad8                _link
                0x0000000006028adc                _sbrk
                0x0000000006028b34                _fstat
                0x0000000006028b3e                _open
                0x0000000006028b50                _creat
                0x0000000006028b60                _unlink
                0x0000000006028b64                isatty
                0x0000000006028b68                _isatty
                0x0000000006028b6c                _exit
                0x0000000006028b7c                _kill
                0x0000000006028b90                _getpid
                0x0000000006028b94                _raise
                0x0000000006028b98                _stat
                0x0000000006028ba8                _chmod
                0x0000000006028bb8                _chown
                0x0000000006028bc8                _utime
                0x0000000006028bdc                _fork
                0x0000000006028be8                _wait
                0x0000000006028bf8                _execve
                0x0000000006028c08                _execv
                0x0000000006028c18                _pipe
                0x0000000006028c24                _times
                0x0000000006028c28                _gettimeofday
                0x0000000006028c50                __setup_argv_and_call_main
 .text          0x0000000006028c7c       0x14 /joe/Compiler/LINUX/bin/../lib/gcc/sh-none-elf/8.2.0/../../../../sh-none-elf/lib/libc.a(lib_a-trap.o)
                0x0000000006028c7c                __trap34
 .text          0x0000000006028c90       0x18 /joe/Compiler/LINUX/bin/../lib/gcc/sh-none-elf/8.2.0/../../../../sh-none-elf/lib/libc.a(lib_a-abort.o)
                0x0000000006028c90                abort
 .text          0x0000000006028ca8      0x1b0 /joe/Compiler/LINUX/bin/../lib/gcc/sh-none-elf/8.2.0/../../../../sh-none-elf/lib/libc.a(lib_a-signal.o)
                0x0000000006028ca8                _init_signal_r
                0x0000000006028ce4                _signal_r
                0x0000000006028d30                _raise_r
                0x0000000006028da8                __sigtramp_r
                0x0000000006028e0c                raise
                0x0000000006028e20                signal
                0x0000000006028e34                _init_signal
                0x0000000006028e44                __sigtramp
 .text          0x0000000006028e58       0x40 /joe/Compiler/LINUX/bin/../lib/gcc/sh-none-elf/8.2.0/../../../../sh-none-elf/lib/libc.a(lib_a-signalr.o)
                0x0000000006028e58                _kill_r
                0x0000000006028e8c                _getpid_r
 .text          0x0000000006028e98       0x80 /joe/Compiler/LINUX/bin/../lib/gcc/sh-none-elf/8.2.0/libgcc.a(_ashiftrt_n.o)
                0x0000000006028e98                __ashrsi3
 .text          0x0000000006028f18       0xbc /joe/Compiler/LINUX/bin/../lib/gcc/sh-none-elf/8.2.0/libgcc.a(_ashiftlt.o)
                0x0000000006028f18                __ashlsi3
                0x0000000006028f1c                __ashlsi3_r0
 .text          0x0000000006028fd4       0xbc /joe/Compiler/LINUX/bin/../lib/gcc/sh-none-elf/8.2.0/libgcc.a(_lshiftrt.o)
                0x0000000006028fd4                __lshrsi3
                0x0000000006028fd8                __lshrsi3_r0
 .text          0x0000000006029090      0x258 /joe/Compiler/LINUX/bin/../lib/gcc/sh-none-elf/8.2.0/libgcc.a(_udivdi3.o)
                0x0000000006029090                __udivdi3
 .text          0x00000000060292e8      0x2bc /joe/Compiler/LINUX/bin/../lib/gcc/sh-none-elf/8.2.0/libgcc.a(_umoddi3.o)
                0x00000000060292e8                __umoddi3
 .text          0x00000000060295a4      0x3b4 /joe/Compiler/LINUX/bin/../lib/gcc/sh-none-elf/8.2.0/libgcc.a(_addsub_df.o)
                0x00000000060298b4                __adddf3
                0x0000000006029904                __subdf3
 .text          0x0000000006029958      0x208 /joe/Compiler/LINUX/bin/../lib/gcc/sh-none-elf/8.2.0/libgcc.a(_mul_df.o)
                0x0000000006029958                __muldf3
 .text          0x0000000006029b60      0x130 /joe/Compiler/LINUX/bin/../lib/gcc/sh-none-elf/8.2.0/libgcc.a(_div_df.o)
                0x0000000006029b60                __divdf3
 .text          0x0000000006029c90       0x58 /joe/Compiler/LINUX/bin/../lib/gcc/sh-none-elf/8.2.0/libgcc.a(_eq_df.o)
                0x0000000006029c90                __eqdf2
 .text          0x0000000006029ce8       0x58 /joe/Compiler/LINUX/bin/../lib/gcc/sh-none-elf/8.2.0/libgcc.a(_ne_df.o)
                0x0000000006029ce8                __nedf2
 .text          0x0000000006029d40       0x50 /joe/Compiler/LINUX/bin/../lib/gcc/sh-none-elf/8.2.0/libgcc.a(_gt_df.o)
                0x0000000006029d40                __gtdf2
 .text          0x0000000006029d90       0x50 /joe/Compiler/LINUX/bin/../lib/gcc/sh-none-elf/8.2.0/libgcc.a(_ge_df.o)
                0x0000000006029d90                __gedf2
 .text          0x0000000006029de0       0x58 /joe/Compiler/LINUX/bin/../lib/gcc/sh-none-elf/8.2.0/libgcc.a(_lt_df.o)
                0x0000000006029de0                __ltdf2
 .text          0x0000000006029e38       0x58 /joe/Compiler/LINUX/bin/../lib/gcc/sh-none-elf/8.2.0/libgcc.a(_le_df.o)
                0x0000000006029e38                __ledf2
 .text          0x0000000006029e90       0x40 /joe/Compiler/LINUX/bin/../lib/gcc/sh-none-elf/8.2.0/libgcc.a(_unord_df.o)
                0x0000000006029e90                __unorddf2
 .text          0x0000000006029ed0       0xa8 /joe/Compiler/LINUX/bin/../lib/gcc/sh-none-elf/8.2.0/libgcc.a(_si_to_df.o)
                0x0000000006029ed0                __floatsidf
 .text          0x0000000006029f78       0xa4 /joe/Compiler/LINUX/bin/../lib/gcc/sh-none-elf/8.2.0/libgcc.a(_df_to_si.o)
                0x0000000006029f78                __fixdfsi
 .text          0x000000000602a01c        0x0 /joe/Compiler/LINUX/bin/../lib/gcc/sh-none-elf/8.2.0/libgcc.a(_thenan_df.o)
 .text          0x000000000602a01c       0x88 /joe/Compiler/LINUX/bin/../lib/gcc/sh-none-elf/8.2.0/libgcc.a(_usi_to_df.o)
                0x000000000602a01c                __floatunsidf
 *fill*         0x000000000602a0a4        0x4 
 .text          0x000000000602a0a8       0x60 /joe/Compiler/LINUX/bin/../lib/gcc/sh-none-elf/8.2.0/libgcc.a(_udiv_qrnnd_16.o)
                0x000000000602a0a8                __udiv_qrnnd_16
 .text          0x000000000602a108        0x0 /joe/Compiler/LINUX/bin/../lib/gcc/sh-none-elf/8.2.0/libgcc.a(_clz.o)
 .text          0x000000000602a108       0x58 /joe/Compiler/LINUX/bin/../lib/gcc/sh-none-elf/8.2.0/libgcc.a(_clzsi2.o)
                0x000000000602a108                __clzsi2
 .text          0x000000000602a160      0x25c /joe/Compiler/LINUX/bin/../lib/gcc/sh-none-elf/8.2.0/libgcc.a(_pack_df.o)
                0x000000000602a160                __pack_d
 .text          0x000000000602a3bc       0xcc /joe/Compiler/LINUX/bin/../lib/gcc/sh-none-elf/8.2.0/libgcc.a(_unpack_df.o)
                0x000000000602a3bc                __unpack_d
 .text          0x000000000602a488       0xc8 /joe/Compiler/LINUX/bin/../lib/gcc/sh-none-elf/8.2.0/libgcc.a(_fpcmp_parts_df.o)
                0x000000000602a488                __fpcmp_parts_d
 *(.strings)
 *(SEGA_P)
 *(.eh_frame_hdr)
 *(.eh_frame)
 .eh_frame      0x000000000602a550       0xa8 /joe/Compiler/LINUX/bin/../lib/gcc/sh-none-elf/8.2.0/libgcc.a(_udivdi3.o)
 .eh_frame      0x000000000602a5f8       0xdc /joe/Compiler/LINUX/bin/../lib/gcc/sh-none-elf/8.2.0/libgcc.a(_umoddi3.o)
                0x000000000602a6d4                __etext = .

.text.startup   0x000000000602a6e0      0xc20
 .text.startup  0x000000000602a6e0      0xc14 /tmp/cc3usFdz.ltrans0.ltrans.o
                0x000000000602a6e0                main

SLPROG          0x000000000602b300    0x158a0
                0x000000000602b300                __slprog_start = .
 *(SLPROG)
 SLPROG         0x000000000602b300     0x6540 /joe/Compiler/COMMON/SGL_302j/LIB_ELF/SGLAREA.O
                0x000000000602b300                MasterStack
                0x000000000602b304                SlaveStack
                0x000000000602b308                MaxVertices
                0x000000000602b30a                MaxPolygons
                0x000000000602b30c                SortList
                0x000000000602b310                SortListSize
                0x000000000602b314                TransList
                0x000000000602b318                Zbuffer
                0x000000000602b31c                SpriteBuf
                0x000000000602b320                SpriteBufSize
                0x000000000602b324                Pbuffer
                0x000000000602b328                CommandBuf
                0x000000000602b32c                CLOfstBuf
                0x000000000602b330                PCM_Work
                0x000000000602b334                PCM_WkSize
                0x000000000602b338                MaxEvents
                0x000000000602b33a                EventSize
                0x000000000602b33c                MaxWorks
                0x000000000602b33e                WorkSize
                0x000000000602b340                RemainEvent
                0x000000000602b440                RemainWork
                0x000000000602b840                EventBuf
                0x000000000602d840                WorkBuf
 SLPROG         0x0000000006031840     0x411e /joe/Compiler/COMMON/SGL_302j/LIB_ELF/LIBSGL.A(sglA01.o)
                0x0000000006031840                slSin
                0x0000000006031864                slCos
                0x0000000006031888                GetSinCos
                0x000000000603191c                sin_cos_index_tbl
                0x000000000603195c                sin_tbl
 *fill*         0x000000000603595e        0x2 
 SLPROG         0x0000000006035960       0x18 /joe/Compiler/COMMON/SGL_302j/LIB_ELF/LIBSGL.A(sglA15.o)
                0x0000000006035960                slSlaveFunc
 *fill*         0x0000000006035978        0x8 
 SLPROG         0x0000000006035980       0xd0 /joe/Compiler/COMMON/SGL_302j/LIB_ELF/LIBSGL.A(sglA16.o)
                0x0000000006035980                slLookAt
 SLPROG         0x0000000006035a50       0x78 /joe/Compiler/COMMON/SGL_302j/LIB_ELF/LIBSGL.A(sglA17.o)
                0x0000000006035a50                slRotZ
                0x0000000006035a5a                slRotZSC
 *fill*         0x0000000006035ac8        0x8 
 SLPROG         0x0000000006035ad0       0x78 /joe/Compiler/COMMON/SGL_302j/LIB_ELF/LIBSGL.A(sglA18.o)
                0x0000000006035ad0                slRotY
                0x0000000006035ada                slRotYSC
 *fill*         0x0000000006035b48        0x8 
 SLPROG         0x0000000006035b50       0x78 /joe/Compiler/COMMON/SGL_302j/LIB_ELF/LIBSGL.A(sglA19.o)
                0x0000000006035b50                slRotX
                0x0000000006035b5a                slRotXSC
 *fill*         0x0000000006035bc8        0x8 
 SLPROG         0x0000000006035bd0      0x42c /joe/Compiler/COMMON/SGL_302j/LIB_ELF/LIBSGL.A(sglA20.o)
                0x0000000006035bd0                slInitMatrix
                0x0000000006035bda                slPushUnitMatrix
                0x0000000006035bee                slUnitMatrix
 *fill*         0x0000000006035ffc        0x4 
 SLPROG         0x0000000006036000       0x48 /joe/Compiler/COMMON/SGL_302j/LIB_ELF/LIBSGL.A(sglA21.o)
                0x0000000006036000                slPushMatrix
                0x0000000006036034                slPopMatrix
                0x0000000006036034                slDecMatrixPtr
 *fill*         0x0000000006036048        0x8 
 SLPROG         0x0000000006036050       0x50 /joe/Compiler/COMMON/SGL_302j/LIB_ELF/LIBSGL.A(sglA27.o)
                0x0000000006036050                slTranslate
 SLPROG         0x00000000060360a0       0x70 /joe/Compiler/COMMON/SGL_302j/LIB_ELF/LIBSGL.A(sglA28.o)
                0x00000000060360a0                slScale
 SLPROG         0x0000000006036110       0x22 /joe/Compiler/COMMON/SGL_302j/LIB_ELF/LIBSGL.A(sglA40.o)
                0x0000000006036110                slCalcVector
 *fill*         0x0000000006036132        0xe 
 SLPROG         0x0000000006036140       0x20 /joe/Compiler/COMMON/SGL_302j/LIB_ELF/LIBSGL.A(sglB001.o)
                0x0000000006036140                slTVOn
                0x000000000603614a                slTVOff
 SLPROG         0x0000000006036160       0x24 /joe/Compiler/COMMON/SGL_302j/LIB_ELF/LIBSGL.A(sglB011.o)
                0x0000000006036160                slBitMapNbg1
 *fill*         0x0000000006036184        0xc 
 SLPROG         0x0000000006036190        0x8 /joe/Compiler/COMMON/SGL_302j/LIB_ELF/LIBSGL.A(sglB014.o)
                0x0000000006036190                slScrTransparent
 *fill*         0x0000000006036198        0x8 
 SLPROG         0x00000000060361a0      0x40c /joe/Compiler/COMMON/SGL_302j/LIB_ELF/LIBSGL.A(sglB015.o)
                0x00000000060361a0                slScrAutoDisp
 *fill*         0x00000000060365ac        0x4 
 SLPROG         0x00000000060365b0        0xc /joe/Compiler/COMMON/SGL_302j/LIB_ELF/LIBSGL.A(sglB016.o)
                0x00000000060365b0                slBack1ColSet
 *fill*         0x00000000060365bc        0x4 
 SLPROG         0x00000000060365c0       0x10 /joe/Compiler/COMMON/SGL_302j/LIB_ELF/LIBSGL.A(sglB020.o)
                0x00000000060365c0                slColorCalc
 SLPROG         0x00000000060365d0        0xc /joe/Compiler/COMMON/SGL_302j/LIB_ELF/LIBSGL.A(sglB021.o)
                0x00000000060365d0                slColorCalcOn
 *fill*         0x00000000060365dc        0x4 
 SLPROG         0x00000000060365e0        0xc /joe/Compiler/COMMON/SGL_302j/LIB_ELF/LIBSGL.A(sglB023.o)
                0x00000000060365e0                slColRate
 *fill*         0x00000000060365ec        0x4 
 SLPROG         0x00000000060365f0       0xb0 /joe/Compiler/COMMON/SGL_302j/LIB_ELF/LIBSGL.A(sglB031.o)
                0x00000000060365f0                slMapNbg0
 SLPROG         0x00000000060366a0       0xb4 /joe/Compiler/COMMON/SGL_302j/LIB_ELF/LIBSGL.A(sglB032.o)
                0x00000000060366a0                slMapNbg1
 *fill*         0x0000000006036754        0xc 
 SLPROG         0x0000000006036760       0xb0 /joe/Compiler/COMMON/SGL_302j/LIB_ELF/LIBSGL.A(sglB033.o)
                0x0000000006036760                slMapNbg2
 SLPROG         0x0000000006036810       0xb4 /joe/Compiler/COMMON/SGL_302j/LIB_ELF/LIBSGL.A(sglB034.o)
                0x0000000006036810                slMapNbg3
 *fill*         0x00000000060368c4        0xc 
 SLPROG         0x00000000060368d0       0xd4 /joe/Compiler/COMMON/SGL_302j/LIB_ELF/LIBSGL.A(sglB035.o)
                0x00000000060368d0                sl1MapRA
                0x0000000006036962                rbank_set
 *fill*         0x00000000060369a4        0xc 
 SLPROG         0x00000000060369b0       0xa0 /joe/Compiler/COMMON/SGL_302j/LIB_ELF/LIBSGL.A(sglB036.o)
                0x00000000060369b0                sl1MapRB
 SLPROG         0x0000000006036a50       0x70 /joe/Compiler/COMMON/SGL_302j/LIB_ELF/LIBSGL.A(sglB038.o)
                0x0000000006036a50                slRparaInitSet
 SLPROG         0x0000000006036ac0       0x7e /joe/Compiler/COMMON/SGL_302j/LIB_ELF/LIBSGL.A(sglB039.o)
                0x0000000006036ac0                slMakeKtable
 *fill*         0x0000000006036b3e        0x2 
 SLPROG         0x0000000006036b40       0x58 /joe/Compiler/COMMON/SGL_302j/LIB_ELF/LIBSGL.A(sglB040.o)
                0x0000000006036b40                slKtableRA
 *fill*         0x0000000006036b98        0x8 
 SLPROG         0x0000000006036ba0       0x5c /joe/Compiler/COMMON/SGL_302j/LIB_ELF/LIBSGL.A(sglB041.o)
                0x0000000006036ba0                slKtableRB
 *fill*         0x0000000006036bfc        0x4 
 SLPROG         0x0000000006036c00       0x10 /joe/Compiler/COMMON/SGL_302j/LIB_ELF/LIBSGL.A(sglB042.o)
                0x0000000006036c00                slCurRpara
 SLPROG         0x0000000006036c10        0x8 /joe/Compiler/COMMON/SGL_302j/LIB_ELF/LIBSGL.A(sglB043.o)
                0x0000000006036c10                slRparaMode
 *fill*         0x0000000006036c18        0x8 
 SLPROG         0x0000000006036c20      0x4e4 /joe/Compiler/COMMON/SGL_302j/LIB_ELF/LIBSGL.A(sglB044.o)
                0x0000000006036c20                slScrMatSet
 *fill*         0x0000000006037104        0xc 
 SLPROG         0x0000000006037110       0x28 /joe/Compiler/COMMON/SGL_302j/LIB_ELF/LIBSGL.A(sglB045.o)
                0x0000000006037110                slScrMatConv
 *fill*         0x0000000006037138        0x8 
 SLPROG         0x0000000006037140        0xc /joe/Compiler/COMMON/SGL_302j/LIB_ELF/LIBSGL.A(sglB047.o)
                0x0000000006037140                slOverRA
 *fill*         0x000000000603714c        0x4 
 SLPROG         0x0000000006037150       0x10 /joe/Compiler/COMMON/SGL_302j/LIB_ELF/LIBSGL.A(sglB048.o)
                0x0000000006037150                slOverRB
 SLPROG         0x0000000006037160        0xc /joe/Compiler/COMMON/SGL_302j/LIB_ELF/LIBSGL.A(sglB055.o)
                0x0000000006037160                slPlaneNbg0
 *fill*         0x000000000603716c        0x4 
 SLPROG         0x0000000006037170        0xc /joe/Compiler/COMMON/SGL_302j/LIB_ELF/LIBSGL.A(sglB056.o)
                0x0000000006037170                slPlaneNbg1
 *fill*         0x000000000603717c        0x4 
 SLPROG         0x0000000006037180       0x10 /joe/Compiler/COMMON/SGL_302j/LIB_ELF/LIBSGL.A(sglB057.o)
                0x0000000006037180                slPlaneNbg2
 SLPROG         0x0000000006037190       0x10 /joe/Compiler/COMMON/SGL_302j/LIB_ELF/LIBSGL.A(sglB058.o)
                0x0000000006037190                slPlaneNbg3
 SLPROG         0x00000000060371a0        0xc /joe/Compiler/COMMON/SGL_302j/LIB_ELF/LIBSGL.A(sglB059.o)
                0x00000000060371a0                slPlaneRA
 *fill*         0x00000000060371ac        0x4 
 SLPROG         0x00000000060371b0       0x10 /joe/Compiler/COMMON/SGL_302j/LIB_ELF/LIBSGL.A(sglB060.o)
                0x00000000060371b0                slPlaneRB
 SLPROG         0x00000000060371c0        0xc /joe/Compiler/COMMON/SGL_302j/LIB_ELF/LIBSGL.A(sglB063.o)
                0x00000000060371c0                slPriority
 *fill*         0x00000000060371cc        0x4 
 SLPROG         0x00000000060371d0       0x18 /joe/Compiler/COMMON/SGL_302j/LIB_ELF/LIBSGL.A(sglB087.o)
                0x00000000060371d0                slLineScrollTable0
 *fill*         0x00000000060371e8        0x8 
 SLPROG         0x00000000060371f0        0x8 /joe/Compiler/COMMON/SGL_302j/LIB_ELF/LIBSGL.A(sglB088.o)
                0x00000000060371f0                slLineScrollTable1
 *fill*         0x00000000060371f8        0x8 
 SLPROG         0x0000000006037200        0xc /joe/Compiler/COMMON/SGL_302j/LIB_ELF/LIBSGL.A(sglB090.o)
                0x0000000006037200                slLineScrollMode
 *fill*         0x000000000603720c        0x4 
 SLPROG         0x0000000006037210      0x114 /joe/Compiler/COMMON/SGL_302j/LIB_ELF/LIBSGL.A(sglB200.o)
                0x0000000006037210                slCharRbg0
                0x000000000603721c                slCharNbg0
                0x0000000006037228                slCharNbg1
                0x0000000006037234                slCharNbg2
                0x000000000603724a                slCharNbg3
                0x0000000006037262                slPageRbg0
                0x0000000006037278                slPageNbg1
                0x0000000006037280                slPageNbg2
                0x0000000006037288                slPageNbg3
                0x0000000006037294                slPageNbg0
 *fill*         0x0000000006037324        0xc 
 SLPROG         0x0000000006037330       0x6c /joe/Compiler/COMMON/SGL_302j/LIB_ELF/LIBSGL.A(sglC01.o)
                0x0000000006037330                slPerspective
 *fill*         0x000000000603739c        0x4 
 SLPROG         0x00000000060373a0       0xc4 /joe/Compiler/COMMON/SGL_302j/LIB_ELF/LIBSGL.A(sglC03.o)
                0x00000000060373a0                slWindow
 *fill*         0x0000000006037464        0xc 
 SLPROG         0x0000000006037470       0x2c /joe/Compiler/COMMON/SGL_302j/LIB_ELF/LIBSGL.A(sglC04.o)
                0x0000000006037470                slZdspLevel
 *fill*         0x000000000603749c        0x4 
 SLPROG         0x00000000060374a0       0x78 /joe/Compiler/COMMON/SGL_302j/LIB_ELF/LIBSGL.A(sglC05.o)
                0x00000000060374a0                slSetSprite
 *fill*         0x0000000006037518        0x8 
 SLPROG         0x0000000006037520       0xfa /joe/Compiler/COMMON/SGL_302j/LIB_ELF/LIBSGL.A(sglC06.o)
                0x0000000006037520                slDispSprite
 *fill*         0x000000000603761a        0x6 
 SLPROG         0x0000000006037620      0x162 /joe/Compiler/COMMON/SGL_302j/LIB_ELF/LIBSGL.A(sglC07.o)
                0x0000000006037626                slPutSprite
 *fill*         0x0000000006037782        0xe 
 SLPROG         0x0000000006037790     0x1218 /joe/Compiler/COMMON/SGL_302j/LIB_ELF/LIBSGL.A(sglC08.o)
                0x0000000006037790                slPutPolygon
                0x000000000603840c                MsCalcDepthFlat
 *fill*         0x00000000060389a8        0x8 
 SLPROG         0x00000000060389b0       0x8c /joe/Compiler/COMMON/SGL_302j/LIB_ELF/LIBSGL.A(sglC14.o)
                0x00000000060389b0                slCurWindow
 *fill*         0x0000000006038a3c        0x4 
 SLPROG         0x0000000006038a40       0x54 /joe/Compiler/COMMON/SGL_302j/LIB_ELF/LIBSGL.A(sglC16.o)
                0x0000000006038a40                slDynamicFrame
 *fill*         0x0000000006038a94        0xc 
 SLPROG         0x0000000006038aa0       0x4c /joe/Compiler/COMMON/SGL_302j/LIB_ELF/LIBSGL.A(sglC17.o)
                0x0000000006038aa0                slDispSpriteHV
 *fill*         0x0000000006038aec        0x4 
 SLPROG         0x0000000006038af0       0xd4 /joe/Compiler/COMMON/SGL_302j/LIB_ELF/LIBSGL.A(sglC19.o)
                0x0000000006038af0                slDispSprite4P
 *fill*         0x0000000006038bc4        0xc 
 SLPROG         0x0000000006038bd0       0x40 /joe/Compiler/COMMON/SGL_302j/LIB_ELF/LIBSGL.A(sglC20.o)
                0x0000000006038bd0                SpriteEntry
 SLPROG         0x0000000006038c10      0x4ae /joe/Compiler/COMMON/SGL_302j/LIB_ELF/LIBSGL.A(sglC21.o)
                0x0000000006038c98                RotSprite
                0x0000000006038d26                SetSprPosition
 *fill*         0x00000000060390be        0x2 
 SLPROG         0x00000000060390c0       0x84 /joe/Compiler/COMMON/SGL_302j/LIB_ELF/LIBSGL.A(sglD00.o)
                0x00000000060390c0                slDMACopy
                0x00000000060390c0                slCpuDMACopy
                0x000000000603911a                slCashPurge
                0x000000000603911a                CSH_AllClr
 *fill*         0x0000000006039144        0xc 
 SLPROG         0x0000000006039150       0xa0 /joe/Compiler/COMMON/SGL_302j/LIB_ELF/LIBSGL.A(sglD01.o)
                0x0000000006039150                slDMAXCopy
 SLPROG         0x00000000060391f0       0x10 /joe/Compiler/COMMON/SGL_302j/LIB_ELF/LIBSGL.A(sglD02.o)
                0x00000000060391f0                slDMAWait
 SLPROG         0x0000000006039200        0xc /joe/Compiler/COMMON/SGL_302j/LIB_ELF/LIBSGL.A(sglD03.o)
                0x0000000006039200                slDMAStatus
 *fill*         0x000000000603920c        0x4 
 SLPROG         0x0000000006039210       0x20 /joe/Compiler/COMMON/SGL_302j/LIB_ELF/LIBSGL.A(sglD15.o)
                0x0000000006039210                CSH_Purge
 SLPROG         0x0000000006039230       0x84 /joe/Compiler/COMMON/SGL_302j/LIB_ELF/LIBSGL.A(sglD16.o)
                0x0000000006039230                DMA_ScuSetPrm
                0x0000000006039278                DMA_SCU_PRM0
 *fill*         0x00000000060392b4        0xc 
 SLPROG         0x00000000060392c0       0x88 /joe/Compiler/COMMON/SGL_302j/LIB_ELF/LIBSGL.A(sglD17.o)
                0x00000000060392c0                DMA_ScuStart
 *fill*         0x0000000006039348        0x8 
 SLPROG         0x0000000006039350       0x34 /joe/Compiler/COMMON/SGL_302j/LIB_ELF/LIBSGL.A(sglD18.o)
                0x0000000006039350                DMA_ScuGetStatus
 *fill*         0x0000000006039384        0xc 
 SLPROG         0x0000000006039390       0x34 /joe/Compiler/COMMON/SGL_302j/LIB_ELF/LIBSGL.A(sglF08.o)
                0x0000000006039390                slDec2Hex
 *fill*         0x00000000060393c4        0xc 
 SLPROG         0x00000000060393d0      0xfc8 /joe/Compiler/COMMON/SGL_302j/LIB_ELF/LIBSGL.A(sglH00.o)
                0x00000000060393e8                slGetPortDir1
                0x00000000060393f0                slGetPortDir2
                0x00000000060393f8                slSetPortDir1
                0x0000000006039422                slSetPortDir2
                0x000000000603945c                slGetPortData1
                0x0000000006039464                slGetPortData2
                0x000000000603946c                slSetPortData1
                0x0000000006039476                slSetPortData2
                0x0000000006039488                slGetPortSelect1
                0x0000000006039492                slGetPortSelect2
                0x000000000603949c                slSetPortSelect1
                0x00000000060394d0                slSetPortSelect2
                0x000000000603950c                slGetPortExt1
                0x0000000006039516                slGetPortExt2
                0x0000000006039520                slSetPortExt1
                0x0000000006039550                slSetPortExt2
                0x00000000060396c4                slSmpcDirectAccess
                0x0000000006039744                slInitPeripheral
                0x00000000060397d6                slSetResultBuffer
                0x0000000006039862                slCheckIntBackSet
                0x000000000603986e                slIntBackCancel
                0x0000000006039898                slCheckReset
                0x00000000060398a2                slClearReset
                0x0000000006039a68                slSmpcCashSend
                0x0000000006039b24                slSmpcCashBlow
                0x0000000006039c00                slGetOptimize
                0x0000000006039c0a                slSetOptimize
                0x0000000006039c30                slGetPortMode1
                0x0000000006039c3c                slGetPortMode2
                0x0000000006039c4a                slSetPortMode1
                0x0000000006039c88                slSetPortMode2
                0x0000000006039e14                slRequestCommand
                0x0000000006039e84                Smpc_Status
                0x0000000006039e88                Smpc_Result
                0x0000000006039e8c                Smpc_Peripheral
                0x0000000006039e92                Per_Connect1
                0x0000000006039e93                Per_Connect2
                0x0000000006039eb4                SmpcStatusBuf
 *fill*         0x000000000603a398        0x8 
 SLPROG         0x000000000603a3a0       0xa8 /joe/Compiler/COMMON/SGL_302j/LIB_ELF/LIBSGL.A(sglH01.o)
                0x000000000603a3a0                slGetLanguage
                0x000000000603a3aa                slSetLanguage
                0x000000000603a3cc                slGetSoundEffect
                0x000000000603a3d8                slSetSoundEffect
                0x000000000603a3f4                slGetSoundOutput
                0x000000000603a400                slSetSoundOutput
                0x000000000603a41c                slGetHelpWindow
                0x000000000603a428                slSetHelpWindow
 *fill*         0x000000000603a448        0x8 
 SLPROG         0x000000000603a450      0x470 /joe/Compiler/COMMON/SGL_302j/LIB_ELF/LIBSGL.A(sglH02.o)
                0x000000000603a840                smpc_pfr_tbl
                0x000000000603a880                smpc_ptf_tbl
 SLPROG         0x000000000603a8c0       0x60 /joe/Compiler/COMMON/SGL_302j/LIB_ELF/LIBSGL.A(sglH04.o)
                0x000000000603a8c0                slComPrmIntBack
                0x000000000603a8d4                slComPrmSetMemory
                0x000000000603a8ea                slComPrmSetTime
 SLPROG         0x000000000603a920      0x3a4 /joe/Compiler/COMMON/SGL_302j/LIB_ELF/LIBSGL.A(sglI01.o)
                0x000000000603a920                slInitSynch
                0x000000000603a93a                slSynch
                0x000000000603aa30                slRandom
                0x000000000603aa4e                PCM_EndCheck
                0x000000000603ab0a                RetPCMBuf
                0x000000000603aba4                PCM_Buf
                0x000000000603ac44                Sound_Buf
 *fill*         0x000000000603acc4        0xc 
 SLPROG         0x000000000603acd0       0x10 /joe/Compiler/COMMON/SGL_302j/LIB_ELF/LIBSGL.A(sglI04.o)
                0x000000000603acd0                slIntFunction
 SLPROG         0x000000000603ace0       0x74 /joe/Compiler/COMMON/SGL_302j/LIB_ELF/LIBSGL.A(sglJ00.o)
                0x000000000603ace0                InitSlaveSH
                0x000000000603ad48                SlaveCommand
 *fill*         0x000000000603ad54        0xc 
 SLPROG         0x000000000603ad60      0x3d0 /joe/Compiler/COMMON/SGL_302j/LIB_ELF/LIBSGL.A(sglJ01.o)
                0x000000000603ad60                SlaveControl
                0x000000000603b11c                ErasePolygonData
 SLPROG         0x000000000603b130     0x12b8 /joe/Compiler/COMMON/SGL_302j/LIB_ELF/LIBSGL.A(sglJ02.o)
                0x000000000603b130                sbMakePolygon
                0x000000000603b318                sbCalcPolygon
                0x000000000603c050                SetTexture
                0x000000000603c05c                SetPolygon
                0x000000000603c064                SetPosition
                0x000000000603c09c                stvtc_4
                0x000000000603c154                stvtc_3
                0x000000000603c364                stvtc_1
                0x000000000603c378                stvtc_2
                0x000000000603c38c                stvtc_0
 *fill*         0x000000000603c3e8        0x8 
 SLPROG         0x000000000603c3f0      0x140 /joe/Compiler/COMMON/SGL_302j/LIB_ELF/LIBSGL.A(sglJ03.o)
                0x000000000603c3f0                sbMakeDMATable
 SLPROG         0x000000000603c530      0x470 /joe/Compiler/COMMON/SGL_302j/LIB_ELF/LIBSGL.A(sglJ04.o)
                0x000000000603c58e                sbMakeSprite
                0x000000000603c5f4                sbMakeRotSprite
 SLPROG         0x000000000603c9a0       0x3c /joe/Compiler/COMMON/SGL_302j/LIB_ELF/LIBSGL.A(sglJ05.o)
                0x000000000603c9a0                sbSortEntry
 *fill*         0x000000000603c9dc        0x4 
 SLPROG         0x000000000603c9e0      0x4b8 /joe/Compiler/COMMON/SGL_302j/LIB_ELF/LIBSGL.A(sglM00.o)
                0x000000000603c9e0                slInitGouraud
                0x000000000603cad4                slPutPolygonX
                0x000000000603cb1a                slGouraudTblCopy
                0x000000000603cb72                slSetGouraudTbl
                0x000000000603cb78                slSetGouraudColor
                0x000000000603cbf0                slSetAmbient
                0x000000000603cc14                slSetFlatColor
 *fill*         0x000000000603ce98        0x8 
 SLPROG         0x000000000603cea0       0x6a /joe/Compiler/COMMON/SGL_302j/LIB_ELF/LIBSGL.A(sglM01.o)
                0x000000000603cea0                slSetDepthLimit
                0x000000000603cecc                slSetDepthTbl
                0x000000000603cefc                DepthWorkArea
 *fill*         0x000000000603cf0a        0x6 
 SLPROG         0x000000000603cf10       0x20 /joe/Compiler/COMMON/SGL_302j/LIB_ELF/LIBSGL.A(sglA00.o)
                0x000000000603cf10                set_imask
                0x000000000603cf10                _builtin_set_imask
                0x000000000603cf24                get_imask
                0x000000000603cf24                _builtin_get_imask
 SLPROG         0x000000000603cf30     0x215c /joe/Compiler/COMMON/SGL_302j/LIB_ELF/LIBSGL.A(sglA03.o)
                0x000000000603cf30                slTan
 *fill*         0x000000000603f08c        0x4 
 SLPROG         0x000000000603f090       0x34 /joe/Compiler/COMMON/SGL_302j/LIB_ELF/LIBSGL.A(sglA10.o)
                0x000000000603f090                slSquartDbl
 *fill*         0x000000000603f0c4        0xc 
 SLPROG         0x000000000603f0d0      0x3c2 /joe/Compiler/COMMON/SGL_302j/LIB_ELF/LIBSGL.A(sglA24.o)
                0x000000000603f0d0                slInversMatrix
 *fill*         0x000000000603f492        0xe 
 SLPROG         0x000000000603f4a0       0x24 /joe/Compiler/COMMON/SGL_302j/LIB_ELF/LIBSGL.A(sglA25.o)
                0x000000000603f4a0                slTransposeMatrix
 *fill*         0x000000000603f4c4        0xc 
 SLPROG         0x000000000603f4d0      0xbd0 /joe/Compiler/COMMON/SGL_302j/LIB_ELF/LIBSGL.A(sglB000.o)
                0x000000000603f4d0                slInitScroll
                0x000000000603f5f0                setASC_1to8
                0x000000000603f620                setASC_4to8
                0x000000000603f730                TVSizeTbl
                0x000000000603f7b0                TVModeTbl
                0x000000000603f988                SGL_ASCII_CG
 SLPROG         0x00000000060400a0      0x134 /joe/Compiler/COMMON/SGL_302j/LIB_ELF/LIBSGL.A(sglC00.o)
                0x00000000060400a0                slInitSprite
 *fill*         0x00000000060401d4        0xc 
 SLPROG         0x00000000060401e0       0xac /joe/Compiler/COMMON/SGL_302j/LIB_ELF/LIBSGL.A(sglC13.o)
                0x00000000060401e0                slPutPolygonS
 *fill*         0x000000000604028c        0x4 
 SLPROG         0x0000000006040290       0xc0 /joe/Compiler/COMMON/SGL_302j/LIB_ELF/LIBSGL.A(sglD19.o)
                0x0000000006040290                DMA_ScuMemCopy
 SLPROG         0x0000000006040350      0x75c /joe/Compiler/COMMON/SGL_302j/LIB_ELF/LIBSGL.A(sglI00.o)
                0x0000000006040640                slInitInterrupt
 *fill*         0x0000000006040aac        0x4 
 SLPROG         0x0000000006040ab0       0xf0 /joe/Compiler/COMMON/SGL_302j/LIB_ELF/LIBSGL.A(sglH03.o)
                0x0000000006040b14                slSmpcIntBack