Archive member included to satisfy reference by file (symbol)

/joengine/Compiler/COMMON/SGL_302j/LIB_ELF/SEGA_SYS.A(sys_exit.o)
                              /work/jo_engine/core.o (symbol from plugin) (SYS_Exit)
/joengine/Compiler/COMMON/SGL_302j/LIB_ELF/SEGA_SYS.A(sys_sub.o)
                              /joengine/Compiler/COMMON/SGL_302j/LIB_ELF/SEGA_SYS.A(sys_exit.o) (SYSUB_SetStackptr)
/joengine/Compiler/COMMON/SGL_302j/LIB_ELF/LIBCD.A(CDC_CMN.O)
                              /joengine/Compiler/COMMON/SGL_302j/LIB_ELF/SEGA_SYS.A(sys_exit.o) (CDC_GetCurStat)
/joengine/Compiler/COMMON/SGL_302j/LIB_ELF/LIBCD.A(CDC_DRV.O)
                              pcmsys.o (symbol from plugin) (CDC_CdPlay)
/joengine/Compiler/COMMON/SGL_302j/LIB_ELF/LIBCD.A(CDC_CFS.O)
                              /joengine/Compiler/COMMON/SGL_302j/LIB_ELF/SEGA_SYS.A(sys_exit.o) (CDC_ChgDir)
/joengine/Compiler/COMMON/SGL_302j/LIB_ELF/LIBCD.A(CDC_REG.O)
                              /joengine/Compiler/COMMON/SGL_302j/LIB_ELF/SEGA_SYS.A(sys_exit.o) (CDC_GetHirqReq)
/joengine/Compiler/COMMON/SGL_302j/LIB_ELF/LIBCD.A(CDC_SUB.O)
                              /joengine/Compiler/COMMON/SGL_302j/LIB_ELF/LIBCD.A(CDC_CMN.O) (CDSUB_UpdStatus)
/joengine/Compiler/COMMON/SGL_302j/LIB_ELF/LIBCD.A(GFS.O)
                              pcmsys.o (symbol from plugin) (GFS_Init)
/joengine/Compiler/COMMON/SGL_302j/LIB_ELF/LIBCD.A(GFS_BUF.O)
                              /joengine/Compiler/COMMON/SGL_302j/LIB_ELF/LIBCD.A(GFS.O) (GFBF_GetNumData)
/joengine/Compiler/COMMON/SGL_302j/LIB_ELF/LIBCD.A(GFS_CDB.O)
                              /joengine/Compiler/COMMON/SGL_302j/LIB_ELF/LIBCD.A(GFS.O) (GFCB_Close)
/joengine/Compiler/COMMON/SGL_302j/LIB_ELF/LIBCD.A(GFS_CDC.O)
                              /joengine/Compiler/COMMON/SGL_302j/LIB_ELF/LIBCD.A(GFS.O) (GFCD_SetCdbfs)
/joengine/Compiler/COMMON/SGL_302j/LIB_ELF/LIBCD.A(GFS_CDF.O)
                              /joengine/Compiler/COMMON/SGL_302j/LIB_ELF/LIBCD.A(GFS.O) (GFCF_Init)
/joengine/Compiler/COMMON/SGL_302j/LIB_ELF/LIBCD.A(GFS_DIR.O)
                              /joengine/Compiler/COMMON/SGL_302j/LIB_ELF/LIBCD.A(GFS.O) (GFDR_SetupDirTbl)
/joengine/Compiler/COMMON/SGL_302j/LIB_ELF/LIBCD.A(GFS_TRN.O)
                              /joengine/Compiler/COMMON/SGL_302j/LIB_ELF/LIBCD.A(GFS.O) (GFTR_Setup)
/joengine/Compiler/COMMON/SGL_302j/LIB_ELF/LIBCD.A(CDC_DEV.O)
                              /joengine/Compiler/COMMON/SGL_302j/LIB_ELF/LIBCD.A(GFS_CDC.O) (CDC_CdSetCon)
/joengine/Compiler/COMMON/SGL_302j/LIB_ELF/LIBCD.A(CDC_SEL.O)
                              /joengine/Compiler/COMMON/SGL_302j/LIB_ELF/LIBCD.A(GFS_CDC.O) (CDC_SetFiltRange)
/joengine/Compiler/COMMON/SGL_302j/LIB_ELF/LIBCD.A(CDC_BIF.O)
                              /joengine/Compiler/COMMON/SGL_302j/LIB_ELF/LIBCD.A(GFS_CDC.O) (CDC_GetBufSiz)
/joengine/Compiler/COMMON/SGL_302j/LIB_ELF/LIBCD.A(CDC_BIO.O)
                              /joengine/Compiler/COMMON/SGL_302j/LIB_ELF/LIBCD.A(GFS_CDC.O) (CDC_SetSctLen)
/joengine/Compiler/COMMON/SGL_302j/LIB_ELF/LIBSGL.A(sglA01.o)
                              /work/jo_engine/math.o (symbol from plugin) (slSin)
/joengine/Compiler/COMMON/SGL_302j/LIB_ELF/LIBSGL.A(sglA15.o)
                              /work/jo_engine/slave.o (symbol from plugin) (slSlaveFunc)
/joengine/Compiler/COMMON/SGL_302j/LIB_ELF/LIBSGL.A(sglA16.o)
                              main.o (symbol from plugin) (slLookAt)
/joengine/Compiler/COMMON/SGL_302j/LIB_ELF/LIBSGL.A(sglA17.o)
                              /joengine/Compiler/COMMON/SGL_302j/LIB_ELF/LIBSGL.A(sglA16.o) (slRotZ)
/joengine/Compiler/COMMON/SGL_302j/LIB_ELF/LIBSGL.A(sglA18.o)
                              main.o (symbol from plugin) (slRotY)
/joengine/Compiler/COMMON/SGL_302j/LIB_ELF/LIBSGL.A(sglA19.o)
                              main.o (symbol from plugin) (slRotX)
/joengine/Compiler/COMMON/SGL_302j/LIB_ELF/LIBSGL.A(sglA20.o)
                              main.o (symbol from plugin) (slUnitMatrix)
/joengine/Compiler/COMMON/SGL_302j/LIB_ELF/LIBSGL.A(sglA21.o)
                              main.o (symbol from plugin) (slPushMatrix)
/joengine/Compiler/COMMON/SGL_302j/LIB_ELF/LIBSGL.A(sglA27.o)
                              /joengine/Compiler/COMMON/SGL_302j/LIB_ELF/LIBSGL.A(sglA16.o) (slTranslate)
/joengine/Compiler/COMMON/SGL_302j/LIB_ELF/LIBSGL.A(sglA28.o)
                              main.o (symbol from plugin) (slScale)
/joengine/Compiler/COMMON/SGL_302j/LIB_ELF/LIBSGL.A(sglA40.o)
                              main.o (symbol from plugin) (slCalcVector)
/joengine/Compiler/COMMON/SGL_302j/LIB_ELF/LIBSGL.A(sglB001.o)
                              main.o (symbol from plugin) (slTVOn)
/joengine/Compiler/COMMON/SGL_302j/LIB_ELF/LIBSGL.A(sglB011.o)
                              /work/jo_engine/vdp2.o (symbol from plugin) (slBitMapNbg1)
/joengine/Compiler/COMMON/SGL_302j/LIB_ELF/LIBSGL.A(sglB014.o)
[...]
Memory Configuration

Name             Origin             Length             Attributes
*default*        0x0000000000000000 0xffffffffffffffff

Linker script and memory map


SLSTART         0x0000000006004000       0x30
                0x0000000006004000                ___Start = .
 *(SLSTART)
 SLSTART        0x0000000006004000       0x28 /joengine/Compiler/COMMON/SGL_302j/LIB_ELF/LIBSGL.A(sglI00.o)
                0x0000000006004000                SGL_Start
                0x0000000006004002                slStartSGL

.text           0x0000000006004040    0x20030
 *(.text)
 .text          0x0000000006004040        0x0 /joengine/Compiler/COMMON/SGL_302j/LIB_ELF/SGLAREA.O
 .text          0x0000000006004040     0x9d04 /tmp/ccZsHaWX.ltrans0.ltrans.o
                0x0000000006004858                jo_sprite_draw.constprop.53
                0x0000000006004964                jo_nbg2_print.constprop.38
                0x00000000060049c8                render_CLUT_sprite_MESH.constprop.37
                0x0000000006004a14                __jo_core_set_screens_order.constprop.36
                0x0000000006004acc                CDDAPlaySingle.constprop.31
                0x0000000006004b08                jo_vdp2_clear_bitmap_nbg1.constprop.23
                0x0000000006004b74                jo_vdp2_malloc
                0x0000000006004cb8                jo_vdp2_free
                0x0000000006004e04                jo_vdp2_disable_rbg0
                0x0000000006004e60                __jo_create_map.lto_priv.626
                0x0000000006004ec0                jo_img_to_vdp2_cells
                0x0000000006004f3a                jo_set_default_background_color
                0x00000000060051a6                jo_free
                0x0000000006005890                jo_sprite_free_from
                0x000000000600594c                load_textures.constprop.25
                0x0000000006006290                jo_random
                0x0000000006006308                jo_atan2f_rad
                0x00000000060064a4                jo_fixed_cos
                0x0000000006006500                jo_fixed_sin
                0x00000000060067f8                __jo_tga_any_loader
                0x0000000006006934                jo_sprite_add_tga.constprop.24
                0x0000000006006a10                _lseek
                0x0000000006006a14                _isatty
                0x0000000006006a18                _fstat
                0x0000000006006a1c                _close
                0x0000000006006a20                _write
                0x0000000006006a24                _read
                0x0000000006006a28                _realloc_r
                0x0000000006006a94                _calloc_r
                0x0000000006006ac4                _free_r
                0x0000000006006ad8                _malloc_r
                0x00000000060071f4                CDDAStop
                0x0000000006007210                pcm_cease
                0x0000000006007a9c                pcm_play
                0x0000000006007af8                has_object_collision
                0x0000000006007f44                mnet_client_log
                0x0000000006007fd4                load_binary.constprop.29
                0x0000000006009eb0                mnet_send_remove_local_player
 .text          0x000000000600dd44     0x875c /tmp/ccZsHaWX.ltrans1.ltrans.o
                0x000000000600e078                my_vblank
                0x000000000600e084                set_palette
                0x000000000600e09c                change_player_palette
                0x000000000600e18c                load_trackmap
                0x000000000600e1c8                load_preview
                0x000000000600e204                load_level
                0x000000000600e2d4                load_car
                0x000000000600e44c                move_camera
                0x000000000600ea68                draw_map
                0x000000000600ebd4                draw_powerups
                0x000000000600ecd8                create_particles
                0x000000000600ed80                computeLight
                0x000000000600edf4                create_player
                0x000000000600efe0                set_player_position
                0x000000000600f0e4                reset_to_last_checkpoint
                0x000000000600f1dc                reset_demo
                0x000000000600f3c0                getSeconds
                0x000000000600f440                init_1p_display
                0x000000000600f4c8                init_2p_display
                0x000000000600f558                render_CLUT_sprite
                0x000000000600f5a8                draw_player
                0x0000000006010278                ztClearText
                0x00000000060102b8                menu
                0x000000000601042c                clear_level
                0x0000000006010554                transition_to_title_screen
                0x0000000006010720                draw_hud
                0x0000000006011198                mmm_get_p2_port
                0x00000000060113aa                saturn_uart_detect.lto_priv.542
                0x000000000601142a                saturn_uart_reg_write.lto_priv.544.lto_priv.591
                0x0000000006011444                saturn_uart_reg_read.lto_priv.546.lto_priv.592
                0x0000000006011460                saturn_transport_rx_byte.lto_priv.555
                0x000000000601146c                saturn_uart_read_iir.lto_priv.524.lto_priv.583
                0x0000000006011478                saturn_uart_read_msr.lto_priv.526.lto_priv.584
                0x0000000006011484                saturn_uart_read_lsr.lto_priv.528.lto_priv.585
                0x0000000006011490                saturn_uart_clear_errors.lto_priv.530.lto_priv.586
                0x00000000060114b0                saturn_uart_rx_error.lto_priv.532.lto_priv.587
                0x00000000060114c8                saturn_uart_rx_ready.lto_priv.534.lto_priv.588
                0x00000000060114dc                saturn_transport_rx_ready.lto_priv.554
                0x00000000060114e8                saturn_uart_flush_rx.lto_priv.512.lto_priv.576
                0x000000000601151c                modem_flush_input.lto_priv.505.lto_priv.507
                0x0000000006011528                saturn_uart_loopback_test.lto_priv.510.lto_priv.578
                0x00000000060115b4                saturn_uart_read_raw.lto_priv.514.lto_priv.579
                0x0000000006011634                saturn_uart_getc_timeout.lto_priv.518.lto_priv.580
                0x000000000601166c                modem_read_line.lto_priv.508.lto_priv.574
                0x00000000060116d8                saturn_uart_getc.lto_priv.520.lto_priv.581
                0x0000000006011700                saturn_uart_tx_ready.lto_priv.536.lto_priv.589
                0x0000000006011718                saturn_uart_putc.lto_priv.522.lto_priv.582
                0x0000000006011764                saturn_transport_send.lto_priv.556
                0x00000000060117a8                saturn_uart_puts.lto_priv.516.lto_priv.575
                0x000000000601192c                modem_escape_to_command.lto_priv.503.lto_priv.573
                0x00000000060119a8                saturn_uart_set_baud.lto_priv.540.lto_priv.590
                0x0000000006011a00                saturn_uart_init.lto_priv.538.lto_priv.577
                0x0000000006011b18                saturn_smpc_command.lto_priv.552.lto_priv.594
                0x0000000006011b40                saturn_netlink_smpc_disable.lto_priv.548.lto_priv.593
                0x0000000006011b4c                saturn_netlink_smpc_enable.lto_priv.550.lto_priv.559
                0x0000000006011b9c                mnet_encode_lap_complete.lto_priv.371.lto_priv.375
                0x0000000006011bc2                mnet_encode_client_log.lto_priv.376.lto_priv.566
                0x0000000006011c14                mnet_encode_leaderboard_req.lto_priv.380.lto_priv.384
                0x0000000006011c24                mnet_encode_remove_local_player.lto_priv.385.lto_priv.389
                0x0000000006011c34                mnet_encode_add_local_player.lto_priv.390.lto_priv.565
                0x0000000006011c78                mnet_encode_powerup_pickup.lto_priv.394.lto_priv.398
                0x0000000006011c8c                mnet_encode_player_state_p2.lto_priv.399.lto_priv.567
                0x0000000006011d24                mnet_encode_player_state.lto_priv.403.lto_priv.568
                0x0000000006011db4                mnet_encode_input_state_p2.lto_priv.407.lto_priv.411
                0x0000000006011dde                mnet_encode_input_state.lto_priv.412.lto_priv.416
                0x0000000006011e04                mnet_encode_car_select.lto_priv.417.lto_priv.421
                0x0000000006011e18                mnet_encode_start_game.lto_priv.422.lto_priv.426
                0x0000000006011e28                mnet_encode_ready.lto_priv.427.lto_priv.431
                0x0000000006011e38                mnet_encode_heartbeat.lto_priv.432.lto_priv.436
                0x0000000006011e48                mnet_encode_disconnect.lto_priv.437.lto_priv.441
                0x0000000006011e58                mnet_encode_set_username.lto_priv.442.lto_priv.563
                0x0000000006011e9c                mnet_encode_connect_uuid.lto_priv.446.lto_priv.562
                0x0000000006011eba                mnet_encode_connect.lto_priv.450.lto_priv.454
                0x0000000006011ec8                mnet_read_string.lto_priv.455.lto_priv.564
                0x0000000006011f10                mnet_rx_init.lto_priv.463.lto_priv.467
                0x0000000006011f1e                net_transport_is_connected.lto_priv.472.lto_priv.570
                0x0000000006011f34                net_transport_send.lto_priv.476.lto_priv.560
                0x0000000006011f46                my_gamepad
                0x00000000060132c4                player_collision_handling
                0x00000000060153e4                mnet_send_frame.lto_priv.468.lto_priv.569
                0x000000000601541c                net_transport_rx_byte.lto_priv.480.lto_priv.571
                0x000000000601542e                net_transport_rx_ready.lto_priv.484.lto_priv.572
                0x0000000006015440                mnet_rx_poll.lto_priv.459.lto_priv.561
                0x00000000060154d8                get_gbr.lto_priv.54.lto_priv.82
                0x00000000060154de                set_gbr.lto_priv.83.lto_priv.111
                0x00000000060154e4                get_vbr.lto_priv.112.lto_priv.140
                0x00000000060154ea                set_vbr.lto_priv.141.lto_priv.169
                0x00000000060154f0                set_imask.lto_priv.170.lto_priv.557
                0x0000000006015504                get_imask.lto_priv.198.lto_priv.558
                0x000000000601550e                get_sr.lto_priv.226.lto_priv.254
                0x0000000006015514                set_sr.lto_priv.255.lto_priv.283
                0x000000000601551a                tas.lto_priv.284.lto_priv.312
                0x0000000006015522                sleep.lto_priv.313.lto_priv.341
                0x0000000006015528                nop.lto_priv.342.lto_priv.370
                0x000000000601552e                init_3d_planes
                0x00000000060157c8                end_level
                0x0000000006015fd4                mmm_online_start_race
 .text          0x00000000060164a0      0x238 /joengine/Compiler/COMMON/SGL_302j/LIB_ELF/SEGA_SYS.A(sys_exit.o)
                0x00000000060164a0                sys_version
                0x00000000060164c0                SYS_Exit
 *fill*         0x00000000060166d8        0x8 
 .text          0x00000000060166e0        0x6 /joengine/Compiler/COMMON/SGL_302j/LIB_ELF/SEGA_SYS.A(sys_sub.o)
                0x00000000060166e0                SYSUB_SetStackptr
 *fill*         0x00000000060166e6        0xa 
 .text          0x00000000060166f0      0x3a0 /joengine/Compiler/COMMON/SGL_302j/LIB_ELF/LIBCD.A(CDC_CMN.O)
                0x00000000060166f0                CDC_GetCurStat
                0x0000000006016740                CDC_GetLastStat
                0x0000000006016758                CDC_GetPeriStat
                0x000000000601682c                CDC_GetHwInfo
                0x0000000006016894                CDC_TgetToc
                0x00000000060168e4                CDC_GetSes
                0x0000000006016920                CDC_CdInit
                0x00000000060169a4                CDC_CdOpen
                0x00000000060169cc                CDC_DataReady
                0x0000000006016a38                CDC_DataEnd
 .text          0x0000000006016a90      0x130 /joengine/Compiler/COMMON/SGL_302j/LIB_ELF/LIBCD.A(CDC_DRV.O)
                0x0000000006016a90                CDC_CdPlay
                0x0000000006016b5c                CDC_CdSeek
                0x0000000006016b90                CDC_CdScan
 .text          0x0000000006016bc0      0x194 /joengine/Compiler/COMMON/SGL_302j/LIB_ELF/LIBCD.A(CDC_CFS.O)
                0x0000000006016bc0                CDC_ChgDir
                0x0000000006016bf4                CDC_ReadDir
                0x0000000006016c28                CDC_GetFileScope
                0x0000000006016c88                CDC_TgetFileInfo
                0x0000000006016ce4                CDC_ReadFile
                0x0000000006016d18                CDC_AbortFile
 *fill*         0x0000000006016d54        0xc 
 .text          0x0000000006016d60      0x2dc /joengine/Compiler/COMMON/SGL_302j/LIB_ELF/LIBCD.A(CDC_REG.O)
                0x0000000006016d60                CDC_GetDataPtr
                0x0000000006016d70                CDC_GetHirqReq
                0x0000000006016d84                CDC_ClrHirqReq
                0x0000000006016db4                CDREG_ClrHirqReq
                0x0000000006016dc4                CDREG_InitHirqReq
                0x0000000006016dec                CDREG_SetHirqFlag
                0x0000000006016e00                CDC_GetHirqMsk
                0x0000000006016e14                CDC_SetHirqMsk
                0x0000000006016e24                CDC_GetMpegPtr
                0x0000000006016e34                CDREG_TgetData
                0x0000000006016e90                CDREG_CmdRsp
                0x0000000006016f90                CDREG_WaitHirq
                0x0000000006017000                CDREG_ReadRsp
 *fill*         0x000000000601703c        0x4 
 .text          0x0000000006017040      0x152 /joengine/Compiler/COMMON/SGL_302j/LIB_ELF/LIBCD.A(CDC_SUB.O)
                0x0000000006017040                CDSUB_UpdStatus
                0x0000000006017058                CDSUB_UpdCdstat
                0x0000000006017078                CDSUB_CdCmd
                0x00000000060170e8                CDSUB_GetCdstat
                0x0000000006017128                CDSUB_RspToCdstat
                0x0000000006017170                CDSUB_SoftTimer
 *fill*         0x0000000006017192        0xe 
 .text          0x00000000060171a0     0x1adc /joengine/Compiler/COMMON/SGL_302j/LIB_ELF/LIBCD.A(GFS.O)
                0x00000000060171a0                gfs_version
                0x00000000060171c0                GFS_Init
                0x00000000060172a8                GFS_LoadDir
                0x0000000006017350                GFS_SetDir
                0x00000000060173b8                GFS_NameToId
                0x000000000601741c                GFS_IdToName
                0x0000000006017488                GFS_GetDirInfo
                0x00000000060174f8                GFS_Reset
                0x000000000601757c                GFS_Open
                0x0000000006017630                GFS_Close
                0x0000000006017668                GFS_Seek
                0x000000000601771c                GFS_Tell
                0x000000000601776c                GFS_IsEof
                0x00000000060177c0                GFS_ByteToSct
                0x000000000601781c                GFS_GetFileSize
                0x0000000006017878                GFS_GetFileInfo
                0x00000000060178ec                GFS_GetNumCdbuf
                0x0000000006017914                GFS_Load
                0x00000000060179d8                GFS_Fread
                0x0000000006017a74                gfs_waitRead
                0x0000000006017b1c                GFS_NwFread
                0x0000000006017c28                GFS_NwCdRead
                0x0000000006017ca0                GFS_NwIsComplete
                0x0000000006017cd8                GFS_NwStop
                0x0000000006017d44                GFS_NwGetStat
                0x0000000006017dc0                gfs_recovRdErr
                0x0000000006017df0                GFS_NwExecOne
                0x0000000006017eb0                GFS_NwExecServer
                0x0000000006017f2c                GFS_SetGmode
                0x0000000006017f90                GFS_SetTmode
                0x0000000006017ffc                GFS_SetReadPara
                0x0000000006018060                GFS_SetTransPara
                0x00000000060180cc                GFS_SetTrFunc
                0x0000000006018130                GFS_StartTrans
                0x000000000601817c                GFS_CdMovePickup
                0x00000000060181e8                GFS_SetErrFunc
                0x0000000006018214                GFS_GetErrStat
                0x0000000006018238                GFS_ConvTno
                0x0000000006018260                gfs_chgRoot
                0x000000000601832c                gfs_aborttrans
                0x0000000006018338                gfs_mngSetupFuncTbl
                0x000000000601836c                gfs_mngInitWork
                0x0000000006018410                gfs_mngGetNumFile
                0x0000000006018478                GFS_mngAllocGrp
                0x00000000060184c0                gfs_mngFreeGrp
                0x00000000060184cc                gfs_mngTermAccess
                0x0000000006018550                gfs_mngSetErrCode
                0x00000000060185d0                gfs_svrSearchHndl
                0x0000000006018610                gfs_svrAddHndl
                0x000000000601864c                gfs_svrRemoveHndl
                0x00000000060186a8                GFS_OpenSub
                0x0000000006018700                gfs_loadVol
                0x00000000060187c4                gfs_getRootDir
                0x00000000060188c0                gfs_loadRootDir
                0x0000000006018948                gfs_flowIn
                0x00000000060189f0                gfs_transData
                0x0000000006018a94                GFS_GetFad
                0x0000000006018aec                gfs_SetSct
                0x0000000006018b2c                gfs_GetFinfo
                0x0000000006018b6c                gfs_closeSub
                0x0000000006018ba8                gfs_getGmode
                0x0000000006018bb4                gfs_isTaskDone
                0x0000000006018c08                gfs_convFinStat
 *fill*         0x0000000006018c7c        0x4 
 .text          0x0000000006018c80      0x106 /joengine/Compiler/COMMON/SGL_302j/LIB_ELF/LIBCD.A(GFS_BUF.O)
                0x0000000006018cb0                GFBF_GetTranData
                0x0000000006018cd8                GFBF_GetNumData
                0x0000000006018d08                GFBF_GetSrcPk
                0x0000000006018d30                GFBF_GetSctData
                0x0000000006018d54                GFBF_RtnPk
                0x0000000006018d7c                gfbf_getSctDt
 *fill*         0x0000000006018d86        0xa 
 .text          0x0000000006018d90      0x600 /joengine/Compiler/COMMON/SGL_302j/LIB_ELF/LIBCD.A(GFS_CDB.O)
                0x0000000006018d90                GFCB_Setup
                0x0000000006018eb0                GFCB_Close
                0x0000000006018ed8                GFCB_GetLenData
                0x0000000006018f84                GFCB_GetLenRoom
                0x0000000006018f90                GFCB_SetFilt
                0x0000000006018ff8                GFCB_DeleteAllData
                0x0000000006019020                GFCB_Tell
                0x0000000006019030                gfcb_getSctNum
                0x0000000006019080                GFCB_Seek
                0x000000000601917c                GFCB_GetSrcPack
                0x000000000601925c                GFCB_GetSctData
                0x0000000006019294                GFCB_GetDstPack
                0x00000000060192a0                GFCB_RtnPk
                0x00000000060192e8                GFCB_MovePickup
                0x0000000006019304                GFCB_SetCon
                0x0000000006019338                GFCB_GetPickup
                0x0000000006019360                GFCB_IsPuOwner
                0x0000000006019378                GFCB_UngetPickup
 .text          0x0000000006019390     0x1a10 /joengine/Compiler/COMMON/SGL_302j/LIB_ELF/LIBCD.A(GFS_CDC.O)
                0x0000000006019390                GFCD_SetCdbfs
                0x00000000060193bc                GFCD_Init
                0x00000000060195c0                GFCD_AllocFilt
                0x00000000060195fc                GFCD_FreeFilt
                0x000000000601962c                GFCD_AllocBuf
                0x0000000006019660                GFCD_FreeBuf
                0x0000000006019704                GFCD_GetBaseFad
                0x0000000006019738                GFCD_GetPickup
                0x000000000601976c                GFCD_UngetPickup
                0x0000000006019798                GFCD_IsPuOwner
                0x00000000060197bc                GFCD_SetFilt
                0x0000000006019880                GFCD_GetFilt
                0x00000000060198c8                GFCD_SetCon
                0x0000000006019920                GFCD_Play
                0x0000000006019980                GFCD_GetLenData
                0x00000000060199e8                GFCD_ReqData
                0x0000000006019a44                GFCD_EndData
                0x0000000006019a8c                GFCD_DelSctData
                0x0000000006019ae4                GFCD_CheckDelSctData
                0x0000000006019b14                GFCD_GetStat
                0x0000000006019bc8                GFCD_MovePickup
                0x0000000006019c14                GFCD_MoveSctData
                0x0000000006019c88                GFCD_CheckMove
                0x0000000006019cac                GFCD_GetSctInfo
                0x0000000006019cf4                GFCD_ChgDir
                0x0000000006019d68                GFCD_SetFiltCon
                0x0000000006019e50                GFCD_GetFileInfo
                0x0000000006019f2c                GFCD_GetBufSiz
                0x0000000006019f64                GFCD_ExecServer
                0x000000000601a038                gfcd_isIdleTask
                0x000000000601a0c4                gfcd_doTask
                0x000000000601a170                GFCD_SetTimer
                0x000000000601a184                GFCD_WaitServer
                0x000000000601a1c0                gfcd_doSetFiltTsk
                0x000000000601a384                gfcd_doSetConTsk
                0x000000000601a414                gfcd_doGetLenDataTsk
                0x000000000601a568                gfcd_doReqDataTsk
                0x000000000601a608                gfcd_doDelSctDataTsk
                0x000000000601a73c                gfcd_doMoveSctTsk
                0x000000000601a8a0                gfcd_doChgDirTsk
                0x000000000601aa9c                gfcd_doSetFiltConTsk
                0x000000000601abe0                gfcd_checkEflag
                0x000000000601ac04                gfcd_initCdbMng
                0x000000000601ac84                gfcd_setStat
                0x000000000601acb0                GFCD_SetCsctFunc
                0x000000000601accc                GFCD_ChkScdqFlag
                0x000000000601acf0                GFCD_ClrScdqFlag
                0x000000000601ad0c                GFCD_WaitScdqFlag
                0x000000000601ad50                GFCD_WaitPause
 .text          0x000000000601ada0      0x8d8 /joengine/Compiler/COMMON/SGL_302j/LIB_ELF/LIBCD.A(GFS_CDF.O)
                0x000000000601ada0                GFCF_Init
                0x000000000601ae40                GFCF_Setup
                0x000000000601af88                GFCF_SetSct
                0x000000000601afcc                GFCF_GetFileInfo
                0x000000000601b040                GFCF_FlowInBuf
                0x000000000601b194                GFCF_StopInBuf
                0x000000000601b234                GFCF_Recover
                0x000000000601b27c                GFCF_Tell
                0x000000000601b294                GFCF_Seek
                0x000000000601b2ac                GFCF_MovePickup
                0x000000000601b348                GFCF_cnvIntlvOfs
                0x000000000601b39c                GFCF_GetStat
                0x000000000601b434                gfcf_getSctSize
                0x000000000601b470                gfcf_isCdOk
                0x000000000601b530                gfcf_getPlayRange
 *fill*         0x000000000601b678        0x8 
 .text          0x000000000601b680      0x92c /joengine/Compiler/COMMON/SGL_302j/LIB_ELF/LIBCD.A(GFS_DIR.O)
                0x000000000601b680                GFDR_SetupDirTbl
                0x000000000601b6f4                GFDR_NameToId
                0x000000000601b754                GFDR_GetInfoDirId
                0x000000000601b768                GFDR_GetInfoDirName
                0x000000000601b77c                GFDR_GetAtrDirId
                0x000000000601b794                GFDR_GetAtrDirName
                0x000000000601b7ac                GFDR_ChgRoot
                0x000000000601b7c4                GFDR_ChgDir
                0x000000000601b838                gfdr_setupDirIdTbl
                0x000000000601b8bc                gfdr_setupDirNameTbl
                0x000000000601b968                gfdr_open
                0x000000000601b990                gfdr_read
                0x000000000601ba50                gfdr_readByte
                0x000000000601ba7c                gfdr_readWord
                0x000000000601baa8                gfdr_readWordNB
                0x000000000601bafc                gfdr_readLongNB
                0x000000000601bb48                gfdr_readLongNM
                0x000000000601bb70                gfdr_setNextRec
                0x000000000601bbf4                gfdr_readDirEnt
                0x000000000601bf70                gfdr_setDirrecCd
 *fill*         0x000000000601bfac        0x4 
 .text          0x000000000601bfb0      0x9c6 /joengine/Compiler/COMMON/SGL_302j/LIB_ELF/LIBCD.A(GFS_TRN.O)
                0x000000000601bfe0                GFTR_Setup
                0x000000000601c024                GFTR_SetMode
                0x000000000601c038                GFTR_SetUnit
                0x000000000601c044                GFTR_SetTransPara
                0x000000000601c078                GFTR_GetTransPara
                0x000000000601c084                GFTR_GetNumTrans
                0x000000000601c090                GFTR_SetTransMax
                0x000000000601c09c                GFTR_Start
                0x000000000601c0a8                GFTR_Pause
                0x000000000601c0b4                GFTR_Stop
                0x000000000601c16c                GFTR_Exec
                0x000000000601c1f0                GFTR_Idle
                0x000000000601c268                GFTR_ExecSvr
                0x000000000601c370                gftr_getSrcPack
                0x000000000601c3f8                gftr_getDstPack
                0x000000000601c454                gftr_reqScu
                0x000000000601c460                gftr_execScu
                0x000000000601c4fc                gftr_remScu
                0x000000000601c530                gfdma_canUse
                0x000000000601c53c                gfdma_exec
                0x000000000601c5ac                gfdma_getBytecnt
                0x000000000601c5e4                gftr_reqDma0
                0x000000000601c5fc                gftr_execSdma0
                0x000000000601c620                gftr_remDma0
                0x000000000601c638                gftr_reqDma1
                0x000000000601c650                gftr_execSdma1
                0x000000000601c674                gftr_remDma1
                0x000000000601c68c                gftr_reqCpu
                0x000000000601c698                gftr_execCpu
                0x000000000601c6d8                gftr_remCpu
                0x000000000601c6e4                gftr_reqTrn
                0x000000000601c754                gftr_execTrn
                0x000000000601c82c                gftr_remTrn
                0x000000000601c8a0                gftr_copyFrac
                0x000000000601c8c8                GFTR_GetLenData
                0x000000000601c8d4                GFTR_GetLenRoom
                0x000000000601c8ec                GFTR_GetDstPack
                0x000000000601c920                GFTR_RtnDstPk
                0x000000000601c93c                GFTR_GetData
                0x000000000601c950                GFTR_SetData
                0x000000000601c964                GFTR_SetTransFunc
 *fill*         0x000000000601c976        0xa 
 .text          0x000000000601c980       0xa8 /joengine/Compiler/COMMON/SGL_302j/LIB_ELF/LIBCD.A(CDC_DEV.O)
                0x000000000601c980                CDC_CdSetCon
                0x000000000601c9b0                CDC_CdGetCon
                0x000000000601c9ec                CDC_CdGetLastBuf
 *fill*         0x000000000601ca28        0x8 
 .text          0x000000000601ca30      0x2b8 /joengine/Compiler/COMMON/SGL_302j/LIB_ELF/LIBCD.A(CDC_SEL.O)
                0x000000000601ca30                CDC_SetFiltRange
                0x000000000601ca64                CDC_GetFiltRange
                0x000000000601cabc                CDC_SetFiltSubh
                0x000000000601cb2c                CDC_GetFiltSubh
                0x000000000601cba8                CDC_SetFiltMode
                0x000000000601cbdc                CDC_GetFiltMode
                0x000000000601cc20                CDC_SetFiltCon
                0x000000000601cc60                CDC_GetFiltCon
                0x000000000601ccb4                CDC_ResetSelector
 *fill*         0x000000000601cce8        0x8 
 .text          0x000000000601ccf0      0x270 /joengine/Compiler/COMMON/SGL_302j/LIB_ELF/LIBCD.A(CDC_BIF.O)
                0x000000000601ccf0                CDC_GetBufSiz
                0x000000000601cd4c                CDC_GetSctNum
                0x000000000601cd90                CDC_CalActSiz
                0x000000000601cdcc                CDC_GetActSiz
                0x000000000601ce4c                CDC_GetSctInfo
                0x000000000601cecc                CDC_ExeFadSearch
                0x000000000601cf04                CDC_GetFadSearch
 .text          0x000000000601cf60      0x1e4 /joengine/Compiler/COMMON/SGL_302j/LIB_ELF/LIBCD.A(CDC_BIO.O)
                0x000000000601cf60                CDC_SetSctLen
                0x000000000601cf94                CDC_GetSctData
                0x000000000601cfd0                CDC_DelSctData
                0x000000000601d00c                CDC_GetdelSctData
                0x000000000601d048                CDC_PutSctData
                0x000000000601d080                CDC_CopySctData
                0x000000000601d0c4                CDC_MoveSctData
                0x000000000601d108                CDC_GetCopyErr
 *fill*         0x000000000601d144        0xc 
 .text          0x000000000601d150        0x0 /joengine/Compiler/COMMON/SGL_302j/LIB_ELF/LIBSGL.A(sglA01.o)
 .text          0x000000000601d150        0x0 /joengine/Compiler/COMMON/SGL_302j/LIB_ELF/LIBSGL.A(sglA15.o)
 .text          0x000000000601d150        0x0 /joengine/Compiler/COMMON/SGL_302j/LIB_ELF/LIBSGL.A(sglA16.o)
 .text          0x000000000601d150        0x0 /joengine/Compiler/COMMON/SGL_302j/LIB_ELF/LIBSGL.A(sglA17.o)
 .text          0x000000000601d150        0x0 /joengine/Compiler/COMMON/SGL_302j/LIB_ELF/LIBSGL.A(sglA18.o)
 .text          0x000000000601d150        0x0 /joengine/Compiler/COMMON/SGL_302j/LIB_ELF/LIBSGL.A(sglA19.o)
 .text          0x000000000601d150        0x0 /joengine/Compiler/COMMON/SGL_302j/LIB_ELF/LIBSGL.A(sglA20.o)
 .text          0x000000000601d150        0x0 /joengine/Compiler/COMMON/SGL_302j/LIB_ELF/LIBSGL.A(sglA21.o)
 .text          0x000000000601d150        0x0 /joengine/Compiler/COMMON/SGL_302j/LIB_ELF/LIBSGL.A(sglA27.o)
 .text          0x000000000601d150        0x0 /joengine/Compiler/COMMON/SGL_302j/LIB_ELF/LIBSGL.A(sglA28.o)
 .text          0x000000000601d150        0x0 /joengine/Compiler/COMMON/SGL_302j/LIB_ELF/LIBSGL.A(sglA40.o)
 .text          0x000000000601d150        0x0 /joengine/Compiler/COMMON/SGL_302j/LIB_ELF/LIBSGL.A(sglB001.o)
 .text          0x000000000601d150        0x0 /joengine/Compiler/COMMON/SGL_302j/LIB_ELF/LIBSGL.A(sglB011.o)
 .text          0x000000000601d150        0x0 /joengine/Compiler/COMMON/SGL_302j/LIB_ELF/LIBSGL.A(sglB014.o)
 .text          0x000000000601d150        0x0 /joengine/Compiler/COMMON/SGL_302j/LIB_ELF/LIBSGL.A(sglB015.o)
 .text          0x000000000601d150        0x0 /joengine/Compiler/COMMON/SGL_302j/LIB_ELF/LIBSGL.A(sglB016.o)
 .text          0x000000000601d150        0x0 /joengine/Compiler/COMMON/SGL_302j/LIB_ELF/LIBSGL.A(sglB020.o)
 .text          0x000000000601d150        0x0 /joengine/Compiler/COMMON/SGL_302j/LIB_ELF/LIBSGL.A(sglB021.o)
 .text          0x000000000601d150        0x0 /joengine/Compiler/COMMON/SGL_302j/LIB_ELF/LIBSGL.A(sglB023.o)
 .text          0x000000000601d150        0x0 /joengine/Compiler/COMMON/SGL_302j/LIB_ELF/LIBSGL.A(sglB031.o)
 .text          0x000000000601d150        0x0 /joengine/Compiler/COMMON/SGL_302j/LIB_ELF/LIBSGL.A(sglB032.o)
 .text          0x000000000601d150        0x0 /joengine/Compiler/COMMON/SGL_302j/LIB_ELF/LIBSGL.A(sglB033.o)
 .text          0x000000000601d150        0x0 /joengine/Compiler/COMMON/SGL_302j/LIB_ELF/LIBSGL.A(sglB034.o)
 .text          0x000000000601d150        0x0 /joengine/Compiler/COMMON/SGL_302j/LIB_ELF/LIBSGL.A(sglB035.o)
 .text          0x000000000601d150        0x0 /joengine/Compiler/COMMON/SGL_302j/LIB_ELF/LIBSGL.A(sglB036.o)
 .text          0x000000000601d150        0x0 /joengine/Compiler/COMMON/SGL_302j/LIB_ELF/LIBSGL.A(sglB038.o)
 .text          0x000000000601d150        0x0 /joengine/Compiler/COMMON/SGL_302j/LIB_ELF/LIBSGL.A(sglB039.o)
 .text          0x000000000601d150        0x0 /joengine/Compiler/COMMON/SGL_302j/LIB_ELF/LIBSGL.A(sglB040.o)
 .text          0x000000000601d150        0x0 /joengine/Compiler/COMMON/SGL_302j/LIB_ELF/LIBSGL.A(sglB041.o)
 .text          0x000000000601d150        0x0 /joengine/Compiler/COMMON/SGL_302j/LIB_ELF/LIBSGL.A(sglB042.o)
 .text          0x000000000601d150        0x0 /joengine/Compiler/COMMON/SGL_302j/LIB_ELF/LIBSGL.A(sglB043.o)
 .text          0x000000000601d150        0x0 /joengine/Compiler/COMMON/SGL_302j/LIB_ELF/LIBSGL.A(sglB044.o)
 .text          0x000000000601d150        0x0 /joengine/Compiler/COMMON/SGL_302j/LIB_ELF/LIBSGL.A(sglB045.o)
 .text          0x000000000601d150        0x0 /joengine/Compiler/COMMON/SGL_302j/LIB_ELF/LIBSGL.A(sglB047.o)
 .text          0x000000000601d150        0x0 /joengine/Compiler/COMMON/SGL_302j/LIB_ELF/LIBSGL.A(sglB048.o)
 .text          0x000000000601d150        0x0 /joengine/Compiler/COMMON/SGL_302j/LIB_ELF/LIBSGL.A(sglB055.o)
 .text          0x000000000601d150        0x0 /joengine/Compiler/COMMON/SGL_302j/LIB_ELF/LIBSGL.A(sglB056.o)
 .text          0x000000000601d150        0x0 /joengine/Compiler/COMMON/SGL_302j/LIB_ELF/LIBSGL.A(sglB057.o)
 .text          0x000000000601d150        0x0 /joengine/Compiler/COMMON/SGL_302j/LIB_ELF/LIBSGL.A(sglB058.o)
 .text          0x000000000601d150        0x0 /joengine/Compiler/COMMON/SGL_302j/LIB_ELF/LIBSGL.A(sglB059.o)
 .text          0x000000000601d150        0x0 /joengine/Compiler/COMMON/SGL_302j/LIB_ELF/LIBSGL.A(sglB060.o)
 .text          0x000000000601d150        0x0 /joengine/Compiler/COMMON/SGL_302j/LIB_ELF/LIBSGL.A(sglB063.o)
 .text          0x000000000601d150        0x0 /joengine/Compiler/COMMON/SGL_302j/LIB_ELF/LIBSGL.A(sglB087.o)
 .text          0x000000000601d150        0x0 /joengine/Compiler/COMMON/SGL_302j/LIB_ELF/LIBSGL.A(sglB088.o)
 .text          0x000000000601d150        0x0 /joengine/Compiler/COMMON/SGL_302j/LIB_ELF/LIBSGL.A(sglB090.o)
 .text          0x000000000601d150        0x0 /joengine/Compiler/COMMON/SGL_302j/LIB_ELF/LIBSGL.A(sglB200.o)
 .text          0x000000000601d150        0x0 /joengine/Compiler/COMMON/SGL_302j/LIB_ELF/LIBSGL.A(sglC01.o)
 .text          0x000000000601d150        0x0 /joengine/Compiler/COMMON/SGL_302j/LIB_ELF/LIBSGL.A(sglC03.o)
 .text          0x000000000601d150        0x0 /joengine/Compiler/COMMON/SGL_302j/LIB_ELF/LIBSGL.A(sglC04.o)
 .text          0x000000000601d150        0x0 /joengine/Compiler/COMMON/SGL_302j/LIB_ELF/LIBSGL.A(sglC05.o)
 .text          0x000000000601d150        0x0 /joengine/Compiler/COMMON/SGL_302j/LIB_ELF/LIBSGL.A(sglC06.o)
 .text          0x000000000601d150        0x0 /joengine/Compiler/COMMON/SGL_302j/LIB_ELF/LIBSGL.A(sglC07.o)
 .text          0x000000000601d150        0x0 /joengine/Compiler/COMMON/SGL_302j/LIB_ELF/LIBSGL.A(sglC08.o)
 .text          0x000000000601d150        0x0 /joengine/Compiler/COMMON/SGL_302j/LIB_ELF/LIBSGL.A(sglC14.o)
 .text          0x000000000601d150        0x0 /joengine/Compiler/COMMON/SGL_302j/LIB_ELF/LIBSGL.A(sglC16.o)
 .text          0x000000000601d150        0x0 /joengine/Compiler/COMMON/SGL_302j/LIB_ELF/LIBSGL.A(sglC17.o)
 .text          0x000000000601d150        0x0 /joengine/Compiler/COMMON/SGL_302j/LIB_ELF/LIBSGL.A(sglC19.o)
 .text          0x000000000601d150        0x0 /joengine/Compiler/COMMON/SGL_302j/LIB_ELF/LIBSGL.A(sglC20.o)
 .text          0x000000000601d150        0x0 /joengine/Compiler/COMMON/SGL_302j/LIB_ELF/LIBSGL.A(sglC21.o)
 .text          0x000000000601d150        0x0 /joengine/Compiler/COMMON/SGL_302j/LIB_ELF/LIBSGL.A(sglD00.o)
 .text          0x000000000601d150        0x0 /joengine/Compiler/COMMON/SGL_302j/LIB_ELF/LIBSGL.A(sglD01.o)
 .text          0x000000000601d150        0x0 /joengine/Compiler/COMMON/SGL_302j/LIB_ELF/LIBSGL.A(sglD02.o)
 .text          0x000000000601d150        0x0 /joengine/Compiler/COMMON/SGL_302j/LIB_ELF/LIBSGL.A(sglD03.o)
 .text          0x000000000601d150        0x0 /joengine/Compiler/COMMON/SGL_302j/LIB_ELF/LIBSGL.A(sglD15.o)
 .text          0x000000000601d150        0x0 /joengine/Compiler/COMMON/SGL_302j/LIB_ELF/LIBSGL.A(sglD16.o)
 .text          0x000000000601d150        0x0 /joengine/Compiler/COMMON/SGL_302j/LIB_ELF/LIBSGL.A(sglD17.o)
 .text          0x000000000601d150        0x0 /joengine/Compiler/COMMON/SGL_302j/LIB_ELF/LIBSGL.A(sglD18.o)
 .text          0x000000000601d150        0x0 /joengine/Compiler/COMMON/SGL_302j/LIB_ELF/LIBSGL.A(sglF08.o)
 .text          0x000000000601d150        0x0 /joengine/Compiler/COMMON/SGL_302j/LIB_ELF/LIBSGL.A(sglH00.o)
 .text          0x000000000601d150        0x0 /joengine/Compiler/COMMON/SGL_302j/LIB_ELF/LIBSGL.A(sglH01.o)
 .text          0x000000000601d150        0x0 /joengine/Compiler/COMMON/SGL_302j/LIB_ELF/LIBSGL.A(sglH02.o)
 .text          0x000000000601d150        0x0 /joengine/Compiler/COMMON/SGL_302j/LIB_ELF/LIBSGL.A(sglH04.o)
 .text          0x000000000601d150        0x0 /joengine/Compiler/COMMON/SGL_302j/LIB_ELF/LIBSGL.A(sglI01.o)
 .text          0x000000000601d150        0x0 /joengine/Compiler/COMMON/SGL_302j/LIB_ELF/LIBSGL.A(sglI04.o)
 .text          0x000000000601d150      0x128 /joengine/Compiler/COMMON/SGL_302j/LIB_ELF/LIBSGL.A(sglIc0.o)
                0x000000000601d150                slInitSystem
 *fill*         0x000000000601d278        0x8 
 .text          0x000000000601d280        0x0 /joengine/Compiler/COMMON/SGL_302j/LIB_ELF/LIBSGL.A(sglJ00.o)
 .text          0x000000000601d280        0x0 /joengine/Compiler/COMMON/SGL_302j/LIB_ELF/LIBSGL.A(sglJ01.o)
 .text          0x000000000601d280        0x0 /joengine/Compiler/COMMON/SGL_302j/LIB_ELF/LIBSGL.A(sglJ02.o)
 .text          0x000000000601d280        0x0 /joengine/Compiler/COMMON/SGL_302j/LIB_ELF/LIBSGL.A(sglJ03.o)
 .text          0x000000000601d280        0x0 /joengine/Compiler/COMMON/SGL_302j/LIB_ELF/LIBSGL.A(sglJ04.o)
 .text          0x000000000601d280        0x0 /joengine/Compiler/COMMON/SGL_302j/LIB_ELF/LIBSGL.A(sglJ05.o)
 .text          0x000000000601d280        0x0 /joengine/Compiler/COMMON/SGL_302j/LIB_ELF/LIBSGL.A(sglK01.o)
 .text          0x000000000601d280        0x0 /joengine/Compiler/COMMON/SGL_302j/LIB_ELF/LIBSGL.A(sglM00.o)
 .text          0x000000000601d280        0x0 /joengine/Compiler/COMMON/SGL_302j/LIB_ELF/LIBSGL.A(sglM01.o)
 .text          0x000000000601d280        0x0 /joengine/Compiler/COMMON/SGL_302j/LIB_ELF/LIBSGL.A(sglA00.o)
 .text          0x000000000601d280        0x0 /joengine/Compiler/COMMON/SGL_302j/LIB_ELF/LIBSGL.A(sglA03.o)
 .text          0x000000000601d280        0x0 /joengine/Compiler/COMMON/SGL_302j/LIB_ELF/LIBSGL.A(sglA10.o)
 .text          0x000000000601d280        0x0 /joengine/Compiler/COMMON/SGL_302j/LIB_ELF/LIBSGL.A(sglA24.o)
 .text          0x000000000601d280        0x0 /joengine/Compiler/COMMON/SGL_302j/LIB_ELF/LIBSGL.A(sglA25.o)
 .text          0x000000000601d280        0x0 /joengine/Compiler/COMMON/SGL_302j/LIB_ELF/LIBSGL.A(sglB000.o)
 .text          0x000000000601d280        0x0 /joengine/Compiler/COMMON/SGL_302j/LIB_ELF/LIBSGL.A(sglC00.o)
 .text          0x000000000601d280        0x0 /joengine/Compiler/COMMON/SGL_302j/LIB_ELF/LIBSGL.A(sglC13.o)
 .text          0x000000000601d280        0x0 /joengine/Compiler/COMMON/SGL_302j/LIB_ELF/LIBSGL.A(sglD19.o)
 .text          0x000000000601d280        0x0 /joengine/Compiler/COMMON/SGL_302j/LIB_ELF/LIBSGL.A(sglI00.o)
 .text          0x000000000601d280        0x0 /joengine/Compiler/COMMON/SGL_302j/LIB_ELF/LIBSGL.A(sglH03.o)
 .text          0x000000000601d280       0x52 /joengine/Compiler/LINUX/bin/../lib/gcc/sh-none-elf/8.2.0/libgcc.a(_ashiftrt.o)
                0x000000000601d280                __ashiftrt_r4_31
                0x000000000601d280                __ashiftrt_r4_32
                0x000000000601d286                __ashiftrt_r4_30
                0x000000000601d288                __ashiftrt_r4_29
                0x000000000601d28a                __ashiftrt_r4_28
                0x000000000601d28c                __ashiftrt_r4_27
                0x000000000601d28e                __ashiftrt_r4_26
                0x000000000601d290                __ashiftrt_r4_25
                0x000000000601d292                __ashiftrt_r4_24
                0x000000000601d29a                __ashiftrt_r4_23
                0x000000000601d29c                __ashiftrt_r4_22
                0x000000000601d29e                __ashiftrt_r4_21
                0x000000000601d2a0                __ashiftrt_r4_20
                0x000000000601d2a2                __ashiftrt_r4_19
                0x000000000601d2a4                __ashiftrt_r4_18
                0x000000000601d2a6                __ashiftrt_r4_17
                0x000000000601d2a8                __ashiftrt_r4_16
                0x000000000601d2ae                __ashiftrt_r4_15
                0x000000000601d2b0                __ashiftrt_r4_14
                0x000000000601d2b2                __ashiftrt_r4_13
                0x000000000601d2b4                __ashiftrt_r4_12
                0x000000000601d2b6                __ashiftrt_r4_11
                0x000000000601d2b8                __ashiftrt_r4_10
                0x000000000601d2ba                __ashiftrt_r4_9
                0x000000000601d2bc                __ashiftrt_r4_8
                0x000000000601d2be                __ashiftrt_r4_7
                0x000000000601d2c0                __ashiftrt_r4_6
                0x000000000601d2c2                __ashiftrt_r4_5
                0x000000000601d2c4                __ashiftrt_r4_4
                0x000000000601d2c6                __ashiftrt_r4_3
                0x000000000601d2c8                __ashiftrt_r4_2
                0x000000000601d2ca                __ashiftrt_r4_1
                0x000000000601d2ce                __ashiftrt_r4_0
 *fill*         0x000000000601d2d2        0x2 
 .text          0x000000000601d2d4       0xa0 /joengine/Compiler/LINUX/bin/../lib/gcc/sh-none-elf/8.2.0/libgcc.a(_sdivsi3.o)
                0x000000000601d2d4                __sdivsi3
 .text          0x000000000601d374       0x6c /joengine/Compiler/LINUX/bin/../lib/gcc/sh-none-elf/8.2.0/libgcc.a(_udivsi3.o)
                0x000000000601d396                __udivsi3
 .text          0x000000000601d3e0       0x78 /joengine/Compiler/LINUX/bin/../lib/gcc/sh-none-elf/8.2.0/libgcc.a(_movmem.o)
                0x000000000601d3e0                __movstr
                0x000000000601d3e0                __movmem
                0x000000000601d414                __movmemSI64
                0x000000000601d414                __movstrSI64
                0x000000000601d418                __movstrSI60
                0x000000000601d418                __movmemSI60
                0x000000000601d41c                __movmemSI56
                0x000000000601d41c                __movstrSI56
                0x000000000601d420                __movstrSI52
                0x000000000601d420                __movmemSI52
                0x000000000601d424                __movstrSI48
                0x000000000601d424                __movmemSI48
                0x000000000601d428                __movstrSI44
                0x000000000601d428                __movmemSI44
                0x000000000601d42c                __movstrSI40
                0x000000000601d42c                __movmemSI40
                0x000000000601d430                __movstrSI36
                0x000000000601d430                __movmemSI36
                0x000000000601d434                __movmemSI32
                0x000000000601d434                __movstrSI32
                0x000000000601d438                __movmemSI28
                0x000000000601d438                __movstrSI28
                0x000000000601d43c                __movstrSI24
                0x000000000601d43c                __movmemSI24
                0x000000000601d440                __movmemSI20
                0x000000000601d440                __movstrSI20
                0x000000000601d444                __movstrSI16
                0x000000000601d444                __movmemSI16
                0x000000000601d448                __movmemSI12
                0x000000000601d448                __movstrSI12
                0x000000000601d44c                __movmemSI8
                0x000000000601d44c                __movstrSI8
                0x000000000601d450                __movmemSI4
                0x000000000601d450                __movstrSI4
 .text          0x000000000601d458      0x210 /joengine/Compiler/LINUX/bin/../lib/gcc/sh-none-elf/8.2.0/libgcc.a(_addsub_sf.o)
                0x000000000601d5cc                __addsf3
                0x000000000601d618                __subsf3
 .text          0x000000000601d668      0x134 /joengine/Compiler/LINUX/bin/../lib/gcc/sh-none-elf/8.2.0/libgcc.a(_mul_sf.o)
                0x000000000601d668                __mulsf3
 .text          0x000000000601d79c       0xdc /joengine/Compiler/LINUX/bin/../lib/gcc/sh-none-elf/8.2.0/libgcc.a(_div_sf.o)
                0x000000000601d79c                __divsf3
 .text          0x000000000601d878       0x54 /joengine/Compiler/LINUX/bin/../lib/gcc/sh-none-elf/8.2.0/libgcc.a(_eq_sf.o)
                0x000000000601d878                __eqsf2
 .text          0x000000000601d8cc       0x54 /joengine/Compiler/LINUX/bin/../lib/gcc/sh-none-elf/8.2.0/libgcc.a(_ne_sf.o)
                0x000000000601d8cc                __nesf2
 .text          0x000000000601d920       0x4c /joengine/Compiler/LINUX/bin/../lib/gcc/sh-none-elf/8.2.0/libgcc.a(_gt_sf.o)
                0x000000000601d920                __gtsf2
 .text          0x000000000601d96c       0x4c /joengine/Compiler/LINUX/bin/../lib/gcc/sh-none-elf/8.2.0/libgcc.a(_ge_sf.o)
                0x000000000601d96c                __gesf2
 .text          0x000000000601d9b8       0x54 /joengine/Compiler/LINUX/bin/../lib/gcc/sh-none-elf/8.2.0/libgcc.a(_lt_sf.o)
                0x000000000601d9b8                __ltsf2
 .text          0x000000000601da0c       0x54 /joengine/Compiler/LINUX/bin/../lib/gcc/sh-none-elf/8.2.0/libgcc.a(_le_sf.o)
                0x000000000601da0c                __lesf2
 .text          0x000000000601da60       0x84 /joengine/Compiler/LINUX/bin/../lib/gcc/sh-none-elf/8.2.0/libgcc.a(_si_to_sf.o)
                0x000000000601da60                __floatsisf
 .text          0x000000000601dae4       0x7c /joengine/Compiler/LINUX/bin/../lib/gcc/sh-none-elf/8.2.0/libgcc.a(_sf_to_si.o)
                0x000000000601dae4                __fixsfsi
 .text          0x000000000601db60       0x3c /joengine/Compiler/LINUX/bin/../lib/gcc/sh-none-elf/8.2.0/libgcc.a(_sf_to_df.o)
                0x000000000601db60                __extendsfdf2
 .text          0x000000000601db9c        0x0 /joengine/Compiler/LINUX/bin/../lib/gcc/sh-none-elf/8.2.0/libgcc.a(_thenan_sf.o)
 .text          0x000000000601db9c       0x94 /joengine/Compiler/LINUX/bin/../lib/gcc/sh-none-elf/8.2.0/libgcc.a(_usi_to_sf.o)
                0x000000000601db9c                __floatunsisf
 .text          0x000000000601dc30       0x28 /joengine/Compiler/LINUX/bin/../lib/gcc/sh-none-elf/8.2.0/libgcc.a(_make_df.o)
                0x000000000601dc30                __make_dp
 .text          0x000000000601dc58       0x4c /joengine/Compiler/LINUX/bin/../lib/gcc/sh-none-elf/8.2.0/libgcc.a(_df_to_sf.o)
                0x000000000601dc58                __truncdfsf2
 .text          0x000000000601dca4      0x114 /joengine/Compiler/LINUX/bin/../lib/gcc/sh-none-elf/8.2.0/libgcc.a(_pack_sf.o)
                0x000000000601dca4                __pack_f
 .text          0x000000000601ddb8       0xa0 /joengine/Compiler/LINUX/bin/../lib/gcc/sh-none-elf/8.2.0/libgcc.a(_unpack_sf.o)
                0x000000000601ddb8                __unpack_f
 .text          0x000000000601de58       0xa8 /joengine/Compiler/LINUX/bin/../lib/gcc/sh-none-elf/8.2.0/libgcc.a(_fpcmp_parts_sf.o)
                0x000000000601de58                __fpcmp_parts_f
 .text          0x000000000601df00       0x20 /joengine/Compiler/LINUX/bin/../lib/gcc/sh-none-elf/8.2.0/libgcc.a(_make_sf.o)
                0x000000000601df00                __make_fp
 .text          0x000000000601df20        0x0 /joengine/Compiler/LINUX/bin/../lib/gcc/sh-none-elf/8.2.0/../../../../sh-none-elf/lib/libc.a(lib_a-impure.o)
 .text          0x000000000601df20       0x1e /joengine/Compiler/LINUX/bin/../lib/gcc/sh-none-elf/8.2.0/../../../../sh-none-elf/lib/libc.a(lib_a-memcmp.o)
                0x000000000601df20                memcmp
 *fill*         0x000000000601df3e        0x2 
 .text          0x000000000601df40       0x94 /joengine/Compiler/LINUX/bin/../lib/gcc/sh-none-elf/8.2.0/../../../../sh-none-elf/lib/libc.a(lib_a-memcpy.o)
                0x000000000601df40                memcpy
 .text          0x000000000601dfd4       0x40 /joengine/Compiler/LINUX/bin/../lib/gcc/sh-none-elf/8.2.0/../../../../sh-none-elf/lib/libc.a(lib_a-memset.o)
                0x000000000601dfd4                memset
 .text          0x000000000601e014       0x58 /joengine/Compiler/LINUX/bin/../lib/gcc/sh-none-elf/8.2.0/../../../../sh-none-elf/lib/libc.a(lib_a-rand.o)
                0x000000000601e014                srand
                0x000000000601e028                rand
 .text          0x000000000601e06c       0x60 /joengine/Compiler/LINUX/bin/../lib/gcc/sh-none-elf/8.2.0/../../../../sh-none-elf/lib/libc.a(lib_a-rget.o)
                0x000000000601e06c                __srget_r
                0x000000000601e0b8                __srget
 .text          0x000000000601e0cc       0x8c /joengine/Compiler/LINUX/bin/../lib/gcc/sh-none-elf/8.2.0/../../../../sh-none-elf/lib/libc.a(lib_a-sprintf.o)
                0x000000000601e0cc                _sprintf_r
                0x000000000601e10c                sprintf
 .text          0x000000000601e158       0x22 /joengine/Compiler/LINUX/bin/../lib/gcc/sh-none-elf/8.2.0/../../../../sh-none-elf/lib/libc.a(lib_a-strcat.o)
                0x000000000601e158                strcat
 *fill*         0x000000000601e17a        0x2 
 .text          0x000000000601e17c       0x38 /joengine/Compiler/LINUX/bin/../lib/gcc/sh-none-elf/8.2.0/../../../../sh-none-elf/lib/libc.a(lib_a-strcmp.o)
                0x000000000601e17c                strcmp
 .text          0x000000000601e1b4       0x3c /joengine/Compiler/LINUX/bin/../lib/gcc/sh-none-elf/8.2.0/../../../../sh-none-elf/lib/libc.a(lib_a-strcpy.o)
                0x000000000601e1b4                strcpy
 .text          0x000000000601e1f0       0x20 /joengine/Compiler/LINUX/bin/../lib/gcc/sh-none-elf/8.2.0/../../../../sh-none-elf/lib/libc.a(lib_a-strlen.o)
                0x000000000601e1f0                strlen
 .text          0x000000000601e210       0x2a /joengine/Compiler/LINUX/bin/../lib/gcc/sh-none-elf/8.2.0/../../../../sh-none-elf/lib/libc.a(lib_a-strncmp.o)
                0x000000000601e210                strncmp
 .text          0x000000000601e23a       0x32 /joengine/Compiler/LINUX/bin/../lib/gcc/sh-none-elf/8.2.0/../../../../sh-none-elf/lib/libc.a(lib_a-strncpy.o)
                0x000000000601e23a                strncpy
 .text          0x000000000601e26c       0x36 /joengine/Compiler/LINUX/bin/../lib/gcc/sh-none-elf/8.2.0/../../../../sh-none-elf/lib/libc.a(lib_a-strstr.o)
                0x000000000601e26c                strstr
 *fill*         0x000000000601e2a2        0x2 
 .text          0x000000000601e2a4     0x1378 /joengine/Compiler/LINUX/bin/../lib/gcc/sh-none-elf/8.2.0/../../../../sh-none-elf/lib/libc.a(lib_a-svfprintf.o)
                0x000000000601e2a4                _svfprintf_r
 .text          0x000000000601f61c       0xdc /joengine/Compiler/LINUX/bin/../lib/gcc/sh-none-elf/8.2.0/../../../../sh-none-elf/lib/libc.a(lib_a-wbuf.o)
                0x000000000601f61c                __swbuf_r
                0x000000000601f6e4                __swbuf
 .text          0x000000000601f6f8       0xcc /joengine/Compiler/LINUX/bin/../lib/gcc/sh-none-elf/8.2.0/../../../../sh-none-elf/lib/libc.a(lib_a-wsetup.o)
                0x000000000601f6f8                __swsetup_r
 .text          0x000000000601f7c4      0xef4 /joengine/Compiler/LINUX/bin/../lib/gcc/sh-none-elf/8.2.0/../../../../sh-none-elf/lib/libc.a(lib_a-dtoa.o)
                0x000000000601f8f8                _dtoa_r
 .text          0x00000000060206b8      0x1a8 /joengine/Compiler/LINUX/bin/../lib/gcc/sh-none-elf/8.2.0/../../../../sh-none-elf/lib/libc.a(lib_a-fflush.o)
                0x00000000060206b8                __sflush_r
                0x00000000060207f8                _fflush_r
                0x0000000006020838                fflush
 .text          0x0000000006020860      0x218 /joengine/Compiler/LINUX/bin/../lib/gcc/sh-none-elf/8.2.0/../../../../sh-none-elf/lib/libc.a(lib_a-findfp.o)
                0x00000000060208bc                _cleanup_r
                0x00000000060208d0                __sfmoreglue
                0x000000000602091c                _cleanup
                0x0000000006020930                __sinit
                0x0000000006020984                __sfp
                0x0000000006020a38                __sfp_lock_acquire
                0x0000000006020a3c                __sfp_lock_release
                0x0000000006020a40                __sinit_lock_acquire
                0x0000000006020a44                __sinit_lock_release
                0x0000000006020a48                __fp_lock_all
                0x0000000006020a60                __fp_unlock_all
 .text          0x0000000006020a78       0xb4 /joengine/Compiler/LINUX/bin/../lib/gcc/sh-none-elf/8.2.0/../../../../sh-none-elf/lib/libc.a(lib_a-fwalk.o)
                0x0000000006020a78                _fwalk
                0x0000000006020ace                _fwalk_reent
 .text          0x0000000006020b2c       0x40 /joengine/Compiler/LINUX/bin/../lib/gcc/sh-none-elf/8.2.0/../../../../sh-none-elf/lib/libc.a(lib_a-localeconv.o)
                0x0000000006020b2c                __localeconv_l
                0x0000000006020b34                _localeconv_r
                0x0000000006020b50                localeconv
 .text          0x0000000006020b6c       0xa8 /joengine/Compiler/LINUX/bin/../lib/gcc/sh-none-elf/8.2.0/../../../../sh-none-elf/lib/libc.a(lib_a-locale.o)
                0x0000000006020b6c                _setlocale_r
                0x0000000006020bb8                __locale_mb_cur_max
                0x0000000006020bd8                __locale_ctype_ptr_l
                0x0000000006020be2                __locale_ctype_ptr
                0x0000000006020c00                setlocale
 .text          0x0000000006020c14      0x110 /joengine/Compiler/LINUX/bin/../lib/gcc/sh-none-elf/8.2.0/../../../../sh-none-elf/lib/libc.a(lib_a-makebuf.o)
                0x0000000006020c14                __swhatbuf_r
                0x0000000006020c78                __smakebuf_r
 .text          0x0000000006020d24       0x4c /joengine/Compiler/LINUX/bin/../lib/gcc/sh-none-elf/8.2.0/../../../../sh-none-elf/lib/libc.a(lib_a-mbtowc_r.o)
                0x0000000006020d24                _mbtowc_r
                0x0000000006020d48                __ascii_mbtowc
 .text          0x0000000006020d70       0x1c /joengine/Compiler/LINUX/bin/../lib/gcc/sh-none-elf/8.2.0/../../../../sh-none-elf/lib/libc.a(lib_a-memchr.o)
                0x0000000006020d70                memchr
 .text          0x0000000006020d8c      0xa9c /joengine/Compiler/LINUX/bin/../lib/gcc/sh-none-elf/8.2.0/../../../../sh-none-elf/lib/libc.a(lib_a-mprec.o)
                0x0000000006020d8c                _Balloc
                0x0000000006020e00                _Bfree
                0x0000000006020e18                __multadd
                0x0000000006020ec0                __s2b
                0x0000000006020f80                __hi0bits
                0x0000000006020fd4                __lo0bits
                0x0000000006021038                __i2b
                0x0000000006021054                __multiply
                0x0000000006021198                __pow5mult
                0x0000000006021254                __lshift
                0x0000000006021348                __mcmp
                0x0000000006021380                __mdiff
                0x000000000602145c                __ulp
                0x00000000060214c8                __b2d
                0x00000000060215b0                __d2b
                0x000000000602169c                __ratio
                0x0000000006021720                _mprec_log10
                0x0000000006021778                __copybits
                0x00000000060217bc                __any_on
 .text          0x0000000006021828      0x14c /joengine/Compiler/LINUX/bin/../lib/gcc/sh-none-elf/8.2.0/../../../../sh-none-elf/lib/libc.a(lib_a-refill.o)
                0x0000000006021840                __srefill_r
 .text          0x0000000006021974       0xe0 /joengine/Compiler/LINUX/bin/../lib/gcc/sh-none-elf/8.2.0/../../../../sh-none-elf/lib/libc.a(lib_a-stdio.o)
                0x0000000006021974                __sread
                0x00000000060219b0                __seofread
                0x00000000060219b4                __swrite
                0x0000000006021a04                __sseek
                0x0000000006021a44                __sclose
 .text          0x0000000006021a54      0xa60 /joengine/Compiler/LINUX/bin/../lib/gcc/sh-none-elf/8.2.0/../../../../sh-none-elf/lib/libc.a(lib_a-svfiprintf.o)
                0x0000000006021a54                __ssprint_r
                0x0000000006021b88                _svfiprintf_r
 .text          0x00000000060224b4       0x40 /joengine/Compiler/LINUX/bin/../lib/gcc/sh-none-elf/8.2.0/../../../../sh-none-elf/lib/libc.a(lib_a-wctomb_r.o)
                0x00000000060224b4                _wctomb_r
                0x00000000060224d4                __ascii_wctomb
 .text          0x00000000060224f4       0x34 /joengine/Compiler/LINUX/bin/../lib/gcc/sh-none-elf/8.2.0/../../../../sh-none-elf/lib/libc.a(lib_a-writer.o)
                0x00000000060224f4                _write_r
 .text          0x0000000006022528       0x30 /joengine/Compiler/LINUX/bin/../lib/gcc/sh-none-elf/8.2.0/../../../../sh-none-elf/lib/libc.a(lib_a-closer.o)
                0x0000000006022528                _close_r
 .text          0x0000000006022558        0x0 /joengine/Compiler/LINUX/bin/../lib/gcc/sh-none-elf/8.2.0/../../../../sh-none-elf/lib/libc.a(lib_a-ctype_.o)
 .text          0x0000000006022558       0xc8 /joengine/Compiler/LINUX/bin/../lib/gcc/sh-none-elf/8.2.0/../../../../sh-none-elf/lib/libc.a(lib_a-fclose.o)
                0x0000000006022558                _fclose_r
                0x000000000602260c                fclose
 .text          0x0000000006022620       0x34 /joengine/Compiler/LINUX/bin/../lib/gcc/sh-none-elf/8.2.0/../../../../sh-none-elf/lib/libc.a(lib_a-fstatr.o)
                0x0000000006022620                _fstat_r
 .text          0x0000000006022654       0x30 /joengine/Compiler/LINUX/bin/../lib/gcc/sh-none-elf/8.2.0/../../../../sh-none-elf/lib/libc.a(lib_a-isattyr.o)
                0x0000000006022654                _isatty_r
 .text          0x0000000006022684       0x34 /joengine/Compiler/LINUX/bin/../lib/gcc/sh-none-elf/8.2.0/../../../../sh-none-elf/lib/libc.a(lib_a-lseekr.o)
                0x0000000006022684                _lseek_r
 .text          0x00000000060226b8       0x3c /joengine/Compiler/LINUX/bin/../lib/gcc/sh-none-elf/8.2.0/../../../../sh-none-elf/lib/libc.a(lib_a-memmove.o)
                0x00000000060226b8                memmove
 .text          0x00000000060226f4       0x34 /joengine/Compiler/LINUX/bin/../lib/gcc/sh-none-elf/8.2.0/../../../../sh-none-elf/lib/libc.a(lib_a-readr.o)
                0x00000000060226f4                _read_r
 .text          0x0000000006022728      0x100 /joengine/Compiler/LINUX/bin/../lib/gcc/sh-none-elf/8.2.0/../../../../sh-none-elf/lib/libc.a(lib_a-reent.o)
                0x0000000006022728                cleanup_glue
                0x0000000006022754                _reclaim_reent
 .text          0x0000000006022828       0x80 /joengine/Compiler/LINUX/bin/../lib/gcc/sh-none-elf/8.2.0/libgcc.a(_ashiftrt_n.o)
                0x0000000006022828                __ashrsi3
 .text          0x00000000060228a8       0xbc /joengine/Compiler/LINUX/bin/../lib/gcc/sh-none-elf/8.2.0/libgcc.a(_ashiftlt.o)
                0x00000000060228a8                __ashlsi3
                0x00000000060228ac                __ashlsi3_r0
 .text          0x0000000006022964       0xbc /joengine/Compiler/LINUX/bin/../lib/gcc/sh-none-elf/8.2.0/libgcc.a(_lshiftrt.o)
                0x0000000006022964                __lshrsi3
                0x0000000006022968                __lshrsi3_r0
 .text          0x0000000006022a20      0x258 /joengine/Compiler/LINUX/bin/../lib/gcc/sh-none-elf/8.2.0/libgcc.a(_udivdi3.o)
                0x0000000006022a20                __udivdi3
 .text          0x0000000006022c78      0x2bc /joengine/Compiler/LINUX/bin/../lib/gcc/sh-none-elf/8.2.0/libgcc.a(_umoddi3.o)
                0x0000000006022c78                __umoddi3
 .text          0x0000000006022f34      0x3b4 /joengine/Compiler/LINUX/bin/../lib/gcc/sh-none-elf/8.2.0/libgcc.a(_addsub_df.o)
                0x0000000006023244                __adddf3
                0x0000000006023294                __subdf3
 .text          0x00000000060232e8      0x208 /joengine/Compiler/LINUX/bin/../lib/gcc/sh-none-elf/8.2.0/libgcc.a(_mul_df.o)
                0x00000000060232e8                __muldf3
 .text          0x00000000060234f0      0x130 /joengine/Compiler/LINUX/bin/../lib/gcc/sh-none-elf/8.2.0/libgcc.a(_div_df.o)
                0x00000000060234f0                __divdf3
 .text          0x0000000006023620       0x58 /joengine/Compiler/LINUX/bin/../lib/gcc/sh-none-elf/8.2.0/libgcc.a(_eq_df.o)
                0x0000000006023620                __eqdf2
 .text          0x0000000006023678       0x58 /joengine/Compiler/LINUX/bin/../lib/gcc/sh-none-elf/8.2.0/libgcc.a(_ne_df.o)
                0x0000000006023678                __nedf2
 .text          0x00000000060236d0       0x50 /joengine/Compiler/LINUX/bin/../lib/gcc/sh-none-elf/8.2.0/libgcc.a(_gt_df.o)
                0x00000000060236d0                __gtdf2
 .text          0x0000000006023720       0x50 /joengine/Compiler/LINUX/bin/../lib/gcc/sh-none-elf/8.2.0/libgcc.a(_ge_df.o)
                0x0000000006023720                __gedf2
 .text          0x0000000006023770       0x58 /joengine/Compiler/LINUX/bin/../lib/gcc/sh-none-elf/8.2.0/libgcc.a(_lt_df.o)
                0x0000000006023770                __ltdf2
 .text          0x00000000060237c8       0x58 /joengine/Compiler/LINUX/bin/../lib/gcc/sh-none-elf/8.2.0/libgcc.a(_le_df.o)
                0x00000000060237c8                __ledf2
 .text          0x0000000006023820       0x40 /joengine/Compiler/LINUX/bin/../lib/gcc/sh-none-elf/8.2.0/libgcc.a(_unord_df.o)
                0x0000000006023820                __unorddf2
 .text          0x0000000006023860       0xa8 /joengine/Compiler/LINUX/bin/../lib/gcc/sh-none-elf/8.2.0/libgcc.a(_si_to_df.o)
                0x0000000006023860                __floatsidf
 .text          0x0000000006023908       0xa4 /joengine/Compiler/LINUX/bin/../lib/gcc/sh-none-elf/8.2.0/libgcc.a(_df_to_si.o)
                0x0000000006023908                __fixdfsi
 .text          0x00000000060239ac        0x0 /joengine/Compiler/LINUX/bin/../lib/gcc/sh-none-elf/8.2.0/libgcc.a(_thenan_df.o)
 .text          0x00000000060239ac       0x88 /joengine/Compiler/LINUX/bin/../lib/gcc/sh-none-elf/8.2.0/libgcc.a(_usi_to_df.o)
                0x00000000060239ac                __floatunsidf
 *fill*         0x0000000006023a34        0x4 
 .text          0x0000000006023a38       0x60 /joengine/Compiler/LINUX/bin/../lib/gcc/sh-none-elf/8.2.0/libgcc.a(_udiv_qrnnd_16.o)
                0x0000000006023a38                __udiv_qrnnd_16
 .text          0x0000000006023a98        0x0 /joengine/Compiler/LINUX/bin/../lib/gcc/sh-none-elf/8.2.0/libgcc.a(_clz.o)
 .text          0x0000000006023a98       0x58 /joengine/Compiler/LINUX/bin/../lib/gcc/sh-none-elf/8.2.0/libgcc.a(_clzsi2.o)
                0x0000000006023a98                __clzsi2
 .text          0x0000000006023af0      0x25c /joengine/Compiler/LINUX/bin/../lib/gcc/sh-none-elf/8.2.0/libgcc.a(_pack_df.o)
                0x0000000006023af0                __pack_d
 .text          0x0000000006023d4c       0xcc /joengine/Compiler/LINUX/bin/../lib/gcc/sh-none-elf/8.2.0/libgcc.a(_unpack_df.o)
                0x0000000006023d4c                __unpack_d
 .text          0x0000000006023e18       0xc8 /joengine/Compiler/LINUX/bin/../lib/gcc/sh-none-elf/8.2.0/libgcc.a(_fpcmp_parts_df.o)
                0x0000000006023e18                __fpcmp_parts_d
 *(.strings)
 *(SEGA_P)
 *(.eh_frame_hdr)
 *(.eh_frame)
 .eh_frame      0x0000000006023ee0       0xa8 /joengine/Compiler/LINUX/bin/../lib/gcc/sh-none-elf/8.2.0/libgcc.a(_udivdi3.o)
 .eh_frame      0x0000000006023f88       0xdc /joengine/Compiler/LINUX/bin/../lib/gcc/sh-none-elf/8.2.0/libgcc.a(_umoddi3.o)
                0x0000000006024064                __etext = .

.text.startup   0x0000000006024070      0xb80
 .text.startup  0x0000000006024070      0xb7c /tmp/ccZsHaWX.ltrans0.ltrans.o
                0x0000000006024070                main

SLPROG          0x0000000006024c00    0x158a0
                0x0000000006024c00                __slprog_start = .
 *(SLPROG)
 SLPROG         0x0000000006024c00     0x6540 /joengine/Compiler/COMMON/SGL_302j/LIB_ELF/SGLAREA.O
                0x0000000006024c00                MasterStack
                0x0000000006024c04                SlaveStack
                0x0000000006024c08                MaxVertices
                0x0000000006024c0a                MaxPolygons
                0x0000000006024c0c                SortList
                0x0000000006024c10                SortListSize
                0x0000000006024c14                TransList
                0x0000000006024c18                Zbuffer
                0x0000000006024c1c                SpriteBuf
                0x0000000006024c20                SpriteBufSize
                0x0000000006024c24                Pbuffer
                0x0000000006024c28                CommandBuf
                0x0000000006024c2c                CLOfstBuf
                0x0000000006024c30                PCM_Work
                0x0000000006024c34                PCM_WkSize
                0x0000000006024c38                MaxEvents
                0x0000000006024c3a                EventSize
                0x0000000006024c3c                MaxWorks
                0x0000000006024c3e                WorkSize
                0x0000000006024c40                RemainEvent
                0x0000000006024d40                RemainWork
                0x0000000006025140                EventBuf
                0x0000000006027140                WorkBuf
 SLPROG         0x000000000602b140     0x411e /joengine/Compiler/COMMON/SGL_302j/LIB_ELF/LIBSGL.A(sglA01.o)
                0x000000000602b140                slSin
                0x000000000602b164                slCos
                0x000000000602b188                GetSinCos
                0x000000000602b21c                sin_cos_index_tbl
                0x000000000602b25c                sin_tbl
 *fill*         0x000000000602f25e        0x2 
 SLPROG         0x000000000602f260       0x18 /joengine/Compiler/COMMON/SGL_302j/LIB_ELF/LIBSGL.A(sglA15.o)
                0x000000000602f260                slSlaveFunc
 *fill*         0x000000000602f278        0x8 
 SLPROG         0x000000000602f280       0xd0 /joengine/Compiler/COMMON/SGL_302j/LIB_ELF/LIBSGL.A(sglA16.o)
                0x000000000602f280                slLookAt
 SLPROG         0x000000000602f350       0x78 /joengine/Compiler/COMMON/SGL_302j/LIB_ELF/LIBSGL.A(sglA17.o)
                0x000000000602f350                slRotZ
                0x000000000602f35a                slRotZSC
 *fill*         0x000000000602f3c8        0x8 
 SLPROG         0x000000000602f3d0       0x78 /joengine/Compiler/COMMON/SGL_302j/LIB_ELF/LIBSGL.A(sglA18.o)
                0x000000000602f3d0                slRotY
                0x000000000602f3da                slRotYSC
 *fill*         0x000000000602f448        0x8 
 SLPROG         0x000000000602f450       0x78 /joengine/Compiler/COMMON/SGL_302j/LIB_ELF/LIBSGL.A(sglA19.o)
                0x000000000602f450                slRotX
                0x000000000602f45a                slRotXSC
 *fill*         0x000000000602f4c8        0x8 
 SLPROG         0x000000000602f4d0      0x42c /joengine/Compiler/COMMON/SGL_302j/LIB_ELF/LIBSGL.A(sglA20.o)
                0x000000000602f4d0                slInitMatrix
                0x000000000602f4da                slPushUnitMatrix
                0x000000000602f4ee                slUnitMatrix
 *fill*         0x000000000602f8fc        0x4 
 SLPROG         0x000000000602f900       0x48 /joengine/Compiler/COMMON/SGL_302j/LIB_ELF/LIBSGL.A(sglA21.o)
                0x000000000602f900                slPushMatrix
                0x000000000602f934                slPopMatrix
                0x000000000602f934                slDecMatrixPtr
 *fill*         0x000000000602f948        0x8 
 SLPROG         0x000000000602f950       0x50 /joengine/Compiler/COMMON/SGL_302j/LIB_ELF/LIBSGL.A(sglA27.o)
                0x000000000602f950                slTranslate
 SLPROG         0x000000000602f9a0       0x70 /joengine/Compiler/COMMON/SGL_302j/LIB_ELF/LIBSGL.A(sglA28.o)
                0x000000000602f9a0                slScale
 SLPROG         0x000000000602fa10       0x22 /joengine/Compiler/COMMON/SGL_302j/LIB_ELF/LIBSGL.A(sglA40.o)
                0x000000000602fa10                slCalcVector
 *fill*         0x000000000602fa32        0xe 
 SLPROG         0x000000000602fa40       0x20 /joengine/Compiler/COMMON/SGL_302j/LIB_ELF/LIBSGL.A(sglB001.o)
                0x000000000602fa40                slTVOn
                0x000000000602fa4a                slTVOff
 SLPROG         0x000000000602fa60       0x24 /joengine/Compiler/COMMON/SGL_302j/LIB_ELF/LIBSGL.A(sglB011.o)
                0x000000000602fa60                slBitMapNbg1
 *fill*         0x000000000602fa84        0xc 
 SLPROG         0x000000000602fa90        0x8 /joengine/Compiler/COMMON/SGL_302j/LIB_ELF/LIBSGL.A(sglB014.o)
                0x000000000602fa90                slScrTransparent
 *fill*         0x000000000602fa98        0x8 
 SLPROG         0x000000000602faa0      0x40c /joengine/Compiler/COMMON/SGL_302j/LIB_ELF/LIBSGL.A(sglB015.o)
                0x000000000602faa0                slScrAutoDisp
 *fill*         0x000000000602feac        0x4 
 SLPROG         0x000000000602feb0        0xc /joengine/Compiler/COMMON/SGL_302j/LIB_ELF/LIBSGL.A(sglB016.o)
                0x000000000602feb0                slBack1ColSet
 *fill*         0x000000000602febc        0x4 
 SLPROG         0x000000000602fec0       0x10 /joengine/Compiler/COMMON/SGL_302j/LIB_ELF/LIBSGL.A(sglB020.o)
                0x000000000602fec0                slColorCalc
 SLPROG         0x000000000602fed0        0xc /joengine/Compiler/COMMON/SGL_302j/LIB_ELF/LIBSGL.A(sglB021.o)
                0x000000000602fed0                slColorCalcOn
 *fill*         0x000000000602fedc        0x4 
 SLPROG         0x000000000602fee0        0xc /joengine/Compiler/COMMON/SGL_302j/LIB_ELF/LIBSGL.A(sglB023.o)
                0x000000000602fee0                slColRate
 *fill*         0x000000000602feec        0x4 
 SLPROG         0x000000000602fef0       0xb0 /joengine/Compiler/COMMON/SGL_302j/LIB_ELF/LIBSGL.A(sglB031.o)
                0x000000000602fef0                slMapNbg0
 SLPROG         0x000000000602ffa0       0xb4 /joengine/Compiler/COMMON/SGL_302j/LIB_ELF/LIBSGL.A(sglB032.o)
                0x000000000602ffa0                slMapNbg1
 *fill*         0x0000000006030054        0xc 
 SLPROG         0x0000000006030060       0xb0 /joengine/Compiler/COMMON/SGL_302j/LIB_ELF/LIBSGL.A(sglB033.o)
                0x0000000006030060                slMapNbg2
 SLPROG         0x0000000006030110       0xb4 /joengine/Compiler/COMMON/SGL_302j/LIB_ELF/LIBSGL.A(sglB034.o)
                0x0000000006030110                slMapNbg3
 *fill*         0x00000000060301c4        0xc 
 SLPROG         0x00000000060301d0       0xd4 /joengine/Compiler/COMMON/SGL_302j/LIB_ELF/LIBSGL.A(sglB035.o)
                0x00000000060301d0                sl1MapRA
                0x0000000006030262                rbank_set
 *fill*         0x00000000060302a4        0xc 
 SLPROG         0x00000000060302b0       0xa0 /joengine/Compiler/COMMON/SGL_302j/LIB_ELF/LIBSGL.A(sglB036.o)
                0x00000000060302b0                sl1MapRB
 SLPROG         0x0000000006030350       0x70 /joengine/Compiler/COMMON/SGL_302j/LIB_ELF/LIBSGL.A(sglB038.o)
                0x0000000006030350                slRparaInitSet
 SLPROG         0x00000000060303c0       0x7e /joengine/Compiler/COMMON/SGL_302j/LIB_ELF/LIBSGL.A(sglB039.o)
                0x00000000060303c0                slMakeKtable
 *fill*         0x000000000603043e        0x2 
 SLPROG         0x0000000006030440       0x58 /joengine/Compiler/COMMON/SGL_302j/LIB_ELF/LIBSGL.A(sglB040.o)
                0x0000000006030440                slKtableRA
 *fill*         0x0000000006030498        0x8 
 SLPROG         0x00000000060304a0       0x5c /joengine/Compiler/COMMON/SGL_302j/LIB_ELF/LIBSGL.A(sglB041.o)
                0x00000000060304a0                slKtableRB
 *fill*         0x00000000060304fc        0x4 
 SLPROG         0x0000000006030500       0x10 /joengine/Compiler/COMMON/SGL_302j/LIB_ELF/LIBSGL.A(sglB042.o)
                0x0000000006030500                slCurRpara
 SLPROG         0x0000000006030510        0x8 /joengine/Compiler/COMMON/SGL_302j/LIB_ELF/LIBSGL.A(sglB043.o)
                0x0000000006030510                slRparaMode
 *fill*         0x0000000006030518        0x8 
 SLPROG         0x0000000006030520      0x4e4 /joengine/Compiler/COMMON/SGL_302j/LIB_ELF/LIBSGL.A(sglB044.o)
                0x0000000006030520                slScrMatSet
 *fill*         0x0000000006030a04        0xc 
 SLPROG         0x0000000006030a10       0x28 /joengine/Compiler/COMMON/SGL_302j/LIB_ELF/LIBSGL.A(sglB045.o)
                0x0000000006030a10                slScrMatConv
 *fill*         0x0000000006030a38        0x8 
 SLPROG         0x0000000006030a40        0xc /joengine/Compiler/COMMON/SGL_302j/LIB_ELF/LIBSGL.A(sglB047.o)
                0x0000000006030a40                slOverRA
 *fill*         0x0000000006030a4c        0x4 
 SLPROG         0x0000000006030a50       0x10 /joengine/Compiler/COMMON/SGL_302j/LIB_ELF/LIBSGL.A(sglB048.o)
                0x0000000006030a50                slOverRB
 SLPROG         0x0000000006030a60        0xc /joengine/Compiler/COMMON/SGL_302j/LIB_ELF/LIBSGL.A(sglB055.o)
                0x0000000006030a60                slPlaneNbg0
 *fill*         0x0000000006030a6c        0x4 
 SLPROG         0x0000000006030a70        0xc /joengine/Compiler/COMMON/SGL_302j/LIB_ELF/LIBSGL.A(sglB056.o)
                0x0000000006030a70                slPlaneNbg1
 *fill*         0x0000000006030a7c        0x4 
 SLPROG         0x0000000006030a80       0x10 /joengine/Compiler/COMMON/SGL_302j/LIB_ELF/LIBSGL.A(sglB057.o)
                0x0000000006030a80                slPlaneNbg2
 SLPROG         0x0000000006030a90       0x10 /joengine/Compiler/COMMON/SGL_302j/LIB_ELF/LIBSGL.A(sglB058.o)
                0x0000000006030a90                slPlaneNbg3
 SLPROG         0x0000000006030aa0        0xc /joengine/Compiler/COMMON/SGL_302j/LIB_ELF/LIBSGL.A(sglB059.o)
                0x0000000006030aa0                slPlaneRA
 *fill*         0x0000000006030aac        0x4 
 SLPROG         0x0000000006030ab0       0x10 /joengine/Compiler/COMMON/SGL_302j/LIB_ELF/LIBSGL.A(sglB060.o)
                0x0000000006030ab0                slPlaneRB
 SLPROG         0x0000000006030ac0        0xc /joengine/Compiler/COMMON/SGL_302j/LIB_ELF/LIBSGL.A(sglB063.o)
                0x0000000006030ac0                slPriority
 *fill*         0x0000000006030acc        0x4 
 SLPROG         0x0000000006030ad0       0x18 /joengine/Compiler/COMMON/SGL_302j/LIB_ELF/LIBSGL.A(sglB087.o)
                0x0000000006030ad0                slLineScrollTable0
 *fill*         0x0000000006030ae8        0x8 
 SLPROG         0x0000000006030af0        0x8 /joengine/Compiler/COMMON/SGL_302j/LIB_ELF/LIBSGL.A(sglB088.o)
                0x0000000006030af0                slLineScrollTable1
 *fill*         0x0000000006030af8        0x8 
 SLPROG         0x0000000006030b00        0xc /joengine/Compiler/COMMON/SGL_302j/LIB_ELF/LIBSGL.A(sglB090.o)
                0x0000000006030b00                slLineScrollMode
 *fill*         0x0000000006030b0c        0x4 
 SLPROG         0x0000000006030b10      0x114 /joengine/Compiler/COMMON/SGL_302j/LIB_ELF/LIBSGL.A(sglB200.o)
                0x0000000006030b10                slCharRbg0
                0x0000000006030b1c                slCharNbg0
                0x0000000006030b28                slCharNbg1
                0x0000000006030b34                slCharNbg2
                0x0000000006030b4a                slCharNbg3
                0x0000000006030b62                slPageRbg0
                0x0000000006030b78                slPageNbg1
                0x0000000006030b80                slPageNbg2
                0x0000000006030b88                slPageNbg3
                0x0000000006030b94                slPageNbg0
 *fill*         0x0000000006030c24        0xc 
 SLPROG         0x0000000006030c30       0x6c /joengine/Compiler/COMMON/SGL_302j/LIB_ELF/LIBSGL.A(sglC01.o)
                0x0000000006030c30                slPerspective
 *fill*         0x0000000006030c9c        0x4 
 SLPROG         0x0000000006030ca0       0xc4 /joengine/Compiler/COMMON/SGL_302j/LIB_ELF/LIBSGL.A(sglC03.o)
                0x0000000006030ca0                slWindow
 *fill*         0x0000000006030d64        0xc 
 SLPROG         0x0000000006030d70       0x2c /joengine/Compiler/COMMON/SGL_302j/LIB_ELF/LIBSGL.A(sglC04.o)
                0x0000000006030d70                slZdspLevel
 *fill*         0x0000000006030d9c        0x4 
 SLPROG         0x0000000006030da0       0x78 /joengine/Compiler/COMMON/SGL_302j/LIB_ELF/LIBSGL.A(sglC05.o)
                0x0000000006030da0                slSetSprite
 *fill*         0x0000000006030e18        0x8 
 SLPROG         0x0000000006030e20       0xfa /joengine/Compiler/COMMON/SGL_302j/LIB_ELF/LIBSGL.A(sglC06.o)
                0x0000000006030e20                slDispSprite
 *fill*         0x0000000006030f1a        0x6 
 SLPROG         0x0000000006030f20      0x162 /joengine/Compiler/COMMON/SGL_302j/LIB_ELF/LIBSGL.A(sglC07.o)
                0x0000000006030f26                slPutSprite
 *fill*         0x0000000006031082        0xe 
 SLPROG         0x0000000006031090     0x1218 /joengine/Compiler/COMMON/SGL_302j/LIB_ELF/LIBSGL.A(sglC08.o)
                0x0000000006031090                slPutPolygon
                0x0000000006031d0c                MsCalcDepthFlat
 *fill*         0x00000000060322a8        0x8 
 SLPROG         0x00000000060322b0       0x8c /joengine/Compiler/COMMON/SGL_302j/LIB_ELF/LIBSGL.A(sglC14.o)
                0x00000000060322b0                slCurWindow
 *fill*         0x000000000603233c        0x4 
 SLPROG         0x0000000006032340       0x54 /joengine/Compiler/COMMON/SGL_302j/LIB_ELF/LIBSGL.A(sglC16.o)
                0x0000000006032340                slDynamicFrame
 *fill*         0x0000000006032394        0xc 
 SLPROG         0x00000000060323a0       0x4c /joengine/Compiler/COMMON/SGL_302j/LIB_ELF/LIBSGL.A(sglC17.o)
                0x00000000060323a0                slDispSpriteHV
 *fill*         0x00000000060323ec        0x4 
 SLPROG         0x00000000060323f0       0xd4 /joengine/Compiler/COMMON/SGL_302j/LIB_ELF/LIBSGL.A(sglC19.o)
                0x00000000060323f0                slDispSprite4P
 *fill*         0x00000000060324c4        0xc 
 SLPROG         0x00000000060324d0       0x40 /joengine/Compiler/COMMON/SGL_302j/LIB_ELF/LIBSGL.A(sglC20.o)
                0x00000000060324d0                SpriteEntry
 SLPROG         0x0000000006032510      0x4ae /joengine/Compiler/COMMON/SGL_302j/LIB_ELF/LIBSGL.A(sglC21.o)
                0x0000000006032598                RotSprite
                0x0000000006032626                SetSprPosition
 *fill*         0x00000000060329be        0x2 
 SLPROG         0x00000000060329c0       0x84 /joengine/Compiler/COMMON/SGL_302j/LIB_ELF/LIBSGL.A(sglD00.o)
                0x00000000060329c0                slDMACopy
                0x00000000060329c0                slCpuDMACopy
                0x0000000006032a1a                slCashPurge
                0x0000000006032a1a                CSH_AllClr
 *fill*         0x0000000006032a44        0xc 
 SLPROG         0x0000000006032a50       0xa0 /joengine/Compiler/COMMON/SGL_302j/LIB_ELF/LIBSGL.A(sglD01.o)
                0x0000000006032a50                slDMAXCopy
 SLPROG         0x0000000006032af0       0x10 /joengine/Compiler/COMMON/SGL_302j/LIB_ELF/LIBSGL.A(sglD02.o)
                0x0000000006032af0                slDMAWait
 SLPROG         0x0000000006032b00        0xc /joengine/Compiler/COMMON/SGL_302j/LIB_ELF/LIBSGL.A(sglD03.o)
                0x0000000006032b00                slDMAStatus
 *fill*         0x0000000006032b0c        0x4 
 SLPROG         0x0000000006032b10       0x20 /joengine/Compiler/COMMON/SGL_302j/LIB_ELF/LIBSGL.A(sglD15.o)
                0x0000000006032b10                CSH_Purge
 SLPROG         0x0000000006032b30       0x84 /joengine/Compiler/COMMON/SGL_302j/LIB_ELF/LIBSGL.A(sglD16.o)
                0x0000000006032b30                DMA_ScuSetPrm
                0x0000000006032b78                DMA_SCU_PRM0
 *fill*         0x0000000006032bb4        0xc 
 SLPROG         0x0000000006032bc0       0x88 /joengine/Compiler/COMMON/SGL_302j/LIB_ELF/LIBSGL.A(sglD17.o)
                0x0000000006032bc0                DMA_ScuStart
 *fill*         0x0000000006032c48        0x8 
 SLPROG         0x0000000006032c50       0x34 /joengine/Compiler/COMMON/SGL_302j/LIB_ELF/LIBSGL.A(sglD18.o)
                0x0000000006032c50                DMA_ScuGetStatus
 *fill*         0x0000000006032c84        0xc 
 SLPROG         0x0000000006032c90       0x34 /joengine/Compiler/COMMON/SGL_302j/LIB_ELF/LIBSGL.A(sglF08.o)
                0x0000000006032c90                slDec2Hex
 *fill*         0x0000000006032cc4        0xc 
 SLPROG         0x0000000006032cd0      0xfc8 /joengine/Compiler/COMMON/SGL_302j/LIB_ELF/LIBSGL.A(sglH00.o)
                0x0000000006032ce8                slGetPortDir1
                0x0000000006032cf0                slGetPortDir2
                0x0000000006032cf8                slSetPortDir1
                0x0000000006032d22                slSetPortDir2
                0x0000000006032d5c                slGetPortData1
                0x0000000006032d64                slGetPortData2
                0x0000000006032d6c                slSetPortData1
                0x0000000006032d76                slSetPortData2
                0x0000000006032d88                slGetPortSelect1
                0x0000000006032d92                slGetPortSelect2
                0x0000000006032d9c                slSetPortSelect1
                0x0000000006032dd0                slSetPortSelect2
                0x0000000006032e0c                slGetPortExt1
                0x0000000006032e16                slGetPortExt2
                0x0000000006032e20                slSetPortExt1
                0x0000000006032e50                slSetPortExt2
                0x0000000006032fc4                slSmpcDirectAccess
                0x0000000006033044                slInitPeripheral
                0x00000000060330d6                slSetResultBuffer
                0x0000000006033162                slCheckIntBackSet
                0x000000000603316e                slIntBackCancel
                0x0000000006033198                slCheckReset
                0x00000000060331a2                slClearReset
                0x0000000006033368                slSmpcCashSend
                0x0000000006033424                slSmpcCashBlow
                0x0000000006033500                slGetOptimize
                0x000000000603350a                slSetOptimize
                0x0000000006033530                slGetPortMode1
                0x000000000603353c                slGetPortMode2
                0x000000000603354a                slSetPortMode1
                0x0000000006033588                slSetPortMode2
                0x0000000006033714                slRequestCommand
                0x0000000006033784                Smpc_Status
                0x0000000006033788                Smpc_Result
                0x000000000603378c                Smpc_Peripheral
                0x0000000006033792                Per_Connect1
                0x0000000006033793                Per_Connect2
                0x00000000060337b4                SmpcStatusBuf
 *fill*         0x0000000006033c98        0x8 
 SLPROG         0x0000000006033ca0       0xa8 /joengine/Compiler/COMMON/SGL_302j/LIB_ELF/LIBSGL.A(sglH01.o)
                0x0000000006033ca0                slGetLanguage
                0x0000000006033caa                slSetLanguage
                0x0000000006033ccc                slGetSoundEffect
                0x0000000006033cd8                slSetSoundEffect
                0x0000000006033cf4                slGetSoundOutput
                0x0000000006033d00                slSetSoundOutput
                0x0000000006033d1c                slGetHelpWindow
                0x0000000006033d28                slSetHelpWindow
 *fill*         0x0000000006033d48        0x8 
 SLPROG         0x0000000006033d50      0x470 /joengine/Compiler/COMMON/SGL_302j/LIB_ELF/LIBSGL.A(sglH02.o)
                0x0000000006034140                smpc_pfr_tbl
                0x0000000006034180                smpc_ptf_tbl
 SLPROG         0x00000000060341c0       0x60 /joengine/Compiler/COMMON/SGL_302j/LIB_ELF/LIBSGL.A(sglH04.o)
                0x00000000060341c0                slComPrmIntBack
                0x00000000060341d4                slComPrmSetMemory
                0x00000000060341ea                slComPrmSetTime
 SLPROG         0x0000000006034220      0x3a4 /joengine/Compiler/COMMON/SGL_302j/LIB_ELF/LIBSGL.A(sglI01.o)
                0x0000000006034220                slInitSynch
                0x000000000603423a                slSynch
                0x0000000006034330                slRandom
                0x000000000603434e                PCM_EndCheck
                0x000000000603440a                RetPCMBuf
                0x00000000060344a4                PCM_Buf
                0x0000000006034544                Sound_Buf
 *fill*         0x00000000060345c4        0xc 
 SLPROG         0x00000000060345d0       0x10 /joengine/Compiler/COMMON/SGL_302j/LIB_ELF/LIBSGL.A(sglI04.o)
                0x00000000060345d0                slIntFunction
 SLPROG         0x00000000060345e0       0x74 /joengine/Compiler/COMMON/SGL_302j/LIB_ELF/LIBSGL.A(sglJ00.o)
                0x00000000060345e0                InitSlaveSH
                0x0000000006034648                SlaveCommand
 *fill*         0x0000000006034654        0xc 
 SLPROG         0x0000000006034660      0x3d0 /joengine/Compiler/COMMON/SGL_302j/LIB_ELF/LIBSGL.A(sglJ01.o)
                0x0000000006034660                SlaveControl
                0x0000000006034a1c                ErasePolygonData
 SLPROG         0x0000000006034a30     0x12b8 /joengine/Compiler/COMMON/SGL_302j/LIB_ELF/LIBSGL.A(sglJ02.o)
                0x0000000006034a30                sbMakePolygon
                0x0000000006034c18                sbCalcPolygon
                0x0000000006035950                SetTexture
                0x000000000603595c                SetPolygon
                0x0000000006035964                SetPosition
                0x000000000603599c                stvtc_4
                0x0000000006035a54                stvtc_3
                0x0000000006035c64                stvtc_1
                0x0000000006035c78                stvtc_2
                0x0000000006035c8c                stvtc_0
 *fill*         0x0000000006035ce8        0x8 
 SLPROG         0x0000000006035cf0      0x140 /joengine/Compiler/COMMON/SGL_302j/LIB_ELF/LIBSGL.A(sglJ03.o)
                0x0000000006035cf0                sbMakeDMATable
 SLPROG         0x0000000006035e30      0x470 /joengine/Compiler/COMMON/SGL_302j/LIB_ELF/LIBSGL.A(sglJ04.o)
                0x0000000006035e8e                sbMakeSprite
                0x0000000006035ef4                sbMakeRotSprite
 SLPROG         0x00000000060362a0       0x3c /joengine/Compiler/COMMON/SGL_302j/LIB_ELF/LIBSGL.A(sglJ05.o)
                0x00000000060362a0                sbSortEntry
 *fill*         0x00000000060362dc        0x4 
 SLPROG         0x00000000060362e0      0x4b8 /joengine/Compiler/COMMON/SGL_302j/LIB_ELF/LIBSGL.A(sglM00.o)
                0x00000000060362e0                slInitGouraud
                0x00000000060363d4                slPutPolygonX
                0x000000000603641a                slGouraudTblCopy
                0x0000000006036472                slSetGouraudTbl
                0x0000000006036478                slSetGouraudColor
                0x00000000060364f0                slSetAmbient
                0x0000000006036514                slSetFlatColor
 *fill*         0x0000000006036798        0x8 
 SLPROG         0x00000000060367a0       0x6a /joengine/Compiler/COMMON/SGL_302j/LIB_ELF/LIBSGL.A(sglM01.o)
                0x00000000060367a0                slSetDepthLimit
                0x00000000060367cc                slSetDepthTbl
                0x00000000060367fc                DepthWorkArea
 *fill*         0x000000000603680a        0x6 
 SLPROG         0x0000000006036810       0x20 /joengine/Compiler/COMMON/SGL_302j/LIB_ELF/LIBSGL.A(sglA00.o)
                0x0000000006036810                set_imask
                0x0000000006036810                _builtin_set_imask
                0x0000000006036824                get_imask
                0x0000000006036824                _builtin_get_imask
 SLPROG         0x0000000006036830     0x215c /joengine/Compiler/COMMON/SGL_302j/LIB_ELF/LIBSGL.A(sglA03.o)
                0x0000000006036830                slTan
 *fill*         0x000000000603898c        0x4 
 SLPROG         0x0000000006038990       0x34 /joengine/Compiler/COMMON/SGL_302j/LIB_ELF/LIBSGL.A(sglA10.o)
                0x0000000006038990                slSquartDbl
 *fill*         0x00000000060389c4        0xc 
 SLPROG         0x00000000060389d0      0x3c2 /joengine/Compiler/COMMON/SGL_302j/LIB_ELF/LIBSGL.A(sglA24.o)
                0x00000000060389d0                slInversMatrix
 *fill*         0x0000000006038d92        0xe 
 SLPROG         0x0000000006038da0       0x24 /joengine/Compiler/COMMON/SGL_302j/LIB_ELF/LIBSGL.A(sglA25.o)
                0x0000000006038da0                slTransposeMatrix
 *fill*         0x0000000006038dc4        0xc 
 SLPROG         0x0000000006038dd0      0xbd0 /joengine/Compiler/COMMON/SGL_302j/LIB_ELF/LIBSGL.A(sglB000.o)
                0x0000000006038dd0                slInitScroll
                0x0000000006038ef0                setASC_1to8
                0x0000000006038f20                setASC_4to8
                0x0000000006039030                TVSizeTbl
                0x00000000060390b0                TVModeTbl