Archive member included to satisfy reference by file (symbol)

/joe/Compiler/COMMON/SGL_302j/LIB_ELF/SEGA_SYS.A(sys_exit.o)
                              jo_engine/core.o (symbol from plugin) (SYS_Exit)
/joe/Compiler/COMMON/SGL_302j/LIB_ELF/SEGA_SYS.A(sys_sub.o)
                              /joe/Compiler/COMMON/SGL_302j/LIB_ELF/SEGA_SYS.A(sys_exit.o) (SYSUB_SetStackptr)
/joe/Compiler/COMMON/SGL_302j/LIB_ELF/LIBCD.A(CDC_CMN.O)
                              /joe/Compiler/COMMON/SGL_302j/LIB_ELF/SEGA_SYS.A(sys_exit.o) (CDC_GetCurStat)
/joe/Compiler/COMMON/SGL_302j/LIB_ELF/LIBCD.A(CDC_DRV.O)
                              pcmsys.o (symbol from plugin) (CDC_CdPlay)
/joe/Compiler/COMMON/SGL_302j/LIB_ELF/LIBCD.A(CDC_CFS.O)
                              /joe/Compiler/COMMON/SGL_302j/LIB_ELF/SEGA_SYS.A(sys_exit.o) (CDC_ChgDir)
/joe/Compiler/COMMON/SGL_302j/LIB_ELF/LIBCD.A(CDC_REG.O)
                              /joe/Compiler/COMMON/SGL_302j/LIB_ELF/SEGA_SYS.A(sys_exit.o) (CDC_GetHirqReq)
/joe/Compiler/COMMON/SGL_302j/LIB_ELF/LIBCD.A(CDC_SUB.O)
                              /joe/Compiler/COMMON/SGL_302j/LIB_ELF/LIBCD.A(CDC_CMN.O) (CDSUB_UpdStatus)
/joe/Compiler/COMMON/SGL_302j/LIB_ELF/LIBCD.A(GFS.O)
                              pcmsys.o (symbol from plugin) (GFS_Init)
/joe/Compiler/COMMON/SGL_302j/LIB_ELF/LIBCD.A(GFS_BUF.O)
                              /joe/Compiler/COMMON/SGL_302j/LIB_ELF/LIBCD.A(GFS.O) (GFBF_GetNumData)
/joe/Compiler/COMMON/SGL_302j/LIB_ELF/LIBCD.A(GFS_CDB.O)
                              /joe/Compiler/COMMON/SGL_302j/LIB_ELF/LIBCD.A(GFS.O) (GFCB_Close)
/joe/Compiler/COMMON/SGL_302j/LIB_ELF/LIBCD.A(GFS_CDC.O)
                              /joe/Compiler/COMMON/SGL_302j/LIB_ELF/LIBCD.A(GFS.O) (GFCD_SetCdbfs)
/joe/Compiler/COMMON/SGL_302j/LIB_ELF/LIBCD.A(GFS_CDF.O)
                              /joe/Compiler/COMMON/SGL_302j/LIB_ELF/LIBCD.A(GFS.O) (GFCF_Init)
/joe/Compiler/COMMON/SGL_302j/LIB_ELF/LIBCD.A(GFS_DIR.O)
                              /joe/Compiler/COMMON/SGL_302j/LIB_ELF/LIBCD.A(GFS.O) (GFDR_SetupDirTbl)
/joe/Compiler/COMMON/SGL_302j/LIB_ELF/LIBCD.A(GFS_TRN.O)
                              /joe/Compiler/COMMON/SGL_302j/LIB_ELF/LIBCD.A(GFS.O) (GFTR_Setup)
/joe/Compiler/COMMON/SGL_302j/LIB_ELF/LIBCD.A(CDC_DEV.O)
                              /joe/Compiler/COMMON/SGL_302j/LIB_ELF/LIBCD.A(GFS_CDC.O) (CDC_CdSetCon)
/joe/Compiler/COMMON/SGL_302j/LIB_ELF/LIBCD.A(CDC_SEL.O)
                              /joe/Compiler/COMMON/SGL_302j/LIB_ELF/LIBCD.A(GFS_CDC.O) (CDC_SetFiltRange)
/joe/Compiler/COMMON/SGL_302j/LIB_ELF/LIBCD.A(CDC_BIF.O)
                              /joe/Compiler/COMMON/SGL_302j/LIB_ELF/LIBCD.A(GFS_CDC.O) (CDC_GetBufSiz)
/joe/Compiler/COMMON/SGL_302j/LIB_ELF/LIBCD.A(CDC_BIO.O)
                              /joe/Compiler/COMMON/SGL_302j/LIB_ELF/LIBCD.A(GFS_CDC.O) (CDC_SetSctLen)
/joe/Compiler/COMMON/SGL_302j/LIB_ELF/LIBSGL.A(sglA01.o)
                              jo_engine/math.o (symbol from plugin) (slSin)
/joe/Compiler/COMMON/SGL_302j/LIB_ELF/LIBSGL.A(sglA15.o)
                              jo_engine/slave.o (symbol from plugin) (slSlaveFunc)
/joe/Compiler/COMMON/SGL_302j/LIB_ELF/LIBSGL.A(sglA16.o)
                              main.o (symbol from plugin) (slLookAt)
/joe/Compiler/COMMON/SGL_302j/LIB_ELF/LIBSGL.A(sglA17.o)
                              /joe/Compiler/COMMON/SGL_302j/LIB_ELF/LIBSGL.A(sglA16.o) (slRotZ)
/joe/Compiler/COMMON/SGL_302j/LIB_ELF/LIBSGL.A(sglA18.o)
                              main.o (symbol from plugin) (slRotY)
/joe/Compiler/COMMON/SGL_302j/LIB_ELF/LIBSGL.A(sglA19.o)
                              main.o (symbol from plugin) (slRotX)
/joe/Compiler/COMMON/SGL_302j/LIB_ELF/LIBSGL.A(sglA20.o)
                              main.o (symbol from plugin) (slUnitMatrix)
/joe/Compiler/COMMON/SGL_302j/LIB_ELF/LIBSGL.A(sglA21.o)
                              main.o (symbol from plugin) (slPushMatrix)
/joe/Compiler/COMMON/SGL_302j/LIB_ELF/LIBSGL.A(sglA27.o)
                              /joe/Compiler/COMMON/SGL_302j/LIB_ELF/LIBSGL.A(sglA16.o) (slTranslate)
/joe/Compiler/COMMON/SGL_302j/LIB_ELF/LIBSGL.A(sglA28.o)
                              main.o (symbol from plugin) (slScale)
/joe/Compiler/COMMON/SGL_302j/LIB_ELF/LIBSGL.A(sglA40.o)
                              main.o (symbol from plugin) (slCalcVector)
/joe/Compiler/COMMON/SGL_302j/LIB_ELF/LIBSGL.A(sglB001.o)
                              main.o (symbol from plugin) (slTVOn)
/joe/Compiler/COMMON/SGL_302j/LIB_ELF/LIBSGL.A(sglB011.o)
                              jo_engine/vdp2.o (symbol from plugin) (slBitMapNbg1)
/joe/Compiler/COMMON/SGL_302j/LIB_ELF/LIBSGL.A(sglB014.o)
                              jo_engine/vdp2.o (symbol from plugin) (slScrTransparent)
/joe/Compiler/COMMON/SGL_302j/LIB_ELF/LIBSGL.A(sglB015.o)
                              jo_engine/vdp2.o (symbol from plugin) (slScrAutoDisp)
/joe/Compiler/COMMON/SGL_302j/LIB_ELF/LIBSGL.A(sglB016.o)
[...]
Memory Configuration

Name             Origin             Length             Attributes
*default*        0x0000000000000000 0xffffffffffffffff

Linker script and memory map


SLSTART         0x0000000006004000       0x30
                0x0000000006004000                ___Start = .
 *(SLSTART)
 SLSTART        0x0000000006004000       0x28 /joe/Compiler/COMMON/SGL_302j/LIB_ELF/LIBSGL.A(sglI00.o)
                0x0000000006004000                SGL_Start
                0x0000000006004002                slStartSGL

.text           0x0000000006004040    0x26720
 *(.text)
 .text          0x0000000006004040        0x0 /joe/Compiler/COMMON/SGL_302j/LIB_ELF/SGLAREA.O
 .text          0x0000000006004040     0x82c4 /tmp/ccKGiHoL.ltrans0.ltrans.o
                0x0000000006004684                jo_sprite_draw.constprop.39
                0x00000000060047c8                jo_nbg2_print.constprop.38
                0x0000000006004854                render_CLUT_sprite_MESH.constprop.37
                0x00000000060048a0                __jo_core_set_screens_order.constprop.36
                0x0000000006004970                CDDAPlaySingle.constprop.31
                0x00000000060049ac                jo_free
                0x00000000060049d4                jo_vdp2_clear_bitmap_nbg1.constprop.23
                0x0000000006004a44                jo_backup_unmount.constprop.12
                0x0000000006004adc                jo_vdp2_malloc
                0x0000000006004c80                jo_vdp2_free
                0x0000000006004e78                jo_vdp2_disable_rbg0
                0x0000000006005058                __jo_create_map.lto_priv.574
                0x00000000060050d0                jo_img_to_vdp2_cells
                0x0000000006005178                jo_set_default_background_color
                0x00000000060053a8                jo_sprite_free_from
                0x00000000060055e0                jo_strlen
                0x0000000006005644                jo_getdate
                0x0000000006005718                jo_malloc_with_behaviour
                0x0000000006005d6c                load_textures.constprop.25
                0x0000000006005da8                jo_backup_mount.constprop.7
                0x0000000006005fbc                jo_random
                0x000000000600602c                jo_atan2f_rad
                0x00000000060061f0                load_binary.constprop.29
                0x0000000006006db0                jo_fixed_cos
                0x0000000006006e0c                jo_fixed_sin
                0x000000000600725c                __jo_tga_any_loader
                0x0000000006007424                jo_sprite_add_tga.constprop.24
                0x0000000006007598                _realloc_r
                0x000000000600763c                _calloc_r
                0x0000000006007670                _free_r
                0x00000000060076a0                _malloc_r
                0x0000000006007714                mnet_send_remove_local_player
                0x0000000006007790                mnet_tick
                0x0000000006008e64                lobby_screen
                0x000000000600a760                connecting_screen
 .text          0x000000000600c304     0xd454 /tmp/ccKGiHoL.ltrans1.ltrans.o
                0x000000000600d138                my_vblank
                0x000000000600f9cc                CDDAStop
                0x000000000600f9e8                load_16bit_pcm
                0x000000000600fb48                pcm_cease
                0x000000000600fb70                pcm_play
                0x000000000601381c                init_3d_planes
                0x0000000006013d5c                load_trackmap
                0x0000000006013d98                load_preview
                0x0000000006013dd4                load_level
                0x0000000006014a48                load_car
                0x0000000006016278                gameLoop
 .text          0x0000000006019758     0x3038 /tmp/ccKGiHoL.ltrans2.ltrans.o
                0x0000000006019758                saturn_transport_send.lto_priv.451
                0x00000000060197b0                saturn_transport_rx_byte.lto_priv.450
                0x00000000060197c4                saturn_transport_rx_ready.lto_priv.449
                0x00000000060197e0                draw_powerups
                0x00000000060198e8                create_particles
                0x00000000060199bc                computeLight
                0x0000000006019a2c                create_player
                0x0000000006019c6c                set_player_position
                0x0000000006019db4                getSeconds
                0x0000000006019e38                apply_player_gravity
                0x0000000006019e90                init_1p_display
                0x0000000006019f18                init_2p_display
                0x0000000006019fa8                stop_engine_sound
                0x000000000601a014                stop_sounds
                0x000000000601a094                reset_to_last_checkpoint
                0x000000000601a18c                reset_demo
                0x000000000601a394                render_CLUT_sprite
                0x000000000601a3e4                ztClearText
                0x000000000601a430                transition_to_end_level
                0x000000000601a5d0                mmm_get_p2_port
                0x000000000601aaac                saturn_uart_puts.lto_priv.441
                0x000000000601ab00                modem_read_line.lto_priv.442
                0x000000000601acb0                modem_escape_to_command.lto_priv.445.lto_priv.447
                0x000000000601b33c                saturn_uart_init.lto_priv.443
                0x000000000601b3f4                saturn_uart_set_baud.lto_priv.444
                0x000000000601bc28                saturn_uart_flush_rx.lto_priv.448
                0x000000000601bc74                saturn_uart_loopback_test.lto_priv.453.lto_priv.455
                0x000000000601bd3c                saturn_uart_read_raw.lto_priv.456.lto_priv.458
                0x000000000601bdb8                saturn_uart_getc_timeout.lto_priv.459.lto_priv.461
                0x000000000601bdec                saturn_uart_getc.lto_priv.462.lto_priv.464
                0x000000000601be18                saturn_uart_putc.lto_priv.465.lto_priv.467
                0x000000000601be54                saturn_uart_read_iir.lto_priv.468.lto_priv.470
                0x000000000601be6c                saturn_uart_read_msr.lto_priv.471.lto_priv.473
                0x000000000601be8c                saturn_uart_read_lsr.lto_priv.474.lto_priv.476
                0x000000000601bea8                saturn_uart_clear_errors.lto_priv.477.lto_priv.479
                0x000000000601bec8                saturn_uart_rx_error.lto_priv.480.lto_priv.482
                0x000000000601bee8                saturn_uart_rx_ready.lto_priv.483.lto_priv.485
                0x000000000601bf04                saturn_uart_tx_ready.lto_priv.486.lto_priv.488
                0x000000000601bfe4                saturn_uart_detect.lto_priv.328
                0x000000000601c070                saturn_uart_reg_write.lto_priv.489.lto_priv.491
                0x000000000601c088                saturn_uart_reg_read.lto_priv.492.lto_priv.494
                0x000000000601c0a4                saturn_netlink_smpc_disable.lto_priv.495.lto_priv.497
                0x000000000601c0d0                saturn_netlink_smpc_enable.lto_priv.452
                0x000000000601c15c                saturn_smpc_command.lto_priv.498.lto_priv.500
                0x000000000601c184                mnet_encode_lap_complete.lto_priv.341.lto_priv.344
                0x000000000601c1ac                mnet_encode_client_log.lto_priv.337.lto_priv.340
                0x000000000601c254                mnet_encode_leaderboard_req.lto_priv.345.lto_priv.348
                0x000000000601c264                mnet_encode_remove_local_player.lto_priv.349.lto_priv.352
                0x000000000601c274                mnet_encode_add_local_player.lto_priv.329.lto_priv.332
                0x000000000601c2f8                mnet_encode_powerup_pickup.lto_priv.353.lto_priv.356
                0x000000000601c30c                mnet_encode_player_state_p2.lto_priv.357.lto_priv.360
                0x000000000601c3a4                mnet_encode_player_state.lto_priv.361.lto_priv.364
                0x000000000601c434                mnet_encode_input_state_p2.lto_priv.365.lto_priv.368
                0x000000000601c460                mnet_encode_input_state.lto_priv.369.lto_priv.372
                0x000000000601c488                mnet_encode_car_select.lto_priv.373.lto_priv.376
                0x000000000601c49c                mnet_encode_start_game.lto_priv.377.lto_priv.380
                0x000000000601c4ac                mnet_encode_ready.lto_priv.381.lto_priv.384
                0x000000000601c4bc                mnet_encode_heartbeat.lto_priv.385.lto_priv.388
                0x000000000601c4cc                mnet_encode_disconnect.lto_priv.389.lto_priv.392
                0x000000000601c4dc                mnet_encode_set_username.lto_priv.333.lto_priv.336
                0x000000000601c55c                mnet_encode_connect_uuid.lto_priv.393.lto_priv.396
                0x000000000601c57c                mnet_encode_connect.lto_priv.397.lto_priv.400
                0x000000000601c58c                mnet_read_string.lto_priv.401.lto_priv.404
                0x000000000601c5d4                mnet_rx_poll.lto_priv.405.lto_priv.440
                0x000000000601c684                mnet_rx_init.lto_priv.408.lto_priv.411
                0x000000000601c694                mnet_send_frame.lto_priv.412.lto_priv.415
                0x000000000601c6d4                net_transport_is_connected.lto_priv.416.lto_priv.419
                0x000000000601c6ec                net_transport_send.lto_priv.420.lto_priv.423
                0x000000000601c700                net_transport_rx_byte.lto_priv.424.lto_priv.427
                0x000000000601c714                net_transport_rx_ready.lto_priv.428.lto_priv.431
                0x000000000601c728                get_gbr.lto_priv.53.lto_priv.77
                0x000000000601c730                set_gbr.lto_priv.78.lto_priv.102
                0x000000000601c738                get_vbr.lto_priv.103.lto_priv.127
                0x000000000601c740                set_vbr.lto_priv.128.lto_priv.152
                0x000000000601c748                set_imask.lto_priv.153.lto_priv.177
                0x000000000601c75c                get_imask.lto_priv.178.lto_priv.202
                0x000000000601c768                get_sr.lto_priv.203.lto_priv.227
                0x000000000601c770                set_sr.lto_priv.228.lto_priv.252
                0x000000000601c778                tas.lto_priv.253.lto_priv.277
                0x000000000601c780                sleep.lto_priv.278.lto_priv.302
                0x000000000601c788                nop.lto_priv.303.lto_priv.327
 .text          0x000000000601c790      0x238 /joe/Compiler/COMMON/SGL_302j/LIB_ELF/SEGA_SYS.A(sys_exit.o)
                0x000000000601c790                sys_version
                0x000000000601c7b0                SYS_Exit
 *fill*         0x000000000601c9c8        0x8 
 .text          0x000000000601c9d0        0x6 /joe/Compiler/COMMON/SGL_302j/LIB_ELF/SEGA_SYS.A(sys_sub.o)
                0x000000000601c9d0                SYSUB_SetStackptr
 *fill*         0x000000000601c9d6        0xa 
 .text          0x000000000601c9e0      0x3a0 /joe/Compiler/COMMON/SGL_302j/LIB_ELF/LIBCD.A(CDC_CMN.O)
                0x000000000601c9e0                CDC_GetCurStat
                0x000000000601ca30                CDC_GetLastStat
                0x000000000601ca48                CDC_GetPeriStat
                0x000000000601cb1c                CDC_GetHwInfo
                0x000000000601cb84                CDC_TgetToc
                0x000000000601cbd4                CDC_GetSes
                0x000000000601cc10                CDC_CdInit
                0x000000000601cc94                CDC_CdOpen
                0x000000000601ccbc                CDC_DataReady
                0x000000000601cd28                CDC_DataEnd
 .text          0x000000000601cd80      0x130 /joe/Compiler/COMMON/SGL_302j/LIB_ELF/LIBCD.A(CDC_DRV.O)
                0x000000000601cd80                CDC_CdPlay
                0x000000000601ce4c                CDC_CdSeek
                0x000000000601ce80                CDC_CdScan
 .text          0x000000000601ceb0      0x194 /joe/Compiler/COMMON/SGL_302j/LIB_ELF/LIBCD.A(CDC_CFS.O)
                0x000000000601ceb0                CDC_ChgDir
                0x000000000601cee4                CDC_ReadDir
                0x000000000601cf18                CDC_GetFileScope
                0x000000000601cf78                CDC_TgetFileInfo
                0x000000000601cfd4                CDC_ReadFile
                0x000000000601d008                CDC_AbortFile
 *fill*         0x000000000601d044        0xc 
 .text          0x000000000601d050      0x2dc /joe/Compiler/COMMON/SGL_302j/LIB_ELF/LIBCD.A(CDC_REG.O)
                0x000000000601d050                CDC_GetDataPtr
                0x000000000601d060                CDC_GetHirqReq
                0x000000000601d074                CDC_ClrHirqReq
                0x000000000601d0a4                CDREG_ClrHirqReq
                0x000000000601d0b4                CDREG_InitHirqReq
                0x000000000601d0dc                CDREG_SetHirqFlag
                0x000000000601d0f0                CDC_GetHirqMsk
                0x000000000601d104                CDC_SetHirqMsk
                0x000000000601d114                CDC_GetMpegPtr
                0x000000000601d124                CDREG_TgetData
                0x000000000601d180                CDREG_CmdRsp
                0x000000000601d280                CDREG_WaitHirq
                0x000000000601d2f0                CDREG_ReadRsp
 *fill*         0x000000000601d32c        0x4 
 .text          0x000000000601d330      0x152 /joe/Compiler/COMMON/SGL_302j/LIB_ELF/LIBCD.A(CDC_SUB.O)
                0x000000000601d330                CDSUB_UpdStatus
                0x000000000601d348                CDSUB_UpdCdstat
                0x000000000601d368                CDSUB_CdCmd
                0x000000000601d3d8                CDSUB_GetCdstat
                0x000000000601d418                CDSUB_RspToCdstat
                0x000000000601d460                CDSUB_SoftTimer
 *fill*         0x000000000601d482        0xe 
 .text          0x000000000601d490     0x1adc /joe/Compiler/COMMON/SGL_302j/LIB_ELF/LIBCD.A(GFS.O)
                0x000000000601d490                gfs_version
                0x000000000601d4b0                GFS_Init
                0x000000000601d598                GFS_LoadDir
                0x000000000601d640                GFS_SetDir
                0x000000000601d6a8                GFS_NameToId
                0x000000000601d70c                GFS_IdToName
                0x000000000601d778                GFS_GetDirInfo
                0x000000000601d7e8                GFS_Reset
                0x000000000601d86c                GFS_Open
                0x000000000601d920                GFS_Close
                0x000000000601d958                GFS_Seek
                0x000000000601da0c                GFS_Tell
                0x000000000601da5c                GFS_IsEof
                0x000000000601dab0                GFS_ByteToSct
                0x000000000601db0c                GFS_GetFileSize
                0x000000000601db68                GFS_GetFileInfo
                0x000000000601dbdc                GFS_GetNumCdbuf
                0x000000000601dc04                GFS_Load
                0x000000000601dcc8                GFS_Fread
                0x000000000601dd64                gfs_waitRead
                0x000000000601de0c                GFS_NwFread
                0x000000000601df18                GFS_NwCdRead
                0x000000000601df90                GFS_NwIsComplete
                0x000000000601dfc8                GFS_NwStop
                0x000000000601e034                GFS_NwGetStat
                0x000000000601e0b0                gfs_recovRdErr
                0x000000000601e0e0                GFS_NwExecOne
                0x000000000601e1a0                GFS_NwExecServer
                0x000000000601e21c                GFS_SetGmode
                0x000000000601e280                GFS_SetTmode
                0x000000000601e2ec                GFS_SetReadPara
                0x000000000601e350                GFS_SetTransPara
                0x000000000601e3bc                GFS_SetTrFunc
                0x000000000601e420                GFS_StartTrans
                0x000000000601e46c                GFS_CdMovePickup
                0x000000000601e4d8                GFS_SetErrFunc
                0x000000000601e504                GFS_GetErrStat
                0x000000000601e528                GFS_ConvTno
                0x000000000601e550                gfs_chgRoot
                0x000000000601e61c                gfs_aborttrans
                0x000000000601e628                gfs_mngSetupFuncTbl
                0x000000000601e65c                gfs_mngInitWork
                0x000000000601e700                gfs_mngGetNumFile
                0x000000000601e768                GFS_mngAllocGrp
                0x000000000601e7b0                gfs_mngFreeGrp
                0x000000000601e7bc                gfs_mngTermAccess
                0x000000000601e840                gfs_mngSetErrCode
                0x000000000601e8c0                gfs_svrSearchHndl
                0x000000000601e900                gfs_svrAddHndl
                0x000000000601e93c                gfs_svrRemoveHndl
                0x000000000601e998                GFS_OpenSub
                0x000000000601e9f0                gfs_loadVol
                0x000000000601eab4                gfs_getRootDir
                0x000000000601ebb0                gfs_loadRootDir
                0x000000000601ec38                gfs_flowIn
                0x000000000601ece0                gfs_transData
                0x000000000601ed84                GFS_GetFad
                0x000000000601eddc                gfs_SetSct
                0x000000000601ee1c                gfs_GetFinfo
                0x000000000601ee5c                gfs_closeSub
                0x000000000601ee98                gfs_getGmode
                0x000000000601eea4                gfs_isTaskDone
                0x000000000601eef8                gfs_convFinStat
 *fill*         0x000000000601ef6c        0x4 
 .text          0x000000000601ef70      0x106 /joe/Compiler/COMMON/SGL_302j/LIB_ELF/LIBCD.A(GFS_BUF.O)
                0x000000000601efa0                GFBF_GetTranData
                0x000000000601efc8                GFBF_GetNumData
                0x000000000601eff8                GFBF_GetSrcPk
                0x000000000601f020                GFBF_GetSctData
                0x000000000601f044                GFBF_RtnPk
                0x000000000601f06c                gfbf_getSctDt
 *fill*         0x000000000601f076        0xa 
 .text          0x000000000601f080      0x600 /joe/Compiler/COMMON/SGL_302j/LIB_ELF/LIBCD.A(GFS_CDB.O)
                0x000000000601f080                GFCB_Setup
                0x000000000601f1a0                GFCB_Close
                0x000000000601f1c8                GFCB_GetLenData
                0x000000000601f274                GFCB_GetLenRoom
                0x000000000601f280                GFCB_SetFilt
                0x000000000601f2e8                GFCB_DeleteAllData
                0x000000000601f310                GFCB_Tell
                0x000000000601f320                gfcb_getSctNum
                0x000000000601f370                GFCB_Seek
                0x000000000601f46c                GFCB_GetSrcPack
                0x000000000601f54c                GFCB_GetSctData
                0x000000000601f584                GFCB_GetDstPack
                0x000000000601f590                GFCB_RtnPk
                0x000000000601f5d8                GFCB_MovePickup
                0x000000000601f5f4                GFCB_SetCon
                0x000000000601f628                GFCB_GetPickup
                0x000000000601f650                GFCB_IsPuOwner
                0x000000000601f668                GFCB_UngetPickup
 .text          0x000000000601f680     0x1a10 /joe/Compiler/COMMON/SGL_302j/LIB_ELF/LIBCD.A(GFS_CDC.O)
                0x000000000601f680                GFCD_SetCdbfs
                0x000000000601f6ac                GFCD_Init
                0x000000000601f8b0                GFCD_AllocFilt
                0x000000000601f8ec                GFCD_FreeFilt
                0x000000000601f91c                GFCD_AllocBuf
                0x000000000601f950                GFCD_FreeBuf
                0x000000000601f9f4                GFCD_GetBaseFad
                0x000000000601fa28                GFCD_GetPickup
                0x000000000601fa5c                GFCD_UngetPickup
                0x000000000601fa88                GFCD_IsPuOwner
                0x000000000601faac                GFCD_SetFilt
                0x000000000601fb70                GFCD_GetFilt
                0x000000000601fbb8                GFCD_SetCon
                0x000000000601fc10                GFCD_Play
                0x000000000601fc70                GFCD_GetLenData
                0x000000000601fcd8                GFCD_ReqData
                0x000000000601fd34                GFCD_EndData
                0x000000000601fd7c                GFCD_DelSctData
                0x000000000601fdd4                GFCD_CheckDelSctData
                0x000000000601fe04                GFCD_GetStat
                0x000000000601feb8                GFCD_MovePickup
                0x000000000601ff04                GFCD_MoveSctData
                0x000000000601ff78                GFCD_CheckMove
                0x000000000601ff9c                GFCD_GetSctInfo
                0x000000000601ffe4                GFCD_ChgDir
                0x0000000006020058                GFCD_SetFiltCon
                0x0000000006020140                GFCD_GetFileInfo
                0x000000000602021c                GFCD_GetBufSiz
                0x0000000006020254                GFCD_ExecServer
                0x0000000006020328                gfcd_isIdleTask
                0x00000000060203b4                gfcd_doTask
                0x0000000006020460                GFCD_SetTimer
                0x0000000006020474                GFCD_WaitServer
                0x00000000060204b0                gfcd_doSetFiltTsk
                0x0000000006020674                gfcd_doSetConTsk
                0x0000000006020704                gfcd_doGetLenDataTsk
                0x0000000006020858                gfcd_doReqDataTsk
                0x00000000060208f8                gfcd_doDelSctDataTsk
                0x0000000006020a2c                gfcd_doMoveSctTsk
                0x0000000006020b90                gfcd_doChgDirTsk
                0x0000000006020d8c                gfcd_doSetFiltConTsk
                0x0000000006020ed0                gfcd_checkEflag
                0x0000000006020ef4                gfcd_initCdbMng
                0x0000000006020f74                gfcd_setStat
                0x0000000006020fa0                GFCD_SetCsctFunc
                0x0000000006020fbc                GFCD_ChkScdqFlag
                0x0000000006020fe0                GFCD_ClrScdqFlag
                0x0000000006020ffc                GFCD_WaitScdqFlag
                0x0000000006021040                GFCD_WaitPause
 .text          0x0000000006021090      0x8d8 /joe/Compiler/COMMON/SGL_302j/LIB_ELF/LIBCD.A(GFS_CDF.O)
                0x0000000006021090                GFCF_Init
                0x0000000006021130                GFCF_Setup
                0x0000000006021278                GFCF_SetSct
                0x00000000060212bc                GFCF_GetFileInfo
                0x0000000006021330                GFCF_FlowInBuf
                0x0000000006021484                GFCF_StopInBuf
                0x0000000006021524                GFCF_Recover
                0x000000000602156c                GFCF_Tell
                0x0000000006021584                GFCF_Seek
                0x000000000602159c                GFCF_MovePickup
                0x0000000006021638                GFCF_cnvIntlvOfs
                0x000000000602168c                GFCF_GetStat
                0x0000000006021724                gfcf_getSctSize
                0x0000000006021760                gfcf_isCdOk
                0x0000000006021820                gfcf_getPlayRange
 *fill*         0x0000000006021968        0x8 
 .text          0x0000000006021970      0x92c /joe/Compiler/COMMON/SGL_302j/LIB_ELF/LIBCD.A(GFS_DIR.O)
                0x0000000006021970                GFDR_SetupDirTbl
                0x00000000060219e4                GFDR_NameToId
                0x0000000006021a44                GFDR_GetInfoDirId
                0x0000000006021a58                GFDR_GetInfoDirName
                0x0000000006021a6c                GFDR_GetAtrDirId
                0x0000000006021a84                GFDR_GetAtrDirName
                0x0000000006021a9c                GFDR_ChgRoot
                0x0000000006021ab4                GFDR_ChgDir
                0x0000000006021b28                gfdr_setupDirIdTbl
                0x0000000006021bac                gfdr_setupDirNameTbl
                0x0000000006021c58                gfdr_open
                0x0000000006021c80                gfdr_read
                0x0000000006021d40                gfdr_readByte
                0x0000000006021d6c                gfdr_readWord
                0x0000000006021d98                gfdr_readWordNB
                0x0000000006021dec                gfdr_readLongNB
                0x0000000006021e38                gfdr_readLongNM
                0x0000000006021e60                gfdr_setNextRec
                0x0000000006021ee4                gfdr_readDirEnt
                0x0000000006022260                gfdr_setDirrecCd
 *fill*         0x000000000602229c        0x4 
 .text          0x00000000060222a0      0x9c6 /joe/Compiler/COMMON/SGL_302j/LIB_ELF/LIBCD.A(GFS_TRN.O)
                0x00000000060222d0                GFTR_Setup
                0x0000000006022314                GFTR_SetMode
                0x0000000006022328                GFTR_SetUnit
                0x0000000006022334                GFTR_SetTransPara
                0x0000000006022368                GFTR_GetTransPara
                0x0000000006022374                GFTR_GetNumTrans
                0x0000000006022380                GFTR_SetTransMax
                0x000000000602238c                GFTR_Start
                0x0000000006022398                GFTR_Pause
                0x00000000060223a4                GFTR_Stop
                0x000000000602245c                GFTR_Exec
                0x00000000060224e0                GFTR_Idle
                0x0000000006022558                GFTR_ExecSvr
                0x0000000006022660                gftr_getSrcPack
                0x00000000060226e8                gftr_getDstPack
                0x0000000006022744                gftr_reqScu
                0x0000000006022750                gftr_execScu
                0x00000000060227ec                gftr_remScu
                0x0000000006022820                gfdma_canUse
                0x000000000602282c                gfdma_exec
                0x000000000602289c                gfdma_getBytecnt
                0x00000000060228d4                gftr_reqDma0
                0x00000000060228ec                gftr_execSdma0
                0x0000000006022910                gftr_remDma0
                0x0000000006022928                gftr_reqDma1
                0x0000000006022940                gftr_execSdma1
                0x0000000006022964                gftr_remDma1
                0x000000000602297c                gftr_reqCpu
                0x0000000006022988                gftr_execCpu
                0x00000000060229c8                gftr_remCpu
                0x00000000060229d4                gftr_reqTrn
                0x0000000006022a44                gftr_execTrn
                0x0000000006022b1c                gftr_remTrn
                0x0000000006022b90                gftr_copyFrac
                0x0000000006022bb8                GFTR_GetLenData
                0x0000000006022bc4                GFTR_GetLenRoom
                0x0000000006022bdc                GFTR_GetDstPack
                0x0000000006022c10                GFTR_RtnDstPk
                0x0000000006022c2c                GFTR_GetData
                0x0000000006022c40                GFTR_SetData
                0x0000000006022c54                GFTR_SetTransFunc
 *fill*         0x0000000006022c66        0xa 
 .text          0x0000000006022c70       0xa8 /joe/Compiler/COMMON/SGL_302j/LIB_ELF/LIBCD.A(CDC_DEV.O)
                0x0000000006022c70                CDC_CdSetCon
                0x0000000006022ca0                CDC_CdGetCon
                0x0000000006022cdc                CDC_CdGetLastBuf
 *fill*         0x0000000006022d18        0x8 
 .text          0x0000000006022d20      0x2b8 /joe/Compiler/COMMON/SGL_302j/LIB_ELF/LIBCD.A(CDC_SEL.O)
                0x0000000006022d20                CDC_SetFiltRange
                0x0000000006022d54                CDC_GetFiltRange
                0x0000000006022dac                CDC_SetFiltSubh
                0x0000000006022e1c                CDC_GetFiltSubh
                0x0000000006022e98                CDC_SetFiltMode
                0x0000000006022ecc                CDC_GetFiltMode
                0x0000000006022f10                CDC_SetFiltCon
                0x0000000006022f50                CDC_GetFiltCon
                0x0000000006022fa4                CDC_ResetSelector
 *fill*         0x0000000006022fd8        0x8 
 .text          0x0000000006022fe0      0x270 /joe/Compiler/COMMON/SGL_302j/LIB_ELF/LIBCD.A(CDC_BIF.O)
                0x0000000006022fe0                CDC_GetBufSiz
                0x000000000602303c                CDC_GetSctNum
                0x0000000006023080                CDC_CalActSiz
                0x00000000060230bc                CDC_GetActSiz
                0x000000000602313c                CDC_GetSctInfo
                0x00000000060231bc                CDC_ExeFadSearch
                0x00000000060231f4                CDC_GetFadSearch
 .text          0x0000000006023250      0x1e4 /joe/Compiler/COMMON/SGL_302j/LIB_ELF/LIBCD.A(CDC_BIO.O)
                0x0000000006023250                CDC_SetSctLen
                0x0000000006023284                CDC_GetSctData
                0x00000000060232c0                CDC_DelSctData
                0x00000000060232fc                CDC_GetdelSctData
                0x0000000006023338                CDC_PutSctData
                0x0000000006023370                CDC_CopySctData
                0x00000000060233b4                CDC_MoveSctData
                0x00000000060233f8                CDC_GetCopyErr
 *fill*         0x0000000006023434        0xc 
 .text          0x0000000006023440        0x0 /joe/Compiler/COMMON/SGL_302j/LIB_ELF/LIBSGL.A(sglA01.o)
 .text          0x0000000006023440        0x0 /joe/Compiler/COMMON/SGL_302j/LIB_ELF/LIBSGL.A(sglA15.o)
 .text          0x0000000006023440        0x0 /joe/Compiler/COMMON/SGL_302j/LIB_ELF/LIBSGL.A(sglA16.o)
 .text          0x0000000006023440        0x0 /joe/Compiler/COMMON/SGL_302j/LIB_ELF/LIBSGL.A(sglA17.o)
 .text          0x0000000006023440        0x0 /joe/Compiler/COMMON/SGL_302j/LIB_ELF/LIBSGL.A(sglA18.o)
 .text          0x0000000006023440        0x0 /joe/Compiler/COMMON/SGL_302j/LIB_ELF/LIBSGL.A(sglA19.o)
 .text          0x0000000006023440        0x0 /joe/Compiler/COMMON/SGL_302j/LIB_ELF/LIBSGL.A(sglA20.o)
 .text          0x0000000006023440        0x0 /joe/Compiler/COMMON/SGL_302j/LIB_ELF/LIBSGL.A(sglA21.o)
 .text          0x0000000006023440        0x0 /joe/Compiler/COMMON/SGL_302j/LIB_ELF/LIBSGL.A(sglA27.o)
 .text          0x0000000006023440        0x0 /joe/Compiler/COMMON/SGL_302j/LIB_ELF/LIBSGL.A(sglA28.o)
 .text          0x0000000006023440        0x0 /joe/Compiler/COMMON/SGL_302j/LIB_ELF/LIBSGL.A(sglA40.o)
 .text          0x0000000006023440        0x0 /joe/Compiler/COMMON/SGL_302j/LIB_ELF/LIBSGL.A(sglB001.o)
 .text          0x0000000006023440        0x0 /joe/Compiler/COMMON/SGL_302j/LIB_ELF/LIBSGL.A(sglB011.o)
 .text          0x0000000006023440        0x0 /joe/Compiler/COMMON/SGL_302j/LIB_ELF/LIBSGL.A(sglB014.o)
 .text          0x0000000006023440        0x0 /joe/Compiler/COMMON/SGL_302j/LIB_ELF/LIBSGL.A(sglB015.o)
 .text          0x0000000006023440        0x0 /joe/Compiler/COMMON/SGL_302j/LIB_ELF/LIBSGL.A(sglB016.o)
 .text          0x0000000006023440        0x0 /joe/Compiler/COMMON/SGL_302j/LIB_ELF/LIBSGL.A(sglB020.o)
 .text          0x0000000006023440        0x0 /joe/Compiler/COMMON/SGL_302j/LIB_ELF/LIBSGL.A(sglB021.o)
 .text          0x0000000006023440        0x0 /joe/Compiler/COMMON/SGL_302j/LIB_ELF/LIBSGL.A(sglB023.o)
 .text          0x0000000006023440        0x0 /joe/Compiler/COMMON/SGL_302j/LIB_ELF/LIBSGL.A(sglB031.o)
 .text          0x0000000006023440        0x0 /joe/Compiler/COMMON/SGL_302j/LIB_ELF/LIBSGL.A(sglB032.o)
 .text          0x0000000006023440        0x0 /joe/Compiler/COMMON/SGL_302j/LIB_ELF/LIBSGL.A(sglB033.o)
 .text          0x0000000006023440        0x0 /joe/Compiler/COMMON/SGL_302j/LIB_ELF/LIBSGL.A(sglB034.o)
 .text          0x0000000006023440        0x0 /joe/Compiler/COMMON/SGL_302j/LIB_ELF/LIBSGL.A(sglB035.o)
 .text          0x0000000006023440        0x0 /joe/Compiler/COMMON/SGL_302j/LIB_ELF/LIBSGL.A(sglB036.o)
 .text          0x0000000006023440        0x0 /joe/Compiler/COMMON/SGL_302j/LIB_ELF/LIBSGL.A(sglB038.o)
 .text          0x0000000006023440        0x0 /joe/Compiler/COMMON/SGL_302j/LIB_ELF/LIBSGL.A(sglB039.o)
 .text          0x0000000006023440        0x0 /joe/Compiler/COMMON/SGL_302j/LIB_ELF/LIBSGL.A(sglB040.o)
 .text          0x0000000006023440        0x0 /joe/Compiler/COMMON/SGL_302j/LIB_ELF/LIBSGL.A(sglB041.o)
 .text          0x0000000006023440        0x0 /joe/Compiler/COMMON/SGL_302j/LIB_ELF/LIBSGL.A(sglB042.o)
 .text          0x0000000006023440        0x0 /joe/Compiler/COMMON/SGL_302j/LIB_ELF/LIBSGL.A(sglB043.o)
 .text          0x0000000006023440        0x0 /joe/Compiler/COMMON/SGL_302j/LIB_ELF/LIBSGL.A(sglB044.o)
 .text          0x0000000006023440        0x0 /joe/Compiler/COMMON/SGL_302j/LIB_ELF/LIBSGL.A(sglB045.o)
 .text          0x0000000006023440        0x0 /joe/Compiler/COMMON/SGL_302j/LIB_ELF/LIBSGL.A(sglB047.o)
 .text          0x0000000006023440        0x0 /joe/Compiler/COMMON/SGL_302j/LIB_ELF/LIBSGL.A(sglB048.o)
 .text          0x0000000006023440        0x0 /joe/Compiler/COMMON/SGL_302j/LIB_ELF/LIBSGL.A(sglB055.o)
 .text          0x0000000006023440        0x0 /joe/Compiler/COMMON/SGL_302j/LIB_ELF/LIBSGL.A(sglB056.o)
 .text          0x0000000006023440        0x0 /joe/Compiler/COMMON/SGL_302j/LIB_ELF/LIBSGL.A(sglB057.o)
 .text          0x0000000006023440        0x0 /joe/Compiler/COMMON/SGL_302j/LIB_ELF/LIBSGL.A(sglB058.o)
 .text          0x0000000006023440        0x0 /joe/Compiler/COMMON/SGL_302j/LIB_ELF/LIBSGL.A(sglB059.o)
 .text          0x0000000006023440        0x0 /joe/Compiler/COMMON/SGL_302j/LIB_ELF/LIBSGL.A(sglB060.o)
 .text          0x0000000006023440        0x0 /joe/Compiler/COMMON/SGL_302j/LIB_ELF/LIBSGL.A(sglB063.o)
 .text          0x0000000006023440        0x0 /joe/Compiler/COMMON/SGL_302j/LIB_ELF/LIBSGL.A(sglB087.o)
 .text          0x0000000006023440        0x0 /joe/Compiler/COMMON/SGL_302j/LIB_ELF/LIBSGL.A(sglB088.o)
 .text          0x0000000006023440        0x0 /joe/Compiler/COMMON/SGL_302j/LIB_ELF/LIBSGL.A(sglB090.o)
 .text          0x0000000006023440        0x0 /joe/Compiler/COMMON/SGL_302j/LIB_ELF/LIBSGL.A(sglB200.o)
 .text          0x0000000006023440        0x0 /joe/Compiler/COMMON/SGL_302j/LIB_ELF/LIBSGL.A(sglC01.o)
 .text          0x0000000006023440        0x0 /joe/Compiler/COMMON/SGL_302j/LIB_ELF/LIBSGL.A(sglC03.o)
 .text          0x0000000006023440        0x0 /joe/Compiler/COMMON/SGL_302j/LIB_ELF/LIBSGL.A(sglC04.o)
 .text          0x0000000006023440        0x0 /joe/Compiler/COMMON/SGL_302j/LIB_ELF/LIBSGL.A(sglC05.o)
 .text          0x0000000006023440        0x0 /joe/Compiler/COMMON/SGL_302j/LIB_ELF/LIBSGL.A(sglC06.o)
 .text          0x0000000006023440        0x0 /joe/Compiler/COMMON/SGL_302j/LIB_ELF/LIBSGL.A(sglC07.o)
 .text          0x0000000006023440        0x0 /joe/Compiler/COMMON/SGL_302j/LIB_ELF/LIBSGL.A(sglC08.o)
 .text          0x0000000006023440        0x0 /joe/Compiler/COMMON/SGL_302j/LIB_ELF/LIBSGL.A(sglC14.o)
 .text          0x0000000006023440        0x0 /joe/Compiler/COMMON/SGL_302j/LIB_ELF/LIBSGL.A(sglC16.o)
 .text          0x0000000006023440        0x0 /joe/Compiler/COMMON/SGL_302j/LIB_ELF/LIBSGL.A(sglC17.o)
 .text          0x0000000006023440        0x0 /joe/Compiler/COMMON/SGL_302j/LIB_ELF/LIBSGL.A(sglC19.o)
 .text          0x0000000006023440        0x0 /joe/Compiler/COMMON/SGL_302j/LIB_ELF/LIBSGL.A(sglC20.o)
 .text          0x0000000006023440        0x0 /joe/Compiler/COMMON/SGL_302j/LIB_ELF/LIBSGL.A(sglC21.o)
 .text          0x0000000006023440        0x0 /joe/Compiler/COMMON/SGL_302j/LIB_ELF/LIBSGL.A(sglD00.o)
 .text          0x0000000006023440        0x0 /joe/Compiler/COMMON/SGL_302j/LIB_ELF/LIBSGL.A(sglD01.o)
 .text          0x0000000006023440        0x0 /joe/Compiler/COMMON/SGL_302j/LIB_ELF/LIBSGL.A(sglD02.o)
 .text          0x0000000006023440        0x0 /joe/Compiler/COMMON/SGL_302j/LIB_ELF/LIBSGL.A(sglD03.o)
 .text          0x0000000006023440        0x0 /joe/Compiler/COMMON/SGL_302j/LIB_ELF/LIBSGL.A(sglD15.o)
 .text          0x0000000006023440        0x0 /joe/Compiler/COMMON/SGL_302j/LIB_ELF/LIBSGL.A(sglD16.o)
 .text          0x0000000006023440        0x0 /joe/Compiler/COMMON/SGL_302j/LIB_ELF/LIBSGL.A(sglD17.o)
 .text          0x0000000006023440        0x0 /joe/Compiler/COMMON/SGL_302j/LIB_ELF/LIBSGL.A(sglD18.o)
 .text          0x0000000006023440        0x0 /joe/Compiler/COMMON/SGL_302j/LIB_ELF/LIBSGL.A(sglF08.o)
 .text          0x0000000006023440        0x0 /joe/Compiler/COMMON/SGL_302j/LIB_ELF/LIBSGL.A(sglH00.o)
 .text          0x0000000006023440        0x0 /joe/Compiler/COMMON/SGL_302j/LIB_ELF/LIBSGL.A(sglH01.o)
 .text          0x0000000006023440        0x0 /joe/Compiler/COMMON/SGL_302j/LIB_ELF/LIBSGL.A(sglH02.o)
 .text          0x0000000006023440        0x0 /joe/Compiler/COMMON/SGL_302j/LIB_ELF/LIBSGL.A(sglH04.o)
 .text          0x0000000006023440        0x0 /joe/Compiler/COMMON/SGL_302j/LIB_ELF/LIBSGL.A(sglI01.o)
 .text          0x0000000006023440        0x0 /joe/Compiler/COMMON/SGL_302j/LIB_ELF/LIBSGL.A(sglI04.o)
 .text          0x0000000006023440      0x128 /joe/Compiler/COMMON/SGL_302j/LIB_ELF/LIBSGL.A(sglIc0.o)
                0x0000000006023440                slInitSystem
 *fill*         0x0000000006023568        0x8 
 .text          0x0000000006023570        0x0 /joe/Compiler/COMMON/SGL_302j/LIB_ELF/LIBSGL.A(sglJ00.o)
 .text          0x0000000006023570        0x0 /joe/Compiler/COMMON/SGL_302j/LIB_ELF/LIBSGL.A(sglJ01.o)
 .text          0x0000000006023570        0x0 /joe/Compiler/COMMON/SGL_302j/LIB_ELF/LIBSGL.A(sglJ02.o)
 .text          0x0000000006023570        0x0 /joe/Compiler/COMMON/SGL_302j/LIB_ELF/LIBSGL.A(sglJ03.o)
 .text          0x0000000006023570        0x0 /joe/Compiler/COMMON/SGL_302j/LIB_ELF/LIBSGL.A(sglJ04.o)
 .text          0x0000000006023570        0x0 /joe/Compiler/COMMON/SGL_302j/LIB_ELF/LIBSGL.A(sglJ05.o)
 .text          0x0000000006023570        0x0 /joe/Compiler/COMMON/SGL_302j/LIB_ELF/LIBSGL.A(sglK01.o)
 .text          0x0000000006023570        0x0 /joe/Compiler/COMMON/SGL_302j/LIB_ELF/LIBSGL.A(sglM00.o)
 .text          0x0000000006023570        0x0 /joe/Compiler/COMMON/SGL_302j/LIB_ELF/LIBSGL.A(sglM01.o)
 .text          0x0000000006023570        0x0 /joe/Compiler/COMMON/SGL_302j/LIB_ELF/LIBSGL.A(sglA00.o)
 .text          0x0000000006023570        0x0 /joe/Compiler/COMMON/SGL_302j/LIB_ELF/LIBSGL.A(sglA03.o)
 .text          0x0000000006023570        0x0 /joe/Compiler/COMMON/SGL_302j/LIB_ELF/LIBSGL.A(sglA10.o)
 .text          0x0000000006023570        0x0 /joe/Compiler/COMMON/SGL_302j/LIB_ELF/LIBSGL.A(sglA24.o)
 .text          0x0000000006023570        0x0 /joe/Compiler/COMMON/SGL_302j/LIB_ELF/LIBSGL.A(sglA25.o)
 .text          0x0000000006023570        0x0 /joe/Compiler/COMMON/SGL_302j/LIB_ELF/LIBSGL.A(sglB000.o)
 .text          0x0000000006023570        0x0 /joe/Compiler/COMMON/SGL_302j/LIB_ELF/LIBSGL.A(sglC00.o)
 .text          0x0000000006023570        0x0 /joe/Compiler/COMMON/SGL_302j/LIB_ELF/LIBSGL.A(sglC13.o)
 .text          0x0000000006023570        0x0 /joe/Compiler/COMMON/SGL_302j/LIB_ELF/LIBSGL.A(sglD19.o)
 .text          0x0000000006023570        0x0 /joe/Compiler/COMMON/SGL_302j/LIB_ELF/LIBSGL.A(sglI00.o)
 .text          0x0000000006023570        0x0 /joe/Compiler/COMMON/SGL_302j/LIB_ELF/LIBSGL.A(sglH03.o)
 .text          0x0000000006023570       0x52 /joe/Compiler/LINUX/bin/../lib/gcc/sh-none-elf/8.2.0/libgcc.a(_ashiftrt.o)
                0x0000000006023570                __ashiftrt_r4_31
                0x0000000006023570                __ashiftrt_r4_32
                0x0000000006023576                __ashiftrt_r4_30
                0x0000000006023578                __ashiftrt_r4_29
                0x000000000602357a                __ashiftrt_r4_28
                0x000000000602357c                __ashiftrt_r4_27
                0x000000000602357e                __ashiftrt_r4_26
                0x0000000006023580                __ashiftrt_r4_25
                0x0000000006023582                __ashiftrt_r4_24
                0x000000000602358a                __ashiftrt_r4_23
                0x000000000602358c                __ashiftrt_r4_22
                0x000000000602358e                __ashiftrt_r4_21
                0x0000000006023590                __ashiftrt_r4_20
                0x0000000006023592                __ashiftrt_r4_19
                0x0000000006023594                __ashiftrt_r4_18
                0x0000000006023596                __ashiftrt_r4_17
                0x0000000006023598                __ashiftrt_r4_16
                0x000000000602359e                __ashiftrt_r4_15
                0x00000000060235a0                __ashiftrt_r4_14
                0x00000000060235a2                __ashiftrt_r4_13
                0x00000000060235a4                __ashiftrt_r4_12
                0x00000000060235a6                __ashiftrt_r4_11
                0x00000000060235a8                __ashiftrt_r4_10
                0x00000000060235aa                __ashiftrt_r4_9
                0x00000000060235ac                __ashiftrt_r4_8
                0x00000000060235ae                __ashiftrt_r4_7
                0x00000000060235b0                __ashiftrt_r4_6
                0x00000000060235b2                __ashiftrt_r4_5
                0x00000000060235b4                __ashiftrt_r4_4
                0x00000000060235b6                __ashiftrt_r4_3
                0x00000000060235b8                __ashiftrt_r4_2
                0x00000000060235ba                __ashiftrt_r4_1
                0x00000000060235be                __ashiftrt_r4_0
 *fill*         0x00000000060235c2        0x2 
 .text          0x00000000060235c4       0xa0 /joe/Compiler/LINUX/bin/../lib/gcc/sh-none-elf/8.2.0/libgcc.a(_sdivsi3.o)
                0x00000000060235c4                __sdivsi3
 .text          0x0000000006023664       0x6c /joe/Compiler/LINUX/bin/../lib/gcc/sh-none-elf/8.2.0/libgcc.a(_udivsi3.o)
                0x0000000006023686                __udivsi3
 .text          0x00000000060236d0      0x210 /joe/Compiler/LINUX/bin/../lib/gcc/sh-none-elf/8.2.0/libgcc.a(_addsub_sf.o)
                0x0000000006023844                __addsf3
                0x0000000006023890                __subsf3
 .text          0x00000000060238e0      0x134 /joe/Compiler/LINUX/bin/../lib/gcc/sh-none-elf/8.2.0/libgcc.a(_mul_sf.o)
                0x00000000060238e0                __mulsf3
 .text          0x0000000006023a14       0xdc /joe/Compiler/LINUX/bin/../lib/gcc/sh-none-elf/8.2.0/libgcc.a(_div_sf.o)
                0x0000000006023a14                __divsf3
 .text          0x0000000006023af0       0x54 /joe/Compiler/LINUX/bin/../lib/gcc/sh-none-elf/8.2.0/libgcc.a(_eq_sf.o)
                0x0000000006023af0                __eqsf2
 .text          0x0000000006023b44       0x54 /joe/Compiler/LINUX/bin/../lib/gcc/sh-none-elf/8.2.0/libgcc.a(_ne_sf.o)
                0x0000000006023b44                __nesf2
 .text          0x0000000006023b98       0x4c /joe/Compiler/LINUX/bin/../lib/gcc/sh-none-elf/8.2.0/libgcc.a(_gt_sf.o)
                0x0000000006023b98                __gtsf2
 .text          0x0000000006023be4       0x4c /joe/Compiler/LINUX/bin/../lib/gcc/sh-none-elf/8.2.0/libgcc.a(_ge_sf.o)
                0x0000000006023be4                __gesf2
 .text          0x0000000006023c30       0x54 /joe/Compiler/LINUX/bin/../lib/gcc/sh-none-elf/8.2.0/libgcc.a(_lt_sf.o)
                0x0000000006023c30                __ltsf2
 .text          0x0000000006023c84       0x54 /joe/Compiler/LINUX/bin/../lib/gcc/sh-none-elf/8.2.0/libgcc.a(_le_sf.o)
                0x0000000006023c84                __lesf2
 .text          0x0000000006023cd8       0x84 /joe/Compiler/LINUX/bin/../lib/gcc/sh-none-elf/8.2.0/libgcc.a(_si_to_sf.o)
                0x0000000006023cd8                __floatsisf
 .text          0x0000000006023d5c       0x7c /joe/Compiler/LINUX/bin/../lib/gcc/sh-none-elf/8.2.0/libgcc.a(_sf_to_si.o)
                0x0000000006023d5c                __fixsfsi
 .text          0x0000000006023dd8       0x3c /joe/Compiler/LINUX/bin/../lib/gcc/sh-none-elf/8.2.0/libgcc.a(_sf_to_df.o)
                0x0000000006023dd8                __extendsfdf2
 .text          0x0000000006023e14        0x0 /joe/Compiler/LINUX/bin/../lib/gcc/sh-none-elf/8.2.0/libgcc.a(_thenan_sf.o)
 .text          0x0000000006023e14       0x94 /joe/Compiler/LINUX/bin/../lib/gcc/sh-none-elf/8.2.0/libgcc.a(_usi_to_sf.o)
                0x0000000006023e14                __floatunsisf
 .text          0x0000000006023ea8       0x28 /joe/Compiler/LINUX/bin/../lib/gcc/sh-none-elf/8.2.0/libgcc.a(_make_df.o)
                0x0000000006023ea8                __make_dp
 .text          0x0000000006023ed0       0x4c /joe/Compiler/LINUX/bin/../lib/gcc/sh-none-elf/8.2.0/libgcc.a(_df_to_sf.o)
                0x0000000006023ed0                __truncdfsf2
 .text          0x0000000006023f1c      0x114 /joe/Compiler/LINUX/bin/../lib/gcc/sh-none-elf/8.2.0/libgcc.a(_pack_sf.o)
                0x0000000006023f1c                __pack_f
 .text          0x0000000006024030       0xa0 /joe/Compiler/LINUX/bin/../lib/gcc/sh-none-elf/8.2.0/libgcc.a(_unpack_sf.o)
                0x0000000006024030                __unpack_f
 .text          0x00000000060240d0       0xa8 /joe/Compiler/LINUX/bin/../lib/gcc/sh-none-elf/8.2.0/libgcc.a(_fpcmp_parts_sf.o)
                0x00000000060240d0                __fpcmp_parts_f
 .text          0x0000000006024178       0x20 /joe/Compiler/LINUX/bin/../lib/gcc/sh-none-elf/8.2.0/libgcc.a(_make_sf.o)
                0x0000000006024178                __make_fp
 .text          0x0000000006024198        0x0 /joe/Compiler/LINUX/bin/../lib/gcc/sh-none-elf/8.2.0/../../../../sh-none-elf/lib/libc.a(lib_a-impure.o)
 .text          0x0000000006024198       0x1e /joe/Compiler/LINUX/bin/../lib/gcc/sh-none-elf/8.2.0/../../../../sh-none-elf/lib/libc.a(lib_a-memcmp.o)
                0x0000000006024198                memcmp
 *fill*         0x00000000060241b6        0x2 
 .text          0x00000000060241b8       0x94 /joe/Compiler/LINUX/bin/../lib/gcc/sh-none-elf/8.2.0/../../../../sh-none-elf/lib/libc.a(lib_a-memcpy.o)
                0x00000000060241b8                memcpy
 .text          0x000000000602424c       0x40 /joe/Compiler/LINUX/bin/../lib/gcc/sh-none-elf/8.2.0/../../../../sh-none-elf/lib/libc.a(lib_a-memset.o)
                0x000000000602424c                memset
 .text          0x000000000602428c       0x58 /joe/Compiler/LINUX/bin/../lib/gcc/sh-none-elf/8.2.0/../../../../sh-none-elf/lib/libc.a(lib_a-rand.o)
                0x000000000602428c                srand
                0x00000000060242a0                rand
 .text          0x00000000060242e4       0x60 /joe/Compiler/LINUX/bin/../lib/gcc/sh-none-elf/8.2.0/../../../../sh-none-elf/lib/libc.a(lib_a-rget.o)
                0x00000000060242e4                __srget_r
                0x0000000006024330                __srget
 .text          0x0000000006024344       0x8c /joe/Compiler/LINUX/bin/../lib/gcc/sh-none-elf/8.2.0/../../../../sh-none-elf/lib/libc.a(lib_a-sprintf.o)
                0x0000000006024344                _sprintf_r
                0x0000000006024384                sprintf
 .text          0x00000000060243d0       0x22 /joe/Compiler/LINUX/bin/../lib/gcc/sh-none-elf/8.2.0/../../../../sh-none-elf/lib/libc.a(lib_a-strcat.o)
                0x00000000060243d0                strcat
 *fill*         0x00000000060243f2        0x2 
 .text          0x00000000060243f4       0x38 /joe/Compiler/LINUX/bin/../lib/gcc/sh-none-elf/8.2.0/../../../../sh-none-elf/lib/libc.a(lib_a-strcmp.o)
                0x00000000060243f4                strcmp
 .text          0x000000000602442c       0x3c /joe/Compiler/LINUX/bin/../lib/gcc/sh-none-elf/8.2.0/../../../../sh-none-elf/lib/libc.a(lib_a-strcpy.o)
                0x000000000602442c                strcpy
 .text          0x0000000006024468       0x20 /joe/Compiler/LINUX/bin/../lib/gcc/sh-none-elf/8.2.0/../../../../sh-none-elf/lib/libc.a(lib_a-strlen.o)
                0x0000000006024468                strlen
 .text          0x0000000006024488       0x2a /joe/Compiler/LINUX/bin/../lib/gcc/sh-none-elf/8.2.0/../../../../sh-none-elf/lib/libc.a(lib_a-strncmp.o)
                0x0000000006024488                strncmp
 .text          0x00000000060244b2       0x32 /joe/Compiler/LINUX/bin/../lib/gcc/sh-none-elf/8.2.0/../../../../sh-none-elf/lib/libc.a(lib_a-strncpy.o)
                0x00000000060244b2                strncpy
 .text          0x00000000060244e4       0x36 /joe/Compiler/LINUX/bin/../lib/gcc/sh-none-elf/8.2.0/../../../../sh-none-elf/lib/libc.a(lib_a-strstr.o)
                0x00000000060244e4                strstr
 *fill*         0x000000000602451a        0x2 
 .text          0x000000000602451c     0x1378 /joe/Compiler/LINUX/bin/../lib/gcc/sh-none-elf/8.2.0/../../../../sh-none-elf/lib/libc.a(lib_a-svfprintf.o)
                0x000000000602451c                _svfprintf_r
 .text          0x0000000006025894       0xdc /joe/Compiler/LINUX/bin/../lib/gcc/sh-none-elf/8.2.0/../../../../sh-none-elf/lib/libc.a(lib_a-wbuf.o)
                0x0000000006025894                __swbuf_r
                0x000000000602595c                __swbuf
 .text          0x0000000006025970       0xcc /joe/Compiler/LINUX/bin/../lib/gcc/sh-none-elf/8.2.0/../../../../sh-none-elf/lib/libc.a(lib_a-wsetup.o)
                0x0000000006025970                __swsetup_r
 .text          0x0000000006025a3c      0xef4 /joe/Compiler/LINUX/bin/../lib/gcc/sh-none-elf/8.2.0/../../../../sh-none-elf/lib/libc.a(lib_a-dtoa.o)
                0x0000000006025b70                _dtoa_r
 .text          0x0000000006026930      0x1a8 /joe/Compiler/LINUX/bin/../lib/gcc/sh-none-elf/8.2.0/../../../../sh-none-elf/lib/libc.a(lib_a-fflush.o)
                0x0000000006026930                __sflush_r
                0x0000000006026a70                _fflush_r
                0x0000000006026ab0                fflush
 .text          0x0000000006026ad8      0x218 /joe/Compiler/LINUX/bin/../lib/gcc/sh-none-elf/8.2.0/../../../../sh-none-elf/lib/libc.a(lib_a-findfp.o)
                0x0000000006026b34                _cleanup_r
                0x0000000006026b48                __sfmoreglue
                0x0000000006026b94                _cleanup
                0x0000000006026ba8                __sinit
                0x0000000006026bfc                __sfp
                0x0000000006026cb0                __sfp_lock_acquire
                0x0000000006026cb4                __sfp_lock_release
                0x0000000006026cb8                __sinit_lock_acquire
                0x0000000006026cbc                __sinit_lock_release
                0x0000000006026cc0                __fp_lock_all
                0x0000000006026cd8                __fp_unlock_all
 .text          0x0000000006026cf0       0xb4 /joe/Compiler/LINUX/bin/../lib/gcc/sh-none-elf/8.2.0/../../../../sh-none-elf/lib/libc.a(lib_a-fwalk.o)
                0x0000000006026cf0                _fwalk
                0x0000000006026d46                _fwalk_reent
 .text          0x0000000006026da4       0x40 /joe/Compiler/LINUX/bin/../lib/gcc/sh-none-elf/8.2.0/../../../../sh-none-elf/lib/libc.a(lib_a-localeconv.o)
                0x0000000006026da4                __localeconv_l
                0x0000000006026dac                _localeconv_r
                0x0000000006026dc8                localeconv
 .text          0x0000000006026de4       0xa8 /joe/Compiler/LINUX/bin/../lib/gcc/sh-none-elf/8.2.0/../../../../sh-none-elf/lib/libc.a(lib_a-locale.o)
                0x0000000006026de4                _setlocale_r
                0x0000000006026e30                __locale_mb_cur_max
                0x0000000006026e50                __locale_ctype_ptr_l
                0x0000000006026e5a                __locale_ctype_ptr
                0x0000000006026e78                setlocale
 .text          0x0000000006026e8c      0x110 /joe/Compiler/LINUX/bin/../lib/gcc/sh-none-elf/8.2.0/../../../../sh-none-elf/lib/libc.a(lib_a-makebuf.o)
                0x0000000006026e8c                __swhatbuf_r
                0x0000000006026ef0                __smakebuf_r
 .text          0x0000000006026f9c       0x4c /joe/Compiler/LINUX/bin/../lib/gcc/sh-none-elf/8.2.0/../../../../sh-none-elf/lib/libc.a(lib_a-mbtowc_r.o)
                0x0000000006026f9c                _mbtowc_r
                0x0000000006026fc0                __ascii_mbtowc
 .text          0x0000000006026fe8       0x1c /joe/Compiler/LINUX/bin/../lib/gcc/sh-none-elf/8.2.0/../../../../sh-none-elf/lib/libc.a(lib_a-memchr.o)
                0x0000000006026fe8                memchr
 .text          0x0000000006027004      0xa9c /joe/Compiler/LINUX/bin/../lib/gcc/sh-none-elf/8.2.0/../../../../sh-none-elf/lib/libc.a(lib_a-mprec.o)
                0x0000000006027004                _Balloc
                0x0000000006027078                _Bfree
                0x0000000006027090                __multadd
                0x0000000006027138                __s2b
                0x00000000060271f8                __hi0bits
                0x000000000602724c                __lo0bits
                0x00000000060272b0                __i2b
                0x00000000060272cc                __multiply
                0x0000000006027410                __pow5mult
                0x00000000060274cc                __lshift
                0x00000000060275c0                __mcmp
                0x00000000060275f8                __mdiff
                0x00000000060276d4                __ulp
                0x0000000006027740                __b2d
                0x0000000006027828                __d2b
                0x0000000006027914                __ratio
                0x0000000006027998                _mprec_log10
                0x00000000060279f0                __copybits
                0x0000000006027a34                __any_on
 .text          0x0000000006027aa0      0x14c /joe/Compiler/LINUX/bin/../lib/gcc/sh-none-elf/8.2.0/../../../../sh-none-elf/lib/libc.a(lib_a-refill.o)
                0x0000000006027ab8                __srefill_r
 .text          0x0000000006027bec       0xe0 /joe/Compiler/LINUX/bin/../lib/gcc/sh-none-elf/8.2.0/../../../../sh-none-elf/lib/libc.a(lib_a-stdio.o)
                0x0000000006027bec                __sread
                0x0000000006027c28                __seofread
                0x0000000006027c2c                __swrite
                0x0000000006027c7c                __sseek
                0x0000000006027cbc                __sclose
 .text          0x0000000006027ccc      0xa60 /joe/Compiler/LINUX/bin/../lib/gcc/sh-none-elf/8.2.0/../../../../sh-none-elf/lib/libc.a(lib_a-svfiprintf.o)
                0x0000000006027ccc                __ssprint_r
                0x0000000006027e00                _svfiprintf_r
 .text          0x000000000602872c       0x40 /joe/Compiler/LINUX/bin/../lib/gcc/sh-none-elf/8.2.0/../../../../sh-none-elf/lib/libc.a(lib_a-wctomb_r.o)
                0x000000000602872c                _wctomb_r
                0x000000000602874c                __ascii_wctomb
 .text          0x000000000602876c       0x34 /joe/Compiler/LINUX/bin/../lib/gcc/sh-none-elf/8.2.0/../../../../sh-none-elf/lib/libc.a(lib_a-writer.o)
                0x000000000602876c                _write_r
 .text          0x00000000060287a0       0x30 /joe/Compiler/LINUX/bin/../lib/gcc/sh-none-elf/8.2.0/../../../../sh-none-elf/lib/libc.a(lib_a-closer.o)
                0x00000000060287a0                _close_r
 .text          0x00000000060287d0        0x0 /joe/Compiler/LINUX/bin/../lib/gcc/sh-none-elf/8.2.0/../../../../sh-none-elf/lib/libc.a(lib_a-ctype_.o)
 .text          0x00000000060287d0       0xc8 /joe/Compiler/LINUX/bin/../lib/gcc/sh-none-elf/8.2.0/../../../../sh-none-elf/lib/libc.a(lib_a-fclose.o)
                0x00000000060287d0                _fclose_r
                0x0000000006028884                fclose
 .text          0x0000000006028898       0x34 /joe/Compiler/LINUX/bin/../lib/gcc/sh-none-elf/8.2.0/../../../../sh-none-elf/lib/libc.a(lib_a-fstatr.o)
                0x0000000006028898                _fstat_r
 .text          0x00000000060288cc       0x30 /joe/Compiler/LINUX/bin/../lib/gcc/sh-none-elf/8.2.0/../../../../sh-none-elf/lib/libc.a(lib_a-isattyr.o)
                0x00000000060288cc                _isatty_r
 .text          0x00000000060288fc       0x34 /joe/Compiler/LINUX/bin/../lib/gcc/sh-none-elf/8.2.0/../../../../sh-none-elf/lib/libc.a(lib_a-lseekr.o)
                0x00000000060288fc                _lseek_r
 .text          0x0000000006028930       0x3c /joe/Compiler/LINUX/bin/../lib/gcc/sh-none-elf/8.2.0/../../../../sh-none-elf/lib/libc.a(lib_a-memmove.o)
                0x0000000006028930                memmove
 .text          0x000000000602896c       0x34 /joe/Compiler/LINUX/bin/../lib/gcc/sh-none-elf/8.2.0/../../../../sh-none-elf/lib/libc.a(lib_a-readr.o)
                0x000000000602896c                _read_r
 .text          0x00000000060289a0      0x100 /joe/Compiler/LINUX/bin/../lib/gcc/sh-none-elf/8.2.0/../../../../sh-none-elf/lib/libc.a(lib_a-reent.o)
                0x00000000060289a0                cleanup_glue
                0x00000000060289cc                _reclaim_reent
 .text          0x0000000006028aa0      0x25c /joe/Compiler/LINUX/bin/../lib/gcc/sh-none-elf/8.2.0/../../../../sh-none-elf/lib/libc.a(lib_a-syscalls.o)
                0x0000000006028b18                _read
                0x0000000006028b28                _lseek
                0x0000000006028b38                _write
                0x0000000006028b48                _close
                0x0000000006028b58                _link
                0x0000000006028b5c                _sbrk
                0x0000000006028bb4                _fstat
                0x0000000006028bbe                _open
                0x0000000006028bd0                _creat
                0x0000000006028be0                _unlink
                0x0000000006028be4                isatty
                0x0000000006028be8                _isatty
                0x0000000006028bec                _exit
                0x0000000006028bfc                _kill
                0x0000000006028c10                _getpid
                0x0000000006028c14                _raise
                0x0000000006028c18                _stat
                0x0000000006028c28                _chmod
                0x0000000006028c38                _chown
                0x0000000006028c48                _utime
                0x0000000006028c5c                _fork
                0x0000000006028c68                _wait
                0x0000000006028c78                _execve
                0x0000000006028c88                _execv
                0x0000000006028c98                _pipe
                0x0000000006028ca4                _times
                0x0000000006028ca8                _gettimeofday
                0x0000000006028cd0                __setup_argv_and_call_main
 .text          0x0000000006028cfc       0x14 /joe/Compiler/LINUX/bin/../lib/gcc/sh-none-elf/8.2.0/../../../../sh-none-elf/lib/libc.a(lib_a-trap.o)
                0x0000000006028cfc                __trap34
 .text          0x0000000006028d10       0x18 /joe/Compiler/LINUX/bin/../lib/gcc/sh-none-elf/8.2.0/../../../../sh-none-elf/lib/libc.a(lib_a-abort.o)
                0x0000000006028d10                abort
 .text          0x0000000006028d28      0x1b0 /joe/Compiler/LINUX/bin/../lib/gcc/sh-none-elf/8.2.0/../../../../sh-none-elf/lib/libc.a(lib_a-signal.o)
                0x0000000006028d28                _init_signal_r
                0x0000000006028d64                _signal_r
                0x0000000006028db0                _raise_r
                0x0000000006028e28                __sigtramp_r
                0x0000000006028e8c                raise
                0x0000000006028ea0                signal
                0x0000000006028eb4                _init_signal
                0x0000000006028ec4                __sigtramp
 .text          0x0000000006028ed8       0x40 /joe/Compiler/LINUX/bin/../lib/gcc/sh-none-elf/8.2.0/../../../../sh-none-elf/lib/libc.a(lib_a-signalr.o)
                0x0000000006028ed8                _kill_r
                0x0000000006028f0c                _getpid_r
 .text          0x0000000006028f18       0x80 /joe/Compiler/LINUX/bin/../lib/gcc/sh-none-elf/8.2.0/libgcc.a(_ashiftrt_n.o)
                0x0000000006028f18                __ashrsi3
 .text          0x0000000006028f98       0xbc /joe/Compiler/LINUX/bin/../lib/gcc/sh-none-elf/8.2.0/libgcc.a(_ashiftlt.o)
                0x0000000006028f98                __ashlsi3
                0x0000000006028f9c                __ashlsi3_r0
 .text          0x0000000006029054       0xbc /joe/Compiler/LINUX/bin/../lib/gcc/sh-none-elf/8.2.0/libgcc.a(_lshiftrt.o)
                0x0000000006029054                __lshrsi3
                0x0000000006029058                __lshrsi3_r0
 .text          0x0000000006029110      0x258 /joe/Compiler/LINUX/bin/../lib/gcc/sh-none-elf/8.2.0/libgcc.a(_udivdi3.o)
                0x0000000006029110                __udivdi3
 .text          0x0000000006029368      0x2bc /joe/Compiler/LINUX/bin/../lib/gcc/sh-none-elf/8.2.0/libgcc.a(_umoddi3.o)
                0x0000000006029368                __umoddi3
 .text          0x0000000006029624      0x3b4 /joe/Compiler/LINUX/bin/../lib/gcc/sh-none-elf/8.2.0/libgcc.a(_addsub_df.o)
                0x0000000006029934                __adddf3
                0x0000000006029984                __subdf3
 .text          0x00000000060299d8      0x208 /joe/Compiler/LINUX/bin/../lib/gcc/sh-none-elf/8.2.0/libgcc.a(_mul_df.o)
                0x00000000060299d8                __muldf3
 .text          0x0000000006029be0      0x130 /joe/Compiler/LINUX/bin/../lib/gcc/sh-none-elf/8.2.0/libgcc.a(_div_df.o)
                0x0000000006029be0                __divdf3
 .text          0x0000000006029d10       0x58 /joe/Compiler/LINUX/bin/../lib/gcc/sh-none-elf/8.2.0/libgcc.a(_eq_df.o)
                0x0000000006029d10                __eqdf2
 .text          0x0000000006029d68       0x58 /joe/Compiler/LINUX/bin/../lib/gcc/sh-none-elf/8.2.0/libgcc.a(_ne_df.o)
                0x0000000006029d68                __nedf2
 .text          0x0000000006029dc0       0x50 /joe/Compiler/LINUX/bin/../lib/gcc/sh-none-elf/8.2.0/libgcc.a(_gt_df.o)
                0x0000000006029dc0                __gtdf2
 .text          0x0000000006029e10       0x50 /joe/Compiler/LINUX/bin/../lib/gcc/sh-none-elf/8.2.0/libgcc.a(_ge_df.o)
                0x0000000006029e10                __gedf2
 .text          0x0000000006029e60       0x58 /joe/Compiler/LINUX/bin/../lib/gcc/sh-none-elf/8.2.0/libgcc.a(_lt_df.o)
                0x0000000006029e60                __ltdf2
 .text          0x0000000006029eb8       0x58 /joe/Compiler/LINUX/bin/../lib/gcc/sh-none-elf/8.2.0/libgcc.a(_le_df.o)
                0x0000000006029eb8                __ledf2
 .text          0x0000000006029f10       0x40 /joe/Compiler/LINUX/bin/../lib/gcc/sh-none-elf/8.2.0/libgcc.a(_unord_df.o)
                0x0000000006029f10                __unorddf2
 .text          0x0000000006029f50       0xa8 /joe/Compiler/LINUX/bin/../lib/gcc/sh-none-elf/8.2.0/libgcc.a(_si_to_df.o)
                0x0000000006029f50                __floatsidf
 .text          0x0000000006029ff8       0xa4 /joe/Compiler/LINUX/bin/../lib/gcc/sh-none-elf/8.2.0/libgcc.a(_df_to_si.o)
                0x0000000006029ff8                __fixdfsi
 .text          0x000000000602a09c        0x0 /joe/Compiler/LINUX/bin/../lib/gcc/sh-none-elf/8.2.0/libgcc.a(_thenan_df.o)
 .text          0x000000000602a09c       0x88 /joe/Compiler/LINUX/bin/../lib/gcc/sh-none-elf/8.2.0/libgcc.a(_usi_to_df.o)
                0x000000000602a09c                __floatunsidf
 *fill*         0x000000000602a124        0x4 
 .text          0x000000000602a128       0x60 /joe/Compiler/LINUX/bin/../lib/gcc/sh-none-elf/8.2.0/libgcc.a(_udiv_qrnnd_16.o)
                0x000000000602a128                __udiv_qrnnd_16
 .text          0x000000000602a188        0x0 /joe/Compiler/LINUX/bin/../lib/gcc/sh-none-elf/8.2.0/libgcc.a(_clz.o)
 .text          0x000000000602a188       0x58 /joe/Compiler/LINUX/bin/../lib/gcc/sh-none-elf/8.2.0/libgcc.a(_clzsi2.o)
                0x000000000602a188                __clzsi2
 .text          0x000000000602a1e0      0x25c /joe/Compiler/LINUX/bin/../lib/gcc/sh-none-elf/8.2.0/libgcc.a(_pack_df.o)
                0x000000000602a1e0                __pack_d
 .text          0x000000000602a43c       0xcc /joe/Compiler/LINUX/bin/../lib/gcc/sh-none-elf/8.2.0/libgcc.a(_unpack_df.o)
                0x000000000602a43c                __unpack_d
 .text          0x000000000602a508       0xc8 /joe/Compiler/LINUX/bin/../lib/gcc/sh-none-elf/8.2.0/libgcc.a(_fpcmp_parts_df.o)
                0x000000000602a508                __fpcmp_parts_d
 *(.strings)
 *(SEGA_P)
 *(.eh_frame_hdr)
 *(.eh_frame)
 .eh_frame      0x000000000602a5d0       0xa8 /joe/Compiler/LINUX/bin/../lib/gcc/sh-none-elf/8.2.0/libgcc.a(_udivdi3.o)
 .eh_frame      0x000000000602a678       0xdc /joe/Compiler/LINUX/bin/../lib/gcc/sh-none-elf/8.2.0/libgcc.a(_umoddi3.o)
                0x000000000602a754                __etext = .

.text.startup   0x000000000602a760      0xc20
 .text.startup  0x000000000602a760      0xc14 /tmp/ccKGiHoL.ltrans0.ltrans.o
                0x000000000602a760                main

SLPROG          0x000000000602b380    0x158a0
                0x000000000602b380                __slprog_start = .
 *(SLPROG)
 SLPROG         0x000000000602b380     0x6540 /joe/Compiler/COMMON/SGL_302j/LIB_ELF/SGLAREA.O
                0x000000000602b380                MasterStack
                0x000000000602b384                SlaveStack
                0x000000000602b388                MaxVertices
                0x000000000602b38a                MaxPolygons
                0x000000000602b38c                SortList
                0x000000000602b390                SortListSize
                0x000000000602b394                TransList
                0x000000000602b398                Zbuffer
                0x000000000602b39c                SpriteBuf
                0x000000000602b3a0                SpriteBufSize
                0x000000000602b3a4                Pbuffer
                0x000000000602b3a8                CommandBuf
                0x000000000602b3ac                CLOfstBuf
                0x000000000602b3b0                PCM_Work
                0x000000000602b3b4                PCM_WkSize
                0x000000000602b3b8                MaxEvents
                0x000000000602b3ba                EventSize
                0x000000000602b3bc                MaxWorks
                0x000000000602b3be                WorkSize
                0x000000000602b3c0                RemainEvent
                0x000000000602b4c0                RemainWork
                0x000000000602b8c0                EventBuf
                0x000000000602d8c0                WorkBuf
 SLPROG         0x00000000060318c0     0x411e /joe/Compiler/COMMON/SGL_302j/LIB_ELF/LIBSGL.A(sglA01.o)
                0x00000000060318c0                slSin
                0x00000000060318e4                slCos
                0x0000000006031908                GetSinCos
                0x000000000603199c                sin_cos_index_tbl
                0x00000000060319dc                sin_tbl
 *fill*         0x00000000060359de        0x2 
 SLPROG         0x00000000060359e0       0x18 /joe/Compiler/COMMON/SGL_302j/LIB_ELF/LIBSGL.A(sglA15.o)
                0x00000000060359e0                slSlaveFunc
 *fill*         0x00000000060359f8        0x8 
 SLPROG         0x0000000006035a00       0xd0 /joe/Compiler/COMMON/SGL_302j/LIB_ELF/LIBSGL.A(sglA16.o)
                0x0000000006035a00                slLookAt
 SLPROG         0x0000000006035ad0       0x78 /joe/Compiler/COMMON/SGL_302j/LIB_ELF/LIBSGL.A(sglA17.o)
                0x0000000006035ad0                slRotZ
                0x0000000006035ada                slRotZSC
 *fill*         0x0000000006035b48        0x8 
 SLPROG         0x0000000006035b50       0x78 /joe/Compiler/COMMON/SGL_302j/LIB_ELF/LIBSGL.A(sglA18.o)
                0x0000000006035b50                slRotY
                0x0000000006035b5a                slRotYSC
 *fill*         0x0000000006035bc8        0x8 
 SLPROG         0x0000000006035bd0       0x78 /joe/Compiler/COMMON/SGL_302j/LIB_ELF/LIBSGL.A(sglA19.o)
                0x0000000006035bd0                slRotX
                0x0000000006035bda                slRotXSC
 *fill*         0x0000000006035c48        0x8 
 SLPROG         0x0000000006035c50      0x42c /joe/Compiler/COMMON/SGL_302j/LIB_ELF/LIBSGL.A(sglA20.o)
                0x0000000006035c50                slInitMatrix
                0x0000000006035c5a                slPushUnitMatrix
                0x0000000006035c6e                slUnitMatrix
 *fill*         0x000000000603607c        0x4 
 SLPROG         0x0000000006036080       0x48 /joe/Compiler/COMMON/SGL_302j/LIB_ELF/LIBSGL.A(sglA21.o)
                0x0000000006036080                slPushMatrix
                0x00000000060360b4                slPopMatrix
                0x00000000060360b4                slDecMatrixPtr
 *fill*         0x00000000060360c8        0x8 
 SLPROG         0x00000000060360d0       0x50 /joe/Compiler/COMMON/SGL_302j/LIB_ELF/LIBSGL.A(sglA27.o)
                0x00000000060360d0                slTranslate
 SLPROG         0x0000000006036120       0x70 /joe/Compiler/COMMON/SGL_302j/LIB_ELF/LIBSGL.A(sglA28.o)
                0x0000000006036120                slScale
 SLPROG         0x0000000006036190       0x22 /joe/Compiler/COMMON/SGL_302j/LIB_ELF/LIBSGL.A(sglA40.o)
                0x0000000006036190                slCalcVector
 *fill*         0x00000000060361b2        0xe 
 SLPROG         0x00000000060361c0       0x20 /joe/Compiler/COMMON/SGL_302j/LIB_ELF/LIBSGL.A(sglB001.o)
                0x00000000060361c0                slTVOn
                0x00000000060361ca                slTVOff
 SLPROG         0x00000000060361e0       0x24 /joe/Compiler/COMMON/SGL_302j/LIB_ELF/LIBSGL.A(sglB011.o)
                0x00000000060361e0                slBitMapNbg1
 *fill*         0x0000000006036204        0xc 
 SLPROG         0x0000000006036210        0x8 /joe/Compiler/COMMON/SGL_302j/LIB_ELF/LIBSGL.A(sglB014.o)
                0x0000000006036210                slScrTransparent
 *fill*         0x0000000006036218        0x8 
 SLPROG         0x0000000006036220      0x40c /joe/Compiler/COMMON/SGL_302j/LIB_ELF/LIBSGL.A(sglB015.o)
                0x0000000006036220                slScrAutoDisp
 *fill*         0x000000000603662c        0x4 
 SLPROG         0x0000000006036630        0xc /joe/Compiler/COMMON/SGL_302j/LIB_ELF/LIBSGL.A(sglB016.o)
                0x0000000006036630                slBack1ColSet
 *fill*         0x000000000603663c        0x4 
 SLPROG         0x0000000006036640       0x10 /joe/Compiler/COMMON/SGL_302j/LIB_ELF/LIBSGL.A(sglB020.o)
                0x0000000006036640                slColorCalc
 SLPROG         0x0000000006036650        0xc /joe/Compiler/COMMON/SGL_302j/LIB_ELF/LIBSGL.A(sglB021.o)
                0x0000000006036650                slColorCalcOn
 *fill*         0x000000000603665c        0x4 
 SLPROG         0x0000000006036660        0xc /joe/Compiler/COMMON/SGL_302j/LIB_ELF/LIBSGL.A(sglB023.o)
                0x0000000006036660                slColRate
 *fill*         0x000000000603666c        0x4 
 SLPROG         0x0000000006036670       0xb0 /joe/Compiler/COMMON/SGL_302j/LIB_ELF/LIBSGL.A(sglB031.o)
                0x0000000006036670                slMapNbg0
 SLPROG         0x0000000006036720       0xb4 /joe/Compiler/COMMON/SGL_302j/LIB_ELF/LIBSGL.A(sglB032.o)
                0x0000000006036720                slMapNbg1
 *fill*         0x00000000060367d4        0xc 
 SLPROG         0x00000000060367e0       0xb0 /joe/Compiler/COMMON/SGL_302j/LIB_ELF/LIBSGL.A(sglB033.o)
                0x00000000060367e0                slMapNbg2
 SLPROG         0x0000000006036890       0xb4 /joe/Compiler/COMMON/SGL_302j/LIB_ELF/LIBSGL.A(sglB034.o)
                0x0000000006036890                slMapNbg3
 *fill*         0x0000000006036944        0xc 
 SLPROG         0x0000000006036950       0xd4 /joe/Compiler/COMMON/SGL_302j/LIB_ELF/LIBSGL.A(sglB035.o)
                0x0000000006036950                sl1MapRA
                0x00000000060369e2                rbank_set
 *fill*         0x0000000006036a24        0xc 
 SLPROG         0x0000000006036a30       0xa0 /joe/Compiler/COMMON/SGL_302j/LIB_ELF/LIBSGL.A(sglB036.o)
                0x0000000006036a30                sl1MapRB
 SLPROG         0x0000000006036ad0       0x70 /joe/Compiler/COMMON/SGL_302j/LIB_ELF/LIBSGL.A(sglB038.o)
                0x0000000006036ad0                slRparaInitSet
 SLPROG         0x0000000006036b40       0x7e /joe/Compiler/COMMON/SGL_302j/LIB_ELF/LIBSGL.A(sglB039.o)
                0x0000000006036b40                slMakeKtable
 *fill*         0x0000000006036bbe        0x2 
 SLPROG         0x0000000006036bc0       0x58 /joe/Compiler/COMMON/SGL_302j/LIB_ELF/LIBSGL.A(sglB040.o)
                0x0000000006036bc0                slKtableRA
 *fill*         0x0000000006036c18        0x8 
 SLPROG         0x0000000006036c20       0x5c /joe/Compiler/COMMON/SGL_302j/LIB_ELF/LIBSGL.A(sglB041.o)
                0x0000000006036c20                slKtableRB
 *fill*         0x0000000006036c7c        0x4 
 SLPROG         0x0000000006036c80       0x10 /joe/Compiler/COMMON/SGL_302j/LIB_ELF/LIBSGL.A(sglB042.o)
                0x0000000006036c80                slCurRpara
 SLPROG         0x0000000006036c90        0x8 /joe/Compiler/COMMON/SGL_302j/LIB_ELF/LIBSGL.A(sglB043.o)
                0x0000000006036c90                slRparaMode
 *fill*         0x0000000006036c98        0x8 
 SLPROG         0x0000000006036ca0      0x4e4 /joe/Compiler/COMMON/SGL_302j/LIB_ELF/LIBSGL.A(sglB044.o)
                0x0000000006036ca0                slScrMatSet
 *fill*         0x0000000006037184        0xc 
 SLPROG         0x0000000006037190       0x28 /joe/Compiler/COMMON/SGL_302j/LIB_ELF/LIBSGL.A(sglB045.o)
                0x0000000006037190                slScrMatConv
 *fill*         0x00000000060371b8        0x8 
 SLPROG         0x00000000060371c0        0xc /joe/Compiler/COMMON/SGL_302j/LIB_ELF/LIBSGL.A(sglB047.o)
                0x00000000060371c0                slOverRA
 *fill*         0x00000000060371cc        0x4 
 SLPROG         0x00000000060371d0       0x10 /joe/Compiler/COMMON/SGL_302j/LIB_ELF/LIBSGL.A(sglB048.o)
                0x00000000060371d0                slOverRB
 SLPROG         0x00000000060371e0        0xc /joe/Compiler/COMMON/SGL_302j/LIB_ELF/LIBSGL.A(sglB055.o)
                0x00000000060371e0                slPlaneNbg0
 *fill*         0x00000000060371ec        0x4 
 SLPROG         0x00000000060371f0        0xc /joe/Compiler/COMMON/SGL_302j/LIB_ELF/LIBSGL.A(sglB056.o)
                0x00000000060371f0                slPlaneNbg1
 *fill*         0x00000000060371fc        0x4 
 SLPROG         0x0000000006037200       0x10 /joe/Compiler/COMMON/SGL_302j/LIB_ELF/LIBSGL.A(sglB057.o)
                0x0000000006037200                slPlaneNbg2
 SLPROG         0x0000000006037210       0x10 /joe/Compiler/COMMON/SGL_302j/LIB_ELF/LIBSGL.A(sglB058.o)
                0x0000000006037210                slPlaneNbg3
 SLPROG         0x0000000006037220        0xc /joe/Compiler/COMMON/SGL_302j/LIB_ELF/LIBSGL.A(sglB059.o)
                0x0000000006037220                slPlaneRA
 *fill*         0x000000000603722c        0x4 
 SLPROG         0x0000000006037230       0x10 /joe/Compiler/COMMON/SGL_302j/LIB_ELF/LIBSGL.A(sglB060.o)
                0x0000000006037230                slPlaneRB
 SLPROG         0x0000000006037240        0xc /joe/Compiler/COMMON/SGL_302j/LIB_ELF/LIBSGL.A(sglB063.o)
                0x0000000006037240                slPriority
 *fill*         0x000000000603724c        0x4 
 SLPROG         0x0000000006037250       0x18 /joe/Compiler/COMMON/SGL_302j/LIB_ELF/LIBSGL.A(sglB087.o)
                0x0000000006037250                slLineScrollTable0
 *fill*         0x0000000006037268        0x8 
 SLPROG         0x0000000006037270        0x8 /joe/Compiler/COMMON/SGL_302j/LIB_ELF/LIBSGL.A(sglB088.o)
                0x0000000006037270                slLineScrollTable1
 *fill*         0x0000000006037278        0x8 
 SLPROG         0x0000000006037280        0xc /joe/Compiler/COMMON/SGL_302j/LIB_ELF/LIBSGL.A(sglB090.o)
                0x0000000006037280                slLineScrollMode
 *fill*         0x000000000603728c        0x4 
 SLPROG         0x0000000006037290      0x114 /joe/Compiler/COMMON/SGL_302j/LIB_ELF/LIBSGL.A(sglB200.o)
                0x0000000006037290                slCharRbg0
                0x000000000603729c                slCharNbg0
                0x00000000060372a8                slCharNbg1
                0x00000000060372b4                slCharNbg2
                0x00000000060372ca                slCharNbg3
                0x00000000060372e2                slPageRbg0
                0x00000000060372f8                slPageNbg1
                0x0000000006037300                slPageNbg2
                0x0000000006037308                slPageNbg3
                0x0000000006037314                slPageNbg0
 *fill*         0x00000000060373a4        0xc 
 SLPROG         0x00000000060373b0       0x6c /joe/Compiler/COMMON/SGL_302j/LIB_ELF/LIBSGL.A(sglC01.o)
                0x00000000060373b0                slPerspective
 *fill*         0x000000000603741c        0x4 
 SLPROG         0x0000000006037420       0xc4 /joe/Compiler/COMMON/SGL_302j/LIB_ELF/LIBSGL.A(sglC03.o)
                0x0000000006037420                slWindow
 *fill*         0x00000000060374e4        0xc 
 SLPROG         0x00000000060374f0       0x2c /joe/Compiler/COMMON/SGL_302j/LIB_ELF/LIBSGL.A(sglC04.o)
                0x00000000060374f0                slZdspLevel
 *fill*         0x000000000603751c        0x4 
 SLPROG         0x0000000006037520       0x78 /joe/Compiler/COMMON/SGL_302j/LIB_ELF/LIBSGL.A(sglC05.o)
                0x0000000006037520                slSetSprite
 *fill*         0x0000000006037598        0x8 
 SLPROG         0x00000000060375a0       0xfa /joe/Compiler/COMMON/SGL_302j/LIB_ELF/LIBSGL.A(sglC06.o)
                0x00000000060375a0                slDispSprite
 *fill*         0x000000000603769a        0x6 
 SLPROG         0x00000000060376a0      0x162 /joe/Compiler/COMMON/SGL_302j/LIB_ELF/LIBSGL.A(sglC07.o)
                0x00000000060376a6                slPutSprite
 *fill*         0x0000000006037802        0xe 
 SLPROG         0x0000000006037810     0x1218 /joe/Compiler/COMMON/SGL_302j/LIB_ELF/LIBSGL.A(sglC08.o)
                0x0000000006037810                slPutPolygon
                0x000000000603848c                MsCalcDepthFlat
 *fill*         0x0000000006038a28        0x8 
 SLPROG         0x0000000006038a30       0x8c /joe/Compiler/COMMON/SGL_302j/LIB_ELF/LIBSGL.A(sglC14.o)
                0x0000000006038a30                slCurWindow
 *fill*         0x0000000006038abc        0x4 
 SLPROG         0x0000000006038ac0       0x54 /joe/Compiler/COMMON/SGL_302j/LIB_ELF/LIBSGL.A(sglC16.o)
                0x0000000006038ac0                slDynamicFrame
 *fill*         0x0000000006038b14        0xc 
 SLPROG         0x0000000006038b20       0x4c /joe/Compiler/COMMON/SGL_302j/LIB_ELF/LIBSGL.A(sglC17.o)
                0x0000000006038b20                slDispSpriteHV
 *fill*         0x0000000006038b6c        0x4 
 SLPROG         0x0000000006038b70       0xd4 /joe/Compiler/COMMON/SGL_302j/LIB_ELF/LIBSGL.A(sglC19.o)
                0x0000000006038b70                slDispSprite4P
 *fill*         0x0000000006038c44        0xc 
 SLPROG         0x0000000006038c50       0x40 /joe/Compiler/COMMON/SGL_302j/LIB_ELF/LIBSGL.A(sglC20.o)
                0x0000000006038c50                SpriteEntry
 SLPROG         0x0000000006038c90      0x4ae /joe/Compiler/COMMON/SGL_302j/LIB_ELF/LIBSGL.A(sglC21.o)
                0x0000000006038d18                RotSprite
                0x0000000006038da6                SetSprPosition
 *fill*         0x000000000603913e        0x2 
 SLPROG         0x0000000006039140       0x84 /joe/Compiler/COMMON/SGL_302j/LIB_ELF/LIBSGL.A(sglD00.o)
                0x0000000006039140                slDMACopy
                0x0000000006039140                slCpuDMACopy
                0x000000000603919a                slCashPurge
                0x000000000603919a                CSH_AllClr
 *fill*         0x00000000060391c4        0xc 
 SLPROG         0x00000000060391d0       0xa0 /joe/Compiler/COMMON/SGL_302j/LIB_ELF/LIBSGL.A(sglD01.o)
                0x00000000060391d0                slDMAXCopy
 SLPROG         0x0000000006039270       0x10 /joe/Compiler/COMMON/SGL_302j/LIB_ELF/LIBSGL.A(sglD02.o)
                0x0000000006039270                slDMAWait
 SLPROG         0x0000000006039280        0xc /joe/Compiler/COMMON/SGL_302j/LIB_ELF/LIBSGL.A(sglD03.o)
                0x0000000006039280                slDMAStatus
 *fill*         0x000000000603928c        0x4 
 SLPROG         0x0000000006039290       0x20 /joe/Compiler/COMMON/SGL_302j/LIB_ELF/LIBSGL.A(sglD15.o)
                0x0000000006039290                CSH_Purge
 SLPROG         0x00000000060392b0       0x84 /joe/Compiler/COMMON/SGL_302j/LIB_ELF/LIBSGL.A(sglD16.o)
                0x00000000060392b0                DMA_ScuSetPrm
                0x00000000060392f8                DMA_SCU_PRM0
 *fill*         0x0000000006039334        0xc 
 SLPROG         0x0000000006039340       0x88 /joe/Compiler/COMMON/SGL_302j/LIB_ELF/LIBSGL.A(sglD17.o)
                0x0000000006039340                DMA_ScuStart
 *fill*         0x00000000060393c8        0x8 
 SLPROG         0x00000000060393d0       0x34 /joe/Compiler/COMMON/SGL_302j/LIB_ELF/LIBSGL.A(sglD18.o)
                0x00000000060393d0                DMA_ScuGetStatus
 *fill*         0x0000000006039404        0xc 
 SLPROG         0x0000000006039410       0x34 /joe/Compiler/COMMON/SGL_302j/LIB_ELF/LIBSGL.A(sglF08.o)
                0x0000000006039410                slDec2Hex
 *fill*         0x0000000006039444        0xc 
 SLPROG         0x0000000006039450      0xfc8 /joe/Compiler/COMMON/SGL_302j/LIB_ELF/LIBSGL.A(sglH00.o)
                0x0000000006039468                slGetPortDir1
                0x0000000006039470                slGetPortDir2
                0x0000000006039478                slSetPortDir1
                0x00000000060394a2                slSetPortDir2
                0x00000000060394dc                slGetPortData1
                0x00000000060394e4                slGetPortData2
                0x00000000060394ec                slSetPortData1
                0x00000000060394f6                slSetPortData2
                0x0000000006039508                slGetPortSelect1
                0x0000000006039512                slGetPortSelect2
                0x000000000603951c                slSetPortSelect1
                0x0000000006039550                slSetPortSelect2
                0x000000000603958c                slGetPortExt1
                0x0000000006039596                slGetPortExt2
                0x00000000060395a0                slSetPortExt1
                0x00000000060395d0                slSetPortExt2
                0x0000000006039744                slSmpcDirectAccess
                0x00000000060397c4                slInitPeripheral
                0x0000000006039856                slSetResultBuffer
                0x00000000060398e2                slCheckIntBackSet
                0x00000000060398ee                slIntBackCancel
                0x0000000006039918                slCheckReset
                0x0000000006039922                slClearReset
                0x0000000006039ae8                slSmpcCashSend
                0x0000000006039ba4                slSmpcCashBlow
                0x0000000006039c80                slGetOptimize
                0x0000000006039c8a                slSetOptimize
                0x0000000006039cb0                slGetPortMode1
                0x0000000006039cbc                slGetPortMode2
                0x0000000006039cca                slSetPortMode1
                0x0000000006039d08                slSetPortMode2
                0x0000000006039e94                slRequestCommand
                0x0000000006039f04                Smpc_Status
                0x0000000006039f08                Smpc_Result
                0x0000000006039f0c                Smpc_Peripheral
                0x0000000006039f12                Per_Connect1
                0x0000000006039f13                Per_Connect2
                0x0000000006039f34                SmpcStatusBuf
 *fill*         0x000000000603a418        0x8 
 SLPROG         0x000000000603a420       0xa8 /joe/Compiler/COMMON/SGL_302j/LIB_ELF/LIBSGL.A(sglH01.o)
                0x000000000603a420                slGetLanguage
                0x000000000603a42a                slSetLanguage
                0x000000000603a44c                slGetSoundEffect
                0x000000000603a458                slSetSoundEffect
                0x000000000603a474                slGetSoundOutput
                0x000000000603a480                slSetSoundOutput
                0x000000000603a49c                slGetHelpWindow
                0x000000000603a4a8                slSetHelpWindow
 *fill*         0x000000000603a4c8        0x8 
 SLPROG         0x000000000603a4d0      0x470 /joe/Compiler/COMMON/SGL_302j/LIB_ELF/LIBSGL.A(sglH02.o)
                0x000000000603a8c0                smpc_pfr_tbl
                0x000000000603a900                smpc_ptf_tbl
 SLPROG         0x000000000603a940       0x60 /joe/Compiler/COMMON/SGL_302j/LIB_ELF/LIBSGL.A(sglH04.o)
                0x000000000603a940                slComPrmIntBack
                0x000000000603a954                slComPrmSetMemory
                0x000000000603a96a                slComPrmSetTime
 SLPROG         0x000000000603a9a0      0x3a4 /joe/Compiler/COMMON/SGL_302j/LIB_ELF/LIBSGL.A(sglI01.o)
                0x000000000603a9a0                slInitSynch
                0x000000000603a9ba                slSynch
                0x000000000603aab0                slRandom
                0x000000000603aace                PCM_EndCheck
                0x000000000603ab8a                RetPCMBuf
                0x000000000603ac24                PCM_Buf
                0x000000000603acc4                Sound_Buf
 *fill*         0x000000000603ad44        0xc 
 SLPROG         0x000000000603ad50       0x10 /joe/Compiler/COMMON/SGL_302j/LIB_ELF/LIBSGL.A(sglI04.o)
                0x000000000603ad50                slIntFunction
 SLPROG         0x000000000603ad60       0x74 /joe/Compiler/COMMON/SGL_302j/LIB_ELF/LIBSGL.A(sglJ00.o)
                0x000000000603ad60                InitSlaveSH
                0x000000000603adc8                SlaveCommand
 *fill*         0x000000000603add4        0xc 
 SLPROG         0x000000000603ade0      0x3d0 /joe/Compiler/COMMON/SGL_302j/LIB_ELF/LIBSGL.A(sglJ01.o)
                0x000000000603ade0                SlaveControl
                0x000000000603b19c                ErasePolygonData
 SLPROG         0x000000000603b1b0     0x12b8 /joe/Compiler/COMMON/SGL_302j/LIB_ELF/LIBSGL.A(sglJ02.o)
                0x000000000603b1b0                sbMakePolygon
                0x000000000603b398                sbCalcPolygon
                0x000000000603c0d0                SetTexture
                0x000000000603c0dc                SetPolygon
                0x000000000603c0e4                SetPosition
                0x000000000603c11c                stvtc_4
                0x000000000603c1d4                stvtc_3
                0x000000000603c3e4                stvtc_1
                0x000000000603c3f8                stvtc_2
                0x000000000603c40c                stvtc_0
 *fill*         0x000000000603c468        0x8 
 SLPROG         0x000000000603c470      0x140 /joe/Compiler/COMMON/SGL_302j/LIB_ELF/LIBSGL.A(sglJ03.o)
                0x000000000603c470                sbMakeDMATable
 SLPROG         0x000000000603c5b0      0x470 /joe/Compiler/COMMON/SGL_302j/LIB_ELF/LIBSGL.A(sglJ04.o)
                0x000000000603c60e                sbMakeSprite
                0x000000000603c674                sbMakeRotSprite
 SLPROG         0x000000000603ca20       0x3c /joe/Compiler/COMMON/SGL_302j/LIB_ELF/LIBSGL.A(sglJ05.o)
                0x000000000603ca20                sbSortEntry
 *fill*         0x000000000603ca5c        0x4 
 SLPROG         0x000000000603ca60      0x4b8 /joe/Compiler/COMMON/SGL_302j/LIB_ELF/LIBSGL.A(sglM00.o)
                0x000000000603ca60                slInitGouraud
                0x000000000603cb54                slPutPolygonX
                0x000000000603cb9a                slGouraudTblCopy
                0x000000000603cbf2                slSetGouraudTbl
                0x000000000603cbf8                slSetGouraudColor
                0x000000000603cc70                slSetAmbient
                0x000000000603cc94                slSetFlatColor
 *fill*         0x000000000603cf18        0x8 
 SLPROG         0x000000000603cf20       0x6a /joe/Compiler/COMMON/SGL_302j/LIB_ELF/LIBSGL.A(sglM01.o)
                0x000000000603cf20                slSetDepthLimit
                0x000000000603cf4c                slSetDepthTbl
                0x000000000603cf7c                DepthWorkArea
 *fill*         0x000000000603cf8a        0x6 
 SLPROG         0x000000000603cf90       0x20 /joe/Compiler/COMMON/SGL_302j/LIB_ELF/LIBSGL.A(sglA00.o)
                0x000000000603cf90                set_imask
                0x000000000603cf90                _builtin_set_imask
                0x000000000603cfa4                get_imask
                0x000000000603cfa4                _builtin_get_imask
 SLPROG         0x000000000603cfb0     0x215c /joe/Compiler/COMMON/SGL_302j/LIB_ELF/LIBSGL.A(sglA03.o)
                0x000000000603cfb0                slTan
 *fill*         0x000000000603f10c        0x4 
 SLPROG         0x000000000603f110       0x34 /joe/Compiler/COMMON/SGL_302j/LIB_ELF/LIBSGL.A(sglA10.o)
                0x000000000603f110                slSquartDbl
 *fill*         0x000000000603f144        0xc 
 SLPROG         0x000000000603f150      0x3c2 /joe/Compiler/COMMON/SGL_302j/LIB_ELF/LIBSGL.A(sglA24.o)
                0x000000000603f150                slInversMatrix
 *fill*         0x000000000603f512        0xe 
 SLPROG         0x000000000603f520       0x24 /joe/Compiler/COMMON/SGL_302j/LIB_ELF/LIBSGL.A(sglA25.o)
                0x000000000603f520                slTransposeMatrix
 *fill*         0x000000000603f544        0xc 
 SLPROG         0x000000000603f550      0xbd0 /joe/Compiler/COMMON/SGL_302j/LIB_ELF/LIBSGL.A(sglB000.o)
                0x000000000603f550                slInitScroll
                0x000000000603f670                setASC_1to8
                0x000000000603f6a0                setASC_4to8
                0x000000000603f7b0                TVSizeTbl
                0x000000000603f830                TVModeTbl
                0x000000000603fa08                SGL_ASCII_CG
 SLPROG         0x0000000006040120      0x134 /joe/Compiler/COMMON/SGL_302j/LIB_ELF/LIBSGL.A(sglC00.o)
                0x0000000006040120                slInitSprite
 *fill*         0x0000000006040254        0xc 
 SLPROG         0x0000000006040260       0xac /joe/Compiler/COMMON/SGL_302j/LIB_ELF/LIBSGL.A(sglC13.o)
                0x0000000006040260                slPutPolygonS
 *fill*         0x000000000604030c        0x4 
 SLPROG         0x0000000006040310       0xc0 /joe/Compiler/COMMON/SGL_302j/LIB_ELF/LIBSGL.A(sglD19.o)
                0x0000000006040310                DMA_ScuMemCopy
 SLPROG         0x00000000060403d0      0x75c /joe/Compiler/COMMON/SGL_302j/LIB_ELF/LIBSGL.A(sglI00.o)
                0x00000000060406c0                slInitInterrupt
 *fill*         0x0000000006040b2c        0x4 
 SLPROG         0x0000000006040b30       0xf0 /joe/Compiler/COMMON/SGL_302j/LIB_ELF/LIBSGL.A(sglH03.o)
                0x0000000006040b94                slSmpcIntBack
                0x0000000006040c20                __slprog_end = .
