Archive member included to satisfy reference by file (symbol)

/joe/Compiler/COMMON/SGL_302j/LIB_ELF/SEGA_SYS.A(sys_exit.o)
                              jo_engine/core.o (symbol from plugin) (SYS_Exit)
/joe/Compiler/COMMON/SGL_302j/LIB_ELF/SEGA_SYS.A(sys_sub.o)
                              /joe/Compiler/COMMON/SGL_302j/LIB_ELF/SEGA_SYS.A(sys_exit.o) (SYSUB_SetStackptr)
/joe/Compiler/COMMON/SGL_302j/LIB_ELF/LIBCD.A(CDC_CMN.O)
                              /joe/Compiler/COMMON/SGL_302j/LIB_ELF/SEGA_SYS.A(sys_exit.o) (CDC_GetCurStat)
/joe/Compiler/COMMON/SGL_302j/LIB_ELF/LIBCD.A(CDC_DRV.O)
                              pcmsys.o (symbol from plugin) (CDC_CdPlay)
/joe/Compiler/COMMON/SGL_302j/LIB_ELF/LIBCD.A(CDC_CFS.O)
                              /joe/Compiler/COMMON/SGL_302j/LIB_ELF/SEGA_SYS.A(sys_exit.o) (CDC_ChgDir)
/joe/Compiler/COMMON/SGL_302j/LIB_ELF/LIBCD.A(CDC_REG.O)
                              /joe/Compiler/COMMON/SGL_302j/LIB_ELF/SEGA_SYS.A(sys_exit.o) (CDC_GetHirqReq)
/joe/Compiler/COMMON/SGL_302j/LIB_ELF/LIBCD.A(CDC_SUB.O)
                              /joe/Compiler/COMMON/SGL_302j/LIB_ELF/LIBCD.A(CDC_CMN.O) (CDSUB_UpdStatus)
/joe/Compiler/COMMON/SGL_302j/LIB_ELF/LIBCD.A(GFS.O)
                              pcmsys.o (symbol from plugin) (GFS_Init)
/joe/Compiler/COMMON/SGL_302j/LIB_ELF/LIBCD.A(GFS_BUF.O)
                              /joe/Compiler/COMMON/SGL_302j/LIB_ELF/LIBCD.A(GFS.O) (GFBF_GetNumData)
/joe/Compiler/COMMON/SGL_302j/LIB_ELF/LIBCD.A(GFS_CDB.O)
                              /joe/Compiler/COMMON/SGL_302j/LIB_ELF/LIBCD.A(GFS.O) (GFCB_Close)
/joe/Compiler/COMMON/SGL_302j/LIB_ELF/LIBCD.A(GFS_CDC.O)
                              /joe/Compiler/COMMON/SGL_302j/LIB_ELF/LIBCD.A(GFS.O) (GFCD_SetCdbfs)
/joe/Compiler/COMMON/SGL_302j/LIB_ELF/LIBCD.A(GFS_CDF.O)
                              /joe/Compiler/COMMON/SGL_302j/LIB_ELF/LIBCD.A(GFS.O) (GFCF_Init)
/joe/Compiler/COMMON/SGL_302j/LIB_ELF/LIBCD.A(GFS_DIR.O)
                              /joe/Compiler/COMMON/SGL_302j/LIB_ELF/LIBCD.A(GFS.O) (GFDR_SetupDirTbl)
/joe/Compiler/COMMON/SGL_302j/LIB_ELF/LIBCD.A(GFS_TRN.O)
                              /joe/Compiler/COMMON/SGL_302j/LIB_ELF/LIBCD.A(GFS.O) (GFTR_Setup)
/joe/Compiler/COMMON/SGL_302j/LIB_ELF/LIBCD.A(CDC_DEV.O)
                              /joe/Compiler/COMMON/SGL_302j/LIB_ELF/LIBCD.A(GFS_CDC.O) (CDC_CdSetCon)
/joe/Compiler/COMMON/SGL_302j/LIB_ELF/LIBCD.A(CDC_SEL.O)
                              /joe/Compiler/COMMON/SGL_302j/LIB_ELF/LIBCD.A(GFS_CDC.O) (CDC_SetFiltRange)
/joe/Compiler/COMMON/SGL_302j/LIB_ELF/LIBCD.A(CDC_BIF.O)
                              /joe/Compiler/COMMON/SGL_302j/LIB_ELF/LIBCD.A(GFS_CDC.O) (CDC_GetBufSiz)
/joe/Compiler/COMMON/SGL_302j/LIB_ELF/LIBCD.A(CDC_BIO.O)
                              /joe/Compiler/COMMON/SGL_302j/LIB_ELF/LIBCD.A(GFS_CDC.O) (CDC_SetSctLen)
/joe/Compiler/COMMON/SGL_302j/LIB_ELF/LIBSGL.A(sglA01.o)
                              jo_engine/math.o (symbol from plugin) (slSin)
/joe/Compiler/COMMON/SGL_302j/LIB_ELF/LIBSGL.A(sglA15.o)
                              jo_engine/slave.o (symbol from plugin) (slSlaveFunc)
/joe/Compiler/COMMON/SGL_302j/LIB_ELF/LIBSGL.A(sglA16.o)
                              main.o (symbol from plugin) (slLookAt)
/joe/Compiler/COMMON/SGL_302j/LIB_ELF/LIBSGL.A(sglA17.o)
                              /joe/Compiler/COMMON/SGL_302j/LIB_ELF/LIBSGL.A(sglA16.o) (slRotZ)
/joe/Compiler/COMMON/SGL_302j/LIB_ELF/LIBSGL.A(sglA18.o)
                              main.o (symbol from plugin) (slRotY)
/joe/Compiler/COMMON/SGL_302j/LIB_ELF/LIBSGL.A(sglA19.o)
                              main.o (symbol from plugin) (slRotX)
/joe/Compiler/COMMON/SGL_302j/LIB_ELF/LIBSGL.A(sglA20.o)
                              main.o (symbol from plugin) (slUnitMatrix)
/joe/Compiler/COMMON/SGL_302j/LIB_ELF/LIBSGL.A(sglA21.o)
                              main.o (symbol from plugin) (slPushMatrix)
/joe/Compiler/COMMON/SGL_302j/LIB_ELF/LIBSGL.A(sglA27.o)
                              /joe/Compiler/COMMON/SGL_302j/LIB_ELF/LIBSGL.A(sglA16.o) (slTranslate)
/joe/Compiler/COMMON/SGL_302j/LIB_ELF/LIBSGL.A(sglA28.o)
                              main.o (symbol from plugin) (slScale)
/joe/Compiler/COMMON/SGL_302j/LIB_ELF/LIBSGL.A(sglA40.o)
                              main.o (symbol from plugin) (slCalcVector)
/joe/Compiler/COMMON/SGL_302j/LIB_ELF/LIBSGL.A(sglB001.o)
                              main.o (symbol from plugin) (slTVOn)
/joe/Compiler/COMMON/SGL_302j/LIB_ELF/LIBSGL.A(sglB011.o)
                              jo_engine/vdp2.o (symbol from plugin) (slBitMapNbg1)
/joe/Compiler/COMMON/SGL_302j/LIB_ELF/LIBSGL.A(sglB014.o)
                              jo_engine/vdp2.o (symbol from plugin) (slScrTransparent)
/joe/Compiler/COMMON/SGL_302j/LIB_ELF/LIBSGL.A(sglB015.o)
                              jo_engine/vdp2.o (symbol from plugin) (slScrAutoDisp)
/joe/Compiler/COMMON/SGL_302j/LIB_ELF/LIBSGL.A(sglB016.o)
[...]
Memory Configuration

Name             Origin             Length             Attributes
*default*        0x0000000000000000 0xffffffffffffffff

Linker script and memory map


SLSTART         0x0000000006004000       0x30
                0x0000000006004000                ___Start = .
 *(SLSTART)
 SLSTART        0x0000000006004000       0x28 /joe/Compiler/COMMON/SGL_302j/LIB_ELF/LIBSGL.A(sglI00.o)
                0x0000000006004000                SGL_Start
                0x0000000006004002                slStartSGL

.text           0x0000000006004040    0x26810
 *(.text)
 .text          0x0000000006004040        0x0 /joe/Compiler/COMMON/SGL_302j/LIB_ELF/SGLAREA.O
 .text          0x0000000006004040     0x8338 /tmp/ccrLTD5v.ltrans0.ltrans.o
                0x0000000006004684                jo_sprite_draw.constprop.39
                0x00000000060047c8                jo_nbg2_print.constprop.38
                0x0000000006004854                render_CLUT_sprite_MESH.constprop.37
                0x00000000060048a0                __jo_core_set_screens_order.constprop.36
                0x0000000006004970                CDDAPlaySingle.constprop.31
                0x00000000060049ac                jo_free
                0x00000000060049d4                jo_vdp2_clear_bitmap_nbg1.constprop.23
                0x0000000006004a44                jo_backup_unmount.constprop.12
                0x0000000006004adc                jo_vdp2_malloc
                0x0000000006004c80                jo_vdp2_free
                0x0000000006004e78                jo_vdp2_disable_rbg0
                0x0000000006005058                __jo_create_map.lto_priv.577
                0x00000000060050d0                jo_img_to_vdp2_cells
                0x0000000006005178                jo_set_default_background_color
                0x00000000060053a8                jo_sprite_free_from
                0x00000000060055e0                jo_strlen
                0x0000000006005644                jo_getdate
                0x0000000006005718                jo_malloc_with_behaviour
                0x0000000006005d6c                load_textures.constprop.25
                0x0000000006005da8                jo_backup_mount.constprop.7
                0x0000000006005fbc                jo_random
                0x000000000600602c                jo_atan2f_rad
                0x00000000060061f0                load_binary.constprop.29
                0x0000000006006da0                jo_fixed_cos
                0x0000000006006dfc                jo_fixed_sin
                0x000000000600724c                __jo_tga_any_loader
                0x0000000006007414                jo_sprite_add_tga.constprop.24
                0x0000000006007588                _free_r
                0x00000000060075b8                _malloc_r
                0x00000000060075c4                realloc
                0x0000000006007668                _realloc_r
                0x0000000006007674                calloc
                0x00000000060076a8                _calloc_r
                0x00000000060076b4                free
                0x00000000060076e4                malloc
                0x0000000006007758                mnet_send_remove_local_player
                0x00000000060077d4                mnet_tick
                0x0000000006008ea8                lobby_screen
                0x000000000600a7c4                connecting_screen
 .text          0x000000000600c378     0xd468 /tmp/ccrLTD5v.ltrans1.ltrans.o
                0x000000000600d1ac                my_vblank
                0x000000000600fa40                CDDAStop
                0x000000000600fa5c                load_16bit_pcm
                0x000000000600fbbc                pcm_cease
                0x000000000600fbe4                pcm_play
                0x0000000006013890                init_3d_planes
                0x0000000006013dd0                load_trackmap
                0x0000000006013e0c                load_preview
                0x0000000006013e48                load_level
                0x0000000006015244                transition_to_title_screen
                0x00000000060152a8                load_car
                0x0000000006016ad8                gameLoop
 .text          0x00000000060197e0     0x3094 /tmp/ccrLTD5v.ltrans2.ltrans.o
                0x00000000060197e0                saturn_transport_send.lto_priv.451
                0x0000000006019838                saturn_transport_rx_byte.lto_priv.450
                0x000000000601984c                saturn_transport_rx_ready.lto_priv.449
                0x0000000006019868                draw_powerups
                0x0000000006019970                create_particles
                0x0000000006019a44                computeLight
                0x0000000006019ab4                create_player
                0x0000000006019cf4                set_player_position
                0x0000000006019e3c                getSeconds
                0x0000000006019ec0                apply_player_gravity
                0x0000000006019f18                init_1p_display
                0x0000000006019fa0                init_2p_display
                0x000000000601a030                stop_engine_sound
                0x000000000601a09c                stop_sounds
                0x000000000601a11c                reset_to_last_checkpoint
                0x000000000601a214                reset_demo
                0x000000000601a41c                render_CLUT_sprite
                0x000000000601a46c                ztClearText
                0x000000000601a4b8                transition_to_end_level
                0x000000000601a658                mmm_get_p2_port
                0x000000000601a684                mmm_back_to_title_screen
                0x000000000601a6a0                filename_eq_cars_bin.lto_priv.452
                0x000000000601ab90                saturn_uart_puts.lto_priv.441
                0x000000000601abe4                modem_read_line.lto_priv.442
                0x000000000601ad94                modem_escape_to_command.lto_priv.445.lto_priv.447
                0x000000000601b420                saturn_uart_init.lto_priv.443
                0x000000000601b4d8                saturn_uart_set_baud.lto_priv.444
                0x000000000601bd0c                saturn_uart_flush_rx.lto_priv.448
                0x000000000601bd58                saturn_uart_loopback_test.lto_priv.454.lto_priv.456
                0x000000000601be20                saturn_uart_read_raw.lto_priv.457.lto_priv.459
                0x000000000601be9c                saturn_uart_getc_timeout.lto_priv.460.lto_priv.462
                0x000000000601bed0                saturn_uart_getc.lto_priv.463.lto_priv.465
                0x000000000601befc                saturn_uart_putc.lto_priv.466.lto_priv.468
                0x000000000601bf38                saturn_uart_read_iir.lto_priv.469.lto_priv.471
                0x000000000601bf50                saturn_uart_read_msr.lto_priv.472.lto_priv.474
                0x000000000601bf70                saturn_uart_read_lsr.lto_priv.475.lto_priv.477
                0x000000000601bf8c                saturn_uart_clear_errors.lto_priv.478.lto_priv.480
                0x000000000601bfac                saturn_uart_rx_error.lto_priv.481.lto_priv.483
                0x000000000601bfcc                saturn_uart_rx_ready.lto_priv.484.lto_priv.486
                0x000000000601bfe8                saturn_uart_tx_ready.lto_priv.487.lto_priv.489
                0x000000000601c0c8                saturn_uart_detect.lto_priv.328
                0x000000000601c154                saturn_uart_reg_write.lto_priv.490.lto_priv.492
                0x000000000601c16c                saturn_uart_reg_read.lto_priv.493.lto_priv.495
                0x000000000601c188                saturn_netlink_smpc_disable.lto_priv.496.lto_priv.498
                0x000000000601c1b4                saturn_netlink_smpc_enable.lto_priv.453
                0x000000000601c240                saturn_smpc_command.lto_priv.499.lto_priv.501
                0x000000000601c268                mnet_encode_lap_complete.lto_priv.341.lto_priv.344
                0x000000000601c290                mnet_encode_client_log.lto_priv.337.lto_priv.340
                0x000000000601c338                mnet_encode_leaderboard_req.lto_priv.345.lto_priv.348
                0x000000000601c348                mnet_encode_remove_local_player.lto_priv.349.lto_priv.352
                0x000000000601c358                mnet_encode_add_local_player.lto_priv.329.lto_priv.332
                0x000000000601c3dc                mnet_encode_powerup_pickup.lto_priv.353.lto_priv.356
                0x000000000601c3f0                mnet_encode_player_state_p2.lto_priv.357.lto_priv.360
                0x000000000601c488                mnet_encode_player_state.lto_priv.361.lto_priv.364
                0x000000000601c518                mnet_encode_input_state_p2.lto_priv.365.lto_priv.368
                0x000000000601c544                mnet_encode_input_state.lto_priv.369.lto_priv.372
                0x000000000601c56c                mnet_encode_car_select.lto_priv.373.lto_priv.376
                0x000000000601c580                mnet_encode_start_game.lto_priv.377.lto_priv.380
                0x000000000601c590                mnet_encode_ready.lto_priv.381.lto_priv.384
                0x000000000601c5a0                mnet_encode_heartbeat.lto_priv.385.lto_priv.388
                0x000000000601c5b0                mnet_encode_disconnect.lto_priv.389.lto_priv.392
                0x000000000601c5c0                mnet_encode_set_username.lto_priv.333.lto_priv.336
                0x000000000601c640                mnet_encode_connect_uuid.lto_priv.393.lto_priv.396
                0x000000000601c660                mnet_encode_connect.lto_priv.397.lto_priv.400
                0x000000000601c670                mnet_read_string.lto_priv.401.lto_priv.404
                0x000000000601c6b8                mnet_rx_poll.lto_priv.405.lto_priv.440
                0x000000000601c768                mnet_rx_init.lto_priv.408.lto_priv.411
                0x000000000601c778                mnet_send_frame.lto_priv.412.lto_priv.415
                0x000000000601c7b8                net_transport_is_connected.lto_priv.416.lto_priv.419
                0x000000000601c7d0                net_transport_send.lto_priv.420.lto_priv.423
                0x000000000601c7e4                net_transport_rx_byte.lto_priv.424.lto_priv.427
                0x000000000601c7f8                net_transport_rx_ready.lto_priv.428.lto_priv.431
                0x000000000601c80c                get_gbr.lto_priv.53.lto_priv.77
                0x000000000601c814                set_gbr.lto_priv.78.lto_priv.102
                0x000000000601c81c                get_vbr.lto_priv.103.lto_priv.127
                0x000000000601c824                set_vbr.lto_priv.128.lto_priv.152
                0x000000000601c82c                set_imask.lto_priv.153.lto_priv.177
                0x000000000601c840                get_imask.lto_priv.178.lto_priv.202
                0x000000000601c84c                get_sr.lto_priv.203.lto_priv.227
                0x000000000601c854                set_sr.lto_priv.228.lto_priv.252
                0x000000000601c85c                tas.lto_priv.253.lto_priv.277
                0x000000000601c864                sleep.lto_priv.278.lto_priv.302
                0x000000000601c86c                nop.lto_priv.303.lto_priv.327
 *fill*         0x000000000601c874        0xc 
 .text          0x000000000601c880      0x238 /joe/Compiler/COMMON/SGL_302j/LIB_ELF/SEGA_SYS.A(sys_exit.o)
                0x000000000601c880                sys_version
                0x000000000601c8a0                SYS_Exit
 *fill*         0x000000000601cab8        0x8 
 .text          0x000000000601cac0        0x6 /joe/Compiler/COMMON/SGL_302j/LIB_ELF/SEGA_SYS.A(sys_sub.o)
                0x000000000601cac0                SYSUB_SetStackptr
 *fill*         0x000000000601cac6        0xa 
 .text          0x000000000601cad0      0x3a0 /joe/Compiler/COMMON/SGL_302j/LIB_ELF/LIBCD.A(CDC_CMN.O)
                0x000000000601cad0                CDC_GetCurStat
                0x000000000601cb20                CDC_GetLastStat
                0x000000000601cb38                CDC_GetPeriStat
                0x000000000601cc0c                CDC_GetHwInfo
                0x000000000601cc74                CDC_TgetToc
                0x000000000601ccc4                CDC_GetSes
                0x000000000601cd00                CDC_CdInit
                0x000000000601cd84                CDC_CdOpen
                0x000000000601cdac                CDC_DataReady
                0x000000000601ce18                CDC_DataEnd
 .text          0x000000000601ce70      0x130 /joe/Compiler/COMMON/SGL_302j/LIB_ELF/LIBCD.A(CDC_DRV.O)
                0x000000000601ce70                CDC_CdPlay
                0x000000000601cf3c                CDC_CdSeek
                0x000000000601cf70                CDC_CdScan
 .text          0x000000000601cfa0      0x194 /joe/Compiler/COMMON/SGL_302j/LIB_ELF/LIBCD.A(CDC_CFS.O)
                0x000000000601cfa0                CDC_ChgDir
                0x000000000601cfd4                CDC_ReadDir
                0x000000000601d008                CDC_GetFileScope
                0x000000000601d068                CDC_TgetFileInfo
                0x000000000601d0c4                CDC_ReadFile
                0x000000000601d0f8                CDC_AbortFile
 *fill*         0x000000000601d134        0xc 
 .text          0x000000000601d140      0x2dc /joe/Compiler/COMMON/SGL_302j/LIB_ELF/LIBCD.A(CDC_REG.O)
                0x000000000601d140                CDC_GetDataPtr
                0x000000000601d150                CDC_GetHirqReq
                0x000000000601d164                CDC_ClrHirqReq
                0x000000000601d194                CDREG_ClrHirqReq
                0x000000000601d1a4                CDREG_InitHirqReq
                0x000000000601d1cc                CDREG_SetHirqFlag
                0x000000000601d1e0                CDC_GetHirqMsk
                0x000000000601d1f4                CDC_SetHirqMsk
                0x000000000601d204                CDC_GetMpegPtr
                0x000000000601d214                CDREG_TgetData
                0x000000000601d270                CDREG_CmdRsp
                0x000000000601d370                CDREG_WaitHirq
                0x000000000601d3e0                CDREG_ReadRsp
 *fill*         0x000000000601d41c        0x4 
 .text          0x000000000601d420      0x152 /joe/Compiler/COMMON/SGL_302j/LIB_ELF/LIBCD.A(CDC_SUB.O)
                0x000000000601d420                CDSUB_UpdStatus
                0x000000000601d438                CDSUB_UpdCdstat
                0x000000000601d458                CDSUB_CdCmd
                0x000000000601d4c8                CDSUB_GetCdstat
                0x000000000601d508                CDSUB_RspToCdstat
                0x000000000601d550                CDSUB_SoftTimer
 *fill*         0x000000000601d572        0xe 
 .text          0x000000000601d580     0x1adc /joe/Compiler/COMMON/SGL_302j/LIB_ELF/LIBCD.A(GFS.O)
                0x000000000601d580                gfs_version
                0x000000000601d5a0                GFS_Init
                0x000000000601d688                GFS_LoadDir
                0x000000000601d730                GFS_SetDir
                0x000000000601d798                GFS_NameToId
                0x000000000601d7fc                GFS_IdToName
                0x000000000601d868                GFS_GetDirInfo
                0x000000000601d8d8                GFS_Reset
                0x000000000601d95c                GFS_Open
                0x000000000601da10                GFS_Close
                0x000000000601da48                GFS_Seek
                0x000000000601dafc                GFS_Tell
                0x000000000601db4c                GFS_IsEof
                0x000000000601dba0                GFS_ByteToSct
                0x000000000601dbfc                GFS_GetFileSize
                0x000000000601dc58                GFS_GetFileInfo
                0x000000000601dccc                GFS_GetNumCdbuf
                0x000000000601dcf4                GFS_Load
                0x000000000601ddb8                GFS_Fread
                0x000000000601de54                gfs_waitRead
                0x000000000601defc                GFS_NwFread
                0x000000000601e008                GFS_NwCdRead
                0x000000000601e080                GFS_NwIsComplete
                0x000000000601e0b8                GFS_NwStop
                0x000000000601e124                GFS_NwGetStat
                0x000000000601e1a0                gfs_recovRdErr
                0x000000000601e1d0                GFS_NwExecOne
                0x000000000601e290                GFS_NwExecServer
                0x000000000601e30c                GFS_SetGmode
                0x000000000601e370                GFS_SetTmode
                0x000000000601e3dc                GFS_SetReadPara
                0x000000000601e440                GFS_SetTransPara
                0x000000000601e4ac                GFS_SetTrFunc
                0x000000000601e510                GFS_StartTrans
                0x000000000601e55c                GFS_CdMovePickup
                0x000000000601e5c8                GFS_SetErrFunc
                0x000000000601e5f4                GFS_GetErrStat
                0x000000000601e618                GFS_ConvTno
                0x000000000601e640                gfs_chgRoot
                0x000000000601e70c                gfs_aborttrans
                0x000000000601e718                gfs_mngSetupFuncTbl
                0x000000000601e74c                gfs_mngInitWork
                0x000000000601e7f0                gfs_mngGetNumFile
                0x000000000601e858                GFS_mngAllocGrp
                0x000000000601e8a0                gfs_mngFreeGrp
                0x000000000601e8ac                gfs_mngTermAccess
                0x000000000601e930                gfs_mngSetErrCode
                0x000000000601e9b0                gfs_svrSearchHndl
                0x000000000601e9f0                gfs_svrAddHndl
                0x000000000601ea2c                gfs_svrRemoveHndl
                0x000000000601ea88                GFS_OpenSub
                0x000000000601eae0                gfs_loadVol
                0x000000000601eba4                gfs_getRootDir
                0x000000000601eca0                gfs_loadRootDir
                0x000000000601ed28                gfs_flowIn
                0x000000000601edd0                gfs_transData
                0x000000000601ee74                GFS_GetFad
                0x000000000601eecc                gfs_SetSct
                0x000000000601ef0c                gfs_GetFinfo
                0x000000000601ef4c                gfs_closeSub
                0x000000000601ef88                gfs_getGmode
                0x000000000601ef94                gfs_isTaskDone
                0x000000000601efe8                gfs_convFinStat
 *fill*         0x000000000601f05c        0x4 
 .text          0x000000000601f060      0x106 /joe/Compiler/COMMON/SGL_302j/LIB_ELF/LIBCD.A(GFS_BUF.O)
                0x000000000601f090                GFBF_GetTranData
                0x000000000601f0b8                GFBF_GetNumData
                0x000000000601f0e8                GFBF_GetSrcPk
                0x000000000601f110                GFBF_GetSctData
                0x000000000601f134                GFBF_RtnPk
                0x000000000601f15c                gfbf_getSctDt
 *fill*         0x000000000601f166        0xa 
 .text          0x000000000601f170      0x600 /joe/Compiler/COMMON/SGL_302j/LIB_ELF/LIBCD.A(GFS_CDB.O)
                0x000000000601f170                GFCB_Setup
                0x000000000601f290                GFCB_Close
                0x000000000601f2b8                GFCB_GetLenData
                0x000000000601f364                GFCB_GetLenRoom
                0x000000000601f370                GFCB_SetFilt
                0x000000000601f3d8                GFCB_DeleteAllData
                0x000000000601f400                GFCB_Tell
                0x000000000601f410                gfcb_getSctNum
                0x000000000601f460                GFCB_Seek
                0x000000000601f55c                GFCB_GetSrcPack
                0x000000000601f63c                GFCB_GetSctData
                0x000000000601f674                GFCB_GetDstPack
                0x000000000601f680                GFCB_RtnPk
                0x000000000601f6c8                GFCB_MovePickup
                0x000000000601f6e4                GFCB_SetCon
                0x000000000601f718                GFCB_GetPickup
                0x000000000601f740                GFCB_IsPuOwner
                0x000000000601f758                GFCB_UngetPickup
 .text          0x000000000601f770     0x1a10 /joe/Compiler/COMMON/SGL_302j/LIB_ELF/LIBCD.A(GFS_CDC.O)
                0x000000000601f770                GFCD_SetCdbfs
                0x000000000601f79c                GFCD_Init
                0x000000000601f9a0                GFCD_AllocFilt
                0x000000000601f9dc                GFCD_FreeFilt
                0x000000000601fa0c                GFCD_AllocBuf
                0x000000000601fa40                GFCD_FreeBuf
                0x000000000601fae4                GFCD_GetBaseFad
                0x000000000601fb18                GFCD_GetPickup
                0x000000000601fb4c                GFCD_UngetPickup
                0x000000000601fb78                GFCD_IsPuOwner
                0x000000000601fb9c                GFCD_SetFilt
                0x000000000601fc60                GFCD_GetFilt
                0x000000000601fca8                GFCD_SetCon
                0x000000000601fd00                GFCD_Play
                0x000000000601fd60                GFCD_GetLenData
                0x000000000601fdc8                GFCD_ReqData
                0x000000000601fe24                GFCD_EndData
                0x000000000601fe6c                GFCD_DelSctData
                0x000000000601fec4                GFCD_CheckDelSctData
                0x000000000601fef4                GFCD_GetStat
                0x000000000601ffa8                GFCD_MovePickup
                0x000000000601fff4                GFCD_MoveSctData
                0x0000000006020068                GFCD_CheckMove
                0x000000000602008c                GFCD_GetSctInfo
                0x00000000060200d4                GFCD_ChgDir
                0x0000000006020148                GFCD_SetFiltCon
                0x0000000006020230                GFCD_GetFileInfo
                0x000000000602030c                GFCD_GetBufSiz
                0x0000000006020344                GFCD_ExecServer
                0x0000000006020418                gfcd_isIdleTask
                0x00000000060204a4                gfcd_doTask
                0x0000000006020550                GFCD_SetTimer
                0x0000000006020564                GFCD_WaitServer
                0x00000000060205a0                gfcd_doSetFiltTsk
                0x0000000006020764                gfcd_doSetConTsk
                0x00000000060207f4                gfcd_doGetLenDataTsk
                0x0000000006020948                gfcd_doReqDataTsk
                0x00000000060209e8                gfcd_doDelSctDataTsk
                0x0000000006020b1c                gfcd_doMoveSctTsk
                0x0000000006020c80                gfcd_doChgDirTsk
                0x0000000006020e7c                gfcd_doSetFiltConTsk
                0x0000000006020fc0                gfcd_checkEflag
                0x0000000006020fe4                gfcd_initCdbMng
                0x0000000006021064                gfcd_setStat
                0x0000000006021090                GFCD_SetCsctFunc
                0x00000000060210ac                GFCD_ChkScdqFlag
                0x00000000060210d0                GFCD_ClrScdqFlag
                0x00000000060210ec                GFCD_WaitScdqFlag
                0x0000000006021130                GFCD_WaitPause
 .text          0x0000000006021180      0x8d8 /joe/Compiler/COMMON/SGL_302j/LIB_ELF/LIBCD.A(GFS_CDF.O)
                0x0000000006021180                GFCF_Init
                0x0000000006021220                GFCF_Setup
                0x0000000006021368                GFCF_SetSct
                0x00000000060213ac                GFCF_GetFileInfo
                0x0000000006021420                GFCF_FlowInBuf
                0x0000000006021574                GFCF_StopInBuf
                0x0000000006021614                GFCF_Recover
                0x000000000602165c                GFCF_Tell
                0x0000000006021674                GFCF_Seek
                0x000000000602168c                GFCF_MovePickup
                0x0000000006021728                GFCF_cnvIntlvOfs
                0x000000000602177c                GFCF_GetStat
                0x0000000006021814                gfcf_getSctSize
                0x0000000006021850                gfcf_isCdOk
                0x0000000006021910                gfcf_getPlayRange
 *fill*         0x0000000006021a58        0x8 
 .text          0x0000000006021a60      0x92c /joe/Compiler/COMMON/SGL_302j/LIB_ELF/LIBCD.A(GFS_DIR.O)
                0x0000000006021a60                GFDR_SetupDirTbl
                0x0000000006021ad4                GFDR_NameToId
                0x0000000006021b34                GFDR_GetInfoDirId
                0x0000000006021b48                GFDR_GetInfoDirName
                0x0000000006021b5c                GFDR_GetAtrDirId
                0x0000000006021b74                GFDR_GetAtrDirName
                0x0000000006021b8c                GFDR_ChgRoot
                0x0000000006021ba4                GFDR_ChgDir
                0x0000000006021c18                gfdr_setupDirIdTbl
                0x0000000006021c9c                gfdr_setupDirNameTbl
                0x0000000006021d48                gfdr_open
                0x0000000006021d70                gfdr_read
                0x0000000006021e30                gfdr_readByte
                0x0000000006021e5c                gfdr_readWord
                0x0000000006021e88                gfdr_readWordNB
                0x0000000006021edc                gfdr_readLongNB
                0x0000000006021f28                gfdr_readLongNM
                0x0000000006021f50                gfdr_setNextRec
                0x0000000006021fd4                gfdr_readDirEnt
                0x0000000006022350                gfdr_setDirrecCd
 *fill*         0x000000000602238c        0x4 
 .text          0x0000000006022390      0x9c6 /joe/Compiler/COMMON/SGL_302j/LIB_ELF/LIBCD.A(GFS_TRN.O)
                0x00000000060223c0                GFTR_Setup
                0x0000000006022404                GFTR_SetMode
                0x0000000006022418                GFTR_SetUnit
                0x0000000006022424                GFTR_SetTransPara
                0x0000000006022458                GFTR_GetTransPara
                0x0000000006022464                GFTR_GetNumTrans
                0x0000000006022470                GFTR_SetTransMax
                0x000000000602247c                GFTR_Start
                0x0000000006022488                GFTR_Pause
                0x0000000006022494                GFTR_Stop
                0x000000000602254c                GFTR_Exec
                0x00000000060225d0                GFTR_Idle
                0x0000000006022648                GFTR_ExecSvr
                0x0000000006022750                gftr_getSrcPack
                0x00000000060227d8                gftr_getDstPack
                0x0000000006022834                gftr_reqScu
                0x0000000006022840                gftr_execScu
                0x00000000060228dc                gftr_remScu
                0x0000000006022910                gfdma_canUse
                0x000000000602291c                gfdma_exec
                0x000000000602298c                gfdma_getBytecnt
                0x00000000060229c4                gftr_reqDma0
                0x00000000060229dc                gftr_execSdma0
                0x0000000006022a00                gftr_remDma0
                0x0000000006022a18                gftr_reqDma1
                0x0000000006022a30                gftr_execSdma1
                0x0000000006022a54                gftr_remDma1
                0x0000000006022a6c                gftr_reqCpu
                0x0000000006022a78                gftr_execCpu
                0x0000000006022ab8                gftr_remCpu
                0x0000000006022ac4                gftr_reqTrn
                0x0000000006022b34                gftr_execTrn
                0x0000000006022c0c                gftr_remTrn
                0x0000000006022c80                gftr_copyFrac
                0x0000000006022ca8                GFTR_GetLenData
                0x0000000006022cb4                GFTR_GetLenRoom
                0x0000000006022ccc                GFTR_GetDstPack
                0x0000000006022d00                GFTR_RtnDstPk
                0x0000000006022d1c                GFTR_GetData
                0x0000000006022d30                GFTR_SetData
                0x0000000006022d44                GFTR_SetTransFunc
 *fill*         0x0000000006022d56        0xa 
 .text          0x0000000006022d60       0xa8 /joe/Compiler/COMMON/SGL_302j/LIB_ELF/LIBCD.A(CDC_DEV.O)
                0x0000000006022d60                CDC_CdSetCon
                0x0000000006022d90                CDC_CdGetCon
                0x0000000006022dcc                CDC_CdGetLastBuf
 *fill*         0x0000000006022e08        0x8 
 .text          0x0000000006022e10      0x2b8 /joe/Compiler/COMMON/SGL_302j/LIB_ELF/LIBCD.A(CDC_SEL.O)
                0x0000000006022e10                CDC_SetFiltRange
                0x0000000006022e44                CDC_GetFiltRange
                0x0000000006022e9c                CDC_SetFiltSubh
                0x0000000006022f0c                CDC_GetFiltSubh
                0x0000000006022f88                CDC_SetFiltMode
                0x0000000006022fbc                CDC_GetFiltMode
                0x0000000006023000                CDC_SetFiltCon
                0x0000000006023040                CDC_GetFiltCon
                0x0000000006023094                CDC_ResetSelector
 *fill*         0x00000000060230c8        0x8 
 .text          0x00000000060230d0      0x270 /joe/Compiler/COMMON/SGL_302j/LIB_ELF/LIBCD.A(CDC_BIF.O)
                0x00000000060230d0                CDC_GetBufSiz
                0x000000000602312c                CDC_GetSctNum
                0x0000000006023170                CDC_CalActSiz
                0x00000000060231ac                CDC_GetActSiz
                0x000000000602322c                CDC_GetSctInfo
                0x00000000060232ac                CDC_ExeFadSearch
                0x00000000060232e4                CDC_GetFadSearch
 .text          0x0000000006023340      0x1e4 /joe/Compiler/COMMON/SGL_302j/LIB_ELF/LIBCD.A(CDC_BIO.O)
                0x0000000006023340                CDC_SetSctLen
                0x0000000006023374                CDC_GetSctData
                0x00000000060233b0                CDC_DelSctData
                0x00000000060233ec                CDC_GetdelSctData
                0x0000000006023428                CDC_PutSctData
                0x0000000006023460                CDC_CopySctData
                0x00000000060234a4                CDC_MoveSctData
                0x00000000060234e8                CDC_GetCopyErr
 *fill*         0x0000000006023524        0xc 
 .text          0x0000000006023530        0x0 /joe/Compiler/COMMON/SGL_302j/LIB_ELF/LIBSGL.A(sglA01.o)
 .text          0x0000000006023530        0x0 /joe/Compiler/COMMON/SGL_302j/LIB_ELF/LIBSGL.A(sglA15.o)
 .text          0x0000000006023530        0x0 /joe/Compiler/COMMON/SGL_302j/LIB_ELF/LIBSGL.A(sglA16.o)
 .text          0x0000000006023530        0x0 /joe/Compiler/COMMON/SGL_302j/LIB_ELF/LIBSGL.A(sglA17.o)
 .text          0x0000000006023530        0x0 /joe/Compiler/COMMON/SGL_302j/LIB_ELF/LIBSGL.A(sglA18.o)
 .text          0x0000000006023530        0x0 /joe/Compiler/COMMON/SGL_302j/LIB_ELF/LIBSGL.A(sglA19.o)
 .text          0x0000000006023530        0x0 /joe/Compiler/COMMON/SGL_302j/LIB_ELF/LIBSGL.A(sglA20.o)
 .text          0x0000000006023530        0x0 /joe/Compiler/COMMON/SGL_302j/LIB_ELF/LIBSGL.A(sglA21.o)
 .text          0x0000000006023530        0x0 /joe/Compiler/COMMON/SGL_302j/LIB_ELF/LIBSGL.A(sglA27.o)
 .text          0x0000000006023530        0x0 /joe/Compiler/COMMON/SGL_302j/LIB_ELF/LIBSGL.A(sglA28.o)
 .text          0x0000000006023530        0x0 /joe/Compiler/COMMON/SGL_302j/LIB_ELF/LIBSGL.A(sglA40.o)
 .text          0x0000000006023530        0x0 /joe/Compiler/COMMON/SGL_302j/LIB_ELF/LIBSGL.A(sglB001.o)
 .text          0x0000000006023530        0x0 /joe/Compiler/COMMON/SGL_302j/LIB_ELF/LIBSGL.A(sglB011.o)
 .text          0x0000000006023530        0x0 /joe/Compiler/COMMON/SGL_302j/LIB_ELF/LIBSGL.A(sglB014.o)
 .text          0x0000000006023530        0x0 /joe/Compiler/COMMON/SGL_302j/LIB_ELF/LIBSGL.A(sglB015.o)
 .text          0x0000000006023530        0x0 /joe/Compiler/COMMON/SGL_302j/LIB_ELF/LIBSGL.A(sglB016.o)
 .text          0x0000000006023530        0x0 /joe/Compiler/COMMON/SGL_302j/LIB_ELF/LIBSGL.A(sglB020.o)
 .text          0x0000000006023530        0x0 /joe/Compiler/COMMON/SGL_302j/LIB_ELF/LIBSGL.A(sglB021.o)
 .text          0x0000000006023530        0x0 /joe/Compiler/COMMON/SGL_302j/LIB_ELF/LIBSGL.A(sglB023.o)
 .text          0x0000000006023530        0x0 /joe/Compiler/COMMON/SGL_302j/LIB_ELF/LIBSGL.A(sglB031.o)
 .text          0x0000000006023530        0x0 /joe/Compiler/COMMON/SGL_302j/LIB_ELF/LIBSGL.A(sglB032.o)
 .text          0x0000000006023530        0x0 /joe/Compiler/COMMON/SGL_302j/LIB_ELF/LIBSGL.A(sglB033.o)
 .text          0x0000000006023530        0x0 /joe/Compiler/COMMON/SGL_302j/LIB_ELF/LIBSGL.A(sglB034.o)
 .text          0x0000000006023530        0x0 /joe/Compiler/COMMON/SGL_302j/LIB_ELF/LIBSGL.A(sglB035.o)
 .text          0x0000000006023530        0x0 /joe/Compiler/COMMON/SGL_302j/LIB_ELF/LIBSGL.A(sglB036.o)
 .text          0x0000000006023530        0x0 /joe/Compiler/COMMON/SGL_302j/LIB_ELF/LIBSGL.A(sglB038.o)
 .text          0x0000000006023530        0x0 /joe/Compiler/COMMON/SGL_302j/LIB_ELF/LIBSGL.A(sglB039.o)
 .text          0x0000000006023530        0x0 /joe/Compiler/COMMON/SGL_302j/LIB_ELF/LIBSGL.A(sglB040.o)
 .text          0x0000000006023530        0x0 /joe/Compiler/COMMON/SGL_302j/LIB_ELF/LIBSGL.A(sglB041.o)
 .text          0x0000000006023530        0x0 /joe/Compiler/COMMON/SGL_302j/LIB_ELF/LIBSGL.A(sglB042.o)
 .text          0x0000000006023530        0x0 /joe/Compiler/COMMON/SGL_302j/LIB_ELF/LIBSGL.A(sglB043.o)
 .text          0x0000000006023530        0x0 /joe/Compiler/COMMON/SGL_302j/LIB_ELF/LIBSGL.A(sglB044.o)
 .text          0x0000000006023530        0x0 /joe/Compiler/COMMON/SGL_302j/LIB_ELF/LIBSGL.A(sglB045.o)
 .text          0x0000000006023530        0x0 /joe/Compiler/COMMON/SGL_302j/LIB_ELF/LIBSGL.A(sglB047.o)
 .text          0x0000000006023530        0x0 /joe/Compiler/COMMON/SGL_302j/LIB_ELF/LIBSGL.A(sglB048.o)
 .text          0x0000000006023530        0x0 /joe/Compiler/COMMON/SGL_302j/LIB_ELF/LIBSGL.A(sglB055.o)
 .text          0x0000000006023530        0x0 /joe/Compiler/COMMON/SGL_302j/LIB_ELF/LIBSGL.A(sglB056.o)
 .text          0x0000000006023530        0x0 /joe/Compiler/COMMON/SGL_302j/LIB_ELF/LIBSGL.A(sglB057.o)
 .text          0x0000000006023530        0x0 /joe/Compiler/COMMON/SGL_302j/LIB_ELF/LIBSGL.A(sglB058.o)
 .text          0x0000000006023530        0x0 /joe/Compiler/COMMON/SGL_302j/LIB_ELF/LIBSGL.A(sglB059.o)
 .text          0x0000000006023530        0x0 /joe/Compiler/COMMON/SGL_302j/LIB_ELF/LIBSGL.A(sglB060.o)
 .text          0x0000000006023530        0x0 /joe/Compiler/COMMON/SGL_302j/LIB_ELF/LIBSGL.A(sglB063.o)
 .text          0x0000000006023530        0x0 /joe/Compiler/COMMON/SGL_302j/LIB_ELF/LIBSGL.A(sglB087.o)
 .text          0x0000000006023530        0x0 /joe/Compiler/COMMON/SGL_302j/LIB_ELF/LIBSGL.A(sglB088.o)
 .text          0x0000000006023530        0x0 /joe/Compiler/COMMON/SGL_302j/LIB_ELF/LIBSGL.A(sglB090.o)
 .text          0x0000000006023530        0x0 /joe/Compiler/COMMON/SGL_302j/LIB_ELF/LIBSGL.A(sglB200.o)
 .text          0x0000000006023530        0x0 /joe/Compiler/COMMON/SGL_302j/LIB_ELF/LIBSGL.A(sglC01.o)
 .text          0x0000000006023530        0x0 /joe/Compiler/COMMON/SGL_302j/LIB_ELF/LIBSGL.A(sglC03.o)
 .text          0x0000000006023530        0x0 /joe/Compiler/COMMON/SGL_302j/LIB_ELF/LIBSGL.A(sglC04.o)
 .text          0x0000000006023530        0x0 /joe/Compiler/COMMON/SGL_302j/LIB_ELF/LIBSGL.A(sglC05.o)
 .text          0x0000000006023530        0x0 /joe/Compiler/COMMON/SGL_302j/LIB_ELF/LIBSGL.A(sglC06.o)
 .text          0x0000000006023530        0x0 /joe/Compiler/COMMON/SGL_302j/LIB_ELF/LIBSGL.A(sglC07.o)
 .text          0x0000000006023530        0x0 /joe/Compiler/COMMON/SGL_302j/LIB_ELF/LIBSGL.A(sglC08.o)
 .text          0x0000000006023530        0x0 /joe/Compiler/COMMON/SGL_302j/LIB_ELF/LIBSGL.A(sglC14.o)
 .text          0x0000000006023530        0x0 /joe/Compiler/COMMON/SGL_302j/LIB_ELF/LIBSGL.A(sglC16.o)
 .text          0x0000000006023530        0x0 /joe/Compiler/COMMON/SGL_302j/LIB_ELF/LIBSGL.A(sglC17.o)
 .text          0x0000000006023530        0x0 /joe/Compiler/COMMON/SGL_302j/LIB_ELF/LIBSGL.A(sglC19.o)
 .text          0x0000000006023530        0x0 /joe/Compiler/COMMON/SGL_302j/LIB_ELF/LIBSGL.A(sglC20.o)
 .text          0x0000000006023530        0x0 /joe/Compiler/COMMON/SGL_302j/LIB_ELF/LIBSGL.A(sglC21.o)
 .text          0x0000000006023530        0x0 /joe/Compiler/COMMON/SGL_302j/LIB_ELF/LIBSGL.A(sglD00.o)
 .text          0x0000000006023530        0x0 /joe/Compiler/COMMON/SGL_302j/LIB_ELF/LIBSGL.A(sglD01.o)
 .text          0x0000000006023530        0x0 /joe/Compiler/COMMON/SGL_302j/LIB_ELF/LIBSGL.A(sglD02.o)
 .text          0x0000000006023530        0x0 /joe/Compiler/COMMON/SGL_302j/LIB_ELF/LIBSGL.A(sglD03.o)
 .text          0x0000000006023530        0x0 /joe/Compiler/COMMON/SGL_302j/LIB_ELF/LIBSGL.A(sglD15.o)
 .text          0x0000000006023530        0x0 /joe/Compiler/COMMON/SGL_302j/LIB_ELF/LIBSGL.A(sglD16.o)
 .text          0x0000000006023530        0x0 /joe/Compiler/COMMON/SGL_302j/LIB_ELF/LIBSGL.A(sglD17.o)
 .text          0x0000000006023530        0x0 /joe/Compiler/COMMON/SGL_302j/LIB_ELF/LIBSGL.A(sglD18.o)
 .text          0x0000000006023530        0x0 /joe/Compiler/COMMON/SGL_302j/LIB_ELF/LIBSGL.A(sglF08.o)
 .text          0x0000000006023530        0x0 /joe/Compiler/COMMON/SGL_302j/LIB_ELF/LIBSGL.A(sglH00.o)
 .text          0x0000000006023530        0x0 /joe/Compiler/COMMON/SGL_302j/LIB_ELF/LIBSGL.A(sglH01.o)
 .text          0x0000000006023530        0x0 /joe/Compiler/COMMON/SGL_302j/LIB_ELF/LIBSGL.A(sglH02.o)
 .text          0x0000000006023530        0x0 /joe/Compiler/COMMON/SGL_302j/LIB_ELF/LIBSGL.A(sglH04.o)
 .text          0x0000000006023530        0x0 /joe/Compiler/COMMON/SGL_302j/LIB_ELF/LIBSGL.A(sglI01.o)
 .text          0x0000000006023530        0x0 /joe/Compiler/COMMON/SGL_302j/LIB_ELF/LIBSGL.A(sglI04.o)
 .text          0x0000000006023530      0x128 /joe/Compiler/COMMON/SGL_302j/LIB_ELF/LIBSGL.A(sglIc0.o)
                0x0000000006023530                slInitSystem
 *fill*         0x0000000006023658        0x8 
 .text          0x0000000006023660        0x0 /joe/Compiler/COMMON/SGL_302j/LIB_ELF/LIBSGL.A(sglJ00.o)
 .text          0x0000000006023660        0x0 /joe/Compiler/COMMON/SGL_302j/LIB_ELF/LIBSGL.A(sglJ01.o)
 .text          0x0000000006023660        0x0 /joe/Compiler/COMMON/SGL_302j/LIB_ELF/LIBSGL.A(sglJ02.o)
 .text          0x0000000006023660        0x0 /joe/Compiler/COMMON/SGL_302j/LIB_ELF/LIBSGL.A(sglJ03.o)
 .text          0x0000000006023660        0x0 /joe/Compiler/COMMON/SGL_302j/LIB_ELF/LIBSGL.A(sglJ04.o)
 .text          0x0000000006023660        0x0 /joe/Compiler/COMMON/SGL_302j/LIB_ELF/LIBSGL.A(sglJ05.o)
 .text          0x0000000006023660        0x0 /joe/Compiler/COMMON/SGL_302j/LIB_ELF/LIBSGL.A(sglK01.o)
 .text          0x0000000006023660        0x0 /joe/Compiler/COMMON/SGL_302j/LIB_ELF/LIBSGL.A(sglM00.o)
 .text          0x0000000006023660        0x0 /joe/Compiler/COMMON/SGL_302j/LIB_ELF/LIBSGL.A(sglM01.o)
 .text          0x0000000006023660        0x0 /joe/Compiler/COMMON/SGL_302j/LIB_ELF/LIBSGL.A(sglA00.o)
 .text          0x0000000006023660        0x0 /joe/Compiler/COMMON/SGL_302j/LIB_ELF/LIBSGL.A(sglA03.o)
 .text          0x0000000006023660        0x0 /joe/Compiler/COMMON/SGL_302j/LIB_ELF/LIBSGL.A(sglA10.o)
 .text          0x0000000006023660        0x0 /joe/Compiler/COMMON/SGL_302j/LIB_ELF/LIBSGL.A(sglA24.o)
 .text          0x0000000006023660        0x0 /joe/Compiler/COMMON/SGL_302j/LIB_ELF/LIBSGL.A(sglA25.o)
 .text          0x0000000006023660        0x0 /joe/Compiler/COMMON/SGL_302j/LIB_ELF/LIBSGL.A(sglB000.o)
 .text          0x0000000006023660        0x0 /joe/Compiler/COMMON/SGL_302j/LIB_ELF/LIBSGL.A(sglC00.o)
 .text          0x0000000006023660        0x0 /joe/Compiler/COMMON/SGL_302j/LIB_ELF/LIBSGL.A(sglC13.o)
 .text          0x0000000006023660        0x0 /joe/Compiler/COMMON/SGL_302j/LIB_ELF/LIBSGL.A(sglD19.o)
 .text          0x0000000006023660        0x0 /joe/Compiler/COMMON/SGL_302j/LIB_ELF/LIBSGL.A(sglI00.o)
 .text          0x0000000006023660        0x0 /joe/Compiler/COMMON/SGL_302j/LIB_ELF/LIBSGL.A(sglH03.o)
 .text          0x0000000006023660       0x52 /joe/Compiler/LINUX/bin/../lib/gcc/sh-none-elf/8.2.0/libgcc.a(_ashiftrt.o)
                0x0000000006023660                __ashiftrt_r4_31
                0x0000000006023660                __ashiftrt_r4_32
                0x0000000006023666                __ashiftrt_r4_30
                0x0000000006023668                __ashiftrt_r4_29
                0x000000000602366a                __ashiftrt_r4_28
                0x000000000602366c                __ashiftrt_r4_27
                0x000000000602366e                __ashiftrt_r4_26
                0x0000000006023670                __ashiftrt_r4_25
                0x0000000006023672                __ashiftrt_r4_24
                0x000000000602367a                __ashiftrt_r4_23
                0x000000000602367c                __ashiftrt_r4_22
                0x000000000602367e                __ashiftrt_r4_21
                0x0000000006023680                __ashiftrt_r4_20
                0x0000000006023682                __ashiftrt_r4_19
                0x0000000006023684                __ashiftrt_r4_18
                0x0000000006023686                __ashiftrt_r4_17
                0x0000000006023688                __ashiftrt_r4_16
                0x000000000602368e                __ashiftrt_r4_15
                0x0000000006023690                __ashiftrt_r4_14
                0x0000000006023692                __ashiftrt_r4_13
                0x0000000006023694                __ashiftrt_r4_12
                0x0000000006023696                __ashiftrt_r4_11
                0x0000000006023698                __ashiftrt_r4_10
                0x000000000602369a                __ashiftrt_r4_9
                0x000000000602369c                __ashiftrt_r4_8
                0x000000000602369e                __ashiftrt_r4_7
                0x00000000060236a0                __ashiftrt_r4_6
                0x00000000060236a2                __ashiftrt_r4_5
                0x00000000060236a4                __ashiftrt_r4_4
                0x00000000060236a6                __ashiftrt_r4_3
                0x00000000060236a8                __ashiftrt_r4_2
                0x00000000060236aa                __ashiftrt_r4_1
                0x00000000060236ae                __ashiftrt_r4_0
 *fill*         0x00000000060236b2        0x2 
 .text          0x00000000060236b4       0xa0 /joe/Compiler/LINUX/bin/../lib/gcc/sh-none-elf/8.2.0/libgcc.a(_sdivsi3.o)
                0x00000000060236b4                __sdivsi3
 .text          0x0000000006023754       0x6c /joe/Compiler/LINUX/bin/../lib/gcc/sh-none-elf/8.2.0/libgcc.a(_udivsi3.o)
                0x0000000006023776                __udivsi3
 .text          0x00000000060237c0      0x210 /joe/Compiler/LINUX/bin/../lib/gcc/sh-none-elf/8.2.0/libgcc.a(_addsub_sf.o)
                0x0000000006023934                __addsf3
                0x0000000006023980                __subsf3
 .text          0x00000000060239d0      0x134 /joe/Compiler/LINUX/bin/../lib/gcc/sh-none-elf/8.2.0/libgcc.a(_mul_sf.o)
                0x00000000060239d0                __mulsf3
 .text          0x0000000006023b04       0xdc /joe/Compiler/LINUX/bin/../lib/gcc/sh-none-elf/8.2.0/libgcc.a(_div_sf.o)
                0x0000000006023b04                __divsf3
 .text          0x0000000006023be0       0x54 /joe/Compiler/LINUX/bin/../lib/gcc/sh-none-elf/8.2.0/libgcc.a(_eq_sf.o)
                0x0000000006023be0                __eqsf2
 .text          0x0000000006023c34       0x54 /joe/Compiler/LINUX/bin/../lib/gcc/sh-none-elf/8.2.0/libgcc.a(_ne_sf.o)
                0x0000000006023c34                __nesf2
 .text          0x0000000006023c88       0x4c /joe/Compiler/LINUX/bin/../lib/gcc/sh-none-elf/8.2.0/libgcc.a(_gt_sf.o)
                0x0000000006023c88                __gtsf2
 .text          0x0000000006023cd4       0x4c /joe/Compiler/LINUX/bin/../lib/gcc/sh-none-elf/8.2.0/libgcc.a(_ge_sf.o)
                0x0000000006023cd4                __gesf2
 .text          0x0000000006023d20       0x54 /joe/Compiler/LINUX/bin/../lib/gcc/sh-none-elf/8.2.0/libgcc.a(_lt_sf.o)
                0x0000000006023d20                __ltsf2
 .text          0x0000000006023d74       0x54 /joe/Compiler/LINUX/bin/../lib/gcc/sh-none-elf/8.2.0/libgcc.a(_le_sf.o)
                0x0000000006023d74                __lesf2
 .text          0x0000000006023dc8       0x84 /joe/Compiler/LINUX/bin/../lib/gcc/sh-none-elf/8.2.0/libgcc.a(_si_to_sf.o)
                0x0000000006023dc8                __floatsisf
 .text          0x0000000006023e4c       0x7c /joe/Compiler/LINUX/bin/../lib/gcc/sh-none-elf/8.2.0/libgcc.a(_sf_to_si.o)
                0x0000000006023e4c                __fixsfsi
 .text          0x0000000006023ec8       0x3c /joe/Compiler/LINUX/bin/../lib/gcc/sh-none-elf/8.2.0/libgcc.a(_sf_to_df.o)
                0x0000000006023ec8                __extendsfdf2
 .text          0x0000000006023f04        0x0 /joe/Compiler/LINUX/bin/../lib/gcc/sh-none-elf/8.2.0/libgcc.a(_thenan_sf.o)
 .text          0x0000000006023f04       0x94 /joe/Compiler/LINUX/bin/../lib/gcc/sh-none-elf/8.2.0/libgcc.a(_usi_to_sf.o)
                0x0000000006023f04                __floatunsisf
 .text          0x0000000006023f98       0x28 /joe/Compiler/LINUX/bin/../lib/gcc/sh-none-elf/8.2.0/libgcc.a(_make_df.o)
                0x0000000006023f98                __make_dp
 .text          0x0000000006023fc0       0x4c /joe/Compiler/LINUX/bin/../lib/gcc/sh-none-elf/8.2.0/libgcc.a(_df_to_sf.o)
                0x0000000006023fc0                __truncdfsf2
 .text          0x000000000602400c      0x114 /joe/Compiler/LINUX/bin/../lib/gcc/sh-none-elf/8.2.0/libgcc.a(_pack_sf.o)
                0x000000000602400c                __pack_f
 .text          0x0000000006024120       0xa0 /joe/Compiler/LINUX/bin/../lib/gcc/sh-none-elf/8.2.0/libgcc.a(_unpack_sf.o)
                0x0000000006024120                __unpack_f
 .text          0x00000000060241c0       0xa8 /joe/Compiler/LINUX/bin/../lib/gcc/sh-none-elf/8.2.0/libgcc.a(_fpcmp_parts_sf.o)
                0x00000000060241c0                __fpcmp_parts_f
 .text          0x0000000006024268       0x20 /joe/Compiler/LINUX/bin/../lib/gcc/sh-none-elf/8.2.0/libgcc.a(_make_sf.o)
                0x0000000006024268                __make_fp
 .text          0x0000000006024288        0x0 /joe/Compiler/LINUX/bin/../lib/gcc/sh-none-elf/8.2.0/../../../../sh-none-elf/lib/libc.a(lib_a-impure.o)
 .text          0x0000000006024288       0x1e /joe/Compiler/LINUX/bin/../lib/gcc/sh-none-elf/8.2.0/../../../../sh-none-elf/lib/libc.a(lib_a-memcmp.o)
                0x0000000006024288                memcmp
 *fill*         0x00000000060242a6        0x2 
 .text          0x00000000060242a8       0x94 /joe/Compiler/LINUX/bin/../lib/gcc/sh-none-elf/8.2.0/../../../../sh-none-elf/lib/libc.a(lib_a-memcpy.o)
                0x00000000060242a8                memcpy
 .text          0x000000000602433c       0x40 /joe/Compiler/LINUX/bin/../lib/gcc/sh-none-elf/8.2.0/../../../../sh-none-elf/lib/libc.a(lib_a-memset.o)
                0x000000000602433c                memset
 .text          0x000000000602437c       0x58 /joe/Compiler/LINUX/bin/../lib/gcc/sh-none-elf/8.2.0/../../../../sh-none-elf/lib/libc.a(lib_a-rand.o)
                0x000000000602437c                srand
                0x0000000006024390                rand
 .text          0x00000000060243d4       0x60 /joe/Compiler/LINUX/bin/../lib/gcc/sh-none-elf/8.2.0/../../../../sh-none-elf/lib/libc.a(lib_a-rget.o)
                0x00000000060243d4                __srget_r
                0x0000000006024420                __srget
 .text          0x0000000006024434       0x8c /joe/Compiler/LINUX/bin/../lib/gcc/sh-none-elf/8.2.0/../../../../sh-none-elf/lib/libc.a(lib_a-sprintf.o)
                0x0000000006024434                _sprintf_r
                0x0000000006024474                sprintf
 .text          0x00000000060244c0       0x22 /joe/Compiler/LINUX/bin/../lib/gcc/sh-none-elf/8.2.0/../../../../sh-none-elf/lib/libc.a(lib_a-strcat.o)
                0x00000000060244c0                strcat
 *fill*         0x00000000060244e2        0x2 
 .text          0x00000000060244e4       0x3c /joe/Compiler/LINUX/bin/../lib/gcc/sh-none-elf/8.2.0/../../../../sh-none-elf/lib/libc.a(lib_a-strcpy.o)
                0x00000000060244e4                strcpy
 .text          0x0000000006024520       0x20 /joe/Compiler/LINUX/bin/../lib/gcc/sh-none-elf/8.2.0/../../../../sh-none-elf/lib/libc.a(lib_a-strlen.o)
                0x0000000006024520                strlen
 .text          0x0000000006024540       0x2a /joe/Compiler/LINUX/bin/../lib/gcc/sh-none-elf/8.2.0/../../../../sh-none-elf/lib/libc.a(lib_a-strncmp.o)
                0x0000000006024540                strncmp
 .text          0x000000000602456a       0x32 /joe/Compiler/LINUX/bin/../lib/gcc/sh-none-elf/8.2.0/../../../../sh-none-elf/lib/libc.a(lib_a-strncpy.o)
                0x000000000602456a                strncpy
 .text          0x000000000602459c       0x36 /joe/Compiler/LINUX/bin/../lib/gcc/sh-none-elf/8.2.0/../../../../sh-none-elf/lib/libc.a(lib_a-strstr.o)
                0x000000000602459c                strstr
 *fill*         0x00000000060245d2        0x2 
 .text          0x00000000060245d4     0x1378 /joe/Compiler/LINUX/bin/../lib/gcc/sh-none-elf/8.2.0/../../../../sh-none-elf/lib/libc.a(lib_a-svfprintf.o)
                0x00000000060245d4                _svfprintf_r
 .text          0x000000000602594c       0xdc /joe/Compiler/LINUX/bin/../lib/gcc/sh-none-elf/8.2.0/../../../../sh-none-elf/lib/libc.a(lib_a-wbuf.o)
                0x000000000602594c                __swbuf_r
                0x0000000006025a14                __swbuf
 .text          0x0000000006025a28       0xcc /joe/Compiler/LINUX/bin/../lib/gcc/sh-none-elf/8.2.0/../../../../sh-none-elf/lib/libc.a(lib_a-wsetup.o)
                0x0000000006025a28                __swsetup_r
 .text          0x0000000006025af4      0xef4 /joe/Compiler/LINUX/bin/../lib/gcc/sh-none-elf/8.2.0/../../../../sh-none-elf/lib/libc.a(lib_a-dtoa.o)
                0x0000000006025c28                _dtoa_r
 .text          0x00000000060269e8      0x1a8 /joe/Compiler/LINUX/bin/../lib/gcc/sh-none-elf/8.2.0/../../../../sh-none-elf/lib/libc.a(lib_a-fflush.o)
                0x00000000060269e8                __sflush_r
                0x0000000006026b28                _fflush_r
                0x0000000006026b68                fflush
 .text          0x0000000006026b90      0x218 /joe/Compiler/LINUX/bin/../lib/gcc/sh-none-elf/8.2.0/../../../../sh-none-elf/lib/libc.a(lib_a-findfp.o)
                0x0000000006026bec                _cleanup_r
                0x0000000006026c00                __sfmoreglue
                0x0000000006026c4c                _cleanup
                0x0000000006026c60                __sinit
                0x0000000006026cb4                __sfp
                0x0000000006026d68                __sfp_lock_acquire
                0x0000000006026d6c                __sfp_lock_release
                0x0000000006026d70                __sinit_lock_acquire
                0x0000000006026d74                __sinit_lock_release
                0x0000000006026d78                __fp_lock_all
                0x0000000006026d90                __fp_unlock_all
 .text          0x0000000006026da8       0xb4 /joe/Compiler/LINUX/bin/../lib/gcc/sh-none-elf/8.2.0/../../../../sh-none-elf/lib/libc.a(lib_a-fwalk.o)
                0x0000000006026da8                _fwalk
                0x0000000006026dfe                _fwalk_reent
 .text          0x0000000006026e5c       0x40 /joe/Compiler/LINUX/bin/../lib/gcc/sh-none-elf/8.2.0/../../../../sh-none-elf/lib/libc.a(lib_a-localeconv.o)
                0x0000000006026e5c                __localeconv_l
                0x0000000006026e64                _localeconv_r
                0x0000000006026e80                localeconv
 .text          0x0000000006026e9c       0xa8 /joe/Compiler/LINUX/bin/../lib/gcc/sh-none-elf/8.2.0/../../../../sh-none-elf/lib/libc.a(lib_a-locale.o)
                0x0000000006026e9c                _setlocale_r
                0x0000000006026ee8                __locale_mb_cur_max
                0x0000000006026f08                __locale_ctype_ptr_l
                0x0000000006026f12                __locale_ctype_ptr
                0x0000000006026f30                setlocale
 .text          0x0000000006026f44      0x110 /joe/Compiler/LINUX/bin/../lib/gcc/sh-none-elf/8.2.0/../../../../sh-none-elf/lib/libc.a(lib_a-makebuf.o)
                0x0000000006026f44                __swhatbuf_r
                0x0000000006026fa8                __smakebuf_r
 .text          0x0000000006027054       0x4c /joe/Compiler/LINUX/bin/../lib/gcc/sh-none-elf/8.2.0/../../../../sh-none-elf/lib/libc.a(lib_a-mbtowc_r.o)
                0x0000000006027054                _mbtowc_r
                0x0000000006027078                __ascii_mbtowc
 .text          0x00000000060270a0       0x1c /joe/Compiler/LINUX/bin/../lib/gcc/sh-none-elf/8.2.0/../../../../sh-none-elf/lib/libc.a(lib_a-memchr.o)
                0x00000000060270a0                memchr
 .text          0x00000000060270bc      0xa9c /joe/Compiler/LINUX/bin/../lib/gcc/sh-none-elf/8.2.0/../../../../sh-none-elf/lib/libc.a(lib_a-mprec.o)
                0x00000000060270bc                _Balloc
                0x0000000006027130                _Bfree
                0x0000000006027148                __multadd
                0x00000000060271f0                __s2b
                0x00000000060272b0                __hi0bits
                0x0000000006027304                __lo0bits
                0x0000000006027368                __i2b
                0x0000000006027384                __multiply
                0x00000000060274c8                __pow5mult
                0x0000000006027584                __lshift
                0x0000000006027678                __mcmp
                0x00000000060276b0                __mdiff
                0x000000000602778c                __ulp
                0x00000000060277f8                __b2d
                0x00000000060278e0                __d2b
                0x00000000060279cc                __ratio
                0x0000000006027a50                _mprec_log10
                0x0000000006027aa8                __copybits
                0x0000000006027aec                __any_on
 .text          0x0000000006027b58      0x14c /joe/Compiler/LINUX/bin/../lib/gcc/sh-none-elf/8.2.0/../../../../sh-none-elf/lib/libc.a(lib_a-refill.o)
                0x0000000006027b70                __srefill_r
 .text          0x0000000006027ca4       0xe0 /joe/Compiler/LINUX/bin/../lib/gcc/sh-none-elf/8.2.0/../../../../sh-none-elf/lib/libc.a(lib_a-stdio.o)
                0x0000000006027ca4                __sread
                0x0000000006027ce0                __seofread
                0x0000000006027ce4                __swrite
                0x0000000006027d34                __sseek
                0x0000000006027d74                __sclose
 .text          0x0000000006027d84       0x38 /joe/Compiler/LINUX/bin/../lib/gcc/sh-none-elf/8.2.0/../../../../sh-none-elf/lib/libc.a(lib_a-strcmp.o)
                0x0000000006027d84                strcmp
 .text          0x0000000006027dbc      0xa60 /joe/Compiler/LINUX/bin/../lib/gcc/sh-none-elf/8.2.0/../../../../sh-none-elf/lib/libc.a(lib_a-svfiprintf.o)
                0x0000000006027dbc                __ssprint_r
                0x0000000006027ef0                _svfiprintf_r
 .text          0x000000000602881c       0x40 /joe/Compiler/LINUX/bin/../lib/gcc/sh-none-elf/8.2.0/../../../../sh-none-elf/lib/libc.a(lib_a-wctomb_r.o)
                0x000000000602881c                _wctomb_r
                0x000000000602883c                __ascii_wctomb
 .text          0x000000000602885c       0x34 /joe/Compiler/LINUX/bin/../lib/gcc/sh-none-elf/8.2.0/../../../../sh-none-elf/lib/libc.a(lib_a-writer.o)
                0x000000000602885c                _write_r
 .text          0x0000000006028890       0x30 /joe/Compiler/LINUX/bin/../lib/gcc/sh-none-elf/8.2.0/../../../../sh-none-elf/lib/libc.a(lib_a-closer.o)
                0x0000000006028890                _close_r
 .text          0x00000000060288c0        0x0 /joe/Compiler/LINUX/bin/../lib/gcc/sh-none-elf/8.2.0/../../../../sh-none-elf/lib/libc.a(lib_a-ctype_.o)
 .text          0x00000000060288c0       0xc8 /joe/Compiler/LINUX/bin/../lib/gcc/sh-none-elf/8.2.0/../../../../sh-none-elf/lib/libc.a(lib_a-fclose.o)
                0x00000000060288c0                _fclose_r
                0x0000000006028974                fclose
 .text          0x0000000006028988       0x34 /joe/Compiler/LINUX/bin/../lib/gcc/sh-none-elf/8.2.0/../../../../sh-none-elf/lib/libc.a(lib_a-fstatr.o)
                0x0000000006028988                _fstat_r
 .text          0x00000000060289bc       0x30 /joe/Compiler/LINUX/bin/../lib/gcc/sh-none-elf/8.2.0/../../../../sh-none-elf/lib/libc.a(lib_a-isattyr.o)
                0x00000000060289bc                _isatty_r
 .text          0x00000000060289ec       0x34 /joe/Compiler/LINUX/bin/../lib/gcc/sh-none-elf/8.2.0/../../../../sh-none-elf/lib/libc.a(lib_a-lseekr.o)
                0x00000000060289ec                _lseek_r
 .text          0x0000000006028a20       0x3c /joe/Compiler/LINUX/bin/../lib/gcc/sh-none-elf/8.2.0/../../../../sh-none-elf/lib/libc.a(lib_a-memmove.o)
                0x0000000006028a20                memmove
 .text          0x0000000006028a5c       0x34 /joe/Compiler/LINUX/bin/../lib/gcc/sh-none-elf/8.2.0/../../../../sh-none-elf/lib/libc.a(lib_a-readr.o)
                0x0000000006028a5c                _read_r
 .text          0x0000000006028a90      0x100 /joe/Compiler/LINUX/bin/../lib/gcc/sh-none-elf/8.2.0/../../../../sh-none-elf/lib/libc.a(lib_a-reent.o)
                0x0000000006028a90                cleanup_glue
                0x0000000006028abc                _reclaim_reent
 .text          0x0000000006028b90      0x25c /joe/Compiler/LINUX/bin/../lib/gcc/sh-none-elf/8.2.0/../../../../sh-none-elf/lib/libc.a(lib_a-syscalls.o)
                0x0000000006028c08                _read
                0x0000000006028c18                _lseek
                0x0000000006028c28                _write
                0x0000000006028c38                _close
                0x0000000006028c48                _link
                0x0000000006028c4c                _sbrk
                0x0000000006028ca4                _fstat
                0x0000000006028cae                _open
                0x0000000006028cc0                _creat
                0x0000000006028cd0                _unlink
                0x0000000006028cd4                isatty
                0x0000000006028cd8                _isatty
                0x0000000006028cdc                _exit
                0x0000000006028cec                _kill
                0x0000000006028d00                _getpid
                0x0000000006028d04                _raise
                0x0000000006028d08                _stat
                0x0000000006028d18                _chmod
                0x0000000006028d28                _chown
                0x0000000006028d38                _utime
                0x0000000006028d4c                _fork
                0x0000000006028d58                _wait
                0x0000000006028d68                _execve
                0x0000000006028d78                _execv
                0x0000000006028d88                _pipe
                0x0000000006028d94                _times
                0x0000000006028d98                _gettimeofday
                0x0000000006028dc0                __setup_argv_and_call_main
 .text          0x0000000006028dec       0x14 /joe/Compiler/LINUX/bin/../lib/gcc/sh-none-elf/8.2.0/../../../../sh-none-elf/lib/libc.a(lib_a-trap.o)
                0x0000000006028dec                __trap34
 .text          0x0000000006028e00       0x18 /joe/Compiler/LINUX/bin/../lib/gcc/sh-none-elf/8.2.0/../../../../sh-none-elf/lib/libc.a(lib_a-abort.o)
                0x0000000006028e00                abort
 .text          0x0000000006028e18      0x1b0 /joe/Compiler/LINUX/bin/../lib/gcc/sh-none-elf/8.2.0/../../../../sh-none-elf/lib/libc.a(lib_a-signal.o)
                0x0000000006028e18                _init_signal_r
                0x0000000006028e54                _signal_r
                0x0000000006028ea0                _raise_r
                0x0000000006028f18                __sigtramp_r
                0x0000000006028f7c                raise
                0x0000000006028f90                signal
                0x0000000006028fa4                _init_signal
                0x0000000006028fb4                __sigtramp
 .text          0x0000000006028fc8       0x40 /joe/Compiler/LINUX/bin/../lib/gcc/sh-none-elf/8.2.0/../../../../sh-none-elf/lib/libc.a(lib_a-signalr.o)
                0x0000000006028fc8                _kill_r
                0x0000000006028ffc                _getpid_r
 .text          0x0000000006029008       0x80 /joe/Compiler/LINUX/bin/../lib/gcc/sh-none-elf/8.2.0/libgcc.a(_ashiftrt_n.o)
                0x0000000006029008                __ashrsi3
 .text          0x0000000006029088       0xbc /joe/Compiler/LINUX/bin/../lib/gcc/sh-none-elf/8.2.0/libgcc.a(_ashiftlt.o)
                0x0000000006029088                __ashlsi3
                0x000000000602908c                __ashlsi3_r0
 .text          0x0000000006029144       0xbc /joe/Compiler/LINUX/bin/../lib/gcc/sh-none-elf/8.2.0/libgcc.a(_lshiftrt.o)
                0x0000000006029144                __lshrsi3
                0x0000000006029148                __lshrsi3_r0
 .text          0x0000000006029200      0x258 /joe/Compiler/LINUX/bin/../lib/gcc/sh-none-elf/8.2.0/libgcc.a(_udivdi3.o)
                0x0000000006029200                __udivdi3
 .text          0x0000000006029458      0x2bc /joe/Compiler/LINUX/bin/../lib/gcc/sh-none-elf/8.2.0/libgcc.a(_umoddi3.o)
                0x0000000006029458                __umoddi3
 .text          0x0000000006029714      0x3b4 /joe/Compiler/LINUX/bin/../lib/gcc/sh-none-elf/8.2.0/libgcc.a(_addsub_df.o)
                0x0000000006029a24                __adddf3
                0x0000000006029a74                __subdf3
 .text          0x0000000006029ac8      0x208 /joe/Compiler/LINUX/bin/../lib/gcc/sh-none-elf/8.2.0/libgcc.a(_mul_df.o)
                0x0000000006029ac8                __muldf3
 .text          0x0000000006029cd0      0x130 /joe/Compiler/LINUX/bin/../lib/gcc/sh-none-elf/8.2.0/libgcc.a(_div_df.o)
                0x0000000006029cd0                __divdf3
 .text          0x0000000006029e00       0x58 /joe/Compiler/LINUX/bin/../lib/gcc/sh-none-elf/8.2.0/libgcc.a(_eq_df.o)
                0x0000000006029e00                __eqdf2
 .text          0x0000000006029e58       0x58 /joe/Compiler/LINUX/bin/../lib/gcc/sh-none-elf/8.2.0/libgcc.a(_ne_df.o)
                0x0000000006029e58                __nedf2
 .text          0x0000000006029eb0       0x50 /joe/Compiler/LINUX/bin/../lib/gcc/sh-none-elf/8.2.0/libgcc.a(_gt_df.o)
                0x0000000006029eb0                __gtdf2
 .text          0x0000000006029f00       0x50 /joe/Compiler/LINUX/bin/../lib/gcc/sh-none-elf/8.2.0/libgcc.a(_ge_df.o)
                0x0000000006029f00                __gedf2
 .text          0x0000000006029f50       0x58 /joe/Compiler/LINUX/bin/../lib/gcc/sh-none-elf/8.2.0/libgcc.a(_lt_df.o)
                0x0000000006029f50                __ltdf2
 .text          0x0000000006029fa8       0x58 /joe/Compiler/LINUX/bin/../lib/gcc/sh-none-elf/8.2.0/libgcc.a(_le_df.o)
                0x0000000006029fa8                __ledf2
 .text          0x000000000602a000       0x40 /joe/Compiler/LINUX/bin/../lib/gcc/sh-none-elf/8.2.0/libgcc.a(_unord_df.o)
                0x000000000602a000                __unorddf2
 .text          0x000000000602a040       0xa8 /joe/Compiler/LINUX/bin/../lib/gcc/sh-none-elf/8.2.0/libgcc.a(_si_to_df.o)
                0x000000000602a040                __floatsidf
 .text          0x000000000602a0e8       0xa4 /joe/Compiler/LINUX/bin/../lib/gcc/sh-none-elf/8.2.0/libgcc.a(_df_to_si.o)
                0x000000000602a0e8                __fixdfsi
 .text          0x000000000602a18c        0x0 /joe/Compiler/LINUX/bin/../lib/gcc/sh-none-elf/8.2.0/libgcc.a(_thenan_df.o)
 .text          0x000000000602a18c       0x88 /joe/Compiler/LINUX/bin/../lib/gcc/sh-none-elf/8.2.0/libgcc.a(_usi_to_df.o)
                0x000000000602a18c                __floatunsidf
 *fill*         0x000000000602a214        0x4 
 .text          0x000000000602a218       0x60 /joe/Compiler/LINUX/bin/../lib/gcc/sh-none-elf/8.2.0/libgcc.a(_udiv_qrnnd_16.o)
                0x000000000602a218                __udiv_qrnnd_16
 .text          0x000000000602a278        0x0 /joe/Compiler/LINUX/bin/../lib/gcc/sh-none-elf/8.2.0/libgcc.a(_clz.o)
 .text          0x000000000602a278       0x58 /joe/Compiler/LINUX/bin/../lib/gcc/sh-none-elf/8.2.0/libgcc.a(_clzsi2.o)
                0x000000000602a278                __clzsi2
 .text          0x000000000602a2d0      0x25c /joe/Compiler/LINUX/bin/../lib/gcc/sh-none-elf/8.2.0/libgcc.a(_pack_df.o)
                0x000000000602a2d0                __pack_d
 .text          0x000000000602a52c       0xcc /joe/Compiler/LINUX/bin/../lib/gcc/sh-none-elf/8.2.0/libgcc.a(_unpack_df.o)
                0x000000000602a52c                __unpack_d
 .text          0x000000000602a5f8       0xc8 /joe/Compiler/LINUX/bin/../lib/gcc/sh-none-elf/8.2.0/libgcc.a(_fpcmp_parts_df.o)
                0x000000000602a5f8                __fpcmp_parts_d
 *(.strings)
 *(SEGA_P)
 *(.eh_frame_hdr)
 *(.eh_frame)
 .eh_frame      0x000000000602a6c0       0xa8 /joe/Compiler/LINUX/bin/../lib/gcc/sh-none-elf/8.2.0/libgcc.a(_udivdi3.o)
 .eh_frame      0x000000000602a768       0xdc /joe/Compiler/LINUX/bin/../lib/gcc/sh-none-elf/8.2.0/libgcc.a(_umoddi3.o)
                0x000000000602a844                __etext = .

.text.startup   0x000000000602a850      0xc20
 .text.startup  0x000000000602a850      0xc14 /tmp/ccrLTD5v.ltrans0.ltrans.o
                0x000000000602a850                main

SLPROG          0x000000000602b480    0x158a0
                0x000000000602b480                __slprog_start = .
 *(SLPROG)
 SLPROG         0x000000000602b480     0x6540 /joe/Compiler/COMMON/SGL_302j/LIB_ELF/SGLAREA.O
                0x000000000602b480                MasterStack
                0x000000000602b484                SlaveStack
                0x000000000602b488                MaxVertices
                0x000000000602b48a                MaxPolygons
                0x000000000602b48c                SortList
                0x000000000602b490                SortListSize
                0x000000000602b494                TransList
                0x000000000602b498                Zbuffer
                0x000000000602b49c                SpriteBuf
                0x000000000602b4a0                SpriteBufSize
                0x000000000602b4a4                Pbuffer
                0x000000000602b4a8                CommandBuf
                0x000000000602b4ac                CLOfstBuf
                0x000000000602b4b0                PCM_Work
                0x000000000602b4b4                PCM_WkSize
                0x000000000602b4b8                MaxEvents
                0x000000000602b4ba                EventSize
                0x000000000602b4bc                MaxWorks
                0x000000000602b4be                WorkSize
                0x000000000602b4c0                RemainEvent
                0x000000000602b5c0                RemainWork
                0x000000000602b9c0                EventBuf
                0x000000000602d9c0                WorkBuf
 SLPROG         0x00000000060319c0     0x411e /joe/Compiler/COMMON/SGL_302j/LIB_ELF/LIBSGL.A(sglA01.o)
                0x00000000060319c0                slSin
                0x00000000060319e4                slCos
                0x0000000006031a08                GetSinCos
                0x0000000006031a9c                sin_cos_index_tbl
                0x0000000006031adc                sin_tbl
 *fill*         0x0000000006035ade        0x2 
 SLPROG         0x0000000006035ae0       0x18 /joe/Compiler/COMMON/SGL_302j/LIB_ELF/LIBSGL.A(sglA15.o)
                0x0000000006035ae0                slSlaveFunc
 *fill*         0x0000000006035af8        0x8 
 SLPROG         0x0000000006035b00       0xd0 /joe/Compiler/COMMON/SGL_302j/LIB_ELF/LIBSGL.A(sglA16.o)
                0x0000000006035b00                slLookAt
 SLPROG         0x0000000006035bd0       0x78 /joe/Compiler/COMMON/SGL_302j/LIB_ELF/LIBSGL.A(sglA17.o)
                0x0000000006035bd0                slRotZ
                0x0000000006035bda                slRotZSC
 *fill*         0x0000000006035c48        0x8 
 SLPROG         0x0000000006035c50       0x78 /joe/Compiler/COMMON/SGL_302j/LIB_ELF/LIBSGL.A(sglA18.o)
                0x0000000006035c50                slRotY
                0x0000000006035c5a                slRotYSC
 *fill*         0x0000000006035cc8        0x8 
 SLPROG         0x0000000006035cd0       0x78 /joe/Compiler/COMMON/SGL_302j/LIB_ELF/LIBSGL.A(sglA19.o)
                0x0000000006035cd0                slRotX
                0x0000000006035cda                slRotXSC
 *fill*         0x0000000006035d48        0x8 
 SLPROG         0x0000000006035d50      0x42c /joe/Compiler/COMMON/SGL_302j/LIB_ELF/LIBSGL.A(sglA20.o)
                0x0000000006035d50                slInitMatrix
                0x0000000006035d5a                slPushUnitMatrix
                0x0000000006035d6e                slUnitMatrix
 *fill*         0x000000000603617c        0x4 
 SLPROG         0x0000000006036180       0x48 /joe/Compiler/COMMON/SGL_302j/LIB_ELF/LIBSGL.A(sglA21.o)
                0x0000000006036180                slPushMatrix
                0x00000000060361b4                slPopMatrix
                0x00000000060361b4                slDecMatrixPtr
 *fill*         0x00000000060361c8        0x8 
 SLPROG         0x00000000060361d0       0x50 /joe/Compiler/COMMON/SGL_302j/LIB_ELF/LIBSGL.A(sglA27.o)
                0x00000000060361d0                slTranslate
 SLPROG         0x0000000006036220       0x70 /joe/Compiler/COMMON/SGL_302j/LIB_ELF/LIBSGL.A(sglA28.o)
                0x0000000006036220                slScale
 SLPROG         0x0000000006036290       0x22 /joe/Compiler/COMMON/SGL_302j/LIB_ELF/LIBSGL.A(sglA40.o)
                0x0000000006036290                slCalcVector
 *fill*         0x00000000060362b2        0xe 
 SLPROG         0x00000000060362c0       0x20 /joe/Compiler/COMMON/SGL_302j/LIB_ELF/LIBSGL.A(sglB001.o)
                0x00000000060362c0                slTVOn
                0x00000000060362ca                slTVOff
 SLPROG         0x00000000060362e0       0x24 /joe/Compiler/COMMON/SGL_302j/LIB_ELF/LIBSGL.A(sglB011.o)
                0x00000000060362e0                slBitMapNbg1
 *fill*         0x0000000006036304        0xc 
 SLPROG         0x0000000006036310        0x8 /joe/Compiler/COMMON/SGL_302j/LIB_ELF/LIBSGL.A(sglB014.o)
                0x0000000006036310                slScrTransparent
 *fill*         0x0000000006036318        0x8 
 SLPROG         0x0000000006036320      0x40c /joe/Compiler/COMMON/SGL_302j/LIB_ELF/LIBSGL.A(sglB015.o)
                0x0000000006036320                slScrAutoDisp
 *fill*         0x000000000603672c        0x4 
 SLPROG         0x0000000006036730        0xc /joe/Compiler/COMMON/SGL_302j/LIB_ELF/LIBSGL.A(sglB016.o)
                0x0000000006036730                slBack1ColSet
 *fill*         0x000000000603673c        0x4 
 SLPROG         0x0000000006036740       0x10 /joe/Compiler/COMMON/SGL_302j/LIB_ELF/LIBSGL.A(sglB020.o)
                0x0000000006036740                slColorCalc
 SLPROG         0x0000000006036750        0xc /joe/Compiler/COMMON/SGL_302j/LIB_ELF/LIBSGL.A(sglB021.o)
                0x0000000006036750                slColorCalcOn
 *fill*         0x000000000603675c        0x4 
 SLPROG         0x0000000006036760        0xc /joe/Compiler/COMMON/SGL_302j/LIB_ELF/LIBSGL.A(sglB023.o)
                0x0000000006036760                slColRate
 *fill*         0x000000000603676c        0x4 
 SLPROG         0x0000000006036770       0xb0 /joe/Compiler/COMMON/SGL_302j/LIB_ELF/LIBSGL.A(sglB031.o)
                0x0000000006036770                slMapNbg0
 SLPROG         0x0000000006036820       0xb4 /joe/Compiler/COMMON/SGL_302j/LIB_ELF/LIBSGL.A(sglB032.o)
                0x0000000006036820                slMapNbg1
 *fill*         0x00000000060368d4        0xc 
 SLPROG         0x00000000060368e0       0xb0 /joe/Compiler/COMMON/SGL_302j/LIB_ELF/LIBSGL.A(sglB033.o)
                0x00000000060368e0                slMapNbg2
 SLPROG         0x0000000006036990       0xb4 /joe/Compiler/COMMON/SGL_302j/LIB_ELF/LIBSGL.A(sglB034.o)
                0x0000000006036990                slMapNbg3
 *fill*         0x0000000006036a44        0xc 
 SLPROG         0x0000000006036a50       0xd4 /joe/Compiler/COMMON/SGL_302j/LIB_ELF/LIBSGL.A(sglB035.o)
                0x0000000006036a50                sl1MapRA
                0x0000000006036ae2                rbank_set
 *fill*         0x0000000006036b24        0xc 
 SLPROG         0x0000000006036b30       0xa0 /joe/Compiler/COMMON/SGL_302j/LIB_ELF/LIBSGL.A(sglB036.o)
                0x0000000006036b30                sl1MapRB
 SLPROG         0x0000000006036bd0       0x70 /joe/Compiler/COMMON/SGL_302j/LIB_ELF/LIBSGL.A(sglB038.o)
                0x0000000006036bd0                slRparaInitSet
 SLPROG         0x0000000006036c40       0x7e /joe/Compiler/COMMON/SGL_302j/LIB_ELF/LIBSGL.A(sglB039.o)
                0x0000000006036c40                slMakeKtable
 *fill*         0x0000000006036cbe        0x2 
 SLPROG         0x0000000006036cc0       0x58 /joe/Compiler/COMMON/SGL_302j/LIB_ELF/LIBSGL.A(sglB040.o)
                0x0000000006036cc0                slKtableRA
 *fill*         0x0000000006036d18        0x8 
 SLPROG         0x0000000006036d20       0x5c /joe/Compiler/COMMON/SGL_302j/LIB_ELF/LIBSGL.A(sglB041.o)
                0x0000000006036d20                slKtableRB
 *fill*         0x0000000006036d7c        0x4 
 SLPROG         0x0000000006036d80       0x10 /joe/Compiler/COMMON/SGL_302j/LIB_ELF/LIBSGL.A(sglB042.o)
                0x0000000006036d80                slCurRpara
 SLPROG         0x0000000006036d90        0x8 /joe/Compiler/COMMON/SGL_302j/LIB_ELF/LIBSGL.A(sglB043.o)
                0x0000000006036d90                slRparaMode
 *fill*         0x0000000006036d98        0x8 
 SLPROG         0x0000000006036da0      0x4e4 /joe/Compiler/COMMON/SGL_302j/LIB_ELF/LIBSGL.A(sglB044.o)
                0x0000000006036da0                slScrMatSet
 *fill*         0x0000000006037284        0xc 
 SLPROG         0x0000000006037290       0x28 /joe/Compiler/COMMON/SGL_302j/LIB_ELF/LIBSGL.A(sglB045.o)
                0x0000000006037290                slScrMatConv
 *fill*         0x00000000060372b8        0x8 
 SLPROG         0x00000000060372c0        0xc /joe/Compiler/COMMON/SGL_302j/LIB_ELF/LIBSGL.A(sglB047.o)
                0x00000000060372c0                slOverRA
 *fill*         0x00000000060372cc        0x4 
 SLPROG         0x00000000060372d0       0x10 /joe/Compiler/COMMON/SGL_302j/LIB_ELF/LIBSGL.A(sglB048.o)
                0x00000000060372d0                slOverRB
 SLPROG         0x00000000060372e0        0xc /joe/Compiler/COMMON/SGL_302j/LIB_ELF/LIBSGL.A(sglB055.o)
                0x00000000060372e0                slPlaneNbg0
 *fill*         0x00000000060372ec        0x4 
 SLPROG         0x00000000060372f0        0xc /joe/Compiler/COMMON/SGL_302j/LIB_ELF/LIBSGL.A(sglB056.o)
                0x00000000060372f0                slPlaneNbg1
 *fill*         0x00000000060372fc        0x4 
 SLPROG         0x0000000006037300       0x10 /joe/Compiler/COMMON/SGL_302j/LIB_ELF/LIBSGL.A(sglB057.o)
                0x0000000006037300                slPlaneNbg2
 SLPROG         0x0000000006037310       0x10 /joe/Compiler/COMMON/SGL_302j/LIB_ELF/LIBSGL.A(sglB058.o)
                0x0000000006037310                slPlaneNbg3
 SLPROG         0x0000000006037320        0xc /joe/Compiler/COMMON/SGL_302j/LIB_ELF/LIBSGL.A(sglB059.o)
                0x0000000006037320                slPlaneRA
 *fill*         0x000000000603732c        0x4 
 SLPROG         0x0000000006037330       0x10 /joe/Compiler/COMMON/SGL_302j/LIB_ELF/LIBSGL.A(sglB060.o)
                0x0000000006037330                slPlaneRB
 SLPROG         0x0000000006037340        0xc /joe/Compiler/COMMON/SGL_302j/LIB_ELF/LIBSGL.A(sglB063.o)
                0x0000000006037340                slPriority
 *fill*         0x000000000603734c        0x4 
 SLPROG         0x0000000006037350       0x18 /joe/Compiler/COMMON/SGL_302j/LIB_ELF/LIBSGL.A(sglB087.o)
                0x0000000006037350                slLineScrollTable0
 *fill*         0x0000000006037368        0x8 
 SLPROG         0x0000000006037370        0x8 /joe/Compiler/COMMON/SGL_302j/LIB_ELF/LIBSGL.A(sglB088.o)
                0x0000000006037370                slLineScrollTable1
 *fill*         0x0000000006037378        0x8 
 SLPROG         0x0000000006037380        0xc /joe/Compiler/COMMON/SGL_302j/LIB_ELF/LIBSGL.A(sglB090.o)
                0x0000000006037380                slLineScrollMode
 *fill*         0x000000000603738c        0x4 
 SLPROG         0x0000000006037390      0x114 /joe/Compiler/COMMON/SGL_302j/LIB_ELF/LIBSGL.A(sglB200.o)
                0x0000000006037390                slCharRbg0
                0x000000000603739c                slCharNbg0
                0x00000000060373a8                slCharNbg1
                0x00000000060373b4                slCharNbg2
                0x00000000060373ca                slCharNbg3
                0x00000000060373e2                slPageRbg0
                0x00000000060373f8                slPageNbg1
                0x0000000006037400                slPageNbg2
                0x0000000006037408                slPageNbg3
                0x0000000006037414                slPageNbg0
 *fill*         0x00000000060374a4        0xc 
 SLPROG         0x00000000060374b0       0x6c /joe/Compiler/COMMON/SGL_302j/LIB_ELF/LIBSGL.A(sglC01.o)
                0x00000000060374b0                slPerspective
 *fill*         0x000000000603751c        0x4 
 SLPROG         0x0000000006037520       0xc4 /joe/Compiler/COMMON/SGL_302j/LIB_ELF/LIBSGL.A(sglC03.o)
                0x0000000006037520                slWindow
 *fill*         0x00000000060375e4        0xc 
 SLPROG         0x00000000060375f0       0x2c /joe/Compiler/COMMON/SGL_302j/LIB_ELF/LIBSGL.A(sglC04.o)
                0x00000000060375f0                slZdspLevel
 *fill*         0x000000000603761c        0x4 
 SLPROG         0x0000000006037620       0x78 /joe/Compiler/COMMON/SGL_302j/LIB_ELF/LIBSGL.A(sglC05.o)
                0x0000000006037620                slSetSprite
 *fill*         0x0000000006037698        0x8 
 SLPROG         0x00000000060376a0       0xfa /joe/Compiler/COMMON/SGL_302j/LIB_ELF/LIBSGL.A(sglC06.o)
                0x00000000060376a0                slDispSprite
 *fill*         0x000000000603779a        0x6 
 SLPROG         0x00000000060377a0      0x162 /joe/Compiler/COMMON/SGL_302j/LIB_ELF/LIBSGL.A(sglC07.o)
                0x00000000060377a6                slPutSprite
 *fill*         0x0000000006037902        0xe 
 SLPROG         0x0000000006037910     0x1218 /joe/Compiler/COMMON/SGL_302j/LIB_ELF/LIBSGL.A(sglC08.o)
                0x0000000006037910                slPutPolygon
                0x000000000603858c                MsCalcDepthFlat
 *fill*         0x0000000006038b28        0x8 
 SLPROG         0x0000000006038b30       0x8c /joe/Compiler/COMMON/SGL_302j/LIB_ELF/LIBSGL.A(sglC14.o)
                0x0000000006038b30                slCurWindow
 *fill*         0x0000000006038bbc        0x4 
 SLPROG         0x0000000006038bc0       0x54 /joe/Compiler/COMMON/SGL_302j/LIB_ELF/LIBSGL.A(sglC16.o)
                0x0000000006038bc0                slDynamicFrame
 *fill*         0x0000000006038c14        0xc 
 SLPROG         0x0000000006038c20       0x4c /joe/Compiler/COMMON/SGL_302j/LIB_ELF/LIBSGL.A(sglC17.o)
                0x0000000006038c20                slDispSpriteHV
 *fill*         0x0000000006038c6c        0x4 
 SLPROG         0x0000000006038c70       0xd4 /joe/Compiler/COMMON/SGL_302j/LIB_ELF/LIBSGL.A(sglC19.o)
                0x0000000006038c70                slDispSprite4P
 *fill*         0x0000000006038d44        0xc 
 SLPROG         0x0000000006038d50       0x40 /joe/Compiler/COMMON/SGL_302j/LIB_ELF/LIBSGL.A(sglC20.o)
                0x0000000006038d50                SpriteEntry
 SLPROG         0x0000000006038d90      0x4ae /joe/Compiler/COMMON/SGL_302j/LIB_ELF/LIBSGL.A(sglC21.o)
                0x0000000006038e18                RotSprite
                0x0000000006038ea6                SetSprPosition
 *fill*         0x000000000603923e        0x2 
 SLPROG         0x0000000006039240       0x84 /joe/Compiler/COMMON/SGL_302j/LIB_ELF/LIBSGL.A(sglD00.o)
                0x0000000006039240                slDMACopy
                0x0000000006039240                slCpuDMACopy
                0x000000000603929a                slCashPurge
                0x000000000603929a                CSH_AllClr
 *fill*         0x00000000060392c4        0xc 
 SLPROG         0x00000000060392d0       0xa0 /joe/Compiler/COMMON/SGL_302j/LIB_ELF/LIBSGL.A(sglD01.o)
                0x00000000060392d0                slDMAXCopy
 SLPROG         0x0000000006039370       0x10 /joe/Compiler/COMMON/SGL_302j/LIB_ELF/LIBSGL.A(sglD02.o)
                0x0000000006039370                slDMAWait
 SLPROG         0x0000000006039380        0xc /joe/Compiler/COMMON/SGL_302j/LIB_ELF/LIBSGL.A(sglD03.o)
                0x0000000006039380                slDMAStatus
 *fill*         0x000000000603938c        0x4 
 SLPROG         0x0000000006039390       0x20 /joe/Compiler/COMMON/SGL_302j/LIB_ELF/LIBSGL.A(sglD15.o)
                0x0000000006039390                CSH_Purge
 SLPROG         0x00000000060393b0       0x84 /joe/Compiler/COMMON/SGL_302j/LIB_ELF/LIBSGL.A(sglD16.o)
                0x00000000060393b0                DMA_ScuSetPrm
                0x00000000060393f8                DMA_SCU_PRM0
 *fill*         0x0000000006039434        0xc 
 SLPROG         0x0000000006039440       0x88 /joe/Compiler/COMMON/SGL_302j/LIB_ELF/LIBSGL.A(sglD17.o)
                0x0000000006039440                DMA_ScuStart
 *fill*         0x00000000060394c8        0x8 
 SLPROG         0x00000000060394d0       0x34 /joe/Compiler/COMMON/SGL_302j/LIB_ELF/LIBSGL.A(sglD18.o)
                0x00000000060394d0                DMA_ScuGetStatus
 *fill*         0x0000000006039504        0xc 
 SLPROG         0x0000000006039510       0x34 /joe/Compiler/COMMON/SGL_302j/LIB_ELF/LIBSGL.A(sglF08.o)
                0x0000000006039510                slDec2Hex
 *fill*         0x0000000006039544        0xc 
 SLPROG         0x0000000006039550      0xfc8 /joe/Compiler/COMMON/SGL_302j/LIB_ELF/LIBSGL.A(sglH00.o)
                0x0000000006039568                slGetPortDir1
                0x0000000006039570                slGetPortDir2
                0x0000000006039578                slSetPortDir1
                0x00000000060395a2                slSetPortDir2
                0x00000000060395dc                slGetPortData1
                0x00000000060395e4                slGetPortData2
                0x00000000060395ec                slSetPortData1
                0x00000000060395f6                slSetPortData2
                0x0000000006039608                slGetPortSelect1
                0x0000000006039612                slGetPortSelect2
                0x000000000603961c                slSetPortSelect1
                0x0000000006039650                slSetPortSelect2
                0x000000000603968c                slGetPortExt1
                0x0000000006039696                slGetPortExt2
                0x00000000060396a0                slSetPortExt1
                0x00000000060396d0                slSetPortExt2
                0x0000000006039844                slSmpcDirectAccess
                0x00000000060398c4                slInitPeripheral
                0x0000000006039956                slSetResultBuffer
                0x00000000060399e2                slCheckIntBackSet
                0x00000000060399ee                slIntBackCancel
                0x0000000006039a18                slCheckReset
                0x0000000006039a22                slClearReset
                0x0000000006039be8                slSmpcCashSend
                0x0000000006039ca4                slSmpcCashBlow
                0x0000000006039d80                slGetOptimize
                0x0000000006039d8a                slSetOptimize
                0x0000000006039db0                slGetPortMode1
                0x0000000006039dbc                slGetPortMode2
                0x0000000006039dca                slSetPortMode1
                0x0000000006039e08                slSetPortMode2
                0x0000000006039f94                slRequestCommand
                0x000000000603a004                Smpc_Status
                0x000000000603a008                Smpc_Result
                0x000000000603a00c                Smpc_Peripheral
                0x000000000603a012                Per_Connect1
                0x000000000603a013                Per_Connect2
                0x000000000603a034                SmpcStatusBuf
 *fill*         0x000000000603a518        0x8 
 SLPROG         0x000000000603a520       0xa8 /joe/Compiler/COMMON/SGL_302j/LIB_ELF/LIBSGL.A(sglH01.o)
                0x000000000603a520                slGetLanguage
                0x000000000603a52a                slSetLanguage
                0x000000000603a54c                slGetSoundEffect
                0x000000000603a558                slSetSoundEffect
                0x000000000603a574                slGetSoundOutput
                0x000000000603a580                slSetSoundOutput
                0x000000000603a59c                slGetHelpWindow
                0x000000000603a5a8                slSetHelpWindow
 *fill*         0x000000000603a5c8        0x8 
 SLPROG         0x000000000603a5d0      0x470 /joe/Compiler/COMMON/SGL_302j/LIB_ELF/LIBSGL.A(sglH02.o)
                0x000000000603a9c0                smpc_pfr_tbl
                0x000000000603aa00                smpc_ptf_tbl
 SLPROG         0x000000000603aa40       0x60 /joe/Compiler/COMMON/SGL_302j/LIB_ELF/LIBSGL.A(sglH04.o)
                0x000000000603aa40                slComPrmIntBack
                0x000000000603aa54                slComPrmSetMemory
                0x000000000603aa6a                slComPrmSetTime
 SLPROG         0x000000000603aaa0      0x3a4 /joe/Compiler/COMMON/SGL_302j/LIB_ELF/LIBSGL.A(sglI01.o)
                0x000000000603aaa0                slInitSynch
                0x000000000603aaba                slSynch
                0x000000000603abb0                slRandom
                0x000000000603abce                PCM_EndCheck
                0x000000000603ac8a                RetPCMBuf
                0x000000000603ad24                PCM_Buf
                0x000000000603adc4                Sound_Buf
 *fill*         0x000000000603ae44        0xc 
 SLPROG         0x000000000603ae50       0x10 /joe/Compiler/COMMON/SGL_302j/LIB_ELF/LIBSGL.A(sglI04.o)
                0x000000000603ae50                slIntFunction
 SLPROG         0x000000000603ae60       0x74 /joe/Compiler/COMMON/SGL_302j/LIB_ELF/LIBSGL.A(sglJ00.o)
                0x000000000603ae60                InitSlaveSH
                0x000000000603aec8                SlaveCommand
 *fill*         0x000000000603aed4        0xc 
 SLPROG         0x000000000603aee0      0x3d0 /joe/Compiler/COMMON/SGL_302j/LIB_ELF/LIBSGL.A(sglJ01.o)
                0x000000000603aee0                SlaveControl
                0x000000000603b29c                ErasePolygonData
 SLPROG         0x000000000603b2b0     0x12b8 /joe/Compiler/COMMON/SGL_302j/LIB_ELF/LIBSGL.A(sglJ02.o)
                0x000000000603b2b0                sbMakePolygon
                0x000000000603b498                sbCalcPolygon
                0x000000000603c1d0                SetTexture
                0x000000000603c1dc                SetPolygon
                0x000000000603c1e4                SetPosition
                0x000000000603c21c                stvtc_4
                0x000000000603c2d4                stvtc_3
                0x000000000603c4e4                stvtc_1
                0x000000000603c4f8                stvtc_2
                0x000000000603c50c                stvtc_0
 *fill*         0x000000000603c568        0x8 
 SLPROG         0x000000000603c570      0x140 /joe/Compiler/COMMON/SGL_302j/LIB_ELF/LIBSGL.A(sglJ03.o)
                0x000000000603c570                sbMakeDMATable
 SLPROG         0x000000000603c6b0      0x470 /joe/Compiler/COMMON/SGL_302j/LIB_ELF/LIBSGL.A(sglJ04.o)
                0x000000000603c70e                sbMakeSprite
                0x000000000603c774                sbMakeRotSprite
 SLPROG         0x000000000603cb20       0x3c /joe/Compiler/COMMON/SGL_302j/LIB_ELF/LIBSGL.A(sglJ05.o)
                0x000000000603cb20                sbSortEntry
 *fill*         0x000000000603cb5c        0x4 
 SLPROG         0x000000000603cb60      0x4b8 /joe/Compiler/COMMON/SGL_302j/LIB_ELF/LIBSGL.A(sglM00.o)
                0x000000000603cb60                slInitGouraud
                0x000000000603cc54                slPutPolygonX
                0x000000000603cc9a                slGouraudTblCopy
                0x000000000603ccf2                slSetGouraudTbl
                0x000000000603ccf8                slSetGouraudColor
                0x000000000603cd70                slSetAmbient
                0x000000000603cd94                slSetFlatColor
 *fill*         0x000000000603d018        0x8 
 SLPROG         0x000000000603d020       0x6a /joe/Compiler/COMMON/SGL_302j/LIB_ELF/LIBSGL.A(sglM01.o)
                0x000000000603d020                slSetDepthLimit
                0x000000000603d04c                slSetDepthTbl
                0x000000000603d07c                DepthWorkArea
 *fill*         0x000000000603d08a        0x6 
 SLPROG         0x000000000603d090       0x20 /joe/Compiler/COMMON/SGL_302j/LIB_ELF/LIBSGL.A(sglA00.o)
                0x000000000603d090                set_imask
                0x000000000603d090                _builtin_set_imask
                0x000000000603d0a4                get_imask
                0x000000000603d0a4                _builtin_get_imask
 SLPROG         0x000000000603d0b0     0x215c /joe/Compiler/COMMON/SGL_302j/LIB_ELF/LIBSGL.A(sglA03.o)
                0x000000000603d0b0                slTan
 *fill*         0x000000000603f20c        0x4 
 SLPROG         0x000000000603f210       0x34 /joe/Compiler/COMMON/SGL_302j/LIB_ELF/LIBSGL.A(sglA10.o)
                0x000000000603f210                slSquartDbl
 *fill*         0x000000000603f244        0xc 
 SLPROG         0x000000000603f250      0x3c2 /joe/Compiler/COMMON/SGL_302j/LIB_ELF/LIBSGL.A(sglA24.o)
                0x000000000603f250                slInversMatrix
 *fill*         0x000000000603f612        0xe 
 SLPROG         0x000000000603f620       0x24 /joe/Compiler/COMMON/SGL_302j/LIB_ELF/LIBSGL.A(sglA25.o)
                0x000000000603f620                slTransposeMatrix
 *fill*         0x000000000603f644        0xc 
 SLPROG         0x000000000603f650      0xbd0 /joe/Compiler/COMMON/SGL_302j/LIB_ELF/LIBSGL.A(sglB000.o)
                0x000000000603f650                slInitScroll
                0x000000000603f770                setASC_1to8
                0x000000000603f7a0                setASC_4to8
                0x000000000603f8b0                TVSizeTbl
                0x000000000603f930                TVModeTbl
                0x000000000603fb08                SGL_ASCII_CG
 SLPROG         0x0000000006040220      0x134 /joe/Compiler/COMMON/SGL_302j/LIB_ELF/LIBSGL.A(sglC00.o)
                0x0000000006040220                slInitSprite
 *fill*         0x0000000006040354        0xc 
 SLPROG         0x0000000006040360       0xac /joe/Compiler/COMMON/SGL_302j/LIB_ELF/LIBSGL.A(sglC13.o)
                0x0000000006040360                slPutPolygonS
 *fill*         0x000000000604040c        0x4 
 SLPROG         0x0000000006040410       0xc0 /joe/Compiler/COMMON/SGL_302j/LIB_ELF/LIBSGL.A(sglD19.o)