Archive member included to satisfy reference by file (symbol)

/joe/Compiler/COMMON/SGL_302j/LIB_ELF/SEGA_SYS.A(sys_exit.o)
                              jo_engine/core.o (symbol from plugin) (SYS_Exit)
/joe/Compiler/COMMON/SGL_302j/LIB_ELF/SEGA_SYS.A(sys_sub.o)
                              /joe/Compiler/COMMON/SGL_302j/LIB_ELF/SEGA_SYS.A(sys_exit.o) (SYSUB_SetStackptr)
/joe/Compiler/COMMON/SGL_302j/LIB_ELF/LIBCD.A(CDC_CMN.O)
                              /joe/Compiler/COMMON/SGL_302j/LIB_ELF/SEGA_SYS.A(sys_exit.o) (CDC_GetCurStat)
/joe/Compiler/COMMON/SGL_302j/LIB_ELF/LIBCD.A(CDC_DRV.O)
                              pcmsys.o (symbol from plugin) (CDC_CdPlay)
/joe/Compiler/COMMON/SGL_302j/LIB_ELF/LIBCD.A(CDC_CFS.O)
                              /joe/Compiler/COMMON/SGL_302j/LIB_ELF/SEGA_SYS.A(sys_exit.o) (CDC_ChgDir)
/joe/Compiler/COMMON/SGL_302j/LIB_ELF/LIBCD.A(CDC_REG.O)
                              /joe/Compiler/COMMON/SGL_302j/LIB_ELF/SEGA_SYS.A(sys_exit.o) (CDC_GetHirqReq)
/joe/Compiler/COMMON/SGL_302j/LIB_ELF/LIBCD.A(CDC_SUB.O)
                              /joe/Compiler/COMMON/SGL_302j/LIB_ELF/LIBCD.A(CDC_CMN.O) (CDSUB_UpdStatus)
/joe/Compiler/COMMON/SGL_302j/LIB_ELF/LIBCD.A(GFS.O)
                              pcmsys.o (symbol from plugin) (GFS_Init)
/joe/Compiler/COMMON/SGL_302j/LIB_ELF/LIBCD.A(GFS_BUF.O)
                              /joe/Compiler/COMMON/SGL_302j/LIB_ELF/LIBCD.A(GFS.O) (GFBF_GetNumData)
/joe/Compiler/COMMON/SGL_302j/LIB_ELF/LIBCD.A(GFS_CDB.O)
                              /joe/Compiler/COMMON/SGL_302j/LIB_ELF/LIBCD.A(GFS.O) (GFCB_Close)
/joe/Compiler/COMMON/SGL_302j/LIB_ELF/LIBCD.A(GFS_CDC.O)
                              /joe/Compiler/COMMON/SGL_302j/LIB_ELF/LIBCD.A(GFS.O) (GFCD_SetCdbfs)
/joe/Compiler/COMMON/SGL_302j/LIB_ELF/LIBCD.A(GFS_CDF.O)
                              /joe/Compiler/COMMON/SGL_302j/LIB_ELF/LIBCD.A(GFS.O) (GFCF_Init)
/joe/Compiler/COMMON/SGL_302j/LIB_ELF/LIBCD.A(GFS_DIR.O)
                              /joe/Compiler/COMMON/SGL_302j/LIB_ELF/LIBCD.A(GFS.O) (GFDR_SetupDirTbl)
/joe/Compiler/COMMON/SGL_302j/LIB_ELF/LIBCD.A(GFS_TRN.O)
                              /joe/Compiler/COMMON/SGL_302j/LIB_ELF/LIBCD.A(GFS.O) (GFTR_Setup)
/joe/Compiler/COMMON/SGL_302j/LIB_ELF/LIBCD.A(CDC_DEV.O)
                              /joe/Compiler/COMMON/SGL_302j/LIB_ELF/LIBCD.A(GFS_CDC.O) (CDC_CdSetCon)
/joe/Compiler/COMMON/SGL_302j/LIB_ELF/LIBCD.A(CDC_SEL.O)
                              /joe/Compiler/COMMON/SGL_302j/LIB_ELF/LIBCD.A(GFS_CDC.O) (CDC_SetFiltRange)
/joe/Compiler/COMMON/SGL_302j/LIB_ELF/LIBCD.A(CDC_BIF.O)
                              /joe/Compiler/COMMON/SGL_302j/LIB_ELF/LIBCD.A(GFS_CDC.O) (CDC_GetBufSiz)
/joe/Compiler/COMMON/SGL_302j/LIB_ELF/LIBCD.A(CDC_BIO.O)
                              /joe/Compiler/COMMON/SGL_302j/LIB_ELF/LIBCD.A(GFS_CDC.O) (CDC_SetSctLen)
/joe/Compiler/COMMON/SGL_302j/LIB_ELF/LIBSGL.A(sglA01.o)
                              jo_engine/math.o (symbol from plugin) (slSin)
/joe/Compiler/COMMON/SGL_302j/LIB_ELF/LIBSGL.A(sglA15.o)
                              jo_engine/slave.o (symbol from plugin) (slSlaveFunc)
/joe/Compiler/COMMON/SGL_302j/LIB_ELF/LIBSGL.A(sglA16.o)
                              main.o (symbol from plugin) (slLookAt)
/joe/Compiler/COMMON/SGL_302j/LIB_ELF/LIBSGL.A(sglA17.o)
                              /joe/Compiler/COMMON/SGL_302j/LIB_ELF/LIBSGL.A(sglA16.o) (slRotZ)
/joe/Compiler/COMMON/SGL_302j/LIB_ELF/LIBSGL.A(sglA18.o)
                              main.o (symbol from plugin) (slRotY)
/joe/Compiler/COMMON/SGL_302j/LIB_ELF/LIBSGL.A(sglA19.o)
                              main.o (symbol from plugin) (slRotX)
/joe/Compiler/COMMON/SGL_302j/LIB_ELF/LIBSGL.A(sglA20.o)
                              main.o (symbol from plugin) (slUnitMatrix)
/joe/Compiler/COMMON/SGL_302j/LIB_ELF/LIBSGL.A(sglA21.o)
                              main.o (symbol from plugin) (slPushMatrix)
/joe/Compiler/COMMON/SGL_302j/LIB_ELF/LIBSGL.A(sglA27.o)
                              /joe/Compiler/COMMON/SGL_302j/LIB_ELF/LIBSGL.A(sglA16.o) (slTranslate)
/joe/Compiler/COMMON/SGL_302j/LIB_ELF/LIBSGL.A(sglA28.o)
                              main.o (symbol from plugin) (slScale)
/joe/Compiler/COMMON/SGL_302j/LIB_ELF/LIBSGL.A(sglA40.o)
                              main.o (symbol from plugin) (slCalcVector)
/joe/Compiler/COMMON/SGL_302j/LIB_ELF/LIBSGL.A(sglB001.o)
                              main.o (symbol from plugin) (slTVOn)
/joe/Compiler/COMMON/SGL_302j/LIB_ELF/LIBSGL.A(sglB011.o)
                              jo_engine/vdp2.o (symbol from plugin) (slBitMapNbg1)
/joe/Compiler/COMMON/SGL_302j/LIB_ELF/LIBSGL.A(sglB014.o)
                              jo_engine/vdp2.o (symbol from plugin) (slScrTransparent)
/joe/Compiler/COMMON/SGL_302j/LIB_ELF/LIBSGL.A(sglB015.o)
                              jo_engine/vdp2.o (symbol from plugin) (slScrAutoDisp)
/joe/Compiler/COMMON/SGL_302j/LIB_ELF/LIBSGL.A(sglB016.o)
[...]
Memory Configuration

Name             Origin             Length             Attributes
*default*        0x0000000000000000 0xffffffffffffffff

Linker script and memory map


SLSTART         0x0000000006004000       0x30
                0x0000000006004000                ___Start = .
 *(SLSTART)
 SLSTART        0x0000000006004000       0x28 /joe/Compiler/COMMON/SGL_302j/LIB_ELF/LIBSGL.A(sglI00.o)
                0x0000000006004000                SGL_Start
                0x0000000006004002                slStartSGL

.text           0x0000000006004040    0x26860
 *(.text)
 .text          0x0000000006004040        0x0 /joe/Compiler/COMMON/SGL_302j/LIB_ELF/SGLAREA.O
 .text          0x0000000006004040     0x8350 /tmp/ccQUuHd2.ltrans0.ltrans.o
                0x0000000006004684                jo_sprite_draw.constprop.39
                0x00000000060047c8                jo_nbg2_print.constprop.38
                0x0000000006004854                render_CLUT_sprite_MESH.constprop.37
                0x00000000060048a0                __jo_core_set_screens_order.constprop.36
                0x0000000006004970                CDDAPlaySingle.constprop.31
                0x00000000060049ac                jo_free
                0x00000000060049d4                jo_vdp2_clear_bitmap_nbg1.constprop.23
                0x0000000006004a44                jo_backup_unmount.constprop.12
                0x0000000006004adc                jo_vdp2_malloc
                0x0000000006004c80                jo_vdp2_free
                0x0000000006004e78                jo_vdp2_disable_rbg0
                0x0000000006005058                __jo_create_map.lto_priv.576
                0x00000000060050d0                jo_img_to_vdp2_cells
                0x0000000006005178                jo_set_default_background_color
                0x00000000060053a8                jo_sprite_free_from
                0x00000000060055e0                jo_strlen
                0x0000000006005644                jo_getdate
                0x0000000006005718                jo_malloc_with_behaviour
                0x0000000006005d6c                load_textures.constprop.25
                0x0000000006005da8                jo_backup_mount.constprop.7
                0x0000000006005fbc                jo_random
                0x000000000600602c                jo_atan2f_rad
                0x00000000060061f0                load_binary.constprop.29
                0x0000000006006db0                jo_fixed_cos
                0x0000000006006e0c                jo_fixed_sin
                0x000000000600725c                __jo_tga_any_loader
                0x0000000006007424                jo_sprite_add_tga.constprop.24
                0x0000000006007598                _realloc_r
                0x000000000600763c                _calloc_r
                0x0000000006007670                _free_r
                0x00000000060076a0                _malloc_r
                0x0000000006007714                mnet_send_remove_local_player
                0x0000000006007790                mnet_tick
                0x0000000006008e64                lobby_screen
                0x000000000600a7ec                connecting_screen
 .text          0x000000000600c390     0xd4fc /tmp/ccQUuHd2.ltrans1.ltrans.o
                0x000000000600d174                my_vblank
                0x000000000600fa08                CDDAStop
                0x000000000600fa24                load_16bit_pcm
                0x000000000600fb84                pcm_cease
                0x000000000600fbac                pcm_play
                0x00000000060138e8                init_3d_planes
                0x0000000006013e28                load_trackmap
                0x0000000006013e64                load_preview
                0x0000000006013ea0                load_level
                0x0000000006014b14                load_car
                0x0000000006016344                gameLoop
 .text          0x000000000601988c     0x3038 /tmp/ccQUuHd2.ltrans2.ltrans.o
                0x000000000601988c                saturn_transport_send.lto_priv.451
                0x00000000060198e4                saturn_transport_rx_byte.lto_priv.450
                0x00000000060198f8                saturn_transport_rx_ready.lto_priv.449
                0x0000000006019914                draw_powerups
                0x0000000006019a1c                create_particles
                0x0000000006019af0                computeLight
                0x0000000006019b60                create_player
                0x0000000006019da0                set_player_position
                0x0000000006019ee8                getSeconds
                0x0000000006019f6c                apply_player_gravity
                0x0000000006019fc4                init_1p_display
                0x000000000601a04c                init_2p_display
                0x000000000601a0dc                stop_engine_sound
                0x000000000601a148                stop_sounds
                0x000000000601a1c8                reset_to_last_checkpoint
                0x000000000601a2c0                reset_demo
                0x000000000601a4c8                render_CLUT_sprite
                0x000000000601a518                ztClearText
                0x000000000601a564                transition_to_end_level
                0x000000000601a704                mmm_get_p2_port
                0x000000000601abe0                saturn_uart_puts.lto_priv.441
                0x000000000601ac34                modem_read_line.lto_priv.442
                0x000000000601ade4                modem_escape_to_command.lto_priv.445.lto_priv.447
                0x000000000601b470                saturn_uart_init.lto_priv.443
                0x000000000601b528                saturn_uart_set_baud.lto_priv.444
                0x000000000601bd5c                saturn_uart_flush_rx.lto_priv.448
                0x000000000601bda8                saturn_uart_loopback_test.lto_priv.453.lto_priv.455
                0x000000000601be70                saturn_uart_read_raw.lto_priv.456.lto_priv.458
                0x000000000601beec                saturn_uart_getc_timeout.lto_priv.459.lto_priv.461
                0x000000000601bf20                saturn_uart_getc.lto_priv.462.lto_priv.464
                0x000000000601bf4c                saturn_uart_putc.lto_priv.465.lto_priv.467
                0x000000000601bf88                saturn_uart_read_iir.lto_priv.468.lto_priv.470
                0x000000000601bfa0                saturn_uart_read_msr.lto_priv.471.lto_priv.473
                0x000000000601bfc0                saturn_uart_read_lsr.lto_priv.474.lto_priv.476
                0x000000000601bfdc                saturn_uart_clear_errors.lto_priv.477.lto_priv.479
                0x000000000601bffc                saturn_uart_rx_error.lto_priv.480.lto_priv.482
                0x000000000601c01c                saturn_uart_rx_ready.lto_priv.483.lto_priv.485
                0x000000000601c038                saturn_uart_tx_ready.lto_priv.486.lto_priv.488
                0x000000000601c118                saturn_uart_detect.lto_priv.328
                0x000000000601c1a4                saturn_uart_reg_write.lto_priv.489.lto_priv.491
                0x000000000601c1bc                saturn_uart_reg_read.lto_priv.492.lto_priv.494
                0x000000000601c1d8                saturn_netlink_smpc_disable.lto_priv.495.lto_priv.497
                0x000000000601c204                saturn_netlink_smpc_enable.lto_priv.452
                0x000000000601c290                saturn_smpc_command.lto_priv.498.lto_priv.500
                0x000000000601c2b8                mnet_encode_lap_complete.lto_priv.341.lto_priv.344
                0x000000000601c2e0                mnet_encode_client_log.lto_priv.337.lto_priv.340
                0x000000000601c388                mnet_encode_leaderboard_req.lto_priv.345.lto_priv.348
                0x000000000601c398                mnet_encode_remove_local_player.lto_priv.349.lto_priv.352
                0x000000000601c3a8                mnet_encode_add_local_player.lto_priv.329.lto_priv.332
                0x000000000601c42c                mnet_encode_powerup_pickup.lto_priv.353.lto_priv.356
                0x000000000601c440                mnet_encode_player_state_p2.lto_priv.357.lto_priv.360
                0x000000000601c4d8                mnet_encode_player_state.lto_priv.361.lto_priv.364
                0x000000000601c568                mnet_encode_input_state_p2.lto_priv.365.lto_priv.368
                0x000000000601c594                mnet_encode_input_state.lto_priv.369.lto_priv.372
                0x000000000601c5bc                mnet_encode_car_select.lto_priv.373.lto_priv.376
                0x000000000601c5d0                mnet_encode_start_game.lto_priv.377.lto_priv.380
                0x000000000601c5e0                mnet_encode_ready.lto_priv.381.lto_priv.384
                0x000000000601c5f0                mnet_encode_heartbeat.lto_priv.385.lto_priv.388
                0x000000000601c600                mnet_encode_disconnect.lto_priv.389.lto_priv.392
                0x000000000601c610                mnet_encode_set_username.lto_priv.333.lto_priv.336
                0x000000000601c690                mnet_encode_connect_uuid.lto_priv.393.lto_priv.396
                0x000000000601c6b0                mnet_encode_connect.lto_priv.397.lto_priv.400
                0x000000000601c6c0                mnet_read_string.lto_priv.401.lto_priv.404
                0x000000000601c708                mnet_rx_poll.lto_priv.405.lto_priv.440
                0x000000000601c7b8                mnet_rx_init.lto_priv.408.lto_priv.411
                0x000000000601c7c8                mnet_send_frame.lto_priv.412.lto_priv.415
                0x000000000601c808                net_transport_is_connected.lto_priv.416.lto_priv.419
                0x000000000601c820                net_transport_send.lto_priv.420.lto_priv.423
                0x000000000601c834                net_transport_rx_byte.lto_priv.424.lto_priv.427
                0x000000000601c848                net_transport_rx_ready.lto_priv.428.lto_priv.431
                0x000000000601c85c                get_gbr.lto_priv.53.lto_priv.77
                0x000000000601c864                set_gbr.lto_priv.78.lto_priv.102
                0x000000000601c86c                get_vbr.lto_priv.103.lto_priv.127
                0x000000000601c874                set_vbr.lto_priv.128.lto_priv.152
                0x000000000601c87c                set_imask.lto_priv.153.lto_priv.177
                0x000000000601c890                get_imask.lto_priv.178.lto_priv.202
                0x000000000601c89c                get_sr.lto_priv.203.lto_priv.227
                0x000000000601c8a4                set_sr.lto_priv.228.lto_priv.252
                0x000000000601c8ac                tas.lto_priv.253.lto_priv.277
                0x000000000601c8b4                sleep.lto_priv.278.lto_priv.302
                0x000000000601c8bc                nop.lto_priv.303.lto_priv.327
 *fill*         0x000000000601c8c4        0xc 
 .text          0x000000000601c8d0      0x238 /joe/Compiler/COMMON/SGL_302j/LIB_ELF/SEGA_SYS.A(sys_exit.o)
                0x000000000601c8d0                sys_version
                0x000000000601c8f0                SYS_Exit
 *fill*         0x000000000601cb08        0x8 
 .text          0x000000000601cb10        0x6 /joe/Compiler/COMMON/SGL_302j/LIB_ELF/SEGA_SYS.A(sys_sub.o)
                0x000000000601cb10                SYSUB_SetStackptr
 *fill*         0x000000000601cb16        0xa 
 .text          0x000000000601cb20      0x3a0 /joe/Compiler/COMMON/SGL_302j/LIB_ELF/LIBCD.A(CDC_CMN.O)
                0x000000000601cb20                CDC_GetCurStat
                0x000000000601cb70                CDC_GetLastStat
                0x000000000601cb88                CDC_GetPeriStat
                0x000000000601cc5c                CDC_GetHwInfo
                0x000000000601ccc4                CDC_TgetToc
                0x000000000601cd14                CDC_GetSes
                0x000000000601cd50                CDC_CdInit
                0x000000000601cdd4                CDC_CdOpen
                0x000000000601cdfc                CDC_DataReady
                0x000000000601ce68                CDC_DataEnd
 .text          0x000000000601cec0      0x130 /joe/Compiler/COMMON/SGL_302j/LIB_ELF/LIBCD.A(CDC_DRV.O)
                0x000000000601cec0                CDC_CdPlay
                0x000000000601cf8c                CDC_CdSeek
                0x000000000601cfc0                CDC_CdScan
 .text          0x000000000601cff0      0x194 /joe/Compiler/COMMON/SGL_302j/LIB_ELF/LIBCD.A(CDC_CFS.O)
                0x000000000601cff0                CDC_ChgDir
                0x000000000601d024                CDC_ReadDir
                0x000000000601d058                CDC_GetFileScope
                0x000000000601d0b8                CDC_TgetFileInfo
                0x000000000601d114                CDC_ReadFile
                0x000000000601d148                CDC_AbortFile
 *fill*         0x000000000601d184        0xc 
 .text          0x000000000601d190      0x2dc /joe/Compiler/COMMON/SGL_302j/LIB_ELF/LIBCD.A(CDC_REG.O)
                0x000000000601d190                CDC_GetDataPtr
                0x000000000601d1a0                CDC_GetHirqReq
                0x000000000601d1b4                CDC_ClrHirqReq
                0x000000000601d1e4                CDREG_ClrHirqReq
                0x000000000601d1f4                CDREG_InitHirqReq
                0x000000000601d21c                CDREG_SetHirqFlag
                0x000000000601d230                CDC_GetHirqMsk
                0x000000000601d244                CDC_SetHirqMsk
                0x000000000601d254                CDC_GetMpegPtr
                0x000000000601d264                CDREG_TgetData
                0x000000000601d2c0                CDREG_CmdRsp
                0x000000000601d3c0                CDREG_WaitHirq
                0x000000000601d430                CDREG_ReadRsp
 *fill*         0x000000000601d46c        0x4 
 .text          0x000000000601d470      0x152 /joe/Compiler/COMMON/SGL_302j/LIB_ELF/LIBCD.A(CDC_SUB.O)
                0x000000000601d470                CDSUB_UpdStatus
                0x000000000601d488                CDSUB_UpdCdstat
                0x000000000601d4a8                CDSUB_CdCmd
                0x000000000601d518                CDSUB_GetCdstat
                0x000000000601d558                CDSUB_RspToCdstat
                0x000000000601d5a0                CDSUB_SoftTimer
 *fill*         0x000000000601d5c2        0xe 
 .text          0x000000000601d5d0     0x1adc /joe/Compiler/COMMON/SGL_302j/LIB_ELF/LIBCD.A(GFS.O)
                0x000000000601d5d0                gfs_version
                0x000000000601d5f0                GFS_Init
                0x000000000601d6d8                GFS_LoadDir
                0x000000000601d780                GFS_SetDir
                0x000000000601d7e8                GFS_NameToId
                0x000000000601d84c                GFS_IdToName
                0x000000000601d8b8                GFS_GetDirInfo
                0x000000000601d928                GFS_Reset
                0x000000000601d9ac                GFS_Open
                0x000000000601da60                GFS_Close
                0x000000000601da98                GFS_Seek
                0x000000000601db4c                GFS_Tell
                0x000000000601db9c                GFS_IsEof
                0x000000000601dbf0                GFS_ByteToSct
                0x000000000601dc4c                GFS_GetFileSize
                0x000000000601dca8                GFS_GetFileInfo
                0x000000000601dd1c                GFS_GetNumCdbuf
                0x000000000601dd44                GFS_Load
                0x000000000601de08                GFS_Fread
                0x000000000601dea4                gfs_waitRead
                0x000000000601df4c                GFS_NwFread
                0x000000000601e058                GFS_NwCdRead
                0x000000000601e0d0                GFS_NwIsComplete
                0x000000000601e108                GFS_NwStop
                0x000000000601e174                GFS_NwGetStat
                0x000000000601e1f0                gfs_recovRdErr
                0x000000000601e220                GFS_NwExecOne
                0x000000000601e2e0                GFS_NwExecServer
                0x000000000601e35c                GFS_SetGmode
                0x000000000601e3c0                GFS_SetTmode
                0x000000000601e42c                GFS_SetReadPara
                0x000000000601e490                GFS_SetTransPara
                0x000000000601e4fc                GFS_SetTrFunc
                0x000000000601e560                GFS_StartTrans
                0x000000000601e5ac                GFS_CdMovePickup
                0x000000000601e618                GFS_SetErrFunc
                0x000000000601e644                GFS_GetErrStat
                0x000000000601e668                GFS_ConvTno
                0x000000000601e690                gfs_chgRoot
                0x000000000601e75c                gfs_aborttrans
                0x000000000601e768                gfs_mngSetupFuncTbl
                0x000000000601e79c                gfs_mngInitWork
                0x000000000601e840                gfs_mngGetNumFile
                0x000000000601e8a8                GFS_mngAllocGrp
                0x000000000601e8f0                gfs_mngFreeGrp
                0x000000000601e8fc                gfs_mngTermAccess
                0x000000000601e980                gfs_mngSetErrCode
                0x000000000601ea00                gfs_svrSearchHndl
                0x000000000601ea40                gfs_svrAddHndl
                0x000000000601ea7c                gfs_svrRemoveHndl
                0x000000000601ead8                GFS_OpenSub
                0x000000000601eb30                gfs_loadVol
                0x000000000601ebf4                gfs_getRootDir
                0x000000000601ecf0                gfs_loadRootDir
                0x000000000601ed78                gfs_flowIn
                0x000000000601ee20                gfs_transData
                0x000000000601eec4                GFS_GetFad
                0x000000000601ef1c                gfs_SetSct
                0x000000000601ef5c                gfs_GetFinfo
                0x000000000601ef9c                gfs_closeSub
                0x000000000601efd8                gfs_getGmode
                0x000000000601efe4                gfs_isTaskDone
                0x000000000601f038                gfs_convFinStat
 *fill*         0x000000000601f0ac        0x4 
 .text          0x000000000601f0b0      0x106 /joe/Compiler/COMMON/SGL_302j/LIB_ELF/LIBCD.A(GFS_BUF.O)
                0x000000000601f0e0                GFBF_GetTranData
                0x000000000601f108                GFBF_GetNumData
                0x000000000601f138                GFBF_GetSrcPk
                0x000000000601f160                GFBF_GetSctData
                0x000000000601f184                GFBF_RtnPk
                0x000000000601f1ac                gfbf_getSctDt
 *fill*         0x000000000601f1b6        0xa 
 .text          0x000000000601f1c0      0x600 /joe/Compiler/COMMON/SGL_302j/LIB_ELF/LIBCD.A(GFS_CDB.O)
                0x000000000601f1c0                GFCB_Setup
                0x000000000601f2e0                GFCB_Close
                0x000000000601f308                GFCB_GetLenData
                0x000000000601f3b4                GFCB_GetLenRoom
                0x000000000601f3c0                GFCB_SetFilt
                0x000000000601f428                GFCB_DeleteAllData
                0x000000000601f450                GFCB_Tell
                0x000000000601f460                gfcb_getSctNum
                0x000000000601f4b0                GFCB_Seek
                0x000000000601f5ac                GFCB_GetSrcPack
                0x000000000601f68c                GFCB_GetSctData
                0x000000000601f6c4                GFCB_GetDstPack
                0x000000000601f6d0                GFCB_RtnPk
                0x000000000601f718                GFCB_MovePickup
                0x000000000601f734                GFCB_SetCon
                0x000000000601f768                GFCB_GetPickup
                0x000000000601f790                GFCB_IsPuOwner
                0x000000000601f7a8                GFCB_UngetPickup
 .text          0x000000000601f7c0     0x1a10 /joe/Compiler/COMMON/SGL_302j/LIB_ELF/LIBCD.A(GFS_CDC.O)
                0x000000000601f7c0                GFCD_SetCdbfs
                0x000000000601f7ec                GFCD_Init
                0x000000000601f9f0                GFCD_AllocFilt
                0x000000000601fa2c                GFCD_FreeFilt
                0x000000000601fa5c                GFCD_AllocBuf
                0x000000000601fa90                GFCD_FreeBuf
                0x000000000601fb34                GFCD_GetBaseFad
                0x000000000601fb68                GFCD_GetPickup
                0x000000000601fb9c                GFCD_UngetPickup
                0x000000000601fbc8                GFCD_IsPuOwner
                0x000000000601fbec                GFCD_SetFilt
                0x000000000601fcb0                GFCD_GetFilt
                0x000000000601fcf8                GFCD_SetCon
                0x000000000601fd50                GFCD_Play
                0x000000000601fdb0                GFCD_GetLenData
                0x000000000601fe18                GFCD_ReqData
                0x000000000601fe74                GFCD_EndData
                0x000000000601febc                GFCD_DelSctData
                0x000000000601ff14                GFCD_CheckDelSctData
                0x000000000601ff44                GFCD_GetStat
                0x000000000601fff8                GFCD_MovePickup
                0x0000000006020044                GFCD_MoveSctData
                0x00000000060200b8                GFCD_CheckMove
                0x00000000060200dc                GFCD_GetSctInfo
                0x0000000006020124                GFCD_ChgDir
                0x0000000006020198                GFCD_SetFiltCon
                0x0000000006020280                GFCD_GetFileInfo
                0x000000000602035c                GFCD_GetBufSiz
                0x0000000006020394                GFCD_ExecServer
                0x0000000006020468                gfcd_isIdleTask
                0x00000000060204f4                gfcd_doTask
                0x00000000060205a0                GFCD_SetTimer
                0x00000000060205b4                GFCD_WaitServer
                0x00000000060205f0                gfcd_doSetFiltTsk
                0x00000000060207b4                gfcd_doSetConTsk
                0x0000000006020844                gfcd_doGetLenDataTsk
                0x0000000006020998                gfcd_doReqDataTsk
                0x0000000006020a38                gfcd_doDelSctDataTsk
                0x0000000006020b6c                gfcd_doMoveSctTsk
                0x0000000006020cd0                gfcd_doChgDirTsk
                0x0000000006020ecc                gfcd_doSetFiltConTsk
                0x0000000006021010                gfcd_checkEflag
                0x0000000006021034                gfcd_initCdbMng
                0x00000000060210b4                gfcd_setStat
                0x00000000060210e0                GFCD_SetCsctFunc
                0x00000000060210fc                GFCD_ChkScdqFlag
                0x0000000006021120                GFCD_ClrScdqFlag
                0x000000000602113c                GFCD_WaitScdqFlag
                0x0000000006021180                GFCD_WaitPause
 .text          0x00000000060211d0      0x8d8 /joe/Compiler/COMMON/SGL_302j/LIB_ELF/LIBCD.A(GFS_CDF.O)
                0x00000000060211d0                GFCF_Init
                0x0000000006021270                GFCF_Setup
                0x00000000060213b8                GFCF_SetSct
                0x00000000060213fc                GFCF_GetFileInfo
                0x0000000006021470                GFCF_FlowInBuf
                0x00000000060215c4                GFCF_StopInBuf
                0x0000000006021664                GFCF_Recover
                0x00000000060216ac                GFCF_Tell
                0x00000000060216c4                GFCF_Seek
                0x00000000060216dc                GFCF_MovePickup
                0x0000000006021778                GFCF_cnvIntlvOfs
                0x00000000060217cc                GFCF_GetStat
                0x0000000006021864                gfcf_getSctSize
                0x00000000060218a0                gfcf_isCdOk
                0x0000000006021960                gfcf_getPlayRange
 *fill*         0x0000000006021aa8        0x8 
 .text          0x0000000006021ab0      0x92c /joe/Compiler/COMMON/SGL_302j/LIB_ELF/LIBCD.A(GFS_DIR.O)
                0x0000000006021ab0                GFDR_SetupDirTbl
                0x0000000006021b24                GFDR_NameToId
                0x0000000006021b84                GFDR_GetInfoDirId
                0x0000000006021b98                GFDR_GetInfoDirName
                0x0000000006021bac                GFDR_GetAtrDirId
                0x0000000006021bc4                GFDR_GetAtrDirName
                0x0000000006021bdc                GFDR_ChgRoot
                0x0000000006021bf4                GFDR_ChgDir
                0x0000000006021c68                gfdr_setupDirIdTbl
                0x0000000006021cec                gfdr_setupDirNameTbl
                0x0000000006021d98                gfdr_open
                0x0000000006021dc0                gfdr_read
                0x0000000006021e80                gfdr_readByte
                0x0000000006021eac                gfdr_readWord
                0x0000000006021ed8                gfdr_readWordNB
                0x0000000006021f2c                gfdr_readLongNB
                0x0000000006021f78                gfdr_readLongNM
                0x0000000006021fa0                gfdr_setNextRec
                0x0000000006022024                gfdr_readDirEnt
                0x00000000060223a0                gfdr_setDirrecCd
 *fill*         0x00000000060223dc        0x4 
 .text          0x00000000060223e0      0x9c6 /joe/Compiler/COMMON/SGL_302j/LIB_ELF/LIBCD.A(GFS_TRN.O)
                0x0000000006022410                GFTR_Setup
                0x0000000006022454                GFTR_SetMode
                0x0000000006022468                GFTR_SetUnit
                0x0000000006022474                GFTR_SetTransPara
                0x00000000060224a8                GFTR_GetTransPara
                0x00000000060224b4                GFTR_GetNumTrans
                0x00000000060224c0                GFTR_SetTransMax
                0x00000000060224cc                GFTR_Start
                0x00000000060224d8                GFTR_Pause
                0x00000000060224e4                GFTR_Stop
                0x000000000602259c                GFTR_Exec
                0x0000000006022620                GFTR_Idle
                0x0000000006022698                GFTR_ExecSvr
                0x00000000060227a0                gftr_getSrcPack
                0x0000000006022828                gftr_getDstPack
                0x0000000006022884                gftr_reqScu
                0x0000000006022890                gftr_execScu
                0x000000000602292c                gftr_remScu
                0x0000000006022960                gfdma_canUse
                0x000000000602296c                gfdma_exec
                0x00000000060229dc                gfdma_getBytecnt
                0x0000000006022a14                gftr_reqDma0
                0x0000000006022a2c                gftr_execSdma0
                0x0000000006022a50                gftr_remDma0
                0x0000000006022a68                gftr_reqDma1
                0x0000000006022a80                gftr_execSdma1
                0x0000000006022aa4                gftr_remDma1
                0x0000000006022abc                gftr_reqCpu
                0x0000000006022ac8                gftr_execCpu
                0x0000000006022b08                gftr_remCpu
                0x0000000006022b14                gftr_reqTrn
                0x0000000006022b84                gftr_execTrn
                0x0000000006022c5c                gftr_remTrn
                0x0000000006022cd0                gftr_copyFrac
                0x0000000006022cf8                GFTR_GetLenData
                0x0000000006022d04                GFTR_GetLenRoom
                0x0000000006022d1c                GFTR_GetDstPack
                0x0000000006022d50                GFTR_RtnDstPk
                0x0000000006022d6c                GFTR_GetData
                0x0000000006022d80                GFTR_SetData
                0x0000000006022d94                GFTR_SetTransFunc
 *fill*         0x0000000006022da6        0xa 
 .text          0x0000000006022db0       0xa8 /joe/Compiler/COMMON/SGL_302j/LIB_ELF/LIBCD.A(CDC_DEV.O)
                0x0000000006022db0                CDC_CdSetCon
                0x0000000006022de0                CDC_CdGetCon
                0x0000000006022e1c                CDC_CdGetLastBuf
 *fill*         0x0000000006022e58        0x8 
 .text          0x0000000006022e60      0x2b8 /joe/Compiler/COMMON/SGL_302j/LIB_ELF/LIBCD.A(CDC_SEL.O)
                0x0000000006022e60                CDC_SetFiltRange
                0x0000000006022e94                CDC_GetFiltRange
                0x0000000006022eec                CDC_SetFiltSubh
                0x0000000006022f5c                CDC_GetFiltSubh
                0x0000000006022fd8                CDC_SetFiltMode
                0x000000000602300c                CDC_GetFiltMode
                0x0000000006023050                CDC_SetFiltCon
                0x0000000006023090                CDC_GetFiltCon
                0x00000000060230e4                CDC_ResetSelector
 *fill*         0x0000000006023118        0x8 
 .text          0x0000000006023120      0x270 /joe/Compiler/COMMON/SGL_302j/LIB_ELF/LIBCD.A(CDC_BIF.O)
                0x0000000006023120                CDC_GetBufSiz
                0x000000000602317c                CDC_GetSctNum
                0x00000000060231c0                CDC_CalActSiz
                0x00000000060231fc                CDC_GetActSiz
                0x000000000602327c                CDC_GetSctInfo
                0x00000000060232fc                CDC_ExeFadSearch
                0x0000000006023334                CDC_GetFadSearch
 .text          0x0000000006023390      0x1e4 /joe/Compiler/COMMON/SGL_302j/LIB_ELF/LIBCD.A(CDC_BIO.O)
                0x0000000006023390                CDC_SetSctLen
                0x00000000060233c4                CDC_GetSctData
                0x0000000006023400                CDC_DelSctData
                0x000000000602343c                CDC_GetdelSctData
                0x0000000006023478                CDC_PutSctData
                0x00000000060234b0                CDC_CopySctData
                0x00000000060234f4                CDC_MoveSctData
                0x0000000006023538                CDC_GetCopyErr
 *fill*         0x0000000006023574        0xc 
 .text          0x0000000006023580        0x0 /joe/Compiler/COMMON/SGL_302j/LIB_ELF/LIBSGL.A(sglA01.o)
 .text          0x0000000006023580        0x0 /joe/Compiler/COMMON/SGL_302j/LIB_ELF/LIBSGL.A(sglA15.o)
 .text          0x0000000006023580        0x0 /joe/Compiler/COMMON/SGL_302j/LIB_ELF/LIBSGL.A(sglA16.o)
 .text          0x0000000006023580        0x0 /joe/Compiler/COMMON/SGL_302j/LIB_ELF/LIBSGL.A(sglA17.o)
 .text          0x0000000006023580        0x0 /joe/Compiler/COMMON/SGL_302j/LIB_ELF/LIBSGL.A(sglA18.o)
 .text          0x0000000006023580        0x0 /joe/Compiler/COMMON/SGL_302j/LIB_ELF/LIBSGL.A(sglA19.o)
 .text          0x0000000006023580        0x0 /joe/Compiler/COMMON/SGL_302j/LIB_ELF/LIBSGL.A(sglA20.o)
 .text          0x0000000006023580        0x0 /joe/Compiler/COMMON/SGL_302j/LIB_ELF/LIBSGL.A(sglA21.o)
 .text          0x0000000006023580        0x0 /joe/Compiler/COMMON/SGL_302j/LIB_ELF/LIBSGL.A(sglA27.o)
 .text          0x0000000006023580        0x0 /joe/Compiler/COMMON/SGL_302j/LIB_ELF/LIBSGL.A(sglA28.o)
 .text          0x0000000006023580        0x0 /joe/Compiler/COMMON/SGL_302j/LIB_ELF/LIBSGL.A(sglA40.o)
 .text          0x0000000006023580        0x0 /joe/Compiler/COMMON/SGL_302j/LIB_ELF/LIBSGL.A(sglB001.o)
 .text          0x0000000006023580        0x0 /joe/Compiler/COMMON/SGL_302j/LIB_ELF/LIBSGL.A(sglB011.o)
 .text          0x0000000006023580        0x0 /joe/Compiler/COMMON/SGL_302j/LIB_ELF/LIBSGL.A(sglB014.o)
 .text          0x0000000006023580        0x0 /joe/Compiler/COMMON/SGL_302j/LIB_ELF/LIBSGL.A(sglB015.o)
 .text          0x0000000006023580        0x0 /joe/Compiler/COMMON/SGL_302j/LIB_ELF/LIBSGL.A(sglB016.o)
 .text          0x0000000006023580        0x0 /joe/Compiler/COMMON/SGL_302j/LIB_ELF/LIBSGL.A(sglB020.o)
 .text          0x0000000006023580        0x0 /joe/Compiler/COMMON/SGL_302j/LIB_ELF/LIBSGL.A(sglB021.o)
 .text          0x0000000006023580        0x0 /joe/Compiler/COMMON/SGL_302j/LIB_ELF/LIBSGL.A(sglB023.o)
 .text          0x0000000006023580        0x0 /joe/Compiler/COMMON/SGL_302j/LIB_ELF/LIBSGL.A(sglB031.o)
 .text          0x0000000006023580        0x0 /joe/Compiler/COMMON/SGL_302j/LIB_ELF/LIBSGL.A(sglB032.o)
 .text          0x0000000006023580        0x0 /joe/Compiler/COMMON/SGL_302j/LIB_ELF/LIBSGL.A(sglB033.o)
 .text          0x0000000006023580        0x0 /joe/Compiler/COMMON/SGL_302j/LIB_ELF/LIBSGL.A(sglB034.o)
 .text          0x0000000006023580        0x0 /joe/Compiler/COMMON/SGL_302j/LIB_ELF/LIBSGL.A(sglB035.o)
 .text          0x0000000006023580        0x0 /joe/Compiler/COMMON/SGL_302j/LIB_ELF/LIBSGL.A(sglB036.o)
 .text          0x0000000006023580        0x0 /joe/Compiler/COMMON/SGL_302j/LIB_ELF/LIBSGL.A(sglB038.o)
 .text          0x0000000006023580        0x0 /joe/Compiler/COMMON/SGL_302j/LIB_ELF/LIBSGL.A(sglB039.o)
 .text          0x0000000006023580        0x0 /joe/Compiler/COMMON/SGL_302j/LIB_ELF/LIBSGL.A(sglB040.o)
 .text          0x0000000006023580        0x0 /joe/Compiler/COMMON/SGL_302j/LIB_ELF/LIBSGL.A(sglB041.o)
 .text          0x0000000006023580        0x0 /joe/Compiler/COMMON/SGL_302j/LIB_ELF/LIBSGL.A(sglB042.o)
 .text          0x0000000006023580        0x0 /joe/Compiler/COMMON/SGL_302j/LIB_ELF/LIBSGL.A(sglB043.o)
 .text          0x0000000006023580        0x0 /joe/Compiler/COMMON/SGL_302j/LIB_ELF/LIBSGL.A(sglB044.o)
 .text          0x0000000006023580        0x0 /joe/Compiler/COMMON/SGL_302j/LIB_ELF/LIBSGL.A(sglB045.o)
 .text          0x0000000006023580        0x0 /joe/Compiler/COMMON/SGL_302j/LIB_ELF/LIBSGL.A(sglB047.o)
 .text          0x0000000006023580        0x0 /joe/Compiler/COMMON/SGL_302j/LIB_ELF/LIBSGL.A(sglB048.o)
 .text          0x0000000006023580        0x0 /joe/Compiler/COMMON/SGL_302j/LIB_ELF/LIBSGL.A(sglB055.o)
 .text          0x0000000006023580        0x0 /joe/Compiler/COMMON/SGL_302j/LIB_ELF/LIBSGL.A(sglB056.o)
 .text          0x0000000006023580        0x0 /joe/Compiler/COMMON/SGL_302j/LIB_ELF/LIBSGL.A(sglB057.o)
 .text          0x0000000006023580        0x0 /joe/Compiler/COMMON/SGL_302j/LIB_ELF/LIBSGL.A(sglB058.o)
 .text          0x0000000006023580        0x0 /joe/Compiler/COMMON/SGL_302j/LIB_ELF/LIBSGL.A(sglB059.o)
 .text          0x0000000006023580        0x0 /joe/Compiler/COMMON/SGL_302j/LIB_ELF/LIBSGL.A(sglB060.o)
 .text          0x0000000006023580        0x0 /joe/Compiler/COMMON/SGL_302j/LIB_ELF/LIBSGL.A(sglB063.o)
 .text          0x0000000006023580        0x0 /joe/Compiler/COMMON/SGL_302j/LIB_ELF/LIBSGL.A(sglB087.o)
 .text          0x0000000006023580        0x0 /joe/Compiler/COMMON/SGL_302j/LIB_ELF/LIBSGL.A(sglB088.o)
 .text          0x0000000006023580        0x0 /joe/Compiler/COMMON/SGL_302j/LIB_ELF/LIBSGL.A(sglB090.o)
 .text          0x0000000006023580        0x0 /joe/Compiler/COMMON/SGL_302j/LIB_ELF/LIBSGL.A(sglB200.o)
 .text          0x0000000006023580        0x0 /joe/Compiler/COMMON/SGL_302j/LIB_ELF/LIBSGL.A(sglC01.o)
 .text          0x0000000006023580        0x0 /joe/Compiler/COMMON/SGL_302j/LIB_ELF/LIBSGL.A(sglC03.o)
 .text          0x0000000006023580        0x0 /joe/Compiler/COMMON/SGL_302j/LIB_ELF/LIBSGL.A(sglC04.o)
 .text          0x0000000006023580        0x0 /joe/Compiler/COMMON/SGL_302j/LIB_ELF/LIBSGL.A(sglC05.o)
 .text          0x0000000006023580        0x0 /joe/Compiler/COMMON/SGL_302j/LIB_ELF/LIBSGL.A(sglC06.o)
 .text          0x0000000006023580        0x0 /joe/Compiler/COMMON/SGL_302j/LIB_ELF/LIBSGL.A(sglC07.o)
 .text          0x0000000006023580        0x0 /joe/Compiler/COMMON/SGL_302j/LIB_ELF/LIBSGL.A(sglC08.o)
 .text          0x0000000006023580        0x0 /joe/Compiler/COMMON/SGL_302j/LIB_ELF/LIBSGL.A(sglC14.o)
 .text          0x0000000006023580        0x0 /joe/Compiler/COMMON/SGL_302j/LIB_ELF/LIBSGL.A(sglC16.o)
 .text          0x0000000006023580        0x0 /joe/Compiler/COMMON/SGL_302j/LIB_ELF/LIBSGL.A(sglC17.o)
 .text          0x0000000006023580        0x0 /joe/Compiler/COMMON/SGL_302j/LIB_ELF/LIBSGL.A(sglC19.o)
 .text          0x0000000006023580        0x0 /joe/Compiler/COMMON/SGL_302j/LIB_ELF/LIBSGL.A(sglC20.o)
 .text          0x0000000006023580        0x0 /joe/Compiler/COMMON/SGL_302j/LIB_ELF/LIBSGL.A(sglC21.o)
 .text          0x0000000006023580        0x0 /joe/Compiler/COMMON/SGL_302j/LIB_ELF/LIBSGL.A(sglD00.o)
 .text          0x0000000006023580        0x0 /joe/Compiler/COMMON/SGL_302j/LIB_ELF/LIBSGL.A(sglD01.o)
 .text          0x0000000006023580        0x0 /joe/Compiler/COMMON/SGL_302j/LIB_ELF/LIBSGL.A(sglD02.o)
 .text          0x0000000006023580        0x0 /joe/Compiler/COMMON/SGL_302j/LIB_ELF/LIBSGL.A(sglD03.o)
 .text          0x0000000006023580        0x0 /joe/Compiler/COMMON/SGL_302j/LIB_ELF/LIBSGL.A(sglD15.o)
 .text          0x0000000006023580        0x0 /joe/Compiler/COMMON/SGL_302j/LIB_ELF/LIBSGL.A(sglD16.o)
 .text          0x0000000006023580        0x0 /joe/Compiler/COMMON/SGL_302j/LIB_ELF/LIBSGL.A(sglD17.o)
 .text          0x0000000006023580        0x0 /joe/Compiler/COMMON/SGL_302j/LIB_ELF/LIBSGL.A(sglD18.o)
 .text          0x0000000006023580        0x0 /joe/Compiler/COMMON/SGL_302j/LIB_ELF/LIBSGL.A(sglF08.o)
 .text          0x0000000006023580        0x0 /joe/Compiler/COMMON/SGL_302j/LIB_ELF/LIBSGL.A(sglH00.o)
 .text          0x0000000006023580        0x0 /joe/Compiler/COMMON/SGL_302j/LIB_ELF/LIBSGL.A(sglH01.o)
 .text          0x0000000006023580        0x0 /joe/Compiler/COMMON/SGL_302j/LIB_ELF/LIBSGL.A(sglH02.o)
 .text          0x0000000006023580        0x0 /joe/Compiler/COMMON/SGL_302j/LIB_ELF/LIBSGL.A(sglH04.o)
 .text          0x0000000006023580        0x0 /joe/Compiler/COMMON/SGL_302j/LIB_ELF/LIBSGL.A(sglI01.o)
 .text          0x0000000006023580        0x0 /joe/Compiler/COMMON/SGL_302j/LIB_ELF/LIBSGL.A(sglI04.o)
 .text          0x0000000006023580      0x128 /joe/Compiler/COMMON/SGL_302j/LIB_ELF/LIBSGL.A(sglIc0.o)
                0x0000000006023580                slInitSystem
 *fill*         0x00000000060236a8        0x8 
 .text          0x00000000060236b0        0x0 /joe/Compiler/COMMON/SGL_302j/LIB_ELF/LIBSGL.A(sglJ00.o)
 .text          0x00000000060236b0        0x0 /joe/Compiler/COMMON/SGL_302j/LIB_ELF/LIBSGL.A(sglJ01.o)
 .text          0x00000000060236b0        0x0 /joe/Compiler/COMMON/SGL_302j/LIB_ELF/LIBSGL.A(sglJ02.o)
 .text          0x00000000060236b0        0x0 /joe/Compiler/COMMON/SGL_302j/LIB_ELF/LIBSGL.A(sglJ03.o)
 .text          0x00000000060236b0        0x0 /joe/Compiler/COMMON/SGL_302j/LIB_ELF/LIBSGL.A(sglJ04.o)
 .text          0x00000000060236b0        0x0 /joe/Compiler/COMMON/SGL_302j/LIB_ELF/LIBSGL.A(sglJ05.o)
 .text          0x00000000060236b0        0x0 /joe/Compiler/COMMON/SGL_302j/LIB_ELF/LIBSGL.A(sglK01.o)
 .text          0x00000000060236b0        0x0 /joe/Compiler/COMMON/SGL_302j/LIB_ELF/LIBSGL.A(sglM00.o)
 .text          0x00000000060236b0        0x0 /joe/Compiler/COMMON/SGL_302j/LIB_ELF/LIBSGL.A(sglM01.o)
 .text          0x00000000060236b0        0x0 /joe/Compiler/COMMON/SGL_302j/LIB_ELF/LIBSGL.A(sglA00.o)
 .text          0x00000000060236b0        0x0 /joe/Compiler/COMMON/SGL_302j/LIB_ELF/LIBSGL.A(sglA03.o)
 .text          0x00000000060236b0        0x0 /joe/Compiler/COMMON/SGL_302j/LIB_ELF/LIBSGL.A(sglA10.o)
 .text          0x00000000060236b0        0x0 /joe/Compiler/COMMON/SGL_302j/LIB_ELF/LIBSGL.A(sglA24.o)
 .text          0x00000000060236b0        0x0 /joe/Compiler/COMMON/SGL_302j/LIB_ELF/LIBSGL.A(sglA25.o)
 .text          0x00000000060236b0        0x0 /joe/Compiler/COMMON/SGL_302j/LIB_ELF/LIBSGL.A(sglB000.o)
 .text          0x00000000060236b0        0x0 /joe/Compiler/COMMON/SGL_302j/LIB_ELF/LIBSGL.A(sglC00.o)
 .text          0x00000000060236b0        0x0 /joe/Compiler/COMMON/SGL_302j/LIB_ELF/LIBSGL.A(sglC13.o)
 .text          0x00000000060236b0        0x0 /joe/Compiler/COMMON/SGL_302j/LIB_ELF/LIBSGL.A(sglD19.o)
 .text          0x00000000060236b0        0x0 /joe/Compiler/COMMON/SGL_302j/LIB_ELF/LIBSGL.A(sglI00.o)
 .text          0x00000000060236b0        0x0 /joe/Compiler/COMMON/SGL_302j/LIB_ELF/LIBSGL.A(sglH03.o)
 .text          0x00000000060236b0       0x52 /joe/Compiler/LINUX/bin/../lib/gcc/sh-none-elf/8.2.0/libgcc.a(_ashiftrt.o)
                0x00000000060236b0                __ashiftrt_r4_31
                0x00000000060236b0                __ashiftrt_r4_32
                0x00000000060236b6                __ashiftrt_r4_30
                0x00000000060236b8                __ashiftrt_r4_29
                0x00000000060236ba                __ashiftrt_r4_28
                0x00000000060236bc                __ashiftrt_r4_27
                0x00000000060236be                __ashiftrt_r4_26
                0x00000000060236c0                __ashiftrt_r4_25
                0x00000000060236c2                __ashiftrt_r4_24
                0x00000000060236ca                __ashiftrt_r4_23
                0x00000000060236cc                __ashiftrt_r4_22
                0x00000000060236ce                __ashiftrt_r4_21
                0x00000000060236d0                __ashiftrt_r4_20
                0x00000000060236d2                __ashiftrt_r4_19
                0x00000000060236d4                __ashiftrt_r4_18
                0x00000000060236d6                __ashiftrt_r4_17
                0x00000000060236d8                __ashiftrt_r4_16
                0x00000000060236de                __ashiftrt_r4_15
                0x00000000060236e0                __ashiftrt_r4_14
                0x00000000060236e2                __ashiftrt_r4_13
                0x00000000060236e4                __ashiftrt_r4_12
                0x00000000060236e6                __ashiftrt_r4_11
                0x00000000060236e8                __ashiftrt_r4_10
                0x00000000060236ea                __ashiftrt_r4_9
                0x00000000060236ec                __ashiftrt_r4_8
                0x00000000060236ee                __ashiftrt_r4_7
                0x00000000060236f0                __ashiftrt_r4_6
                0x00000000060236f2                __ashiftrt_r4_5
                0x00000000060236f4                __ashiftrt_r4_4
                0x00000000060236f6                __ashiftrt_r4_3
                0x00000000060236f8                __ashiftrt_r4_2
                0x00000000060236fa                __ashiftrt_r4_1
                0x00000000060236fe                __ashiftrt_r4_0
 *fill*         0x0000000006023702        0x2 
 .text          0x0000000006023704       0xa0 /joe/Compiler/LINUX/bin/../lib/gcc/sh-none-elf/8.2.0/libgcc.a(_sdivsi3.o)
                0x0000000006023704                __sdivsi3
 .text          0x00000000060237a4       0x6c /joe/Compiler/LINUX/bin/../lib/gcc/sh-none-elf/8.2.0/libgcc.a(_udivsi3.o)
                0x00000000060237c6                __udivsi3
 .text          0x0000000006023810      0x210 /joe/Compiler/LINUX/bin/../lib/gcc/sh-none-elf/8.2.0/libgcc.a(_addsub_sf.o)
                0x0000000006023984                __addsf3
                0x00000000060239d0                __subsf3
 .text          0x0000000006023a20      0x134 /joe/Compiler/LINUX/bin/../lib/gcc/sh-none-elf/8.2.0/libgcc.a(_mul_sf.o)
                0x0000000006023a20                __mulsf3
 .text          0x0000000006023b54       0xdc /joe/Compiler/LINUX/bin/../lib/gcc/sh-none-elf/8.2.0/libgcc.a(_div_sf.o)
                0x0000000006023b54                __divsf3
 .text          0x0000000006023c30       0x54 /joe/Compiler/LINUX/bin/../lib/gcc/sh-none-elf/8.2.0/libgcc.a(_eq_sf.o)
                0x0000000006023c30                __eqsf2
 .text          0x0000000006023c84       0x54 /joe/Compiler/LINUX/bin/../lib/gcc/sh-none-elf/8.2.0/libgcc.a(_ne_sf.o)
                0x0000000006023c84                __nesf2
 .text          0x0000000006023cd8       0x4c /joe/Compiler/LINUX/bin/../lib/gcc/sh-none-elf/8.2.0/libgcc.a(_gt_sf.o)
                0x0000000006023cd8                __gtsf2
 .text          0x0000000006023d24       0x4c /joe/Compiler/LINUX/bin/../lib/gcc/sh-none-elf/8.2.0/libgcc.a(_ge_sf.o)
                0x0000000006023d24                __gesf2
 .text          0x0000000006023d70       0x54 /joe/Compiler/LINUX/bin/../lib/gcc/sh-none-elf/8.2.0/libgcc.a(_lt_sf.o)
                0x0000000006023d70                __ltsf2
 .text          0x0000000006023dc4       0x54 /joe/Compiler/LINUX/bin/../lib/gcc/sh-none-elf/8.2.0/libgcc.a(_le_sf.o)
                0x0000000006023dc4                __lesf2
 .text          0x0000000006023e18       0x84 /joe/Compiler/LINUX/bin/../lib/gcc/sh-none-elf/8.2.0/libgcc.a(_si_to_sf.o)
                0x0000000006023e18                __floatsisf
 .text          0x0000000006023e9c       0x7c /joe/Compiler/LINUX/bin/../lib/gcc/sh-none-elf/8.2.0/libgcc.a(_sf_to_si.o)
                0x0000000006023e9c                __fixsfsi
 .text          0x0000000006023f18       0x3c /joe/Compiler/LINUX/bin/../lib/gcc/sh-none-elf/8.2.0/libgcc.a(_sf_to_df.o)
                0x0000000006023f18                __extendsfdf2
 .text          0x0000000006023f54        0x0 /joe/Compiler/LINUX/bin/../lib/gcc/sh-none-elf/8.2.0/libgcc.a(_thenan_sf.o)
 .text          0x0000000006023f54       0x94 /joe/Compiler/LINUX/bin/../lib/gcc/sh-none-elf/8.2.0/libgcc.a(_usi_to_sf.o)
                0x0000000006023f54                __floatunsisf
 .text          0x0000000006023fe8       0x28 /joe/Compiler/LINUX/bin/../lib/gcc/sh-none-elf/8.2.0/libgcc.a(_make_df.o)
                0x0000000006023fe8                __make_dp
 .text          0x0000000006024010       0x4c /joe/Compiler/LINUX/bin/../lib/gcc/sh-none-elf/8.2.0/libgcc.a(_df_to_sf.o)
                0x0000000006024010                __truncdfsf2
 .text          0x000000000602405c      0x114 /joe/Compiler/LINUX/bin/../lib/gcc/sh-none-elf/8.2.0/libgcc.a(_pack_sf.o)
                0x000000000602405c                __pack_f
 .text          0x0000000006024170       0xa0 /joe/Compiler/LINUX/bin/../lib/gcc/sh-none-elf/8.2.0/libgcc.a(_unpack_sf.o)
                0x0000000006024170                __unpack_f
 .text          0x0000000006024210       0xa8 /joe/Compiler/LINUX/bin/../lib/gcc/sh-none-elf/8.2.0/libgcc.a(_fpcmp_parts_sf.o)
                0x0000000006024210                __fpcmp_parts_f
 .text          0x00000000060242b8       0x20 /joe/Compiler/LINUX/bin/../lib/gcc/sh-none-elf/8.2.0/libgcc.a(_make_sf.o)
                0x00000000060242b8                __make_fp
 .text          0x00000000060242d8        0x0 /joe/Compiler/LINUX/bin/../lib/gcc/sh-none-elf/8.2.0/../../../../sh-none-elf/lib/libc.a(lib_a-impure.o)
 .text          0x00000000060242d8       0x1e /joe/Compiler/LINUX/bin/../lib/gcc/sh-none-elf/8.2.0/../../../../sh-none-elf/lib/libc.a(lib_a-memcmp.o)
                0x00000000060242d8                memcmp
 *fill*         0x00000000060242f6        0x2 
 .text          0x00000000060242f8       0x94 /joe/Compiler/LINUX/bin/../lib/gcc/sh-none-elf/8.2.0/../../../../sh-none-elf/lib/libc.a(lib_a-memcpy.o)
                0x00000000060242f8                memcpy
 .text          0x000000000602438c       0x40 /joe/Compiler/LINUX/bin/../lib/gcc/sh-none-elf/8.2.0/../../../../sh-none-elf/lib/libc.a(lib_a-memset.o)
                0x000000000602438c                memset
 .text          0x00000000060243cc       0x58 /joe/Compiler/LINUX/bin/../lib/gcc/sh-none-elf/8.2.0/../../../../sh-none-elf/lib/libc.a(lib_a-rand.o)
                0x00000000060243cc                srand
                0x00000000060243e0                rand
 .text          0x0000000006024424       0x60 /joe/Compiler/LINUX/bin/../lib/gcc/sh-none-elf/8.2.0/../../../../sh-none-elf/lib/libc.a(lib_a-rget.o)
                0x0000000006024424                __srget_r
                0x0000000006024470                __srget
 .text          0x0000000006024484       0x8c /joe/Compiler/LINUX/bin/../lib/gcc/sh-none-elf/8.2.0/../../../../sh-none-elf/lib/libc.a(lib_a-sprintf.o)
                0x0000000006024484                _sprintf_r
                0x00000000060244c4                sprintf
 .text          0x0000000006024510       0x22 /joe/Compiler/LINUX/bin/../lib/gcc/sh-none-elf/8.2.0/../../../../sh-none-elf/lib/libc.a(lib_a-strcat.o)
                0x0000000006024510                strcat
 *fill*         0x0000000006024532        0x2 
 .text          0x0000000006024534       0x38 /joe/Compiler/LINUX/bin/../lib/gcc/sh-none-elf/8.2.0/../../../../sh-none-elf/lib/libc.a(lib_a-strcmp.o)
                0x0000000006024534                strcmp
 .text          0x000000000602456c       0x3c /joe/Compiler/LINUX/bin/../lib/gcc/sh-none-elf/8.2.0/../../../../sh-none-elf/lib/libc.a(lib_a-strcpy.o)
                0x000000000602456c                strcpy
 .text          0x00000000060245a8       0x20 /joe/Compiler/LINUX/bin/../lib/gcc/sh-none-elf/8.2.0/../../../../sh-none-elf/lib/libc.a(lib_a-strlen.o)
                0x00000000060245a8                strlen
 .text          0x00000000060245c8       0x2a /joe/Compiler/LINUX/bin/../lib/gcc/sh-none-elf/8.2.0/../../../../sh-none-elf/lib/libc.a(lib_a-strncmp.o)
                0x00000000060245c8                strncmp
 .text          0x00000000060245f2       0x32 /joe/Compiler/LINUX/bin/../lib/gcc/sh-none-elf/8.2.0/../../../../sh-none-elf/lib/libc.a(lib_a-strncpy.o)
                0x00000000060245f2                strncpy
 .text          0x0000000006024624       0x36 /joe/Compiler/LINUX/bin/../lib/gcc/sh-none-elf/8.2.0/../../../../sh-none-elf/lib/libc.a(lib_a-strstr.o)
                0x0000000006024624                strstr
 *fill*         0x000000000602465a        0x2 
 .text          0x000000000602465c     0x1378 /joe/Compiler/LINUX/bin/../lib/gcc/sh-none-elf/8.2.0/../../../../sh-none-elf/lib/libc.a(lib_a-svfprintf.o)
                0x000000000602465c                _svfprintf_r
 .text          0x00000000060259d4       0xdc /joe/Compiler/LINUX/bin/../lib/gcc/sh-none-elf/8.2.0/../../../../sh-none-elf/lib/libc.a(lib_a-wbuf.o)
                0x00000000060259d4                __swbuf_r
                0x0000000006025a9c                __swbuf
 .text          0x0000000006025ab0       0xcc /joe/Compiler/LINUX/bin/../lib/gcc/sh-none-elf/8.2.0/../../../../sh-none-elf/lib/libc.a(lib_a-wsetup.o)
                0x0000000006025ab0                __swsetup_r
 .text          0x0000000006025b7c      0xef4 /joe/Compiler/LINUX/bin/../lib/gcc/sh-none-elf/8.2.0/../../../../sh-none-elf/lib/libc.a(lib_a-dtoa.o)
                0x0000000006025cb0                _dtoa_r
 .text          0x0000000006026a70      0x1a8 /joe/Compiler/LINUX/bin/../lib/gcc/sh-none-elf/8.2.0/../../../../sh-none-elf/lib/libc.a(lib_a-fflush.o)
                0x0000000006026a70                __sflush_r
                0x0000000006026bb0                _fflush_r
                0x0000000006026bf0                fflush
 .text          0x0000000006026c18      0x218 /joe/Compiler/LINUX/bin/../lib/gcc/sh-none-elf/8.2.0/../../../../sh-none-elf/lib/libc.a(lib_a-findfp.o)
                0x0000000006026c74                _cleanup_r
                0x0000000006026c88                __sfmoreglue
                0x0000000006026cd4                _cleanup
                0x0000000006026ce8                __sinit
                0x0000000006026d3c                __sfp
                0x0000000006026df0                __sfp_lock_acquire
                0x0000000006026df4                __sfp_lock_release
                0x0000000006026df8                __sinit_lock_acquire
                0x0000000006026dfc                __sinit_lock_release
                0x0000000006026e00                __fp_lock_all
                0x0000000006026e18                __fp_unlock_all
 .text          0x0000000006026e30       0xb4 /joe/Compiler/LINUX/bin/../lib/gcc/sh-none-elf/8.2.0/../../../../sh-none-elf/lib/libc.a(lib_a-fwalk.o)
                0x0000000006026e30                _fwalk
                0x0000000006026e86                _fwalk_reent
 .text          0x0000000006026ee4       0x40 /joe/Compiler/LINUX/bin/../lib/gcc/sh-none-elf/8.2.0/../../../../sh-none-elf/lib/libc.a(lib_a-localeconv.o)
                0x0000000006026ee4                __localeconv_l
                0x0000000006026eec                _localeconv_r
                0x0000000006026f08                localeconv
 .text          0x0000000006026f24       0xa8 /joe/Compiler/LINUX/bin/../lib/gcc/sh-none-elf/8.2.0/../../../../sh-none-elf/lib/libc.a(lib_a-locale.o)
                0x0000000006026f24                _setlocale_r
                0x0000000006026f70                __locale_mb_cur_max
                0x0000000006026f90                __locale_ctype_ptr_l
                0x0000000006026f9a                __locale_ctype_ptr
                0x0000000006026fb8                setlocale
 .text          0x0000000006026fcc      0x110 /joe/Compiler/LINUX/bin/../lib/gcc/sh-none-elf/8.2.0/../../../../sh-none-elf/lib/libc.a(lib_a-makebuf.o)
                0x0000000006026fcc                __swhatbuf_r
                0x0000000006027030                __smakebuf_r
 .text          0x00000000060270dc       0x4c /joe/Compiler/LINUX/bin/../lib/gcc/sh-none-elf/8.2.0/../../../../sh-none-elf/lib/libc.a(lib_a-mbtowc_r.o)
                0x00000000060270dc                _mbtowc_r
                0x0000000006027100                __ascii_mbtowc
 .text          0x0000000006027128       0x1c /joe/Compiler/LINUX/bin/../lib/gcc/sh-none-elf/8.2.0/../../../../sh-none-elf/lib/libc.a(lib_a-memchr.o)
                0x0000000006027128                memchr
 .text          0x0000000006027144      0xa9c /joe/Compiler/LINUX/bin/../lib/gcc/sh-none-elf/8.2.0/../../../../sh-none-elf/lib/libc.a(lib_a-mprec.o)
                0x0000000006027144                _Balloc
                0x00000000060271b8                _Bfree
                0x00000000060271d0                __multadd
                0x0000000006027278                __s2b
                0x0000000006027338                __hi0bits
                0x000000000602738c                __lo0bits
                0x00000000060273f0                __i2b
                0x000000000602740c                __multiply
                0x0000000006027550                __pow5mult
                0x000000000602760c                __lshift
                0x0000000006027700                __mcmp
                0x0000000006027738                __mdiff
                0x0000000006027814                __ulp
                0x0000000006027880                __b2d
                0x0000000006027968                __d2b
                0x0000000006027a54                __ratio
                0x0000000006027ad8                _mprec_log10
                0x0000000006027b30                __copybits
                0x0000000006027b74                __any_on
 .text          0x0000000006027be0      0x14c /joe/Compiler/LINUX/bin/../lib/gcc/sh-none-elf/8.2.0/../../../../sh-none-elf/lib/libc.a(lib_a-refill.o)
                0x0000000006027bf8                __srefill_r
 .text          0x0000000006027d2c       0xe0 /joe/Compiler/LINUX/bin/../lib/gcc/sh-none-elf/8.2.0/../../../../sh-none-elf/lib/libc.a(lib_a-stdio.o)
                0x0000000006027d2c                __sread
                0x0000000006027d68                __seofread
                0x0000000006027d6c                __swrite
                0x0000000006027dbc                __sseek
                0x0000000006027dfc                __sclose
 .text          0x0000000006027e0c      0xa60 /joe/Compiler/LINUX/bin/../lib/gcc/sh-none-elf/8.2.0/../../../../sh-none-elf/lib/libc.a(lib_a-svfiprintf.o)
                0x0000000006027e0c                __ssprint_r
                0x0000000006027f40                _svfiprintf_r
 .text          0x000000000602886c       0x40 /joe/Compiler/LINUX/bin/../lib/gcc/sh-none-elf/8.2.0/../../../../sh-none-elf/lib/libc.a(lib_a-wctomb_r.o)
                0x000000000602886c                _wctomb_r
                0x000000000602888c                __ascii_wctomb
 .text          0x00000000060288ac       0x34 /joe/Compiler/LINUX/bin/../lib/gcc/sh-none-elf/8.2.0/../../../../sh-none-elf/lib/libc.a(lib_a-writer.o)
                0x00000000060288ac                _write_r
 .text          0x00000000060288e0       0x30 /joe/Compiler/LINUX/bin/../lib/gcc/sh-none-elf/8.2.0/../../../../sh-none-elf/lib/libc.a(lib_a-closer.o)
                0x00000000060288e0                _close_r
 .text          0x0000000006028910        0x0 /joe/Compiler/LINUX/bin/../lib/gcc/sh-none-elf/8.2.0/../../../../sh-none-elf/lib/libc.a(lib_a-ctype_.o)
 .text          0x0000000006028910       0xc8 /joe/Compiler/LINUX/bin/../lib/gcc/sh-none-elf/8.2.0/../../../../sh-none-elf/lib/libc.a(lib_a-fclose.o)
                0x0000000006028910                _fclose_r
                0x00000000060289c4                fclose
 .text          0x00000000060289d8       0x34 /joe/Compiler/LINUX/bin/../lib/gcc/sh-none-elf/8.2.0/../../../../sh-none-elf/lib/libc.a(lib_a-fstatr.o)
                0x00000000060289d8                _fstat_r
 .text          0x0000000006028a0c       0x30 /joe/Compiler/LINUX/bin/../lib/gcc/sh-none-elf/8.2.0/../../../../sh-none-elf/lib/libc.a(lib_a-isattyr.o)
                0x0000000006028a0c                _isatty_r
 .text          0x0000000006028a3c       0x34 /joe/Compiler/LINUX/bin/../lib/gcc/sh-none-elf/8.2.0/../../../../sh-none-elf/lib/libc.a(lib_a-lseekr.o)
                0x0000000006028a3c                _lseek_r
 .text          0x0000000006028a70       0x3c /joe/Compiler/LINUX/bin/../lib/gcc/sh-none-elf/8.2.0/../../../../sh-none-elf/lib/libc.a(lib_a-memmove.o)
                0x0000000006028a70                memmove
 .text          0x0000000006028aac       0x34 /joe/Compiler/LINUX/bin/../lib/gcc/sh-none-elf/8.2.0/../../../../sh-none-elf/lib/libc.a(lib_a-readr.o)
                0x0000000006028aac                _read_r
 .text          0x0000000006028ae0      0x100 /joe/Compiler/LINUX/bin/../lib/gcc/sh-none-elf/8.2.0/../../../../sh-none-elf/lib/libc.a(lib_a-reent.o)
                0x0000000006028ae0                cleanup_glue
                0x0000000006028b0c                _reclaim_reent
 .text          0x0000000006028be0      0x25c /joe/Compiler/LINUX/bin/../lib/gcc/sh-none-elf/8.2.0/../../../../sh-none-elf/lib/libc.a(lib_a-syscalls.o)
                0x0000000006028c58                _read
                0x0000000006028c68                _lseek
                0x0000000006028c78                _write
                0x0000000006028c88                _close
                0x0000000006028c98                _link
                0x0000000006028c9c                _sbrk
                0x0000000006028cf4                _fstat
                0x0000000006028cfe                _open
                0x0000000006028d10                _creat
                0x0000000006028d20                _unlink
                0x0000000006028d24                isatty
                0x0000000006028d28                _isatty
                0x0000000006028d2c                _exit
                0x0000000006028d3c                _kill
                0x0000000006028d50                _getpid
                0x0000000006028d54                _raise
                0x0000000006028d58                _stat
                0x0000000006028d68                _chmod
                0x0000000006028d78                _chown
                0x0000000006028d88                _utime
                0x0000000006028d9c                _fork
                0x0000000006028da8                _wait
                0x0000000006028db8                _execve
                0x0000000006028dc8                _execv
                0x0000000006028dd8                _pipe
                0x0000000006028de4                _times
                0x0000000006028de8                _gettimeofday
                0x0000000006028e10                __setup_argv_and_call_main
 .text          0x0000000006028e3c       0x14 /joe/Compiler/LINUX/bin/../lib/gcc/sh-none-elf/8.2.0/../../../../sh-none-elf/lib/libc.a(lib_a-trap.o)
                0x0000000006028e3c                __trap34
 .text          0x0000000006028e50       0x18 /joe/Compiler/LINUX/bin/../lib/gcc/sh-none-elf/8.2.0/../../../../sh-none-elf/lib/libc.a(lib_a-abort.o)
                0x0000000006028e50                abort
 .text          0x0000000006028e68      0x1b0 /joe/Compiler/LINUX/bin/../lib/gcc/sh-none-elf/8.2.0/../../../../sh-none-elf/lib/libc.a(lib_a-signal.o)
                0x0000000006028e68                _init_signal_r
                0x0000000006028ea4                _signal_r
                0x0000000006028ef0                _raise_r
                0x0000000006028f68                __sigtramp_r
                0x0000000006028fcc                raise
                0x0000000006028fe0                signal
                0x0000000006028ff4                _init_signal
                0x0000000006029004                __sigtramp
 .text          0x0000000006029018       0x40 /joe/Compiler/LINUX/bin/../lib/gcc/sh-none-elf/8.2.0/../../../../sh-none-elf/lib/libc.a(lib_a-signalr.o)
                0x0000000006029018                _kill_r
                0x000000000602904c                _getpid_r
 .text          0x0000000006029058       0x80 /joe/Compiler/LINUX/bin/../lib/gcc/sh-none-elf/8.2.0/libgcc.a(_ashiftrt_n.o)
                0x0000000006029058                __ashrsi3
 .text          0x00000000060290d8       0xbc /joe/Compiler/LINUX/bin/../lib/gcc/sh-none-elf/8.2.0/libgcc.a(_ashiftlt.o)
                0x00000000060290d8                __ashlsi3
                0x00000000060290dc                __ashlsi3_r0
 .text          0x0000000006029194       0xbc /joe/Compiler/LINUX/bin/../lib/gcc/sh-none-elf/8.2.0/libgcc.a(_lshiftrt.o)
                0x0000000006029194                __lshrsi3
                0x0000000006029198                __lshrsi3_r0
 .text          0x0000000006029250      0x258 /joe/Compiler/LINUX/bin/../lib/gcc/sh-none-elf/8.2.0/libgcc.a(_udivdi3.o)
                0x0000000006029250                __udivdi3
 .text          0x00000000060294a8      0x2bc /joe/Compiler/LINUX/bin/../lib/gcc/sh-none-elf/8.2.0/libgcc.a(_umoddi3.o)
                0x00000000060294a8                __umoddi3
 .text          0x0000000006029764      0x3b4 /joe/Compiler/LINUX/bin/../lib/gcc/sh-none-elf/8.2.0/libgcc.a(_addsub_df.o)
                0x0000000006029a74                __adddf3
                0x0000000006029ac4                __subdf3
 .text          0x0000000006029b18      0x208 /joe/Compiler/LINUX/bin/../lib/gcc/sh-none-elf/8.2.0/libgcc.a(_mul_df.o)
                0x0000000006029b18                __muldf3
 .text          0x0000000006029d20      0x130 /joe/Compiler/LINUX/bin/../lib/gcc/sh-none-elf/8.2.0/libgcc.a(_div_df.o)
                0x0000000006029d20                __divdf3
 .text          0x0000000006029e50       0x58 /joe/Compiler/LINUX/bin/../lib/gcc/sh-none-elf/8.2.0/libgcc.a(_eq_df.o)
                0x0000000006029e50                __eqdf2
 .text          0x0000000006029ea8       0x58 /joe/Compiler/LINUX/bin/../lib/gcc/sh-none-elf/8.2.0/libgcc.a(_ne_df.o)
                0x0000000006029ea8                __nedf2
 .text          0x0000000006029f00       0x50 /joe/Compiler/LINUX/bin/../lib/gcc/sh-none-elf/8.2.0/libgcc.a(_gt_df.o)
                0x0000000006029f00                __gtdf2
 .text          0x0000000006029f50       0x50 /joe/Compiler/LINUX/bin/../lib/gcc/sh-none-elf/8.2.0/libgcc.a(_ge_df.o)
                0x0000000006029f50                __gedf2
 .text          0x0000000006029fa0       0x58 /joe/Compiler/LINUX/bin/../lib/gcc/sh-none-elf/8.2.0/libgcc.a(_lt_df.o)
                0x0000000006029fa0                __ltdf2
 .text          0x0000000006029ff8       0x58 /joe/Compiler/LINUX/bin/../lib/gcc/sh-none-elf/8.2.0/libgcc.a(_le_df.o)
                0x0000000006029ff8                __ledf2
 .text          0x000000000602a050       0x40 /joe/Compiler/LINUX/bin/../lib/gcc/sh-none-elf/8.2.0/libgcc.a(_unord_df.o)
                0x000000000602a050                __unorddf2
 .text          0x000000000602a090       0xa8 /joe/Compiler/LINUX/bin/../lib/gcc/sh-none-elf/8.2.0/libgcc.a(_si_to_df.o)
                0x000000000602a090                __floatsidf
 .text          0x000000000602a138       0xa4 /joe/Compiler/LINUX/bin/../lib/gcc/sh-none-elf/8.2.0/libgcc.a(_df_to_si.o)
                0x000000000602a138                __fixdfsi
 .text          0x000000000602a1dc        0x0 /joe/Compiler/LINUX/bin/../lib/gcc/sh-none-elf/8.2.0/libgcc.a(_thenan_df.o)
 .text          0x000000000602a1dc       0x88 /joe/Compiler/LINUX/bin/../lib/gcc/sh-none-elf/8.2.0/libgcc.a(_usi_to_df.o)
                0x000000000602a1dc                __floatunsidf
 *fill*         0x000000000602a264        0x4 
 .text          0x000000000602a268       0x60 /joe/Compiler/LINUX/bin/../lib/gcc/sh-none-elf/8.2.0/libgcc.a(_udiv_qrnnd_16.o)
                0x000000000602a268                __udiv_qrnnd_16
 .text          0x000000000602a2c8        0x0 /joe/Compiler/LINUX/bin/../lib/gcc/sh-none-elf/8.2.0/libgcc.a(_clz.o)
 .text          0x000000000602a2c8       0x58 /joe/Compiler/LINUX/bin/../lib/gcc/sh-none-elf/8.2.0/libgcc.a(_clzsi2.o)
                0x000000000602a2c8                __clzsi2
 .text          0x000000000602a320      0x25c /joe/Compiler/LINUX/bin/../lib/gcc/sh-none-elf/8.2.0/libgcc.a(_pack_df.o)
                0x000000000602a320                __pack_d
 .text          0x000000000602a57c       0xcc /joe/Compiler/LINUX/bin/../lib/gcc/sh-none-elf/8.2.0/libgcc.a(_unpack_df.o)
                0x000000000602a57c                __unpack_d
 .text          0x000000000602a648       0xc8 /joe/Compiler/LINUX/bin/../lib/gcc/sh-none-elf/8.2.0/libgcc.a(_fpcmp_parts_df.o)
                0x000000000602a648                __fpcmp_parts_d
 *(.strings)
 *(SEGA_P)
 *(.eh_frame_hdr)
 *(.eh_frame)
 .eh_frame      0x000000000602a710       0xa8 /joe/Compiler/LINUX/bin/../lib/gcc/sh-none-elf/8.2.0/libgcc.a(_udivdi3.o)
 .eh_frame      0x000000000602a7b8       0xdc /joe/Compiler/LINUX/bin/../lib/gcc/sh-none-elf/8.2.0/libgcc.a(_umoddi3.o)
                0x000000000602a894                __etext = .

.text.startup   0x000000000602a8a0      0xc20
 .text.startup  0x000000000602a8a0      0xc14 /tmp/ccQUuHd2.ltrans0.ltrans.o
                0x000000000602a8a0                main

SLPROG          0x000000000602b4c0    0x158a0
                0x000000000602b4c0                __slprog_start = .
 *(SLPROG)
 SLPROG         0x000000000602b4c0     0x6540 /joe/Compiler/COMMON/SGL_302j/LIB_ELF/SGLAREA.O
                0x000000000602b4c0                MasterStack
                0x000000000602b4c4                SlaveStack
                0x000000000602b4c8                MaxVertices
                0x000000000602b4ca                MaxPolygons
                0x000000000602b4cc                SortList
                0x000000000602b4d0                SortListSize
                0x000000000602b4d4                TransList
                0x000000000602b4d8                Zbuffer
                0x000000000602b4dc                SpriteBuf
                0x000000000602b4e0                SpriteBufSize
                0x000000000602b4e4                Pbuffer
                0x000000000602b4e8                CommandBuf
                0x000000000602b4ec                CLOfstBuf
                0x000000000602b4f0                PCM_Work
                0x000000000602b4f4                PCM_WkSize
                0x000000000602b4f8                MaxEvents
                0x000000000602b4fa                EventSize
                0x000000000602b4fc                MaxWorks
                0x000000000602b4fe                WorkSize
                0x000000000602b500                RemainEvent
                0x000000000602b600                RemainWork
                0x000000000602ba00                EventBuf
                0x000000000602da00                WorkBuf
 SLPROG         0x0000000006031a00     0x411e /joe/Compiler/COMMON/SGL_302j/LIB_ELF/LIBSGL.A(sglA01.o)
                0x0000000006031a00                slSin
                0x0000000006031a24                slCos
                0x0000000006031a48                GetSinCos
                0x0000000006031adc                sin_cos_index_tbl
                0x0000000006031b1c                sin_tbl
 *fill*         0x0000000006035b1e        0x2 
 SLPROG         0x0000000006035b20       0x18 /joe/Compiler/COMMON/SGL_302j/LIB_ELF/LIBSGL.A(sglA15.o)
                0x0000000006035b20                slSlaveFunc
 *fill*         0x0000000006035b38        0x8 
 SLPROG         0x0000000006035b40       0xd0 /joe/Compiler/COMMON/SGL_302j/LIB_ELF/LIBSGL.A(sglA16.o)
                0x0000000006035b40                slLookAt
 SLPROG         0x0000000006035c10       0x78 /joe/Compiler/COMMON/SGL_302j/LIB_ELF/LIBSGL.A(sglA17.o)
                0x0000000006035c10                slRotZ
                0x0000000006035c1a                slRotZSC
 *fill*         0x0000000006035c88        0x8 
 SLPROG         0x0000000006035c90       0x78 /joe/Compiler/COMMON/SGL_302j/LIB_ELF/LIBSGL.A(sglA18.o)
                0x0000000006035c90                slRotY
                0x0000000006035c9a                slRotYSC
 *fill*         0x0000000006035d08        0x8 
 SLPROG         0x0000000006035d10       0x78 /joe/Compiler/COMMON/SGL_302j/LIB_ELF/LIBSGL.A(sglA19.o)
                0x0000000006035d10                slRotX
                0x0000000006035d1a                slRotXSC
 *fill*         0x0000000006035d88        0x8 
 SLPROG         0x0000000006035d90      0x42c /joe/Compiler/COMMON/SGL_302j/LIB_ELF/LIBSGL.A(sglA20.o)
                0x0000000006035d90                slInitMatrix
                0x0000000006035d9a                slPushUnitMatrix
                0x0000000006035dae                slUnitMatrix
 *fill*         0x00000000060361bc        0x4 
 SLPROG         0x00000000060361c0       0x48 /joe/Compiler/COMMON/SGL_302j/LIB_ELF/LIBSGL.A(sglA21.o)
                0x00000000060361c0                slPushMatrix
                0x00000000060361f4                slPopMatrix
                0x00000000060361f4                slDecMatrixPtr
 *fill*         0x0000000006036208        0x8 
 SLPROG         0x0000000006036210       0x50 /joe/Compiler/COMMON/SGL_302j/LIB_ELF/LIBSGL.A(sglA27.o)
                0x0000000006036210                slTranslate
 SLPROG         0x0000000006036260       0x70 /joe/Compiler/COMMON/SGL_302j/LIB_ELF/LIBSGL.A(sglA28.o)
                0x0000000006036260                slScale
 SLPROG         0x00000000060362d0       0x22 /joe/Compiler/COMMON/SGL_302j/LIB_ELF/LIBSGL.A(sglA40.o)
                0x00000000060362d0                slCalcVector
 *fill*         0x00000000060362f2        0xe 
 SLPROG         0x0000000006036300       0x20 /joe/Compiler/COMMON/SGL_302j/LIB_ELF/LIBSGL.A(sglB001.o)
                0x0000000006036300                slTVOn
                0x000000000603630a                slTVOff
 SLPROG         0x0000000006036320       0x24 /joe/Compiler/COMMON/SGL_302j/LIB_ELF/LIBSGL.A(sglB011.o)
                0x0000000006036320                slBitMapNbg1
 *fill*         0x0000000006036344        0xc 
 SLPROG         0x0000000006036350        0x8 /joe/Compiler/COMMON/SGL_302j/LIB_ELF/LIBSGL.A(sglB014.o)
                0x0000000006036350                slScrTransparent
 *fill*         0x0000000006036358        0x8 
 SLPROG         0x0000000006036360      0x40c /joe/Compiler/COMMON/SGL_302j/LIB_ELF/LIBSGL.A(sglB015.o)
                0x0000000006036360                slScrAutoDisp
 *fill*         0x000000000603676c        0x4 
 SLPROG         0x0000000006036770        0xc /joe/Compiler/COMMON/SGL_302j/LIB_ELF/LIBSGL.A(sglB016.o)
                0x0000000006036770                slBack1ColSet
 *fill*         0x000000000603677c        0x4 
 SLPROG         0x0000000006036780       0x10 /joe/Compiler/COMMON/SGL_302j/LIB_ELF/LIBSGL.A(sglB020.o)
                0x0000000006036780                slColorCalc
 SLPROG         0x0000000006036790        0xc /joe/Compiler/COMMON/SGL_302j/LIB_ELF/LIBSGL.A(sglB021.o)
                0x0000000006036790                slColorCalcOn
 *fill*         0x000000000603679c        0x4 
 SLPROG         0x00000000060367a0        0xc /joe/Compiler/COMMON/SGL_302j/LIB_ELF/LIBSGL.A(sglB023.o)
                0x00000000060367a0                slColRate
 *fill*         0x00000000060367ac        0x4 
 SLPROG         0x00000000060367b0       0xb0 /joe/Compiler/COMMON/SGL_302j/LIB_ELF/LIBSGL.A(sglB031.o)
                0x00000000060367b0                slMapNbg0
 SLPROG         0x0000000006036860       0xb4 /joe/Compiler/COMMON/SGL_302j/LIB_ELF/LIBSGL.A(sglB032.o)
                0x0000000006036860                slMapNbg1
 *fill*         0x0000000006036914        0xc 
 SLPROG         0x0000000006036920       0xb0 /joe/Compiler/COMMON/SGL_302j/LIB_ELF/LIBSGL.A(sglB033.o)
                0x0000000006036920                slMapNbg2
 SLPROG         0x00000000060369d0       0xb4 /joe/Compiler/COMMON/SGL_302j/LIB_ELF/LIBSGL.A(sglB034.o)
                0x00000000060369d0                slMapNbg3
 *fill*         0x0000000006036a84        0xc 
 SLPROG         0x0000000006036a90       0xd4 /joe/Compiler/COMMON/SGL_302j/LIB_ELF/LIBSGL.A(sglB035.o)
                0x0000000006036a90                sl1MapRA
                0x0000000006036b22                rbank_set
 *fill*         0x0000000006036b64        0xc 
 SLPROG         0x0000000006036b70       0xa0 /joe/Compiler/COMMON/SGL_302j/LIB_ELF/LIBSGL.A(sglB036.o)
                0x0000000006036b70                sl1MapRB
 SLPROG         0x0000000006036c10       0x70 /joe/Compiler/COMMON/SGL_302j/LIB_ELF/LIBSGL.A(sglB038.o)
                0x0000000006036c10                slRparaInitSet
 SLPROG         0x0000000006036c80       0x7e /joe/Compiler/COMMON/SGL_302j/LIB_ELF/LIBSGL.A(sglB039.o)
                0x0000000006036c80                slMakeKtable
 *fill*         0x0000000006036cfe        0x2 
 SLPROG         0x0000000006036d00       0x58 /joe/Compiler/COMMON/SGL_302j/LIB_ELF/LIBSGL.A(sglB040.o)
                0x0000000006036d00                slKtableRA
 *fill*         0x0000000006036d58        0x8 
 SLPROG         0x0000000006036d60       0x5c /joe/Compiler/COMMON/SGL_302j/LIB_ELF/LIBSGL.A(sglB041.o)
                0x0000000006036d60                slKtableRB
 *fill*         0x0000000006036dbc        0x4 
 SLPROG         0x0000000006036dc0       0x10 /joe/Compiler/COMMON/SGL_302j/LIB_ELF/LIBSGL.A(sglB042.o)
                0x0000000006036dc0                slCurRpara
 SLPROG         0x0000000006036dd0        0x8 /joe/Compiler/COMMON/SGL_302j/LIB_ELF/LIBSGL.A(sglB043.o)
                0x0000000006036dd0                slRparaMode
 *fill*         0x0000000006036dd8        0x8 
 SLPROG         0x0000000006036de0      0x4e4 /joe/Compiler/COMMON/SGL_302j/LIB_ELF/LIBSGL.A(sglB044.o)
                0x0000000006036de0                slScrMatSet
 *fill*         0x00000000060372c4        0xc 
 SLPROG         0x00000000060372d0       0x28 /joe/Compiler/COMMON/SGL_302j/LIB_ELF/LIBSGL.A(sglB045.o)
                0x00000000060372d0                slScrMatConv
 *fill*         0x00000000060372f8        0x8 
 SLPROG         0x0000000006037300        0xc /joe/Compiler/COMMON/SGL_302j/LIB_ELF/LIBSGL.A(sglB047.o)
                0x0000000006037300                slOverRA
 *fill*         0x000000000603730c        0x4 
 SLPROG         0x0000000006037310       0x10 /joe/Compiler/COMMON/SGL_302j/LIB_ELF/LIBSGL.A(sglB048.o)
                0x0000000006037310                slOverRB
 SLPROG         0x0000000006037320        0xc /joe/Compiler/COMMON/SGL_302j/LIB_ELF/LIBSGL.A(sglB055.o)
                0x0000000006037320                slPlaneNbg0
 *fill*         0x000000000603732c        0x4 
 SLPROG         0x0000000006037330        0xc /joe/Compiler/COMMON/SGL_302j/LIB_ELF/LIBSGL.A(sglB056.o)
                0x0000000006037330                slPlaneNbg1
 *fill*         0x000000000603733c        0x4 
 SLPROG         0x0000000006037340       0x10 /joe/Compiler/COMMON/SGL_302j/LIB_ELF/LIBSGL.A(sglB057.o)
                0x0000000006037340                slPlaneNbg2
 SLPROG         0x0000000006037350       0x10 /joe/Compiler/COMMON/SGL_302j/LIB_ELF/LIBSGL.A(sglB058.o)
                0x0000000006037350                slPlaneNbg3
 SLPROG         0x0000000006037360        0xc /joe/Compiler/COMMON/SGL_302j/LIB_ELF/LIBSGL.A(sglB059.o)
                0x0000000006037360                slPlaneRA
 *fill*         0x000000000603736c        0x4 
 SLPROG         0x0000000006037370       0x10 /joe/Compiler/COMMON/SGL_302j/LIB_ELF/LIBSGL.A(sglB060.o)
                0x0000000006037370                slPlaneRB
 SLPROG         0x0000000006037380        0xc /joe/Compiler/COMMON/SGL_302j/LIB_ELF/LIBSGL.A(sglB063.o)
                0x0000000006037380                slPriority
 *fill*         0x000000000603738c        0x4 
 SLPROG         0x0000000006037390       0x18 /joe/Compiler/COMMON/SGL_302j/LIB_ELF/LIBSGL.A(sglB087.o)
                0x0000000006037390                slLineScrollTable0
 *fill*         0x00000000060373a8        0x8 
 SLPROG         0x00000000060373b0        0x8 /joe/Compiler/COMMON/SGL_302j/LIB_ELF/LIBSGL.A(sglB088.o)
                0x00000000060373b0                slLineScrollTable1
 *fill*         0x00000000060373b8        0x8 
 SLPROG         0x00000000060373c0        0xc /joe/Compiler/COMMON/SGL_302j/LIB_ELF/LIBSGL.A(sglB090.o)
                0x00000000060373c0                slLineScrollMode
 *fill*         0x00000000060373cc        0x4 
 SLPROG         0x00000000060373d0      0x114 /joe/Compiler/COMMON/SGL_302j/LIB_ELF/LIBSGL.A(sglB200.o)
                0x00000000060373d0                slCharRbg0
                0x00000000060373dc                slCharNbg0
                0x00000000060373e8                slCharNbg1
                0x00000000060373f4                slCharNbg2
                0x000000000603740a                slCharNbg3
                0x0000000006037422                slPageRbg0
                0x0000000006037438                slPageNbg1
                0x0000000006037440                slPageNbg2
                0x0000000006037448                slPageNbg3
                0x0000000006037454                slPageNbg0
 *fill*         0x00000000060374e4        0xc 
 SLPROG         0x00000000060374f0       0x6c /joe/Compiler/COMMON/SGL_302j/LIB_ELF/LIBSGL.A(sglC01.o)
                0x00000000060374f0                slPerspective
 *fill*         0x000000000603755c        0x4 
 SLPROG         0x0000000006037560       0xc4 /joe/Compiler/COMMON/SGL_302j/LIB_ELF/LIBSGL.A(sglC03.o)
                0x0000000006037560                slWindow
 *fill*         0x0000000006037624        0xc 
 SLPROG         0x0000000006037630       0x2c /joe/Compiler/COMMON/SGL_302j/LIB_ELF/LIBSGL.A(sglC04.o)
                0x0000000006037630                slZdspLevel
 *fill*         0x000000000603765c        0x4 
 SLPROG         0x0000000006037660       0x78 /joe/Compiler/COMMON/SGL_302j/LIB_ELF/LIBSGL.A(sglC05.o)
                0x0000000006037660                slSetSprite
 *fill*         0x00000000060376d8        0x8 
 SLPROG         0x00000000060376e0       0xfa /joe/Compiler/COMMON/SGL_302j/LIB_ELF/LIBSGL.A(sglC06.o)
                0x00000000060376e0                slDispSprite
 *fill*         0x00000000060377da        0x6 
 SLPROG         0x00000000060377e0      0x162 /joe/Compiler/COMMON/SGL_302j/LIB_ELF/LIBSGL.A(sglC07.o)
                0x00000000060377e6                slPutSprite
 *fill*         0x0000000006037942        0xe 
 SLPROG         0x0000000006037950     0x1218 /joe/Compiler/COMMON/SGL_302j/LIB_ELF/LIBSGL.A(sglC08.o)
                0x0000000006037950                slPutPolygon
                0x00000000060385cc                MsCalcDepthFlat
 *fill*         0x0000000006038b68        0x8 
 SLPROG         0x0000000006038b70       0x8c /joe/Compiler/COMMON/SGL_302j/LIB_ELF/LIBSGL.A(sglC14.o)
                0x0000000006038b70                slCurWindow
 *fill*         0x0000000006038bfc        0x4 
 SLPROG         0x0000000006038c00       0x54 /joe/Compiler/COMMON/SGL_302j/LIB_ELF/LIBSGL.A(sglC16.o)
                0x0000000006038c00                slDynamicFrame
 *fill*         0x0000000006038c54        0xc 
 SLPROG         0x0000000006038c60       0x4c /joe/Compiler/COMMON/SGL_302j/LIB_ELF/LIBSGL.A(sglC17.o)
                0x0000000006038c60                slDispSpriteHV
 *fill*         0x0000000006038cac        0x4 
 SLPROG         0x0000000006038cb0       0xd4 /joe/Compiler/COMMON/SGL_302j/LIB_ELF/LIBSGL.A(sglC19.o)
                0x0000000006038cb0                slDispSprite4P
 *fill*         0x0000000006038d84        0xc 
 SLPROG         0x0000000006038d90       0x40 /joe/Compiler/COMMON/SGL_302j/LIB_ELF/LIBSGL.A(sglC20.o)
                0x0000000006038d90                SpriteEntry
 SLPROG         0x0000000006038dd0      0x4ae /joe/Compiler/COMMON/SGL_302j/LIB_ELF/LIBSGL.A(sglC21.o)
                0x0000000006038e58                RotSprite
                0x0000000006038ee6                SetSprPosition
 *fill*         0x000000000603927e        0x2 
 SLPROG         0x0000000006039280       0x84 /joe/Compiler/COMMON/SGL_302j/LIB_ELF/LIBSGL.A(sglD00.o)
                0x0000000006039280                slDMACopy
                0x0000000006039280                slCpuDMACopy
                0x00000000060392da                slCashPurge
                0x00000000060392da                CSH_AllClr
 *fill*         0x0000000006039304        0xc 
 SLPROG         0x0000000006039310       0xa0 /joe/Compiler/COMMON/SGL_302j/LIB_ELF/LIBSGL.A(sglD01.o)
                0x0000000006039310                slDMAXCopy
 SLPROG         0x00000000060393b0       0x10 /joe/Compiler/COMMON/SGL_302j/LIB_ELF/LIBSGL.A(sglD02.o)
                0x00000000060393b0                slDMAWait
 SLPROG         0x00000000060393c0        0xc /joe/Compiler/COMMON/SGL_302j/LIB_ELF/LIBSGL.A(sglD03.o)
                0x00000000060393c0                slDMAStatus
 *fill*         0x00000000060393cc        0x4 
 SLPROG         0x00000000060393d0       0x20 /joe/Compiler/COMMON/SGL_302j/LIB_ELF/LIBSGL.A(sglD15.o)
                0x00000000060393d0                CSH_Purge
 SLPROG         0x00000000060393f0       0x84 /joe/Compiler/COMMON/SGL_302j/LIB_ELF/LIBSGL.A(sglD16.o)
                0x00000000060393f0                DMA_ScuSetPrm
                0x0000000006039438                DMA_SCU_PRM0
 *fill*         0x0000000006039474        0xc 
 SLPROG         0x0000000006039480       0x88 /joe/Compiler/COMMON/SGL_302j/LIB_ELF/LIBSGL.A(sglD17.o)
                0x0000000006039480                DMA_ScuStart
 *fill*         0x0000000006039508        0x8 
 SLPROG         0x0000000006039510       0x34 /joe/Compiler/COMMON/SGL_302j/LIB_ELF/LIBSGL.A(sglD18.o)
                0x0000000006039510                DMA_ScuGetStatus
 *fill*         0x0000000006039544        0xc 
 SLPROG         0x0000000006039550       0x34 /joe/Compiler/COMMON/SGL_302j/LIB_ELF/LIBSGL.A(sglF08.o)
                0x0000000006039550                slDec2Hex
 *fill*         0x0000000006039584        0xc 
 SLPROG         0x0000000006039590      0xfc8 /joe/Compiler/COMMON/SGL_302j/LIB_ELF/LIBSGL.A(sglH00.o)
                0x00000000060395a8                slGetPortDir1
                0x00000000060395b0                slGetPortDir2
                0x00000000060395b8                slSetPortDir1
                0x00000000060395e2                slSetPortDir2
                0x000000000603961c                slGetPortData1
                0x0000000006039624                slGetPortData2
                0x000000000603962c                slSetPortData1
                0x0000000006039636                slSetPortData2
                0x0000000006039648                slGetPortSelect1
                0x0000000006039652                slGetPortSelect2
                0x000000000603965c                slSetPortSelect1
                0x0000000006039690                slSetPortSelect2
                0x00000000060396cc                slGetPortExt1
                0x00000000060396d6                slGetPortExt2
                0x00000000060396e0                slSetPortExt1
                0x0000000006039710                slSetPortExt2
                0x0000000006039884                slSmpcDirectAccess
                0x0000000006039904                slInitPeripheral
                0x0000000006039996                slSetResultBuffer
                0x0000000006039a22                slCheckIntBackSet
                0x0000000006039a2e                slIntBackCancel
                0x0000000006039a58                slCheckReset
                0x0000000006039a62                slClearReset
                0x0000000006039c28                slSmpcCashSend
                0x0000000006039ce4                slSmpcCashBlow
                0x0000000006039dc0                slGetOptimize
                0x0000000006039dca                slSetOptimize
                0x0000000006039df0                slGetPortMode1
                0x0000000006039dfc                slGetPortMode2
                0x0000000006039e0a                slSetPortMode1
                0x0000000006039e48                slSetPortMode2
                0x0000000006039fd4                slRequestCommand
                0x000000000603a044                Smpc_Status
                0x000000000603a048                Smpc_Result
                0x000000000603a04c                Smpc_Peripheral
                0x000000000603a052                Per_Connect1
                0x000000000603a053                Per_Connect2
                0x000000000603a074                SmpcStatusBuf
 *fill*         0x000000000603a558        0x8 
 SLPROG         0x000000000603a560       0xa8 /joe/Compiler/COMMON/SGL_302j/LIB_ELF/LIBSGL.A(sglH01.o)
                0x000000000603a560                slGetLanguage
                0x000000000603a56a                slSetLanguage
                0x000000000603a58c                slGetSoundEffect
                0x000000000603a598                slSetSoundEffect
                0x000000000603a5b4                slGetSoundOutput
                0x000000000603a5c0                slSetSoundOutput
                0x000000000603a5dc                slGetHelpWindow
                0x000000000603a5e8                slSetHelpWindow
 *fill*         0x000000000603a608        0x8 
 SLPROG         0x000000000603a610      0x470 /joe/Compiler/COMMON/SGL_302j/LIB_ELF/LIBSGL.A(sglH02.o)
                0x000000000603aa00                smpc_pfr_tbl
                0x000000000603aa40                smpc_ptf_tbl
 SLPROG         0x000000000603aa80       0x60 /joe/Compiler/COMMON/SGL_302j/LIB_ELF/LIBSGL.A(sglH04.o)
                0x000000000603aa80                slComPrmIntBack
                0x000000000603aa94                slComPrmSetMemory
                0x000000000603aaaa                slComPrmSetTime
 SLPROG         0x000000000603aae0      0x3a4 /joe/Compiler/COMMON/SGL_302j/LIB_ELF/LIBSGL.A(sglI01.o)
                0x000000000603aae0                slInitSynch
                0x000000000603aafa                slSynch
                0x000000000603abf0                slRandom
                0x000000000603ac0e                PCM_EndCheck
                0x000000000603acca                RetPCMBuf
                0x000000000603ad64                PCM_Buf
                0x000000000603ae04                Sound_Buf
 *fill*         0x000000000603ae84        0xc 
 SLPROG         0x000000000603ae90       0x10 /joe/Compiler/COMMON/SGL_302j/LIB_ELF/LIBSGL.A(sglI04.o)
                0x000000000603ae90                slIntFunction
 SLPROG         0x000000000603aea0       0x74 /joe/Compiler/COMMON/SGL_302j/LIB_ELF/LIBSGL.A(sglJ00.o)
                0x000000000603aea0                InitSlaveSH
                0x000000000603af08                SlaveCommand
 *fill*         0x000000000603af14        0xc 
 SLPROG         0x000000000603af20      0x3d0 /joe/Compiler/COMMON/SGL_302j/LIB_ELF/LIBSGL.A(sglJ01.o)
                0x000000000603af20                SlaveControl
                0x000000000603b2dc                ErasePolygonData
 SLPROG         0x000000000603b2f0     0x12b8 /joe/Compiler/COMMON/SGL_302j/LIB_ELF/LIBSGL.A(sglJ02.o)
                0x000000000603b2f0                sbMakePolygon
                0x000000000603b4d8                sbCalcPolygon
                0x000000000603c210                SetTexture
                0x000000000603c21c                SetPolygon
                0x000000000603c224                SetPosition
                0x000000000603c25c                stvtc_4
                0x000000000603c314                stvtc_3
                0x000000000603c524                stvtc_1
                0x000000000603c538                stvtc_2
                0x000000000603c54c                stvtc_0
 *fill*         0x000000000603c5a8        0x8 
 SLPROG         0x000000000603c5b0      0x140 /joe/Compiler/COMMON/SGL_302j/LIB_ELF/LIBSGL.A(sglJ03.o)
                0x000000000603c5b0                sbMakeDMATable
 SLPROG         0x000000000603c6f0      0x470 /joe/Compiler/COMMON/SGL_302j/LIB_ELF/LIBSGL.A(sglJ04.o)
                0x000000000603c74e                sbMakeSprite
                0x000000000603c7b4                sbMakeRotSprite
 SLPROG         0x000000000603cb60       0x3c /joe/Compiler/COMMON/SGL_302j/LIB_ELF/LIBSGL.A(sglJ05.o)
                0x000000000603cb60                sbSortEntry
 *fill*         0x000000000603cb9c        0x4 
 SLPROG         0x000000000603cba0      0x4b8 /joe/Compiler/COMMON/SGL_302j/LIB_ELF/LIBSGL.A(sglM00.o)
                0x000000000603cba0                slInitGouraud
                0x000000000603cc94                slPutPolygonX
                0x000000000603ccda                slGouraudTblCopy
                0x000000000603cd32                slSetGouraudTbl
                0x000000000603cd38                slSetGouraudColor
                0x000000000603cdb0                slSetAmbient
                0x000000000603cdd4                slSetFlatColor
 *fill*         0x000000000603d058        0x8 
 SLPROG         0x000000000603d060       0x6a /joe/Compiler/COMMON/SGL_302j/LIB_ELF/LIBSGL.A(sglM01.o)
                0x000000000603d060                slSetDepthLimit
                0x000000000603d08c                slSetDepthTbl
                0x000000000603d0bc                DepthWorkArea
 *fill*         0x000000000603d0ca        0x6 
 SLPROG         0x000000000603d0d0       0x20 /joe/Compiler/COMMON/SGL_302j/LIB_ELF/LIBSGL.A(sglA00.o)
                0x000000000603d0d0                set_imask
                0x000000000603d0d0                _builtin_set_imask
                0x000000000603d0e4                get_imask
                0x000000000603d0e4                _builtin_get_imask
 SLPROG         0x000000000603d0f0     0x215c /joe/Compiler/COMMON/SGL_302j/LIB_ELF/LIBSGL.A(sglA03.o)
                0x000000000603d0f0                slTan
 *fill*         0x000000000603f24c        0x4 
 SLPROG         0x000000000603f250       0x34 /joe/Compiler/COMMON/SGL_302j/LIB_ELF/LIBSGL.A(sglA10.o)
                0x000000000603f250                slSquartDbl
 *fill*         0x000000000603f284        0xc 
 SLPROG         0x000000000603f290      0x3c2 /joe/Compiler/COMMON/SGL_302j/LIB_ELF/LIBSGL.A(sglA24.o)
                0x000000000603f290                slInversMatrix
 *fill*         0x000000000603f652        0xe 
 SLPROG         0x000000000603f660       0x24 /joe/Compiler/COMMON/SGL_302j/LIB_ELF/LIBSGL.A(sglA25.o)
                0x000000000603f660                slTransposeMatrix
 *fill*         0x000000000603f684        0xc 
 SLPROG         0x000000000603f690      0xbd0 /joe/Compiler/COMMON/SGL_302j/LIB_ELF/LIBSGL.A(sglB000.o)
                0x000000000603f690                slInitScroll
                0x000000000603f7b0                setASC_1to8
                0x000000000603f7e0                setASC_4to8
                0x000000000603f8f0                TVSizeTbl
                0x000000000603f970                TVModeTbl
                0x000000000603fb48                SGL_ASCII_CG
 SLPROG         0x0000000006040260      0x134 /joe/Compiler/COMMON/SGL_302j/LIB_ELF/LIBSGL.A(sglC00.o)
                0x0000000006040260                slInitSprite
 *fill*         0x0000000006040394        0xc 
 SLPROG         0x00000000060403a0       0xac /joe/Compiler/COMMON/SGL_302j/LIB_ELF/LIBSGL.A(sglC13.o)
                0x00000000060403a0                slPutPolygonS
 *fill*         0x000000000604044c        0x4 
 SLPROG         0x0000000006040450       0xc0 /joe/Compiler/COMMON/SGL_302j/LIB_ELF/LIBSGL.A(sglD19.o)
                0x0000000006040450                DMA_ScuMemCopy
 SLPROG         0x0000000006040510      0x75c /joe/Compiler/COMMON/SGL_302j/LIB_ELF/LIBSGL.A(sglI00.o)
                0x0000000006040800                slInitInterrupt
 *fill*         0x0000000006040c6c        0x4 
 SLPROG         0x0000000006040c70       0xf0 /joe/Compiler/COMMON/SGL_302j/LIB_ELF/LIBSGL.A(sglH03.o)
                0x0000000006040cd4                slSmpcIntBack