Archive member included to satisfy reference by file (symbol)

/joe/Compiler/COMMON/SGL_302j/LIB_ELF/SEGA_SYS.A(sys_exit.o)
                              jo_engine/core.o (symbol from plugin) (SYS_Exit)
/joe/Compiler/COMMON/SGL_302j/LIB_ELF/SEGA_SYS.A(sys_sub.o)
                              /joe/Compiler/COMMON/SGL_302j/LIB_ELF/SEGA_SYS.A(sys_exit.o) (SYSUB_SetStackptr)
/joe/Compiler/COMMON/SGL_302j/LIB_ELF/LIBCD.A(CDC_CMN.O)
                              /joe/Compiler/COMMON/SGL_302j/LIB_ELF/SEGA_SYS.A(sys_exit.o) (CDC_GetCurStat)
/joe/Compiler/COMMON/SGL_302j/LIB_ELF/LIBCD.A(CDC_DRV.O)
                              pcmsys.o (symbol from plugin) (CDC_CdPlay)
/joe/Compiler/COMMON/SGL_302j/LIB_ELF/LIBCD.A(CDC_CFS.O)
                              /joe/Compiler/COMMON/SGL_302j/LIB_ELF/SEGA_SYS.A(sys_exit.o) (CDC_ChgDir)
/joe/Compiler/COMMON/SGL_302j/LIB_ELF/LIBCD.A(CDC_REG.O)
                              /joe/Compiler/COMMON/SGL_302j/LIB_ELF/SEGA_SYS.A(sys_exit.o) (CDC_GetHirqReq)
/joe/Compiler/COMMON/SGL_302j/LIB_ELF/LIBCD.A(CDC_SUB.O)
                              /joe/Compiler/COMMON/SGL_302j/LIB_ELF/LIBCD.A(CDC_CMN.O) (CDSUB_UpdStatus)
/joe/Compiler/COMMON/SGL_302j/LIB_ELF/LIBCD.A(GFS.O)
                              pcmsys.o (symbol from plugin) (GFS_Init)
/joe/Compiler/COMMON/SGL_302j/LIB_ELF/LIBCD.A(GFS_BUF.O)
                              /joe/Compiler/COMMON/SGL_302j/LIB_ELF/LIBCD.A(GFS.O) (GFBF_GetNumData)
/joe/Compiler/COMMON/SGL_302j/LIB_ELF/LIBCD.A(GFS_CDB.O)
                              /joe/Compiler/COMMON/SGL_302j/LIB_ELF/LIBCD.A(GFS.O) (GFCB_Close)
/joe/Compiler/COMMON/SGL_302j/LIB_ELF/LIBCD.A(GFS_CDC.O)
                              /joe/Compiler/COMMON/SGL_302j/LIB_ELF/LIBCD.A(GFS.O) (GFCD_SetCdbfs)
/joe/Compiler/COMMON/SGL_302j/LIB_ELF/LIBCD.A(GFS_CDF.O)
                              /joe/Compiler/COMMON/SGL_302j/LIB_ELF/LIBCD.A(GFS.O) (GFCF_Init)
/joe/Compiler/COMMON/SGL_302j/LIB_ELF/LIBCD.A(GFS_DIR.O)
                              /joe/Compiler/COMMON/SGL_302j/LIB_ELF/LIBCD.A(GFS.O) (GFDR_SetupDirTbl)
/joe/Compiler/COMMON/SGL_302j/LIB_ELF/LIBCD.A(GFS_TRN.O)
                              /joe/Compiler/COMMON/SGL_302j/LIB_ELF/LIBCD.A(GFS.O) (GFTR_Setup)
/joe/Compiler/COMMON/SGL_302j/LIB_ELF/LIBCD.A(CDC_DEV.O)
                              /joe/Compiler/COMMON/SGL_302j/LIB_ELF/LIBCD.A(GFS_CDC.O) (CDC_CdSetCon)
/joe/Compiler/COMMON/SGL_302j/LIB_ELF/LIBCD.A(CDC_SEL.O)
                              /joe/Compiler/COMMON/SGL_302j/LIB_ELF/LIBCD.A(GFS_CDC.O) (CDC_SetFiltRange)
/joe/Compiler/COMMON/SGL_302j/LIB_ELF/LIBCD.A(CDC_BIF.O)
                              /joe/Compiler/COMMON/SGL_302j/LIB_ELF/LIBCD.A(GFS_CDC.O) (CDC_GetBufSiz)
/joe/Compiler/COMMON/SGL_302j/LIB_ELF/LIBCD.A(CDC_BIO.O)
                              /joe/Compiler/COMMON/SGL_302j/LIB_ELF/LIBCD.A(GFS_CDC.O) (CDC_SetSctLen)
/joe/Compiler/COMMON/SGL_302j/LIB_ELF/LIBSGL.A(sglA01.o)
                              jo_engine/math.o (symbol from plugin) (slSin)
/joe/Compiler/COMMON/SGL_302j/LIB_ELF/LIBSGL.A(sglA15.o)
                              jo_engine/slave.o (symbol from plugin) (slSlaveFunc)
/joe/Compiler/COMMON/SGL_302j/LIB_ELF/LIBSGL.A(sglA16.o)
                              main.o (symbol from plugin) (slLookAt)
/joe/Compiler/COMMON/SGL_302j/LIB_ELF/LIBSGL.A(sglA17.o)
                              /joe/Compiler/COMMON/SGL_302j/LIB_ELF/LIBSGL.A(sglA16.o) (slRotZ)
/joe/Compiler/COMMON/SGL_302j/LIB_ELF/LIBSGL.A(sglA18.o)
                              main.o (symbol from plugin) (slRotY)
/joe/Compiler/COMMON/SGL_302j/LIB_ELF/LIBSGL.A(sglA19.o)
                              main.o (symbol from plugin) (slRotX)
/joe/Compiler/COMMON/SGL_302j/LIB_ELF/LIBSGL.A(sglA20.o)
                              main.o (symbol from plugin) (slUnitMatrix)
/joe/Compiler/COMMON/SGL_302j/LIB_ELF/LIBSGL.A(sglA21.o)
                              main.o (symbol from plugin) (slPushMatrix)
/joe/Compiler/COMMON/SGL_302j/LIB_ELF/LIBSGL.A(sglA27.o)
                              /joe/Compiler/COMMON/SGL_302j/LIB_ELF/LIBSGL.A(sglA16.o) (slTranslate)
/joe/Compiler/COMMON/SGL_302j/LIB_ELF/LIBSGL.A(sglA28.o)
                              main.o (symbol from plugin) (slScale)
/joe/Compiler/COMMON/SGL_302j/LIB_ELF/LIBSGL.A(sglA40.o)
                              main.o (symbol from plugin) (slCalcVector)
/joe/Compiler/COMMON/SGL_302j/LIB_ELF/LIBSGL.A(sglB001.o)
                              main.o (symbol from plugin) (slTVOn)
/joe/Compiler/COMMON/SGL_302j/LIB_ELF/LIBSGL.A(sglB011.o)
                              jo_engine/vdp2.o (symbol from plugin) (slBitMapNbg1)
/joe/Compiler/COMMON/SGL_302j/LIB_ELF/LIBSGL.A(sglB014.o)
                              jo_engine/vdp2.o (symbol from plugin) (slScrTransparent)
/joe/Compiler/COMMON/SGL_302j/LIB_ELF/LIBSGL.A(sglB015.o)
                              jo_engine/vdp2.o (symbol from plugin) (slScrAutoDisp)
/joe/Compiler/COMMON/SGL_302j/LIB_ELF/LIBSGL.A(sglB016.o)
[...]
Memory Configuration

Name             Origin             Length             Attributes
*default*        0x0000000000000000 0xffffffffffffffff

Linker script and memory map


SLSTART         0x0000000006004000       0x30
                0x0000000006004000                ___Start = .
 *(SLSTART)
 SLSTART        0x0000000006004000       0x28 /joe/Compiler/COMMON/SGL_302j/LIB_ELF/LIBSGL.A(sglI00.o)
                0x0000000006004000                SGL_Start
                0x0000000006004002                slStartSGL

.text           0x0000000006004040    0x26640
 *(.text)
 .text          0x0000000006004040        0x0 /joe/Compiler/COMMON/SGL_302j/LIB_ELF/SGLAREA.O
 .text          0x0000000006004040     0x8234 /tmp/ccrGYq6z.ltrans0.ltrans.o
                0x0000000006004684                jo_sprite_draw.constprop.39
                0x00000000060047c8                jo_nbg2_print.constprop.38
                0x0000000006004854                render_CLUT_sprite_MESH.constprop.37
                0x00000000060048a0                __jo_core_set_screens_order.constprop.36
                0x0000000006004970                CDDAPlaySingle.constprop.31
                0x00000000060049ac                jo_free
                0x00000000060049d4                jo_vdp2_clear_bitmap_nbg1.constprop.23
                0x0000000006004a44                jo_backup_unmount.constprop.12
                0x0000000006004adc                jo_vdp2_malloc
                0x0000000006004c80                jo_vdp2_free
                0x0000000006004e78                jo_vdp2_disable_rbg0
                0x0000000006005058                __jo_create_map.lto_priv.574
                0x00000000060050d0                jo_img_to_vdp2_cells
                0x0000000006005178                jo_set_default_background_color
                0x00000000060053a8                jo_sprite_free_from
                0x00000000060055e0                jo_strlen
                0x0000000006005644                jo_getdate
                0x0000000006005718                jo_malloc_with_behaviour
                0x0000000006005d6c                load_textures.constprop.25
                0x0000000006005da8                jo_backup_mount.constprop.7
                0x0000000006005fbc                jo_random
                0x000000000600602c                jo_atan2f_rad
                0x00000000060061f0                load_binary.constprop.29
                0x0000000006006db0                jo_fixed_cos
                0x0000000006006e0c                jo_fixed_sin
                0x000000000600725c                __jo_tga_any_loader
                0x0000000006007424                jo_sprite_add_tga.constprop.24
                0x0000000006007598                _realloc_r
                0x000000000600763c                _calloc_r
                0x0000000006007670                _free_r
                0x00000000060076a0                _malloc_r
                0x0000000006007714                mnet_send_remove_local_player
                0x0000000006007790                mnet_tick
                0x0000000006008e64                lobby_screen
                0x000000000600a6d0                connecting_screen
 .text          0x000000000600c274     0xd400 /tmp/ccrGYq6z.ltrans1.ltrans.o
                0x000000000600d0a8                my_vblank
                0x000000000600f93c                CDDAStop
                0x000000000600f958                load_16bit_pcm
                0x000000000600fab8                pcm_cease
                0x000000000600fae0                pcm_play
                0x000000000601378c                init_3d_planes
                0x0000000006013ccc                load_trackmap
                0x0000000006013d08                load_preview
                0x0000000006013d44                load_level
                0x00000000060151a4                load_car
                0x00000000060169d4                gameLoop
 .text          0x0000000006019674     0x3038 /tmp/ccrGYq6z.ltrans2.ltrans.o
                0x0000000006019674                saturn_transport_send.lto_priv.451
                0x00000000060196cc                saturn_transport_rx_byte.lto_priv.450
                0x00000000060196e0                saturn_transport_rx_ready.lto_priv.449
                0x00000000060196fc                draw_powerups
                0x0000000006019804                create_particles
                0x00000000060198d8                computeLight
                0x0000000006019948                create_player
                0x0000000006019b88                set_player_position
                0x0000000006019cd0                getSeconds
                0x0000000006019d54                apply_player_gravity
                0x0000000006019dac                init_1p_display
                0x0000000006019e34                init_2p_display
                0x0000000006019ec4                stop_engine_sound
                0x0000000006019f30                stop_sounds
                0x0000000006019fb0                reset_to_last_checkpoint
                0x000000000601a0a8                reset_demo
                0x000000000601a2b0                render_CLUT_sprite
                0x000000000601a300                ztClearText
                0x000000000601a34c                transition_to_end_level
                0x000000000601a4ec                mmm_get_p2_port
                0x000000000601a9c8                saturn_uart_puts.lto_priv.441
                0x000000000601aa1c                modem_read_line.lto_priv.442
                0x000000000601abcc                modem_escape_to_command.lto_priv.445.lto_priv.447
                0x000000000601b258                saturn_uart_init.lto_priv.443
                0x000000000601b310                saturn_uart_set_baud.lto_priv.444
                0x000000000601bb44                saturn_uart_flush_rx.lto_priv.448
                0x000000000601bb90                saturn_uart_loopback_test.lto_priv.453.lto_priv.455
                0x000000000601bc58                saturn_uart_read_raw.lto_priv.456.lto_priv.458
                0x000000000601bcd4                saturn_uart_getc_timeout.lto_priv.459.lto_priv.461
                0x000000000601bd08                saturn_uart_getc.lto_priv.462.lto_priv.464
                0x000000000601bd34                saturn_uart_putc.lto_priv.465.lto_priv.467
                0x000000000601bd70                saturn_uart_read_iir.lto_priv.468.lto_priv.470
                0x000000000601bd88                saturn_uart_read_msr.lto_priv.471.lto_priv.473
                0x000000000601bda8                saturn_uart_read_lsr.lto_priv.474.lto_priv.476
                0x000000000601bdc4                saturn_uart_clear_errors.lto_priv.477.lto_priv.479
                0x000000000601bde4                saturn_uart_rx_error.lto_priv.480.lto_priv.482
                0x000000000601be04                saturn_uart_rx_ready.lto_priv.483.lto_priv.485
                0x000000000601be20                saturn_uart_tx_ready.lto_priv.486.lto_priv.488
                0x000000000601bf00                saturn_uart_detect.lto_priv.328
                0x000000000601bf8c                saturn_uart_reg_write.lto_priv.489.lto_priv.491
                0x000000000601bfa4                saturn_uart_reg_read.lto_priv.492.lto_priv.494
                0x000000000601bfc0                saturn_netlink_smpc_disable.lto_priv.495.lto_priv.497
                0x000000000601bfec                saturn_netlink_smpc_enable.lto_priv.452
                0x000000000601c078                saturn_smpc_command.lto_priv.498.lto_priv.500
                0x000000000601c0a0                mnet_encode_lap_complete.lto_priv.341.lto_priv.344
                0x000000000601c0c8                mnet_encode_client_log.lto_priv.337.lto_priv.340
                0x000000000601c170                mnet_encode_leaderboard_req.lto_priv.345.lto_priv.348
                0x000000000601c180                mnet_encode_remove_local_player.lto_priv.349.lto_priv.352
                0x000000000601c190                mnet_encode_add_local_player.lto_priv.329.lto_priv.332
                0x000000000601c214                mnet_encode_powerup_pickup.lto_priv.353.lto_priv.356
                0x000000000601c228                mnet_encode_player_state_p2.lto_priv.357.lto_priv.360
                0x000000000601c2c0                mnet_encode_player_state.lto_priv.361.lto_priv.364
                0x000000000601c350                mnet_encode_input_state_p2.lto_priv.365.lto_priv.368
                0x000000000601c37c                mnet_encode_input_state.lto_priv.369.lto_priv.372
                0x000000000601c3a4                mnet_encode_car_select.lto_priv.373.lto_priv.376
                0x000000000601c3b8                mnet_encode_start_game.lto_priv.377.lto_priv.380
                0x000000000601c3c8                mnet_encode_ready.lto_priv.381.lto_priv.384
                0x000000000601c3d8                mnet_encode_heartbeat.lto_priv.385.lto_priv.388
                0x000000000601c3e8                mnet_encode_disconnect.lto_priv.389.lto_priv.392
                0x000000000601c3f8                mnet_encode_set_username.lto_priv.333.lto_priv.336
                0x000000000601c478                mnet_encode_connect_uuid.lto_priv.393.lto_priv.396
                0x000000000601c498                mnet_encode_connect.lto_priv.397.lto_priv.400
                0x000000000601c4a8                mnet_read_string.lto_priv.401.lto_priv.404
                0x000000000601c4f0                mnet_rx_poll.lto_priv.405.lto_priv.440
                0x000000000601c5a0                mnet_rx_init.lto_priv.408.lto_priv.411
                0x000000000601c5b0                mnet_send_frame.lto_priv.412.lto_priv.415
                0x000000000601c5f0                net_transport_is_connected.lto_priv.416.lto_priv.419
                0x000000000601c608                net_transport_send.lto_priv.420.lto_priv.423
                0x000000000601c61c                net_transport_rx_byte.lto_priv.424.lto_priv.427
                0x000000000601c630                net_transport_rx_ready.lto_priv.428.lto_priv.431
                0x000000000601c644                get_gbr.lto_priv.53.lto_priv.77
                0x000000000601c64c                set_gbr.lto_priv.78.lto_priv.102
                0x000000000601c654                get_vbr.lto_priv.103.lto_priv.127
                0x000000000601c65c                set_vbr.lto_priv.128.lto_priv.152
                0x000000000601c664                set_imask.lto_priv.153.lto_priv.177
                0x000000000601c678                get_imask.lto_priv.178.lto_priv.202
                0x000000000601c684                get_sr.lto_priv.203.lto_priv.227
                0x000000000601c68c                set_sr.lto_priv.228.lto_priv.252
                0x000000000601c694                tas.lto_priv.253.lto_priv.277
                0x000000000601c69c                sleep.lto_priv.278.lto_priv.302
                0x000000000601c6a4                nop.lto_priv.303.lto_priv.327
 *fill*         0x000000000601c6ac        0x4 
 .text          0x000000000601c6b0      0x238 /joe/Compiler/COMMON/SGL_302j/LIB_ELF/SEGA_SYS.A(sys_exit.o)
                0x000000000601c6b0                sys_version
                0x000000000601c6d0                SYS_Exit
 *fill*         0x000000000601c8e8        0x8 
 .text          0x000000000601c8f0        0x6 /joe/Compiler/COMMON/SGL_302j/LIB_ELF/SEGA_SYS.A(sys_sub.o)
                0x000000000601c8f0                SYSUB_SetStackptr
 *fill*         0x000000000601c8f6        0xa 
 .text          0x000000000601c900      0x3a0 /joe/Compiler/COMMON/SGL_302j/LIB_ELF/LIBCD.A(CDC_CMN.O)
                0x000000000601c900                CDC_GetCurStat
                0x000000000601c950                CDC_GetLastStat
                0x000000000601c968                CDC_GetPeriStat
                0x000000000601ca3c                CDC_GetHwInfo
                0x000000000601caa4                CDC_TgetToc
                0x000000000601caf4                CDC_GetSes
                0x000000000601cb30                CDC_CdInit
                0x000000000601cbb4                CDC_CdOpen
                0x000000000601cbdc                CDC_DataReady
                0x000000000601cc48                CDC_DataEnd
 .text          0x000000000601cca0      0x130 /joe/Compiler/COMMON/SGL_302j/LIB_ELF/LIBCD.A(CDC_DRV.O)
                0x000000000601cca0                CDC_CdPlay
                0x000000000601cd6c                CDC_CdSeek
                0x000000000601cda0                CDC_CdScan
 .text          0x000000000601cdd0      0x194 /joe/Compiler/COMMON/SGL_302j/LIB_ELF/LIBCD.A(CDC_CFS.O)
                0x000000000601cdd0                CDC_ChgDir
                0x000000000601ce04                CDC_ReadDir
                0x000000000601ce38                CDC_GetFileScope
                0x000000000601ce98                CDC_TgetFileInfo
                0x000000000601cef4                CDC_ReadFile
                0x000000000601cf28                CDC_AbortFile
 *fill*         0x000000000601cf64        0xc 
 .text          0x000000000601cf70      0x2dc /joe/Compiler/COMMON/SGL_302j/LIB_ELF/LIBCD.A(CDC_REG.O)
                0x000000000601cf70                CDC_GetDataPtr
                0x000000000601cf80                CDC_GetHirqReq
                0x000000000601cf94                CDC_ClrHirqReq
                0x000000000601cfc4                CDREG_ClrHirqReq
                0x000000000601cfd4                CDREG_InitHirqReq
                0x000000000601cffc                CDREG_SetHirqFlag
                0x000000000601d010                CDC_GetHirqMsk
                0x000000000601d024                CDC_SetHirqMsk
                0x000000000601d034                CDC_GetMpegPtr
                0x000000000601d044                CDREG_TgetData
                0x000000000601d0a0                CDREG_CmdRsp
                0x000000000601d1a0                CDREG_WaitHirq
                0x000000000601d210                CDREG_ReadRsp
 *fill*         0x000000000601d24c        0x4 
 .text          0x000000000601d250      0x152 /joe/Compiler/COMMON/SGL_302j/LIB_ELF/LIBCD.A(CDC_SUB.O)
                0x000000000601d250                CDSUB_UpdStatus
                0x000000000601d268                CDSUB_UpdCdstat
                0x000000000601d288                CDSUB_CdCmd
                0x000000000601d2f8                CDSUB_GetCdstat
                0x000000000601d338                CDSUB_RspToCdstat
                0x000000000601d380                CDSUB_SoftTimer
 *fill*         0x000000000601d3a2        0xe 
 .text          0x000000000601d3b0     0x1adc /joe/Compiler/COMMON/SGL_302j/LIB_ELF/LIBCD.A(GFS.O)
                0x000000000601d3b0                gfs_version
                0x000000000601d3d0                GFS_Init
                0x000000000601d4b8                GFS_LoadDir
                0x000000000601d560                GFS_SetDir
                0x000000000601d5c8                GFS_NameToId
                0x000000000601d62c                GFS_IdToName
                0x000000000601d698                GFS_GetDirInfo
                0x000000000601d708                GFS_Reset
                0x000000000601d78c                GFS_Open
                0x000000000601d840                GFS_Close
                0x000000000601d878                GFS_Seek
                0x000000000601d92c                GFS_Tell
                0x000000000601d97c                GFS_IsEof
                0x000000000601d9d0                GFS_ByteToSct
                0x000000000601da2c                GFS_GetFileSize
                0x000000000601da88                GFS_GetFileInfo
                0x000000000601dafc                GFS_GetNumCdbuf
                0x000000000601db24                GFS_Load
                0x000000000601dbe8                GFS_Fread
                0x000000000601dc84                gfs_waitRead
                0x000000000601dd2c                GFS_NwFread
                0x000000000601de38                GFS_NwCdRead
                0x000000000601deb0                GFS_NwIsComplete
                0x000000000601dee8                GFS_NwStop
                0x000000000601df54                GFS_NwGetStat
                0x000000000601dfd0                gfs_recovRdErr
                0x000000000601e000                GFS_NwExecOne
                0x000000000601e0c0                GFS_NwExecServer
                0x000000000601e13c                GFS_SetGmode
                0x000000000601e1a0                GFS_SetTmode
                0x000000000601e20c                GFS_SetReadPara
                0x000000000601e270                GFS_SetTransPara
                0x000000000601e2dc                GFS_SetTrFunc
                0x000000000601e340                GFS_StartTrans
                0x000000000601e38c                GFS_CdMovePickup
                0x000000000601e3f8                GFS_SetErrFunc
                0x000000000601e424                GFS_GetErrStat
                0x000000000601e448                GFS_ConvTno
                0x000000000601e470                gfs_chgRoot
                0x000000000601e53c                gfs_aborttrans
                0x000000000601e548                gfs_mngSetupFuncTbl
                0x000000000601e57c                gfs_mngInitWork
                0x000000000601e620                gfs_mngGetNumFile
                0x000000000601e688                GFS_mngAllocGrp
                0x000000000601e6d0                gfs_mngFreeGrp
                0x000000000601e6dc                gfs_mngTermAccess
                0x000000000601e760                gfs_mngSetErrCode
                0x000000000601e7e0                gfs_svrSearchHndl
                0x000000000601e820                gfs_svrAddHndl
                0x000000000601e85c                gfs_svrRemoveHndl
                0x000000000601e8b8                GFS_OpenSub
                0x000000000601e910                gfs_loadVol
                0x000000000601e9d4                gfs_getRootDir
                0x000000000601ead0                gfs_loadRootDir
                0x000000000601eb58                gfs_flowIn
                0x000000000601ec00                gfs_transData
                0x000000000601eca4                GFS_GetFad
                0x000000000601ecfc                gfs_SetSct
                0x000000000601ed3c                gfs_GetFinfo
                0x000000000601ed7c                gfs_closeSub
                0x000000000601edb8                gfs_getGmode
                0x000000000601edc4                gfs_isTaskDone
                0x000000000601ee18                gfs_convFinStat
 *fill*         0x000000000601ee8c        0x4 
 .text          0x000000000601ee90      0x106 /joe/Compiler/COMMON/SGL_302j/LIB_ELF/LIBCD.A(GFS_BUF.O)
                0x000000000601eec0                GFBF_GetTranData
                0x000000000601eee8                GFBF_GetNumData
                0x000000000601ef18                GFBF_GetSrcPk
                0x000000000601ef40                GFBF_GetSctData
                0x000000000601ef64                GFBF_RtnPk
                0x000000000601ef8c                gfbf_getSctDt
 *fill*         0x000000000601ef96        0xa 
 .text          0x000000000601efa0      0x600 /joe/Compiler/COMMON/SGL_302j/LIB_ELF/LIBCD.A(GFS_CDB.O)
                0x000000000601efa0                GFCB_Setup
                0x000000000601f0c0                GFCB_Close
                0x000000000601f0e8                GFCB_GetLenData
                0x000000000601f194                GFCB_GetLenRoom
                0x000000000601f1a0                GFCB_SetFilt
                0x000000000601f208                GFCB_DeleteAllData
                0x000000000601f230                GFCB_Tell
                0x000000000601f240                gfcb_getSctNum
                0x000000000601f290                GFCB_Seek
                0x000000000601f38c                GFCB_GetSrcPack
                0x000000000601f46c                GFCB_GetSctData
                0x000000000601f4a4                GFCB_GetDstPack
                0x000000000601f4b0                GFCB_RtnPk
                0x000000000601f4f8                GFCB_MovePickup
                0x000000000601f514                GFCB_SetCon
                0x000000000601f548                GFCB_GetPickup
                0x000000000601f570                GFCB_IsPuOwner
                0x000000000601f588                GFCB_UngetPickup
 .text          0x000000000601f5a0     0x1a10 /joe/Compiler/COMMON/SGL_302j/LIB_ELF/LIBCD.A(GFS_CDC.O)
                0x000000000601f5a0                GFCD_SetCdbfs
                0x000000000601f5cc                GFCD_Init
                0x000000000601f7d0                GFCD_AllocFilt
                0x000000000601f80c                GFCD_FreeFilt
                0x000000000601f83c                GFCD_AllocBuf
                0x000000000601f870                GFCD_FreeBuf
                0x000000000601f914                GFCD_GetBaseFad
                0x000000000601f948                GFCD_GetPickup
                0x000000000601f97c                GFCD_UngetPickup
                0x000000000601f9a8                GFCD_IsPuOwner
                0x000000000601f9cc                GFCD_SetFilt
                0x000000000601fa90                GFCD_GetFilt
                0x000000000601fad8                GFCD_SetCon
                0x000000000601fb30                GFCD_Play
                0x000000000601fb90                GFCD_GetLenData
                0x000000000601fbf8                GFCD_ReqData
                0x000000000601fc54                GFCD_EndData
                0x000000000601fc9c                GFCD_DelSctData
                0x000000000601fcf4                GFCD_CheckDelSctData
                0x000000000601fd24                GFCD_GetStat
                0x000000000601fdd8                GFCD_MovePickup
                0x000000000601fe24                GFCD_MoveSctData
                0x000000000601fe98                GFCD_CheckMove
                0x000000000601febc                GFCD_GetSctInfo
                0x000000000601ff04                GFCD_ChgDir
                0x000000000601ff78                GFCD_SetFiltCon
                0x0000000006020060                GFCD_GetFileInfo
                0x000000000602013c                GFCD_GetBufSiz
                0x0000000006020174                GFCD_ExecServer
                0x0000000006020248                gfcd_isIdleTask
                0x00000000060202d4                gfcd_doTask
                0x0000000006020380                GFCD_SetTimer
                0x0000000006020394                GFCD_WaitServer
                0x00000000060203d0                gfcd_doSetFiltTsk
                0x0000000006020594                gfcd_doSetConTsk
                0x0000000006020624                gfcd_doGetLenDataTsk
                0x0000000006020778                gfcd_doReqDataTsk
                0x0000000006020818                gfcd_doDelSctDataTsk
                0x000000000602094c                gfcd_doMoveSctTsk
                0x0000000006020ab0                gfcd_doChgDirTsk
                0x0000000006020cac                gfcd_doSetFiltConTsk
                0x0000000006020df0                gfcd_checkEflag
                0x0000000006020e14                gfcd_initCdbMng
                0x0000000006020e94                gfcd_setStat
                0x0000000006020ec0                GFCD_SetCsctFunc
                0x0000000006020edc                GFCD_ChkScdqFlag
                0x0000000006020f00                GFCD_ClrScdqFlag
                0x0000000006020f1c                GFCD_WaitScdqFlag
                0x0000000006020f60                GFCD_WaitPause
 .text          0x0000000006020fb0      0x8d8 /joe/Compiler/COMMON/SGL_302j/LIB_ELF/LIBCD.A(GFS_CDF.O)
                0x0000000006020fb0                GFCF_Init
                0x0000000006021050                GFCF_Setup
                0x0000000006021198                GFCF_SetSct
                0x00000000060211dc                GFCF_GetFileInfo
                0x0000000006021250                GFCF_FlowInBuf
                0x00000000060213a4                GFCF_StopInBuf
                0x0000000006021444                GFCF_Recover
                0x000000000602148c                GFCF_Tell
                0x00000000060214a4                GFCF_Seek
                0x00000000060214bc                GFCF_MovePickup
                0x0000000006021558                GFCF_cnvIntlvOfs
                0x00000000060215ac                GFCF_GetStat
                0x0000000006021644                gfcf_getSctSize
                0x0000000006021680                gfcf_isCdOk
                0x0000000006021740                gfcf_getPlayRange
 *fill*         0x0000000006021888        0x8 
 .text          0x0000000006021890      0x92c /joe/Compiler/COMMON/SGL_302j/LIB_ELF/LIBCD.A(GFS_DIR.O)
                0x0000000006021890                GFDR_SetupDirTbl
                0x0000000006021904                GFDR_NameToId
                0x0000000006021964                GFDR_GetInfoDirId
                0x0000000006021978                GFDR_GetInfoDirName
                0x000000000602198c                GFDR_GetAtrDirId
                0x00000000060219a4                GFDR_GetAtrDirName
                0x00000000060219bc                GFDR_ChgRoot
                0x00000000060219d4                GFDR_ChgDir
                0x0000000006021a48                gfdr_setupDirIdTbl
                0x0000000006021acc                gfdr_setupDirNameTbl
                0x0000000006021b78                gfdr_open
                0x0000000006021ba0                gfdr_read
                0x0000000006021c60                gfdr_readByte
                0x0000000006021c8c                gfdr_readWord
                0x0000000006021cb8                gfdr_readWordNB
                0x0000000006021d0c                gfdr_readLongNB
                0x0000000006021d58                gfdr_readLongNM
                0x0000000006021d80                gfdr_setNextRec
                0x0000000006021e04                gfdr_readDirEnt
                0x0000000006022180                gfdr_setDirrecCd
 *fill*         0x00000000060221bc        0x4 
 .text          0x00000000060221c0      0x9c6 /joe/Compiler/COMMON/SGL_302j/LIB_ELF/LIBCD.A(GFS_TRN.O)
                0x00000000060221f0                GFTR_Setup
                0x0000000006022234                GFTR_SetMode
                0x0000000006022248                GFTR_SetUnit
                0x0000000006022254                GFTR_SetTransPara
                0x0000000006022288                GFTR_GetTransPara
                0x0000000006022294                GFTR_GetNumTrans
                0x00000000060222a0                GFTR_SetTransMax
                0x00000000060222ac                GFTR_Start
                0x00000000060222b8                GFTR_Pause
                0x00000000060222c4                GFTR_Stop
                0x000000000602237c                GFTR_Exec
                0x0000000006022400                GFTR_Idle
                0x0000000006022478                GFTR_ExecSvr
                0x0000000006022580                gftr_getSrcPack
                0x0000000006022608                gftr_getDstPack
                0x0000000006022664                gftr_reqScu
                0x0000000006022670                gftr_execScu
                0x000000000602270c                gftr_remScu
                0x0000000006022740                gfdma_canUse
                0x000000000602274c                gfdma_exec
                0x00000000060227bc                gfdma_getBytecnt
                0x00000000060227f4                gftr_reqDma0
                0x000000000602280c                gftr_execSdma0
                0x0000000006022830                gftr_remDma0
                0x0000000006022848                gftr_reqDma1
                0x0000000006022860                gftr_execSdma1
                0x0000000006022884                gftr_remDma1
                0x000000000602289c                gftr_reqCpu
                0x00000000060228a8                gftr_execCpu
                0x00000000060228e8                gftr_remCpu
                0x00000000060228f4                gftr_reqTrn
                0x0000000006022964                gftr_execTrn
                0x0000000006022a3c                gftr_remTrn
                0x0000000006022ab0                gftr_copyFrac
                0x0000000006022ad8                GFTR_GetLenData
                0x0000000006022ae4                GFTR_GetLenRoom
                0x0000000006022afc                GFTR_GetDstPack
                0x0000000006022b30                GFTR_RtnDstPk
                0x0000000006022b4c                GFTR_GetData
                0x0000000006022b60                GFTR_SetData
                0x0000000006022b74                GFTR_SetTransFunc
 *fill*         0x0000000006022b86        0xa 
 .text          0x0000000006022b90       0xa8 /joe/Compiler/COMMON/SGL_302j/LIB_ELF/LIBCD.A(CDC_DEV.O)
                0x0000000006022b90                CDC_CdSetCon
                0x0000000006022bc0                CDC_CdGetCon
                0x0000000006022bfc                CDC_CdGetLastBuf
 *fill*         0x0000000006022c38        0x8 
 .text          0x0000000006022c40      0x2b8 /joe/Compiler/COMMON/SGL_302j/LIB_ELF/LIBCD.A(CDC_SEL.O)
                0x0000000006022c40                CDC_SetFiltRange
                0x0000000006022c74                CDC_GetFiltRange
                0x0000000006022ccc                CDC_SetFiltSubh
                0x0000000006022d3c                CDC_GetFiltSubh
                0x0000000006022db8                CDC_SetFiltMode
                0x0000000006022dec                CDC_GetFiltMode
                0x0000000006022e30                CDC_SetFiltCon
                0x0000000006022e70                CDC_GetFiltCon
                0x0000000006022ec4                CDC_ResetSelector
 *fill*         0x0000000006022ef8        0x8 
 .text          0x0000000006022f00      0x270 /joe/Compiler/COMMON/SGL_302j/LIB_ELF/LIBCD.A(CDC_BIF.O)
                0x0000000006022f00                CDC_GetBufSiz
                0x0000000006022f5c                CDC_GetSctNum
                0x0000000006022fa0                CDC_CalActSiz
                0x0000000006022fdc                CDC_GetActSiz
                0x000000000602305c                CDC_GetSctInfo
                0x00000000060230dc                CDC_ExeFadSearch
                0x0000000006023114                CDC_GetFadSearch
 .text          0x0000000006023170      0x1e4 /joe/Compiler/COMMON/SGL_302j/LIB_ELF/LIBCD.A(CDC_BIO.O)
                0x0000000006023170                CDC_SetSctLen
                0x00000000060231a4                CDC_GetSctData
                0x00000000060231e0                CDC_DelSctData
                0x000000000602321c                CDC_GetdelSctData
                0x0000000006023258                CDC_PutSctData
                0x0000000006023290                CDC_CopySctData
                0x00000000060232d4                CDC_MoveSctData
                0x0000000006023318                CDC_GetCopyErr
 *fill*         0x0000000006023354        0xc 
 .text          0x0000000006023360        0x0 /joe/Compiler/COMMON/SGL_302j/LIB_ELF/LIBSGL.A(sglA01.o)
 .text          0x0000000006023360        0x0 /joe/Compiler/COMMON/SGL_302j/LIB_ELF/LIBSGL.A(sglA15.o)
 .text          0x0000000006023360        0x0 /joe/Compiler/COMMON/SGL_302j/LIB_ELF/LIBSGL.A(sglA16.o)
 .text          0x0000000006023360        0x0 /joe/Compiler/COMMON/SGL_302j/LIB_ELF/LIBSGL.A(sglA17.o)
 .text          0x0000000006023360        0x0 /joe/Compiler/COMMON/SGL_302j/LIB_ELF/LIBSGL.A(sglA18.o)
 .text          0x0000000006023360        0x0 /joe/Compiler/COMMON/SGL_302j/LIB_ELF/LIBSGL.A(sglA19.o)
 .text          0x0000000006023360        0x0 /joe/Compiler/COMMON/SGL_302j/LIB_ELF/LIBSGL.A(sglA20.o)
 .text          0x0000000006023360        0x0 /joe/Compiler/COMMON/SGL_302j/LIB_ELF/LIBSGL.A(sglA21.o)
 .text          0x0000000006023360        0x0 /joe/Compiler/COMMON/SGL_302j/LIB_ELF/LIBSGL.A(sglA27.o)
 .text          0x0000000006023360        0x0 /joe/Compiler/COMMON/SGL_302j/LIB_ELF/LIBSGL.A(sglA28.o)
 .text          0x0000000006023360        0x0 /joe/Compiler/COMMON/SGL_302j/LIB_ELF/LIBSGL.A(sglA40.o)
 .text          0x0000000006023360        0x0 /joe/Compiler/COMMON/SGL_302j/LIB_ELF/LIBSGL.A(sglB001.o)
 .text          0x0000000006023360        0x0 /joe/Compiler/COMMON/SGL_302j/LIB_ELF/LIBSGL.A(sglB011.o)
 .text          0x0000000006023360        0x0 /joe/Compiler/COMMON/SGL_302j/LIB_ELF/LIBSGL.A(sglB014.o)
 .text          0x0000000006023360        0x0 /joe/Compiler/COMMON/SGL_302j/LIB_ELF/LIBSGL.A(sglB015.o)
 .text          0x0000000006023360        0x0 /joe/Compiler/COMMON/SGL_302j/LIB_ELF/LIBSGL.A(sglB016.o)
 .text          0x0000000006023360        0x0 /joe/Compiler/COMMON/SGL_302j/LIB_ELF/LIBSGL.A(sglB020.o)
 .text          0x0000000006023360        0x0 /joe/Compiler/COMMON/SGL_302j/LIB_ELF/LIBSGL.A(sglB021.o)
 .text          0x0000000006023360        0x0 /joe/Compiler/COMMON/SGL_302j/LIB_ELF/LIBSGL.A(sglB023.o)
 .text          0x0000000006023360        0x0 /joe/Compiler/COMMON/SGL_302j/LIB_ELF/LIBSGL.A(sglB031.o)
 .text          0x0000000006023360        0x0 /joe/Compiler/COMMON/SGL_302j/LIB_ELF/LIBSGL.A(sglB032.o)
 .text          0x0000000006023360        0x0 /joe/Compiler/COMMON/SGL_302j/LIB_ELF/LIBSGL.A(sglB033.o)
 .text          0x0000000006023360        0x0 /joe/Compiler/COMMON/SGL_302j/LIB_ELF/LIBSGL.A(sglB034.o)
 .text          0x0000000006023360        0x0 /joe/Compiler/COMMON/SGL_302j/LIB_ELF/LIBSGL.A(sglB035.o)
 .text          0x0000000006023360        0x0 /joe/Compiler/COMMON/SGL_302j/LIB_ELF/LIBSGL.A(sglB036.o)
 .text          0x0000000006023360        0x0 /joe/Compiler/COMMON/SGL_302j/LIB_ELF/LIBSGL.A(sglB038.o)
 .text          0x0000000006023360        0x0 /joe/Compiler/COMMON/SGL_302j/LIB_ELF/LIBSGL.A(sglB039.o)
 .text          0x0000000006023360        0x0 /joe/Compiler/COMMON/SGL_302j/LIB_ELF/LIBSGL.A(sglB040.o)
 .text          0x0000000006023360        0x0 /joe/Compiler/COMMON/SGL_302j/LIB_ELF/LIBSGL.A(sglB041.o)
 .text          0x0000000006023360        0x0 /joe/Compiler/COMMON/SGL_302j/LIB_ELF/LIBSGL.A(sglB042.o)
 .text          0x0000000006023360        0x0 /joe/Compiler/COMMON/SGL_302j/LIB_ELF/LIBSGL.A(sglB043.o)
 .text          0x0000000006023360        0x0 /joe/Compiler/COMMON/SGL_302j/LIB_ELF/LIBSGL.A(sglB044.o)
 .text          0x0000000006023360        0x0 /joe/Compiler/COMMON/SGL_302j/LIB_ELF/LIBSGL.A(sglB045.o)
 .text          0x0000000006023360        0x0 /joe/Compiler/COMMON/SGL_302j/LIB_ELF/LIBSGL.A(sglB047.o)
 .text          0x0000000006023360        0x0 /joe/Compiler/COMMON/SGL_302j/LIB_ELF/LIBSGL.A(sglB048.o)
 .text          0x0000000006023360        0x0 /joe/Compiler/COMMON/SGL_302j/LIB_ELF/LIBSGL.A(sglB055.o)
 .text          0x0000000006023360        0x0 /joe/Compiler/COMMON/SGL_302j/LIB_ELF/LIBSGL.A(sglB056.o)
 .text          0x0000000006023360        0x0 /joe/Compiler/COMMON/SGL_302j/LIB_ELF/LIBSGL.A(sglB057.o)
 .text          0x0000000006023360        0x0 /joe/Compiler/COMMON/SGL_302j/LIB_ELF/LIBSGL.A(sglB058.o)
 .text          0x0000000006023360        0x0 /joe/Compiler/COMMON/SGL_302j/LIB_ELF/LIBSGL.A(sglB059.o)
 .text          0x0000000006023360        0x0 /joe/Compiler/COMMON/SGL_302j/LIB_ELF/LIBSGL.A(sglB060.o)
 .text          0x0000000006023360        0x0 /joe/Compiler/COMMON/SGL_302j/LIB_ELF/LIBSGL.A(sglB063.o)
 .text          0x0000000006023360        0x0 /joe/Compiler/COMMON/SGL_302j/LIB_ELF/LIBSGL.A(sglB087.o)
 .text          0x0000000006023360        0x0 /joe/Compiler/COMMON/SGL_302j/LIB_ELF/LIBSGL.A(sglB088.o)
 .text          0x0000000006023360        0x0 /joe/Compiler/COMMON/SGL_302j/LIB_ELF/LIBSGL.A(sglB090.o)
 .text          0x0000000006023360        0x0 /joe/Compiler/COMMON/SGL_302j/LIB_ELF/LIBSGL.A(sglB200.o)
 .text          0x0000000006023360        0x0 /joe/Compiler/COMMON/SGL_302j/LIB_ELF/LIBSGL.A(sglC01.o)
 .text          0x0000000006023360        0x0 /joe/Compiler/COMMON/SGL_302j/LIB_ELF/LIBSGL.A(sglC03.o)
 .text          0x0000000006023360        0x0 /joe/Compiler/COMMON/SGL_302j/LIB_ELF/LIBSGL.A(sglC04.o)
 .text          0x0000000006023360        0x0 /joe/Compiler/COMMON/SGL_302j/LIB_ELF/LIBSGL.A(sglC05.o)
 .text          0x0000000006023360        0x0 /joe/Compiler/COMMON/SGL_302j/LIB_ELF/LIBSGL.A(sglC06.o)
 .text          0x0000000006023360        0x0 /joe/Compiler/COMMON/SGL_302j/LIB_ELF/LIBSGL.A(sglC07.o)
 .text          0x0000000006023360        0x0 /joe/Compiler/COMMON/SGL_302j/LIB_ELF/LIBSGL.A(sglC08.o)
 .text          0x0000000006023360        0x0 /joe/Compiler/COMMON/SGL_302j/LIB_ELF/LIBSGL.A(sglC14.o)
 .text          0x0000000006023360        0x0 /joe/Compiler/COMMON/SGL_302j/LIB_ELF/LIBSGL.A(sglC16.o)
 .text          0x0000000006023360        0x0 /joe/Compiler/COMMON/SGL_302j/LIB_ELF/LIBSGL.A(sglC17.o)
 .text          0x0000000006023360        0x0 /joe/Compiler/COMMON/SGL_302j/LIB_ELF/LIBSGL.A(sglC19.o)
 .text          0x0000000006023360        0x0 /joe/Compiler/COMMON/SGL_302j/LIB_ELF/LIBSGL.A(sglC20.o)
 .text          0x0000000006023360        0x0 /joe/Compiler/COMMON/SGL_302j/LIB_ELF/LIBSGL.A(sglC21.o)
 .text          0x0000000006023360        0x0 /joe/Compiler/COMMON/SGL_302j/LIB_ELF/LIBSGL.A(sglD00.o)
 .text          0x0000000006023360        0x0 /joe/Compiler/COMMON/SGL_302j/LIB_ELF/LIBSGL.A(sglD01.o)
 .text          0x0000000006023360        0x0 /joe/Compiler/COMMON/SGL_302j/LIB_ELF/LIBSGL.A(sglD02.o)
 .text          0x0000000006023360        0x0 /joe/Compiler/COMMON/SGL_302j/LIB_ELF/LIBSGL.A(sglD03.o)
 .text          0x0000000006023360        0x0 /joe/Compiler/COMMON/SGL_302j/LIB_ELF/LIBSGL.A(sglD15.o)
 .text          0x0000000006023360        0x0 /joe/Compiler/COMMON/SGL_302j/LIB_ELF/LIBSGL.A(sglD16.o)
 .text          0x0000000006023360        0x0 /joe/Compiler/COMMON/SGL_302j/LIB_ELF/LIBSGL.A(sglD17.o)
 .text          0x0000000006023360        0x0 /joe/Compiler/COMMON/SGL_302j/LIB_ELF/LIBSGL.A(sglD18.o)
 .text          0x0000000006023360        0x0 /joe/Compiler/COMMON/SGL_302j/LIB_ELF/LIBSGL.A(sglF08.o)
 .text          0x0000000006023360        0x0 /joe/Compiler/COMMON/SGL_302j/LIB_ELF/LIBSGL.A(sglH00.o)
 .text          0x0000000006023360        0x0 /joe/Compiler/COMMON/SGL_302j/LIB_ELF/LIBSGL.A(sglH01.o)
 .text          0x0000000006023360        0x0 /joe/Compiler/COMMON/SGL_302j/LIB_ELF/LIBSGL.A(sglH02.o)
 .text          0x0000000006023360        0x0 /joe/Compiler/COMMON/SGL_302j/LIB_ELF/LIBSGL.A(sglH04.o)
 .text          0x0000000006023360        0x0 /joe/Compiler/COMMON/SGL_302j/LIB_ELF/LIBSGL.A(sglI01.o)
 .text          0x0000000006023360        0x0 /joe/Compiler/COMMON/SGL_302j/LIB_ELF/LIBSGL.A(sglI04.o)
 .text          0x0000000006023360      0x128 /joe/Compiler/COMMON/SGL_302j/LIB_ELF/LIBSGL.A(sglIc0.o)
                0x0000000006023360                slInitSystem
 *fill*         0x0000000006023488        0x8 
 .text          0x0000000006023490        0x0 /joe/Compiler/COMMON/SGL_302j/LIB_ELF/LIBSGL.A(sglJ00.o)
 .text          0x0000000006023490        0x0 /joe/Compiler/COMMON/SGL_302j/LIB_ELF/LIBSGL.A(sglJ01.o)
 .text          0x0000000006023490        0x0 /joe/Compiler/COMMON/SGL_302j/LIB_ELF/LIBSGL.A(sglJ02.o)
 .text          0x0000000006023490        0x0 /joe/Compiler/COMMON/SGL_302j/LIB_ELF/LIBSGL.A(sglJ03.o)
 .text          0x0000000006023490        0x0 /joe/Compiler/COMMON/SGL_302j/LIB_ELF/LIBSGL.A(sglJ04.o)
 .text          0x0000000006023490        0x0 /joe/Compiler/COMMON/SGL_302j/LIB_ELF/LIBSGL.A(sglJ05.o)
 .text          0x0000000006023490        0x0 /joe/Compiler/COMMON/SGL_302j/LIB_ELF/LIBSGL.A(sglK01.o)
 .text          0x0000000006023490        0x0 /joe/Compiler/COMMON/SGL_302j/LIB_ELF/LIBSGL.A(sglM00.o)
 .text          0x0000000006023490        0x0 /joe/Compiler/COMMON/SGL_302j/LIB_ELF/LIBSGL.A(sglM01.o)
 .text          0x0000000006023490        0x0 /joe/Compiler/COMMON/SGL_302j/LIB_ELF/LIBSGL.A(sglA00.o)
 .text          0x0000000006023490        0x0 /joe/Compiler/COMMON/SGL_302j/LIB_ELF/LIBSGL.A(sglA03.o)
 .text          0x0000000006023490        0x0 /joe/Compiler/COMMON/SGL_302j/LIB_ELF/LIBSGL.A(sglA10.o)
 .text          0x0000000006023490        0x0 /joe/Compiler/COMMON/SGL_302j/LIB_ELF/LIBSGL.A(sglA24.o)
 .text          0x0000000006023490        0x0 /joe/Compiler/COMMON/SGL_302j/LIB_ELF/LIBSGL.A(sglA25.o)
 .text          0x0000000006023490        0x0 /joe/Compiler/COMMON/SGL_302j/LIB_ELF/LIBSGL.A(sglB000.o)
 .text          0x0000000006023490        0x0 /joe/Compiler/COMMON/SGL_302j/LIB_ELF/LIBSGL.A(sglC00.o)
 .text          0x0000000006023490        0x0 /joe/Compiler/COMMON/SGL_302j/LIB_ELF/LIBSGL.A(sglC13.o)
 .text          0x0000000006023490        0x0 /joe/Compiler/COMMON/SGL_302j/LIB_ELF/LIBSGL.A(sglD19.o)
 .text          0x0000000006023490        0x0 /joe/Compiler/COMMON/SGL_302j/LIB_ELF/LIBSGL.A(sglI00.o)
 .text          0x0000000006023490        0x0 /joe/Compiler/COMMON/SGL_302j/LIB_ELF/LIBSGL.A(sglH03.o)
 .text          0x0000000006023490       0x52 /joe/Compiler/LINUX/bin/../lib/gcc/sh-none-elf/8.2.0/libgcc.a(_ashiftrt.o)
                0x0000000006023490                __ashiftrt_r4_31
                0x0000000006023490                __ashiftrt_r4_32
                0x0000000006023496                __ashiftrt_r4_30
                0x0000000006023498                __ashiftrt_r4_29
                0x000000000602349a                __ashiftrt_r4_28
                0x000000000602349c                __ashiftrt_r4_27
                0x000000000602349e                __ashiftrt_r4_26
                0x00000000060234a0                __ashiftrt_r4_25
                0x00000000060234a2                __ashiftrt_r4_24
                0x00000000060234aa                __ashiftrt_r4_23
                0x00000000060234ac                __ashiftrt_r4_22
                0x00000000060234ae                __ashiftrt_r4_21
                0x00000000060234b0                __ashiftrt_r4_20
                0x00000000060234b2                __ashiftrt_r4_19
                0x00000000060234b4                __ashiftrt_r4_18
                0x00000000060234b6                __ashiftrt_r4_17
                0x00000000060234b8                __ashiftrt_r4_16
                0x00000000060234be                __ashiftrt_r4_15
                0x00000000060234c0                __ashiftrt_r4_14
                0x00000000060234c2                __ashiftrt_r4_13
                0x00000000060234c4                __ashiftrt_r4_12
                0x00000000060234c6                __ashiftrt_r4_11
                0x00000000060234c8                __ashiftrt_r4_10
                0x00000000060234ca                __ashiftrt_r4_9
                0x00000000060234cc                __ashiftrt_r4_8
                0x00000000060234ce                __ashiftrt_r4_7
                0x00000000060234d0                __ashiftrt_r4_6
                0x00000000060234d2                __ashiftrt_r4_5
                0x00000000060234d4                __ashiftrt_r4_4
                0x00000000060234d6                __ashiftrt_r4_3
                0x00000000060234d8                __ashiftrt_r4_2
                0x00000000060234da                __ashiftrt_r4_1
                0x00000000060234de                __ashiftrt_r4_0
 *fill*         0x00000000060234e2        0x2 
 .text          0x00000000060234e4       0xa0 /joe/Compiler/LINUX/bin/../lib/gcc/sh-none-elf/8.2.0/libgcc.a(_sdivsi3.o)
                0x00000000060234e4                __sdivsi3
 .text          0x0000000006023584       0x6c /joe/Compiler/LINUX/bin/../lib/gcc/sh-none-elf/8.2.0/libgcc.a(_udivsi3.o)
                0x00000000060235a6                __udivsi3
 .text          0x00000000060235f0      0x210 /joe/Compiler/LINUX/bin/../lib/gcc/sh-none-elf/8.2.0/libgcc.a(_addsub_sf.o)
                0x0000000006023764                __addsf3
                0x00000000060237b0                __subsf3
 .text          0x0000000006023800      0x134 /joe/Compiler/LINUX/bin/../lib/gcc/sh-none-elf/8.2.0/libgcc.a(_mul_sf.o)
                0x0000000006023800                __mulsf3
 .text          0x0000000006023934       0xdc /joe/Compiler/LINUX/bin/../lib/gcc/sh-none-elf/8.2.0/libgcc.a(_div_sf.o)
                0x0000000006023934                __divsf3
 .text          0x0000000006023a10       0x54 /joe/Compiler/LINUX/bin/../lib/gcc/sh-none-elf/8.2.0/libgcc.a(_eq_sf.o)
                0x0000000006023a10                __eqsf2
 .text          0x0000000006023a64       0x54 /joe/Compiler/LINUX/bin/../lib/gcc/sh-none-elf/8.2.0/libgcc.a(_ne_sf.o)
                0x0000000006023a64                __nesf2
 .text          0x0000000006023ab8       0x4c /joe/Compiler/LINUX/bin/../lib/gcc/sh-none-elf/8.2.0/libgcc.a(_gt_sf.o)
                0x0000000006023ab8                __gtsf2
 .text          0x0000000006023b04       0x4c /joe/Compiler/LINUX/bin/../lib/gcc/sh-none-elf/8.2.0/libgcc.a(_ge_sf.o)
                0x0000000006023b04                __gesf2
 .text          0x0000000006023b50       0x54 /joe/Compiler/LINUX/bin/../lib/gcc/sh-none-elf/8.2.0/libgcc.a(_lt_sf.o)
                0x0000000006023b50                __ltsf2
 .text          0x0000000006023ba4       0x54 /joe/Compiler/LINUX/bin/../lib/gcc/sh-none-elf/8.2.0/libgcc.a(_le_sf.o)
                0x0000000006023ba4                __lesf2
 .text          0x0000000006023bf8       0x84 /joe/Compiler/LINUX/bin/../lib/gcc/sh-none-elf/8.2.0/libgcc.a(_si_to_sf.o)
                0x0000000006023bf8                __floatsisf
 .text          0x0000000006023c7c       0x7c /joe/Compiler/LINUX/bin/../lib/gcc/sh-none-elf/8.2.0/libgcc.a(_sf_to_si.o)
                0x0000000006023c7c                __fixsfsi
 .text          0x0000000006023cf8       0x3c /joe/Compiler/LINUX/bin/../lib/gcc/sh-none-elf/8.2.0/libgcc.a(_sf_to_df.o)
                0x0000000006023cf8                __extendsfdf2
 .text          0x0000000006023d34        0x0 /joe/Compiler/LINUX/bin/../lib/gcc/sh-none-elf/8.2.0/libgcc.a(_thenan_sf.o)
 .text          0x0000000006023d34       0x94 /joe/Compiler/LINUX/bin/../lib/gcc/sh-none-elf/8.2.0/libgcc.a(_usi_to_sf.o)
                0x0000000006023d34                __floatunsisf
 .text          0x0000000006023dc8       0x28 /joe/Compiler/LINUX/bin/../lib/gcc/sh-none-elf/8.2.0/libgcc.a(_make_df.o)
                0x0000000006023dc8                __make_dp
 .text          0x0000000006023df0       0x4c /joe/Compiler/LINUX/bin/../lib/gcc/sh-none-elf/8.2.0/libgcc.a(_df_to_sf.o)
                0x0000000006023df0                __truncdfsf2
 .text          0x0000000006023e3c      0x114 /joe/Compiler/LINUX/bin/../lib/gcc/sh-none-elf/8.2.0/libgcc.a(_pack_sf.o)
                0x0000000006023e3c                __pack_f
 .text          0x0000000006023f50       0xa0 /joe/Compiler/LINUX/bin/../lib/gcc/sh-none-elf/8.2.0/libgcc.a(_unpack_sf.o)
                0x0000000006023f50                __unpack_f
 .text          0x0000000006023ff0       0xa8 /joe/Compiler/LINUX/bin/../lib/gcc/sh-none-elf/8.2.0/libgcc.a(_fpcmp_parts_sf.o)
                0x0000000006023ff0                __fpcmp_parts_f
 .text          0x0000000006024098       0x20 /joe/Compiler/LINUX/bin/../lib/gcc/sh-none-elf/8.2.0/libgcc.a(_make_sf.o)
                0x0000000006024098                __make_fp
 .text          0x00000000060240b8        0x0 /joe/Compiler/LINUX/bin/../lib/gcc/sh-none-elf/8.2.0/../../../../sh-none-elf/lib/libc.a(lib_a-impure.o)
 .text          0x00000000060240b8       0x1e /joe/Compiler/LINUX/bin/../lib/gcc/sh-none-elf/8.2.0/../../../../sh-none-elf/lib/libc.a(lib_a-memcmp.o)
                0x00000000060240b8                memcmp
 *fill*         0x00000000060240d6        0x2 
 .text          0x00000000060240d8       0x94 /joe/Compiler/LINUX/bin/../lib/gcc/sh-none-elf/8.2.0/../../../../sh-none-elf/lib/libc.a(lib_a-memcpy.o)
                0x00000000060240d8                memcpy
 .text          0x000000000602416c       0x40 /joe/Compiler/LINUX/bin/../lib/gcc/sh-none-elf/8.2.0/../../../../sh-none-elf/lib/libc.a(lib_a-memset.o)
                0x000000000602416c                memset
 .text          0x00000000060241ac       0x58 /joe/Compiler/LINUX/bin/../lib/gcc/sh-none-elf/8.2.0/../../../../sh-none-elf/lib/libc.a(lib_a-rand.o)
                0x00000000060241ac                srand
                0x00000000060241c0                rand
 .text          0x0000000006024204       0x60 /joe/Compiler/LINUX/bin/../lib/gcc/sh-none-elf/8.2.0/../../../../sh-none-elf/lib/libc.a(lib_a-rget.o)
                0x0000000006024204                __srget_r
                0x0000000006024250                __srget
 .text          0x0000000006024264       0x8c /joe/Compiler/LINUX/bin/../lib/gcc/sh-none-elf/8.2.0/../../../../sh-none-elf/lib/libc.a(lib_a-sprintf.o)
                0x0000000006024264                _sprintf_r
                0x00000000060242a4                sprintf
 .text          0x00000000060242f0       0x22 /joe/Compiler/LINUX/bin/../lib/gcc/sh-none-elf/8.2.0/../../../../sh-none-elf/lib/libc.a(lib_a-strcat.o)
                0x00000000060242f0                strcat
 *fill*         0x0000000006024312        0x2 
 .text          0x0000000006024314       0x38 /joe/Compiler/LINUX/bin/../lib/gcc/sh-none-elf/8.2.0/../../../../sh-none-elf/lib/libc.a(lib_a-strcmp.o)
                0x0000000006024314                strcmp
 .text          0x000000000602434c       0x3c /joe/Compiler/LINUX/bin/../lib/gcc/sh-none-elf/8.2.0/../../../../sh-none-elf/lib/libc.a(lib_a-strcpy.o)
                0x000000000602434c                strcpy
 .text          0x0000000006024388       0x20 /joe/Compiler/LINUX/bin/../lib/gcc/sh-none-elf/8.2.0/../../../../sh-none-elf/lib/libc.a(lib_a-strlen.o)
                0x0000000006024388                strlen
 .text          0x00000000060243a8       0x2a /joe/Compiler/LINUX/bin/../lib/gcc/sh-none-elf/8.2.0/../../../../sh-none-elf/lib/libc.a(lib_a-strncmp.o)
                0x00000000060243a8                strncmp
 .text          0x00000000060243d2       0x32 /joe/Compiler/LINUX/bin/../lib/gcc/sh-none-elf/8.2.0/../../../../sh-none-elf/lib/libc.a(lib_a-strncpy.o)
                0x00000000060243d2                strncpy
 .text          0x0000000006024404       0x36 /joe/Compiler/LINUX/bin/../lib/gcc/sh-none-elf/8.2.0/../../../../sh-none-elf/lib/libc.a(lib_a-strstr.o)
                0x0000000006024404                strstr
 *fill*         0x000000000602443a        0x2 
 .text          0x000000000602443c     0x1378 /joe/Compiler/LINUX/bin/../lib/gcc/sh-none-elf/8.2.0/../../../../sh-none-elf/lib/libc.a(lib_a-svfprintf.o)
                0x000000000602443c                _svfprintf_r
 .text          0x00000000060257b4       0xdc /joe/Compiler/LINUX/bin/../lib/gcc/sh-none-elf/8.2.0/../../../../sh-none-elf/lib/libc.a(lib_a-wbuf.o)
                0x00000000060257b4                __swbuf_r
                0x000000000602587c                __swbuf
 .text          0x0000000006025890       0xcc /joe/Compiler/LINUX/bin/../lib/gcc/sh-none-elf/8.2.0/../../../../sh-none-elf/lib/libc.a(lib_a-wsetup.o)
                0x0000000006025890                __swsetup_r
 .text          0x000000000602595c      0xef4 /joe/Compiler/LINUX/bin/../lib/gcc/sh-none-elf/8.2.0/../../../../sh-none-elf/lib/libc.a(lib_a-dtoa.o)
                0x0000000006025a90                _dtoa_r
 .text          0x0000000006026850      0x1a8 /joe/Compiler/LINUX/bin/../lib/gcc/sh-none-elf/8.2.0/../../../../sh-none-elf/lib/libc.a(lib_a-fflush.o)
                0x0000000006026850                __sflush_r
                0x0000000006026990                _fflush_r
                0x00000000060269d0                fflush
 .text          0x00000000060269f8      0x218 /joe/Compiler/LINUX/bin/../lib/gcc/sh-none-elf/8.2.0/../../../../sh-none-elf/lib/libc.a(lib_a-findfp.o)
                0x0000000006026a54                _cleanup_r
                0x0000000006026a68                __sfmoreglue
                0x0000000006026ab4                _cleanup
                0x0000000006026ac8                __sinit
                0x0000000006026b1c                __sfp
                0x0000000006026bd0                __sfp_lock_acquire
                0x0000000006026bd4                __sfp_lock_release
                0x0000000006026bd8                __sinit_lock_acquire
                0x0000000006026bdc                __sinit_lock_release
                0x0000000006026be0                __fp_lock_all
                0x0000000006026bf8                __fp_unlock_all
 .text          0x0000000006026c10       0xb4 /joe/Compiler/LINUX/bin/../lib/gcc/sh-none-elf/8.2.0/../../../../sh-none-elf/lib/libc.a(lib_a-fwalk.o)
                0x0000000006026c10                _fwalk
                0x0000000006026c66                _fwalk_reent
 .text          0x0000000006026cc4       0x40 /joe/Compiler/LINUX/bin/../lib/gcc/sh-none-elf/8.2.0/../../../../sh-none-elf/lib/libc.a(lib_a-localeconv.o)
                0x0000000006026cc4                __localeconv_l
                0x0000000006026ccc                _localeconv_r
                0x0000000006026ce8                localeconv
 .text          0x0000000006026d04       0xa8 /joe/Compiler/LINUX/bin/../lib/gcc/sh-none-elf/8.2.0/../../../../sh-none-elf/lib/libc.a(lib_a-locale.o)
                0x0000000006026d04                _setlocale_r
                0x0000000006026d50                __locale_mb_cur_max
                0x0000000006026d70                __locale_ctype_ptr_l
                0x0000000006026d7a                __locale_ctype_ptr
                0x0000000006026d98                setlocale
 .text          0x0000000006026dac      0x110 /joe/Compiler/LINUX/bin/../lib/gcc/sh-none-elf/8.2.0/../../../../sh-none-elf/lib/libc.a(lib_a-makebuf.o)
                0x0000000006026dac                __swhatbuf_r
                0x0000000006026e10                __smakebuf_r
 .text          0x0000000006026ebc       0x4c /joe/Compiler/LINUX/bin/../lib/gcc/sh-none-elf/8.2.0/../../../../sh-none-elf/lib/libc.a(lib_a-mbtowc_r.o)
                0x0000000006026ebc                _mbtowc_r
                0x0000000006026ee0                __ascii_mbtowc
 .text          0x0000000006026f08       0x1c /joe/Compiler/LINUX/bin/../lib/gcc/sh-none-elf/8.2.0/../../../../sh-none-elf/lib/libc.a(lib_a-memchr.o)
                0x0000000006026f08                memchr
 .text          0x0000000006026f24      0xa9c /joe/Compiler/LINUX/bin/../lib/gcc/sh-none-elf/8.2.0/../../../../sh-none-elf/lib/libc.a(lib_a-mprec.o)
                0x0000000006026f24                _Balloc
                0x0000000006026f98                _Bfree
                0x0000000006026fb0                __multadd
                0x0000000006027058                __s2b
                0x0000000006027118                __hi0bits
                0x000000000602716c                __lo0bits
                0x00000000060271d0                __i2b
                0x00000000060271ec                __multiply
                0x0000000006027330                __pow5mult
                0x00000000060273ec                __lshift
                0x00000000060274e0                __mcmp
                0x0000000006027518                __mdiff
                0x00000000060275f4                __ulp
                0x0000000006027660                __b2d
                0x0000000006027748                __d2b
                0x0000000006027834                __ratio
                0x00000000060278b8                _mprec_log10
                0x0000000006027910                __copybits
                0x0000000006027954                __any_on
 .text          0x00000000060279c0      0x14c /joe/Compiler/LINUX/bin/../lib/gcc/sh-none-elf/8.2.0/../../../../sh-none-elf/lib/libc.a(lib_a-refill.o)
                0x00000000060279d8                __srefill_r
 .text          0x0000000006027b0c       0xe0 /joe/Compiler/LINUX/bin/../lib/gcc/sh-none-elf/8.2.0/../../../../sh-none-elf/lib/libc.a(lib_a-stdio.o)
                0x0000000006027b0c                __sread
                0x0000000006027b48                __seofread
                0x0000000006027b4c                __swrite
                0x0000000006027b9c                __sseek
                0x0000000006027bdc                __sclose
 .text          0x0000000006027bec      0xa60 /joe/Compiler/LINUX/bin/../lib/gcc/sh-none-elf/8.2.0/../../../../sh-none-elf/lib/libc.a(lib_a-svfiprintf.o)
                0x0000000006027bec                __ssprint_r
                0x0000000006027d20                _svfiprintf_r
 .text          0x000000000602864c       0x40 /joe/Compiler/LINUX/bin/../lib/gcc/sh-none-elf/8.2.0/../../../../sh-none-elf/lib/libc.a(lib_a-wctomb_r.o)
                0x000000000602864c                _wctomb_r
                0x000000000602866c                __ascii_wctomb
 .text          0x000000000602868c       0x34 /joe/Compiler/LINUX/bin/../lib/gcc/sh-none-elf/8.2.0/../../../../sh-none-elf/lib/libc.a(lib_a-writer.o)
                0x000000000602868c                _write_r
 .text          0x00000000060286c0       0x30 /joe/Compiler/LINUX/bin/../lib/gcc/sh-none-elf/8.2.0/../../../../sh-none-elf/lib/libc.a(lib_a-closer.o)
                0x00000000060286c0                _close_r
 .text          0x00000000060286f0        0x0 /joe/Compiler/LINUX/bin/../lib/gcc/sh-none-elf/8.2.0/../../../../sh-none-elf/lib/libc.a(lib_a-ctype_.o)
 .text          0x00000000060286f0       0xc8 /joe/Compiler/LINUX/bin/../lib/gcc/sh-none-elf/8.2.0/../../../../sh-none-elf/lib/libc.a(lib_a-fclose.o)
                0x00000000060286f0                _fclose_r
                0x00000000060287a4                fclose
 .text          0x00000000060287b8       0x34 /joe/Compiler/LINUX/bin/../lib/gcc/sh-none-elf/8.2.0/../../../../sh-none-elf/lib/libc.a(lib_a-fstatr.o)
                0x00000000060287b8                _fstat_r
 .text          0x00000000060287ec       0x30 /joe/Compiler/LINUX/bin/../lib/gcc/sh-none-elf/8.2.0/../../../../sh-none-elf/lib/libc.a(lib_a-isattyr.o)
                0x00000000060287ec                _isatty_r
 .text          0x000000000602881c       0x34 /joe/Compiler/LINUX/bin/../lib/gcc/sh-none-elf/8.2.0/../../../../sh-none-elf/lib/libc.a(lib_a-lseekr.o)
                0x000000000602881c                _lseek_r
 .text          0x0000000006028850       0x3c /joe/Compiler/LINUX/bin/../lib/gcc/sh-none-elf/8.2.0/../../../../sh-none-elf/lib/libc.a(lib_a-memmove.o)
                0x0000000006028850                memmove
 .text          0x000000000602888c       0x34 /joe/Compiler/LINUX/bin/../lib/gcc/sh-none-elf/8.2.0/../../../../sh-none-elf/lib/libc.a(lib_a-readr.o)
                0x000000000602888c                _read_r
 .text          0x00000000060288c0      0x100 /joe/Compiler/LINUX/bin/../lib/gcc/sh-none-elf/8.2.0/../../../../sh-none-elf/lib/libc.a(lib_a-reent.o)
                0x00000000060288c0                cleanup_glue
                0x00000000060288ec                _reclaim_reent
 .text          0x00000000060289c0      0x25c /joe/Compiler/LINUX/bin/../lib/gcc/sh-none-elf/8.2.0/../../../../sh-none-elf/lib/libc.a(lib_a-syscalls.o)
                0x0000000006028a38                _read
                0x0000000006028a48                _lseek
                0x0000000006028a58                _write
                0x0000000006028a68                _close
                0x0000000006028a78                _link
                0x0000000006028a7c                _sbrk
                0x0000000006028ad4                _fstat
                0x0000000006028ade                _open
                0x0000000006028af0                _creat
                0x0000000006028b00                _unlink
                0x0000000006028b04                isatty
                0x0000000006028b08                _isatty
                0x0000000006028b0c                _exit
                0x0000000006028b1c                _kill
                0x0000000006028b30                _getpid
                0x0000000006028b34                _raise
                0x0000000006028b38                _stat
                0x0000000006028b48                _chmod
                0x0000000006028b58                _chown
                0x0000000006028b68                _utime
                0x0000000006028b7c                _fork
                0x0000000006028b88                _wait
                0x0000000006028b98                _execve
                0x0000000006028ba8                _execv
                0x0000000006028bb8                _pipe
                0x0000000006028bc4                _times
                0x0000000006028bc8                _gettimeofday
                0x0000000006028bf0                __setup_argv_and_call_main
 .text          0x0000000006028c1c       0x14 /joe/Compiler/LINUX/bin/../lib/gcc/sh-none-elf/8.2.0/../../../../sh-none-elf/lib/libc.a(lib_a-trap.o)
                0x0000000006028c1c                __trap34
 .text          0x0000000006028c30       0x18 /joe/Compiler/LINUX/bin/../lib/gcc/sh-none-elf/8.2.0/../../../../sh-none-elf/lib/libc.a(lib_a-abort.o)
                0x0000000006028c30                abort
 .text          0x0000000006028c48      0x1b0 /joe/Compiler/LINUX/bin/../lib/gcc/sh-none-elf/8.2.0/../../../../sh-none-elf/lib/libc.a(lib_a-signal.o)
                0x0000000006028c48                _init_signal_r
                0x0000000006028c84                _signal_r
                0x0000000006028cd0                _raise_r
                0x0000000006028d48                __sigtramp_r
                0x0000000006028dac                raise
                0x0000000006028dc0                signal
                0x0000000006028dd4                _init_signal
                0x0000000006028de4                __sigtramp
 .text          0x0000000006028df8       0x40 /joe/Compiler/LINUX/bin/../lib/gcc/sh-none-elf/8.2.0/../../../../sh-none-elf/lib/libc.a(lib_a-signalr.o)
                0x0000000006028df8                _kill_r
                0x0000000006028e2c                _getpid_r
 .text          0x0000000006028e38       0x80 /joe/Compiler/LINUX/bin/../lib/gcc/sh-none-elf/8.2.0/libgcc.a(_ashiftrt_n.o)
                0x0000000006028e38                __ashrsi3
 .text          0x0000000006028eb8       0xbc /joe/Compiler/LINUX/bin/../lib/gcc/sh-none-elf/8.2.0/libgcc.a(_ashiftlt.o)
                0x0000000006028eb8                __ashlsi3
                0x0000000006028ebc                __ashlsi3_r0
 .text          0x0000000006028f74       0xbc /joe/Compiler/LINUX/bin/../lib/gcc/sh-none-elf/8.2.0/libgcc.a(_lshiftrt.o)
                0x0000000006028f74                __lshrsi3
                0x0000000006028f78                __lshrsi3_r0
 .text          0x0000000006029030      0x258 /joe/Compiler/LINUX/bin/../lib/gcc/sh-none-elf/8.2.0/libgcc.a(_udivdi3.o)
                0x0000000006029030                __udivdi3
 .text          0x0000000006029288      0x2bc /joe/Compiler/LINUX/bin/../lib/gcc/sh-none-elf/8.2.0/libgcc.a(_umoddi3.o)
                0x0000000006029288                __umoddi3
 .text          0x0000000006029544      0x3b4 /joe/Compiler/LINUX/bin/../lib/gcc/sh-none-elf/8.2.0/libgcc.a(_addsub_df.o)
                0x0000000006029854                __adddf3
                0x00000000060298a4                __subdf3
 .text          0x00000000060298f8      0x208 /joe/Compiler/LINUX/bin/../lib/gcc/sh-none-elf/8.2.0/libgcc.a(_mul_df.o)
                0x00000000060298f8                __muldf3
 .text          0x0000000006029b00      0x130 /joe/Compiler/LINUX/bin/../lib/gcc/sh-none-elf/8.2.0/libgcc.a(_div_df.o)
                0x0000000006029b00                __divdf3
 .text          0x0000000006029c30       0x58 /joe/Compiler/LINUX/bin/../lib/gcc/sh-none-elf/8.2.0/libgcc.a(_eq_df.o)
                0x0000000006029c30                __eqdf2
 .text          0x0000000006029c88       0x58 /joe/Compiler/LINUX/bin/../lib/gcc/sh-none-elf/8.2.0/libgcc.a(_ne_df.o)
                0x0000000006029c88                __nedf2
 .text          0x0000000006029ce0       0x50 /joe/Compiler/LINUX/bin/../lib/gcc/sh-none-elf/8.2.0/libgcc.a(_gt_df.o)
                0x0000000006029ce0                __gtdf2
 .text          0x0000000006029d30       0x50 /joe/Compiler/LINUX/bin/../lib/gcc/sh-none-elf/8.2.0/libgcc.a(_ge_df.o)
                0x0000000006029d30                __gedf2
 .text          0x0000000006029d80       0x58 /joe/Compiler/LINUX/bin/../lib/gcc/sh-none-elf/8.2.0/libgcc.a(_lt_df.o)
                0x0000000006029d80                __ltdf2
 .text          0x0000000006029dd8       0x58 /joe/Compiler/LINUX/bin/../lib/gcc/sh-none-elf/8.2.0/libgcc.a(_le_df.o)
                0x0000000006029dd8                __ledf2
 .text          0x0000000006029e30       0x40 /joe/Compiler/LINUX/bin/../lib/gcc/sh-none-elf/8.2.0/libgcc.a(_unord_df.o)
                0x0000000006029e30                __unorddf2
 .text          0x0000000006029e70       0xa8 /joe/Compiler/LINUX/bin/../lib/gcc/sh-none-elf/8.2.0/libgcc.a(_si_to_df.o)
                0x0000000006029e70                __floatsidf
 .text          0x0000000006029f18       0xa4 /joe/Compiler/LINUX/bin/../lib/gcc/sh-none-elf/8.2.0/libgcc.a(_df_to_si.o)
                0x0000000006029f18                __fixdfsi
 .text          0x0000000006029fbc        0x0 /joe/Compiler/LINUX/bin/../lib/gcc/sh-none-elf/8.2.0/libgcc.a(_thenan_df.o)
 .text          0x0000000006029fbc       0x88 /joe/Compiler/LINUX/bin/../lib/gcc/sh-none-elf/8.2.0/libgcc.a(_usi_to_df.o)
                0x0000000006029fbc                __floatunsidf
 *fill*         0x000000000602a044        0x4 
 .text          0x000000000602a048       0x60 /joe/Compiler/LINUX/bin/../lib/gcc/sh-none-elf/8.2.0/libgcc.a(_udiv_qrnnd_16.o)
                0x000000000602a048                __udiv_qrnnd_16
 .text          0x000000000602a0a8        0x0 /joe/Compiler/LINUX/bin/../lib/gcc/sh-none-elf/8.2.0/libgcc.a(_clz.o)
 .text          0x000000000602a0a8       0x58 /joe/Compiler/LINUX/bin/../lib/gcc/sh-none-elf/8.2.0/libgcc.a(_clzsi2.o)
                0x000000000602a0a8                __clzsi2
 .text          0x000000000602a100      0x25c /joe/Compiler/LINUX/bin/../lib/gcc/sh-none-elf/8.2.0/libgcc.a(_pack_df.o)
                0x000000000602a100                __pack_d
 .text          0x000000000602a35c       0xcc /joe/Compiler/LINUX/bin/../lib/gcc/sh-none-elf/8.2.0/libgcc.a(_unpack_df.o)
                0x000000000602a35c                __unpack_d
 .text          0x000000000602a428       0xc8 /joe/Compiler/LINUX/bin/../lib/gcc/sh-none-elf/8.2.0/libgcc.a(_fpcmp_parts_df.o)
                0x000000000602a428                __fpcmp_parts_d
 *(.strings)
 *(SEGA_P)
 *(.eh_frame_hdr)
 *(.eh_frame)
 .eh_frame      0x000000000602a4f0       0xa8 /joe/Compiler/LINUX/bin/../lib/gcc/sh-none-elf/8.2.0/libgcc.a(_udivdi3.o)
 .eh_frame      0x000000000602a598       0xdc /joe/Compiler/LINUX/bin/../lib/gcc/sh-none-elf/8.2.0/libgcc.a(_umoddi3.o)
                0x000000000602a674                __etext = .

.text.startup   0x000000000602a680      0xc20
 .text.startup  0x000000000602a680      0xc14 /tmp/ccrGYq6z.ltrans0.ltrans.o
                0x000000000602a680                main

SLPROG          0x000000000602b2a0    0x158a0
                0x000000000602b2a0                __slprog_start = .
 *(SLPROG)
 SLPROG         0x000000000602b2a0     0x6540 /joe/Compiler/COMMON/SGL_302j/LIB_ELF/SGLAREA.O
                0x000000000602b2a0                MasterStack
                0x000000000602b2a4                SlaveStack
                0x000000000602b2a8                MaxVertices
                0x000000000602b2aa                MaxPolygons
                0x000000000602b2ac                SortList
                0x000000000602b2b0                SortListSize
                0x000000000602b2b4                TransList
                0x000000000602b2b8                Zbuffer
                0x000000000602b2bc                SpriteBuf
                0x000000000602b2c0                SpriteBufSize
                0x000000000602b2c4                Pbuffer
                0x000000000602b2c8                CommandBuf
                0x000000000602b2cc                CLOfstBuf
                0x000000000602b2d0                PCM_Work
                0x000000000602b2d4                PCM_WkSize
                0x000000000602b2d8                MaxEvents
                0x000000000602b2da                EventSize
                0x000000000602b2dc                MaxWorks
                0x000000000602b2de                WorkSize
                0x000000000602b2e0                RemainEvent
                0x000000000602b3e0                RemainWork
                0x000000000602b7e0                EventBuf
                0x000000000602d7e0                WorkBuf
 SLPROG         0x00000000060317e0     0x411e /joe/Compiler/COMMON/SGL_302j/LIB_ELF/LIBSGL.A(sglA01.o)
                0x00000000060317e0                slSin
                0x0000000006031804                slCos
                0x0000000006031828                GetSinCos
                0x00000000060318bc                sin_cos_index_tbl
                0x00000000060318fc                sin_tbl
 *fill*         0x00000000060358fe        0x2 
 SLPROG         0x0000000006035900       0x18 /joe/Compiler/COMMON/SGL_302j/LIB_ELF/LIBSGL.A(sglA15.o)
                0x0000000006035900                slSlaveFunc
 *fill*         0x0000000006035918        0x8 
 SLPROG         0x0000000006035920       0xd0 /joe/Compiler/COMMON/SGL_302j/LIB_ELF/LIBSGL.A(sglA16.o)
                0x0000000006035920                slLookAt
 SLPROG         0x00000000060359f0       0x78 /joe/Compiler/COMMON/SGL_302j/LIB_ELF/LIBSGL.A(sglA17.o)
                0x00000000060359f0                slRotZ
                0x00000000060359fa                slRotZSC
 *fill*         0x0000000006035a68        0x8 
 SLPROG         0x0000000006035a70       0x78 /joe/Compiler/COMMON/SGL_302j/LIB_ELF/LIBSGL.A(sglA18.o)
                0x0000000006035a70                slRotY
                0x0000000006035a7a                slRotYSC
 *fill*         0x0000000006035ae8        0x8 
 SLPROG         0x0000000006035af0       0x78 /joe/Compiler/COMMON/SGL_302j/LIB_ELF/LIBSGL.A(sglA19.o)
                0x0000000006035af0                slRotX
                0x0000000006035afa                slRotXSC
 *fill*         0x0000000006035b68        0x8 
 SLPROG         0x0000000006035b70      0x42c /joe/Compiler/COMMON/SGL_302j/LIB_ELF/LIBSGL.A(sglA20.o)
                0x0000000006035b70                slInitMatrix
                0x0000000006035b7a                slPushUnitMatrix
                0x0000000006035b8e                slUnitMatrix
 *fill*         0x0000000006035f9c        0x4 
 SLPROG         0x0000000006035fa0       0x48 /joe/Compiler/COMMON/SGL_302j/LIB_ELF/LIBSGL.A(sglA21.o)
                0x0000000006035fa0                slPushMatrix
                0x0000000006035fd4                slPopMatrix
                0x0000000006035fd4                slDecMatrixPtr
 *fill*         0x0000000006035fe8        0x8 
 SLPROG         0x0000000006035ff0       0x50 /joe/Compiler/COMMON/SGL_302j/LIB_ELF/LIBSGL.A(sglA27.o)
                0x0000000006035ff0                slTranslate
 SLPROG         0x0000000006036040       0x70 /joe/Compiler/COMMON/SGL_302j/LIB_ELF/LIBSGL.A(sglA28.o)
                0x0000000006036040                slScale
 SLPROG         0x00000000060360b0       0x22 /joe/Compiler/COMMON/SGL_302j/LIB_ELF/LIBSGL.A(sglA40.o)
                0x00000000060360b0                slCalcVector
 *fill*         0x00000000060360d2        0xe 
 SLPROG         0x00000000060360e0       0x20 /joe/Compiler/COMMON/SGL_302j/LIB_ELF/LIBSGL.A(sglB001.o)
                0x00000000060360e0                slTVOn
                0x00000000060360ea                slTVOff
 SLPROG         0x0000000006036100       0x24 /joe/Compiler/COMMON/SGL_302j/LIB_ELF/LIBSGL.A(sglB011.o)
                0x0000000006036100                slBitMapNbg1
 *fill*         0x0000000006036124        0xc 
 SLPROG         0x0000000006036130        0x8 /joe/Compiler/COMMON/SGL_302j/LIB_ELF/LIBSGL.A(sglB014.o)
                0x0000000006036130                slScrTransparent
 *fill*         0x0000000006036138        0x8 
 SLPROG         0x0000000006036140      0x40c /joe/Compiler/COMMON/SGL_302j/LIB_ELF/LIBSGL.A(sglB015.o)
                0x0000000006036140                slScrAutoDisp
 *fill*         0x000000000603654c        0x4 
 SLPROG         0x0000000006036550        0xc /joe/Compiler/COMMON/SGL_302j/LIB_ELF/LIBSGL.A(sglB016.o)
                0x0000000006036550                slBack1ColSet
 *fill*         0x000000000603655c        0x4 
 SLPROG         0x0000000006036560       0x10 /joe/Compiler/COMMON/SGL_302j/LIB_ELF/LIBSGL.A(sglB020.o)
                0x0000000006036560                slColorCalc
 SLPROG         0x0000000006036570        0xc /joe/Compiler/COMMON/SGL_302j/LIB_ELF/LIBSGL.A(sglB021.o)
                0x0000000006036570                slColorCalcOn
 *fill*         0x000000000603657c        0x4 
 SLPROG         0x0000000006036580        0xc /joe/Compiler/COMMON/SGL_302j/LIB_ELF/LIBSGL.A(sglB023.o)
                0x0000000006036580                slColRate
 *fill*         0x000000000603658c        0x4 
 SLPROG         0x0000000006036590       0xb0 /joe/Compiler/COMMON/SGL_302j/LIB_ELF/LIBSGL.A(sglB031.o)
                0x0000000006036590                slMapNbg0
 SLPROG         0x0000000006036640       0xb4 /joe/Compiler/COMMON/SGL_302j/LIB_ELF/LIBSGL.A(sglB032.o)
                0x0000000006036640                slMapNbg1
 *fill*         0x00000000060366f4        0xc 
 SLPROG         0x0000000006036700       0xb0 /joe/Compiler/COMMON/SGL_302j/LIB_ELF/LIBSGL.A(sglB033.o)
                0x0000000006036700                slMapNbg2
 SLPROG         0x00000000060367b0       0xb4 /joe/Compiler/COMMON/SGL_302j/LIB_ELF/LIBSGL.A(sglB034.o)
                0x00000000060367b0                slMapNbg3
 *fill*         0x0000000006036864        0xc 
 SLPROG         0x0000000006036870       0xd4 /joe/Compiler/COMMON/SGL_302j/LIB_ELF/LIBSGL.A(sglB035.o)
                0x0000000006036870                sl1MapRA
                0x0000000006036902                rbank_set
 *fill*         0x0000000006036944        0xc 
 SLPROG         0x0000000006036950       0xa0 /joe/Compiler/COMMON/SGL_302j/LIB_ELF/LIBSGL.A(sglB036.o)
                0x0000000006036950                sl1MapRB
 SLPROG         0x00000000060369f0       0x70 /joe/Compiler/COMMON/SGL_302j/LIB_ELF/LIBSGL.A(sglB038.o)
                0x00000000060369f0                slRparaInitSet
 SLPROG         0x0000000006036a60       0x7e /joe/Compiler/COMMON/SGL_302j/LIB_ELF/LIBSGL.A(sglB039.o)
                0x0000000006036a60                slMakeKtable
 *fill*         0x0000000006036ade        0x2 
 SLPROG         0x0000000006036ae0       0x58 /joe/Compiler/COMMON/SGL_302j/LIB_ELF/LIBSGL.A(sglB040.o)
                0x0000000006036ae0                slKtableRA
 *fill*         0x0000000006036b38        0x8 
 SLPROG         0x0000000006036b40       0x5c /joe/Compiler/COMMON/SGL_302j/LIB_ELF/LIBSGL.A(sglB041.o)
                0x0000000006036b40                slKtableRB
 *fill*         0x0000000006036b9c        0x4 
 SLPROG         0x0000000006036ba0       0x10 /joe/Compiler/COMMON/SGL_302j/LIB_ELF/LIBSGL.A(sglB042.o)
                0x0000000006036ba0                slCurRpara
 SLPROG         0x0000000006036bb0        0x8 /joe/Compiler/COMMON/SGL_302j/LIB_ELF/LIBSGL.A(sglB043.o)
                0x0000000006036bb0                slRparaMode
 *fill*         0x0000000006036bb8        0x8 
 SLPROG         0x0000000006036bc0      0x4e4 /joe/Compiler/COMMON/SGL_302j/LIB_ELF/LIBSGL.A(sglB044.o)
                0x0000000006036bc0                slScrMatSet
 *fill*         0x00000000060370a4        0xc 
 SLPROG         0x00000000060370b0       0x28 /joe/Compiler/COMMON/SGL_302j/LIB_ELF/LIBSGL.A(sglB045.o)
                0x00000000060370b0                slScrMatConv
 *fill*         0x00000000060370d8        0x8 
 SLPROG         0x00000000060370e0        0xc /joe/Compiler/COMMON/SGL_302j/LIB_ELF/LIBSGL.A(sglB047.o)
                0x00000000060370e0                slOverRA
 *fill*         0x00000000060370ec        0x4 
 SLPROG         0x00000000060370f0       0x10 /joe/Compiler/COMMON/SGL_302j/LIB_ELF/LIBSGL.A(sglB048.o)
                0x00000000060370f0                slOverRB
 SLPROG         0x0000000006037100        0xc /joe/Compiler/COMMON/SGL_302j/LIB_ELF/LIBSGL.A(sglB055.o)
                0x0000000006037100                slPlaneNbg0
 *fill*         0x000000000603710c        0x4 
 SLPROG         0x0000000006037110        0xc /joe/Compiler/COMMON/SGL_302j/LIB_ELF/LIBSGL.A(sglB056.o)
                0x0000000006037110                slPlaneNbg1
 *fill*         0x000000000603711c        0x4 
 SLPROG         0x0000000006037120       0x10 /joe/Compiler/COMMON/SGL_302j/LIB_ELF/LIBSGL.A(sglB057.o)
                0x0000000006037120                slPlaneNbg2
 SLPROG         0x0000000006037130       0x10 /joe/Compiler/COMMON/SGL_302j/LIB_ELF/LIBSGL.A(sglB058.o)
                0x0000000006037130                slPlaneNbg3
 SLPROG         0x0000000006037140        0xc /joe/Compiler/COMMON/SGL_302j/LIB_ELF/LIBSGL.A(sglB059.o)
                0x0000000006037140                slPlaneRA
 *fill*         0x000000000603714c        0x4 
 SLPROG         0x0000000006037150       0x10 /joe/Compiler/COMMON/SGL_302j/LIB_ELF/LIBSGL.A(sglB060.o)
                0x0000000006037150                slPlaneRB
 SLPROG         0x0000000006037160        0xc /joe/Compiler/COMMON/SGL_302j/LIB_ELF/LIBSGL.A(sglB063.o)
                0x0000000006037160                slPriority
 *fill*         0x000000000603716c        0x4 
 SLPROG         0x0000000006037170       0x18 /joe/Compiler/COMMON/SGL_302j/LIB_ELF/LIBSGL.A(sglB087.o)
                0x0000000006037170                slLineScrollTable0
 *fill*         0x0000000006037188        0x8 
 SLPROG         0x0000000006037190        0x8 /joe/Compiler/COMMON/SGL_302j/LIB_ELF/LIBSGL.A(sglB088.o)
                0x0000000006037190                slLineScrollTable1
 *fill*         0x0000000006037198        0x8 
 SLPROG         0x00000000060371a0        0xc /joe/Compiler/COMMON/SGL_302j/LIB_ELF/LIBSGL.A(sglB090.o)
                0x00000000060371a0                slLineScrollMode
 *fill*         0x00000000060371ac        0x4 
 SLPROG         0x00000000060371b0      0x114 /joe/Compiler/COMMON/SGL_302j/LIB_ELF/LIBSGL.A(sglB200.o)
                0x00000000060371b0                slCharRbg0
                0x00000000060371bc                slCharNbg0
                0x00000000060371c8                slCharNbg1
                0x00000000060371d4                slCharNbg2
                0x00000000060371ea                slCharNbg3
                0x0000000006037202                slPageRbg0
                0x0000000006037218                slPageNbg1
                0x0000000006037220                slPageNbg2
                0x0000000006037228                slPageNbg3
                0x0000000006037234                slPageNbg0
 *fill*         0x00000000060372c4        0xc 
 SLPROG         0x00000000060372d0       0x6c /joe/Compiler/COMMON/SGL_302j/LIB_ELF/LIBSGL.A(sglC01.o)
                0x00000000060372d0                slPerspective
 *fill*         0x000000000603733c        0x4 
 SLPROG         0x0000000006037340       0xc4 /joe/Compiler/COMMON/SGL_302j/LIB_ELF/LIBSGL.A(sglC03.o)
                0x0000000006037340                slWindow
 *fill*         0x0000000006037404        0xc 
 SLPROG         0x0000000006037410       0x2c /joe/Compiler/COMMON/SGL_302j/LIB_ELF/LIBSGL.A(sglC04.o)
                0x0000000006037410                slZdspLevel
 *fill*         0x000000000603743c        0x4 
 SLPROG         0x0000000006037440       0x78 /joe/Compiler/COMMON/SGL_302j/LIB_ELF/LIBSGL.A(sglC05.o)
                0x0000000006037440                slSetSprite
 *fill*         0x00000000060374b8        0x8 
 SLPROG         0x00000000060374c0       0xfa /joe/Compiler/COMMON/SGL_302j/LIB_ELF/LIBSGL.A(sglC06.o)
                0x00000000060374c0                slDispSprite
 *fill*         0x00000000060375ba        0x6 
 SLPROG         0x00000000060375c0      0x162 /joe/Compiler/COMMON/SGL_302j/LIB_ELF/LIBSGL.A(sglC07.o)
                0x00000000060375c6                slPutSprite
 *fill*         0x0000000006037722        0xe 
 SLPROG         0x0000000006037730     0x1218 /joe/Compiler/COMMON/SGL_302j/LIB_ELF/LIBSGL.A(sglC08.o)
                0x0000000006037730                slPutPolygon
                0x00000000060383ac                MsCalcDepthFlat
 *fill*         0x0000000006038948        0x8 
 SLPROG         0x0000000006038950       0x8c /joe/Compiler/COMMON/SGL_302j/LIB_ELF/LIBSGL.A(sglC14.o)
                0x0000000006038950                slCurWindow
 *fill*         0x00000000060389dc        0x4 
 SLPROG         0x00000000060389e0       0x54 /joe/Compiler/COMMON/SGL_302j/LIB_ELF/LIBSGL.A(sglC16.o)
                0x00000000060389e0                slDynamicFrame
 *fill*         0x0000000006038a34        0xc 
 SLPROG         0x0000000006038a40       0x4c /joe/Compiler/COMMON/SGL_302j/LIB_ELF/LIBSGL.A(sglC17.o)
                0x0000000006038a40                slDispSpriteHV
 *fill*         0x0000000006038a8c        0x4 
 SLPROG         0x0000000006038a90       0xd4 /joe/Compiler/COMMON/SGL_302j/LIB_ELF/LIBSGL.A(sglC19.o)
                0x0000000006038a90                slDispSprite4P
 *fill*         0x0000000006038b64        0xc 
 SLPROG         0x0000000006038b70       0x40 /joe/Compiler/COMMON/SGL_302j/LIB_ELF/LIBSGL.A(sglC20.o)
                0x0000000006038b70                SpriteEntry
 SLPROG         0x0000000006038bb0      0x4ae /joe/Compiler/COMMON/SGL_302j/LIB_ELF/LIBSGL.A(sglC21.o)
                0x0000000006038c38                RotSprite
                0x0000000006038cc6                SetSprPosition
 *fill*         0x000000000603905e        0x2 
 SLPROG         0x0000000006039060       0x84 /joe/Compiler/COMMON/SGL_302j/LIB_ELF/LIBSGL.A(sglD00.o)
                0x0000000006039060                slDMACopy
                0x0000000006039060                slCpuDMACopy
                0x00000000060390ba                slCashPurge
                0x00000000060390ba                CSH_AllClr
 *fill*         0x00000000060390e4        0xc 
 SLPROG         0x00000000060390f0       0xa0 /joe/Compiler/COMMON/SGL_302j/LIB_ELF/LIBSGL.A(sglD01.o)
                0x00000000060390f0                slDMAXCopy
 SLPROG         0x0000000006039190       0x10 /joe/Compiler/COMMON/SGL_302j/LIB_ELF/LIBSGL.A(sglD02.o)
                0x0000000006039190                slDMAWait
 SLPROG         0x00000000060391a0        0xc /joe/Compiler/COMMON/SGL_302j/LIB_ELF/LIBSGL.A(sglD03.o)
                0x00000000060391a0                slDMAStatus
 *fill*         0x00000000060391ac        0x4 
 SLPROG         0x00000000060391b0       0x20 /joe/Compiler/COMMON/SGL_302j/LIB_ELF/LIBSGL.A(sglD15.o)
                0x00000000060391b0                CSH_Purge
 SLPROG         0x00000000060391d0       0x84 /joe/Compiler/COMMON/SGL_302j/LIB_ELF/LIBSGL.A(sglD16.o)
                0x00000000060391d0                DMA_ScuSetPrm
                0x0000000006039218                DMA_SCU_PRM0
 *fill*         0x0000000006039254        0xc 
 SLPROG         0x0000000006039260       0x88 /joe/Compiler/COMMON/SGL_302j/LIB_ELF/LIBSGL.A(sglD17.o)
                0x0000000006039260                DMA_ScuStart
 *fill*         0x00000000060392e8        0x8 
 SLPROG         0x00000000060392f0       0x34 /joe/Compiler/COMMON/SGL_302j/LIB_ELF/LIBSGL.A(sglD18.o)
                0x00000000060392f0                DMA_ScuGetStatus
 *fill*         0x0000000006039324        0xc 
 SLPROG         0x0000000006039330       0x34 /joe/Compiler/COMMON/SGL_302j/LIB_ELF/LIBSGL.A(sglF08.o)
                0x0000000006039330                slDec2Hex
 *fill*         0x0000000006039364        0xc 
 SLPROG         0x0000000006039370      0xfc8 /joe/Compiler/COMMON/SGL_302j/LIB_ELF/LIBSGL.A(sglH00.o)
                0x0000000006039388                slGetPortDir1
                0x0000000006039390                slGetPortDir2
                0x0000000006039398                slSetPortDir1
                0x00000000060393c2                slSetPortDir2
                0x00000000060393fc                slGetPortData1
                0x0000000006039404                slGetPortData2
                0x000000000603940c                slSetPortData1
                0x0000000006039416                slSetPortData2
                0x0000000006039428                slGetPortSelect1
                0x0000000006039432                slGetPortSelect2
                0x000000000603943c                slSetPortSelect1
                0x0000000006039470                slSetPortSelect2
                0x00000000060394ac                slGetPortExt1
                0x00000000060394b6                slGetPortExt2
                0x00000000060394c0                slSetPortExt1
                0x00000000060394f0                slSetPortExt2
                0x0000000006039664                slSmpcDirectAccess
                0x00000000060396e4                slInitPeripheral
                0x0000000006039776                slSetResultBuffer
                0x0000000006039802                slCheckIntBackSet
                0x000000000603980e                slIntBackCancel
                0x0000000006039838                slCheckReset
                0x0000000006039842                slClearReset
                0x0000000006039a08                slSmpcCashSend
                0x0000000006039ac4                slSmpcCashBlow
                0x0000000006039ba0                slGetOptimize
                0x0000000006039baa                slSetOptimize
                0x0000000006039bd0                slGetPortMode1
                0x0000000006039bdc                slGetPortMode2
                0x0000000006039bea                slSetPortMode1
                0x0000000006039c28                slSetPortMode2
                0x0000000006039db4                slRequestCommand
                0x0000000006039e24                Smpc_Status
                0x0000000006039e28                Smpc_Result
                0x0000000006039e2c                Smpc_Peripheral
                0x0000000006039e32                Per_Connect1
                0x0000000006039e33                Per_Connect2
                0x0000000006039e54                SmpcStatusBuf
 *fill*         0x000000000603a338        0x8 
 SLPROG         0x000000000603a340       0xa8 /joe/Compiler/COMMON/SGL_302j/LIB_ELF/LIBSGL.A(sglH01.o)
                0x000000000603a340                slGetLanguage
                0x000000000603a34a                slSetLanguage
                0x000000000603a36c                slGetSoundEffect
                0x000000000603a378                slSetSoundEffect
                0x000000000603a394                slGetSoundOutput
                0x000000000603a3a0                slSetSoundOutput
                0x000000000603a3bc                slGetHelpWindow
                0x000000000603a3c8                slSetHelpWindow
 *fill*         0x000000000603a3e8        0x8 
 SLPROG         0x000000000603a3f0      0x470 /joe/Compiler/COMMON/SGL_302j/LIB_ELF/LIBSGL.A(sglH02.o)
                0x000000000603a7e0                smpc_pfr_tbl
                0x000000000603a820                smpc_ptf_tbl
 SLPROG         0x000000000603a860       0x60 /joe/Compiler/COMMON/SGL_302j/LIB_ELF/LIBSGL.A(sglH04.o)
                0x000000000603a860                slComPrmIntBack
                0x000000000603a874                slComPrmSetMemory
                0x000000000603a88a                slComPrmSetTime
 SLPROG         0x000000000603a8c0      0x3a4 /joe/Compiler/COMMON/SGL_302j/LIB_ELF/LIBSGL.A(sglI01.o)
                0x000000000603a8c0                slInitSynch
                0x000000000603a8da                slSynch
                0x000000000603a9d0                slRandom
                0x000000000603a9ee                PCM_EndCheck
                0x000000000603aaaa                RetPCMBuf
                0x000000000603ab44                PCM_Buf
                0x000000000603abe4                Sound_Buf
 *fill*         0x000000000603ac64        0xc 
 SLPROG         0x000000000603ac70       0x10 /joe/Compiler/COMMON/SGL_302j/LIB_ELF/LIBSGL.A(sglI04.o)
                0x000000000603ac70                slIntFunction
 SLPROG         0x000000000603ac80       0x74 /joe/Compiler/COMMON/SGL_302j/LIB_ELF/LIBSGL.A(sglJ00.o)
                0x000000000603ac80                InitSlaveSH
                0x000000000603ace8                SlaveCommand
 *fill*         0x000000000603acf4        0xc 
 SLPROG         0x000000000603ad00      0x3d0 /joe/Compiler/COMMON/SGL_302j/LIB_ELF/LIBSGL.A(sglJ01.o)
                0x000000000603ad00                SlaveControl
                0x000000000603b0bc                ErasePolygonData
 SLPROG         0x000000000603b0d0     0x12b8 /joe/Compiler/COMMON/SGL_302j/LIB_ELF/LIBSGL.A(sglJ02.o)
                0x000000000603b0d0                sbMakePolygon
                0x000000000603b2b8                sbCalcPolygon
                0x000000000603bff0                SetTexture
                0x000000000603bffc                SetPolygon
                0x000000000603c004                SetPosition
                0x000000000603c03c                stvtc_4
                0x000000000603c0f4                stvtc_3
                0x000000000603c304                stvtc_1
                0x000000000603c318                stvtc_2
                0x000000000603c32c                stvtc_0
 *fill*         0x000000000603c388        0x8 
 SLPROG         0x000000000603c390      0x140 /joe/Compiler/COMMON/SGL_302j/LIB_ELF/LIBSGL.A(sglJ03.o)
                0x000000000603c390                sbMakeDMATable
 SLPROG         0x000000000603c4d0      0x470 /joe/Compiler/COMMON/SGL_302j/LIB_ELF/LIBSGL.A(sglJ04.o)
                0x000000000603c52e                sbMakeSprite
                0x000000000603c594                sbMakeRotSprite
 SLPROG         0x000000000603c940       0x3c /joe/Compiler/COMMON/SGL_302j/LIB_ELF/LIBSGL.A(sglJ05.o)
                0x000000000603c940                sbSortEntry
 *fill*         0x000000000603c97c        0x4 
 SLPROG         0x000000000603c980      0x4b8 /joe/Compiler/COMMON/SGL_302j/LIB_ELF/LIBSGL.A(sglM00.o)
                0x000000000603c980                slInitGouraud
                0x000000000603ca74                slPutPolygonX
                0x000000000603caba                slGouraudTblCopy
                0x000000000603cb12                slSetGouraudTbl
                0x000000000603cb18                slSetGouraudColor
                0x000000000603cb90                slSetAmbient
                0x000000000603cbb4                slSetFlatColor
 *fill*         0x000000000603ce38        0x8 
 SLPROG         0x000000000603ce40       0x6a /joe/Compiler/COMMON/SGL_302j/LIB_ELF/LIBSGL.A(sglM01.o)
                0x000000000603ce40                slSetDepthLimit
                0x000000000603ce6c                slSetDepthTbl
                0x000000000603ce9c                DepthWorkArea
 *fill*         0x000000000603ceaa        0x6 
 SLPROG         0x000000000603ceb0       0x20 /joe/Compiler/COMMON/SGL_302j/LIB_ELF/LIBSGL.A(sglA00.o)
                0x000000000603ceb0                set_imask
                0x000000000603ceb0                _builtin_set_imask
                0x000000000603cec4                get_imask
                0x000000000603cec4                _builtin_get_imask
 SLPROG         0x000000000603ced0     0x215c /joe/Compiler/COMMON/SGL_302j/LIB_ELF/LIBSGL.A(sglA03.o)
                0x000000000603ced0                slTan
 *fill*         0x000000000603f02c        0x4 
 SLPROG         0x000000000603f030       0x34 /joe/Compiler/COMMON/SGL_302j/LIB_ELF/LIBSGL.A(sglA10.o)
                0x000000000603f030                slSquartDbl
 *fill*         0x000000000603f064        0xc 
 SLPROG         0x000000000603f070      0x3c2 /joe/Compiler/COMMON/SGL_302j/LIB_ELF/LIBSGL.A(sglA24.o)
                0x000000000603f070                slInversMatrix
 *fill*         0x000000000603f432        0xe 
 SLPROG         0x000000000603f440       0x24 /joe/Compiler/COMMON/SGL_302j/LIB_ELF/LIBSGL.A(sglA25.o)
                0x000000000603f440                slTransposeMatrix
 *fill*         0x000000000603f464        0xc 
 SLPROG         0x000000000603f470      0xbd0 /joe/Compiler/COMMON/SGL_302j/LIB_ELF/LIBSGL.A(sglB000.o)
                0x000000000603f470                slInitScroll
                0x000000000603f590                setASC_1to8
                0x000000000603f5c0                setASC_4to8
                0x000000000603f6d0                TVSizeTbl
                0x000000000603f750                TVModeTbl
                0x000000000603f928                SGL_ASCII_CG
 SLPROG         0x0000000006040040      0x134 /joe/Compiler/COMMON/SGL_302j/LIB_ELF/LIBSGL.A(sglC00.o)
                0x0000000006040040                slInitSprite
 *fill*         0x0000000006040174        0xc 
 SLPROG         0x0000000006040180       0xac /joe/Compiler/COMMON/SGL_302j/LIB_ELF/LIBSGL.A(sglC13.o)
                0x0000000006040180                slPutPolygonS
 *fill*         0x000000000604022c        0x4 
 SLPROG         0x0000000006040230       0xc0 /joe/Compiler/COMMON/SGL_302j/LIB_ELF/LIBSGL.A(sglD19.o)
                0x0000000006040230                DMA_ScuMemCopy
 SLPROG         0x00000000060402f0      0x75c /joe/Compiler/COMMON/SGL_302j/LIB_ELF/LIBSGL.A(sglI00.o)
                0x00000000060405e0                slInitInterrupt
 *fill*         0x0000000006040a4c        0x4 
 SLPROG         0x0000000006040a50       0xf0 /joe/Compiler/COMMON/SGL_302j/LIB_ELF/LIBSGL.A(sglH03.o)
                0x0000000006040ab4                slSmpcIntBack