Archive member included to satisfy reference by file (symbol)

/joengine/Compiler/COMMON/SGL_302j/LIB_ELF/SEGA_SYS.A(sys_exit.o)
                              /work/jo_engine/core.o (symbol from plugin) (SYS_Exit)
/joengine/Compiler/COMMON/SGL_302j/LIB_ELF/SEGA_SYS.A(sys_sub.o)
                              /joengine/Compiler/COMMON/SGL_302j/LIB_ELF/SEGA_SYS.A(sys_exit.o) (SYSUB_SetStackptr)
/joengine/Compiler/COMMON/SGL_302j/LIB_ELF/LIBCD.A(CDC_CMN.O)
                              /joengine/Compiler/COMMON/SGL_302j/LIB_ELF/SEGA_SYS.A(sys_exit.o) (CDC_GetCurStat)
/joengine/Compiler/COMMON/SGL_302j/LIB_ELF/LIBCD.A(CDC_DRV.O)
                              pcmsys.o (symbol from plugin) (CDC_CdPlay)
/joengine/Compiler/COMMON/SGL_302j/LIB_ELF/LIBCD.A(CDC_CFS.O)
                              /joengine/Compiler/COMMON/SGL_302j/LIB_ELF/SEGA_SYS.A(sys_exit.o) (CDC_ChgDir)
/joengine/Compiler/COMMON/SGL_302j/LIB_ELF/LIBCD.A(CDC_REG.O)
                              /joengine/Compiler/COMMON/SGL_302j/LIB_ELF/SEGA_SYS.A(sys_exit.o) (CDC_GetHirqReq)
/joengine/Compiler/COMMON/SGL_302j/LIB_ELF/LIBCD.A(CDC_SUB.O)
                              /joengine/Compiler/COMMON/SGL_302j/LIB_ELF/LIBCD.A(CDC_CMN.O) (CDSUB_UpdStatus)
/joengine/Compiler/COMMON/SGL_302j/LIB_ELF/LIBCD.A(GFS.O)
                              pcmsys.o (symbol from plugin) (GFS_Init)
/joengine/Compiler/COMMON/SGL_302j/LIB_ELF/LIBCD.A(GFS_BUF.O)
                              /joengine/Compiler/COMMON/SGL_302j/LIB_ELF/LIBCD.A(GFS.O) (GFBF_GetNumData)
/joengine/Compiler/COMMON/SGL_302j/LIB_ELF/LIBCD.A(GFS_CDB.O)
                              /joengine/Compiler/COMMON/SGL_302j/LIB_ELF/LIBCD.A(GFS.O) (GFCB_Close)
/joengine/Compiler/COMMON/SGL_302j/LIB_ELF/LIBCD.A(GFS_CDC.O)
                              /joengine/Compiler/COMMON/SGL_302j/LIB_ELF/LIBCD.A(GFS.O) (GFCD_SetCdbfs)
/joengine/Compiler/COMMON/SGL_302j/LIB_ELF/LIBCD.A(GFS_CDF.O)
                              /joengine/Compiler/COMMON/SGL_302j/LIB_ELF/LIBCD.A(GFS.O) (GFCF_Init)
/joengine/Compiler/COMMON/SGL_302j/LIB_ELF/LIBCD.A(GFS_DIR.O)
                              /joengine/Compiler/COMMON/SGL_302j/LIB_ELF/LIBCD.A(GFS.O) (GFDR_SetupDirTbl)
/joengine/Compiler/COMMON/SGL_302j/LIB_ELF/LIBCD.A(GFS_TRN.O)
                              /joengine/Compiler/COMMON/SGL_302j/LIB_ELF/LIBCD.A(GFS.O) (GFTR_Setup)
/joengine/Compiler/COMMON/SGL_302j/LIB_ELF/LIBCD.A(CDC_DEV.O)
                              /joengine/Compiler/COMMON/SGL_302j/LIB_ELF/LIBCD.A(GFS_CDC.O) (CDC_CdSetCon)
/joengine/Compiler/COMMON/SGL_302j/LIB_ELF/LIBCD.A(CDC_SEL.O)
                              /joengine/Compiler/COMMON/SGL_302j/LIB_ELF/LIBCD.A(GFS_CDC.O) (CDC_SetFiltRange)
/joengine/Compiler/COMMON/SGL_302j/LIB_ELF/LIBCD.A(CDC_BIF.O)
                              /joengine/Compiler/COMMON/SGL_302j/LIB_ELF/LIBCD.A(GFS_CDC.O) (CDC_GetBufSiz)
/joengine/Compiler/COMMON/SGL_302j/LIB_ELF/LIBCD.A(CDC_BIO.O)
                              /joengine/Compiler/COMMON/SGL_302j/LIB_ELF/LIBCD.A(GFS_CDC.O) (CDC_SetSctLen)
/joengine/Compiler/COMMON/SGL_302j/LIB_ELF/LIBSGL.A(sglA01.o)
                              /work/jo_engine/math.o (symbol from plugin) (slSin)
/joengine/Compiler/COMMON/SGL_302j/LIB_ELF/LIBSGL.A(sglA15.o)
                              /work/jo_engine/slave.o (symbol from plugin) (slSlaveFunc)
/joengine/Compiler/COMMON/SGL_302j/LIB_ELF/LIBSGL.A(sglA16.o)
                              main.o (symbol from plugin) (slLookAt)
/joengine/Compiler/COMMON/SGL_302j/LIB_ELF/LIBSGL.A(sglA17.o)
                              /joengine/Compiler/COMMON/SGL_302j/LIB_ELF/LIBSGL.A(sglA16.o) (slRotZ)
/joengine/Compiler/COMMON/SGL_302j/LIB_ELF/LIBSGL.A(sglA18.o)
                              main.o (symbol from plugin) (slRotY)
/joengine/Compiler/COMMON/SGL_302j/LIB_ELF/LIBSGL.A(sglA19.o)
                              main.o (symbol from plugin) (slRotX)
/joengine/Compiler/COMMON/SGL_302j/LIB_ELF/LIBSGL.A(sglA20.o)
                              main.o (symbol from plugin) (slUnitMatrix)
/joengine/Compiler/COMMON/SGL_302j/LIB_ELF/LIBSGL.A(sglA21.o)
                              main.o (symbol from plugin) (slPushMatrix)
/joengine/Compiler/COMMON/SGL_302j/LIB_ELF/LIBSGL.A(sglA27.o)
                              /joengine/Compiler/COMMON/SGL_302j/LIB_ELF/LIBSGL.A(sglA16.o) (slTranslate)
/joengine/Compiler/COMMON/SGL_302j/LIB_ELF/LIBSGL.A(sglA28.o)
                              main.o (symbol from plugin) (slScale)
/joengine/Compiler/COMMON/SGL_302j/LIB_ELF/LIBSGL.A(sglA40.o)
                              main.o (symbol from plugin) (slCalcVector)
/joengine/Compiler/COMMON/SGL_302j/LIB_ELF/LIBSGL.A(sglB001.o)
                              main.o (symbol from plugin) (slTVOn)
/joengine/Compiler/COMMON/SGL_302j/LIB_ELF/LIBSGL.A(sglB011.o)
                              /work/jo_engine/vdp2.o (symbol from plugin) (slBitMapNbg1)
/joengine/Compiler/COMMON/SGL_302j/LIB_ELF/LIBSGL.A(sglB014.o)
[...]
Memory Configuration

Name             Origin             Length             Attributes
*default*        0x0000000000000000 0xffffffffffffffff

Linker script and memory map


SLSTART         0x0000000006004000       0x30
                0x0000000006004000                ___Start = .
 *(SLSTART)
 SLSTART        0x0000000006004000       0x28 /joengine/Compiler/COMMON/SGL_302j/LIB_ELF/LIBSGL.A(sglI00.o)
                0x0000000006004000                SGL_Start
                0x0000000006004002                slStartSGL

.text           0x0000000006004040    0x20170
 *(.text)
 .text          0x0000000006004040        0x0 /joengine/Compiler/COMMON/SGL_302j/LIB_ELF/SGLAREA.O
 .text          0x0000000006004040     0x9d7c /tmp/ccgkosB3.ltrans0.ltrans.o
                0x0000000006004858                jo_sprite_draw.constprop.53
                0x0000000006004964                jo_nbg2_print.constprop.38
                0x00000000060049c8                render_CLUT_sprite_MESH.constprop.37
                0x0000000006004a14                __jo_core_set_screens_order.constprop.36
                0x0000000006004acc                CDDAPlaySingle.constprop.31
                0x0000000006004b08                jo_vdp2_clear_bitmap_nbg1.constprop.23
                0x0000000006004b74                jo_vdp2_malloc
                0x0000000006004cb8                jo_vdp2_free
                0x0000000006004e04                jo_vdp2_disable_rbg0
                0x0000000006004e60                __jo_create_map.lto_priv.626
                0x0000000006004ec0                jo_img_to_vdp2_cells
                0x0000000006004f3a                jo_set_default_background_color
                0x00000000060051a6                jo_free
                0x0000000006005890                jo_sprite_free_from
                0x000000000600594c                load_textures.constprop.25
                0x0000000006006290                jo_random
                0x0000000006006308                jo_atan2f_rad
                0x00000000060064a4                jo_fixed_cos
                0x0000000006006500                jo_fixed_sin
                0x00000000060067f8                __jo_tga_any_loader
                0x0000000006006934                jo_sprite_add_tga.constprop.24
                0x0000000006006a10                _lseek
                0x0000000006006a14                _isatty
                0x0000000006006a18                _fstat
                0x0000000006006a1c                _close
                0x0000000006006a20                _write
                0x0000000006006a24                _read
                0x0000000006006a28                _realloc_r
                0x0000000006006a94                _calloc_r
                0x0000000006006ac4                _free_r
                0x0000000006006ad8                _malloc_r
                0x00000000060071f4                CDDAStop
                0x0000000006007210                pcm_cease
                0x0000000006007a9c                pcm_play
                0x0000000006007af8                has_object_collision
                0x0000000006007f08                mnet_client_log
                0x0000000006007f98                load_binary.constprop.29
                0x0000000006009e74                mnet_send_remove_local_player
 .text          0x000000000600ddbc     0x8824 /tmp/ccgkosB3.ltrans1.ltrans.o
                0x000000000600e0f0                my_vblank
                0x000000000600e0fc                set_palette
                0x000000000600e114                change_player_palette
                0x000000000600e204                load_trackmap
                0x000000000600e240                load_preview
                0x000000000600e27c                load_level
                0x000000000600e34c                load_car
                0x000000000600e4c4                move_camera
                0x000000000600eae0                draw_map
                0x000000000600ec4c                draw_powerups
                0x000000000600ed50                create_particles
                0x000000000600edf8                computeLight
                0x000000000600ee6c                create_player
                0x000000000600f058                set_player_position
                0x000000000600f15c                reset_to_last_checkpoint
                0x000000000600f254                reset_demo
                0x000000000600f438                getSeconds
                0x000000000600f4b8                init_1p_display
                0x000000000600f540                init_2p_display
                0x000000000600f5d0                render_CLUT_sprite
                0x000000000600f620                draw_player
                0x00000000060102f0                ztClearText
                0x0000000006010330                menu
                0x00000000060104a4                clear_level
                0x00000000060105cc                transition_to_title_screen
                0x0000000006010798                draw_hud
                0x0000000006011210                mmm_get_p2_port
                0x0000000006011422                saturn_uart_detect.lto_priv.542
                0x00000000060114a2                saturn_uart_reg_write.lto_priv.544.lto_priv.591
                0x00000000060114bc                saturn_uart_reg_read.lto_priv.546.lto_priv.592
                0x00000000060114d8                saturn_transport_rx_byte.lto_priv.555
                0x00000000060114e4                saturn_uart_read_iir.lto_priv.524.lto_priv.583
                0x00000000060114f0                saturn_uart_read_msr.lto_priv.526.lto_priv.584
                0x00000000060114fc                saturn_uart_read_lsr.lto_priv.528.lto_priv.585
                0x0000000006011508                saturn_uart_clear_errors.lto_priv.530.lto_priv.586
                0x0000000006011528                saturn_uart_rx_error.lto_priv.532.lto_priv.587
                0x0000000006011540                saturn_uart_rx_ready.lto_priv.534.lto_priv.588
                0x0000000006011554                saturn_transport_rx_ready.lto_priv.554
                0x0000000006011560                saturn_uart_flush_rx.lto_priv.512.lto_priv.576
                0x0000000006011594                modem_flush_input.lto_priv.505.lto_priv.507
                0x00000000060115a0                saturn_uart_loopback_test.lto_priv.510.lto_priv.578
                0x000000000601162c                saturn_uart_read_raw.lto_priv.514.lto_priv.579
                0x00000000060116ac                saturn_uart_getc_timeout.lto_priv.518.lto_priv.580
                0x00000000060116e4                modem_read_line.lto_priv.508.lto_priv.574
                0x0000000006011750                saturn_uart_getc.lto_priv.520.lto_priv.581
                0x0000000006011778                saturn_uart_tx_ready.lto_priv.536.lto_priv.589
                0x0000000006011790                saturn_uart_putc.lto_priv.522.lto_priv.582
                0x00000000060117dc                saturn_transport_send.lto_priv.556
                0x0000000006011820                saturn_uart_puts.lto_priv.516.lto_priv.575
                0x00000000060119a4                modem_escape_to_command.lto_priv.503.lto_priv.573
                0x0000000006011a20                saturn_uart_set_baud.lto_priv.540.lto_priv.590
                0x0000000006011a78                saturn_uart_init.lto_priv.538.lto_priv.577
                0x0000000006011b90                saturn_smpc_command.lto_priv.552.lto_priv.594
                0x0000000006011bb8                saturn_netlink_smpc_disable.lto_priv.548.lto_priv.593
                0x0000000006011bc4                saturn_netlink_smpc_enable.lto_priv.550.lto_priv.559
                0x0000000006011c14                mnet_encode_lap_complete.lto_priv.371.lto_priv.375
                0x0000000006011c3a                mnet_encode_client_log.lto_priv.376.lto_priv.566
                0x0000000006011c8c                mnet_encode_leaderboard_req.lto_priv.380.lto_priv.384
                0x0000000006011c9c                mnet_encode_remove_local_player.lto_priv.385.lto_priv.389
                0x0000000006011cac                mnet_encode_add_local_player.lto_priv.390.lto_priv.565
                0x0000000006011cf0                mnet_encode_powerup_pickup.lto_priv.394.lto_priv.398
                0x0000000006011d04                mnet_encode_player_state_p2.lto_priv.399.lto_priv.567
                0x0000000006011d9c                mnet_encode_player_state.lto_priv.403.lto_priv.568
                0x0000000006011e2c                mnet_encode_input_state_p2.lto_priv.407.lto_priv.411
                0x0000000006011e56                mnet_encode_input_state.lto_priv.412.lto_priv.416
                0x0000000006011e7c                mnet_encode_car_select.lto_priv.417.lto_priv.421
                0x0000000006011e90                mnet_encode_start_game.lto_priv.422.lto_priv.426
                0x0000000006011ea0                mnet_encode_ready.lto_priv.427.lto_priv.431
                0x0000000006011eb0                mnet_encode_heartbeat.lto_priv.432.lto_priv.436
                0x0000000006011ec0                mnet_encode_disconnect.lto_priv.437.lto_priv.441
                0x0000000006011ed0                mnet_encode_set_username.lto_priv.442.lto_priv.563
                0x0000000006011f14                mnet_encode_connect_uuid.lto_priv.446.lto_priv.562
                0x0000000006011f32                mnet_encode_connect.lto_priv.450.lto_priv.454
                0x0000000006011f40                mnet_read_string.lto_priv.455.lto_priv.564
                0x0000000006011f88                mnet_rx_init.lto_priv.463.lto_priv.467
                0x0000000006011f96                net_transport_is_connected.lto_priv.472.lto_priv.570
                0x0000000006011fac                net_transport_send.lto_priv.476.lto_priv.560
                0x0000000006011fbe                my_gamepad
                0x00000000060133f0                player_collision_handling
                0x0000000006015530                mnet_send_frame.lto_priv.468.lto_priv.569
                0x0000000006015568                net_transport_rx_byte.lto_priv.480.lto_priv.571
                0x000000000601557a                net_transport_rx_ready.lto_priv.484.lto_priv.572
                0x000000000601558c                mnet_rx_poll.lto_priv.459.lto_priv.561
                0x0000000006015624                get_gbr.lto_priv.54.lto_priv.82
                0x000000000601562a                set_gbr.lto_priv.83.lto_priv.111
                0x0000000006015630                get_vbr.lto_priv.112.lto_priv.140
                0x0000000006015636                set_vbr.lto_priv.141.lto_priv.169
                0x000000000601563c                set_imask.lto_priv.170.lto_priv.557
                0x0000000006015650                get_imask.lto_priv.198.lto_priv.558
                0x000000000601565a                get_sr.lto_priv.226.lto_priv.254
                0x0000000006015660                set_sr.lto_priv.255.lto_priv.283
                0x0000000006015666                tas.lto_priv.284.lto_priv.312
                0x000000000601566e                sleep.lto_priv.313.lto_priv.341
                0x0000000006015674                nop.lto_priv.342.lto_priv.370
                0x000000000601567a                init_3d_planes
                0x0000000006015914                end_level
                0x0000000006016120                mmm_online_start_race
 .text          0x00000000060165e0      0x238 /joengine/Compiler/COMMON/SGL_302j/LIB_ELF/SEGA_SYS.A(sys_exit.o)
                0x00000000060165e0                sys_version
                0x0000000006016600                SYS_Exit
 *fill*         0x0000000006016818        0x8 
 .text          0x0000000006016820        0x6 /joengine/Compiler/COMMON/SGL_302j/LIB_ELF/SEGA_SYS.A(sys_sub.o)
                0x0000000006016820                SYSUB_SetStackptr
 *fill*         0x0000000006016826        0xa 
 .text          0x0000000006016830      0x3a0 /joengine/Compiler/COMMON/SGL_302j/LIB_ELF/LIBCD.A(CDC_CMN.O)
                0x0000000006016830                CDC_GetCurStat
                0x0000000006016880                CDC_GetLastStat
                0x0000000006016898                CDC_GetPeriStat
                0x000000000601696c                CDC_GetHwInfo
                0x00000000060169d4                CDC_TgetToc
                0x0000000006016a24                CDC_GetSes
                0x0000000006016a60                CDC_CdInit
                0x0000000006016ae4                CDC_CdOpen
                0x0000000006016b0c                CDC_DataReady
                0x0000000006016b78                CDC_DataEnd
 .text          0x0000000006016bd0      0x130 /joengine/Compiler/COMMON/SGL_302j/LIB_ELF/LIBCD.A(CDC_DRV.O)
                0x0000000006016bd0                CDC_CdPlay
                0x0000000006016c9c                CDC_CdSeek
                0x0000000006016cd0                CDC_CdScan
 .text          0x0000000006016d00      0x194 /joengine/Compiler/COMMON/SGL_302j/LIB_ELF/LIBCD.A(CDC_CFS.O)
                0x0000000006016d00                CDC_ChgDir
                0x0000000006016d34                CDC_ReadDir
                0x0000000006016d68                CDC_GetFileScope
                0x0000000006016dc8                CDC_TgetFileInfo
                0x0000000006016e24                CDC_ReadFile
                0x0000000006016e58                CDC_AbortFile
 *fill*         0x0000000006016e94        0xc 
 .text          0x0000000006016ea0      0x2dc /joengine/Compiler/COMMON/SGL_302j/LIB_ELF/LIBCD.A(CDC_REG.O)
                0x0000000006016ea0                CDC_GetDataPtr
                0x0000000006016eb0                CDC_GetHirqReq
                0x0000000006016ec4                CDC_ClrHirqReq
                0x0000000006016ef4                CDREG_ClrHirqReq
                0x0000000006016f04                CDREG_InitHirqReq
                0x0000000006016f2c                CDREG_SetHirqFlag
                0x0000000006016f40                CDC_GetHirqMsk
                0x0000000006016f54                CDC_SetHirqMsk
                0x0000000006016f64                CDC_GetMpegPtr
                0x0000000006016f74                CDREG_TgetData
                0x0000000006016fd0                CDREG_CmdRsp
                0x00000000060170d0                CDREG_WaitHirq
                0x0000000006017140                CDREG_ReadRsp
 *fill*         0x000000000601717c        0x4 
 .text          0x0000000006017180      0x152 /joengine/Compiler/COMMON/SGL_302j/LIB_ELF/LIBCD.A(CDC_SUB.O)
                0x0000000006017180                CDSUB_UpdStatus
                0x0000000006017198                CDSUB_UpdCdstat
                0x00000000060171b8                CDSUB_CdCmd
                0x0000000006017228                CDSUB_GetCdstat
                0x0000000006017268                CDSUB_RspToCdstat
                0x00000000060172b0                CDSUB_SoftTimer
 *fill*         0x00000000060172d2        0xe 
 .text          0x00000000060172e0     0x1adc /joengine/Compiler/COMMON/SGL_302j/LIB_ELF/LIBCD.A(GFS.O)
                0x00000000060172e0                gfs_version
                0x0000000006017300                GFS_Init
                0x00000000060173e8                GFS_LoadDir
                0x0000000006017490                GFS_SetDir
                0x00000000060174f8                GFS_NameToId
                0x000000000601755c                GFS_IdToName
                0x00000000060175c8                GFS_GetDirInfo
                0x0000000006017638                GFS_Reset
                0x00000000060176bc                GFS_Open
                0x0000000006017770                GFS_Close
                0x00000000060177a8                GFS_Seek
                0x000000000601785c                GFS_Tell
                0x00000000060178ac                GFS_IsEof
                0x0000000006017900                GFS_ByteToSct
                0x000000000601795c                GFS_GetFileSize
                0x00000000060179b8                GFS_GetFileInfo
                0x0000000006017a2c                GFS_GetNumCdbuf
                0x0000000006017a54                GFS_Load
                0x0000000006017b18                GFS_Fread
                0x0000000006017bb4                gfs_waitRead
                0x0000000006017c5c                GFS_NwFread
                0x0000000006017d68                GFS_NwCdRead
                0x0000000006017de0                GFS_NwIsComplete
                0x0000000006017e18                GFS_NwStop
                0x0000000006017e84                GFS_NwGetStat
                0x0000000006017f00                gfs_recovRdErr
                0x0000000006017f30                GFS_NwExecOne
                0x0000000006017ff0                GFS_NwExecServer
                0x000000000601806c                GFS_SetGmode
                0x00000000060180d0                GFS_SetTmode
                0x000000000601813c                GFS_SetReadPara
                0x00000000060181a0                GFS_SetTransPara
                0x000000000601820c                GFS_SetTrFunc
                0x0000000006018270                GFS_StartTrans
                0x00000000060182bc                GFS_CdMovePickup
                0x0000000006018328                GFS_SetErrFunc
                0x0000000006018354                GFS_GetErrStat
                0x0000000006018378                GFS_ConvTno
                0x00000000060183a0                gfs_chgRoot
                0x000000000601846c                gfs_aborttrans
                0x0000000006018478                gfs_mngSetupFuncTbl
                0x00000000060184ac                gfs_mngInitWork
                0x0000000006018550                gfs_mngGetNumFile
                0x00000000060185b8                GFS_mngAllocGrp
                0x0000000006018600                gfs_mngFreeGrp
                0x000000000601860c                gfs_mngTermAccess
                0x0000000006018690                gfs_mngSetErrCode
                0x0000000006018710                gfs_svrSearchHndl
                0x0000000006018750                gfs_svrAddHndl
                0x000000000601878c                gfs_svrRemoveHndl
                0x00000000060187e8                GFS_OpenSub
                0x0000000006018840                gfs_loadVol
                0x0000000006018904                gfs_getRootDir
                0x0000000006018a00                gfs_loadRootDir
                0x0000000006018a88                gfs_flowIn
                0x0000000006018b30                gfs_transData
                0x0000000006018bd4                GFS_GetFad
                0x0000000006018c2c                gfs_SetSct
                0x0000000006018c6c                gfs_GetFinfo
                0x0000000006018cac                gfs_closeSub
                0x0000000006018ce8                gfs_getGmode
                0x0000000006018cf4                gfs_isTaskDone
                0x0000000006018d48                gfs_convFinStat
 *fill*         0x0000000006018dbc        0x4 
 .text          0x0000000006018dc0      0x106 /joengine/Compiler/COMMON/SGL_302j/LIB_ELF/LIBCD.A(GFS_BUF.O)
                0x0000000006018df0                GFBF_GetTranData
                0x0000000006018e18                GFBF_GetNumData
                0x0000000006018e48                GFBF_GetSrcPk
                0x0000000006018e70                GFBF_GetSctData
                0x0000000006018e94                GFBF_RtnPk
                0x0000000006018ebc                gfbf_getSctDt
 *fill*         0x0000000006018ec6        0xa 
 .text          0x0000000006018ed0      0x600 /joengine/Compiler/COMMON/SGL_302j/LIB_ELF/LIBCD.A(GFS_CDB.O)
                0x0000000006018ed0                GFCB_Setup
                0x0000000006018ff0                GFCB_Close
                0x0000000006019018                GFCB_GetLenData
                0x00000000060190c4                GFCB_GetLenRoom
                0x00000000060190d0                GFCB_SetFilt
                0x0000000006019138                GFCB_DeleteAllData
                0x0000000006019160                GFCB_Tell
                0x0000000006019170                gfcb_getSctNum
                0x00000000060191c0                GFCB_Seek
                0x00000000060192bc                GFCB_GetSrcPack
                0x000000000601939c                GFCB_GetSctData
                0x00000000060193d4                GFCB_GetDstPack
                0x00000000060193e0                GFCB_RtnPk
                0x0000000006019428                GFCB_MovePickup
                0x0000000006019444                GFCB_SetCon
                0x0000000006019478                GFCB_GetPickup
                0x00000000060194a0                GFCB_IsPuOwner
                0x00000000060194b8                GFCB_UngetPickup
 .text          0x00000000060194d0     0x1a10 /joengine/Compiler/COMMON/SGL_302j/LIB_ELF/LIBCD.A(GFS_CDC.O)
                0x00000000060194d0                GFCD_SetCdbfs
                0x00000000060194fc                GFCD_Init
                0x0000000006019700                GFCD_AllocFilt
                0x000000000601973c                GFCD_FreeFilt
                0x000000000601976c                GFCD_AllocBuf
                0x00000000060197a0                GFCD_FreeBuf
                0x0000000006019844                GFCD_GetBaseFad
                0x0000000006019878                GFCD_GetPickup
                0x00000000060198ac                GFCD_UngetPickup
                0x00000000060198d8                GFCD_IsPuOwner
                0x00000000060198fc                GFCD_SetFilt
                0x00000000060199c0                GFCD_GetFilt
                0x0000000006019a08                GFCD_SetCon
                0x0000000006019a60                GFCD_Play
                0x0000000006019ac0                GFCD_GetLenData
                0x0000000006019b28                GFCD_ReqData
                0x0000000006019b84                GFCD_EndData
                0x0000000006019bcc                GFCD_DelSctData
                0x0000000006019c24                GFCD_CheckDelSctData
                0x0000000006019c54                GFCD_GetStat
                0x0000000006019d08                GFCD_MovePickup
                0x0000000006019d54                GFCD_MoveSctData
                0x0000000006019dc8                GFCD_CheckMove
                0x0000000006019dec                GFCD_GetSctInfo
                0x0000000006019e34                GFCD_ChgDir
                0x0000000006019ea8                GFCD_SetFiltCon
                0x0000000006019f90                GFCD_GetFileInfo
                0x000000000601a06c                GFCD_GetBufSiz
                0x000000000601a0a4                GFCD_ExecServer
                0x000000000601a178                gfcd_isIdleTask
                0x000000000601a204                gfcd_doTask
                0x000000000601a2b0                GFCD_SetTimer
                0x000000000601a2c4                GFCD_WaitServer
                0x000000000601a300                gfcd_doSetFiltTsk
                0x000000000601a4c4                gfcd_doSetConTsk
                0x000000000601a554                gfcd_doGetLenDataTsk
                0x000000000601a6a8                gfcd_doReqDataTsk
                0x000000000601a748                gfcd_doDelSctDataTsk
                0x000000000601a87c                gfcd_doMoveSctTsk
                0x000000000601a9e0                gfcd_doChgDirTsk
                0x000000000601abdc                gfcd_doSetFiltConTsk
                0x000000000601ad20                gfcd_checkEflag
                0x000000000601ad44                gfcd_initCdbMng
                0x000000000601adc4                gfcd_setStat
                0x000000000601adf0                GFCD_SetCsctFunc
                0x000000000601ae0c                GFCD_ChkScdqFlag
                0x000000000601ae30                GFCD_ClrScdqFlag
                0x000000000601ae4c                GFCD_WaitScdqFlag
                0x000000000601ae90                GFCD_WaitPause
 .text          0x000000000601aee0      0x8d8 /joengine/Compiler/COMMON/SGL_302j/LIB_ELF/LIBCD.A(GFS_CDF.O)
                0x000000000601aee0                GFCF_Init
                0x000000000601af80                GFCF_Setup
                0x000000000601b0c8                GFCF_SetSct
                0x000000000601b10c                GFCF_GetFileInfo
                0x000000000601b180                GFCF_FlowInBuf
                0x000000000601b2d4                GFCF_StopInBuf
                0x000000000601b374                GFCF_Recover
                0x000000000601b3bc                GFCF_Tell
                0x000000000601b3d4                GFCF_Seek
                0x000000000601b3ec                GFCF_MovePickup
                0x000000000601b488                GFCF_cnvIntlvOfs
                0x000000000601b4dc                GFCF_GetStat
                0x000000000601b574                gfcf_getSctSize
                0x000000000601b5b0                gfcf_isCdOk
                0x000000000601b670                gfcf_getPlayRange
 *fill*         0x000000000601b7b8        0x8 
 .text          0x000000000601b7c0      0x92c /joengine/Compiler/COMMON/SGL_302j/LIB_ELF/LIBCD.A(GFS_DIR.O)
                0x000000000601b7c0                GFDR_SetupDirTbl
                0x000000000601b834                GFDR_NameToId
                0x000000000601b894                GFDR_GetInfoDirId
                0x000000000601b8a8                GFDR_GetInfoDirName
                0x000000000601b8bc                GFDR_GetAtrDirId
                0x000000000601b8d4                GFDR_GetAtrDirName
                0x000000000601b8ec                GFDR_ChgRoot
                0x000000000601b904                GFDR_ChgDir
                0x000000000601b978                gfdr_setupDirIdTbl
                0x000000000601b9fc                gfdr_setupDirNameTbl
                0x000000000601baa8                gfdr_open
                0x000000000601bad0                gfdr_read
                0x000000000601bb90                gfdr_readByte
                0x000000000601bbbc                gfdr_readWord
                0x000000000601bbe8                gfdr_readWordNB
                0x000000000601bc3c                gfdr_readLongNB
                0x000000000601bc88                gfdr_readLongNM
                0x000000000601bcb0                gfdr_setNextRec
                0x000000000601bd34                gfdr_readDirEnt
                0x000000000601c0b0                gfdr_setDirrecCd
 *fill*         0x000000000601c0ec        0x4 
 .text          0x000000000601c0f0      0x9c6 /joengine/Compiler/COMMON/SGL_302j/LIB_ELF/LIBCD.A(GFS_TRN.O)
                0x000000000601c120                GFTR_Setup
                0x000000000601c164                GFTR_SetMode
                0x000000000601c178                GFTR_SetUnit
                0x000000000601c184                GFTR_SetTransPara
                0x000000000601c1b8                GFTR_GetTransPara
                0x000000000601c1c4                GFTR_GetNumTrans
                0x000000000601c1d0                GFTR_SetTransMax
                0x000000000601c1dc                GFTR_Start
                0x000000000601c1e8                GFTR_Pause
                0x000000000601c1f4                GFTR_Stop
                0x000000000601c2ac                GFTR_Exec
                0x000000000601c330                GFTR_Idle
                0x000000000601c3a8                GFTR_ExecSvr
                0x000000000601c4b0                gftr_getSrcPack
                0x000000000601c538                gftr_getDstPack
                0x000000000601c594                gftr_reqScu
                0x000000000601c5a0                gftr_execScu
                0x000000000601c63c                gftr_remScu
                0x000000000601c670                gfdma_canUse
                0x000000000601c67c                gfdma_exec
                0x000000000601c6ec                gfdma_getBytecnt
                0x000000000601c724                gftr_reqDma0
                0x000000000601c73c                gftr_execSdma0
                0x000000000601c760                gftr_remDma0
                0x000000000601c778                gftr_reqDma1
                0x000000000601c790                gftr_execSdma1
                0x000000000601c7b4                gftr_remDma1
                0x000000000601c7cc                gftr_reqCpu
                0x000000000601c7d8                gftr_execCpu
                0x000000000601c818                gftr_remCpu
                0x000000000601c824                gftr_reqTrn
                0x000000000601c894                gftr_execTrn
                0x000000000601c96c                gftr_remTrn
                0x000000000601c9e0                gftr_copyFrac
                0x000000000601ca08                GFTR_GetLenData
                0x000000000601ca14                GFTR_GetLenRoom
                0x000000000601ca2c                GFTR_GetDstPack
                0x000000000601ca60                GFTR_RtnDstPk
                0x000000000601ca7c                GFTR_GetData
                0x000000000601ca90                GFTR_SetData
                0x000000000601caa4                GFTR_SetTransFunc
 *fill*         0x000000000601cab6        0xa 
 .text          0x000000000601cac0       0xa8 /joengine/Compiler/COMMON/SGL_302j/LIB_ELF/LIBCD.A(CDC_DEV.O)
                0x000000000601cac0                CDC_CdSetCon
                0x000000000601caf0                CDC_CdGetCon
                0x000000000601cb2c                CDC_CdGetLastBuf
 *fill*         0x000000000601cb68        0x8 
 .text          0x000000000601cb70      0x2b8 /joengine/Compiler/COMMON/SGL_302j/LIB_ELF/LIBCD.A(CDC_SEL.O)
                0x000000000601cb70                CDC_SetFiltRange
                0x000000000601cba4                CDC_GetFiltRange
                0x000000000601cbfc                CDC_SetFiltSubh
                0x000000000601cc6c                CDC_GetFiltSubh
                0x000000000601cce8                CDC_SetFiltMode
                0x000000000601cd1c                CDC_GetFiltMode
                0x000000000601cd60                CDC_SetFiltCon
                0x000000000601cda0                CDC_GetFiltCon
                0x000000000601cdf4                CDC_ResetSelector
 *fill*         0x000000000601ce28        0x8 
 .text          0x000000000601ce30      0x270 /joengine/Compiler/COMMON/SGL_302j/LIB_ELF/LIBCD.A(CDC_BIF.O)
                0x000000000601ce30                CDC_GetBufSiz
                0x000000000601ce8c                CDC_GetSctNum
                0x000000000601ced0                CDC_CalActSiz
                0x000000000601cf0c                CDC_GetActSiz
                0x000000000601cf8c                CDC_GetSctInfo
                0x000000000601d00c                CDC_ExeFadSearch
                0x000000000601d044                CDC_GetFadSearch
 .text          0x000000000601d0a0      0x1e4 /joengine/Compiler/COMMON/SGL_302j/LIB_ELF/LIBCD.A(CDC_BIO.O)
                0x000000000601d0a0                CDC_SetSctLen
                0x000000000601d0d4                CDC_GetSctData
                0x000000000601d110                CDC_DelSctData
                0x000000000601d14c                CDC_GetdelSctData
                0x000000000601d188                CDC_PutSctData
                0x000000000601d1c0                CDC_CopySctData
                0x000000000601d204                CDC_MoveSctData
                0x000000000601d248                CDC_GetCopyErr
 *fill*         0x000000000601d284        0xc 
 .text          0x000000000601d290        0x0 /joengine/Compiler/COMMON/SGL_302j/LIB_ELF/LIBSGL.A(sglA01.o)
 .text          0x000000000601d290        0x0 /joengine/Compiler/COMMON/SGL_302j/LIB_ELF/LIBSGL.A(sglA15.o)
 .text          0x000000000601d290        0x0 /joengine/Compiler/COMMON/SGL_302j/LIB_ELF/LIBSGL.A(sglA16.o)
 .text          0x000000000601d290        0x0 /joengine/Compiler/COMMON/SGL_302j/LIB_ELF/LIBSGL.A(sglA17.o)
 .text          0x000000000601d290        0x0 /joengine/Compiler/COMMON/SGL_302j/LIB_ELF/LIBSGL.A(sglA18.o)
 .text          0x000000000601d290        0x0 /joengine/Compiler/COMMON/SGL_302j/LIB_ELF/LIBSGL.A(sglA19.o)
 .text          0x000000000601d290        0x0 /joengine/Compiler/COMMON/SGL_302j/LIB_ELF/LIBSGL.A(sglA20.o)
 .text          0x000000000601d290        0x0 /joengine/Compiler/COMMON/SGL_302j/LIB_ELF/LIBSGL.A(sglA21.o)
 .text          0x000000000601d290        0x0 /joengine/Compiler/COMMON/SGL_302j/LIB_ELF/LIBSGL.A(sglA27.o)
 .text          0x000000000601d290        0x0 /joengine/Compiler/COMMON/SGL_302j/LIB_ELF/LIBSGL.A(sglA28.o)
 .text          0x000000000601d290        0x0 /joengine/Compiler/COMMON/SGL_302j/LIB_ELF/LIBSGL.A(sglA40.o)
 .text          0x000000000601d290        0x0 /joengine/Compiler/COMMON/SGL_302j/LIB_ELF/LIBSGL.A(sglB001.o)
 .text          0x000000000601d290        0x0 /joengine/Compiler/COMMON/SGL_302j/LIB_ELF/LIBSGL.A(sglB011.o)
 .text          0x000000000601d290        0x0 /joengine/Compiler/COMMON/SGL_302j/LIB_ELF/LIBSGL.A(sglB014.o)
 .text          0x000000000601d290        0x0 /joengine/Compiler/COMMON/SGL_302j/LIB_ELF/LIBSGL.A(sglB015.o)
 .text          0x000000000601d290        0x0 /joengine/Compiler/COMMON/SGL_302j/LIB_ELF/LIBSGL.A(sglB016.o)
 .text          0x000000000601d290        0x0 /joengine/Compiler/COMMON/SGL_302j/LIB_ELF/LIBSGL.A(sglB020.o)
 .text          0x000000000601d290        0x0 /joengine/Compiler/COMMON/SGL_302j/LIB_ELF/LIBSGL.A(sglB021.o)
 .text          0x000000000601d290        0x0 /joengine/Compiler/COMMON/SGL_302j/LIB_ELF/LIBSGL.A(sglB023.o)
 .text          0x000000000601d290        0x0 /joengine/Compiler/COMMON/SGL_302j/LIB_ELF/LIBSGL.A(sglB031.o)
 .text          0x000000000601d290        0x0 /joengine/Compiler/COMMON/SGL_302j/LIB_ELF/LIBSGL.A(sglB032.o)
 .text          0x000000000601d290        0x0 /joengine/Compiler/COMMON/SGL_302j/LIB_ELF/LIBSGL.A(sglB033.o)
 .text          0x000000000601d290        0x0 /joengine/Compiler/COMMON/SGL_302j/LIB_ELF/LIBSGL.A(sglB034.o)
 .text          0x000000000601d290        0x0 /joengine/Compiler/COMMON/SGL_302j/LIB_ELF/LIBSGL.A(sglB035.o)
 .text          0x000000000601d290        0x0 /joengine/Compiler/COMMON/SGL_302j/LIB_ELF/LIBSGL.A(sglB036.o)
 .text          0x000000000601d290        0x0 /joengine/Compiler/COMMON/SGL_302j/LIB_ELF/LIBSGL.A(sglB038.o)
 .text          0x000000000601d290        0x0 /joengine/Compiler/COMMON/SGL_302j/LIB_ELF/LIBSGL.A(sglB039.o)
 .text          0x000000000601d290        0x0 /joengine/Compiler/COMMON/SGL_302j/LIB_ELF/LIBSGL.A(sglB040.o)
 .text          0x000000000601d290        0x0 /joengine/Compiler/COMMON/SGL_302j/LIB_ELF/LIBSGL.A(sglB041.o)
 .text          0x000000000601d290        0x0 /joengine/Compiler/COMMON/SGL_302j/LIB_ELF/LIBSGL.A(sglB042.o)
 .text          0x000000000601d290        0x0 /joengine/Compiler/COMMON/SGL_302j/LIB_ELF/LIBSGL.A(sglB043.o)
 .text          0x000000000601d290        0x0 /joengine/Compiler/COMMON/SGL_302j/LIB_ELF/LIBSGL.A(sglB044.o)
 .text          0x000000000601d290        0x0 /joengine/Compiler/COMMON/SGL_302j/LIB_ELF/LIBSGL.A(sglB045.o)
 .text          0x000000000601d290        0x0 /joengine/Compiler/COMMON/SGL_302j/LIB_ELF/LIBSGL.A(sglB047.o)
 .text          0x000000000601d290        0x0 /joengine/Compiler/COMMON/SGL_302j/LIB_ELF/LIBSGL.A(sglB048.o)
 .text          0x000000000601d290        0x0 /joengine/Compiler/COMMON/SGL_302j/LIB_ELF/LIBSGL.A(sglB055.o)
 .text          0x000000000601d290        0x0 /joengine/Compiler/COMMON/SGL_302j/LIB_ELF/LIBSGL.A(sglB056.o)
 .text          0x000000000601d290        0x0 /joengine/Compiler/COMMON/SGL_302j/LIB_ELF/LIBSGL.A(sglB057.o)
 .text          0x000000000601d290        0x0 /joengine/Compiler/COMMON/SGL_302j/LIB_ELF/LIBSGL.A(sglB058.o)
 .text          0x000000000601d290        0x0 /joengine/Compiler/COMMON/SGL_302j/LIB_ELF/LIBSGL.A(sglB059.o)
 .text          0x000000000601d290        0x0 /joengine/Compiler/COMMON/SGL_302j/LIB_ELF/LIBSGL.A(sglB060.o)
 .text          0x000000000601d290        0x0 /joengine/Compiler/COMMON/SGL_302j/LIB_ELF/LIBSGL.A(sglB063.o)
 .text          0x000000000601d290        0x0 /joengine/Compiler/COMMON/SGL_302j/LIB_ELF/LIBSGL.A(sglB087.o)
 .text          0x000000000601d290        0x0 /joengine/Compiler/COMMON/SGL_302j/LIB_ELF/LIBSGL.A(sglB088.o)
 .text          0x000000000601d290        0x0 /joengine/Compiler/COMMON/SGL_302j/LIB_ELF/LIBSGL.A(sglB090.o)
 .text          0x000000000601d290        0x0 /joengine/Compiler/COMMON/SGL_302j/LIB_ELF/LIBSGL.A(sglB200.o)
 .text          0x000000000601d290        0x0 /joengine/Compiler/COMMON/SGL_302j/LIB_ELF/LIBSGL.A(sglC01.o)
 .text          0x000000000601d290        0x0 /joengine/Compiler/COMMON/SGL_302j/LIB_ELF/LIBSGL.A(sglC03.o)
 .text          0x000000000601d290        0x0 /joengine/Compiler/COMMON/SGL_302j/LIB_ELF/LIBSGL.A(sglC04.o)
 .text          0x000000000601d290        0x0 /joengine/Compiler/COMMON/SGL_302j/LIB_ELF/LIBSGL.A(sglC05.o)
 .text          0x000000000601d290        0x0 /joengine/Compiler/COMMON/SGL_302j/LIB_ELF/LIBSGL.A(sglC06.o)
 .text          0x000000000601d290        0x0 /joengine/Compiler/COMMON/SGL_302j/LIB_ELF/LIBSGL.A(sglC07.o)
 .text          0x000000000601d290        0x0 /joengine/Compiler/COMMON/SGL_302j/LIB_ELF/LIBSGL.A(sglC08.o)
 .text          0x000000000601d290        0x0 /joengine/Compiler/COMMON/SGL_302j/LIB_ELF/LIBSGL.A(sglC14.o)
 .text          0x000000000601d290        0x0 /joengine/Compiler/COMMON/SGL_302j/LIB_ELF/LIBSGL.A(sglC16.o)
 .text          0x000000000601d290        0x0 /joengine/Compiler/COMMON/SGL_302j/LIB_ELF/LIBSGL.A(sglC17.o)
 .text          0x000000000601d290        0x0 /joengine/Compiler/COMMON/SGL_302j/LIB_ELF/LIBSGL.A(sglC19.o)
 .text          0x000000000601d290        0x0 /joengine/Compiler/COMMON/SGL_302j/LIB_ELF/LIBSGL.A(sglC20.o)
 .text          0x000000000601d290        0x0 /joengine/Compiler/COMMON/SGL_302j/LIB_ELF/LIBSGL.A(sglC21.o)
 .text          0x000000000601d290        0x0 /joengine/Compiler/COMMON/SGL_302j/LIB_ELF/LIBSGL.A(sglD00.o)
 .text          0x000000000601d290        0x0 /joengine/Compiler/COMMON/SGL_302j/LIB_ELF/LIBSGL.A(sglD01.o)
 .text          0x000000000601d290        0x0 /joengine/Compiler/COMMON/SGL_302j/LIB_ELF/LIBSGL.A(sglD02.o)
 .text          0x000000000601d290        0x0 /joengine/Compiler/COMMON/SGL_302j/LIB_ELF/LIBSGL.A(sglD03.o)
 .text          0x000000000601d290        0x0 /joengine/Compiler/COMMON/SGL_302j/LIB_ELF/LIBSGL.A(sglD15.o)
 .text          0x000000000601d290        0x0 /joengine/Compiler/COMMON/SGL_302j/LIB_ELF/LIBSGL.A(sglD16.o)
 .text          0x000000000601d290        0x0 /joengine/Compiler/COMMON/SGL_302j/LIB_ELF/LIBSGL.A(sglD17.o)
 .text          0x000000000601d290        0x0 /joengine/Compiler/COMMON/SGL_302j/LIB_ELF/LIBSGL.A(sglD18.o)
 .text          0x000000000601d290        0x0 /joengine/Compiler/COMMON/SGL_302j/LIB_ELF/LIBSGL.A(sglF08.o)
 .text          0x000000000601d290        0x0 /joengine/Compiler/COMMON/SGL_302j/LIB_ELF/LIBSGL.A(sglH00.o)
 .text          0x000000000601d290        0x0 /joengine/Compiler/COMMON/SGL_302j/LIB_ELF/LIBSGL.A(sglH01.o)
 .text          0x000000000601d290        0x0 /joengine/Compiler/COMMON/SGL_302j/LIB_ELF/LIBSGL.A(sglH02.o)
 .text          0x000000000601d290        0x0 /joengine/Compiler/COMMON/SGL_302j/LIB_ELF/LIBSGL.A(sglH04.o)
 .text          0x000000000601d290        0x0 /joengine/Compiler/COMMON/SGL_302j/LIB_ELF/LIBSGL.A(sglI01.o)
 .text          0x000000000601d290        0x0 /joengine/Compiler/COMMON/SGL_302j/LIB_ELF/LIBSGL.A(sglI04.o)
 .text          0x000000000601d290      0x128 /joengine/Compiler/COMMON/SGL_302j/LIB_ELF/LIBSGL.A(sglIc0.o)
                0x000000000601d290                slInitSystem
 *fill*         0x000000000601d3b8        0x8 
 .text          0x000000000601d3c0        0x0 /joengine/Compiler/COMMON/SGL_302j/LIB_ELF/LIBSGL.A(sglJ00.o)
 .text          0x000000000601d3c0        0x0 /joengine/Compiler/COMMON/SGL_302j/LIB_ELF/LIBSGL.A(sglJ01.o)
 .text          0x000000000601d3c0        0x0 /joengine/Compiler/COMMON/SGL_302j/LIB_ELF/LIBSGL.A(sglJ02.o)
 .text          0x000000000601d3c0        0x0 /joengine/Compiler/COMMON/SGL_302j/LIB_ELF/LIBSGL.A(sglJ03.o)
 .text          0x000000000601d3c0        0x0 /joengine/Compiler/COMMON/SGL_302j/LIB_ELF/LIBSGL.A(sglJ04.o)
 .text          0x000000000601d3c0        0x0 /joengine/Compiler/COMMON/SGL_302j/LIB_ELF/LIBSGL.A(sglJ05.o)
 .text          0x000000000601d3c0        0x0 /joengine/Compiler/COMMON/SGL_302j/LIB_ELF/LIBSGL.A(sglK01.o)
 .text          0x000000000601d3c0        0x0 /joengine/Compiler/COMMON/SGL_302j/LIB_ELF/LIBSGL.A(sglM00.o)
 .text          0x000000000601d3c0        0x0 /joengine/Compiler/COMMON/SGL_302j/LIB_ELF/LIBSGL.A(sglM01.o)
 .text          0x000000000601d3c0        0x0 /joengine/Compiler/COMMON/SGL_302j/LIB_ELF/LIBSGL.A(sglA00.o)
 .text          0x000000000601d3c0        0x0 /joengine/Compiler/COMMON/SGL_302j/LIB_ELF/LIBSGL.A(sglA03.o)
 .text          0x000000000601d3c0        0x0 /joengine/Compiler/COMMON/SGL_302j/LIB_ELF/LIBSGL.A(sglA10.o)
 .text          0x000000000601d3c0        0x0 /joengine/Compiler/COMMON/SGL_302j/LIB_ELF/LIBSGL.A(sglA24.o)
 .text          0x000000000601d3c0        0x0 /joengine/Compiler/COMMON/SGL_302j/LIB_ELF/LIBSGL.A(sglA25.o)
 .text          0x000000000601d3c0        0x0 /joengine/Compiler/COMMON/SGL_302j/LIB_ELF/LIBSGL.A(sglB000.o)
 .text          0x000000000601d3c0        0x0 /joengine/Compiler/COMMON/SGL_302j/LIB_ELF/LIBSGL.A(sglC00.o)
 .text          0x000000000601d3c0        0x0 /joengine/Compiler/COMMON/SGL_302j/LIB_ELF/LIBSGL.A(sglC13.o)
 .text          0x000000000601d3c0        0x0 /joengine/Compiler/COMMON/SGL_302j/LIB_ELF/LIBSGL.A(sglD19.o)
 .text          0x000000000601d3c0        0x0 /joengine/Compiler/COMMON/SGL_302j/LIB_ELF/LIBSGL.A(sglI00.o)
 .text          0x000000000601d3c0        0x0 /joengine/Compiler/COMMON/SGL_302j/LIB_ELF/LIBSGL.A(sglH03.o)
 .text          0x000000000601d3c0       0x52 /joengine/Compiler/LINUX/bin/../lib/gcc/sh-none-elf/8.2.0/libgcc.a(_ashiftrt.o)
                0x000000000601d3c0                __ashiftrt_r4_31
                0x000000000601d3c0                __ashiftrt_r4_32
                0x000000000601d3c6                __ashiftrt_r4_30
                0x000000000601d3c8                __ashiftrt_r4_29
                0x000000000601d3ca                __ashiftrt_r4_28
                0x000000000601d3cc                __ashiftrt_r4_27
                0x000000000601d3ce                __ashiftrt_r4_26
                0x000000000601d3d0                __ashiftrt_r4_25
                0x000000000601d3d2                __ashiftrt_r4_24
                0x000000000601d3da                __ashiftrt_r4_23
                0x000000000601d3dc                __ashiftrt_r4_22
                0x000000000601d3de                __ashiftrt_r4_21
                0x000000000601d3e0                __ashiftrt_r4_20
                0x000000000601d3e2                __ashiftrt_r4_19
                0x000000000601d3e4                __ashiftrt_r4_18
                0x000000000601d3e6                __ashiftrt_r4_17
                0x000000000601d3e8                __ashiftrt_r4_16
                0x000000000601d3ee                __ashiftrt_r4_15
                0x000000000601d3f0                __ashiftrt_r4_14
                0x000000000601d3f2                __ashiftrt_r4_13
                0x000000000601d3f4                __ashiftrt_r4_12
                0x000000000601d3f6                __ashiftrt_r4_11
                0x000000000601d3f8                __ashiftrt_r4_10
                0x000000000601d3fa                __ashiftrt_r4_9
                0x000000000601d3fc                __ashiftrt_r4_8
                0x000000000601d3fe                __ashiftrt_r4_7
                0x000000000601d400                __ashiftrt_r4_6
                0x000000000601d402                __ashiftrt_r4_5
                0x000000000601d404                __ashiftrt_r4_4
                0x000000000601d406                __ashiftrt_r4_3
                0x000000000601d408                __ashiftrt_r4_2
                0x000000000601d40a                __ashiftrt_r4_1
                0x000000000601d40e                __ashiftrt_r4_0
 *fill*         0x000000000601d412        0x2 
 .text          0x000000000601d414       0xa0 /joengine/Compiler/LINUX/bin/../lib/gcc/sh-none-elf/8.2.0/libgcc.a(_sdivsi3.o)
                0x000000000601d414                __sdivsi3
 .text          0x000000000601d4b4       0x6c /joengine/Compiler/LINUX/bin/../lib/gcc/sh-none-elf/8.2.0/libgcc.a(_udivsi3.o)
                0x000000000601d4d6                __udivsi3
 .text          0x000000000601d520       0x78 /joengine/Compiler/LINUX/bin/../lib/gcc/sh-none-elf/8.2.0/libgcc.a(_movmem.o)
                0x000000000601d520                __movstr
                0x000000000601d520                __movmem
                0x000000000601d554                __movmemSI64
                0x000000000601d554                __movstrSI64
                0x000000000601d558                __movstrSI60
                0x000000000601d558                __movmemSI60
                0x000000000601d55c                __movmemSI56
                0x000000000601d55c                __movstrSI56
                0x000000000601d560                __movstrSI52
                0x000000000601d560                __movmemSI52
                0x000000000601d564                __movstrSI48
                0x000000000601d564                __movmemSI48
                0x000000000601d568                __movstrSI44
                0x000000000601d568                __movmemSI44
                0x000000000601d56c                __movstrSI40
                0x000000000601d56c                __movmemSI40
                0x000000000601d570                __movstrSI36
                0x000000000601d570                __movmemSI36
                0x000000000601d574                __movmemSI32
                0x000000000601d574                __movstrSI32
                0x000000000601d578                __movmemSI28
                0x000000000601d578                __movstrSI28
                0x000000000601d57c                __movstrSI24
                0x000000000601d57c                __movmemSI24
                0x000000000601d580                __movmemSI20
                0x000000000601d580                __movstrSI20
                0x000000000601d584                __movstrSI16
                0x000000000601d584                __movmemSI16
                0x000000000601d588                __movmemSI12
                0x000000000601d588                __movstrSI12
                0x000000000601d58c                __movmemSI8
                0x000000000601d58c                __movstrSI8
                0x000000000601d590                __movmemSI4
                0x000000000601d590                __movstrSI4
 .text          0x000000000601d598      0x210 /joengine/Compiler/LINUX/bin/../lib/gcc/sh-none-elf/8.2.0/libgcc.a(_addsub_sf.o)
                0x000000000601d70c                __addsf3
                0x000000000601d758                __subsf3
 .text          0x000000000601d7a8      0x134 /joengine/Compiler/LINUX/bin/../lib/gcc/sh-none-elf/8.2.0/libgcc.a(_mul_sf.o)
                0x000000000601d7a8                __mulsf3
 .text          0x000000000601d8dc       0xdc /joengine/Compiler/LINUX/bin/../lib/gcc/sh-none-elf/8.2.0/libgcc.a(_div_sf.o)
                0x000000000601d8dc                __divsf3
 .text          0x000000000601d9b8       0x54 /joengine/Compiler/LINUX/bin/../lib/gcc/sh-none-elf/8.2.0/libgcc.a(_eq_sf.o)
                0x000000000601d9b8                __eqsf2
 .text          0x000000000601da0c       0x54 /joengine/Compiler/LINUX/bin/../lib/gcc/sh-none-elf/8.2.0/libgcc.a(_ne_sf.o)
                0x000000000601da0c                __nesf2
 .text          0x000000000601da60       0x4c /joengine/Compiler/LINUX/bin/../lib/gcc/sh-none-elf/8.2.0/libgcc.a(_gt_sf.o)
                0x000000000601da60                __gtsf2
 .text          0x000000000601daac       0x4c /joengine/Compiler/LINUX/bin/../lib/gcc/sh-none-elf/8.2.0/libgcc.a(_ge_sf.o)
                0x000000000601daac                __gesf2
 .text          0x000000000601daf8       0x54 /joengine/Compiler/LINUX/bin/../lib/gcc/sh-none-elf/8.2.0/libgcc.a(_lt_sf.o)
                0x000000000601daf8                __ltsf2
 .text          0x000000000601db4c       0x54 /joengine/Compiler/LINUX/bin/../lib/gcc/sh-none-elf/8.2.0/libgcc.a(_le_sf.o)
                0x000000000601db4c                __lesf2
 .text          0x000000000601dba0       0x84 /joengine/Compiler/LINUX/bin/../lib/gcc/sh-none-elf/8.2.0/libgcc.a(_si_to_sf.o)
                0x000000000601dba0                __floatsisf
 .text          0x000000000601dc24       0x7c /joengine/Compiler/LINUX/bin/../lib/gcc/sh-none-elf/8.2.0/libgcc.a(_sf_to_si.o)
                0x000000000601dc24                __fixsfsi
 .text          0x000000000601dca0       0x3c /joengine/Compiler/LINUX/bin/../lib/gcc/sh-none-elf/8.2.0/libgcc.a(_sf_to_df.o)
                0x000000000601dca0                __extendsfdf2
 .text          0x000000000601dcdc        0x0 /joengine/Compiler/LINUX/bin/../lib/gcc/sh-none-elf/8.2.0/libgcc.a(_thenan_sf.o)
 .text          0x000000000601dcdc       0x94 /joengine/Compiler/LINUX/bin/../lib/gcc/sh-none-elf/8.2.0/libgcc.a(_usi_to_sf.o)
                0x000000000601dcdc                __floatunsisf
 .text          0x000000000601dd70       0x28 /joengine/Compiler/LINUX/bin/../lib/gcc/sh-none-elf/8.2.0/libgcc.a(_make_df.o)
                0x000000000601dd70                __make_dp
 .text          0x000000000601dd98       0x4c /joengine/Compiler/LINUX/bin/../lib/gcc/sh-none-elf/8.2.0/libgcc.a(_df_to_sf.o)
                0x000000000601dd98                __truncdfsf2
 .text          0x000000000601dde4      0x114 /joengine/Compiler/LINUX/bin/../lib/gcc/sh-none-elf/8.2.0/libgcc.a(_pack_sf.o)
                0x000000000601dde4                __pack_f
 .text          0x000000000601def8       0xa0 /joengine/Compiler/LINUX/bin/../lib/gcc/sh-none-elf/8.2.0/libgcc.a(_unpack_sf.o)
                0x000000000601def8                __unpack_f
 .text          0x000000000601df98       0xa8 /joengine/Compiler/LINUX/bin/../lib/gcc/sh-none-elf/8.2.0/libgcc.a(_fpcmp_parts_sf.o)
                0x000000000601df98                __fpcmp_parts_f
 .text          0x000000000601e040       0x20 /joengine/Compiler/LINUX/bin/../lib/gcc/sh-none-elf/8.2.0/libgcc.a(_make_sf.o)
                0x000000000601e040                __make_fp
 .text          0x000000000601e060        0x0 /joengine/Compiler/LINUX/bin/../lib/gcc/sh-none-elf/8.2.0/../../../../sh-none-elf/lib/libc.a(lib_a-impure.o)
 .text          0x000000000601e060       0x1e /joengine/Compiler/LINUX/bin/../lib/gcc/sh-none-elf/8.2.0/../../../../sh-none-elf/lib/libc.a(lib_a-memcmp.o)
                0x000000000601e060                memcmp
 *fill*         0x000000000601e07e        0x2 
 .text          0x000000000601e080       0x94 /joengine/Compiler/LINUX/bin/../lib/gcc/sh-none-elf/8.2.0/../../../../sh-none-elf/lib/libc.a(lib_a-memcpy.o)
                0x000000000601e080                memcpy
 .text          0x000000000601e114       0x40 /joengine/Compiler/LINUX/bin/../lib/gcc/sh-none-elf/8.2.0/../../../../sh-none-elf/lib/libc.a(lib_a-memset.o)
                0x000000000601e114                memset
 .text          0x000000000601e154       0x58 /joengine/Compiler/LINUX/bin/../lib/gcc/sh-none-elf/8.2.0/../../../../sh-none-elf/lib/libc.a(lib_a-rand.o)
                0x000000000601e154                srand
                0x000000000601e168                rand
 .text          0x000000000601e1ac       0x60 /joengine/Compiler/LINUX/bin/../lib/gcc/sh-none-elf/8.2.0/../../../../sh-none-elf/lib/libc.a(lib_a-rget.o)
                0x000000000601e1ac                __srget_r
                0x000000000601e1f8                __srget
 .text          0x000000000601e20c       0x8c /joengine/Compiler/LINUX/bin/../lib/gcc/sh-none-elf/8.2.0/../../../../sh-none-elf/lib/libc.a(lib_a-sprintf.o)
                0x000000000601e20c                _sprintf_r
                0x000000000601e24c                sprintf
 .text          0x000000000601e298       0x22 /joengine/Compiler/LINUX/bin/../lib/gcc/sh-none-elf/8.2.0/../../../../sh-none-elf/lib/libc.a(lib_a-strcat.o)
                0x000000000601e298                strcat
 *fill*         0x000000000601e2ba        0x2 
 .text          0x000000000601e2bc       0x38 /joengine/Compiler/LINUX/bin/../lib/gcc/sh-none-elf/8.2.0/../../../../sh-none-elf/lib/libc.a(lib_a-strcmp.o)
                0x000000000601e2bc                strcmp
 .text          0x000000000601e2f4       0x3c /joengine/Compiler/LINUX/bin/../lib/gcc/sh-none-elf/8.2.0/../../../../sh-none-elf/lib/libc.a(lib_a-strcpy.o)
                0x000000000601e2f4                strcpy
 .text          0x000000000601e330       0x20 /joengine/Compiler/LINUX/bin/../lib/gcc/sh-none-elf/8.2.0/../../../../sh-none-elf/lib/libc.a(lib_a-strlen.o)
                0x000000000601e330                strlen
 .text          0x000000000601e350       0x2a /joengine/Compiler/LINUX/bin/../lib/gcc/sh-none-elf/8.2.0/../../../../sh-none-elf/lib/libc.a(lib_a-strncmp.o)
                0x000000000601e350                strncmp
 .text          0x000000000601e37a       0x32 /joengine/Compiler/LINUX/bin/../lib/gcc/sh-none-elf/8.2.0/../../../../sh-none-elf/lib/libc.a(lib_a-strncpy.o)
                0x000000000601e37a                strncpy
 .text          0x000000000601e3ac       0x36 /joengine/Compiler/LINUX/bin/../lib/gcc/sh-none-elf/8.2.0/../../../../sh-none-elf/lib/libc.a(lib_a-strstr.o)
                0x000000000601e3ac                strstr
 *fill*         0x000000000601e3e2        0x2 
 .text          0x000000000601e3e4     0x1378 /joengine/Compiler/LINUX/bin/../lib/gcc/sh-none-elf/8.2.0/../../../../sh-none-elf/lib/libc.a(lib_a-svfprintf.o)
                0x000000000601e3e4                _svfprintf_r
 .text          0x000000000601f75c       0xdc /joengine/Compiler/LINUX/bin/../lib/gcc/sh-none-elf/8.2.0/../../../../sh-none-elf/lib/libc.a(lib_a-wbuf.o)
                0x000000000601f75c                __swbuf_r
                0x000000000601f824                __swbuf
 .text          0x000000000601f838       0xcc /joengine/Compiler/LINUX/bin/../lib/gcc/sh-none-elf/8.2.0/../../../../sh-none-elf/lib/libc.a(lib_a-wsetup.o)
                0x000000000601f838                __swsetup_r
 .text          0x000000000601f904      0xef4 /joengine/Compiler/LINUX/bin/../lib/gcc/sh-none-elf/8.2.0/../../../../sh-none-elf/lib/libc.a(lib_a-dtoa.o)
                0x000000000601fa38                _dtoa_r
 .text          0x00000000060207f8      0x1a8 /joengine/Compiler/LINUX/bin/../lib/gcc/sh-none-elf/8.2.0/../../../../sh-none-elf/lib/libc.a(lib_a-fflush.o)
                0x00000000060207f8                __sflush_r
                0x0000000006020938                _fflush_r
                0x0000000006020978                fflush
 .text          0x00000000060209a0      0x218 /joengine/Compiler/LINUX/bin/../lib/gcc/sh-none-elf/8.2.0/../../../../sh-none-elf/lib/libc.a(lib_a-findfp.o)
                0x00000000060209fc                _cleanup_r
                0x0000000006020a10                __sfmoreglue
                0x0000000006020a5c                _cleanup
                0x0000000006020a70                __sinit
                0x0000000006020ac4                __sfp
                0x0000000006020b78                __sfp_lock_acquire
                0x0000000006020b7c                __sfp_lock_release
                0x0000000006020b80                __sinit_lock_acquire
                0x0000000006020b84                __sinit_lock_release
                0x0000000006020b88                __fp_lock_all
                0x0000000006020ba0                __fp_unlock_all
 .text          0x0000000006020bb8       0xb4 /joengine/Compiler/LINUX/bin/../lib/gcc/sh-none-elf/8.2.0/../../../../sh-none-elf/lib/libc.a(lib_a-fwalk.o)
                0x0000000006020bb8                _fwalk
                0x0000000006020c0e                _fwalk_reent
 .text          0x0000000006020c6c       0x40 /joengine/Compiler/LINUX/bin/../lib/gcc/sh-none-elf/8.2.0/../../../../sh-none-elf/lib/libc.a(lib_a-localeconv.o)
                0x0000000006020c6c                __localeconv_l
                0x0000000006020c74                _localeconv_r
                0x0000000006020c90                localeconv
 .text          0x0000000006020cac       0xa8 /joengine/Compiler/LINUX/bin/../lib/gcc/sh-none-elf/8.2.0/../../../../sh-none-elf/lib/libc.a(lib_a-locale.o)
                0x0000000006020cac                _setlocale_r
                0x0000000006020cf8                __locale_mb_cur_max
                0x0000000006020d18                __locale_ctype_ptr_l
                0x0000000006020d22                __locale_ctype_ptr
                0x0000000006020d40                setlocale
 .text          0x0000000006020d54      0x110 /joengine/Compiler/LINUX/bin/../lib/gcc/sh-none-elf/8.2.0/../../../../sh-none-elf/lib/libc.a(lib_a-makebuf.o)
                0x0000000006020d54                __swhatbuf_r
                0x0000000006020db8                __smakebuf_r
 .text          0x0000000006020e64       0x4c /joengine/Compiler/LINUX/bin/../lib/gcc/sh-none-elf/8.2.0/../../../../sh-none-elf/lib/libc.a(lib_a-mbtowc_r.o)
                0x0000000006020e64                _mbtowc_r
                0x0000000006020e88                __ascii_mbtowc
 .text          0x0000000006020eb0       0x1c /joengine/Compiler/LINUX/bin/../lib/gcc/sh-none-elf/8.2.0/../../../../sh-none-elf/lib/libc.a(lib_a-memchr.o)
                0x0000000006020eb0                memchr
 .text          0x0000000006020ecc      0xa9c /joengine/Compiler/LINUX/bin/../lib/gcc/sh-none-elf/8.2.0/../../../../sh-none-elf/lib/libc.a(lib_a-mprec.o)
                0x0000000006020ecc                _Balloc
                0x0000000006020f40                _Bfree
                0x0000000006020f58                __multadd
                0x0000000006021000                __s2b
                0x00000000060210c0                __hi0bits
                0x0000000006021114                __lo0bits
                0x0000000006021178                __i2b
                0x0000000006021194                __multiply
                0x00000000060212d8                __pow5mult
                0x0000000006021394                __lshift
                0x0000000006021488                __mcmp
                0x00000000060214c0                __mdiff
                0x000000000602159c                __ulp
                0x0000000006021608                __b2d
                0x00000000060216f0                __d2b
                0x00000000060217dc                __ratio
                0x0000000006021860                _mprec_log10
                0x00000000060218b8                __copybits
                0x00000000060218fc                __any_on
 .text          0x0000000006021968      0x14c /joengine/Compiler/LINUX/bin/../lib/gcc/sh-none-elf/8.2.0/../../../../sh-none-elf/lib/libc.a(lib_a-refill.o)
                0x0000000006021980                __srefill_r
 .text          0x0000000006021ab4       0xe0 /joengine/Compiler/LINUX/bin/../lib/gcc/sh-none-elf/8.2.0/../../../../sh-none-elf/lib/libc.a(lib_a-stdio.o)
                0x0000000006021ab4                __sread
                0x0000000006021af0                __seofread
                0x0000000006021af4                __swrite
                0x0000000006021b44                __sseek
                0x0000000006021b84                __sclose
 .text          0x0000000006021b94      0xa60 /joengine/Compiler/LINUX/bin/../lib/gcc/sh-none-elf/8.2.0/../../../../sh-none-elf/lib/libc.a(lib_a-svfiprintf.o)
                0x0000000006021b94                __ssprint_r
                0x0000000006021cc8                _svfiprintf_r
 .text          0x00000000060225f4       0x40 /joengine/Compiler/LINUX/bin/../lib/gcc/sh-none-elf/8.2.0/../../../../sh-none-elf/lib/libc.a(lib_a-wctomb_r.o)
                0x00000000060225f4                _wctomb_r
                0x0000000006022614                __ascii_wctomb
 .text          0x0000000006022634       0x34 /joengine/Compiler/LINUX/bin/../lib/gcc/sh-none-elf/8.2.0/../../../../sh-none-elf/lib/libc.a(lib_a-writer.o)
                0x0000000006022634                _write_r
 .text          0x0000000006022668       0x30 /joengine/Compiler/LINUX/bin/../lib/gcc/sh-none-elf/8.2.0/../../../../sh-none-elf/lib/libc.a(lib_a-closer.o)
                0x0000000006022668                _close_r
 .text          0x0000000006022698        0x0 /joengine/Compiler/LINUX/bin/../lib/gcc/sh-none-elf/8.2.0/../../../../sh-none-elf/lib/libc.a(lib_a-ctype_.o)
 .text          0x0000000006022698       0xc8 /joengine/Compiler/LINUX/bin/../lib/gcc/sh-none-elf/8.2.0/../../../../sh-none-elf/lib/libc.a(lib_a-fclose.o)
                0x0000000006022698                _fclose_r
                0x000000000602274c                fclose
 .text          0x0000000006022760       0x34 /joengine/Compiler/LINUX/bin/../lib/gcc/sh-none-elf/8.2.0/../../../../sh-none-elf/lib/libc.a(lib_a-fstatr.o)
                0x0000000006022760                _fstat_r
 .text          0x0000000006022794       0x30 /joengine/Compiler/LINUX/bin/../lib/gcc/sh-none-elf/8.2.0/../../../../sh-none-elf/lib/libc.a(lib_a-isattyr.o)
                0x0000000006022794                _isatty_r
 .text          0x00000000060227c4       0x34 /joengine/Compiler/LINUX/bin/../lib/gcc/sh-none-elf/8.2.0/../../../../sh-none-elf/lib/libc.a(lib_a-lseekr.o)
                0x00000000060227c4                _lseek_r
 .text          0x00000000060227f8       0x3c /joengine/Compiler/LINUX/bin/../lib/gcc/sh-none-elf/8.2.0/../../../../sh-none-elf/lib/libc.a(lib_a-memmove.o)
                0x00000000060227f8                memmove
 .text          0x0000000006022834       0x34 /joengine/Compiler/LINUX/bin/../lib/gcc/sh-none-elf/8.2.0/../../../../sh-none-elf/lib/libc.a(lib_a-readr.o)
                0x0000000006022834                _read_r
 .text          0x0000000006022868      0x100 /joengine/Compiler/LINUX/bin/../lib/gcc/sh-none-elf/8.2.0/../../../../sh-none-elf/lib/libc.a(lib_a-reent.o)
                0x0000000006022868                cleanup_glue
                0x0000000006022894                _reclaim_reent
 .text          0x0000000006022968       0x80 /joengine/Compiler/LINUX/bin/../lib/gcc/sh-none-elf/8.2.0/libgcc.a(_ashiftrt_n.o)
                0x0000000006022968                __ashrsi3
 .text          0x00000000060229e8       0xbc /joengine/Compiler/LINUX/bin/../lib/gcc/sh-none-elf/8.2.0/libgcc.a(_ashiftlt.o)
                0x00000000060229e8                __ashlsi3
                0x00000000060229ec                __ashlsi3_r0
 .text          0x0000000006022aa4       0xbc /joengine/Compiler/LINUX/bin/../lib/gcc/sh-none-elf/8.2.0/libgcc.a(_lshiftrt.o)
                0x0000000006022aa4                __lshrsi3
                0x0000000006022aa8                __lshrsi3_r0
 .text          0x0000000006022b60      0x258 /joengine/Compiler/LINUX/bin/../lib/gcc/sh-none-elf/8.2.0/libgcc.a(_udivdi3.o)
                0x0000000006022b60                __udivdi3
 .text          0x0000000006022db8      0x2bc /joengine/Compiler/LINUX/bin/../lib/gcc/sh-none-elf/8.2.0/libgcc.a(_umoddi3.o)
                0x0000000006022db8                __umoddi3
 .text          0x0000000006023074      0x3b4 /joengine/Compiler/LINUX/bin/../lib/gcc/sh-none-elf/8.2.0/libgcc.a(_addsub_df.o)
                0x0000000006023384                __adddf3
                0x00000000060233d4                __subdf3
 .text          0x0000000006023428      0x208 /joengine/Compiler/LINUX/bin/../lib/gcc/sh-none-elf/8.2.0/libgcc.a(_mul_df.o)
                0x0000000006023428                __muldf3
 .text          0x0000000006023630      0x130 /joengine/Compiler/LINUX/bin/../lib/gcc/sh-none-elf/8.2.0/libgcc.a(_div_df.o)
                0x0000000006023630                __divdf3
 .text          0x0000000006023760       0x58 /joengine/Compiler/LINUX/bin/../lib/gcc/sh-none-elf/8.2.0/libgcc.a(_eq_df.o)
                0x0000000006023760                __eqdf2
 .text          0x00000000060237b8       0x58 /joengine/Compiler/LINUX/bin/../lib/gcc/sh-none-elf/8.2.0/libgcc.a(_ne_df.o)
                0x00000000060237b8                __nedf2
 .text          0x0000000006023810       0x50 /joengine/Compiler/LINUX/bin/../lib/gcc/sh-none-elf/8.2.0/libgcc.a(_gt_df.o)
                0x0000000006023810                __gtdf2
 .text          0x0000000006023860       0x50 /joengine/Compiler/LINUX/bin/../lib/gcc/sh-none-elf/8.2.0/libgcc.a(_ge_df.o)
                0x0000000006023860                __gedf2
 .text          0x00000000060238b0       0x58 /joengine/Compiler/LINUX/bin/../lib/gcc/sh-none-elf/8.2.0/libgcc.a(_lt_df.o)
                0x00000000060238b0                __ltdf2
 .text          0x0000000006023908       0x58 /joengine/Compiler/LINUX/bin/../lib/gcc/sh-none-elf/8.2.0/libgcc.a(_le_df.o)
                0x0000000006023908                __ledf2
 .text          0x0000000006023960       0x40 /joengine/Compiler/LINUX/bin/../lib/gcc/sh-none-elf/8.2.0/libgcc.a(_unord_df.o)
                0x0000000006023960                __unorddf2
 .text          0x00000000060239a0       0xa8 /joengine/Compiler/LINUX/bin/../lib/gcc/sh-none-elf/8.2.0/libgcc.a(_si_to_df.o)
                0x00000000060239a0                __floatsidf
 .text          0x0000000006023a48       0xa4 /joengine/Compiler/LINUX/bin/../lib/gcc/sh-none-elf/8.2.0/libgcc.a(_df_to_si.o)
                0x0000000006023a48                __fixdfsi
 .text          0x0000000006023aec        0x0 /joengine/Compiler/LINUX/bin/../lib/gcc/sh-none-elf/8.2.0/libgcc.a(_thenan_df.o)
 .text          0x0000000006023aec       0x88 /joengine/Compiler/LINUX/bin/../lib/gcc/sh-none-elf/8.2.0/libgcc.a(_usi_to_df.o)
                0x0000000006023aec                __floatunsidf
 *fill*         0x0000000006023b74        0x4 
 .text          0x0000000006023b78       0x60 /joengine/Compiler/LINUX/bin/../lib/gcc/sh-none-elf/8.2.0/libgcc.a(_udiv_qrnnd_16.o)
                0x0000000006023b78                __udiv_qrnnd_16
 .text          0x0000000006023bd8        0x0 /joengine/Compiler/LINUX/bin/../lib/gcc/sh-none-elf/8.2.0/libgcc.a(_clz.o)
 .text          0x0000000006023bd8       0x58 /joengine/Compiler/LINUX/bin/../lib/gcc/sh-none-elf/8.2.0/libgcc.a(_clzsi2.o)
                0x0000000006023bd8                __clzsi2
 .text          0x0000000006023c30      0x25c /joengine/Compiler/LINUX/bin/../lib/gcc/sh-none-elf/8.2.0/libgcc.a(_pack_df.o)
                0x0000000006023c30                __pack_d
 .text          0x0000000006023e8c       0xcc /joengine/Compiler/LINUX/bin/../lib/gcc/sh-none-elf/8.2.0/libgcc.a(_unpack_df.o)
                0x0000000006023e8c                __unpack_d
 .text          0x0000000006023f58       0xc8 /joengine/Compiler/LINUX/bin/../lib/gcc/sh-none-elf/8.2.0/libgcc.a(_fpcmp_parts_df.o)
                0x0000000006023f58                __fpcmp_parts_d
 *(.strings)
 *(SEGA_P)
 *(.eh_frame_hdr)
 *(.eh_frame)
 .eh_frame      0x0000000006024020       0xa8 /joengine/Compiler/LINUX/bin/../lib/gcc/sh-none-elf/8.2.0/libgcc.a(_udivdi3.o)
 .eh_frame      0x00000000060240c8       0xdc /joengine/Compiler/LINUX/bin/../lib/gcc/sh-none-elf/8.2.0/libgcc.a(_umoddi3.o)
                0x00000000060241a4                __etext = .

.text.startup   0x00000000060241b0      0xb80
 .text.startup  0x00000000060241b0      0xb7c /tmp/ccgkosB3.ltrans0.ltrans.o
                0x00000000060241b0                main

SLPROG          0x0000000006024d40    0x158a0
                0x0000000006024d40                __slprog_start = .
 *(SLPROG)
 SLPROG         0x0000000006024d40     0x6540 /joengine/Compiler/COMMON/SGL_302j/LIB_ELF/SGLAREA.O
                0x0000000006024d40                MasterStack
                0x0000000006024d44                SlaveStack
                0x0000000006024d48                MaxVertices
                0x0000000006024d4a                MaxPolygons
                0x0000000006024d4c                SortList
                0x0000000006024d50                SortListSize
                0x0000000006024d54                TransList
                0x0000000006024d58                Zbuffer
                0x0000000006024d5c                SpriteBuf
                0x0000000006024d60                SpriteBufSize
                0x0000000006024d64                Pbuffer
                0x0000000006024d68                CommandBuf
                0x0000000006024d6c                CLOfstBuf
                0x0000000006024d70                PCM_Work
                0x0000000006024d74                PCM_WkSize
                0x0000000006024d78                MaxEvents
                0x0000000006024d7a                EventSize
                0x0000000006024d7c                MaxWorks
                0x0000000006024d7e                WorkSize
                0x0000000006024d80                RemainEvent
                0x0000000006024e80                RemainWork
                0x0000000006025280                EventBuf
                0x0000000006027280                WorkBuf
 SLPROG         0x000000000602b280     0x411e /joengine/Compiler/COMMON/SGL_302j/LIB_ELF/LIBSGL.A(sglA01.o)
                0x000000000602b280                slSin
                0x000000000602b2a4                slCos
                0x000000000602b2c8                GetSinCos
                0x000000000602b35c                sin_cos_index_tbl
                0x000000000602b39c                sin_tbl
 *fill*         0x000000000602f39e        0x2 
 SLPROG         0x000000000602f3a0       0x18 /joengine/Compiler/COMMON/SGL_302j/LIB_ELF/LIBSGL.A(sglA15.o)
                0x000000000602f3a0                slSlaveFunc
 *fill*         0x000000000602f3b8        0x8 
 SLPROG         0x000000000602f3c0       0xd0 /joengine/Compiler/COMMON/SGL_302j/LIB_ELF/LIBSGL.A(sglA16.o)
                0x000000000602f3c0                slLookAt
 SLPROG         0x000000000602f490       0x78 /joengine/Compiler/COMMON/SGL_302j/LIB_ELF/LIBSGL.A(sglA17.o)
                0x000000000602f490                slRotZ
                0x000000000602f49a                slRotZSC
 *fill*         0x000000000602f508        0x8 
 SLPROG         0x000000000602f510       0x78 /joengine/Compiler/COMMON/SGL_302j/LIB_ELF/LIBSGL.A(sglA18.o)
                0x000000000602f510                slRotY
                0x000000000602f51a                slRotYSC
 *fill*         0x000000000602f588        0x8 
 SLPROG         0x000000000602f590       0x78 /joengine/Compiler/COMMON/SGL_302j/LIB_ELF/LIBSGL.A(sglA19.o)
                0x000000000602f590                slRotX
                0x000000000602f59a                slRotXSC
 *fill*         0x000000000602f608        0x8 
 SLPROG         0x000000000602f610      0x42c /joengine/Compiler/COMMON/SGL_302j/LIB_ELF/LIBSGL.A(sglA20.o)
                0x000000000602f610                slInitMatrix
                0x000000000602f61a                slPushUnitMatrix
                0x000000000602f62e                slUnitMatrix
 *fill*         0x000000000602fa3c        0x4 
 SLPROG         0x000000000602fa40       0x48 /joengine/Compiler/COMMON/SGL_302j/LIB_ELF/LIBSGL.A(sglA21.o)
                0x000000000602fa40                slPushMatrix
                0x000000000602fa74                slPopMatrix
                0x000000000602fa74                slDecMatrixPtr
 *fill*         0x000000000602fa88        0x8 
 SLPROG         0x000000000602fa90       0x50 /joengine/Compiler/COMMON/SGL_302j/LIB_ELF/LIBSGL.A(sglA27.o)
                0x000000000602fa90                slTranslate
 SLPROG         0x000000000602fae0       0x70 /joengine/Compiler/COMMON/SGL_302j/LIB_ELF/LIBSGL.A(sglA28.o)
                0x000000000602fae0                slScale
 SLPROG         0x000000000602fb50       0x22 /joengine/Compiler/COMMON/SGL_302j/LIB_ELF/LIBSGL.A(sglA40.o)
                0x000000000602fb50                slCalcVector
 *fill*         0x000000000602fb72        0xe 
 SLPROG         0x000000000602fb80       0x20 /joengine/Compiler/COMMON/SGL_302j/LIB_ELF/LIBSGL.A(sglB001.o)
                0x000000000602fb80                slTVOn
                0x000000000602fb8a                slTVOff
 SLPROG         0x000000000602fba0       0x24 /joengine/Compiler/COMMON/SGL_302j/LIB_ELF/LIBSGL.A(sglB011.o)
                0x000000000602fba0                slBitMapNbg1
 *fill*         0x000000000602fbc4        0xc 
 SLPROG         0x000000000602fbd0        0x8 /joengine/Compiler/COMMON/SGL_302j/LIB_ELF/LIBSGL.A(sglB014.o)
                0x000000000602fbd0                slScrTransparent
 *fill*         0x000000000602fbd8        0x8 
 SLPROG         0x000000000602fbe0      0x40c /joengine/Compiler/COMMON/SGL_302j/LIB_ELF/LIBSGL.A(sglB015.o)
                0x000000000602fbe0                slScrAutoDisp
 *fill*         0x000000000602ffec        0x4 
 SLPROG         0x000000000602fff0        0xc /joengine/Compiler/COMMON/SGL_302j/LIB_ELF/LIBSGL.A(sglB016.o)
                0x000000000602fff0                slBack1ColSet
 *fill*         0x000000000602fffc        0x4 
 SLPROG         0x0000000006030000       0x10 /joengine/Compiler/COMMON/SGL_302j/LIB_ELF/LIBSGL.A(sglB020.o)
                0x0000000006030000                slColorCalc
 SLPROG         0x0000000006030010        0xc /joengine/Compiler/COMMON/SGL_302j/LIB_ELF/LIBSGL.A(sglB021.o)
                0x0000000006030010                slColorCalcOn
 *fill*         0x000000000603001c        0x4 
 SLPROG         0x0000000006030020        0xc /joengine/Compiler/COMMON/SGL_302j/LIB_ELF/LIBSGL.A(sglB023.o)
                0x0000000006030020                slColRate
 *fill*         0x000000000603002c        0x4 
 SLPROG         0x0000000006030030       0xb0 /joengine/Compiler/COMMON/SGL_302j/LIB_ELF/LIBSGL.A(sglB031.o)
                0x0000000006030030                slMapNbg0
 SLPROG         0x00000000060300e0       0xb4 /joengine/Compiler/COMMON/SGL_302j/LIB_ELF/LIBSGL.A(sglB032.o)
                0x00000000060300e0                slMapNbg1
 *fill*         0x0000000006030194        0xc 
 SLPROG         0x00000000060301a0       0xb0 /joengine/Compiler/COMMON/SGL_302j/LIB_ELF/LIBSGL.A(sglB033.o)
                0x00000000060301a0                slMapNbg2
 SLPROG         0x0000000006030250       0xb4 /joengine/Compiler/COMMON/SGL_302j/LIB_ELF/LIBSGL.A(sglB034.o)
                0x0000000006030250                slMapNbg3
 *fill*         0x0000000006030304        0xc 
 SLPROG         0x0000000006030310       0xd4 /joengine/Compiler/COMMON/SGL_302j/LIB_ELF/LIBSGL.A(sglB035.o)
                0x0000000006030310                sl1MapRA
                0x00000000060303a2                rbank_set
 *fill*         0x00000000060303e4        0xc 
 SLPROG         0x00000000060303f0       0xa0 /joengine/Compiler/COMMON/SGL_302j/LIB_ELF/LIBSGL.A(sglB036.o)
                0x00000000060303f0                sl1MapRB
 SLPROG         0x0000000006030490       0x70 /joengine/Compiler/COMMON/SGL_302j/LIB_ELF/LIBSGL.A(sglB038.o)
                0x0000000006030490                slRparaInitSet
 SLPROG         0x0000000006030500       0x7e /joengine/Compiler/COMMON/SGL_302j/LIB_ELF/LIBSGL.A(sglB039.o)
                0x0000000006030500                slMakeKtable
 *fill*         0x000000000603057e        0x2 
 SLPROG         0x0000000006030580       0x58 /joengine/Compiler/COMMON/SGL_302j/LIB_ELF/LIBSGL.A(sglB040.o)
                0x0000000006030580                slKtableRA
 *fill*         0x00000000060305d8        0x8 
 SLPROG         0x00000000060305e0       0x5c /joengine/Compiler/COMMON/SGL_302j/LIB_ELF/LIBSGL.A(sglB041.o)
                0x00000000060305e0                slKtableRB
 *fill*         0x000000000603063c        0x4 
 SLPROG         0x0000000006030640       0x10 /joengine/Compiler/COMMON/SGL_302j/LIB_ELF/LIBSGL.A(sglB042.o)
                0x0000000006030640                slCurRpara
 SLPROG         0x0000000006030650        0x8 /joengine/Compiler/COMMON/SGL_302j/LIB_ELF/LIBSGL.A(sglB043.o)
                0x0000000006030650                slRparaMode
 *fill*         0x0000000006030658        0x8 
 SLPROG         0x0000000006030660      0x4e4 /joengine/Compiler/COMMON/SGL_302j/LIB_ELF/LIBSGL.A(sglB044.o)
                0x0000000006030660                slScrMatSet
 *fill*         0x0000000006030b44        0xc 
 SLPROG         0x0000000006030b50       0x28 /joengine/Compiler/COMMON/SGL_302j/LIB_ELF/LIBSGL.A(sglB045.o)
                0x0000000006030b50                slScrMatConv
 *fill*         0x0000000006030b78        0x8 
 SLPROG         0x0000000006030b80        0xc /joengine/Compiler/COMMON/SGL_302j/LIB_ELF/LIBSGL.A(sglB047.o)
                0x0000000006030b80                slOverRA
 *fill*         0x0000000006030b8c        0x4 
 SLPROG         0x0000000006030b90       0x10 /joengine/Compiler/COMMON/SGL_302j/LIB_ELF/LIBSGL.A(sglB048.o)
                0x0000000006030b90                slOverRB
 SLPROG         0x0000000006030ba0        0xc /joengine/Compiler/COMMON/SGL_302j/LIB_ELF/LIBSGL.A(sglB055.o)
                0x0000000006030ba0                slPlaneNbg0
 *fill*         0x0000000006030bac        0x4 
 SLPROG         0x0000000006030bb0        0xc /joengine/Compiler/COMMON/SGL_302j/LIB_ELF/LIBSGL.A(sglB056.o)
                0x0000000006030bb0                slPlaneNbg1
 *fill*         0x0000000006030bbc        0x4 
 SLPROG         0x0000000006030bc0       0x10 /joengine/Compiler/COMMON/SGL_302j/LIB_ELF/LIBSGL.A(sglB057.o)
                0x0000000006030bc0                slPlaneNbg2
 SLPROG         0x0000000006030bd0       0x10 /joengine/Compiler/COMMON/SGL_302j/LIB_ELF/LIBSGL.A(sglB058.o)
                0x0000000006030bd0                slPlaneNbg3
 SLPROG         0x0000000006030be0        0xc /joengine/Compiler/COMMON/SGL_302j/LIB_ELF/LIBSGL.A(sglB059.o)
                0x0000000006030be0                slPlaneRA
 *fill*         0x0000000006030bec        0x4 
 SLPROG         0x0000000006030bf0       0x10 /joengine/Compiler/COMMON/SGL_302j/LIB_ELF/LIBSGL.A(sglB060.o)
                0x0000000006030bf0                slPlaneRB
 SLPROG         0x0000000006030c00        0xc /joengine/Compiler/COMMON/SGL_302j/LIB_ELF/LIBSGL.A(sglB063.o)
                0x0000000006030c00                slPriority
 *fill*         0x0000000006030c0c        0x4 
 SLPROG         0x0000000006030c10       0x18 /joengine/Compiler/COMMON/SGL_302j/LIB_ELF/LIBSGL.A(sglB087.o)
                0x0000000006030c10                slLineScrollTable0
 *fill*         0x0000000006030c28        0x8 
 SLPROG         0x0000000006030c30        0x8 /joengine/Compiler/COMMON/SGL_302j/LIB_ELF/LIBSGL.A(sglB088.o)
                0x0000000006030c30                slLineScrollTable1
 *fill*         0x0000000006030c38        0x8 
 SLPROG         0x0000000006030c40        0xc /joengine/Compiler/COMMON/SGL_302j/LIB_ELF/LIBSGL.A(sglB090.o)
                0x0000000006030c40                slLineScrollMode
 *fill*         0x0000000006030c4c        0x4 
 SLPROG         0x0000000006030c50      0x114 /joengine/Compiler/COMMON/SGL_302j/LIB_ELF/LIBSGL.A(sglB200.o)
                0x0000000006030c50                slCharRbg0
                0x0000000006030c5c                slCharNbg0
                0x0000000006030c68                slCharNbg1
                0x0000000006030c74                slCharNbg2
                0x0000000006030c8a                slCharNbg3
                0x0000000006030ca2                slPageRbg0
                0x0000000006030cb8                slPageNbg1
                0x0000000006030cc0                slPageNbg2
                0x0000000006030cc8                slPageNbg3
                0x0000000006030cd4                slPageNbg0
 *fill*         0x0000000006030d64        0xc 
 SLPROG         0x0000000006030d70       0x6c /joengine/Compiler/COMMON/SGL_302j/LIB_ELF/LIBSGL.A(sglC01.o)
                0x0000000006030d70                slPerspective
 *fill*         0x0000000006030ddc        0x4 
 SLPROG         0x0000000006030de0       0xc4 /joengine/Compiler/COMMON/SGL_302j/LIB_ELF/LIBSGL.A(sglC03.o)
                0x0000000006030de0                slWindow
 *fill*         0x0000000006030ea4        0xc 
 SLPROG         0x0000000006030eb0       0x2c /joengine/Compiler/COMMON/SGL_302j/LIB_ELF/LIBSGL.A(sglC04.o)
                0x0000000006030eb0                slZdspLevel
 *fill*         0x0000000006030edc        0x4 
 SLPROG         0x0000000006030ee0       0x78 /joengine/Compiler/COMMON/SGL_302j/LIB_ELF/LIBSGL.A(sglC05.o)
                0x0000000006030ee0                slSetSprite
 *fill*         0x0000000006030f58        0x8 
 SLPROG         0x0000000006030f60       0xfa /joengine/Compiler/COMMON/SGL_302j/LIB_ELF/LIBSGL.A(sglC06.o)
                0x0000000006030f60                slDispSprite
 *fill*         0x000000000603105a        0x6 
 SLPROG         0x0000000006031060      0x162 /joengine/Compiler/COMMON/SGL_302j/LIB_ELF/LIBSGL.A(sglC07.o)
                0x0000000006031066                slPutSprite
 *fill*         0x00000000060311c2        0xe 
 SLPROG         0x00000000060311d0     0x1218 /joengine/Compiler/COMMON/SGL_302j/LIB_ELF/LIBSGL.A(sglC08.o)
                0x00000000060311d0                slPutPolygon
                0x0000000006031e4c                MsCalcDepthFlat
 *fill*         0x00000000060323e8        0x8 
 SLPROG         0x00000000060323f0       0x8c /joengine/Compiler/COMMON/SGL_302j/LIB_ELF/LIBSGL.A(sglC14.o)
                0x00000000060323f0                slCurWindow
 *fill*         0x000000000603247c        0x4 
 SLPROG         0x0000000006032480       0x54 /joengine/Compiler/COMMON/SGL_302j/LIB_ELF/LIBSGL.A(sglC16.o)
                0x0000000006032480                slDynamicFrame
 *fill*         0x00000000060324d4        0xc 
 SLPROG         0x00000000060324e0       0x4c /joengine/Compiler/COMMON/SGL_302j/LIB_ELF/LIBSGL.A(sglC17.o)
                0x00000000060324e0                slDispSpriteHV
 *fill*         0x000000000603252c        0x4 
 SLPROG         0x0000000006032530       0xd4 /joengine/Compiler/COMMON/SGL_302j/LIB_ELF/LIBSGL.A(sglC19.o)
                0x0000000006032530                slDispSprite4P
 *fill*         0x0000000006032604        0xc 
 SLPROG         0x0000000006032610       0x40 /joengine/Compiler/COMMON/SGL_302j/LIB_ELF/LIBSGL.A(sglC20.o)
                0x0000000006032610                SpriteEntry
 SLPROG         0x0000000006032650      0x4ae /joengine/Compiler/COMMON/SGL_302j/LIB_ELF/LIBSGL.A(sglC21.o)
                0x00000000060326d8                RotSprite
                0x0000000006032766                SetSprPosition
 *fill*         0x0000000006032afe        0x2 
 SLPROG         0x0000000006032b00       0x84 /joengine/Compiler/COMMON/SGL_302j/LIB_ELF/LIBSGL.A(sglD00.o)
                0x0000000006032b00                slDMACopy
                0x0000000006032b00                slCpuDMACopy
                0x0000000006032b5a                slCashPurge
                0x0000000006032b5a                CSH_AllClr
 *fill*         0x0000000006032b84        0xc 
 SLPROG         0x0000000006032b90       0xa0 /joengine/Compiler/COMMON/SGL_302j/LIB_ELF/LIBSGL.A(sglD01.o)
                0x0000000006032b90                slDMAXCopy
 SLPROG         0x0000000006032c30       0x10 /joengine/Compiler/COMMON/SGL_302j/LIB_ELF/LIBSGL.A(sglD02.o)
                0x0000000006032c30                slDMAWait
 SLPROG         0x0000000006032c40        0xc /joengine/Compiler/COMMON/SGL_302j/LIB_ELF/LIBSGL.A(sglD03.o)
                0x0000000006032c40                slDMAStatus
 *fill*         0x0000000006032c4c        0x4 
 SLPROG         0x0000000006032c50       0x20 /joengine/Compiler/COMMON/SGL_302j/LIB_ELF/LIBSGL.A(sglD15.o)
                0x0000000006032c50                CSH_Purge
 SLPROG         0x0000000006032c70       0x84 /joengine/Compiler/COMMON/SGL_302j/LIB_ELF/LIBSGL.A(sglD16.o)
                0x0000000006032c70                DMA_ScuSetPrm
                0x0000000006032cb8                DMA_SCU_PRM0
 *fill*         0x0000000006032cf4        0xc 
 SLPROG         0x0000000006032d00       0x88 /joengine/Compiler/COMMON/SGL_302j/LIB_ELF/LIBSGL.A(sglD17.o)
                0x0000000006032d00                DMA_ScuStart
 *fill*         0x0000000006032d88        0x8 
 SLPROG         0x0000000006032d90       0x34 /joengine/Compiler/COMMON/SGL_302j/LIB_ELF/LIBSGL.A(sglD18.o)
                0x0000000006032d90                DMA_ScuGetStatus
 *fill*         0x0000000006032dc4        0xc 
 SLPROG         0x0000000006032dd0       0x34 /joengine/Compiler/COMMON/SGL_302j/LIB_ELF/LIBSGL.A(sglF08.o)
                0x0000000006032dd0                slDec2Hex
 *fill*         0x0000000006032e04        0xc 
 SLPROG         0x0000000006032e10      0xfc8 /joengine/Compiler/COMMON/SGL_302j/LIB_ELF/LIBSGL.A(sglH00.o)
                0x0000000006032e28                slGetPortDir1
                0x0000000006032e30                slGetPortDir2
                0x0000000006032e38                slSetPortDir1
                0x0000000006032e62                slSetPortDir2
                0x0000000006032e9c                slGetPortData1
                0x0000000006032ea4                slGetPortData2
                0x0000000006032eac                slSetPortData1
                0x0000000006032eb6                slSetPortData2
                0x0000000006032ec8                slGetPortSelect1
                0x0000000006032ed2                slGetPortSelect2
                0x0000000006032edc                slSetPortSelect1
                0x0000000006032f10                slSetPortSelect2
                0x0000000006032f4c                slGetPortExt1
                0x0000000006032f56                slGetPortExt2
                0x0000000006032f60                slSetPortExt1
                0x0000000006032f90                slSetPortExt2
                0x0000000006033104                slSmpcDirectAccess
                0x0000000006033184                slInitPeripheral
                0x0000000006033216                slSetResultBuffer
                0x00000000060332a2                slCheckIntBackSet
                0x00000000060332ae                slIntBackCancel
                0x00000000060332d8                slCheckReset
                0x00000000060332e2                slClearReset
                0x00000000060334a8                slSmpcCashSend
                0x0000000006033564                slSmpcCashBlow
                0x0000000006033640                slGetOptimize
                0x000000000603364a                slSetOptimize
                0x0000000006033670                slGetPortMode1
                0x000000000603367c                slGetPortMode2
                0x000000000603368a                slSetPortMode1
                0x00000000060336c8                slSetPortMode2
                0x0000000006033854                slRequestCommand
                0x00000000060338c4                Smpc_Status
                0x00000000060338c8                Smpc_Result
                0x00000000060338cc                Smpc_Peripheral
                0x00000000060338d2                Per_Connect1
                0x00000000060338d3                Per_Connect2
                0x00000000060338f4                SmpcStatusBuf
 *fill*         0x0000000006033dd8        0x8 
 SLPROG         0x0000000006033de0       0xa8 /joengine/Compiler/COMMON/SGL_302j/LIB_ELF/LIBSGL.A(sglH01.o)
                0x0000000006033de0                slGetLanguage
                0x0000000006033dea                slSetLanguage
                0x0000000006033e0c                slGetSoundEffect
                0x0000000006033e18                slSetSoundEffect
                0x0000000006033e34                slGetSoundOutput
                0x0000000006033e40                slSetSoundOutput
                0x0000000006033e5c                slGetHelpWindow
                0x0000000006033e68                slSetHelpWindow
 *fill*         0x0000000006033e88        0x8 
 SLPROG         0x0000000006033e90      0x470 /joengine/Compiler/COMMON/SGL_302j/LIB_ELF/LIBSGL.A(sglH02.o)
                0x0000000006034280                smpc_pfr_tbl
                0x00000000060342c0                smpc_ptf_tbl
 SLPROG         0x0000000006034300       0x60 /joengine/Compiler/COMMON/SGL_302j/LIB_ELF/LIBSGL.A(sglH04.o)
                0x0000000006034300                slComPrmIntBack
                0x0000000006034314                slComPrmSetMemory
                0x000000000603432a                slComPrmSetTime
 SLPROG         0x0000000006034360      0x3a4 /joengine/Compiler/COMMON/SGL_302j/LIB_ELF/LIBSGL.A(sglI01.o)
                0x0000000006034360                slInitSynch
                0x000000000603437a                slSynch
                0x0000000006034470                slRandom
                0x000000000603448e                PCM_EndCheck
                0x000000000603454a                RetPCMBuf
                0x00000000060345e4                PCM_Buf
                0x0000000006034684                Sound_Buf
 *fill*         0x0000000006034704        0xc 
 SLPROG         0x0000000006034710       0x10 /joengine/Compiler/COMMON/SGL_302j/LIB_ELF/LIBSGL.A(sglI04.o)
                0x0000000006034710                slIntFunction
 SLPROG         0x0000000006034720       0x74 /joengine/Compiler/COMMON/SGL_302j/LIB_ELF/LIBSGL.A(sglJ00.o)
                0x0000000006034720                InitSlaveSH
                0x0000000006034788                SlaveCommand
 *fill*         0x0000000006034794        0xc 
 SLPROG         0x00000000060347a0      0x3d0 /joengine/Compiler/COMMON/SGL_302j/LIB_ELF/LIBSGL.A(sglJ01.o)
                0x00000000060347a0                SlaveControl
                0x0000000006034b5c                ErasePolygonData
 SLPROG         0x0000000006034b70     0x12b8 /joengine/Compiler/COMMON/SGL_302j/LIB_ELF/LIBSGL.A(sglJ02.o)
                0x0000000006034b70                sbMakePolygon
                0x0000000006034d58                sbCalcPolygon
                0x0000000006035a90                SetTexture
                0x0000000006035a9c                SetPolygon
                0x0000000006035aa4                SetPosition
                0x0000000006035adc                stvtc_4
                0x0000000006035b94                stvtc_3
                0x0000000006035da4                stvtc_1
                0x0000000006035db8                stvtc_2
                0x0000000006035dcc                stvtc_0
 *fill*         0x0000000006035e28        0x8 
 SLPROG         0x0000000006035e30      0x140 /joengine/Compiler/COMMON/SGL_302j/LIB_ELF/LIBSGL.A(sglJ03.o)
                0x0000000006035e30                sbMakeDMATable
 SLPROG         0x0000000006035f70      0x470 /joengine/Compiler/COMMON/SGL_302j/LIB_ELF/LIBSGL.A(sglJ04.o)
                0x0000000006035fce                sbMakeSprite
                0x0000000006036034                sbMakeRotSprite
 SLPROG         0x00000000060363e0       0x3c /joengine/Compiler/COMMON/SGL_302j/LIB_ELF/LIBSGL.A(sglJ05.o)
                0x00000000060363e0                sbSortEntry
 *fill*         0x000000000603641c        0x4 
 SLPROG         0x0000000006036420      0x4b8 /joengine/Compiler/COMMON/SGL_302j/LIB_ELF/LIBSGL.A(sglM00.o)
                0x0000000006036420                slInitGouraud
                0x0000000006036514                slPutPolygonX
                0x000000000603655a                slGouraudTblCopy
                0x00000000060365b2                slSetGouraudTbl
                0x00000000060365b8                slSetGouraudColor
                0x0000000006036630                slSetAmbient
                0x0000000006036654                slSetFlatColor
 *fill*         0x00000000060368d8        0x8 
 SLPROG         0x00000000060368e0       0x6a /joengine/Compiler/COMMON/SGL_302j/LIB_ELF/LIBSGL.A(sglM01.o)
                0x00000000060368e0                slSetDepthLimit
                0x000000000603690c                slSetDepthTbl
                0x000000000603693c                DepthWorkArea
 *fill*         0x000000000603694a        0x6 
 SLPROG         0x0000000006036950       0x20 /joengine/Compiler/COMMON/SGL_302j/LIB_ELF/LIBSGL.A(sglA00.o)
                0x0000000006036950                set_imask
                0x0000000006036950                _builtin_set_imask
                0x0000000006036964                get_imask
                0x0000000006036964                _builtin_get_imask
 SLPROG         0x0000000006036970     0x215c /joengine/Compiler/COMMON/SGL_302j/LIB_ELF/LIBSGL.A(sglA03.o)
                0x0000000006036970                slTan
 *fill*         0x0000000006038acc        0x4 
 SLPROG         0x0000000006038ad0       0x34 /joengine/Compiler/COMMON/SGL_302j/LIB_ELF/LIBSGL.A(sglA10.o)
                0x0000000006038ad0                slSquartDbl
 *fill*         0x0000000006038b04        0xc 
 SLPROG         0x0000000006038b10      0x3c2 /joengine/Compiler/COMMON/SGL_302j/LIB_ELF/LIBSGL.A(sglA24.o)
                0x0000000006038b10                slInversMatrix
 *fill*         0x0000000006038ed2        0xe 
 SLPROG         0x0000000006038ee0       0x24 /joengine/Compiler/COMMON/SGL_302j/LIB_ELF/LIBSGL.A(sglA25.o)
                0x0000000006038ee0                slTransposeMatrix
 *fill*         0x0000000006038f04        0xc 
 SLPROG         0x0000000006038f10      0xbd0 /joengine/Compiler/COMMON/SGL_302j/LIB_ELF/LIBSGL.A(sglB000.o)
                0x0000000006038f10                slInitScroll
                0x0000000006039030                setASC_1to8
                0x0000000006039060                setASC_4to8
                0x0000000006039170                TVSizeTbl
                0x00000000060391f0                TVModeTbl