Archive member included to satisfy reference by file (symbol)

/joe/Compiler/COMMON/SGL_302j/LIB_ELF/SEGA_SYS.A(sys_exit.o)
                              jo_engine/core.o (symbol from plugin) (SYS_Exit)
/joe/Compiler/COMMON/SGL_302j/LIB_ELF/SEGA_SYS.A(sys_sub.o)
                              /joe/Compiler/COMMON/SGL_302j/LIB_ELF/SEGA_SYS.A(sys_exit.o) (SYSUB_SetStackptr)
/joe/Compiler/COMMON/SGL_302j/LIB_ELF/LIBCD.A(CDC_CMN.O)
                              /joe/Compiler/COMMON/SGL_302j/LIB_ELF/SEGA_SYS.A(sys_exit.o) (CDC_GetCurStat)
/joe/Compiler/COMMON/SGL_302j/LIB_ELF/LIBCD.A(CDC_DRV.O)
                              pcmsys.o (symbol from plugin) (CDC_CdPlay)
/joe/Compiler/COMMON/SGL_302j/LIB_ELF/LIBCD.A(CDC_CFS.O)
                              /joe/Compiler/COMMON/SGL_302j/LIB_ELF/SEGA_SYS.A(sys_exit.o) (CDC_ChgDir)
/joe/Compiler/COMMON/SGL_302j/LIB_ELF/LIBCD.A(CDC_REG.O)
                              /joe/Compiler/COMMON/SGL_302j/LIB_ELF/SEGA_SYS.A(sys_exit.o) (CDC_GetHirqReq)
/joe/Compiler/COMMON/SGL_302j/LIB_ELF/LIBCD.A(CDC_SUB.O)
                              /joe/Compiler/COMMON/SGL_302j/LIB_ELF/LIBCD.A(CDC_CMN.O) (CDSUB_UpdStatus)
/joe/Compiler/COMMON/SGL_302j/LIB_ELF/LIBCD.A(GFS.O)
                              pcmsys.o (symbol from plugin) (GFS_Init)
/joe/Compiler/COMMON/SGL_302j/LIB_ELF/LIBCD.A(GFS_BUF.O)
                              /joe/Compiler/COMMON/SGL_302j/LIB_ELF/LIBCD.A(GFS.O) (GFBF_GetNumData)
/joe/Compiler/COMMON/SGL_302j/LIB_ELF/LIBCD.A(GFS_CDB.O)
                              /joe/Compiler/COMMON/SGL_302j/LIB_ELF/LIBCD.A(GFS.O) (GFCB_Close)
/joe/Compiler/COMMON/SGL_302j/LIB_ELF/LIBCD.A(GFS_CDC.O)
                              /joe/Compiler/COMMON/SGL_302j/LIB_ELF/LIBCD.A(GFS.O) (GFCD_SetCdbfs)
/joe/Compiler/COMMON/SGL_302j/LIB_ELF/LIBCD.A(GFS_CDF.O)
                              /joe/Compiler/COMMON/SGL_302j/LIB_ELF/LIBCD.A(GFS.O) (GFCF_Init)
/joe/Compiler/COMMON/SGL_302j/LIB_ELF/LIBCD.A(GFS_DIR.O)
                              /joe/Compiler/COMMON/SGL_302j/LIB_ELF/LIBCD.A(GFS.O) (GFDR_SetupDirTbl)
/joe/Compiler/COMMON/SGL_302j/LIB_ELF/LIBCD.A(GFS_TRN.O)
                              /joe/Compiler/COMMON/SGL_302j/LIB_ELF/LIBCD.A(GFS.O) (GFTR_Setup)
/joe/Compiler/COMMON/SGL_302j/LIB_ELF/LIBCD.A(CDC_DEV.O)
                              /joe/Compiler/COMMON/SGL_302j/LIB_ELF/LIBCD.A(GFS_CDC.O) (CDC_CdSetCon)
/joe/Compiler/COMMON/SGL_302j/LIB_ELF/LIBCD.A(CDC_SEL.O)
                              /joe/Compiler/COMMON/SGL_302j/LIB_ELF/LIBCD.A(GFS_CDC.O) (CDC_SetFiltRange)
/joe/Compiler/COMMON/SGL_302j/LIB_ELF/LIBCD.A(CDC_BIF.O)
                              /joe/Compiler/COMMON/SGL_302j/LIB_ELF/LIBCD.A(GFS_CDC.O) (CDC_GetBufSiz)
/joe/Compiler/COMMON/SGL_302j/LIB_ELF/LIBCD.A(CDC_BIO.O)
                              /joe/Compiler/COMMON/SGL_302j/LIB_ELF/LIBCD.A(GFS_CDC.O) (CDC_SetSctLen)
/joe/Compiler/COMMON/SGL_302j/LIB_ELF/LIBSGL.A(sglA01.o)
                              jo_engine/math.o (symbol from plugin) (slSin)
/joe/Compiler/COMMON/SGL_302j/LIB_ELF/LIBSGL.A(sglA15.o)
                              jo_engine/slave.o (symbol from plugin) (slSlaveFunc)
/joe/Compiler/COMMON/SGL_302j/LIB_ELF/LIBSGL.A(sglA16.o)
                              main.o (symbol from plugin) (slLookAt)
/joe/Compiler/COMMON/SGL_302j/LIB_ELF/LIBSGL.A(sglA17.o)
                              /joe/Compiler/COMMON/SGL_302j/LIB_ELF/LIBSGL.A(sglA16.o) (slRotZ)
/joe/Compiler/COMMON/SGL_302j/LIB_ELF/LIBSGL.A(sglA18.o)
                              main.o (symbol from plugin) (slRotY)
/joe/Compiler/COMMON/SGL_302j/LIB_ELF/LIBSGL.A(sglA19.o)
                              main.o (symbol from plugin) (slRotX)
/joe/Compiler/COMMON/SGL_302j/LIB_ELF/LIBSGL.A(sglA20.o)
                              main.o (symbol from plugin) (slUnitMatrix)
/joe/Compiler/COMMON/SGL_302j/LIB_ELF/LIBSGL.A(sglA21.o)
                              main.o (symbol from plugin) (slPushMatrix)
/joe/Compiler/COMMON/SGL_302j/LIB_ELF/LIBSGL.A(sglA27.o)
                              /joe/Compiler/COMMON/SGL_302j/LIB_ELF/LIBSGL.A(sglA16.o) (slTranslate)
/joe/Compiler/COMMON/SGL_302j/LIB_ELF/LIBSGL.A(sglA28.o)
                              main.o (symbol from plugin) (slScale)
/joe/Compiler/COMMON/SGL_302j/LIB_ELF/LIBSGL.A(sglA40.o)
                              main.o (symbol from plugin) (slCalcVector)
/joe/Compiler/COMMON/SGL_302j/LIB_ELF/LIBSGL.A(sglB001.o)
                              main.o (symbol from plugin) (slTVOn)
/joe/Compiler/COMMON/SGL_302j/LIB_ELF/LIBSGL.A(sglB011.o)
                              jo_engine/vdp2.o (symbol from plugin) (slBitMapNbg1)
/joe/Compiler/COMMON/SGL_302j/LIB_ELF/LIBSGL.A(sglB014.o)
                              jo_engine/vdp2.o (symbol from plugin) (slScrTransparent)
/joe/Compiler/COMMON/SGL_302j/LIB_ELF/LIBSGL.A(sglB015.o)
                              jo_engine/vdp2.o (symbol from plugin) (slScrAutoDisp)
/joe/Compiler/COMMON/SGL_302j/LIB_ELF/LIBSGL.A(sglB016.o)
[...]
Memory Configuration

Name             Origin             Length             Attributes
*default*        0x0000000000000000 0xffffffffffffffff

Linker script and memory map


SLSTART         0x0000000006004000       0x30
                0x0000000006004000                ___Start = .
 *(SLSTART)
 SLSTART        0x0000000006004000       0x28 /joe/Compiler/COMMON/SGL_302j/LIB_ELF/LIBSGL.A(sglI00.o)
                0x0000000006004000                SGL_Start
                0x0000000006004002                slStartSGL

.text           0x0000000006004040    0x26450
 *(.text)
 .text          0x0000000006004040        0x0 /joe/Compiler/COMMON/SGL_302j/LIB_ELF/SGLAREA.O
 .text          0x0000000006004040     0x811c /tmp/ccmrCrX7.ltrans0.ltrans.o
                0x0000000006004684                jo_sprite_draw.constprop.39
                0x00000000060047c8                jo_nbg2_print.constprop.38
                0x0000000006004854                render_CLUT_sprite_MESH.constprop.37
                0x00000000060048a0                __jo_core_set_screens_order.constprop.36
                0x0000000006004970                CDDAPlaySingle.constprop.31
                0x00000000060049ac                jo_free
                0x00000000060049d4                jo_vdp2_clear_bitmap_nbg1.constprop.23
                0x0000000006004a44                jo_backup_unmount.constprop.12
                0x0000000006004adc                jo_vdp2_malloc
                0x0000000006004c80                jo_vdp2_free
                0x0000000006004e78                jo_vdp2_disable_rbg0
                0x0000000006005058                __jo_create_map.lto_priv.573
                0x00000000060050d0                jo_img_to_vdp2_cells
                0x0000000006005178                jo_set_default_background_color
                0x00000000060053a8                jo_sprite_free_from
                0x00000000060055e0                jo_strlen
                0x0000000006005644                jo_getdate
                0x0000000006005718                jo_malloc_with_behaviour
                0x0000000006005d6c                load_textures.constprop.25
                0x0000000006005da8                jo_backup_mount.constprop.7
                0x0000000006005fbc                jo_random
                0x000000000600602c                jo_atan2f_rad
                0x00000000060061f0                load_binary.constprop.29
                0x0000000006006cfc                jo_fixed_cos
                0x0000000006006d58                jo_fixed_sin
                0x00000000060071a8                __jo_tga_any_loader
                0x0000000006007370                jo_sprite_add_tga.constprop.24
                0x00000000060074e4                _realloc_r
                0x0000000006007588                _calloc_r
                0x00000000060075bc                _free_r
                0x00000000060075ec                _malloc_r
                0x0000000006007660                mnet_send_remove_local_player
                0x00000000060076dc                mnet_tick
                0x0000000006008dac                lobby_screen
                0x000000000600a3dc                connecting_screen
 .text          0x000000000600c15c     0xd4bc /tmp/ccmrCrX7.ltrans1.ltrans.o
                0x000000000600cf90                my_vblank
                0x000000000600f824                load_16bit_pcm
                0x000000000600f984                pcm_cease
                0x000000000600f9ac                pcm_play
                0x00000000060135e0                init_3d_planes
                0x0000000006013b20                load_trackmap
                0x0000000006013b5c                load_preview
                0x0000000006013b98                load_level
                0x000000000601480c                load_car
                0x000000000601603c                gameLoop
 .text          0x0000000006019618     0x2e9c /tmp/ccmrCrX7.ltrans2.ltrans.o
                0x0000000006019618                saturn_transport_send.lto_priv.451
                0x0000000006019670                saturn_transport_rx_byte.lto_priv.450
                0x0000000006019684                saturn_transport_rx_ready.lto_priv.449
                0x00000000060196a0                draw_powerups
                0x00000000060197a8                create_particles
                0x000000000601987c                computeLight
                0x00000000060198ec                create_player
                0x0000000006019b2c                set_player_position
                0x0000000006019c74                getSeconds
                0x0000000006019cf8                apply_player_gravity
                0x0000000006019d50                init_1p_display
                0x0000000006019dd8                init_2p_display
                0x0000000006019e68                stop_engine_sound
                0x0000000006019ed4                stop_sounds
                0x0000000006019f54                reset_to_last_checkpoint
                0x000000000601a04c                reset_demo
                0x000000000601a254                render_CLUT_sprite
                0x000000000601a2a4                ztClearText
                0x000000000601a2f0                transition_to_end_level
                0x000000000601a480                mmm_get_p2_port
                0x000000000601a95c                saturn_uart_puts.lto_priv.441
                0x000000000601a9b0                modem_read_line.lto_priv.442
                0x000000000601ab60                modem_escape_to_command.lto_priv.445.lto_priv.447
                0x000000000601b1ec                saturn_uart_init.lto_priv.443
                0x000000000601b2a4                saturn_uart_set_baud.lto_priv.444
                0x000000000601b94c                saturn_uart_flush_rx.lto_priv.448
                0x000000000601b998                saturn_uart_loopback_test.lto_priv.453.lto_priv.455
                0x000000000601ba60                saturn_uart_read_raw.lto_priv.456.lto_priv.458
                0x000000000601badc                saturn_uart_getc_timeout.lto_priv.459.lto_priv.461
                0x000000000601bb10                saturn_uart_getc.lto_priv.462.lto_priv.464
                0x000000000601bb3c                saturn_uart_putc.lto_priv.465.lto_priv.467
                0x000000000601bb78                saturn_uart_read_iir.lto_priv.468.lto_priv.470
                0x000000000601bb90                saturn_uart_read_msr.lto_priv.471.lto_priv.473
                0x000000000601bbb0                saturn_uart_read_lsr.lto_priv.474.lto_priv.476
                0x000000000601bbcc                saturn_uart_clear_errors.lto_priv.477.lto_priv.479
                0x000000000601bbec                saturn_uart_rx_error.lto_priv.480.lto_priv.482
                0x000000000601bc0c                saturn_uart_rx_ready.lto_priv.483.lto_priv.485
                0x000000000601bc28                saturn_uart_tx_ready.lto_priv.486.lto_priv.488
                0x000000000601bd08                saturn_uart_detect.lto_priv.328
                0x000000000601bd94                saturn_uart_reg_write.lto_priv.489.lto_priv.491
                0x000000000601bdac                saturn_uart_reg_read.lto_priv.492.lto_priv.494
                0x000000000601bdc8                saturn_netlink_smpc_disable.lto_priv.495.lto_priv.497
                0x000000000601bdf4                saturn_netlink_smpc_enable.lto_priv.452
                0x000000000601be80                saturn_smpc_command.lto_priv.498.lto_priv.500
                0x000000000601bea8                mnet_encode_lap_complete.lto_priv.341.lto_priv.344
                0x000000000601bed0                mnet_encode_client_log.lto_priv.337.lto_priv.340
                0x000000000601bf78                mnet_encode_leaderboard_req.lto_priv.345.lto_priv.348
                0x000000000601bf88                mnet_encode_remove_local_player.lto_priv.349.lto_priv.352
                0x000000000601bf98                mnet_encode_add_local_player.lto_priv.329.lto_priv.332
                0x000000000601c01c                mnet_encode_powerup_pickup.lto_priv.353.lto_priv.356
                0x000000000601c030                mnet_encode_player_state_p2.lto_priv.357.lto_priv.360
                0x000000000601c0c8                mnet_encode_player_state.lto_priv.361.lto_priv.364
                0x000000000601c158                mnet_encode_input_state_p2.lto_priv.365.lto_priv.368
                0x000000000601c184                mnet_encode_input_state.lto_priv.369.lto_priv.372
                0x000000000601c1ac                mnet_encode_car_select.lto_priv.373.lto_priv.376
                0x000000000601c1c0                mnet_encode_start_game.lto_priv.377.lto_priv.380
                0x000000000601c1d0                mnet_encode_ready.lto_priv.381.lto_priv.384
                0x000000000601c1e0                mnet_encode_heartbeat.lto_priv.385.lto_priv.388
                0x000000000601c1f0                mnet_encode_disconnect.lto_priv.389.lto_priv.392
                0x000000000601c200                mnet_encode_set_username.lto_priv.333.lto_priv.336
                0x000000000601c280                mnet_encode_connect_uuid.lto_priv.393.lto_priv.396
                0x000000000601c2a0                mnet_encode_connect.lto_priv.397.lto_priv.400
                0x000000000601c2b0                mnet_read_string.lto_priv.401.lto_priv.404
                0x000000000601c2f8                mnet_rx_poll.lto_priv.405.lto_priv.440
                0x000000000601c3a8                mnet_rx_init.lto_priv.408.lto_priv.411
                0x000000000601c3b8                mnet_send_frame.lto_priv.412.lto_priv.415
                0x000000000601c3f8                net_transport_is_connected.lto_priv.416.lto_priv.419
                0x000000000601c410                net_transport_send.lto_priv.420.lto_priv.423
                0x000000000601c424                net_transport_rx_byte.lto_priv.424.lto_priv.427
                0x000000000601c438                net_transport_rx_ready.lto_priv.428.lto_priv.431
                0x000000000601c44c                get_gbr.lto_priv.53.lto_priv.77
                0x000000000601c454                set_gbr.lto_priv.78.lto_priv.102
                0x000000000601c45c                get_vbr.lto_priv.103.lto_priv.127
                0x000000000601c464                set_vbr.lto_priv.128.lto_priv.152
                0x000000000601c46c                set_imask.lto_priv.153.lto_priv.177
                0x000000000601c480                get_imask.lto_priv.178.lto_priv.202
                0x000000000601c48c                get_sr.lto_priv.203.lto_priv.227
                0x000000000601c494                set_sr.lto_priv.228.lto_priv.252
                0x000000000601c49c                tas.lto_priv.253.lto_priv.277
                0x000000000601c4a4                sleep.lto_priv.278.lto_priv.302
                0x000000000601c4ac                nop.lto_priv.303.lto_priv.327
 *fill*         0x000000000601c4b4        0xc 
 .text          0x000000000601c4c0      0x238 /joe/Compiler/COMMON/SGL_302j/LIB_ELF/SEGA_SYS.A(sys_exit.o)
                0x000000000601c4c0                sys_version
                0x000000000601c4e0                SYS_Exit
 *fill*         0x000000000601c6f8        0x8 
 .text          0x000000000601c700        0x6 /joe/Compiler/COMMON/SGL_302j/LIB_ELF/SEGA_SYS.A(sys_sub.o)
                0x000000000601c700                SYSUB_SetStackptr
 *fill*         0x000000000601c706        0xa 
 .text          0x000000000601c710      0x3a0 /joe/Compiler/COMMON/SGL_302j/LIB_ELF/LIBCD.A(CDC_CMN.O)
                0x000000000601c710                CDC_GetCurStat
                0x000000000601c760                CDC_GetLastStat
                0x000000000601c778                CDC_GetPeriStat
                0x000000000601c84c                CDC_GetHwInfo
                0x000000000601c8b4                CDC_TgetToc
                0x000000000601c904                CDC_GetSes
                0x000000000601c940                CDC_CdInit
                0x000000000601c9c4                CDC_CdOpen
                0x000000000601c9ec                CDC_DataReady
                0x000000000601ca58                CDC_DataEnd
 .text          0x000000000601cab0      0x130 /joe/Compiler/COMMON/SGL_302j/LIB_ELF/LIBCD.A(CDC_DRV.O)
                0x000000000601cab0                CDC_CdPlay
                0x000000000601cb7c                CDC_CdSeek
                0x000000000601cbb0                CDC_CdScan
 .text          0x000000000601cbe0      0x194 /joe/Compiler/COMMON/SGL_302j/LIB_ELF/LIBCD.A(CDC_CFS.O)
                0x000000000601cbe0                CDC_ChgDir
                0x000000000601cc14                CDC_ReadDir
                0x000000000601cc48                CDC_GetFileScope
                0x000000000601cca8                CDC_TgetFileInfo
                0x000000000601cd04                CDC_ReadFile
                0x000000000601cd38                CDC_AbortFile
 *fill*         0x000000000601cd74        0xc 
 .text          0x000000000601cd80      0x2dc /joe/Compiler/COMMON/SGL_302j/LIB_ELF/LIBCD.A(CDC_REG.O)
                0x000000000601cd80                CDC_GetDataPtr
                0x000000000601cd90                CDC_GetHirqReq
                0x000000000601cda4                CDC_ClrHirqReq
                0x000000000601cdd4                CDREG_ClrHirqReq
                0x000000000601cde4                CDREG_InitHirqReq
                0x000000000601ce0c                CDREG_SetHirqFlag
                0x000000000601ce20                CDC_GetHirqMsk
                0x000000000601ce34                CDC_SetHirqMsk
                0x000000000601ce44                CDC_GetMpegPtr
                0x000000000601ce54                CDREG_TgetData
                0x000000000601ceb0                CDREG_CmdRsp
                0x000000000601cfb0                CDREG_WaitHirq
                0x000000000601d020                CDREG_ReadRsp
 *fill*         0x000000000601d05c        0x4 
 .text          0x000000000601d060      0x152 /joe/Compiler/COMMON/SGL_302j/LIB_ELF/LIBCD.A(CDC_SUB.O)
                0x000000000601d060                CDSUB_UpdStatus
                0x000000000601d078                CDSUB_UpdCdstat
                0x000000000601d098                CDSUB_CdCmd
                0x000000000601d108                CDSUB_GetCdstat
                0x000000000601d148                CDSUB_RspToCdstat
                0x000000000601d190                CDSUB_SoftTimer
 *fill*         0x000000000601d1b2        0xe 
 .text          0x000000000601d1c0     0x1adc /joe/Compiler/COMMON/SGL_302j/LIB_ELF/LIBCD.A(GFS.O)
                0x000000000601d1c0                gfs_version
                0x000000000601d1e0                GFS_Init
                0x000000000601d2c8                GFS_LoadDir
                0x000000000601d370                GFS_SetDir
                0x000000000601d3d8                GFS_NameToId
                0x000000000601d43c                GFS_IdToName
                0x000000000601d4a8                GFS_GetDirInfo
                0x000000000601d518                GFS_Reset
                0x000000000601d59c                GFS_Open
                0x000000000601d650                GFS_Close
                0x000000000601d688                GFS_Seek
                0x000000000601d73c                GFS_Tell
                0x000000000601d78c                GFS_IsEof
                0x000000000601d7e0                GFS_ByteToSct
                0x000000000601d83c                GFS_GetFileSize
                0x000000000601d898                GFS_GetFileInfo
                0x000000000601d90c                GFS_GetNumCdbuf
                0x000000000601d934                GFS_Load
                0x000000000601d9f8                GFS_Fread
                0x000000000601da94                gfs_waitRead
                0x000000000601db3c                GFS_NwFread
                0x000000000601dc48                GFS_NwCdRead
                0x000000000601dcc0                GFS_NwIsComplete
                0x000000000601dcf8                GFS_NwStop
                0x000000000601dd64                GFS_NwGetStat
                0x000000000601dde0                gfs_recovRdErr
                0x000000000601de10                GFS_NwExecOne
                0x000000000601ded0                GFS_NwExecServer
                0x000000000601df4c                GFS_SetGmode
                0x000000000601dfb0                GFS_SetTmode
                0x000000000601e01c                GFS_SetReadPara
                0x000000000601e080                GFS_SetTransPara
                0x000000000601e0ec                GFS_SetTrFunc
                0x000000000601e150                GFS_StartTrans
                0x000000000601e19c                GFS_CdMovePickup
                0x000000000601e208                GFS_SetErrFunc
                0x000000000601e234                GFS_GetErrStat
                0x000000000601e258                GFS_ConvTno
                0x000000000601e280                gfs_chgRoot
                0x000000000601e34c                gfs_aborttrans
                0x000000000601e358                gfs_mngSetupFuncTbl
                0x000000000601e38c                gfs_mngInitWork
                0x000000000601e430                gfs_mngGetNumFile
                0x000000000601e498                GFS_mngAllocGrp
                0x000000000601e4e0                gfs_mngFreeGrp
                0x000000000601e4ec                gfs_mngTermAccess
                0x000000000601e570                gfs_mngSetErrCode
                0x000000000601e5f0                gfs_svrSearchHndl
                0x000000000601e630                gfs_svrAddHndl
                0x000000000601e66c                gfs_svrRemoveHndl
                0x000000000601e6c8                GFS_OpenSub
                0x000000000601e720                gfs_loadVol
                0x000000000601e7e4                gfs_getRootDir
                0x000000000601e8e0                gfs_loadRootDir
                0x000000000601e968                gfs_flowIn
                0x000000000601ea10                gfs_transData
                0x000000000601eab4                GFS_GetFad
                0x000000000601eb0c                gfs_SetSct
                0x000000000601eb4c                gfs_GetFinfo
                0x000000000601eb8c                gfs_closeSub
                0x000000000601ebc8                gfs_getGmode
                0x000000000601ebd4                gfs_isTaskDone
                0x000000000601ec28                gfs_convFinStat
 *fill*         0x000000000601ec9c        0x4 
 .text          0x000000000601eca0      0x106 /joe/Compiler/COMMON/SGL_302j/LIB_ELF/LIBCD.A(GFS_BUF.O)
                0x000000000601ecd0                GFBF_GetTranData
                0x000000000601ecf8                GFBF_GetNumData
                0x000000000601ed28                GFBF_GetSrcPk
                0x000000000601ed50                GFBF_GetSctData
                0x000000000601ed74                GFBF_RtnPk
                0x000000000601ed9c                gfbf_getSctDt
 *fill*         0x000000000601eda6        0xa 
 .text          0x000000000601edb0      0x600 /joe/Compiler/COMMON/SGL_302j/LIB_ELF/LIBCD.A(GFS_CDB.O)
                0x000000000601edb0                GFCB_Setup
                0x000000000601eed0                GFCB_Close
                0x000000000601eef8                GFCB_GetLenData
                0x000000000601efa4                GFCB_GetLenRoom
                0x000000000601efb0                GFCB_SetFilt
                0x000000000601f018                GFCB_DeleteAllData
                0x000000000601f040                GFCB_Tell
                0x000000000601f050                gfcb_getSctNum
                0x000000000601f0a0                GFCB_Seek
                0x000000000601f19c                GFCB_GetSrcPack
                0x000000000601f27c                GFCB_GetSctData
                0x000000000601f2b4                GFCB_GetDstPack
                0x000000000601f2c0                GFCB_RtnPk
                0x000000000601f308                GFCB_MovePickup
                0x000000000601f324                GFCB_SetCon
                0x000000000601f358                GFCB_GetPickup
                0x000000000601f380                GFCB_IsPuOwner
                0x000000000601f398                GFCB_UngetPickup
 .text          0x000000000601f3b0     0x1a10 /joe/Compiler/COMMON/SGL_302j/LIB_ELF/LIBCD.A(GFS_CDC.O)
                0x000000000601f3b0                GFCD_SetCdbfs
                0x000000000601f3dc                GFCD_Init
                0x000000000601f5e0                GFCD_AllocFilt
                0x000000000601f61c                GFCD_FreeFilt
                0x000000000601f64c                GFCD_AllocBuf
                0x000000000601f680                GFCD_FreeBuf
                0x000000000601f724                GFCD_GetBaseFad
                0x000000000601f758                GFCD_GetPickup
                0x000000000601f78c                GFCD_UngetPickup
                0x000000000601f7b8                GFCD_IsPuOwner
                0x000000000601f7dc                GFCD_SetFilt
                0x000000000601f8a0                GFCD_GetFilt
                0x000000000601f8e8                GFCD_SetCon
                0x000000000601f940                GFCD_Play
                0x000000000601f9a0                GFCD_GetLenData
                0x000000000601fa08                GFCD_ReqData
                0x000000000601fa64                GFCD_EndData
                0x000000000601faac                GFCD_DelSctData
                0x000000000601fb04                GFCD_CheckDelSctData
                0x000000000601fb34                GFCD_GetStat
                0x000000000601fbe8                GFCD_MovePickup
                0x000000000601fc34                GFCD_MoveSctData
                0x000000000601fca8                GFCD_CheckMove
                0x000000000601fccc                GFCD_GetSctInfo
                0x000000000601fd14                GFCD_ChgDir
                0x000000000601fd88                GFCD_SetFiltCon
                0x000000000601fe70                GFCD_GetFileInfo
                0x000000000601ff4c                GFCD_GetBufSiz
                0x000000000601ff84                GFCD_ExecServer
                0x0000000006020058                gfcd_isIdleTask
                0x00000000060200e4                gfcd_doTask
                0x0000000006020190                GFCD_SetTimer
                0x00000000060201a4                GFCD_WaitServer
                0x00000000060201e0                gfcd_doSetFiltTsk
                0x00000000060203a4                gfcd_doSetConTsk
                0x0000000006020434                gfcd_doGetLenDataTsk
                0x0000000006020588                gfcd_doReqDataTsk
                0x0000000006020628                gfcd_doDelSctDataTsk
                0x000000000602075c                gfcd_doMoveSctTsk
                0x00000000060208c0                gfcd_doChgDirTsk
                0x0000000006020abc                gfcd_doSetFiltConTsk
                0x0000000006020c00                gfcd_checkEflag
                0x0000000006020c24                gfcd_initCdbMng
                0x0000000006020ca4                gfcd_setStat
                0x0000000006020cd0                GFCD_SetCsctFunc
                0x0000000006020cec                GFCD_ChkScdqFlag
                0x0000000006020d10                GFCD_ClrScdqFlag
                0x0000000006020d2c                GFCD_WaitScdqFlag
                0x0000000006020d70                GFCD_WaitPause
 .text          0x0000000006020dc0      0x8d8 /joe/Compiler/COMMON/SGL_302j/LIB_ELF/LIBCD.A(GFS_CDF.O)
                0x0000000006020dc0                GFCF_Init
                0x0000000006020e60                GFCF_Setup
                0x0000000006020fa8                GFCF_SetSct
                0x0000000006020fec                GFCF_GetFileInfo
                0x0000000006021060                GFCF_FlowInBuf
                0x00000000060211b4                GFCF_StopInBuf
                0x0000000006021254                GFCF_Recover
                0x000000000602129c                GFCF_Tell
                0x00000000060212b4                GFCF_Seek
                0x00000000060212cc                GFCF_MovePickup
                0x0000000006021368                GFCF_cnvIntlvOfs
                0x00000000060213bc                GFCF_GetStat
                0x0000000006021454                gfcf_getSctSize
                0x0000000006021490                gfcf_isCdOk
                0x0000000006021550                gfcf_getPlayRange
 *fill*         0x0000000006021698        0x8 
 .text          0x00000000060216a0      0x92c /joe/Compiler/COMMON/SGL_302j/LIB_ELF/LIBCD.A(GFS_DIR.O)
                0x00000000060216a0                GFDR_SetupDirTbl
                0x0000000006021714                GFDR_NameToId
                0x0000000006021774                GFDR_GetInfoDirId
                0x0000000006021788                GFDR_GetInfoDirName
                0x000000000602179c                GFDR_GetAtrDirId
                0x00000000060217b4                GFDR_GetAtrDirName
                0x00000000060217cc                GFDR_ChgRoot
                0x00000000060217e4                GFDR_ChgDir
                0x0000000006021858                gfdr_setupDirIdTbl
                0x00000000060218dc                gfdr_setupDirNameTbl
                0x0000000006021988                gfdr_open
                0x00000000060219b0                gfdr_read
                0x0000000006021a70                gfdr_readByte
                0x0000000006021a9c                gfdr_readWord
                0x0000000006021ac8                gfdr_readWordNB
                0x0000000006021b1c                gfdr_readLongNB
                0x0000000006021b68                gfdr_readLongNM
                0x0000000006021b90                gfdr_setNextRec
                0x0000000006021c14                gfdr_readDirEnt
                0x0000000006021f90                gfdr_setDirrecCd
 *fill*         0x0000000006021fcc        0x4 
 .text          0x0000000006021fd0      0x9c6 /joe/Compiler/COMMON/SGL_302j/LIB_ELF/LIBCD.A(GFS_TRN.O)
                0x0000000006022000                GFTR_Setup
                0x0000000006022044                GFTR_SetMode
                0x0000000006022058                GFTR_SetUnit
                0x0000000006022064                GFTR_SetTransPara
                0x0000000006022098                GFTR_GetTransPara
                0x00000000060220a4                GFTR_GetNumTrans
                0x00000000060220b0                GFTR_SetTransMax
                0x00000000060220bc                GFTR_Start
                0x00000000060220c8                GFTR_Pause
                0x00000000060220d4                GFTR_Stop
                0x000000000602218c                GFTR_Exec
                0x0000000006022210                GFTR_Idle
                0x0000000006022288                GFTR_ExecSvr
                0x0000000006022390                gftr_getSrcPack
                0x0000000006022418                gftr_getDstPack
                0x0000000006022474                gftr_reqScu
                0x0000000006022480                gftr_execScu
                0x000000000602251c                gftr_remScu
                0x0000000006022550                gfdma_canUse
                0x000000000602255c                gfdma_exec
                0x00000000060225cc                gfdma_getBytecnt
                0x0000000006022604                gftr_reqDma0
                0x000000000602261c                gftr_execSdma0
                0x0000000006022640                gftr_remDma0
                0x0000000006022658                gftr_reqDma1
                0x0000000006022670                gftr_execSdma1
                0x0000000006022694                gftr_remDma1
                0x00000000060226ac                gftr_reqCpu
                0x00000000060226b8                gftr_execCpu
                0x00000000060226f8                gftr_remCpu
                0x0000000006022704                gftr_reqTrn
                0x0000000006022774                gftr_execTrn
                0x000000000602284c                gftr_remTrn
                0x00000000060228c0                gftr_copyFrac
                0x00000000060228e8                GFTR_GetLenData
                0x00000000060228f4                GFTR_GetLenRoom
                0x000000000602290c                GFTR_GetDstPack
                0x0000000006022940                GFTR_RtnDstPk
                0x000000000602295c                GFTR_GetData
                0x0000000006022970                GFTR_SetData
                0x0000000006022984                GFTR_SetTransFunc
 *fill*         0x0000000006022996        0xa 
 .text          0x00000000060229a0       0xa8 /joe/Compiler/COMMON/SGL_302j/LIB_ELF/LIBCD.A(CDC_DEV.O)
                0x00000000060229a0                CDC_CdSetCon
                0x00000000060229d0                CDC_CdGetCon
                0x0000000006022a0c                CDC_CdGetLastBuf
 *fill*         0x0000000006022a48        0x8 
 .text          0x0000000006022a50      0x2b8 /joe/Compiler/COMMON/SGL_302j/LIB_ELF/LIBCD.A(CDC_SEL.O)
                0x0000000006022a50                CDC_SetFiltRange
                0x0000000006022a84                CDC_GetFiltRange
                0x0000000006022adc                CDC_SetFiltSubh
                0x0000000006022b4c                CDC_GetFiltSubh
                0x0000000006022bc8                CDC_SetFiltMode
                0x0000000006022bfc                CDC_GetFiltMode
                0x0000000006022c40                CDC_SetFiltCon
                0x0000000006022c80                CDC_GetFiltCon
                0x0000000006022cd4                CDC_ResetSelector
 *fill*         0x0000000006022d08        0x8 
 .text          0x0000000006022d10      0x270 /joe/Compiler/COMMON/SGL_302j/LIB_ELF/LIBCD.A(CDC_BIF.O)
                0x0000000006022d10                CDC_GetBufSiz
                0x0000000006022d6c                CDC_GetSctNum
                0x0000000006022db0                CDC_CalActSiz
                0x0000000006022dec                CDC_GetActSiz
                0x0000000006022e6c                CDC_GetSctInfo
                0x0000000006022eec                CDC_ExeFadSearch
                0x0000000006022f24                CDC_GetFadSearch
 .text          0x0000000006022f80      0x1e4 /joe/Compiler/COMMON/SGL_302j/LIB_ELF/LIBCD.A(CDC_BIO.O)
                0x0000000006022f80                CDC_SetSctLen
                0x0000000006022fb4                CDC_GetSctData
                0x0000000006022ff0                CDC_DelSctData
                0x000000000602302c                CDC_GetdelSctData
                0x0000000006023068                CDC_PutSctData
                0x00000000060230a0                CDC_CopySctData
                0x00000000060230e4                CDC_MoveSctData
                0x0000000006023128                CDC_GetCopyErr
 *fill*         0x0000000006023164        0xc 
 .text          0x0000000006023170        0x0 /joe/Compiler/COMMON/SGL_302j/LIB_ELF/LIBSGL.A(sglA01.o)
 .text          0x0000000006023170        0x0 /joe/Compiler/COMMON/SGL_302j/LIB_ELF/LIBSGL.A(sglA15.o)
 .text          0x0000000006023170        0x0 /joe/Compiler/COMMON/SGL_302j/LIB_ELF/LIBSGL.A(sglA16.o)
 .text          0x0000000006023170        0x0 /joe/Compiler/COMMON/SGL_302j/LIB_ELF/LIBSGL.A(sglA17.o)
 .text          0x0000000006023170        0x0 /joe/Compiler/COMMON/SGL_302j/LIB_ELF/LIBSGL.A(sglA18.o)
 .text          0x0000000006023170        0x0 /joe/Compiler/COMMON/SGL_302j/LIB_ELF/LIBSGL.A(sglA19.o)
 .text          0x0000000006023170        0x0 /joe/Compiler/COMMON/SGL_302j/LIB_ELF/LIBSGL.A(sglA20.o)
 .text          0x0000000006023170        0x0 /joe/Compiler/COMMON/SGL_302j/LIB_ELF/LIBSGL.A(sglA21.o)
 .text          0x0000000006023170        0x0 /joe/Compiler/COMMON/SGL_302j/LIB_ELF/LIBSGL.A(sglA27.o)
 .text          0x0000000006023170        0x0 /joe/Compiler/COMMON/SGL_302j/LIB_ELF/LIBSGL.A(sglA28.o)
 .text          0x0000000006023170        0x0 /joe/Compiler/COMMON/SGL_302j/LIB_ELF/LIBSGL.A(sglA40.o)
 .text          0x0000000006023170        0x0 /joe/Compiler/COMMON/SGL_302j/LIB_ELF/LIBSGL.A(sglB001.o)
 .text          0x0000000006023170        0x0 /joe/Compiler/COMMON/SGL_302j/LIB_ELF/LIBSGL.A(sglB011.o)
 .text          0x0000000006023170        0x0 /joe/Compiler/COMMON/SGL_302j/LIB_ELF/LIBSGL.A(sglB014.o)
 .text          0x0000000006023170        0x0 /joe/Compiler/COMMON/SGL_302j/LIB_ELF/LIBSGL.A(sglB015.o)
 .text          0x0000000006023170        0x0 /joe/Compiler/COMMON/SGL_302j/LIB_ELF/LIBSGL.A(sglB016.o)
 .text          0x0000000006023170        0x0 /joe/Compiler/COMMON/SGL_302j/LIB_ELF/LIBSGL.A(sglB020.o)
 .text          0x0000000006023170        0x0 /joe/Compiler/COMMON/SGL_302j/LIB_ELF/LIBSGL.A(sglB021.o)
 .text          0x0000000006023170        0x0 /joe/Compiler/COMMON/SGL_302j/LIB_ELF/LIBSGL.A(sglB023.o)
 .text          0x0000000006023170        0x0 /joe/Compiler/COMMON/SGL_302j/LIB_ELF/LIBSGL.A(sglB031.o)
 .text          0x0000000006023170        0x0 /joe/Compiler/COMMON/SGL_302j/LIB_ELF/LIBSGL.A(sglB032.o)
 .text          0x0000000006023170        0x0 /joe/Compiler/COMMON/SGL_302j/LIB_ELF/LIBSGL.A(sglB033.o)
 .text          0x0000000006023170        0x0 /joe/Compiler/COMMON/SGL_302j/LIB_ELF/LIBSGL.A(sglB034.o)
 .text          0x0000000006023170        0x0 /joe/Compiler/COMMON/SGL_302j/LIB_ELF/LIBSGL.A(sglB035.o)
 .text          0x0000000006023170        0x0 /joe/Compiler/COMMON/SGL_302j/LIB_ELF/LIBSGL.A(sglB036.o)
 .text          0x0000000006023170        0x0 /joe/Compiler/COMMON/SGL_302j/LIB_ELF/LIBSGL.A(sglB038.o)
 .text          0x0000000006023170        0x0 /joe/Compiler/COMMON/SGL_302j/LIB_ELF/LIBSGL.A(sglB039.o)
 .text          0x0000000006023170        0x0 /joe/Compiler/COMMON/SGL_302j/LIB_ELF/LIBSGL.A(sglB040.o)
 .text          0x0000000006023170        0x0 /joe/Compiler/COMMON/SGL_302j/LIB_ELF/LIBSGL.A(sglB041.o)
 .text          0x0000000006023170        0x0 /joe/Compiler/COMMON/SGL_302j/LIB_ELF/LIBSGL.A(sglB042.o)
 .text          0x0000000006023170        0x0 /joe/Compiler/COMMON/SGL_302j/LIB_ELF/LIBSGL.A(sglB043.o)
 .text          0x0000000006023170        0x0 /joe/Compiler/COMMON/SGL_302j/LIB_ELF/LIBSGL.A(sglB044.o)
 .text          0x0000000006023170        0x0 /joe/Compiler/COMMON/SGL_302j/LIB_ELF/LIBSGL.A(sglB045.o)
 .text          0x0000000006023170        0x0 /joe/Compiler/COMMON/SGL_302j/LIB_ELF/LIBSGL.A(sglB047.o)
 .text          0x0000000006023170        0x0 /joe/Compiler/COMMON/SGL_302j/LIB_ELF/LIBSGL.A(sglB048.o)
 .text          0x0000000006023170        0x0 /joe/Compiler/COMMON/SGL_302j/LIB_ELF/LIBSGL.A(sglB055.o)
 .text          0x0000000006023170        0x0 /joe/Compiler/COMMON/SGL_302j/LIB_ELF/LIBSGL.A(sglB056.o)
 .text          0x0000000006023170        0x0 /joe/Compiler/COMMON/SGL_302j/LIB_ELF/LIBSGL.A(sglB057.o)
 .text          0x0000000006023170        0x0 /joe/Compiler/COMMON/SGL_302j/LIB_ELF/LIBSGL.A(sglB058.o)
 .text          0x0000000006023170        0x0 /joe/Compiler/COMMON/SGL_302j/LIB_ELF/LIBSGL.A(sglB059.o)
 .text          0x0000000006023170        0x0 /joe/Compiler/COMMON/SGL_302j/LIB_ELF/LIBSGL.A(sglB060.o)
 .text          0x0000000006023170        0x0 /joe/Compiler/COMMON/SGL_302j/LIB_ELF/LIBSGL.A(sglB063.o)
 .text          0x0000000006023170        0x0 /joe/Compiler/COMMON/SGL_302j/LIB_ELF/LIBSGL.A(sglB087.o)
 .text          0x0000000006023170        0x0 /joe/Compiler/COMMON/SGL_302j/LIB_ELF/LIBSGL.A(sglB088.o)
 .text          0x0000000006023170        0x0 /joe/Compiler/COMMON/SGL_302j/LIB_ELF/LIBSGL.A(sglB090.o)
 .text          0x0000000006023170        0x0 /joe/Compiler/COMMON/SGL_302j/LIB_ELF/LIBSGL.A(sglB200.o)
 .text          0x0000000006023170        0x0 /joe/Compiler/COMMON/SGL_302j/LIB_ELF/LIBSGL.A(sglC01.o)
 .text          0x0000000006023170        0x0 /joe/Compiler/COMMON/SGL_302j/LIB_ELF/LIBSGL.A(sglC03.o)
 .text          0x0000000006023170        0x0 /joe/Compiler/COMMON/SGL_302j/LIB_ELF/LIBSGL.A(sglC04.o)
 .text          0x0000000006023170        0x0 /joe/Compiler/COMMON/SGL_302j/LIB_ELF/LIBSGL.A(sglC05.o)
 .text          0x0000000006023170        0x0 /joe/Compiler/COMMON/SGL_302j/LIB_ELF/LIBSGL.A(sglC06.o)
 .text          0x0000000006023170        0x0 /joe/Compiler/COMMON/SGL_302j/LIB_ELF/LIBSGL.A(sglC07.o)
 .text          0x0000000006023170        0x0 /joe/Compiler/COMMON/SGL_302j/LIB_ELF/LIBSGL.A(sglC08.o)
 .text          0x0000000006023170        0x0 /joe/Compiler/COMMON/SGL_302j/LIB_ELF/LIBSGL.A(sglC14.o)
 .text          0x0000000006023170        0x0 /joe/Compiler/COMMON/SGL_302j/LIB_ELF/LIBSGL.A(sglC16.o)
 .text          0x0000000006023170        0x0 /joe/Compiler/COMMON/SGL_302j/LIB_ELF/LIBSGL.A(sglC17.o)
 .text          0x0000000006023170        0x0 /joe/Compiler/COMMON/SGL_302j/LIB_ELF/LIBSGL.A(sglC19.o)
 .text          0x0000000006023170        0x0 /joe/Compiler/COMMON/SGL_302j/LIB_ELF/LIBSGL.A(sglC20.o)
 .text          0x0000000006023170        0x0 /joe/Compiler/COMMON/SGL_302j/LIB_ELF/LIBSGL.A(sglC21.o)
 .text          0x0000000006023170        0x0 /joe/Compiler/COMMON/SGL_302j/LIB_ELF/LIBSGL.A(sglD00.o)
 .text          0x0000000006023170        0x0 /joe/Compiler/COMMON/SGL_302j/LIB_ELF/LIBSGL.A(sglD01.o)
 .text          0x0000000006023170        0x0 /joe/Compiler/COMMON/SGL_302j/LIB_ELF/LIBSGL.A(sglD02.o)
 .text          0x0000000006023170        0x0 /joe/Compiler/COMMON/SGL_302j/LIB_ELF/LIBSGL.A(sglD03.o)
 .text          0x0000000006023170        0x0 /joe/Compiler/COMMON/SGL_302j/LIB_ELF/LIBSGL.A(sglD15.o)
 .text          0x0000000006023170        0x0 /joe/Compiler/COMMON/SGL_302j/LIB_ELF/LIBSGL.A(sglD16.o)
 .text          0x0000000006023170        0x0 /joe/Compiler/COMMON/SGL_302j/LIB_ELF/LIBSGL.A(sglD17.o)
 .text          0x0000000006023170        0x0 /joe/Compiler/COMMON/SGL_302j/LIB_ELF/LIBSGL.A(sglD18.o)
 .text          0x0000000006023170        0x0 /joe/Compiler/COMMON/SGL_302j/LIB_ELF/LIBSGL.A(sglF08.o)
 .text          0x0000000006023170        0x0 /joe/Compiler/COMMON/SGL_302j/LIB_ELF/LIBSGL.A(sglH00.o)
 .text          0x0000000006023170        0x0 /joe/Compiler/COMMON/SGL_302j/LIB_ELF/LIBSGL.A(sglH01.o)
 .text          0x0000000006023170        0x0 /joe/Compiler/COMMON/SGL_302j/LIB_ELF/LIBSGL.A(sglH02.o)
 .text          0x0000000006023170        0x0 /joe/Compiler/COMMON/SGL_302j/LIB_ELF/LIBSGL.A(sglH04.o)
 .text          0x0000000006023170        0x0 /joe/Compiler/COMMON/SGL_302j/LIB_ELF/LIBSGL.A(sglI01.o)
 .text          0x0000000006023170        0x0 /joe/Compiler/COMMON/SGL_302j/LIB_ELF/LIBSGL.A(sglI04.o)
 .text          0x0000000006023170      0x128 /joe/Compiler/COMMON/SGL_302j/LIB_ELF/LIBSGL.A(sglIc0.o)
                0x0000000006023170                slInitSystem
 *fill*         0x0000000006023298        0x8 
 .text          0x00000000060232a0        0x0 /joe/Compiler/COMMON/SGL_302j/LIB_ELF/LIBSGL.A(sglJ00.o)
 .text          0x00000000060232a0        0x0 /joe/Compiler/COMMON/SGL_302j/LIB_ELF/LIBSGL.A(sglJ01.o)
 .text          0x00000000060232a0        0x0 /joe/Compiler/COMMON/SGL_302j/LIB_ELF/LIBSGL.A(sglJ02.o)
 .text          0x00000000060232a0        0x0 /joe/Compiler/COMMON/SGL_302j/LIB_ELF/LIBSGL.A(sglJ03.o)
 .text          0x00000000060232a0        0x0 /joe/Compiler/COMMON/SGL_302j/LIB_ELF/LIBSGL.A(sglJ04.o)
 .text          0x00000000060232a0        0x0 /joe/Compiler/COMMON/SGL_302j/LIB_ELF/LIBSGL.A(sglJ05.o)
 .text          0x00000000060232a0        0x0 /joe/Compiler/COMMON/SGL_302j/LIB_ELF/LIBSGL.A(sglK01.o)
 .text          0x00000000060232a0        0x0 /joe/Compiler/COMMON/SGL_302j/LIB_ELF/LIBSGL.A(sglM00.o)
 .text          0x00000000060232a0        0x0 /joe/Compiler/COMMON/SGL_302j/LIB_ELF/LIBSGL.A(sglM01.o)
 .text          0x00000000060232a0        0x0 /joe/Compiler/COMMON/SGL_302j/LIB_ELF/LIBSGL.A(sglA00.o)
 .text          0x00000000060232a0        0x0 /joe/Compiler/COMMON/SGL_302j/LIB_ELF/LIBSGL.A(sglA03.o)
 .text          0x00000000060232a0        0x0 /joe/Compiler/COMMON/SGL_302j/LIB_ELF/LIBSGL.A(sglA10.o)
 .text          0x00000000060232a0        0x0 /joe/Compiler/COMMON/SGL_302j/LIB_ELF/LIBSGL.A(sglA24.o)
 .text          0x00000000060232a0        0x0 /joe/Compiler/COMMON/SGL_302j/LIB_ELF/LIBSGL.A(sglA25.o)
 .text          0x00000000060232a0        0x0 /joe/Compiler/COMMON/SGL_302j/LIB_ELF/LIBSGL.A(sglB000.o)
 .text          0x00000000060232a0        0x0 /joe/Compiler/COMMON/SGL_302j/LIB_ELF/LIBSGL.A(sglC00.o)
 .text          0x00000000060232a0        0x0 /joe/Compiler/COMMON/SGL_302j/LIB_ELF/LIBSGL.A(sglC13.o)
 .text          0x00000000060232a0        0x0 /joe/Compiler/COMMON/SGL_302j/LIB_ELF/LIBSGL.A(sglD19.o)
 .text          0x00000000060232a0        0x0 /joe/Compiler/COMMON/SGL_302j/LIB_ELF/LIBSGL.A(sglI00.o)
 .text          0x00000000060232a0        0x0 /joe/Compiler/COMMON/SGL_302j/LIB_ELF/LIBSGL.A(sglH03.o)
 .text          0x00000000060232a0       0x52 /joe/Compiler/LINUX/bin/../lib/gcc/sh-none-elf/8.2.0/libgcc.a(_ashiftrt.o)
                0x00000000060232a0                __ashiftrt_r4_31
                0x00000000060232a0                __ashiftrt_r4_32
                0x00000000060232a6                __ashiftrt_r4_30
                0x00000000060232a8                __ashiftrt_r4_29
                0x00000000060232aa                __ashiftrt_r4_28
                0x00000000060232ac                __ashiftrt_r4_27
                0x00000000060232ae                __ashiftrt_r4_26
                0x00000000060232b0                __ashiftrt_r4_25
                0x00000000060232b2                __ashiftrt_r4_24
                0x00000000060232ba                __ashiftrt_r4_23
                0x00000000060232bc                __ashiftrt_r4_22
                0x00000000060232be                __ashiftrt_r4_21
                0x00000000060232c0                __ashiftrt_r4_20
                0x00000000060232c2                __ashiftrt_r4_19
                0x00000000060232c4                __ashiftrt_r4_18
                0x00000000060232c6                __ashiftrt_r4_17
                0x00000000060232c8                __ashiftrt_r4_16
                0x00000000060232ce                __ashiftrt_r4_15
                0x00000000060232d0                __ashiftrt_r4_14
                0x00000000060232d2                __ashiftrt_r4_13
                0x00000000060232d4                __ashiftrt_r4_12
                0x00000000060232d6                __ashiftrt_r4_11
                0x00000000060232d8                __ashiftrt_r4_10
                0x00000000060232da                __ashiftrt_r4_9
                0x00000000060232dc                __ashiftrt_r4_8
                0x00000000060232de                __ashiftrt_r4_7
                0x00000000060232e0                __ashiftrt_r4_6
                0x00000000060232e2                __ashiftrt_r4_5
                0x00000000060232e4                __ashiftrt_r4_4
                0x00000000060232e6                __ashiftrt_r4_3
                0x00000000060232e8                __ashiftrt_r4_2
                0x00000000060232ea                __ashiftrt_r4_1
                0x00000000060232ee                __ashiftrt_r4_0
 *fill*         0x00000000060232f2        0x2 
 .text          0x00000000060232f4       0xa0 /joe/Compiler/LINUX/bin/../lib/gcc/sh-none-elf/8.2.0/libgcc.a(_sdivsi3.o)
                0x00000000060232f4                __sdivsi3
 .text          0x0000000006023394       0x6c /joe/Compiler/LINUX/bin/../lib/gcc/sh-none-elf/8.2.0/libgcc.a(_udivsi3.o)
                0x00000000060233b6                __udivsi3
 .text          0x0000000006023400      0x210 /joe/Compiler/LINUX/bin/../lib/gcc/sh-none-elf/8.2.0/libgcc.a(_addsub_sf.o)
                0x0000000006023574                __addsf3
                0x00000000060235c0                __subsf3
 .text          0x0000000006023610      0x134 /joe/Compiler/LINUX/bin/../lib/gcc/sh-none-elf/8.2.0/libgcc.a(_mul_sf.o)
                0x0000000006023610                __mulsf3
 .text          0x0000000006023744       0xdc /joe/Compiler/LINUX/bin/../lib/gcc/sh-none-elf/8.2.0/libgcc.a(_div_sf.o)
                0x0000000006023744                __divsf3
 .text          0x0000000006023820       0x54 /joe/Compiler/LINUX/bin/../lib/gcc/sh-none-elf/8.2.0/libgcc.a(_eq_sf.o)
                0x0000000006023820                __eqsf2
 .text          0x0000000006023874       0x54 /joe/Compiler/LINUX/bin/../lib/gcc/sh-none-elf/8.2.0/libgcc.a(_ne_sf.o)
                0x0000000006023874                __nesf2
 .text          0x00000000060238c8       0x4c /joe/Compiler/LINUX/bin/../lib/gcc/sh-none-elf/8.2.0/libgcc.a(_gt_sf.o)
                0x00000000060238c8                __gtsf2
 .text          0x0000000006023914       0x4c /joe/Compiler/LINUX/bin/../lib/gcc/sh-none-elf/8.2.0/libgcc.a(_ge_sf.o)
                0x0000000006023914                __gesf2
 .text          0x0000000006023960       0x54 /joe/Compiler/LINUX/bin/../lib/gcc/sh-none-elf/8.2.0/libgcc.a(_lt_sf.o)
                0x0000000006023960                __ltsf2
 .text          0x00000000060239b4       0x54 /joe/Compiler/LINUX/bin/../lib/gcc/sh-none-elf/8.2.0/libgcc.a(_le_sf.o)
                0x00000000060239b4                __lesf2
 .text          0x0000000006023a08       0x84 /joe/Compiler/LINUX/bin/../lib/gcc/sh-none-elf/8.2.0/libgcc.a(_si_to_sf.o)
                0x0000000006023a08                __floatsisf
 .text          0x0000000006023a8c       0x7c /joe/Compiler/LINUX/bin/../lib/gcc/sh-none-elf/8.2.0/libgcc.a(_sf_to_si.o)
                0x0000000006023a8c                __fixsfsi
 .text          0x0000000006023b08       0x3c /joe/Compiler/LINUX/bin/../lib/gcc/sh-none-elf/8.2.0/libgcc.a(_sf_to_df.o)
                0x0000000006023b08                __extendsfdf2
 .text          0x0000000006023b44        0x0 /joe/Compiler/LINUX/bin/../lib/gcc/sh-none-elf/8.2.0/libgcc.a(_thenan_sf.o)
 .text          0x0000000006023b44       0x94 /joe/Compiler/LINUX/bin/../lib/gcc/sh-none-elf/8.2.0/libgcc.a(_usi_to_sf.o)
                0x0000000006023b44                __floatunsisf
 .text          0x0000000006023bd8       0x28 /joe/Compiler/LINUX/bin/../lib/gcc/sh-none-elf/8.2.0/libgcc.a(_make_df.o)
                0x0000000006023bd8                __make_dp
 .text          0x0000000006023c00       0x4c /joe/Compiler/LINUX/bin/../lib/gcc/sh-none-elf/8.2.0/libgcc.a(_df_to_sf.o)
                0x0000000006023c00                __truncdfsf2
 .text          0x0000000006023c4c      0x114 /joe/Compiler/LINUX/bin/../lib/gcc/sh-none-elf/8.2.0/libgcc.a(_pack_sf.o)
                0x0000000006023c4c                __pack_f
 .text          0x0000000006023d60       0xa0 /joe/Compiler/LINUX/bin/../lib/gcc/sh-none-elf/8.2.0/libgcc.a(_unpack_sf.o)
                0x0000000006023d60                __unpack_f
 .text          0x0000000006023e00       0xa8 /joe/Compiler/LINUX/bin/../lib/gcc/sh-none-elf/8.2.0/libgcc.a(_fpcmp_parts_sf.o)
                0x0000000006023e00                __fpcmp_parts_f
 .text          0x0000000006023ea8       0x20 /joe/Compiler/LINUX/bin/../lib/gcc/sh-none-elf/8.2.0/libgcc.a(_make_sf.o)
                0x0000000006023ea8                __make_fp
 .text          0x0000000006023ec8        0x0 /joe/Compiler/LINUX/bin/../lib/gcc/sh-none-elf/8.2.0/../../../../sh-none-elf/lib/libc.a(lib_a-impure.o)
 .text          0x0000000006023ec8       0x1e /joe/Compiler/LINUX/bin/../lib/gcc/sh-none-elf/8.2.0/../../../../sh-none-elf/lib/libc.a(lib_a-memcmp.o)
                0x0000000006023ec8                memcmp
 *fill*         0x0000000006023ee6        0x2 
 .text          0x0000000006023ee8       0x94 /joe/Compiler/LINUX/bin/../lib/gcc/sh-none-elf/8.2.0/../../../../sh-none-elf/lib/libc.a(lib_a-memcpy.o)
                0x0000000006023ee8                memcpy
 .text          0x0000000006023f7c       0x40 /joe/Compiler/LINUX/bin/../lib/gcc/sh-none-elf/8.2.0/../../../../sh-none-elf/lib/libc.a(lib_a-memset.o)
                0x0000000006023f7c                memset
 .text          0x0000000006023fbc       0x58 /joe/Compiler/LINUX/bin/../lib/gcc/sh-none-elf/8.2.0/../../../../sh-none-elf/lib/libc.a(lib_a-rand.o)
                0x0000000006023fbc                srand
                0x0000000006023fd0                rand
 .text          0x0000000006024014       0x60 /joe/Compiler/LINUX/bin/../lib/gcc/sh-none-elf/8.2.0/../../../../sh-none-elf/lib/libc.a(lib_a-rget.o)
                0x0000000006024014                __srget_r
                0x0000000006024060                __srget
 .text          0x0000000006024074       0x8c /joe/Compiler/LINUX/bin/../lib/gcc/sh-none-elf/8.2.0/../../../../sh-none-elf/lib/libc.a(lib_a-sprintf.o)
                0x0000000006024074                _sprintf_r
                0x00000000060240b4                sprintf
 .text          0x0000000006024100       0x22 /joe/Compiler/LINUX/bin/../lib/gcc/sh-none-elf/8.2.0/../../../../sh-none-elf/lib/libc.a(lib_a-strcat.o)
                0x0000000006024100                strcat
 *fill*         0x0000000006024122        0x2 
 .text          0x0000000006024124       0x3c /joe/Compiler/LINUX/bin/../lib/gcc/sh-none-elf/8.2.0/../../../../sh-none-elf/lib/libc.a(lib_a-strcpy.o)
                0x0000000006024124                strcpy
 .text          0x0000000006024160       0x20 /joe/Compiler/LINUX/bin/../lib/gcc/sh-none-elf/8.2.0/../../../../sh-none-elf/lib/libc.a(lib_a-strlen.o)
                0x0000000006024160                strlen
 .text          0x0000000006024180       0x2a /joe/Compiler/LINUX/bin/../lib/gcc/sh-none-elf/8.2.0/../../../../sh-none-elf/lib/libc.a(lib_a-strncmp.o)
                0x0000000006024180                strncmp
 .text          0x00000000060241aa       0x32 /joe/Compiler/LINUX/bin/../lib/gcc/sh-none-elf/8.2.0/../../../../sh-none-elf/lib/libc.a(lib_a-strncpy.o)
                0x00000000060241aa                strncpy
 .text          0x00000000060241dc       0x36 /joe/Compiler/LINUX/bin/../lib/gcc/sh-none-elf/8.2.0/../../../../sh-none-elf/lib/libc.a(lib_a-strstr.o)
                0x00000000060241dc                strstr
 *fill*         0x0000000006024212        0x2 
 .text          0x0000000006024214     0x1378 /joe/Compiler/LINUX/bin/../lib/gcc/sh-none-elf/8.2.0/../../../../sh-none-elf/lib/libc.a(lib_a-svfprintf.o)
                0x0000000006024214                _svfprintf_r
 .text          0x000000000602558c       0xdc /joe/Compiler/LINUX/bin/../lib/gcc/sh-none-elf/8.2.0/../../../../sh-none-elf/lib/libc.a(lib_a-wbuf.o)
                0x000000000602558c                __swbuf_r
                0x0000000006025654                __swbuf
 .text          0x0000000006025668       0xcc /joe/Compiler/LINUX/bin/../lib/gcc/sh-none-elf/8.2.0/../../../../sh-none-elf/lib/libc.a(lib_a-wsetup.o)
                0x0000000006025668                __swsetup_r
 .text          0x0000000006025734      0xef4 /joe/Compiler/LINUX/bin/../lib/gcc/sh-none-elf/8.2.0/../../../../sh-none-elf/lib/libc.a(lib_a-dtoa.o)
                0x0000000006025868                _dtoa_r
 .text          0x0000000006026628      0x1a8 /joe/Compiler/LINUX/bin/../lib/gcc/sh-none-elf/8.2.0/../../../../sh-none-elf/lib/libc.a(lib_a-fflush.o)
                0x0000000006026628                __sflush_r
                0x0000000006026768                _fflush_r
                0x00000000060267a8                fflush
 .text          0x00000000060267d0      0x218 /joe/Compiler/LINUX/bin/../lib/gcc/sh-none-elf/8.2.0/../../../../sh-none-elf/lib/libc.a(lib_a-findfp.o)
                0x000000000602682c                _cleanup_r
                0x0000000006026840                __sfmoreglue
                0x000000000602688c                _cleanup
                0x00000000060268a0                __sinit
                0x00000000060268f4                __sfp
                0x00000000060269a8                __sfp_lock_acquire
                0x00000000060269ac                __sfp_lock_release
                0x00000000060269b0                __sinit_lock_acquire
                0x00000000060269b4                __sinit_lock_release
                0x00000000060269b8                __fp_lock_all
                0x00000000060269d0                __fp_unlock_all
 .text          0x00000000060269e8       0xb4 /joe/Compiler/LINUX/bin/../lib/gcc/sh-none-elf/8.2.0/../../../../sh-none-elf/lib/libc.a(lib_a-fwalk.o)
                0x00000000060269e8                _fwalk
                0x0000000006026a3e                _fwalk_reent
 .text          0x0000000006026a9c       0x40 /joe/Compiler/LINUX/bin/../lib/gcc/sh-none-elf/8.2.0/../../../../sh-none-elf/lib/libc.a(lib_a-localeconv.o)
                0x0000000006026a9c                __localeconv_l
                0x0000000006026aa4                _localeconv_r
                0x0000000006026ac0                localeconv
 .text          0x0000000006026adc       0xa8 /joe/Compiler/LINUX/bin/../lib/gcc/sh-none-elf/8.2.0/../../../../sh-none-elf/lib/libc.a(lib_a-locale.o)
                0x0000000006026adc                _setlocale_r
                0x0000000006026b28                __locale_mb_cur_max
                0x0000000006026b48                __locale_ctype_ptr_l
                0x0000000006026b52                __locale_ctype_ptr
                0x0000000006026b70                setlocale
 .text          0x0000000006026b84      0x110 /joe/Compiler/LINUX/bin/../lib/gcc/sh-none-elf/8.2.0/../../../../sh-none-elf/lib/libc.a(lib_a-makebuf.o)
                0x0000000006026b84                __swhatbuf_r
                0x0000000006026be8                __smakebuf_r
 .text          0x0000000006026c94       0x4c /joe/Compiler/LINUX/bin/../lib/gcc/sh-none-elf/8.2.0/../../../../sh-none-elf/lib/libc.a(lib_a-mbtowc_r.o)
                0x0000000006026c94                _mbtowc_r
                0x0000000006026cb8                __ascii_mbtowc
 .text          0x0000000006026ce0       0x1c /joe/Compiler/LINUX/bin/../lib/gcc/sh-none-elf/8.2.0/../../../../sh-none-elf/lib/libc.a(lib_a-memchr.o)
                0x0000000006026ce0                memchr
 .text          0x0000000006026cfc      0xa9c /joe/Compiler/LINUX/bin/../lib/gcc/sh-none-elf/8.2.0/../../../../sh-none-elf/lib/libc.a(lib_a-mprec.o)
                0x0000000006026cfc                _Balloc
                0x0000000006026d70                _Bfree
                0x0000000006026d88                __multadd
                0x0000000006026e30                __s2b
                0x0000000006026ef0                __hi0bits
                0x0000000006026f44                __lo0bits
                0x0000000006026fa8                __i2b
                0x0000000006026fc4                __multiply
                0x0000000006027108                __pow5mult
                0x00000000060271c4                __lshift
                0x00000000060272b8                __mcmp
                0x00000000060272f0                __mdiff
                0x00000000060273cc                __ulp
                0x0000000006027438                __b2d
                0x0000000006027520                __d2b
                0x000000000602760c                __ratio
                0x0000000006027690                _mprec_log10
                0x00000000060276e8                __copybits
                0x000000000602772c                __any_on
 .text          0x0000000006027798      0x14c /joe/Compiler/LINUX/bin/../lib/gcc/sh-none-elf/8.2.0/../../../../sh-none-elf/lib/libc.a(lib_a-refill.o)
                0x00000000060277b0                __srefill_r
 .text          0x00000000060278e4       0xe0 /joe/Compiler/LINUX/bin/../lib/gcc/sh-none-elf/8.2.0/../../../../sh-none-elf/lib/libc.a(lib_a-stdio.o)
                0x00000000060278e4                __sread
                0x0000000006027920                __seofread
                0x0000000006027924                __swrite
                0x0000000006027974                __sseek
                0x00000000060279b4                __sclose
 .text          0x00000000060279c4       0x38 /joe/Compiler/LINUX/bin/../lib/gcc/sh-none-elf/8.2.0/../../../../sh-none-elf/lib/libc.a(lib_a-strcmp.o)
                0x00000000060279c4                strcmp
 .text          0x00000000060279fc      0xa60 /joe/Compiler/LINUX/bin/../lib/gcc/sh-none-elf/8.2.0/../../../../sh-none-elf/lib/libc.a(lib_a-svfiprintf.o)
                0x00000000060279fc                __ssprint_r
                0x0000000006027b30                _svfiprintf_r
 .text          0x000000000602845c       0x40 /joe/Compiler/LINUX/bin/../lib/gcc/sh-none-elf/8.2.0/../../../../sh-none-elf/lib/libc.a(lib_a-wctomb_r.o)
                0x000000000602845c                _wctomb_r
                0x000000000602847c                __ascii_wctomb
 .text          0x000000000602849c       0x34 /joe/Compiler/LINUX/bin/../lib/gcc/sh-none-elf/8.2.0/../../../../sh-none-elf/lib/libc.a(lib_a-writer.o)
                0x000000000602849c                _write_r
 .text          0x00000000060284d0       0x30 /joe/Compiler/LINUX/bin/../lib/gcc/sh-none-elf/8.2.0/../../../../sh-none-elf/lib/libc.a(lib_a-closer.o)
                0x00000000060284d0                _close_r
 .text          0x0000000006028500        0x0 /joe/Compiler/LINUX/bin/../lib/gcc/sh-none-elf/8.2.0/../../../../sh-none-elf/lib/libc.a(lib_a-ctype_.o)
 .text          0x0000000006028500       0xc8 /joe/Compiler/LINUX/bin/../lib/gcc/sh-none-elf/8.2.0/../../../../sh-none-elf/lib/libc.a(lib_a-fclose.o)
                0x0000000006028500                _fclose_r
                0x00000000060285b4                fclose
 .text          0x00000000060285c8       0x34 /joe/Compiler/LINUX/bin/../lib/gcc/sh-none-elf/8.2.0/../../../../sh-none-elf/lib/libc.a(lib_a-fstatr.o)
                0x00000000060285c8                _fstat_r
 .text          0x00000000060285fc       0x30 /joe/Compiler/LINUX/bin/../lib/gcc/sh-none-elf/8.2.0/../../../../sh-none-elf/lib/libc.a(lib_a-isattyr.o)
                0x00000000060285fc                _isatty_r
 .text          0x000000000602862c       0x34 /joe/Compiler/LINUX/bin/../lib/gcc/sh-none-elf/8.2.0/../../../../sh-none-elf/lib/libc.a(lib_a-lseekr.o)
                0x000000000602862c                _lseek_r
 .text          0x0000000006028660       0x3c /joe/Compiler/LINUX/bin/../lib/gcc/sh-none-elf/8.2.0/../../../../sh-none-elf/lib/libc.a(lib_a-memmove.o)
                0x0000000006028660                memmove
 .text          0x000000000602869c       0x34 /joe/Compiler/LINUX/bin/../lib/gcc/sh-none-elf/8.2.0/../../../../sh-none-elf/lib/libc.a(lib_a-readr.o)
                0x000000000602869c                _read_r
 .text          0x00000000060286d0      0x100 /joe/Compiler/LINUX/bin/../lib/gcc/sh-none-elf/8.2.0/../../../../sh-none-elf/lib/libc.a(lib_a-reent.o)
                0x00000000060286d0                cleanup_glue
                0x00000000060286fc                _reclaim_reent
 .text          0x00000000060287d0      0x25c /joe/Compiler/LINUX/bin/../lib/gcc/sh-none-elf/8.2.0/../../../../sh-none-elf/lib/libc.a(lib_a-syscalls.o)
                0x0000000006028848                _read
                0x0000000006028858                _lseek
                0x0000000006028868                _write
                0x0000000006028878                _close
                0x0000000006028888                _link
                0x000000000602888c                _sbrk
                0x00000000060288e4                _fstat
                0x00000000060288ee                _open
                0x0000000006028900                _creat
                0x0000000006028910                _unlink
                0x0000000006028914                isatty
                0x0000000006028918                _isatty
                0x000000000602891c                _exit
                0x000000000602892c                _kill
                0x0000000006028940                _getpid
                0x0000000006028944                _raise
                0x0000000006028948                _stat
                0x0000000006028958                _chmod
                0x0000000006028968                _chown
                0x0000000006028978                _utime
                0x000000000602898c                _fork
                0x0000000006028998                _wait
                0x00000000060289a8                _execve
                0x00000000060289b8                _execv
                0x00000000060289c8                _pipe
                0x00000000060289d4                _times
                0x00000000060289d8                _gettimeofday
                0x0000000006028a00                __setup_argv_and_call_main
 .text          0x0000000006028a2c       0x14 /joe/Compiler/LINUX/bin/../lib/gcc/sh-none-elf/8.2.0/../../../../sh-none-elf/lib/libc.a(lib_a-trap.o)
                0x0000000006028a2c                __trap34
 .text          0x0000000006028a40       0x18 /joe/Compiler/LINUX/bin/../lib/gcc/sh-none-elf/8.2.0/../../../../sh-none-elf/lib/libc.a(lib_a-abort.o)
                0x0000000006028a40                abort
 .text          0x0000000006028a58      0x1b0 /joe/Compiler/LINUX/bin/../lib/gcc/sh-none-elf/8.2.0/../../../../sh-none-elf/lib/libc.a(lib_a-signal.o)
                0x0000000006028a58                _init_signal_r
                0x0000000006028a94                _signal_r
                0x0000000006028ae0                _raise_r
                0x0000000006028b58                __sigtramp_r
                0x0000000006028bbc                raise
                0x0000000006028bd0                signal
                0x0000000006028be4                _init_signal
                0x0000000006028bf4                __sigtramp
 .text          0x0000000006028c08       0x40 /joe/Compiler/LINUX/bin/../lib/gcc/sh-none-elf/8.2.0/../../../../sh-none-elf/lib/libc.a(lib_a-signalr.o)
                0x0000000006028c08                _kill_r
                0x0000000006028c3c                _getpid_r
 .text          0x0000000006028c48       0x80 /joe/Compiler/LINUX/bin/../lib/gcc/sh-none-elf/8.2.0/libgcc.a(_ashiftrt_n.o)
                0x0000000006028c48                __ashrsi3
 .text          0x0000000006028cc8       0xbc /joe/Compiler/LINUX/bin/../lib/gcc/sh-none-elf/8.2.0/libgcc.a(_ashiftlt.o)
                0x0000000006028cc8                __ashlsi3
                0x0000000006028ccc                __ashlsi3_r0
 .text          0x0000000006028d84       0xbc /joe/Compiler/LINUX/bin/../lib/gcc/sh-none-elf/8.2.0/libgcc.a(_lshiftrt.o)
                0x0000000006028d84                __lshrsi3
                0x0000000006028d88                __lshrsi3_r0
 .text          0x0000000006028e40      0x258 /joe/Compiler/LINUX/bin/../lib/gcc/sh-none-elf/8.2.0/libgcc.a(_udivdi3.o)
                0x0000000006028e40                __udivdi3
 .text          0x0000000006029098      0x2bc /joe/Compiler/LINUX/bin/../lib/gcc/sh-none-elf/8.2.0/libgcc.a(_umoddi3.o)
                0x0000000006029098                __umoddi3
 .text          0x0000000006029354      0x3b4 /joe/Compiler/LINUX/bin/../lib/gcc/sh-none-elf/8.2.0/libgcc.a(_addsub_df.o)
                0x0000000006029664                __adddf3
                0x00000000060296b4                __subdf3
 .text          0x0000000006029708      0x208 /joe/Compiler/LINUX/bin/../lib/gcc/sh-none-elf/8.2.0/libgcc.a(_mul_df.o)
                0x0000000006029708                __muldf3
 .text          0x0000000006029910      0x130 /joe/Compiler/LINUX/bin/../lib/gcc/sh-none-elf/8.2.0/libgcc.a(_div_df.o)
                0x0000000006029910                __divdf3
 .text          0x0000000006029a40       0x58 /joe/Compiler/LINUX/bin/../lib/gcc/sh-none-elf/8.2.0/libgcc.a(_eq_df.o)
                0x0000000006029a40                __eqdf2
 .text          0x0000000006029a98       0x58 /joe/Compiler/LINUX/bin/../lib/gcc/sh-none-elf/8.2.0/libgcc.a(_ne_df.o)
                0x0000000006029a98                __nedf2
 .text          0x0000000006029af0       0x50 /joe/Compiler/LINUX/bin/../lib/gcc/sh-none-elf/8.2.0/libgcc.a(_gt_df.o)
                0x0000000006029af0                __gtdf2
 .text          0x0000000006029b40       0x50 /joe/Compiler/LINUX/bin/../lib/gcc/sh-none-elf/8.2.0/libgcc.a(_ge_df.o)
                0x0000000006029b40                __gedf2
 .text          0x0000000006029b90       0x58 /joe/Compiler/LINUX/bin/../lib/gcc/sh-none-elf/8.2.0/libgcc.a(_lt_df.o)
                0x0000000006029b90                __ltdf2
 .text          0x0000000006029be8       0x58 /joe/Compiler/LINUX/bin/../lib/gcc/sh-none-elf/8.2.0/libgcc.a(_le_df.o)
                0x0000000006029be8                __ledf2
 .text          0x0000000006029c40       0x40 /joe/Compiler/LINUX/bin/../lib/gcc/sh-none-elf/8.2.0/libgcc.a(_unord_df.o)
                0x0000000006029c40                __unorddf2
 .text          0x0000000006029c80       0xa8 /joe/Compiler/LINUX/bin/../lib/gcc/sh-none-elf/8.2.0/libgcc.a(_si_to_df.o)
                0x0000000006029c80                __floatsidf
 .text          0x0000000006029d28       0xa4 /joe/Compiler/LINUX/bin/../lib/gcc/sh-none-elf/8.2.0/libgcc.a(_df_to_si.o)
                0x0000000006029d28                __fixdfsi
 .text          0x0000000006029dcc        0x0 /joe/Compiler/LINUX/bin/../lib/gcc/sh-none-elf/8.2.0/libgcc.a(_thenan_df.o)
 .text          0x0000000006029dcc       0x88 /joe/Compiler/LINUX/bin/../lib/gcc/sh-none-elf/8.2.0/libgcc.a(_usi_to_df.o)
                0x0000000006029dcc                __floatunsidf
 *fill*         0x0000000006029e54        0x4 
 .text          0x0000000006029e58       0x60 /joe/Compiler/LINUX/bin/../lib/gcc/sh-none-elf/8.2.0/libgcc.a(_udiv_qrnnd_16.o)
                0x0000000006029e58                __udiv_qrnnd_16
 .text          0x0000000006029eb8        0x0 /joe/Compiler/LINUX/bin/../lib/gcc/sh-none-elf/8.2.0/libgcc.a(_clz.o)
 .text          0x0000000006029eb8       0x58 /joe/Compiler/LINUX/bin/../lib/gcc/sh-none-elf/8.2.0/libgcc.a(_clzsi2.o)
                0x0000000006029eb8                __clzsi2
 .text          0x0000000006029f10      0x25c /joe/Compiler/LINUX/bin/../lib/gcc/sh-none-elf/8.2.0/libgcc.a(_pack_df.o)
                0x0000000006029f10                __pack_d
 .text          0x000000000602a16c       0xcc /joe/Compiler/LINUX/bin/../lib/gcc/sh-none-elf/8.2.0/libgcc.a(_unpack_df.o)
                0x000000000602a16c                __unpack_d
 .text          0x000000000602a238       0xc8 /joe/Compiler/LINUX/bin/../lib/gcc/sh-none-elf/8.2.0/libgcc.a(_fpcmp_parts_df.o)
                0x000000000602a238                __fpcmp_parts_d
 *(.strings)
 *(SEGA_P)
 *(.eh_frame_hdr)
 *(.eh_frame)
 .eh_frame      0x000000000602a300       0xa8 /joe/Compiler/LINUX/bin/../lib/gcc/sh-none-elf/8.2.0/libgcc.a(_udivdi3.o)
 .eh_frame      0x000000000602a3a8       0xdc /joe/Compiler/LINUX/bin/../lib/gcc/sh-none-elf/8.2.0/libgcc.a(_umoddi3.o)
                0x000000000602a484                __etext = .

.text.startup   0x000000000602a490      0xc20
 .text.startup  0x000000000602a490      0xc14 /tmp/ccmrCrX7.ltrans0.ltrans.o
                0x000000000602a490                main

SLPROG          0x000000000602b0c0    0x158a0
                0x000000000602b0c0                __slprog_start = .
 *(SLPROG)
 SLPROG         0x000000000602b0c0     0x6540 /joe/Compiler/COMMON/SGL_302j/LIB_ELF/SGLAREA.O
                0x000000000602b0c0                MasterStack
                0x000000000602b0c4                SlaveStack
                0x000000000602b0c8                MaxVertices
                0x000000000602b0ca                MaxPolygons
                0x000000000602b0cc                SortList
                0x000000000602b0d0                SortListSize
                0x000000000602b0d4                TransList
                0x000000000602b0d8                Zbuffer
                0x000000000602b0dc                SpriteBuf
                0x000000000602b0e0                SpriteBufSize
                0x000000000602b0e4                Pbuffer
                0x000000000602b0e8                CommandBuf
                0x000000000602b0ec                CLOfstBuf
                0x000000000602b0f0                PCM_Work
                0x000000000602b0f4                PCM_WkSize
                0x000000000602b0f8                MaxEvents
                0x000000000602b0fa                EventSize
                0x000000000602b0fc                MaxWorks
                0x000000000602b0fe                WorkSize
                0x000000000602b100                RemainEvent
                0x000000000602b200                RemainWork
                0x000000000602b600                EventBuf
                0x000000000602d600                WorkBuf
 SLPROG         0x0000000006031600     0x411e /joe/Compiler/COMMON/SGL_302j/LIB_ELF/LIBSGL.A(sglA01.o)
                0x0000000006031600                slSin
                0x0000000006031624                slCos
                0x0000000006031648                GetSinCos
                0x00000000060316dc                sin_cos_index_tbl
                0x000000000603171c                sin_tbl
 *fill*         0x000000000603571e        0x2 
 SLPROG         0x0000000006035720       0x18 /joe/Compiler/COMMON/SGL_302j/LIB_ELF/LIBSGL.A(sglA15.o)
                0x0000000006035720                slSlaveFunc
 *fill*         0x0000000006035738        0x8 
 SLPROG         0x0000000006035740       0xd0 /joe/Compiler/COMMON/SGL_302j/LIB_ELF/LIBSGL.A(sglA16.o)
                0x0000000006035740                slLookAt
 SLPROG         0x0000000006035810       0x78 /joe/Compiler/COMMON/SGL_302j/LIB_ELF/LIBSGL.A(sglA17.o)
                0x0000000006035810                slRotZ
                0x000000000603581a                slRotZSC
 *fill*         0x0000000006035888        0x8 
 SLPROG         0x0000000006035890       0x78 /joe/Compiler/COMMON/SGL_302j/LIB_ELF/LIBSGL.A(sglA18.o)
                0x0000000006035890                slRotY
                0x000000000603589a                slRotYSC
 *fill*         0x0000000006035908        0x8 
 SLPROG         0x0000000006035910       0x78 /joe/Compiler/COMMON/SGL_302j/LIB_ELF/LIBSGL.A(sglA19.o)
                0x0000000006035910                slRotX
                0x000000000603591a                slRotXSC
 *fill*         0x0000000006035988        0x8 
 SLPROG         0x0000000006035990      0x42c /joe/Compiler/COMMON/SGL_302j/LIB_ELF/LIBSGL.A(sglA20.o)
                0x0000000006035990                slInitMatrix
                0x000000000603599a                slPushUnitMatrix
                0x00000000060359ae                slUnitMatrix
 *fill*         0x0000000006035dbc        0x4 
 SLPROG         0x0000000006035dc0       0x48 /joe/Compiler/COMMON/SGL_302j/LIB_ELF/LIBSGL.A(sglA21.o)
                0x0000000006035dc0                slPushMatrix
                0x0000000006035df4                slPopMatrix
                0x0000000006035df4                slDecMatrixPtr
 *fill*         0x0000000006035e08        0x8 
 SLPROG         0x0000000006035e10       0x50 /joe/Compiler/COMMON/SGL_302j/LIB_ELF/LIBSGL.A(sglA27.o)
                0x0000000006035e10                slTranslate
 SLPROG         0x0000000006035e60       0x70 /joe/Compiler/COMMON/SGL_302j/LIB_ELF/LIBSGL.A(sglA28.o)
                0x0000000006035e60                slScale
 SLPROG         0x0000000006035ed0       0x22 /joe/Compiler/COMMON/SGL_302j/LIB_ELF/LIBSGL.A(sglA40.o)
                0x0000000006035ed0                slCalcVector
 *fill*         0x0000000006035ef2        0xe 
 SLPROG         0x0000000006035f00       0x20 /joe/Compiler/COMMON/SGL_302j/LIB_ELF/LIBSGL.A(sglB001.o)
                0x0000000006035f00                slTVOn
                0x0000000006035f0a                slTVOff
 SLPROG         0x0000000006035f20       0x24 /joe/Compiler/COMMON/SGL_302j/LIB_ELF/LIBSGL.A(sglB011.o)
                0x0000000006035f20                slBitMapNbg1
 *fill*         0x0000000006035f44        0xc 
 SLPROG         0x0000000006035f50        0x8 /joe/Compiler/COMMON/SGL_302j/LIB_ELF/LIBSGL.A(sglB014.o)
                0x0000000006035f50                slScrTransparent
 *fill*         0x0000000006035f58        0x8 
 SLPROG         0x0000000006035f60      0x40c /joe/Compiler/COMMON/SGL_302j/LIB_ELF/LIBSGL.A(sglB015.o)
                0x0000000006035f60                slScrAutoDisp
 *fill*         0x000000000603636c        0x4 
 SLPROG         0x0000000006036370        0xc /joe/Compiler/COMMON/SGL_302j/LIB_ELF/LIBSGL.A(sglB016.o)
                0x0000000006036370                slBack1ColSet
 *fill*         0x000000000603637c        0x4 
 SLPROG         0x0000000006036380       0x10 /joe/Compiler/COMMON/SGL_302j/LIB_ELF/LIBSGL.A(sglB020.o)
                0x0000000006036380                slColorCalc
 SLPROG         0x0000000006036390        0xc /joe/Compiler/COMMON/SGL_302j/LIB_ELF/LIBSGL.A(sglB021.o)
                0x0000000006036390                slColorCalcOn
 *fill*         0x000000000603639c        0x4 
 SLPROG         0x00000000060363a0        0xc /joe/Compiler/COMMON/SGL_302j/LIB_ELF/LIBSGL.A(sglB023.o)
                0x00000000060363a0                slColRate
 *fill*         0x00000000060363ac        0x4 
 SLPROG         0x00000000060363b0       0xb0 /joe/Compiler/COMMON/SGL_302j/LIB_ELF/LIBSGL.A(sglB031.o)
                0x00000000060363b0                slMapNbg0
 SLPROG         0x0000000006036460       0xb4 /joe/Compiler/COMMON/SGL_302j/LIB_ELF/LIBSGL.A(sglB032.o)
                0x0000000006036460                slMapNbg1
 *fill*         0x0000000006036514        0xc 
 SLPROG         0x0000000006036520       0xb0 /joe/Compiler/COMMON/SGL_302j/LIB_ELF/LIBSGL.A(sglB033.o)
                0x0000000006036520                slMapNbg2
 SLPROG         0x00000000060365d0       0xb4 /joe/Compiler/COMMON/SGL_302j/LIB_ELF/LIBSGL.A(sglB034.o)
                0x00000000060365d0                slMapNbg3
 *fill*         0x0000000006036684        0xc 
 SLPROG         0x0000000006036690       0xd4 /joe/Compiler/COMMON/SGL_302j/LIB_ELF/LIBSGL.A(sglB035.o)
                0x0000000006036690                sl1MapRA
                0x0000000006036722                rbank_set
 *fill*         0x0000000006036764        0xc 
 SLPROG         0x0000000006036770       0xa0 /joe/Compiler/COMMON/SGL_302j/LIB_ELF/LIBSGL.A(sglB036.o)
                0x0000000006036770                sl1MapRB
 SLPROG         0x0000000006036810       0x70 /joe/Compiler/COMMON/SGL_302j/LIB_ELF/LIBSGL.A(sglB038.o)
                0x0000000006036810                slRparaInitSet
 SLPROG         0x0000000006036880       0x7e /joe/Compiler/COMMON/SGL_302j/LIB_ELF/LIBSGL.A(sglB039.o)
                0x0000000006036880                slMakeKtable
 *fill*         0x00000000060368fe        0x2 
 SLPROG         0x0000000006036900       0x58 /joe/Compiler/COMMON/SGL_302j/LIB_ELF/LIBSGL.A(sglB040.o)
                0x0000000006036900                slKtableRA
 *fill*         0x0000000006036958        0x8 
 SLPROG         0x0000000006036960       0x5c /joe/Compiler/COMMON/SGL_302j/LIB_ELF/LIBSGL.A(sglB041.o)
                0x0000000006036960                slKtableRB
 *fill*         0x00000000060369bc        0x4 
 SLPROG         0x00000000060369c0       0x10 /joe/Compiler/COMMON/SGL_302j/LIB_ELF/LIBSGL.A(sglB042.o)
                0x00000000060369c0                slCurRpara
 SLPROG         0x00000000060369d0        0x8 /joe/Compiler/COMMON/SGL_302j/LIB_ELF/LIBSGL.A(sglB043.o)
                0x00000000060369d0                slRparaMode
 *fill*         0x00000000060369d8        0x8 
 SLPROG         0x00000000060369e0      0x4e4 /joe/Compiler/COMMON/SGL_302j/LIB_ELF/LIBSGL.A(sglB044.o)
                0x00000000060369e0                slScrMatSet
 *fill*         0x0000000006036ec4        0xc 
 SLPROG         0x0000000006036ed0       0x28 /joe/Compiler/COMMON/SGL_302j/LIB_ELF/LIBSGL.A(sglB045.o)
                0x0000000006036ed0                slScrMatConv
 *fill*         0x0000000006036ef8        0x8 
 SLPROG         0x0000000006036f00        0xc /joe/Compiler/COMMON/SGL_302j/LIB_ELF/LIBSGL.A(sglB047.o)
                0x0000000006036f00                slOverRA
 *fill*         0x0000000006036f0c        0x4 
 SLPROG         0x0000000006036f10       0x10 /joe/Compiler/COMMON/SGL_302j/LIB_ELF/LIBSGL.A(sglB048.o)
                0x0000000006036f10                slOverRB
 SLPROG         0x0000000006036f20        0xc /joe/Compiler/COMMON/SGL_302j/LIB_ELF/LIBSGL.A(sglB055.o)
                0x0000000006036f20                slPlaneNbg0
 *fill*         0x0000000006036f2c        0x4 
 SLPROG         0x0000000006036f30        0xc /joe/Compiler/COMMON/SGL_302j/LIB_ELF/LIBSGL.A(sglB056.o)
                0x0000000006036f30                slPlaneNbg1
 *fill*         0x0000000006036f3c        0x4 
 SLPROG         0x0000000006036f40       0x10 /joe/Compiler/COMMON/SGL_302j/LIB_ELF/LIBSGL.A(sglB057.o)
                0x0000000006036f40                slPlaneNbg2
 SLPROG         0x0000000006036f50       0x10 /joe/Compiler/COMMON/SGL_302j/LIB_ELF/LIBSGL.A(sglB058.o)
                0x0000000006036f50                slPlaneNbg3
 SLPROG         0x0000000006036f60        0xc /joe/Compiler/COMMON/SGL_302j/LIB_ELF/LIBSGL.A(sglB059.o)
                0x0000000006036f60                slPlaneRA
 *fill*         0x0000000006036f6c        0x4 
 SLPROG         0x0000000006036f70       0x10 /joe/Compiler/COMMON/SGL_302j/LIB_ELF/LIBSGL.A(sglB060.o)
                0x0000000006036f70                slPlaneRB
 SLPROG         0x0000000006036f80        0xc /joe/Compiler/COMMON/SGL_302j/LIB_ELF/LIBSGL.A(sglB063.o)
                0x0000000006036f80                slPriority
 *fill*         0x0000000006036f8c        0x4 
 SLPROG         0x0000000006036f90       0x18 /joe/Compiler/COMMON/SGL_302j/LIB_ELF/LIBSGL.A(sglB087.o)
                0x0000000006036f90                slLineScrollTable0
 *fill*         0x0000000006036fa8        0x8 
 SLPROG         0x0000000006036fb0        0x8 /joe/Compiler/COMMON/SGL_302j/LIB_ELF/LIBSGL.A(sglB088.o)
                0x0000000006036fb0                slLineScrollTable1
 *fill*         0x0000000006036fb8        0x8 
 SLPROG         0x0000000006036fc0        0xc /joe/Compiler/COMMON/SGL_302j/LIB_ELF/LIBSGL.A(sglB090.o)
                0x0000000006036fc0                slLineScrollMode
 *fill*         0x0000000006036fcc        0x4 
 SLPROG         0x0000000006036fd0      0x114 /joe/Compiler/COMMON/SGL_302j/LIB_ELF/LIBSGL.A(sglB200.o)
                0x0000000006036fd0                slCharRbg0
                0x0000000006036fdc                slCharNbg0
                0x0000000006036fe8                slCharNbg1
                0x0000000006036ff4                slCharNbg2
                0x000000000603700a                slCharNbg3
                0x0000000006037022                slPageRbg0
                0x0000000006037038                slPageNbg1
                0x0000000006037040                slPageNbg2
                0x0000000006037048                slPageNbg3
                0x0000000006037054                slPageNbg0
 *fill*         0x00000000060370e4        0xc 
 SLPROG         0x00000000060370f0       0x6c /joe/Compiler/COMMON/SGL_302j/LIB_ELF/LIBSGL.A(sglC01.o)
                0x00000000060370f0                slPerspective
 *fill*         0x000000000603715c        0x4 
 SLPROG         0x0000000006037160       0xc4 /joe/Compiler/COMMON/SGL_302j/LIB_ELF/LIBSGL.A(sglC03.o)
                0x0000000006037160                slWindow
 *fill*         0x0000000006037224        0xc 
 SLPROG         0x0000000006037230       0x2c /joe/Compiler/COMMON/SGL_302j/LIB_ELF/LIBSGL.A(sglC04.o)
                0x0000000006037230                slZdspLevel
 *fill*         0x000000000603725c        0x4 
 SLPROG         0x0000000006037260       0x78 /joe/Compiler/COMMON/SGL_302j/LIB_ELF/LIBSGL.A(sglC05.o)
                0x0000000006037260                slSetSprite
 *fill*         0x00000000060372d8        0x8 
 SLPROG         0x00000000060372e0       0xfa /joe/Compiler/COMMON/SGL_302j/LIB_ELF/LIBSGL.A(sglC06.o)
                0x00000000060372e0                slDispSprite
 *fill*         0x00000000060373da        0x6 
 SLPROG         0x00000000060373e0      0x162 /joe/Compiler/COMMON/SGL_302j/LIB_ELF/LIBSGL.A(sglC07.o)
                0x00000000060373e6                slPutSprite
 *fill*         0x0000000006037542        0xe 
 SLPROG         0x0000000006037550     0x1218 /joe/Compiler/COMMON/SGL_302j/LIB_ELF/LIBSGL.A(sglC08.o)
                0x0000000006037550                slPutPolygon
                0x00000000060381cc                MsCalcDepthFlat
 *fill*         0x0000000006038768        0x8 
 SLPROG         0x0000000006038770       0x8c /joe/Compiler/COMMON/SGL_302j/LIB_ELF/LIBSGL.A(sglC14.o)
                0x0000000006038770                slCurWindow
 *fill*         0x00000000060387fc        0x4 
 SLPROG         0x0000000006038800       0x54 /joe/Compiler/COMMON/SGL_302j/LIB_ELF/LIBSGL.A(sglC16.o)
                0x0000000006038800                slDynamicFrame
 *fill*         0x0000000006038854        0xc 
 SLPROG         0x0000000006038860       0x4c /joe/Compiler/COMMON/SGL_302j/LIB_ELF/LIBSGL.A(sglC17.o)
                0x0000000006038860                slDispSpriteHV
 *fill*         0x00000000060388ac        0x4 
 SLPROG         0x00000000060388b0       0xd4 /joe/Compiler/COMMON/SGL_302j/LIB_ELF/LIBSGL.A(sglC19.o)
                0x00000000060388b0                slDispSprite4P
 *fill*         0x0000000006038984        0xc 
 SLPROG         0x0000000006038990       0x40 /joe/Compiler/COMMON/SGL_302j/LIB_ELF/LIBSGL.A(sglC20.o)
                0x0000000006038990                SpriteEntry
 SLPROG         0x00000000060389d0      0x4ae /joe/Compiler/COMMON/SGL_302j/LIB_ELF/LIBSGL.A(sglC21.o)
                0x0000000006038a58                RotSprite
                0x0000000006038ae6                SetSprPosition
 *fill*         0x0000000006038e7e        0x2 
 SLPROG         0x0000000006038e80       0x84 /joe/Compiler/COMMON/SGL_302j/LIB_ELF/LIBSGL.A(sglD00.o)
                0x0000000006038e80                slDMACopy
                0x0000000006038e80                slCpuDMACopy
                0x0000000006038eda                slCashPurge
                0x0000000006038eda                CSH_AllClr
 *fill*         0x0000000006038f04        0xc 
 SLPROG         0x0000000006038f10       0xa0 /joe/Compiler/COMMON/SGL_302j/LIB_ELF/LIBSGL.A(sglD01.o)
                0x0000000006038f10                slDMAXCopy
 SLPROG         0x0000000006038fb0       0x10 /joe/Compiler/COMMON/SGL_302j/LIB_ELF/LIBSGL.A(sglD02.o)
                0x0000000006038fb0                slDMAWait
 SLPROG         0x0000000006038fc0        0xc /joe/Compiler/COMMON/SGL_302j/LIB_ELF/LIBSGL.A(sglD03.o)
                0x0000000006038fc0                slDMAStatus
 *fill*         0x0000000006038fcc        0x4 
 SLPROG         0x0000000006038fd0       0x20 /joe/Compiler/COMMON/SGL_302j/LIB_ELF/LIBSGL.A(sglD15.o)
                0x0000000006038fd0                CSH_Purge
 SLPROG         0x0000000006038ff0       0x84 /joe/Compiler/COMMON/SGL_302j/LIB_ELF/LIBSGL.A(sglD16.o)
                0x0000000006038ff0                DMA_ScuSetPrm
                0x0000000006039038                DMA_SCU_PRM0
 *fill*         0x0000000006039074        0xc 
 SLPROG         0x0000000006039080       0x88 /joe/Compiler/COMMON/SGL_302j/LIB_ELF/LIBSGL.A(sglD17.o)
                0x0000000006039080                DMA_ScuStart
 *fill*         0x0000000006039108        0x8 
 SLPROG         0x0000000006039110       0x34 /joe/Compiler/COMMON/SGL_302j/LIB_ELF/LIBSGL.A(sglD18.o)
                0x0000000006039110                DMA_ScuGetStatus
 *fill*         0x0000000006039144        0xc 
 SLPROG         0x0000000006039150       0x34 /joe/Compiler/COMMON/SGL_302j/LIB_ELF/LIBSGL.A(sglF08.o)
                0x0000000006039150                slDec2Hex
 *fill*         0x0000000006039184        0xc 
 SLPROG         0x0000000006039190      0xfc8 /joe/Compiler/COMMON/SGL_302j/LIB_ELF/LIBSGL.A(sglH00.o)
                0x00000000060391a8                slGetPortDir1
                0x00000000060391b0                slGetPortDir2
                0x00000000060391b8                slSetPortDir1
                0x00000000060391e2                slSetPortDir2
                0x000000000603921c                slGetPortData1
                0x0000000006039224                slGetPortData2
                0x000000000603922c                slSetPortData1
                0x0000000006039236                slSetPortData2
                0x0000000006039248                slGetPortSelect1
                0x0000000006039252                slGetPortSelect2
                0x000000000603925c                slSetPortSelect1
                0x0000000006039290                slSetPortSelect2
                0x00000000060392cc                slGetPortExt1
                0x00000000060392d6                slGetPortExt2
                0x00000000060392e0                slSetPortExt1
                0x0000000006039310                slSetPortExt2
                0x0000000006039484                slSmpcDirectAccess
                0x0000000006039504                slInitPeripheral
                0x0000000006039596                slSetResultBuffer
                0x0000000006039622                slCheckIntBackSet
                0x000000000603962e                slIntBackCancel
                0x0000000006039658                slCheckReset
                0x0000000006039662                slClearReset
                0x0000000006039828                slSmpcCashSend
                0x00000000060398e4                slSmpcCashBlow
                0x00000000060399c0                slGetOptimize
                0x00000000060399ca                slSetOptimize
                0x00000000060399f0                slGetPortMode1
                0x00000000060399fc                slGetPortMode2
                0x0000000006039a0a                slSetPortMode1
                0x0000000006039a48                slSetPortMode2
                0x0000000006039bd4                slRequestCommand
                0x0000000006039c44                Smpc_Status
                0x0000000006039c48                Smpc_Result
                0x0000000006039c4c                Smpc_Peripheral
                0x0000000006039c52                Per_Connect1
                0x0000000006039c53                Per_Connect2
                0x0000000006039c74                SmpcStatusBuf
 *fill*         0x000000000603a158        0x8 
 SLPROG         0x000000000603a160       0xa8 /joe/Compiler/COMMON/SGL_302j/LIB_ELF/LIBSGL.A(sglH01.o)
                0x000000000603a160                slGetLanguage
                0x000000000603a16a                slSetLanguage
                0x000000000603a18c                slGetSoundEffect
                0x000000000603a198                slSetSoundEffect
                0x000000000603a1b4                slGetSoundOutput
                0x000000000603a1c0                slSetSoundOutput
                0x000000000603a1dc                slGetHelpWindow
                0x000000000603a1e8                slSetHelpWindow
 *fill*         0x000000000603a208        0x8 
 SLPROG         0x000000000603a210      0x470 /joe/Compiler/COMMON/SGL_302j/LIB_ELF/LIBSGL.A(sglH02.o)
                0x000000000603a600                smpc_pfr_tbl
                0x000000000603a640                smpc_ptf_tbl
 SLPROG         0x000000000603a680       0x60 /joe/Compiler/COMMON/SGL_302j/LIB_ELF/LIBSGL.A(sglH04.o)
                0x000000000603a680                slComPrmIntBack
                0x000000000603a694                slComPrmSetMemory
                0x000000000603a6aa                slComPrmSetTime
 SLPROG         0x000000000603a6e0      0x3a4 /joe/Compiler/COMMON/SGL_302j/LIB_ELF/LIBSGL.A(sglI01.o)
                0x000000000603a6e0                slInitSynch
                0x000000000603a6fa                slSynch
                0x000000000603a7f0                slRandom
                0x000000000603a80e                PCM_EndCheck
                0x000000000603a8ca                RetPCMBuf
                0x000000000603a964                PCM_Buf
                0x000000000603aa04                Sound_Buf
 *fill*         0x000000000603aa84        0xc 
 SLPROG         0x000000000603aa90       0x10 /joe/Compiler/COMMON/SGL_302j/LIB_ELF/LIBSGL.A(sglI04.o)
                0x000000000603aa90                slIntFunction
 SLPROG         0x000000000603aaa0       0x74 /joe/Compiler/COMMON/SGL_302j/LIB_ELF/LIBSGL.A(sglJ00.o)
                0x000000000603aaa0                InitSlaveSH
                0x000000000603ab08                SlaveCommand
 *fill*         0x000000000603ab14        0xc 
 SLPROG         0x000000000603ab20      0x3d0 /joe/Compiler/COMMON/SGL_302j/LIB_ELF/LIBSGL.A(sglJ01.o)
                0x000000000603ab20                SlaveControl
                0x000000000603aedc                ErasePolygonData
 SLPROG         0x000000000603aef0     0x12b8 /joe/Compiler/COMMON/SGL_302j/LIB_ELF/LIBSGL.A(sglJ02.o)
                0x000000000603aef0                sbMakePolygon
                0x000000000603b0d8                sbCalcPolygon
                0x000000000603be10                SetTexture
                0x000000000603be1c                SetPolygon
                0x000000000603be24                SetPosition
                0x000000000603be5c                stvtc_4
                0x000000000603bf14                stvtc_3
                0x000000000603c124                stvtc_1
                0x000000000603c138                stvtc_2
                0x000000000603c14c                stvtc_0
 *fill*         0x000000000603c1a8        0x8 
 SLPROG         0x000000000603c1b0      0x140 /joe/Compiler/COMMON/SGL_302j/LIB_ELF/LIBSGL.A(sglJ03.o)
                0x000000000603c1b0                sbMakeDMATable
 SLPROG         0x000000000603c2f0      0x470 /joe/Compiler/COMMON/SGL_302j/LIB_ELF/LIBSGL.A(sglJ04.o)
                0x000000000603c34e                sbMakeSprite
                0x000000000603c3b4                sbMakeRotSprite
 SLPROG         0x000000000603c760       0x3c /joe/Compiler/COMMON/SGL_302j/LIB_ELF/LIBSGL.A(sglJ05.o)
                0x000000000603c760                sbSortEntry
 *fill*         0x000000000603c79c        0x4 
 SLPROG         0x000000000603c7a0      0x4b8 /joe/Compiler/COMMON/SGL_302j/LIB_ELF/LIBSGL.A(sglM00.o)
                0x000000000603c7a0                slInitGouraud
                0x000000000603c894                slPutPolygonX
                0x000000000603c8da                slGouraudTblCopy
                0x000000000603c932                slSetGouraudTbl
                0x000000000603c938                slSetGouraudColor
                0x000000000603c9b0                slSetAmbient
                0x000000000603c9d4                slSetFlatColor
 *fill*         0x000000000603cc58        0x8 
 SLPROG         0x000000000603cc60       0x6a /joe/Compiler/COMMON/SGL_302j/LIB_ELF/LIBSGL.A(sglM01.o)
                0x000000000603cc60                slSetDepthLimit
                0x000000000603cc8c                slSetDepthTbl
                0x000000000603ccbc                DepthWorkArea
 *fill*         0x000000000603ccca        0x6 
 SLPROG         0x000000000603ccd0       0x20 /joe/Compiler/COMMON/SGL_302j/LIB_ELF/LIBSGL.A(sglA00.o)
                0x000000000603ccd0                set_imask
                0x000000000603ccd0                _builtin_set_imask
                0x000000000603cce4                get_imask
                0x000000000603cce4                _builtin_get_imask
 SLPROG         0x000000000603ccf0     0x215c /joe/Compiler/COMMON/SGL_302j/LIB_ELF/LIBSGL.A(sglA03.o)
                0x000000000603ccf0                slTan
 *fill*         0x000000000603ee4c        0x4 
 SLPROG         0x000000000603ee50       0x34 /joe/Compiler/COMMON/SGL_302j/LIB_ELF/LIBSGL.A(sglA10.o)
                0x000000000603ee50                slSquartDbl
 *fill*         0x000000000603ee84        0xc 
 SLPROG         0x000000000603ee90      0x3c2 /joe/Compiler/COMMON/SGL_302j/LIB_ELF/LIBSGL.A(sglA24.o)
                0x000000000603ee90                slInversMatrix
 *fill*         0x000000000603f252        0xe 
 SLPROG         0x000000000603f260       0x24 /joe/Compiler/COMMON/SGL_302j/LIB_ELF/LIBSGL.A(sglA25.o)
                0x000000000603f260                slTransposeMatrix
 *fill*         0x000000000603f284        0xc 
 SLPROG         0x000000000603f290      0xbd0 /joe/Compiler/COMMON/SGL_302j/LIB_ELF/LIBSGL.A(sglB000.o)
                0x000000000603f290                slInitScroll
                0x000000000603f3b0                setASC_1to8
                0x000000000603f3e0                setASC_4to8
                0x000000000603f4f0                TVSizeTbl
                0x000000000603f570                TVModeTbl
                0x000000000603f748                SGL_ASCII_CG
 SLPROG         0x000000000603fe60      0x134 /joe/Compiler/COMMON/SGL_302j/LIB_ELF/LIBSGL.A(sglC00.o)
                0x000000000603fe60                slInitSprite
 *fill*         0x000000000603ff94        0xc 
 SLPROG         0x000000000603ffa0       0xac /joe/Compiler/COMMON/SGL_302j/LIB_ELF/LIBSGL.A(sglC13.o)
                0x000000000603ffa0                slPutPolygonS
 *fill*         0x000000000604004c        0x4 
 SLPROG         0x0000000006040050       0xc0 /joe/Compiler/COMMON/SGL_302j/LIB_ELF/LIBSGL.A(sglD19.o)
                0x0000000006040050                DMA_ScuMemCopy
 SLPROG         0x0000000006040110      0x75c /joe/Compiler/COMMON/SGL_302j/LIB_ELF/LIBSGL.A(sglI00.o)
                0x0000000006040400                slInitInterrupt
 *fill*         0x000000000604086c        0x4 
 SLPROG         0x0000000006040870       0xf0 /joe/Compiler/COMMON/SGL_302j/LIB_ELF/LIBSGL.A(sglH03.o)
                0x00000000060408d4                slSmpcIntBack
                0x0000000006040960                __slprog_end = .
