Archive member included to satisfy reference by file (symbol)

/joe/Compiler/COMMON/SGL_302j/LIB_ELF/SEGA_SYS.A(sys_exit.o)
                              jo_engine/core.o (symbol from plugin) (SYS_Exit)
/joe/Compiler/COMMON/SGL_302j/LIB_ELF/SEGA_SYS.A(sys_sub.o)
                              /joe/Compiler/COMMON/SGL_302j/LIB_ELF/SEGA_SYS.A(sys_exit.o) (SYSUB_SetStackptr)
/joe/Compiler/COMMON/SGL_302j/LIB_ELF/LIBCD.A(CDC_CMN.O)
                              /joe/Compiler/COMMON/SGL_302j/LIB_ELF/SEGA_SYS.A(sys_exit.o) (CDC_GetCurStat)
/joe/Compiler/COMMON/SGL_302j/LIB_ELF/LIBCD.A(CDC_DRV.O)
                              pcmsys.o (symbol from plugin) (CDC_CdPlay)
/joe/Compiler/COMMON/SGL_302j/LIB_ELF/LIBCD.A(CDC_CFS.O)
                              /joe/Compiler/COMMON/SGL_302j/LIB_ELF/SEGA_SYS.A(sys_exit.o) (CDC_ChgDir)
/joe/Compiler/COMMON/SGL_302j/LIB_ELF/LIBCD.A(CDC_REG.O)
                              /joe/Compiler/COMMON/SGL_302j/LIB_ELF/SEGA_SYS.A(sys_exit.o) (CDC_GetHirqReq)
/joe/Compiler/COMMON/SGL_302j/LIB_ELF/LIBCD.A(CDC_SUB.O)
                              /joe/Compiler/COMMON/SGL_302j/LIB_ELF/LIBCD.A(CDC_CMN.O) (CDSUB_UpdStatus)
/joe/Compiler/COMMON/SGL_302j/LIB_ELF/LIBCD.A(GFS.O)
                              pcmsys.o (symbol from plugin) (GFS_Init)
/joe/Compiler/COMMON/SGL_302j/LIB_ELF/LIBCD.A(GFS_BUF.O)
                              /joe/Compiler/COMMON/SGL_302j/LIB_ELF/LIBCD.A(GFS.O) (GFBF_GetNumData)
/joe/Compiler/COMMON/SGL_302j/LIB_ELF/LIBCD.A(GFS_CDB.O)
                              /joe/Compiler/COMMON/SGL_302j/LIB_ELF/LIBCD.A(GFS.O) (GFCB_Close)
/joe/Compiler/COMMON/SGL_302j/LIB_ELF/LIBCD.A(GFS_CDC.O)
                              /joe/Compiler/COMMON/SGL_302j/LIB_ELF/LIBCD.A(GFS.O) (GFCD_SetCdbfs)
/joe/Compiler/COMMON/SGL_302j/LIB_ELF/LIBCD.A(GFS_CDF.O)
                              /joe/Compiler/COMMON/SGL_302j/LIB_ELF/LIBCD.A(GFS.O) (GFCF_Init)
/joe/Compiler/COMMON/SGL_302j/LIB_ELF/LIBCD.A(GFS_DIR.O)
                              /joe/Compiler/COMMON/SGL_302j/LIB_ELF/LIBCD.A(GFS.O) (GFDR_SetupDirTbl)
/joe/Compiler/COMMON/SGL_302j/LIB_ELF/LIBCD.A(GFS_TRN.O)
                              /joe/Compiler/COMMON/SGL_302j/LIB_ELF/LIBCD.A(GFS.O) (GFTR_Setup)
/joe/Compiler/COMMON/SGL_302j/LIB_ELF/LIBCD.A(CDC_DEV.O)
                              /joe/Compiler/COMMON/SGL_302j/LIB_ELF/LIBCD.A(GFS_CDC.O) (CDC_CdSetCon)
/joe/Compiler/COMMON/SGL_302j/LIB_ELF/LIBCD.A(CDC_SEL.O)
                              /joe/Compiler/COMMON/SGL_302j/LIB_ELF/LIBCD.A(GFS_CDC.O) (CDC_SetFiltRange)
/joe/Compiler/COMMON/SGL_302j/LIB_ELF/LIBCD.A(CDC_BIF.O)
                              /joe/Compiler/COMMON/SGL_302j/LIB_ELF/LIBCD.A(GFS_CDC.O) (CDC_GetBufSiz)
/joe/Compiler/COMMON/SGL_302j/LIB_ELF/LIBCD.A(CDC_BIO.O)
                              /joe/Compiler/COMMON/SGL_302j/LIB_ELF/LIBCD.A(GFS_CDC.O) (CDC_SetSctLen)
/joe/Compiler/COMMON/SGL_302j/LIB_ELF/LIBSGL.A(sglA01.o)
                              jo_engine/math.o (symbol from plugin) (slSin)
/joe/Compiler/COMMON/SGL_302j/LIB_ELF/LIBSGL.A(sglA15.o)
                              jo_engine/slave.o (symbol from plugin) (slSlaveFunc)
/joe/Compiler/COMMON/SGL_302j/LIB_ELF/LIBSGL.A(sglA16.o)
                              main.o (symbol from plugin) (slLookAt)
/joe/Compiler/COMMON/SGL_302j/LIB_ELF/LIBSGL.A(sglA17.o)
                              /joe/Compiler/COMMON/SGL_302j/LIB_ELF/LIBSGL.A(sglA16.o) (slRotZ)
/joe/Compiler/COMMON/SGL_302j/LIB_ELF/LIBSGL.A(sglA18.o)
                              main.o (symbol from plugin) (slRotY)
/joe/Compiler/COMMON/SGL_302j/LIB_ELF/LIBSGL.A(sglA19.o)
                              main.o (symbol from plugin) (slRotX)
/joe/Compiler/COMMON/SGL_302j/LIB_ELF/LIBSGL.A(sglA20.o)
                              main.o (symbol from plugin) (slUnitMatrix)
/joe/Compiler/COMMON/SGL_302j/LIB_ELF/LIBSGL.A(sglA21.o)
                              main.o (symbol from plugin) (slPushMatrix)
/joe/Compiler/COMMON/SGL_302j/LIB_ELF/LIBSGL.A(sglA27.o)
                              /joe/Compiler/COMMON/SGL_302j/LIB_ELF/LIBSGL.A(sglA16.o) (slTranslate)
/joe/Compiler/COMMON/SGL_302j/LIB_ELF/LIBSGL.A(sglA28.o)
                              main.o (symbol from plugin) (slScale)
/joe/Compiler/COMMON/SGL_302j/LIB_ELF/LIBSGL.A(sglA40.o)
                              main.o (symbol from plugin) (slCalcVector)
/joe/Compiler/COMMON/SGL_302j/LIB_ELF/LIBSGL.A(sglB001.o)
                              main.o (symbol from plugin) (slTVOn)
/joe/Compiler/COMMON/SGL_302j/LIB_ELF/LIBSGL.A(sglB011.o)
                              jo_engine/vdp2.o (symbol from plugin) (slBitMapNbg1)
/joe/Compiler/COMMON/SGL_302j/LIB_ELF/LIBSGL.A(sglB014.o)
                              jo_engine/vdp2.o (symbol from plugin) (slScrTransparent)
/joe/Compiler/COMMON/SGL_302j/LIB_ELF/LIBSGL.A(sglB015.o)
                              jo_engine/vdp2.o (symbol from plugin) (slScrAutoDisp)
/joe/Compiler/COMMON/SGL_302j/LIB_ELF/LIBSGL.A(sglB016.o)
[...]
Memory Configuration

Name             Origin             Length             Attributes
*default*        0x0000000000000000 0xffffffffffffffff

Linker script and memory map


SLSTART         0x0000000006004000       0x30
                0x0000000006004000                ___Start = .
 *(SLSTART)
 SLSTART        0x0000000006004000       0x28 /joe/Compiler/COMMON/SGL_302j/LIB_ELF/LIBSGL.A(sglI00.o)
                0x0000000006004000                SGL_Start
                0x0000000006004002                slStartSGL

.text           0x0000000006004040    0x26770
 *(.text)
 .text          0x0000000006004040        0x0 /joe/Compiler/COMMON/SGL_302j/LIB_ELF/SGLAREA.O
 .text          0x0000000006004040     0x82fc /tmp/ccpJWIlZ.ltrans0.ltrans.o
                0x0000000006004684                jo_sprite_draw.constprop.39
                0x00000000060047c8                jo_nbg2_print.constprop.38
                0x0000000006004854                render_CLUT_sprite_MESH.constprop.37
                0x00000000060048a0                __jo_core_set_screens_order.constprop.36
                0x0000000006004970                CDDAPlaySingle.constprop.31
                0x00000000060049ac                jo_free
                0x00000000060049d4                jo_vdp2_clear_bitmap_nbg1.constprop.23
                0x0000000006004a44                jo_backup_unmount.constprop.12
                0x0000000006004adc                jo_vdp2_malloc
                0x0000000006004c80                jo_vdp2_free
                0x0000000006004e78                jo_vdp2_disable_rbg0
                0x0000000006005058                __jo_create_map.lto_priv.574
                0x00000000060050d0                jo_img_to_vdp2_cells
                0x0000000006005178                jo_set_default_background_color
                0x00000000060053a8                jo_sprite_free_from
                0x00000000060055e0                jo_strlen
                0x0000000006005644                jo_getdate
                0x0000000006005718                jo_malloc_with_behaviour
                0x0000000006005d6c                load_textures.constprop.25
                0x0000000006005da8                jo_backup_mount.constprop.7
                0x0000000006005fbc                jo_random
                0x000000000600602c                jo_atan2f_rad
                0x00000000060061f0                load_binary.constprop.29
                0x0000000006006db4                jo_fixed_cos
                0x0000000006006e10                jo_fixed_sin
                0x0000000006007260                __jo_tga_any_loader
                0x0000000006007428                jo_sprite_add_tga.constprop.24
                0x000000000600759c                _realloc_r
                0x0000000006007640                _calloc_r
                0x0000000006007674                _free_r
                0x00000000060076a4                _malloc_r
                0x0000000006007718                mnet_send_remove_local_player
                0x0000000006007794                mnet_tick
                0x0000000006008e68                lobby_screen
                0x000000000600a798                connecting_screen
 .text          0x000000000600c33c     0xd460 /tmp/ccpJWIlZ.ltrans1.ltrans.o
                0x000000000600d170                my_vblank
                0x000000000600fa04                CDDAStop
                0x000000000600fa20                load_16bit_pcm
                0x000000000600fb80                pcm_cease
                0x000000000600fba8                pcm_play
                0x0000000006013854                init_3d_planes
                0x0000000006013d94                load_trackmap
                0x0000000006013dd0                load_preview
                0x0000000006013e0c                load_level
                0x000000000601515c                load_car
                0x00000000060169b0                gameLoop
 .text          0x000000000601979c     0x3038 /tmp/ccpJWIlZ.ltrans2.ltrans.o
                0x000000000601979c                saturn_transport_send.lto_priv.451
                0x00000000060197f4                saturn_transport_rx_byte.lto_priv.450
                0x0000000006019808                saturn_transport_rx_ready.lto_priv.449
                0x0000000006019824                draw_powerups
                0x000000000601992c                create_particles
                0x0000000006019a00                computeLight
                0x0000000006019a70                create_player
                0x0000000006019cb0                set_player_position
                0x0000000006019df8                getSeconds
                0x0000000006019e7c                apply_player_gravity
                0x0000000006019ed4                init_1p_display
                0x0000000006019f5c                init_2p_display
                0x0000000006019fec                stop_engine_sound
                0x000000000601a058                stop_sounds
                0x000000000601a0d8                reset_to_last_checkpoint
                0x000000000601a1d0                reset_demo
                0x000000000601a3d8                render_CLUT_sprite
                0x000000000601a428                ztClearText
                0x000000000601a474                transition_to_end_level
                0x000000000601a614                mmm_get_p2_port
                0x000000000601aaf0                saturn_uart_puts.lto_priv.441
                0x000000000601ab44                modem_read_line.lto_priv.442
                0x000000000601acf4                modem_escape_to_command.lto_priv.445.lto_priv.447
                0x000000000601b380                saturn_uart_init.lto_priv.443
                0x000000000601b438                saturn_uart_set_baud.lto_priv.444
                0x000000000601bc6c                saturn_uart_flush_rx.lto_priv.448
                0x000000000601bcb8                saturn_uart_loopback_test.lto_priv.453.lto_priv.455
                0x000000000601bd80                saturn_uart_read_raw.lto_priv.456.lto_priv.458
                0x000000000601bdfc                saturn_uart_getc_timeout.lto_priv.459.lto_priv.461
                0x000000000601be30                saturn_uart_getc.lto_priv.462.lto_priv.464
                0x000000000601be5c                saturn_uart_putc.lto_priv.465.lto_priv.467
                0x000000000601be98                saturn_uart_read_iir.lto_priv.468.lto_priv.470
                0x000000000601beb0                saturn_uart_read_msr.lto_priv.471.lto_priv.473
                0x000000000601bed0                saturn_uart_read_lsr.lto_priv.474.lto_priv.476
                0x000000000601beec                saturn_uart_clear_errors.lto_priv.477.lto_priv.479
                0x000000000601bf0c                saturn_uart_rx_error.lto_priv.480.lto_priv.482
                0x000000000601bf2c                saturn_uart_rx_ready.lto_priv.483.lto_priv.485
                0x000000000601bf48                saturn_uart_tx_ready.lto_priv.486.lto_priv.488
                0x000000000601c028                saturn_uart_detect.lto_priv.328
                0x000000000601c0b4                saturn_uart_reg_write.lto_priv.489.lto_priv.491
                0x000000000601c0cc                saturn_uart_reg_read.lto_priv.492.lto_priv.494
                0x000000000601c0e8                saturn_netlink_smpc_disable.lto_priv.495.lto_priv.497
                0x000000000601c114                saturn_netlink_smpc_enable.lto_priv.452
                0x000000000601c1a0                saturn_smpc_command.lto_priv.498.lto_priv.500
                0x000000000601c1c8                mnet_encode_lap_complete.lto_priv.341.lto_priv.344
                0x000000000601c1f0                mnet_encode_client_log.lto_priv.337.lto_priv.340
                0x000000000601c298                mnet_encode_leaderboard_req.lto_priv.345.lto_priv.348
                0x000000000601c2a8                mnet_encode_remove_local_player.lto_priv.349.lto_priv.352
                0x000000000601c2b8                mnet_encode_add_local_player.lto_priv.329.lto_priv.332
                0x000000000601c33c                mnet_encode_powerup_pickup.lto_priv.353.lto_priv.356
                0x000000000601c350                mnet_encode_player_state_p2.lto_priv.357.lto_priv.360
                0x000000000601c3e8                mnet_encode_player_state.lto_priv.361.lto_priv.364
                0x000000000601c478                mnet_encode_input_state_p2.lto_priv.365.lto_priv.368
                0x000000000601c4a4                mnet_encode_input_state.lto_priv.369.lto_priv.372
                0x000000000601c4cc                mnet_encode_car_select.lto_priv.373.lto_priv.376
                0x000000000601c4e0                mnet_encode_start_game.lto_priv.377.lto_priv.380
                0x000000000601c4f0                mnet_encode_ready.lto_priv.381.lto_priv.384
                0x000000000601c500                mnet_encode_heartbeat.lto_priv.385.lto_priv.388
                0x000000000601c510                mnet_encode_disconnect.lto_priv.389.lto_priv.392
                0x000000000601c520                mnet_encode_set_username.lto_priv.333.lto_priv.336
                0x000000000601c5a0                mnet_encode_connect_uuid.lto_priv.393.lto_priv.396
                0x000000000601c5c0                mnet_encode_connect.lto_priv.397.lto_priv.400
                0x000000000601c5d0                mnet_read_string.lto_priv.401.lto_priv.404
                0x000000000601c618                mnet_rx_poll.lto_priv.405.lto_priv.440
                0x000000000601c6c8                mnet_rx_init.lto_priv.408.lto_priv.411
                0x000000000601c6d8                mnet_send_frame.lto_priv.412.lto_priv.415
                0x000000000601c718                net_transport_is_connected.lto_priv.416.lto_priv.419
                0x000000000601c730                net_transport_send.lto_priv.420.lto_priv.423
                0x000000000601c744                net_transport_rx_byte.lto_priv.424.lto_priv.427
                0x000000000601c758                net_transport_rx_ready.lto_priv.428.lto_priv.431
                0x000000000601c76c                get_gbr.lto_priv.53.lto_priv.77
                0x000000000601c774                set_gbr.lto_priv.78.lto_priv.102
                0x000000000601c77c                get_vbr.lto_priv.103.lto_priv.127
                0x000000000601c784                set_vbr.lto_priv.128.lto_priv.152
                0x000000000601c78c                set_imask.lto_priv.153.lto_priv.177
                0x000000000601c7a0                get_imask.lto_priv.178.lto_priv.202
                0x000000000601c7ac                get_sr.lto_priv.203.lto_priv.227
                0x000000000601c7b4                set_sr.lto_priv.228.lto_priv.252
                0x000000000601c7bc                tas.lto_priv.253.lto_priv.277
                0x000000000601c7c4                sleep.lto_priv.278.lto_priv.302
                0x000000000601c7cc                nop.lto_priv.303.lto_priv.327
 *fill*         0x000000000601c7d4        0xc 
 .text          0x000000000601c7e0      0x238 /joe/Compiler/COMMON/SGL_302j/LIB_ELF/SEGA_SYS.A(sys_exit.o)
                0x000000000601c7e0                sys_version
                0x000000000601c800                SYS_Exit
 *fill*         0x000000000601ca18        0x8 
 .text          0x000000000601ca20        0x6 /joe/Compiler/COMMON/SGL_302j/LIB_ELF/SEGA_SYS.A(sys_sub.o)
                0x000000000601ca20                SYSUB_SetStackptr
 *fill*         0x000000000601ca26        0xa 
 .text          0x000000000601ca30      0x3a0 /joe/Compiler/COMMON/SGL_302j/LIB_ELF/LIBCD.A(CDC_CMN.O)
                0x000000000601ca30                CDC_GetCurStat
                0x000000000601ca80                CDC_GetLastStat
                0x000000000601ca98                CDC_GetPeriStat
                0x000000000601cb6c                CDC_GetHwInfo
                0x000000000601cbd4                CDC_TgetToc
                0x000000000601cc24                CDC_GetSes
                0x000000000601cc60                CDC_CdInit
                0x000000000601cce4                CDC_CdOpen
                0x000000000601cd0c                CDC_DataReady
                0x000000000601cd78                CDC_DataEnd
 .text          0x000000000601cdd0      0x130 /joe/Compiler/COMMON/SGL_302j/LIB_ELF/LIBCD.A(CDC_DRV.O)
                0x000000000601cdd0                CDC_CdPlay
                0x000000000601ce9c                CDC_CdSeek
                0x000000000601ced0                CDC_CdScan
 .text          0x000000000601cf00      0x194 /joe/Compiler/COMMON/SGL_302j/LIB_ELF/LIBCD.A(CDC_CFS.O)
                0x000000000601cf00                CDC_ChgDir
                0x000000000601cf34                CDC_ReadDir
                0x000000000601cf68                CDC_GetFileScope
                0x000000000601cfc8                CDC_TgetFileInfo
                0x000000000601d024                CDC_ReadFile
                0x000000000601d058                CDC_AbortFile
 *fill*         0x000000000601d094        0xc 
 .text          0x000000000601d0a0      0x2dc /joe/Compiler/COMMON/SGL_302j/LIB_ELF/LIBCD.A(CDC_REG.O)
                0x000000000601d0a0                CDC_GetDataPtr
                0x000000000601d0b0                CDC_GetHirqReq
                0x000000000601d0c4                CDC_ClrHirqReq
                0x000000000601d0f4                CDREG_ClrHirqReq
                0x000000000601d104                CDREG_InitHirqReq
                0x000000000601d12c                CDREG_SetHirqFlag
                0x000000000601d140                CDC_GetHirqMsk
                0x000000000601d154                CDC_SetHirqMsk
                0x000000000601d164                CDC_GetMpegPtr
                0x000000000601d174                CDREG_TgetData
                0x000000000601d1d0                CDREG_CmdRsp
                0x000000000601d2d0                CDREG_WaitHirq
                0x000000000601d340                CDREG_ReadRsp
 *fill*         0x000000000601d37c        0x4 
 .text          0x000000000601d380      0x152 /joe/Compiler/COMMON/SGL_302j/LIB_ELF/LIBCD.A(CDC_SUB.O)
                0x000000000601d380                CDSUB_UpdStatus
                0x000000000601d398                CDSUB_UpdCdstat
                0x000000000601d3b8                CDSUB_CdCmd
                0x000000000601d428                CDSUB_GetCdstat
                0x000000000601d468                CDSUB_RspToCdstat
                0x000000000601d4b0                CDSUB_SoftTimer
 *fill*         0x000000000601d4d2        0xe 
 .text          0x000000000601d4e0     0x1adc /joe/Compiler/COMMON/SGL_302j/LIB_ELF/LIBCD.A(GFS.O)
                0x000000000601d4e0                gfs_version
                0x000000000601d500                GFS_Init
                0x000000000601d5e8                GFS_LoadDir
                0x000000000601d690                GFS_SetDir
                0x000000000601d6f8                GFS_NameToId
                0x000000000601d75c                GFS_IdToName
                0x000000000601d7c8                GFS_GetDirInfo
                0x000000000601d838                GFS_Reset
                0x000000000601d8bc                GFS_Open
                0x000000000601d970                GFS_Close
                0x000000000601d9a8                GFS_Seek
                0x000000000601da5c                GFS_Tell
                0x000000000601daac                GFS_IsEof
                0x000000000601db00                GFS_ByteToSct
                0x000000000601db5c                GFS_GetFileSize
                0x000000000601dbb8                GFS_GetFileInfo
                0x000000000601dc2c                GFS_GetNumCdbuf
                0x000000000601dc54                GFS_Load
                0x000000000601dd18                GFS_Fread
                0x000000000601ddb4                gfs_waitRead
                0x000000000601de5c                GFS_NwFread
                0x000000000601df68                GFS_NwCdRead
                0x000000000601dfe0                GFS_NwIsComplete
                0x000000000601e018                GFS_NwStop
                0x000000000601e084                GFS_NwGetStat
                0x000000000601e100                gfs_recovRdErr
                0x000000000601e130                GFS_NwExecOne
                0x000000000601e1f0                GFS_NwExecServer
                0x000000000601e26c                GFS_SetGmode
                0x000000000601e2d0                GFS_SetTmode
                0x000000000601e33c                GFS_SetReadPara
                0x000000000601e3a0                GFS_SetTransPara
                0x000000000601e40c                GFS_SetTrFunc
                0x000000000601e470                GFS_StartTrans
                0x000000000601e4bc                GFS_CdMovePickup
                0x000000000601e528                GFS_SetErrFunc
                0x000000000601e554                GFS_GetErrStat
                0x000000000601e578                GFS_ConvTno
                0x000000000601e5a0                gfs_chgRoot
                0x000000000601e66c                gfs_aborttrans
                0x000000000601e678                gfs_mngSetupFuncTbl
                0x000000000601e6ac                gfs_mngInitWork
                0x000000000601e750                gfs_mngGetNumFile
                0x000000000601e7b8                GFS_mngAllocGrp
                0x000000000601e800                gfs_mngFreeGrp
                0x000000000601e80c                gfs_mngTermAccess
                0x000000000601e890                gfs_mngSetErrCode
                0x000000000601e910                gfs_svrSearchHndl
                0x000000000601e950                gfs_svrAddHndl
                0x000000000601e98c                gfs_svrRemoveHndl
                0x000000000601e9e8                GFS_OpenSub
                0x000000000601ea40                gfs_loadVol
                0x000000000601eb04                gfs_getRootDir
                0x000000000601ec00                gfs_loadRootDir
                0x000000000601ec88                gfs_flowIn
                0x000000000601ed30                gfs_transData
                0x000000000601edd4                GFS_GetFad
                0x000000000601ee2c                gfs_SetSct
                0x000000000601ee6c                gfs_GetFinfo
                0x000000000601eeac                gfs_closeSub
                0x000000000601eee8                gfs_getGmode
                0x000000000601eef4                gfs_isTaskDone
                0x000000000601ef48                gfs_convFinStat
 *fill*         0x000000000601efbc        0x4 
 .text          0x000000000601efc0      0x106 /joe/Compiler/COMMON/SGL_302j/LIB_ELF/LIBCD.A(GFS_BUF.O)
                0x000000000601eff0                GFBF_GetTranData
                0x000000000601f018                GFBF_GetNumData
                0x000000000601f048                GFBF_GetSrcPk
                0x000000000601f070                GFBF_GetSctData
                0x000000000601f094                GFBF_RtnPk
                0x000000000601f0bc                gfbf_getSctDt
 *fill*         0x000000000601f0c6        0xa 
 .text          0x000000000601f0d0      0x600 /joe/Compiler/COMMON/SGL_302j/LIB_ELF/LIBCD.A(GFS_CDB.O)
                0x000000000601f0d0                GFCB_Setup
                0x000000000601f1f0                GFCB_Close
                0x000000000601f218                GFCB_GetLenData
                0x000000000601f2c4                GFCB_GetLenRoom
                0x000000000601f2d0                GFCB_SetFilt
                0x000000000601f338                GFCB_DeleteAllData
                0x000000000601f360                GFCB_Tell
                0x000000000601f370                gfcb_getSctNum
                0x000000000601f3c0                GFCB_Seek
                0x000000000601f4bc                GFCB_GetSrcPack
                0x000000000601f59c                GFCB_GetSctData
                0x000000000601f5d4                GFCB_GetDstPack
                0x000000000601f5e0                GFCB_RtnPk
                0x000000000601f628                GFCB_MovePickup
                0x000000000601f644                GFCB_SetCon
                0x000000000601f678                GFCB_GetPickup
                0x000000000601f6a0                GFCB_IsPuOwner
                0x000000000601f6b8                GFCB_UngetPickup
 .text          0x000000000601f6d0     0x1a10 /joe/Compiler/COMMON/SGL_302j/LIB_ELF/LIBCD.A(GFS_CDC.O)
                0x000000000601f6d0                GFCD_SetCdbfs
                0x000000000601f6fc                GFCD_Init
                0x000000000601f900                GFCD_AllocFilt
                0x000000000601f93c                GFCD_FreeFilt
                0x000000000601f96c                GFCD_AllocBuf
                0x000000000601f9a0                GFCD_FreeBuf
                0x000000000601fa44                GFCD_GetBaseFad
                0x000000000601fa78                GFCD_GetPickup
                0x000000000601faac                GFCD_UngetPickup
                0x000000000601fad8                GFCD_IsPuOwner
                0x000000000601fafc                GFCD_SetFilt
                0x000000000601fbc0                GFCD_GetFilt
                0x000000000601fc08                GFCD_SetCon
                0x000000000601fc60                GFCD_Play
                0x000000000601fcc0                GFCD_GetLenData
                0x000000000601fd28                GFCD_ReqData
                0x000000000601fd84                GFCD_EndData
                0x000000000601fdcc                GFCD_DelSctData
                0x000000000601fe24                GFCD_CheckDelSctData
                0x000000000601fe54                GFCD_GetStat
                0x000000000601ff08                GFCD_MovePickup
                0x000000000601ff54                GFCD_MoveSctData
                0x000000000601ffc8                GFCD_CheckMove
                0x000000000601ffec                GFCD_GetSctInfo
                0x0000000006020034                GFCD_ChgDir
                0x00000000060200a8                GFCD_SetFiltCon
                0x0000000006020190                GFCD_GetFileInfo
                0x000000000602026c                GFCD_GetBufSiz
                0x00000000060202a4                GFCD_ExecServer
                0x0000000006020378                gfcd_isIdleTask
                0x0000000006020404                gfcd_doTask
                0x00000000060204b0                GFCD_SetTimer
                0x00000000060204c4                GFCD_WaitServer
                0x0000000006020500                gfcd_doSetFiltTsk
                0x00000000060206c4                gfcd_doSetConTsk
                0x0000000006020754                gfcd_doGetLenDataTsk
                0x00000000060208a8                gfcd_doReqDataTsk
                0x0000000006020948                gfcd_doDelSctDataTsk
                0x0000000006020a7c                gfcd_doMoveSctTsk
                0x0000000006020be0                gfcd_doChgDirTsk
                0x0000000006020ddc                gfcd_doSetFiltConTsk
                0x0000000006020f20                gfcd_checkEflag
                0x0000000006020f44                gfcd_initCdbMng
                0x0000000006020fc4                gfcd_setStat
                0x0000000006020ff0                GFCD_SetCsctFunc
                0x000000000602100c                GFCD_ChkScdqFlag
                0x0000000006021030                GFCD_ClrScdqFlag
                0x000000000602104c                GFCD_WaitScdqFlag
                0x0000000006021090                GFCD_WaitPause
 .text          0x00000000060210e0      0x8d8 /joe/Compiler/COMMON/SGL_302j/LIB_ELF/LIBCD.A(GFS_CDF.O)
                0x00000000060210e0                GFCF_Init
                0x0000000006021180                GFCF_Setup
                0x00000000060212c8                GFCF_SetSct
                0x000000000602130c                GFCF_GetFileInfo
                0x0000000006021380                GFCF_FlowInBuf
                0x00000000060214d4                GFCF_StopInBuf
                0x0000000006021574                GFCF_Recover
                0x00000000060215bc                GFCF_Tell
                0x00000000060215d4                GFCF_Seek
                0x00000000060215ec                GFCF_MovePickup
                0x0000000006021688                GFCF_cnvIntlvOfs
                0x00000000060216dc                GFCF_GetStat
                0x0000000006021774                gfcf_getSctSize
                0x00000000060217b0                gfcf_isCdOk
                0x0000000006021870                gfcf_getPlayRange
 *fill*         0x00000000060219b8        0x8 
 .text          0x00000000060219c0      0x92c /joe/Compiler/COMMON/SGL_302j/LIB_ELF/LIBCD.A(GFS_DIR.O)
                0x00000000060219c0                GFDR_SetupDirTbl
                0x0000000006021a34                GFDR_NameToId
                0x0000000006021a94                GFDR_GetInfoDirId
                0x0000000006021aa8                GFDR_GetInfoDirName
                0x0000000006021abc                GFDR_GetAtrDirId
                0x0000000006021ad4                GFDR_GetAtrDirName
                0x0000000006021aec                GFDR_ChgRoot
                0x0000000006021b04                GFDR_ChgDir
                0x0000000006021b78                gfdr_setupDirIdTbl
                0x0000000006021bfc                gfdr_setupDirNameTbl
                0x0000000006021ca8                gfdr_open
                0x0000000006021cd0                gfdr_read
                0x0000000006021d90                gfdr_readByte
                0x0000000006021dbc                gfdr_readWord
                0x0000000006021de8                gfdr_readWordNB
                0x0000000006021e3c                gfdr_readLongNB
                0x0000000006021e88                gfdr_readLongNM
                0x0000000006021eb0                gfdr_setNextRec
                0x0000000006021f34                gfdr_readDirEnt
                0x00000000060222b0                gfdr_setDirrecCd
 *fill*         0x00000000060222ec        0x4 
 .text          0x00000000060222f0      0x9c6 /joe/Compiler/COMMON/SGL_302j/LIB_ELF/LIBCD.A(GFS_TRN.O)
                0x0000000006022320                GFTR_Setup
                0x0000000006022364                GFTR_SetMode
                0x0000000006022378                GFTR_SetUnit
                0x0000000006022384                GFTR_SetTransPara
                0x00000000060223b8                GFTR_GetTransPara
                0x00000000060223c4                GFTR_GetNumTrans
                0x00000000060223d0                GFTR_SetTransMax
                0x00000000060223dc                GFTR_Start
                0x00000000060223e8                GFTR_Pause
                0x00000000060223f4                GFTR_Stop
                0x00000000060224ac                GFTR_Exec
                0x0000000006022530                GFTR_Idle
                0x00000000060225a8                GFTR_ExecSvr
                0x00000000060226b0                gftr_getSrcPack
                0x0000000006022738                gftr_getDstPack
                0x0000000006022794                gftr_reqScu
                0x00000000060227a0                gftr_execScu
                0x000000000602283c                gftr_remScu
                0x0000000006022870                gfdma_canUse
                0x000000000602287c                gfdma_exec
                0x00000000060228ec                gfdma_getBytecnt
                0x0000000006022924                gftr_reqDma0
                0x000000000602293c                gftr_execSdma0
                0x0000000006022960                gftr_remDma0
                0x0000000006022978                gftr_reqDma1
                0x0000000006022990                gftr_execSdma1
                0x00000000060229b4                gftr_remDma1
                0x00000000060229cc                gftr_reqCpu
                0x00000000060229d8                gftr_execCpu
                0x0000000006022a18                gftr_remCpu
                0x0000000006022a24                gftr_reqTrn
                0x0000000006022a94                gftr_execTrn
                0x0000000006022b6c                gftr_remTrn
                0x0000000006022be0                gftr_copyFrac
                0x0000000006022c08                GFTR_GetLenData
                0x0000000006022c14                GFTR_GetLenRoom
                0x0000000006022c2c                GFTR_GetDstPack
                0x0000000006022c60                GFTR_RtnDstPk
                0x0000000006022c7c                GFTR_GetData
                0x0000000006022c90                GFTR_SetData
                0x0000000006022ca4                GFTR_SetTransFunc
 *fill*         0x0000000006022cb6        0xa 
 .text          0x0000000006022cc0       0xa8 /joe/Compiler/COMMON/SGL_302j/LIB_ELF/LIBCD.A(CDC_DEV.O)
                0x0000000006022cc0                CDC_CdSetCon
                0x0000000006022cf0                CDC_CdGetCon
                0x0000000006022d2c                CDC_CdGetLastBuf
 *fill*         0x0000000006022d68        0x8 
 .text          0x0000000006022d70      0x2b8 /joe/Compiler/COMMON/SGL_302j/LIB_ELF/LIBCD.A(CDC_SEL.O)
                0x0000000006022d70                CDC_SetFiltRange
                0x0000000006022da4                CDC_GetFiltRange
                0x0000000006022dfc                CDC_SetFiltSubh
                0x0000000006022e6c                CDC_GetFiltSubh
                0x0000000006022ee8                CDC_SetFiltMode
                0x0000000006022f1c                CDC_GetFiltMode
                0x0000000006022f60                CDC_SetFiltCon
                0x0000000006022fa0                CDC_GetFiltCon
                0x0000000006022ff4                CDC_ResetSelector
 *fill*         0x0000000006023028        0x8 
 .text          0x0000000006023030      0x270 /joe/Compiler/COMMON/SGL_302j/LIB_ELF/LIBCD.A(CDC_BIF.O)
                0x0000000006023030                CDC_GetBufSiz
                0x000000000602308c                CDC_GetSctNum
                0x00000000060230d0                CDC_CalActSiz
                0x000000000602310c                CDC_GetActSiz
                0x000000000602318c                CDC_GetSctInfo
                0x000000000602320c                CDC_ExeFadSearch
                0x0000000006023244                CDC_GetFadSearch
 .text          0x00000000060232a0      0x1e4 /joe/Compiler/COMMON/SGL_302j/LIB_ELF/LIBCD.A(CDC_BIO.O)
                0x00000000060232a0                CDC_SetSctLen
                0x00000000060232d4                CDC_GetSctData
                0x0000000006023310                CDC_DelSctData
                0x000000000602334c                CDC_GetdelSctData
                0x0000000006023388                CDC_PutSctData
                0x00000000060233c0                CDC_CopySctData
                0x0000000006023404                CDC_MoveSctData
                0x0000000006023448                CDC_GetCopyErr
 *fill*         0x0000000006023484        0xc 
 .text          0x0000000006023490        0x0 /joe/Compiler/COMMON/SGL_302j/LIB_ELF/LIBSGL.A(sglA01.o)
 .text          0x0000000006023490        0x0 /joe/Compiler/COMMON/SGL_302j/LIB_ELF/LIBSGL.A(sglA15.o)
 .text          0x0000000006023490        0x0 /joe/Compiler/COMMON/SGL_302j/LIB_ELF/LIBSGL.A(sglA16.o)
 .text          0x0000000006023490        0x0 /joe/Compiler/COMMON/SGL_302j/LIB_ELF/LIBSGL.A(sglA17.o)
 .text          0x0000000006023490        0x0 /joe/Compiler/COMMON/SGL_302j/LIB_ELF/LIBSGL.A(sglA18.o)
 .text          0x0000000006023490        0x0 /joe/Compiler/COMMON/SGL_302j/LIB_ELF/LIBSGL.A(sglA19.o)
 .text          0x0000000006023490        0x0 /joe/Compiler/COMMON/SGL_302j/LIB_ELF/LIBSGL.A(sglA20.o)
 .text          0x0000000006023490        0x0 /joe/Compiler/COMMON/SGL_302j/LIB_ELF/LIBSGL.A(sglA21.o)
 .text          0x0000000006023490        0x0 /joe/Compiler/COMMON/SGL_302j/LIB_ELF/LIBSGL.A(sglA27.o)
 .text          0x0000000006023490        0x0 /joe/Compiler/COMMON/SGL_302j/LIB_ELF/LIBSGL.A(sglA28.o)
 .text          0x0000000006023490        0x0 /joe/Compiler/COMMON/SGL_302j/LIB_ELF/LIBSGL.A(sglA40.o)
 .text          0x0000000006023490        0x0 /joe/Compiler/COMMON/SGL_302j/LIB_ELF/LIBSGL.A(sglB001.o)
 .text          0x0000000006023490        0x0 /joe/Compiler/COMMON/SGL_302j/LIB_ELF/LIBSGL.A(sglB011.o)
 .text          0x0000000006023490        0x0 /joe/Compiler/COMMON/SGL_302j/LIB_ELF/LIBSGL.A(sglB014.o)
 .text          0x0000000006023490        0x0 /joe/Compiler/COMMON/SGL_302j/LIB_ELF/LIBSGL.A(sglB015.o)
 .text          0x0000000006023490        0x0 /joe/Compiler/COMMON/SGL_302j/LIB_ELF/LIBSGL.A(sglB016.o)
 .text          0x0000000006023490        0x0 /joe/Compiler/COMMON/SGL_302j/LIB_ELF/LIBSGL.A(sglB020.o)
 .text          0x0000000006023490        0x0 /joe/Compiler/COMMON/SGL_302j/LIB_ELF/LIBSGL.A(sglB021.o)
 .text          0x0000000006023490        0x0 /joe/Compiler/COMMON/SGL_302j/LIB_ELF/LIBSGL.A(sglB023.o)
 .text          0x0000000006023490        0x0 /joe/Compiler/COMMON/SGL_302j/LIB_ELF/LIBSGL.A(sglB031.o)
 .text          0x0000000006023490        0x0 /joe/Compiler/COMMON/SGL_302j/LIB_ELF/LIBSGL.A(sglB032.o)
 .text          0x0000000006023490        0x0 /joe/Compiler/COMMON/SGL_302j/LIB_ELF/LIBSGL.A(sglB033.o)
 .text          0x0000000006023490        0x0 /joe/Compiler/COMMON/SGL_302j/LIB_ELF/LIBSGL.A(sglB034.o)
 .text          0x0000000006023490        0x0 /joe/Compiler/COMMON/SGL_302j/LIB_ELF/LIBSGL.A(sglB035.o)
 .text          0x0000000006023490        0x0 /joe/Compiler/COMMON/SGL_302j/LIB_ELF/LIBSGL.A(sglB036.o)
 .text          0x0000000006023490        0x0 /joe/Compiler/COMMON/SGL_302j/LIB_ELF/LIBSGL.A(sglB038.o)
 .text          0x0000000006023490        0x0 /joe/Compiler/COMMON/SGL_302j/LIB_ELF/LIBSGL.A(sglB039.o)
 .text          0x0000000006023490        0x0 /joe/Compiler/COMMON/SGL_302j/LIB_ELF/LIBSGL.A(sglB040.o)
 .text          0x0000000006023490        0x0 /joe/Compiler/COMMON/SGL_302j/LIB_ELF/LIBSGL.A(sglB041.o)
 .text          0x0000000006023490        0x0 /joe/Compiler/COMMON/SGL_302j/LIB_ELF/LIBSGL.A(sglB042.o)
 .text          0x0000000006023490        0x0 /joe/Compiler/COMMON/SGL_302j/LIB_ELF/LIBSGL.A(sglB043.o)
 .text          0x0000000006023490        0x0 /joe/Compiler/COMMON/SGL_302j/LIB_ELF/LIBSGL.A(sglB044.o)
 .text          0x0000000006023490        0x0 /joe/Compiler/COMMON/SGL_302j/LIB_ELF/LIBSGL.A(sglB045.o)
 .text          0x0000000006023490        0x0 /joe/Compiler/COMMON/SGL_302j/LIB_ELF/LIBSGL.A(sglB047.o)
 .text          0x0000000006023490        0x0 /joe/Compiler/COMMON/SGL_302j/LIB_ELF/LIBSGL.A(sglB048.o)
 .text          0x0000000006023490        0x0 /joe/Compiler/COMMON/SGL_302j/LIB_ELF/LIBSGL.A(sglB055.o)
 .text          0x0000000006023490        0x0 /joe/Compiler/COMMON/SGL_302j/LIB_ELF/LIBSGL.A(sglB056.o)
 .text          0x0000000006023490        0x0 /joe/Compiler/COMMON/SGL_302j/LIB_ELF/LIBSGL.A(sglB057.o)
 .text          0x0000000006023490        0x0 /joe/Compiler/COMMON/SGL_302j/LIB_ELF/LIBSGL.A(sglB058.o)
 .text          0x0000000006023490        0x0 /joe/Compiler/COMMON/SGL_302j/LIB_ELF/LIBSGL.A(sglB059.o)
 .text          0x0000000006023490        0x0 /joe/Compiler/COMMON/SGL_302j/LIB_ELF/LIBSGL.A(sglB060.o)
 .text          0x0000000006023490        0x0 /joe/Compiler/COMMON/SGL_302j/LIB_ELF/LIBSGL.A(sglB063.o)
 .text          0x0000000006023490        0x0 /joe/Compiler/COMMON/SGL_302j/LIB_ELF/LIBSGL.A(sglB087.o)
 .text          0x0000000006023490        0x0 /joe/Compiler/COMMON/SGL_302j/LIB_ELF/LIBSGL.A(sglB088.o)
 .text          0x0000000006023490        0x0 /joe/Compiler/COMMON/SGL_302j/LIB_ELF/LIBSGL.A(sglB090.o)
 .text          0x0000000006023490        0x0 /joe/Compiler/COMMON/SGL_302j/LIB_ELF/LIBSGL.A(sglB200.o)
 .text          0x0000000006023490        0x0 /joe/Compiler/COMMON/SGL_302j/LIB_ELF/LIBSGL.A(sglC01.o)
 .text          0x0000000006023490        0x0 /joe/Compiler/COMMON/SGL_302j/LIB_ELF/LIBSGL.A(sglC03.o)
 .text          0x0000000006023490        0x0 /joe/Compiler/COMMON/SGL_302j/LIB_ELF/LIBSGL.A(sglC04.o)
 .text          0x0000000006023490        0x0 /joe/Compiler/COMMON/SGL_302j/LIB_ELF/LIBSGL.A(sglC05.o)
 .text          0x0000000006023490        0x0 /joe/Compiler/COMMON/SGL_302j/LIB_ELF/LIBSGL.A(sglC06.o)
 .text          0x0000000006023490        0x0 /joe/Compiler/COMMON/SGL_302j/LIB_ELF/LIBSGL.A(sglC07.o)
 .text          0x0000000006023490        0x0 /joe/Compiler/COMMON/SGL_302j/LIB_ELF/LIBSGL.A(sglC08.o)
 .text          0x0000000006023490        0x0 /joe/Compiler/COMMON/SGL_302j/LIB_ELF/LIBSGL.A(sglC14.o)
 .text          0x0000000006023490        0x0 /joe/Compiler/COMMON/SGL_302j/LIB_ELF/LIBSGL.A(sglC16.o)
 .text          0x0000000006023490        0x0 /joe/Compiler/COMMON/SGL_302j/LIB_ELF/LIBSGL.A(sglC17.o)
 .text          0x0000000006023490        0x0 /joe/Compiler/COMMON/SGL_302j/LIB_ELF/LIBSGL.A(sglC19.o)
 .text          0x0000000006023490        0x0 /joe/Compiler/COMMON/SGL_302j/LIB_ELF/LIBSGL.A(sglC20.o)
 .text          0x0000000006023490        0x0 /joe/Compiler/COMMON/SGL_302j/LIB_ELF/LIBSGL.A(sglC21.o)
 .text          0x0000000006023490        0x0 /joe/Compiler/COMMON/SGL_302j/LIB_ELF/LIBSGL.A(sglD00.o)
 .text          0x0000000006023490        0x0 /joe/Compiler/COMMON/SGL_302j/LIB_ELF/LIBSGL.A(sglD01.o)
 .text          0x0000000006023490        0x0 /joe/Compiler/COMMON/SGL_302j/LIB_ELF/LIBSGL.A(sglD02.o)
 .text          0x0000000006023490        0x0 /joe/Compiler/COMMON/SGL_302j/LIB_ELF/LIBSGL.A(sglD03.o)
 .text          0x0000000006023490        0x0 /joe/Compiler/COMMON/SGL_302j/LIB_ELF/LIBSGL.A(sglD15.o)
 .text          0x0000000006023490        0x0 /joe/Compiler/COMMON/SGL_302j/LIB_ELF/LIBSGL.A(sglD16.o)
 .text          0x0000000006023490        0x0 /joe/Compiler/COMMON/SGL_302j/LIB_ELF/LIBSGL.A(sglD17.o)
 .text          0x0000000006023490        0x0 /joe/Compiler/COMMON/SGL_302j/LIB_ELF/LIBSGL.A(sglD18.o)
 .text          0x0000000006023490        0x0 /joe/Compiler/COMMON/SGL_302j/LIB_ELF/LIBSGL.A(sglF08.o)
 .text          0x0000000006023490        0x0 /joe/Compiler/COMMON/SGL_302j/LIB_ELF/LIBSGL.A(sglH00.o)
 .text          0x0000000006023490        0x0 /joe/Compiler/COMMON/SGL_302j/LIB_ELF/LIBSGL.A(sglH01.o)
 .text          0x0000000006023490        0x0 /joe/Compiler/COMMON/SGL_302j/LIB_ELF/LIBSGL.A(sglH02.o)
 .text          0x0000000006023490        0x0 /joe/Compiler/COMMON/SGL_302j/LIB_ELF/LIBSGL.A(sglH04.o)
 .text          0x0000000006023490        0x0 /joe/Compiler/COMMON/SGL_302j/LIB_ELF/LIBSGL.A(sglI01.o)
 .text          0x0000000006023490        0x0 /joe/Compiler/COMMON/SGL_302j/LIB_ELF/LIBSGL.A(sglI04.o)
 .text          0x0000000006023490      0x128 /joe/Compiler/COMMON/SGL_302j/LIB_ELF/LIBSGL.A(sglIc0.o)
                0x0000000006023490                slInitSystem
 *fill*         0x00000000060235b8        0x8 
 .text          0x00000000060235c0        0x0 /joe/Compiler/COMMON/SGL_302j/LIB_ELF/LIBSGL.A(sglJ00.o)
 .text          0x00000000060235c0        0x0 /joe/Compiler/COMMON/SGL_302j/LIB_ELF/LIBSGL.A(sglJ01.o)
 .text          0x00000000060235c0        0x0 /joe/Compiler/COMMON/SGL_302j/LIB_ELF/LIBSGL.A(sglJ02.o)
 .text          0x00000000060235c0        0x0 /joe/Compiler/COMMON/SGL_302j/LIB_ELF/LIBSGL.A(sglJ03.o)
 .text          0x00000000060235c0        0x0 /joe/Compiler/COMMON/SGL_302j/LIB_ELF/LIBSGL.A(sglJ04.o)
 .text          0x00000000060235c0        0x0 /joe/Compiler/COMMON/SGL_302j/LIB_ELF/LIBSGL.A(sglJ05.o)
 .text          0x00000000060235c0        0x0 /joe/Compiler/COMMON/SGL_302j/LIB_ELF/LIBSGL.A(sglK01.o)
 .text          0x00000000060235c0        0x0 /joe/Compiler/COMMON/SGL_302j/LIB_ELF/LIBSGL.A(sglM00.o)
 .text          0x00000000060235c0        0x0 /joe/Compiler/COMMON/SGL_302j/LIB_ELF/LIBSGL.A(sglM01.o)
 .text          0x00000000060235c0        0x0 /joe/Compiler/COMMON/SGL_302j/LIB_ELF/LIBSGL.A(sglA00.o)
 .text          0x00000000060235c0        0x0 /joe/Compiler/COMMON/SGL_302j/LIB_ELF/LIBSGL.A(sglA03.o)
 .text          0x00000000060235c0        0x0 /joe/Compiler/COMMON/SGL_302j/LIB_ELF/LIBSGL.A(sglA10.o)
 .text          0x00000000060235c0        0x0 /joe/Compiler/COMMON/SGL_302j/LIB_ELF/LIBSGL.A(sglA24.o)
 .text          0x00000000060235c0        0x0 /joe/Compiler/COMMON/SGL_302j/LIB_ELF/LIBSGL.A(sglA25.o)
 .text          0x00000000060235c0        0x0 /joe/Compiler/COMMON/SGL_302j/LIB_ELF/LIBSGL.A(sglB000.o)
 .text          0x00000000060235c0        0x0 /joe/Compiler/COMMON/SGL_302j/LIB_ELF/LIBSGL.A(sglC00.o)
 .text          0x00000000060235c0        0x0 /joe/Compiler/COMMON/SGL_302j/LIB_ELF/LIBSGL.A(sglC13.o)
 .text          0x00000000060235c0        0x0 /joe/Compiler/COMMON/SGL_302j/LIB_ELF/LIBSGL.A(sglD19.o)
 .text          0x00000000060235c0        0x0 /joe/Compiler/COMMON/SGL_302j/LIB_ELF/LIBSGL.A(sglI00.o)
 .text          0x00000000060235c0        0x0 /joe/Compiler/COMMON/SGL_302j/LIB_ELF/LIBSGL.A(sglH03.o)
 .text          0x00000000060235c0       0x52 /joe/Compiler/LINUX/bin/../lib/gcc/sh-none-elf/8.2.0/libgcc.a(_ashiftrt.o)
                0x00000000060235c0                __ashiftrt_r4_31
                0x00000000060235c0                __ashiftrt_r4_32
                0x00000000060235c6                __ashiftrt_r4_30
                0x00000000060235c8                __ashiftrt_r4_29
                0x00000000060235ca                __ashiftrt_r4_28
                0x00000000060235cc                __ashiftrt_r4_27
                0x00000000060235ce                __ashiftrt_r4_26
                0x00000000060235d0                __ashiftrt_r4_25
                0x00000000060235d2                __ashiftrt_r4_24
                0x00000000060235da                __ashiftrt_r4_23
                0x00000000060235dc                __ashiftrt_r4_22
                0x00000000060235de                __ashiftrt_r4_21
                0x00000000060235e0                __ashiftrt_r4_20
                0x00000000060235e2                __ashiftrt_r4_19
                0x00000000060235e4                __ashiftrt_r4_18
                0x00000000060235e6                __ashiftrt_r4_17
                0x00000000060235e8                __ashiftrt_r4_16
                0x00000000060235ee                __ashiftrt_r4_15
                0x00000000060235f0                __ashiftrt_r4_14
                0x00000000060235f2                __ashiftrt_r4_13
                0x00000000060235f4                __ashiftrt_r4_12
                0x00000000060235f6                __ashiftrt_r4_11
                0x00000000060235f8                __ashiftrt_r4_10
                0x00000000060235fa                __ashiftrt_r4_9
                0x00000000060235fc                __ashiftrt_r4_8
                0x00000000060235fe                __ashiftrt_r4_7
                0x0000000006023600                __ashiftrt_r4_6
                0x0000000006023602                __ashiftrt_r4_5
                0x0000000006023604                __ashiftrt_r4_4
                0x0000000006023606                __ashiftrt_r4_3
                0x0000000006023608                __ashiftrt_r4_2
                0x000000000602360a                __ashiftrt_r4_1
                0x000000000602360e                __ashiftrt_r4_0
 *fill*         0x0000000006023612        0x2 
 .text          0x0000000006023614       0xa0 /joe/Compiler/LINUX/bin/../lib/gcc/sh-none-elf/8.2.0/libgcc.a(_sdivsi3.o)
                0x0000000006023614                __sdivsi3
 .text          0x00000000060236b4       0x6c /joe/Compiler/LINUX/bin/../lib/gcc/sh-none-elf/8.2.0/libgcc.a(_udivsi3.o)
                0x00000000060236d6                __udivsi3
 .text          0x0000000006023720      0x210 /joe/Compiler/LINUX/bin/../lib/gcc/sh-none-elf/8.2.0/libgcc.a(_addsub_sf.o)
                0x0000000006023894                __addsf3
                0x00000000060238e0                __subsf3
 .text          0x0000000006023930      0x134 /joe/Compiler/LINUX/bin/../lib/gcc/sh-none-elf/8.2.0/libgcc.a(_mul_sf.o)
                0x0000000006023930                __mulsf3
 .text          0x0000000006023a64       0xdc /joe/Compiler/LINUX/bin/../lib/gcc/sh-none-elf/8.2.0/libgcc.a(_div_sf.o)
                0x0000000006023a64                __divsf3
 .text          0x0000000006023b40       0x54 /joe/Compiler/LINUX/bin/../lib/gcc/sh-none-elf/8.2.0/libgcc.a(_eq_sf.o)
                0x0000000006023b40                __eqsf2
 .text          0x0000000006023b94       0x54 /joe/Compiler/LINUX/bin/../lib/gcc/sh-none-elf/8.2.0/libgcc.a(_ne_sf.o)
                0x0000000006023b94                __nesf2
 .text          0x0000000006023be8       0x4c /joe/Compiler/LINUX/bin/../lib/gcc/sh-none-elf/8.2.0/libgcc.a(_gt_sf.o)
                0x0000000006023be8                __gtsf2
 .text          0x0000000006023c34       0x4c /joe/Compiler/LINUX/bin/../lib/gcc/sh-none-elf/8.2.0/libgcc.a(_ge_sf.o)
                0x0000000006023c34                __gesf2
 .text          0x0000000006023c80       0x54 /joe/Compiler/LINUX/bin/../lib/gcc/sh-none-elf/8.2.0/libgcc.a(_lt_sf.o)
                0x0000000006023c80                __ltsf2
 .text          0x0000000006023cd4       0x54 /joe/Compiler/LINUX/bin/../lib/gcc/sh-none-elf/8.2.0/libgcc.a(_le_sf.o)
                0x0000000006023cd4                __lesf2
 .text          0x0000000006023d28       0x84 /joe/Compiler/LINUX/bin/../lib/gcc/sh-none-elf/8.2.0/libgcc.a(_si_to_sf.o)
                0x0000000006023d28                __floatsisf
 .text          0x0000000006023dac       0x7c /joe/Compiler/LINUX/bin/../lib/gcc/sh-none-elf/8.2.0/libgcc.a(_sf_to_si.o)
                0x0000000006023dac                __fixsfsi
 .text          0x0000000006023e28       0x3c /joe/Compiler/LINUX/bin/../lib/gcc/sh-none-elf/8.2.0/libgcc.a(_sf_to_df.o)
                0x0000000006023e28                __extendsfdf2
 .text          0x0000000006023e64        0x0 /joe/Compiler/LINUX/bin/../lib/gcc/sh-none-elf/8.2.0/libgcc.a(_thenan_sf.o)
 .text          0x0000000006023e64       0x94 /joe/Compiler/LINUX/bin/../lib/gcc/sh-none-elf/8.2.0/libgcc.a(_usi_to_sf.o)
                0x0000000006023e64                __floatunsisf
 .text          0x0000000006023ef8       0x28 /joe/Compiler/LINUX/bin/../lib/gcc/sh-none-elf/8.2.0/libgcc.a(_make_df.o)
                0x0000000006023ef8                __make_dp
 .text          0x0000000006023f20       0x4c /joe/Compiler/LINUX/bin/../lib/gcc/sh-none-elf/8.2.0/libgcc.a(_df_to_sf.o)
                0x0000000006023f20                __truncdfsf2
 .text          0x0000000006023f6c      0x114 /joe/Compiler/LINUX/bin/../lib/gcc/sh-none-elf/8.2.0/libgcc.a(_pack_sf.o)
                0x0000000006023f6c                __pack_f
 .text          0x0000000006024080       0xa0 /joe/Compiler/LINUX/bin/../lib/gcc/sh-none-elf/8.2.0/libgcc.a(_unpack_sf.o)
                0x0000000006024080                __unpack_f
 .text          0x0000000006024120       0xa8 /joe/Compiler/LINUX/bin/../lib/gcc/sh-none-elf/8.2.0/libgcc.a(_fpcmp_parts_sf.o)
                0x0000000006024120                __fpcmp_parts_f
 .text          0x00000000060241c8       0x20 /joe/Compiler/LINUX/bin/../lib/gcc/sh-none-elf/8.2.0/libgcc.a(_make_sf.o)
                0x00000000060241c8                __make_fp
 .text          0x00000000060241e8        0x0 /joe/Compiler/LINUX/bin/../lib/gcc/sh-none-elf/8.2.0/../../../../sh-none-elf/lib/libc.a(lib_a-impure.o)
 .text          0x00000000060241e8       0x1e /joe/Compiler/LINUX/bin/../lib/gcc/sh-none-elf/8.2.0/../../../../sh-none-elf/lib/libc.a(lib_a-memcmp.o)
                0x00000000060241e8                memcmp
 *fill*         0x0000000006024206        0x2 
 .text          0x0000000006024208       0x94 /joe/Compiler/LINUX/bin/../lib/gcc/sh-none-elf/8.2.0/../../../../sh-none-elf/lib/libc.a(lib_a-memcpy.o)
                0x0000000006024208                memcpy
 .text          0x000000000602429c       0x40 /joe/Compiler/LINUX/bin/../lib/gcc/sh-none-elf/8.2.0/../../../../sh-none-elf/lib/libc.a(lib_a-memset.o)
                0x000000000602429c                memset
 .text          0x00000000060242dc       0x58 /joe/Compiler/LINUX/bin/../lib/gcc/sh-none-elf/8.2.0/../../../../sh-none-elf/lib/libc.a(lib_a-rand.o)
                0x00000000060242dc                srand
                0x00000000060242f0                rand
 .text          0x0000000006024334       0x60 /joe/Compiler/LINUX/bin/../lib/gcc/sh-none-elf/8.2.0/../../../../sh-none-elf/lib/libc.a(lib_a-rget.o)
                0x0000000006024334                __srget_r
                0x0000000006024380                __srget
 .text          0x0000000006024394       0x8c /joe/Compiler/LINUX/bin/../lib/gcc/sh-none-elf/8.2.0/../../../../sh-none-elf/lib/libc.a(lib_a-sprintf.o)
                0x0000000006024394                _sprintf_r
                0x00000000060243d4                sprintf
 .text          0x0000000006024420       0x22 /joe/Compiler/LINUX/bin/../lib/gcc/sh-none-elf/8.2.0/../../../../sh-none-elf/lib/libc.a(lib_a-strcat.o)
                0x0000000006024420                strcat
 *fill*         0x0000000006024442        0x2 
 .text          0x0000000006024444       0x38 /joe/Compiler/LINUX/bin/../lib/gcc/sh-none-elf/8.2.0/../../../../sh-none-elf/lib/libc.a(lib_a-strcmp.o)
                0x0000000006024444                strcmp
 .text          0x000000000602447c       0x3c /joe/Compiler/LINUX/bin/../lib/gcc/sh-none-elf/8.2.0/../../../../sh-none-elf/lib/libc.a(lib_a-strcpy.o)
                0x000000000602447c                strcpy
 .text          0x00000000060244b8       0x20 /joe/Compiler/LINUX/bin/../lib/gcc/sh-none-elf/8.2.0/../../../../sh-none-elf/lib/libc.a(lib_a-strlen.o)
                0x00000000060244b8                strlen
 .text          0x00000000060244d8       0x2a /joe/Compiler/LINUX/bin/../lib/gcc/sh-none-elf/8.2.0/../../../../sh-none-elf/lib/libc.a(lib_a-strncmp.o)
                0x00000000060244d8                strncmp
 .text          0x0000000006024502       0x32 /joe/Compiler/LINUX/bin/../lib/gcc/sh-none-elf/8.2.0/../../../../sh-none-elf/lib/libc.a(lib_a-strncpy.o)
                0x0000000006024502                strncpy
 .text          0x0000000006024534       0x36 /joe/Compiler/LINUX/bin/../lib/gcc/sh-none-elf/8.2.0/../../../../sh-none-elf/lib/libc.a(lib_a-strstr.o)
                0x0000000006024534                strstr
 *fill*         0x000000000602456a        0x2 
 .text          0x000000000602456c     0x1378 /joe/Compiler/LINUX/bin/../lib/gcc/sh-none-elf/8.2.0/../../../../sh-none-elf/lib/libc.a(lib_a-svfprintf.o)
                0x000000000602456c                _svfprintf_r
 .text          0x00000000060258e4       0xdc /joe/Compiler/LINUX/bin/../lib/gcc/sh-none-elf/8.2.0/../../../../sh-none-elf/lib/libc.a(lib_a-wbuf.o)
                0x00000000060258e4                __swbuf_r
                0x00000000060259ac                __swbuf
 .text          0x00000000060259c0       0xcc /joe/Compiler/LINUX/bin/../lib/gcc/sh-none-elf/8.2.0/../../../../sh-none-elf/lib/libc.a(lib_a-wsetup.o)
                0x00000000060259c0                __swsetup_r
 .text          0x0000000006025a8c      0xef4 /joe/Compiler/LINUX/bin/../lib/gcc/sh-none-elf/8.2.0/../../../../sh-none-elf/lib/libc.a(lib_a-dtoa.o)
                0x0000000006025bc0                _dtoa_r
 .text          0x0000000006026980      0x1a8 /joe/Compiler/LINUX/bin/../lib/gcc/sh-none-elf/8.2.0/../../../../sh-none-elf/lib/libc.a(lib_a-fflush.o)
                0x0000000006026980                __sflush_r
                0x0000000006026ac0                _fflush_r
                0x0000000006026b00                fflush
 .text          0x0000000006026b28      0x218 /joe/Compiler/LINUX/bin/../lib/gcc/sh-none-elf/8.2.0/../../../../sh-none-elf/lib/libc.a(lib_a-findfp.o)
                0x0000000006026b84                _cleanup_r
                0x0000000006026b98                __sfmoreglue
                0x0000000006026be4                _cleanup
                0x0000000006026bf8                __sinit
                0x0000000006026c4c                __sfp
                0x0000000006026d00                __sfp_lock_acquire
                0x0000000006026d04                __sfp_lock_release
                0x0000000006026d08                __sinit_lock_acquire
                0x0000000006026d0c                __sinit_lock_release
                0x0000000006026d10                __fp_lock_all
                0x0000000006026d28                __fp_unlock_all
 .text          0x0000000006026d40       0xb4 /joe/Compiler/LINUX/bin/../lib/gcc/sh-none-elf/8.2.0/../../../../sh-none-elf/lib/libc.a(lib_a-fwalk.o)
                0x0000000006026d40                _fwalk
                0x0000000006026d96                _fwalk_reent
 .text          0x0000000006026df4       0x40 /joe/Compiler/LINUX/bin/../lib/gcc/sh-none-elf/8.2.0/../../../../sh-none-elf/lib/libc.a(lib_a-localeconv.o)
                0x0000000006026df4                __localeconv_l
                0x0000000006026dfc                _localeconv_r
                0x0000000006026e18                localeconv
 .text          0x0000000006026e34       0xa8 /joe/Compiler/LINUX/bin/../lib/gcc/sh-none-elf/8.2.0/../../../../sh-none-elf/lib/libc.a(lib_a-locale.o)
                0x0000000006026e34                _setlocale_r
                0x0000000006026e80                __locale_mb_cur_max
                0x0000000006026ea0                __locale_ctype_ptr_l
                0x0000000006026eaa                __locale_ctype_ptr
                0x0000000006026ec8                setlocale
 .text          0x0000000006026edc      0x110 /joe/Compiler/LINUX/bin/../lib/gcc/sh-none-elf/8.2.0/../../../../sh-none-elf/lib/libc.a(lib_a-makebuf.o)
                0x0000000006026edc                __swhatbuf_r
                0x0000000006026f40                __smakebuf_r
 .text          0x0000000006026fec       0x4c /joe/Compiler/LINUX/bin/../lib/gcc/sh-none-elf/8.2.0/../../../../sh-none-elf/lib/libc.a(lib_a-mbtowc_r.o)
                0x0000000006026fec                _mbtowc_r
                0x0000000006027010                __ascii_mbtowc
 .text          0x0000000006027038       0x1c /joe/Compiler/LINUX/bin/../lib/gcc/sh-none-elf/8.2.0/../../../../sh-none-elf/lib/libc.a(lib_a-memchr.o)
                0x0000000006027038                memchr
 .text          0x0000000006027054      0xa9c /joe/Compiler/LINUX/bin/../lib/gcc/sh-none-elf/8.2.0/../../../../sh-none-elf/lib/libc.a(lib_a-mprec.o)
                0x0000000006027054                _Balloc
                0x00000000060270c8                _Bfree
                0x00000000060270e0                __multadd
                0x0000000006027188                __s2b
                0x0000000006027248                __hi0bits
                0x000000000602729c                __lo0bits
                0x0000000006027300                __i2b
                0x000000000602731c                __multiply
                0x0000000006027460                __pow5mult
                0x000000000602751c                __lshift
                0x0000000006027610                __mcmp
                0x0000000006027648                __mdiff
                0x0000000006027724                __ulp
                0x0000000006027790                __b2d
                0x0000000006027878                __d2b
                0x0000000006027964                __ratio
                0x00000000060279e8                _mprec_log10
                0x0000000006027a40                __copybits
                0x0000000006027a84                __any_on
 .text          0x0000000006027af0      0x14c /joe/Compiler/LINUX/bin/../lib/gcc/sh-none-elf/8.2.0/../../../../sh-none-elf/lib/libc.a(lib_a-refill.o)
                0x0000000006027b08                __srefill_r
 .text          0x0000000006027c3c       0xe0 /joe/Compiler/LINUX/bin/../lib/gcc/sh-none-elf/8.2.0/../../../../sh-none-elf/lib/libc.a(lib_a-stdio.o)
                0x0000000006027c3c                __sread
                0x0000000006027c78                __seofread
                0x0000000006027c7c                __swrite
                0x0000000006027ccc                __sseek
                0x0000000006027d0c                __sclose
 .text          0x0000000006027d1c      0xa60 /joe/Compiler/LINUX/bin/../lib/gcc/sh-none-elf/8.2.0/../../../../sh-none-elf/lib/libc.a(lib_a-svfiprintf.o)
                0x0000000006027d1c                __ssprint_r
                0x0000000006027e50                _svfiprintf_r
 .text          0x000000000602877c       0x40 /joe/Compiler/LINUX/bin/../lib/gcc/sh-none-elf/8.2.0/../../../../sh-none-elf/lib/libc.a(lib_a-wctomb_r.o)
                0x000000000602877c                _wctomb_r
                0x000000000602879c                __ascii_wctomb
 .text          0x00000000060287bc       0x34 /joe/Compiler/LINUX/bin/../lib/gcc/sh-none-elf/8.2.0/../../../../sh-none-elf/lib/libc.a(lib_a-writer.o)
                0x00000000060287bc                _write_r
 .text          0x00000000060287f0       0x30 /joe/Compiler/LINUX/bin/../lib/gcc/sh-none-elf/8.2.0/../../../../sh-none-elf/lib/libc.a(lib_a-closer.o)
                0x00000000060287f0                _close_r
 .text          0x0000000006028820        0x0 /joe/Compiler/LINUX/bin/../lib/gcc/sh-none-elf/8.2.0/../../../../sh-none-elf/lib/libc.a(lib_a-ctype_.o)
 .text          0x0000000006028820       0xc8 /joe/Compiler/LINUX/bin/../lib/gcc/sh-none-elf/8.2.0/../../../../sh-none-elf/lib/libc.a(lib_a-fclose.o)
                0x0000000006028820                _fclose_r
                0x00000000060288d4                fclose
 .text          0x00000000060288e8       0x34 /joe/Compiler/LINUX/bin/../lib/gcc/sh-none-elf/8.2.0/../../../../sh-none-elf/lib/libc.a(lib_a-fstatr.o)
                0x00000000060288e8                _fstat_r
 .text          0x000000000602891c       0x30 /joe/Compiler/LINUX/bin/../lib/gcc/sh-none-elf/8.2.0/../../../../sh-none-elf/lib/libc.a(lib_a-isattyr.o)
                0x000000000602891c                _isatty_r
 .text          0x000000000602894c       0x34 /joe/Compiler/LINUX/bin/../lib/gcc/sh-none-elf/8.2.0/../../../../sh-none-elf/lib/libc.a(lib_a-lseekr.o)
                0x000000000602894c                _lseek_r
 .text          0x0000000006028980       0x3c /joe/Compiler/LINUX/bin/../lib/gcc/sh-none-elf/8.2.0/../../../../sh-none-elf/lib/libc.a(lib_a-memmove.o)
                0x0000000006028980                memmove
 .text          0x00000000060289bc       0x34 /joe/Compiler/LINUX/bin/../lib/gcc/sh-none-elf/8.2.0/../../../../sh-none-elf/lib/libc.a(lib_a-readr.o)
                0x00000000060289bc                _read_r
 .text          0x00000000060289f0      0x100 /joe/Compiler/LINUX/bin/../lib/gcc/sh-none-elf/8.2.0/../../../../sh-none-elf/lib/libc.a(lib_a-reent.o)
                0x00000000060289f0                cleanup_glue
                0x0000000006028a1c                _reclaim_reent
 .text          0x0000000006028af0      0x25c /joe/Compiler/LINUX/bin/../lib/gcc/sh-none-elf/8.2.0/../../../../sh-none-elf/lib/libc.a(lib_a-syscalls.o)
                0x0000000006028b68                _read
                0x0000000006028b78                _lseek
                0x0000000006028b88                _write
                0x0000000006028b98                _close
                0x0000000006028ba8                _link
                0x0000000006028bac                _sbrk
                0x0000000006028c04                _fstat
                0x0000000006028c0e                _open
                0x0000000006028c20                _creat
                0x0000000006028c30                _unlink
                0x0000000006028c34                isatty
                0x0000000006028c38                _isatty
                0x0000000006028c3c                _exit
                0x0000000006028c4c                _kill
                0x0000000006028c60                _getpid
                0x0000000006028c64                _raise
                0x0000000006028c68                _stat
                0x0000000006028c78                _chmod
                0x0000000006028c88                _chown
                0x0000000006028c98                _utime
                0x0000000006028cac                _fork
                0x0000000006028cb8                _wait
                0x0000000006028cc8                _execve
                0x0000000006028cd8                _execv
                0x0000000006028ce8                _pipe
                0x0000000006028cf4                _times
                0x0000000006028cf8                _gettimeofday
                0x0000000006028d20                __setup_argv_and_call_main
 .text          0x0000000006028d4c       0x14 /joe/Compiler/LINUX/bin/../lib/gcc/sh-none-elf/8.2.0/../../../../sh-none-elf/lib/libc.a(lib_a-trap.o)
                0x0000000006028d4c                __trap34
 .text          0x0000000006028d60       0x18 /joe/Compiler/LINUX/bin/../lib/gcc/sh-none-elf/8.2.0/../../../../sh-none-elf/lib/libc.a(lib_a-abort.o)
                0x0000000006028d60                abort
 .text          0x0000000006028d78      0x1b0 /joe/Compiler/LINUX/bin/../lib/gcc/sh-none-elf/8.2.0/../../../../sh-none-elf/lib/libc.a(lib_a-signal.o)
                0x0000000006028d78                _init_signal_r
                0x0000000006028db4                _signal_r
                0x0000000006028e00                _raise_r
                0x0000000006028e78                __sigtramp_r
                0x0000000006028edc                raise
                0x0000000006028ef0                signal
                0x0000000006028f04                _init_signal
                0x0000000006028f14                __sigtramp
 .text          0x0000000006028f28       0x40 /joe/Compiler/LINUX/bin/../lib/gcc/sh-none-elf/8.2.0/../../../../sh-none-elf/lib/libc.a(lib_a-signalr.o)
                0x0000000006028f28                _kill_r
                0x0000000006028f5c                _getpid_r
 .text          0x0000000006028f68       0x80 /joe/Compiler/LINUX/bin/../lib/gcc/sh-none-elf/8.2.0/libgcc.a(_ashiftrt_n.o)
                0x0000000006028f68                __ashrsi3
 .text          0x0000000006028fe8       0xbc /joe/Compiler/LINUX/bin/../lib/gcc/sh-none-elf/8.2.0/libgcc.a(_ashiftlt.o)
                0x0000000006028fe8                __ashlsi3
                0x0000000006028fec                __ashlsi3_r0
 .text          0x00000000060290a4       0xbc /joe/Compiler/LINUX/bin/../lib/gcc/sh-none-elf/8.2.0/libgcc.a(_lshiftrt.o)
                0x00000000060290a4                __lshrsi3
                0x00000000060290a8                __lshrsi3_r0
 .text          0x0000000006029160      0x258 /joe/Compiler/LINUX/bin/../lib/gcc/sh-none-elf/8.2.0/libgcc.a(_udivdi3.o)
                0x0000000006029160                __udivdi3
 .text          0x00000000060293b8      0x2bc /joe/Compiler/LINUX/bin/../lib/gcc/sh-none-elf/8.2.0/libgcc.a(_umoddi3.o)
                0x00000000060293b8                __umoddi3
 .text          0x0000000006029674      0x3b4 /joe/Compiler/LINUX/bin/../lib/gcc/sh-none-elf/8.2.0/libgcc.a(_addsub_df.o)
                0x0000000006029984                __adddf3
                0x00000000060299d4                __subdf3
 .text          0x0000000006029a28      0x208 /joe/Compiler/LINUX/bin/../lib/gcc/sh-none-elf/8.2.0/libgcc.a(_mul_df.o)
                0x0000000006029a28                __muldf3
 .text          0x0000000006029c30      0x130 /joe/Compiler/LINUX/bin/../lib/gcc/sh-none-elf/8.2.0/libgcc.a(_div_df.o)
                0x0000000006029c30                __divdf3
 .text          0x0000000006029d60       0x58 /joe/Compiler/LINUX/bin/../lib/gcc/sh-none-elf/8.2.0/libgcc.a(_eq_df.o)
                0x0000000006029d60                __eqdf2
 .text          0x0000000006029db8       0x58 /joe/Compiler/LINUX/bin/../lib/gcc/sh-none-elf/8.2.0/libgcc.a(_ne_df.o)
                0x0000000006029db8                __nedf2
 .text          0x0000000006029e10       0x50 /joe/Compiler/LINUX/bin/../lib/gcc/sh-none-elf/8.2.0/libgcc.a(_gt_df.o)
                0x0000000006029e10                __gtdf2
 .text          0x0000000006029e60       0x50 /joe/Compiler/LINUX/bin/../lib/gcc/sh-none-elf/8.2.0/libgcc.a(_ge_df.o)
                0x0000000006029e60                __gedf2
 .text          0x0000000006029eb0       0x58 /joe/Compiler/LINUX/bin/../lib/gcc/sh-none-elf/8.2.0/libgcc.a(_lt_df.o)
                0x0000000006029eb0                __ltdf2
 .text          0x0000000006029f08       0x58 /joe/Compiler/LINUX/bin/../lib/gcc/sh-none-elf/8.2.0/libgcc.a(_le_df.o)
                0x0000000006029f08                __ledf2
 .text          0x0000000006029f60       0x40 /joe/Compiler/LINUX/bin/../lib/gcc/sh-none-elf/8.2.0/libgcc.a(_unord_df.o)
                0x0000000006029f60                __unorddf2
 .text          0x0000000006029fa0       0xa8 /joe/Compiler/LINUX/bin/../lib/gcc/sh-none-elf/8.2.0/libgcc.a(_si_to_df.o)
                0x0000000006029fa0                __floatsidf
 .text          0x000000000602a048       0xa4 /joe/Compiler/LINUX/bin/../lib/gcc/sh-none-elf/8.2.0/libgcc.a(_df_to_si.o)
                0x000000000602a048                __fixdfsi
 .text          0x000000000602a0ec        0x0 /joe/Compiler/LINUX/bin/../lib/gcc/sh-none-elf/8.2.0/libgcc.a(_thenan_df.o)
 .text          0x000000000602a0ec       0x88 /joe/Compiler/LINUX/bin/../lib/gcc/sh-none-elf/8.2.0/libgcc.a(_usi_to_df.o)
                0x000000000602a0ec                __floatunsidf
 *fill*         0x000000000602a174        0x4 
 .text          0x000000000602a178       0x60 /joe/Compiler/LINUX/bin/../lib/gcc/sh-none-elf/8.2.0/libgcc.a(_udiv_qrnnd_16.o)
                0x000000000602a178                __udiv_qrnnd_16
 .text          0x000000000602a1d8        0x0 /joe/Compiler/LINUX/bin/../lib/gcc/sh-none-elf/8.2.0/libgcc.a(_clz.o)
 .text          0x000000000602a1d8       0x58 /joe/Compiler/LINUX/bin/../lib/gcc/sh-none-elf/8.2.0/libgcc.a(_clzsi2.o)
                0x000000000602a1d8                __clzsi2
 .text          0x000000000602a230      0x25c /joe/Compiler/LINUX/bin/../lib/gcc/sh-none-elf/8.2.0/libgcc.a(_pack_df.o)
                0x000000000602a230                __pack_d
 .text          0x000000000602a48c       0xcc /joe/Compiler/LINUX/bin/../lib/gcc/sh-none-elf/8.2.0/libgcc.a(_unpack_df.o)
                0x000000000602a48c                __unpack_d
 .text          0x000000000602a558       0xc8 /joe/Compiler/LINUX/bin/../lib/gcc/sh-none-elf/8.2.0/libgcc.a(_fpcmp_parts_df.o)
                0x000000000602a558                __fpcmp_parts_d
 *(.strings)
 *(SEGA_P)
 *(.eh_frame_hdr)
 *(.eh_frame)
 .eh_frame      0x000000000602a620       0xa8 /joe/Compiler/LINUX/bin/../lib/gcc/sh-none-elf/8.2.0/libgcc.a(_udivdi3.o)
 .eh_frame      0x000000000602a6c8       0xdc /joe/Compiler/LINUX/bin/../lib/gcc/sh-none-elf/8.2.0/libgcc.a(_umoddi3.o)
                0x000000000602a7a4                __etext = .

.text.startup   0x000000000602a7b0      0xc20
 .text.startup  0x000000000602a7b0      0xc14 /tmp/ccpJWIlZ.ltrans0.ltrans.o
                0x000000000602a7b0                main

SLPROG          0x000000000602b3e0    0x158a0
                0x000000000602b3e0                __slprog_start = .
 *(SLPROG)
 SLPROG         0x000000000602b3e0     0x6540 /joe/Compiler/COMMON/SGL_302j/LIB_ELF/SGLAREA.O
                0x000000000602b3e0                MasterStack
                0x000000000602b3e4                SlaveStack
                0x000000000602b3e8                MaxVertices
                0x000000000602b3ea                MaxPolygons
                0x000000000602b3ec                SortList
                0x000000000602b3f0                SortListSize
                0x000000000602b3f4                TransList
                0x000000000602b3f8                Zbuffer
                0x000000000602b3fc                SpriteBuf
                0x000000000602b400                SpriteBufSize
                0x000000000602b404                Pbuffer
                0x000000000602b408                CommandBuf
                0x000000000602b40c                CLOfstBuf
                0x000000000602b410                PCM_Work
                0x000000000602b414                PCM_WkSize
                0x000000000602b418                MaxEvents
                0x000000000602b41a                EventSize
                0x000000000602b41c                MaxWorks
                0x000000000602b41e                WorkSize
                0x000000000602b420                RemainEvent
                0x000000000602b520                RemainWork
                0x000000000602b920                EventBuf
                0x000000000602d920                WorkBuf
 SLPROG         0x0000000006031920     0x411e /joe/Compiler/COMMON/SGL_302j/LIB_ELF/LIBSGL.A(sglA01.o)
                0x0000000006031920                slSin
                0x0000000006031944                slCos
                0x0000000006031968                GetSinCos
                0x00000000060319fc                sin_cos_index_tbl
                0x0000000006031a3c                sin_tbl
 *fill*         0x0000000006035a3e        0x2 
 SLPROG         0x0000000006035a40       0x18 /joe/Compiler/COMMON/SGL_302j/LIB_ELF/LIBSGL.A(sglA15.o)
                0x0000000006035a40                slSlaveFunc
 *fill*         0x0000000006035a58        0x8 
 SLPROG         0x0000000006035a60       0xd0 /joe/Compiler/COMMON/SGL_302j/LIB_ELF/LIBSGL.A(sglA16.o)
                0x0000000006035a60                slLookAt
 SLPROG         0x0000000006035b30       0x78 /joe/Compiler/COMMON/SGL_302j/LIB_ELF/LIBSGL.A(sglA17.o)
                0x0000000006035b30                slRotZ
                0x0000000006035b3a                slRotZSC
 *fill*         0x0000000006035ba8        0x8 
 SLPROG         0x0000000006035bb0       0x78 /joe/Compiler/COMMON/SGL_302j/LIB_ELF/LIBSGL.A(sglA18.o)
                0x0000000006035bb0                slRotY
                0x0000000006035bba                slRotYSC
 *fill*         0x0000000006035c28        0x8 
 SLPROG         0x0000000006035c30       0x78 /joe/Compiler/COMMON/SGL_302j/LIB_ELF/LIBSGL.A(sglA19.o)
                0x0000000006035c30                slRotX
                0x0000000006035c3a                slRotXSC
 *fill*         0x0000000006035ca8        0x8 
 SLPROG         0x0000000006035cb0      0x42c /joe/Compiler/COMMON/SGL_302j/LIB_ELF/LIBSGL.A(sglA20.o)
                0x0000000006035cb0                slInitMatrix
                0x0000000006035cba                slPushUnitMatrix
                0x0000000006035cce                slUnitMatrix
 *fill*         0x00000000060360dc        0x4 
 SLPROG         0x00000000060360e0       0x48 /joe/Compiler/COMMON/SGL_302j/LIB_ELF/LIBSGL.A(sglA21.o)
                0x00000000060360e0                slPushMatrix
                0x0000000006036114                slPopMatrix
                0x0000000006036114                slDecMatrixPtr
 *fill*         0x0000000006036128        0x8 
 SLPROG         0x0000000006036130       0x50 /joe/Compiler/COMMON/SGL_302j/LIB_ELF/LIBSGL.A(sglA27.o)
                0x0000000006036130                slTranslate
 SLPROG         0x0000000006036180       0x70 /joe/Compiler/COMMON/SGL_302j/LIB_ELF/LIBSGL.A(sglA28.o)
                0x0000000006036180                slScale
 SLPROG         0x00000000060361f0       0x22 /joe/Compiler/COMMON/SGL_302j/LIB_ELF/LIBSGL.A(sglA40.o)
                0x00000000060361f0                slCalcVector
 *fill*         0x0000000006036212        0xe 
 SLPROG         0x0000000006036220       0x20 /joe/Compiler/COMMON/SGL_302j/LIB_ELF/LIBSGL.A(sglB001.o)
                0x0000000006036220                slTVOn
                0x000000000603622a                slTVOff
 SLPROG         0x0000000006036240       0x24 /joe/Compiler/COMMON/SGL_302j/LIB_ELF/LIBSGL.A(sglB011.o)
                0x0000000006036240                slBitMapNbg1
 *fill*         0x0000000006036264        0xc 
 SLPROG         0x0000000006036270        0x8 /joe/Compiler/COMMON/SGL_302j/LIB_ELF/LIBSGL.A(sglB014.o)
                0x0000000006036270                slScrTransparent
 *fill*         0x0000000006036278        0x8 
 SLPROG         0x0000000006036280      0x40c /joe/Compiler/COMMON/SGL_302j/LIB_ELF/LIBSGL.A(sglB015.o)
                0x0000000006036280                slScrAutoDisp
 *fill*         0x000000000603668c        0x4 
 SLPROG         0x0000000006036690        0xc /joe/Compiler/COMMON/SGL_302j/LIB_ELF/LIBSGL.A(sglB016.o)
                0x0000000006036690                slBack1ColSet
 *fill*         0x000000000603669c        0x4 
 SLPROG         0x00000000060366a0       0x10 /joe/Compiler/COMMON/SGL_302j/LIB_ELF/LIBSGL.A(sglB020.o)
                0x00000000060366a0                slColorCalc
 SLPROG         0x00000000060366b0        0xc /joe/Compiler/COMMON/SGL_302j/LIB_ELF/LIBSGL.A(sglB021.o)
                0x00000000060366b0                slColorCalcOn
 *fill*         0x00000000060366bc        0x4 
 SLPROG         0x00000000060366c0        0xc /joe/Compiler/COMMON/SGL_302j/LIB_ELF/LIBSGL.A(sglB023.o)
                0x00000000060366c0                slColRate
 *fill*         0x00000000060366cc        0x4 
 SLPROG         0x00000000060366d0       0xb0 /joe/Compiler/COMMON/SGL_302j/LIB_ELF/LIBSGL.A(sglB031.o)
                0x00000000060366d0                slMapNbg0
 SLPROG         0x0000000006036780       0xb4 /joe/Compiler/COMMON/SGL_302j/LIB_ELF/LIBSGL.A(sglB032.o)
                0x0000000006036780                slMapNbg1
 *fill*         0x0000000006036834        0xc 
 SLPROG         0x0000000006036840       0xb0 /joe/Compiler/COMMON/SGL_302j/LIB_ELF/LIBSGL.A(sglB033.o)
                0x0000000006036840                slMapNbg2
 SLPROG         0x00000000060368f0       0xb4 /joe/Compiler/COMMON/SGL_302j/LIB_ELF/LIBSGL.A(sglB034.o)
                0x00000000060368f0                slMapNbg3
 *fill*         0x00000000060369a4        0xc 
 SLPROG         0x00000000060369b0       0xd4 /joe/Compiler/COMMON/SGL_302j/LIB_ELF/LIBSGL.A(sglB035.o)
                0x00000000060369b0                sl1MapRA
                0x0000000006036a42                rbank_set
 *fill*         0x0000000006036a84        0xc 
 SLPROG         0x0000000006036a90       0xa0 /joe/Compiler/COMMON/SGL_302j/LIB_ELF/LIBSGL.A(sglB036.o)
                0x0000000006036a90                sl1MapRB
 SLPROG         0x0000000006036b30       0x70 /joe/Compiler/COMMON/SGL_302j/LIB_ELF/LIBSGL.A(sglB038.o)
                0x0000000006036b30                slRparaInitSet
 SLPROG         0x0000000006036ba0       0x7e /joe/Compiler/COMMON/SGL_302j/LIB_ELF/LIBSGL.A(sglB039.o)
                0x0000000006036ba0                slMakeKtable
 *fill*         0x0000000006036c1e        0x2 
 SLPROG         0x0000000006036c20       0x58 /joe/Compiler/COMMON/SGL_302j/LIB_ELF/LIBSGL.A(sglB040.o)
                0x0000000006036c20                slKtableRA
 *fill*         0x0000000006036c78        0x8 
 SLPROG         0x0000000006036c80       0x5c /joe/Compiler/COMMON/SGL_302j/LIB_ELF/LIBSGL.A(sglB041.o)
                0x0000000006036c80                slKtableRB
 *fill*         0x0000000006036cdc        0x4 
 SLPROG         0x0000000006036ce0       0x10 /joe/Compiler/COMMON/SGL_302j/LIB_ELF/LIBSGL.A(sglB042.o)
                0x0000000006036ce0                slCurRpara
 SLPROG         0x0000000006036cf0        0x8 /joe/Compiler/COMMON/SGL_302j/LIB_ELF/LIBSGL.A(sglB043.o)
                0x0000000006036cf0                slRparaMode
 *fill*         0x0000000006036cf8        0x8 
 SLPROG         0x0000000006036d00      0x4e4 /joe/Compiler/COMMON/SGL_302j/LIB_ELF/LIBSGL.A(sglB044.o)
                0x0000000006036d00                slScrMatSet
 *fill*         0x00000000060371e4        0xc 
 SLPROG         0x00000000060371f0       0x28 /joe/Compiler/COMMON/SGL_302j/LIB_ELF/LIBSGL.A(sglB045.o)
                0x00000000060371f0                slScrMatConv
 *fill*         0x0000000006037218        0x8 
 SLPROG         0x0000000006037220        0xc /joe/Compiler/COMMON/SGL_302j/LIB_ELF/LIBSGL.A(sglB047.o)
                0x0000000006037220                slOverRA
 *fill*         0x000000000603722c        0x4 
 SLPROG         0x0000000006037230       0x10 /joe/Compiler/COMMON/SGL_302j/LIB_ELF/LIBSGL.A(sglB048.o)
                0x0000000006037230                slOverRB
 SLPROG         0x0000000006037240        0xc /joe/Compiler/COMMON/SGL_302j/LIB_ELF/LIBSGL.A(sglB055.o)
                0x0000000006037240                slPlaneNbg0
 *fill*         0x000000000603724c        0x4 
 SLPROG         0x0000000006037250        0xc /joe/Compiler/COMMON/SGL_302j/LIB_ELF/LIBSGL.A(sglB056.o)
                0x0000000006037250                slPlaneNbg1
 *fill*         0x000000000603725c        0x4 
 SLPROG         0x0000000006037260       0x10 /joe/Compiler/COMMON/SGL_302j/LIB_ELF/LIBSGL.A(sglB057.o)
                0x0000000006037260                slPlaneNbg2
 SLPROG         0x0000000006037270       0x10 /joe/Compiler/COMMON/SGL_302j/LIB_ELF/LIBSGL.A(sglB058.o)
                0x0000000006037270                slPlaneNbg3
 SLPROG         0x0000000006037280        0xc /joe/Compiler/COMMON/SGL_302j/LIB_ELF/LIBSGL.A(sglB059.o)
                0x0000000006037280                slPlaneRA
 *fill*         0x000000000603728c        0x4 
 SLPROG         0x0000000006037290       0x10 /joe/Compiler/COMMON/SGL_302j/LIB_ELF/LIBSGL.A(sglB060.o)
                0x0000000006037290                slPlaneRB
 SLPROG         0x00000000060372a0        0xc /joe/Compiler/COMMON/SGL_302j/LIB_ELF/LIBSGL.A(sglB063.o)
                0x00000000060372a0                slPriority
 *fill*         0x00000000060372ac        0x4 
 SLPROG         0x00000000060372b0       0x18 /joe/Compiler/COMMON/SGL_302j/LIB_ELF/LIBSGL.A(sglB087.o)
                0x00000000060372b0                slLineScrollTable0
 *fill*         0x00000000060372c8        0x8 
 SLPROG         0x00000000060372d0        0x8 /joe/Compiler/COMMON/SGL_302j/LIB_ELF/LIBSGL.A(sglB088.o)
                0x00000000060372d0                slLineScrollTable1
 *fill*         0x00000000060372d8        0x8 
 SLPROG         0x00000000060372e0        0xc /joe/Compiler/COMMON/SGL_302j/LIB_ELF/LIBSGL.A(sglB090.o)
                0x00000000060372e0                slLineScrollMode
 *fill*         0x00000000060372ec        0x4 
 SLPROG         0x00000000060372f0      0x114 /joe/Compiler/COMMON/SGL_302j/LIB_ELF/LIBSGL.A(sglB200.o)
                0x00000000060372f0                slCharRbg0
                0x00000000060372fc                slCharNbg0
                0x0000000006037308                slCharNbg1
                0x0000000006037314                slCharNbg2
                0x000000000603732a                slCharNbg3
                0x0000000006037342                slPageRbg0
                0x0000000006037358                slPageNbg1
                0x0000000006037360                slPageNbg2
                0x0000000006037368                slPageNbg3
                0x0000000006037374                slPageNbg0
 *fill*         0x0000000006037404        0xc 
 SLPROG         0x0000000006037410       0x6c /joe/Compiler/COMMON/SGL_302j/LIB_ELF/LIBSGL.A(sglC01.o)
                0x0000000006037410                slPerspective
 *fill*         0x000000000603747c        0x4 
 SLPROG         0x0000000006037480       0xc4 /joe/Compiler/COMMON/SGL_302j/LIB_ELF/LIBSGL.A(sglC03.o)
                0x0000000006037480                slWindow
 *fill*         0x0000000006037544        0xc 
 SLPROG         0x0000000006037550       0x2c /joe/Compiler/COMMON/SGL_302j/LIB_ELF/LIBSGL.A(sglC04.o)
                0x0000000006037550                slZdspLevel
 *fill*         0x000000000603757c        0x4 
 SLPROG         0x0000000006037580       0x78 /joe/Compiler/COMMON/SGL_302j/LIB_ELF/LIBSGL.A(sglC05.o)
                0x0000000006037580                slSetSprite
 *fill*         0x00000000060375f8        0x8 
 SLPROG         0x0000000006037600       0xfa /joe/Compiler/COMMON/SGL_302j/LIB_ELF/LIBSGL.A(sglC06.o)
                0x0000000006037600                slDispSprite
 *fill*         0x00000000060376fa        0x6 
 SLPROG         0x0000000006037700      0x162 /joe/Compiler/COMMON/SGL_302j/LIB_ELF/LIBSGL.A(sglC07.o)
                0x0000000006037706                slPutSprite
 *fill*         0x0000000006037862        0xe 
 SLPROG         0x0000000006037870     0x1218 /joe/Compiler/COMMON/SGL_302j/LIB_ELF/LIBSGL.A(sglC08.o)
                0x0000000006037870                slPutPolygon
                0x00000000060384ec                MsCalcDepthFlat
 *fill*         0x0000000006038a88        0x8 
 SLPROG         0x0000000006038a90       0x8c /joe/Compiler/COMMON/SGL_302j/LIB_ELF/LIBSGL.A(sglC14.o)
                0x0000000006038a90                slCurWindow
 *fill*         0x0000000006038b1c        0x4 
 SLPROG         0x0000000006038b20       0x54 /joe/Compiler/COMMON/SGL_302j/LIB_ELF/LIBSGL.A(sglC16.o)
                0x0000000006038b20                slDynamicFrame
 *fill*         0x0000000006038b74        0xc 
 SLPROG         0x0000000006038b80       0x4c /joe/Compiler/COMMON/SGL_302j/LIB_ELF/LIBSGL.A(sglC17.o)
                0x0000000006038b80                slDispSpriteHV
 *fill*         0x0000000006038bcc        0x4 
 SLPROG         0x0000000006038bd0       0xd4 /joe/Compiler/COMMON/SGL_302j/LIB_ELF/LIBSGL.A(sglC19.o)
                0x0000000006038bd0                slDispSprite4P
 *fill*         0x0000000006038ca4        0xc 
 SLPROG         0x0000000006038cb0       0x40 /joe/Compiler/COMMON/SGL_302j/LIB_ELF/LIBSGL.A(sglC20.o)
                0x0000000006038cb0                SpriteEntry
 SLPROG         0x0000000006038cf0      0x4ae /joe/Compiler/COMMON/SGL_302j/LIB_ELF/LIBSGL.A(sglC21.o)
                0x0000000006038d78                RotSprite
                0x0000000006038e06                SetSprPosition
 *fill*         0x000000000603919e        0x2 
 SLPROG         0x00000000060391a0       0x84 /joe/Compiler/COMMON/SGL_302j/LIB_ELF/LIBSGL.A(sglD00.o)
                0x00000000060391a0                slDMACopy
                0x00000000060391a0                slCpuDMACopy
                0x00000000060391fa                slCashPurge
                0x00000000060391fa                CSH_AllClr
 *fill*         0x0000000006039224        0xc 
 SLPROG         0x0000000006039230       0xa0 /joe/Compiler/COMMON/SGL_302j/LIB_ELF/LIBSGL.A(sglD01.o)
                0x0000000006039230                slDMAXCopy
 SLPROG         0x00000000060392d0       0x10 /joe/Compiler/COMMON/SGL_302j/LIB_ELF/LIBSGL.A(sglD02.o)
                0x00000000060392d0                slDMAWait
 SLPROG         0x00000000060392e0        0xc /joe/Compiler/COMMON/SGL_302j/LIB_ELF/LIBSGL.A(sglD03.o)
                0x00000000060392e0                slDMAStatus
 *fill*         0x00000000060392ec        0x4 
 SLPROG         0x00000000060392f0       0x20 /joe/Compiler/COMMON/SGL_302j/LIB_ELF/LIBSGL.A(sglD15.o)
                0x00000000060392f0                CSH_Purge
 SLPROG         0x0000000006039310       0x84 /joe/Compiler/COMMON/SGL_302j/LIB_ELF/LIBSGL.A(sglD16.o)
                0x0000000006039310                DMA_ScuSetPrm
                0x0000000006039358                DMA_SCU_PRM0
 *fill*         0x0000000006039394        0xc 
 SLPROG         0x00000000060393a0       0x88 /joe/Compiler/COMMON/SGL_302j/LIB_ELF/LIBSGL.A(sglD17.o)
                0x00000000060393a0                DMA_ScuStart
 *fill*         0x0000000006039428        0x8 
 SLPROG         0x0000000006039430       0x34 /joe/Compiler/COMMON/SGL_302j/LIB_ELF/LIBSGL.A(sglD18.o)
                0x0000000006039430                DMA_ScuGetStatus
 *fill*         0x0000000006039464        0xc 
 SLPROG         0x0000000006039470       0x34 /joe/Compiler/COMMON/SGL_302j/LIB_ELF/LIBSGL.A(sglF08.o)
                0x0000000006039470                slDec2Hex
 *fill*         0x00000000060394a4        0xc 
 SLPROG         0x00000000060394b0      0xfc8 /joe/Compiler/COMMON/SGL_302j/LIB_ELF/LIBSGL.A(sglH00.o)
                0x00000000060394c8                slGetPortDir1
                0x00000000060394d0                slGetPortDir2
                0x00000000060394d8                slSetPortDir1
                0x0000000006039502                slSetPortDir2
                0x000000000603953c                slGetPortData1
                0x0000000006039544                slGetPortData2
                0x000000000603954c                slSetPortData1
                0x0000000006039556                slSetPortData2
                0x0000000006039568                slGetPortSelect1
                0x0000000006039572                slGetPortSelect2
                0x000000000603957c                slSetPortSelect1
                0x00000000060395b0                slSetPortSelect2
                0x00000000060395ec                slGetPortExt1
                0x00000000060395f6                slGetPortExt2
                0x0000000006039600                slSetPortExt1
                0x0000000006039630                slSetPortExt2
                0x00000000060397a4                slSmpcDirectAccess
                0x0000000006039824                slInitPeripheral
                0x00000000060398b6                slSetResultBuffer
                0x0000000006039942                slCheckIntBackSet
                0x000000000603994e                slIntBackCancel
                0x0000000006039978                slCheckReset
                0x0000000006039982                slClearReset
                0x0000000006039b48                slSmpcCashSend
                0x0000000006039c04                slSmpcCashBlow
                0x0000000006039ce0                slGetOptimize
                0x0000000006039cea                slSetOptimize
                0x0000000006039d10                slGetPortMode1
                0x0000000006039d1c                slGetPortMode2
                0x0000000006039d2a                slSetPortMode1
                0x0000000006039d68                slSetPortMode2
                0x0000000006039ef4                slRequestCommand
                0x0000000006039f64                Smpc_Status
                0x0000000006039f68                Smpc_Result
                0x0000000006039f6c                Smpc_Peripheral
                0x0000000006039f72                Per_Connect1
                0x0000000006039f73                Per_Connect2
                0x0000000006039f94                SmpcStatusBuf
 *fill*         0x000000000603a478        0x8 
 SLPROG         0x000000000603a480       0xa8 /joe/Compiler/COMMON/SGL_302j/LIB_ELF/LIBSGL.A(sglH01.o)
                0x000000000603a480                slGetLanguage
                0x000000000603a48a                slSetLanguage
                0x000000000603a4ac                slGetSoundEffect
                0x000000000603a4b8                slSetSoundEffect
                0x000000000603a4d4                slGetSoundOutput
                0x000000000603a4e0                slSetSoundOutput
                0x000000000603a4fc                slGetHelpWindow
                0x000000000603a508                slSetHelpWindow
 *fill*         0x000000000603a528        0x8 
 SLPROG         0x000000000603a530      0x470 /joe/Compiler/COMMON/SGL_302j/LIB_ELF/LIBSGL.A(sglH02.o)
                0x000000000603a920                smpc_pfr_tbl
                0x000000000603a960                smpc_ptf_tbl
 SLPROG         0x000000000603a9a0       0x60 /joe/Compiler/COMMON/SGL_302j/LIB_ELF/LIBSGL.A(sglH04.o)
                0x000000000603a9a0                slComPrmIntBack
                0x000000000603a9b4                slComPrmSetMemory
                0x000000000603a9ca                slComPrmSetTime
 SLPROG         0x000000000603aa00      0x3a4 /joe/Compiler/COMMON/SGL_302j/LIB_ELF/LIBSGL.A(sglI01.o)
                0x000000000603aa00                slInitSynch
                0x000000000603aa1a                slSynch
                0x000000000603ab10                slRandom
                0x000000000603ab2e                PCM_EndCheck
                0x000000000603abea                RetPCMBuf
                0x000000000603ac84                PCM_Buf
                0x000000000603ad24                Sound_Buf
 *fill*         0x000000000603ada4        0xc 
 SLPROG         0x000000000603adb0       0x10 /joe/Compiler/COMMON/SGL_302j/LIB_ELF/LIBSGL.A(sglI04.o)
                0x000000000603adb0                slIntFunction
 SLPROG         0x000000000603adc0       0x74 /joe/Compiler/COMMON/SGL_302j/LIB_ELF/LIBSGL.A(sglJ00.o)
                0x000000000603adc0                InitSlaveSH
                0x000000000603ae28                SlaveCommand
 *fill*         0x000000000603ae34        0xc 
 SLPROG         0x000000000603ae40      0x3d0 /joe/Compiler/COMMON/SGL_302j/LIB_ELF/LIBSGL.A(sglJ01.o)
                0x000000000603ae40                SlaveControl
                0x000000000603b1fc                ErasePolygonData
 SLPROG         0x000000000603b210     0x12b8 /joe/Compiler/COMMON/SGL_302j/LIB_ELF/LIBSGL.A(sglJ02.o)
                0x000000000603b210                sbMakePolygon
                0x000000000603b3f8                sbCalcPolygon
                0x000000000603c130                SetTexture
                0x000000000603c13c                SetPolygon
                0x000000000603c144                SetPosition
                0x000000000603c17c                stvtc_4
                0x000000000603c234                stvtc_3
                0x000000000603c444                stvtc_1
                0x000000000603c458                stvtc_2
                0x000000000603c46c                stvtc_0
 *fill*         0x000000000603c4c8        0x8 
 SLPROG         0x000000000603c4d0      0x140 /joe/Compiler/COMMON/SGL_302j/LIB_ELF/LIBSGL.A(sglJ03.o)
                0x000000000603c4d0                sbMakeDMATable
 SLPROG         0x000000000603c610      0x470 /joe/Compiler/COMMON/SGL_302j/LIB_ELF/LIBSGL.A(sglJ04.o)
                0x000000000603c66e                sbMakeSprite
                0x000000000603c6d4                sbMakeRotSprite
 SLPROG         0x000000000603ca80       0x3c /joe/Compiler/COMMON/SGL_302j/LIB_ELF/LIBSGL.A(sglJ05.o)
                0x000000000603ca80                sbSortEntry
 *fill*         0x000000000603cabc        0x4 
 SLPROG         0x000000000603cac0      0x4b8 /joe/Compiler/COMMON/SGL_302j/LIB_ELF/LIBSGL.A(sglM00.o)
                0x000000000603cac0                slInitGouraud
                0x000000000603cbb4                slPutPolygonX
                0x000000000603cbfa                slGouraudTblCopy
                0x000000000603cc52                slSetGouraudTbl
                0x000000000603cc58                slSetGouraudColor
                0x000000000603ccd0                slSetAmbient
                0x000000000603ccf4                slSetFlatColor
 *fill*         0x000000000603cf78        0x8 
 SLPROG         0x000000000603cf80       0x6a /joe/Compiler/COMMON/SGL_302j/LIB_ELF/LIBSGL.A(sglM01.o)
                0x000000000603cf80                slSetDepthLimit
                0x000000000603cfac                slSetDepthTbl
                0x000000000603cfdc                DepthWorkArea
 *fill*         0x000000000603cfea        0x6 
 SLPROG         0x000000000603cff0       0x20 /joe/Compiler/COMMON/SGL_302j/LIB_ELF/LIBSGL.A(sglA00.o)
                0x000000000603cff0                set_imask
                0x000000000603cff0                _builtin_set_imask
                0x000000000603d004                get_imask
                0x000000000603d004                _builtin_get_imask
 SLPROG         0x000000000603d010     0x215c /joe/Compiler/COMMON/SGL_302j/LIB_ELF/LIBSGL.A(sglA03.o)
                0x000000000603d010                slTan
 *fill*         0x000000000603f16c        0x4 
 SLPROG         0x000000000603f170       0x34 /joe/Compiler/COMMON/SGL_302j/LIB_ELF/LIBSGL.A(sglA10.o)
                0x000000000603f170                slSquartDbl
 *fill*         0x000000000603f1a4        0xc 
 SLPROG         0x000000000603f1b0      0x3c2 /joe/Compiler/COMMON/SGL_302j/LIB_ELF/LIBSGL.A(sglA24.o)
                0x000000000603f1b0                slInversMatrix
 *fill*         0x000000000603f572        0xe 
 SLPROG         0x000000000603f580       0x24 /joe/Compiler/COMMON/SGL_302j/LIB_ELF/LIBSGL.A(sglA25.o)
                0x000000000603f580                slTransposeMatrix
 *fill*         0x000000000603f5a4        0xc 
 SLPROG         0x000000000603f5b0      0xbd0 /joe/Compiler/COMMON/SGL_302j/LIB_ELF/LIBSGL.A(sglB000.o)
                0x000000000603f5b0                slInitScroll
                0x000000000603f6d0                setASC_1to8
                0x000000000603f700                setASC_4to8
                0x000000000603f810                TVSizeTbl
                0x000000000603f890                TVModeTbl
                0x000000000603fa68                SGL_ASCII_CG
 SLPROG         0x0000000006040180      0x134 /joe/Compiler/COMMON/SGL_302j/LIB_ELF/LIBSGL.A(sglC00.o)
                0x0000000006040180                slInitSprite
 *fill*         0x00000000060402b4        0xc 
 SLPROG         0x00000000060402c0       0xac /joe/Compiler/COMMON/SGL_302j/LIB_ELF/LIBSGL.A(sglC13.o)
                0x00000000060402c0                slPutPolygonS
 *fill*         0x000000000604036c        0x4 
 SLPROG         0x0000000006040370       0xc0 /joe/Compiler/COMMON/SGL_302j/LIB_ELF/LIBSGL.A(sglD19.o)
                0x0000000006040370                DMA_ScuMemCopy
 SLPROG         0x0000000006040430      0x75c /joe/Compiler/COMMON/SGL_302j/LIB_ELF/LIBSGL.A(sglI00.o)
                0x0000000006040720                slInitInterrupt
 *fill*         0x0000000006040b8c        0x4 
 SLPROG         0x0000000006040b90       0xf0 /joe/Compiler/COMMON/SGL_302j/LIB_ELF/LIBSGL.A(sglH03.o)
                0x0000000006040bf4                slSmpcIntBack