Archive member included to satisfy reference by file (symbol)

/joengine/Compiler/COMMON/SGL_302j/LIB_ELF/SEGA_SYS.A(sys_exit.o)
                              /work/jo_engine/core.o (symbol from plugin) (SYS_Exit)
/joengine/Compiler/COMMON/SGL_302j/LIB_ELF/SEGA_SYS.A(sys_sub.o)
                              /joengine/Compiler/COMMON/SGL_302j/LIB_ELF/SEGA_SYS.A(sys_exit.o) (SYSUB_SetStackptr)
/joengine/Compiler/COMMON/SGL_302j/LIB_ELF/LIBCD.A(CDC_CMN.O)
                              /joengine/Compiler/COMMON/SGL_302j/LIB_ELF/SEGA_SYS.A(sys_exit.o) (CDC_GetCurStat)
/joengine/Compiler/COMMON/SGL_302j/LIB_ELF/LIBCD.A(CDC_DRV.O)
                              pcmsys.o (symbol from plugin) (CDC_CdPlay)
/joengine/Compiler/COMMON/SGL_302j/LIB_ELF/LIBCD.A(CDC_CFS.O)
                              /joengine/Compiler/COMMON/SGL_302j/LIB_ELF/SEGA_SYS.A(sys_exit.o) (CDC_ChgDir)
/joengine/Compiler/COMMON/SGL_302j/LIB_ELF/LIBCD.A(CDC_REG.O)
                              /joengine/Compiler/COMMON/SGL_302j/LIB_ELF/SEGA_SYS.A(sys_exit.o) (CDC_GetHirqReq)
/joengine/Compiler/COMMON/SGL_302j/LIB_ELF/LIBCD.A(CDC_SUB.O)
                              /joengine/Compiler/COMMON/SGL_302j/LIB_ELF/LIBCD.A(CDC_CMN.O) (CDSUB_UpdStatus)
/joengine/Compiler/COMMON/SGL_302j/LIB_ELF/LIBCD.A(GFS.O)
                              pcmsys.o (symbol from plugin) (GFS_Init)
/joengine/Compiler/COMMON/SGL_302j/LIB_ELF/LIBCD.A(GFS_BUF.O)
                              /joengine/Compiler/COMMON/SGL_302j/LIB_ELF/LIBCD.A(GFS.O) (GFBF_GetNumData)
/joengine/Compiler/COMMON/SGL_302j/LIB_ELF/LIBCD.A(GFS_CDB.O)
                              /joengine/Compiler/COMMON/SGL_302j/LIB_ELF/LIBCD.A(GFS.O) (GFCB_Close)
/joengine/Compiler/COMMON/SGL_302j/LIB_ELF/LIBCD.A(GFS_CDC.O)
                              /joengine/Compiler/COMMON/SGL_302j/LIB_ELF/LIBCD.A(GFS.O) (GFCD_SetCdbfs)
/joengine/Compiler/COMMON/SGL_302j/LIB_ELF/LIBCD.A(GFS_CDF.O)
                              /joengine/Compiler/COMMON/SGL_302j/LIB_ELF/LIBCD.A(GFS.O) (GFCF_Init)
/joengine/Compiler/COMMON/SGL_302j/LIB_ELF/LIBCD.A(GFS_DIR.O)
                              /joengine/Compiler/COMMON/SGL_302j/LIB_ELF/LIBCD.A(GFS.O) (GFDR_SetupDirTbl)
/joengine/Compiler/COMMON/SGL_302j/LIB_ELF/LIBCD.A(GFS_TRN.O)
                              /joengine/Compiler/COMMON/SGL_302j/LIB_ELF/LIBCD.A(GFS.O) (GFTR_Setup)
/joengine/Compiler/COMMON/SGL_302j/LIB_ELF/LIBCD.A(CDC_DEV.O)
                              /joengine/Compiler/COMMON/SGL_302j/LIB_ELF/LIBCD.A(GFS_CDC.O) (CDC_CdSetCon)
/joengine/Compiler/COMMON/SGL_302j/LIB_ELF/LIBCD.A(CDC_SEL.O)
                              /joengine/Compiler/COMMON/SGL_302j/LIB_ELF/LIBCD.A(GFS_CDC.O) (CDC_SetFiltRange)
/joengine/Compiler/COMMON/SGL_302j/LIB_ELF/LIBCD.A(CDC_BIF.O)
                              /joengine/Compiler/COMMON/SGL_302j/LIB_ELF/LIBCD.A(GFS_CDC.O) (CDC_GetBufSiz)
/joengine/Compiler/COMMON/SGL_302j/LIB_ELF/LIBCD.A(CDC_BIO.O)
                              /joengine/Compiler/COMMON/SGL_302j/LIB_ELF/LIBCD.A(GFS_CDC.O) (CDC_SetSctLen)
/joengine/Compiler/COMMON/SGL_302j/LIB_ELF/LIBSGL.A(sglA01.o)
                              /work/jo_engine/math.o (symbol from plugin) (slSin)
/joengine/Compiler/COMMON/SGL_302j/LIB_ELF/LIBSGL.A(sglA15.o)
                              /work/jo_engine/slave.o (symbol from plugin) (slSlaveFunc)
/joengine/Compiler/COMMON/SGL_302j/LIB_ELF/LIBSGL.A(sglA16.o)
                              main.o (symbol from plugin) (slLookAt)
/joengine/Compiler/COMMON/SGL_302j/LIB_ELF/LIBSGL.A(sglA17.o)
                              /joengine/Compiler/COMMON/SGL_302j/LIB_ELF/LIBSGL.A(sglA16.o) (slRotZ)
/joengine/Compiler/COMMON/SGL_302j/LIB_ELF/LIBSGL.A(sglA18.o)
                              main.o (symbol from plugin) (slRotY)
/joengine/Compiler/COMMON/SGL_302j/LIB_ELF/LIBSGL.A(sglA19.o)
                              main.o (symbol from plugin) (slRotX)
/joengine/Compiler/COMMON/SGL_302j/LIB_ELF/LIBSGL.A(sglA20.o)
                              main.o (symbol from plugin) (slUnitMatrix)
/joengine/Compiler/COMMON/SGL_302j/LIB_ELF/LIBSGL.A(sglA21.o)
                              main.o (symbol from plugin) (slPushMatrix)
/joengine/Compiler/COMMON/SGL_302j/LIB_ELF/LIBSGL.A(sglA27.o)
                              /joengine/Compiler/COMMON/SGL_302j/LIB_ELF/LIBSGL.A(sglA16.o) (slTranslate)
/joengine/Compiler/COMMON/SGL_302j/LIB_ELF/LIBSGL.A(sglA28.o)
                              main.o (symbol from plugin) (slScale)
/joengine/Compiler/COMMON/SGL_302j/LIB_ELF/LIBSGL.A(sglA40.o)
                              main.o (symbol from plugin) (slCalcVector)
/joengine/Compiler/COMMON/SGL_302j/LIB_ELF/LIBSGL.A(sglB001.o)
                              main.o (symbol from plugin) (slTVOn)
/joengine/Compiler/COMMON/SGL_302j/LIB_ELF/LIBSGL.A(sglB011.o)
                              /work/jo_engine/vdp2.o (symbol from plugin) (slBitMapNbg1)
/joengine/Compiler/COMMON/SGL_302j/LIB_ELF/LIBSGL.A(sglB014.o)
[...]
Memory Configuration

Name             Origin             Length             Attributes
*default*        0x0000000000000000 0xffffffffffffffff

Linker script and memory map


SLSTART         0x0000000006004000       0x30
                0x0000000006004000                ___Start = .
 *(SLSTART)
 SLSTART        0x0000000006004000       0x28 /joengine/Compiler/COMMON/SGL_302j/LIB_ELF/LIBSGL.A(sglI00.o)
                0x0000000006004000                SGL_Start
                0x0000000006004002                slStartSGL

.text           0x0000000006004040    0x1f6f0
 *(.text)
 .text          0x0000000006004040        0x0 /joengine/Compiler/COMMON/SGL_302j/LIB_ELF/SGLAREA.O
 .text          0x0000000006004040     0x91d4 /tmp/ccEKHRT6.ltrans0.ltrans.o
                0x00000000060045d8                jo_sprite_draw.constprop.53
                0x00000000060046e4                jo_nbg2_print.constprop.38
                0x0000000006004748                render_CLUT_sprite_MESH.constprop.37
                0x0000000006004794                __jo_core_set_screens_order.constprop.36
                0x000000000600484c                CDDAPlaySingle.constprop.31
                0x0000000006004888                jo_vdp2_clear_bitmap_nbg1.constprop.23
                0x00000000060048f4                jo_vdp2_malloc
                0x0000000006004a38                jo_vdp2_free
                0x0000000006004b84                jo_nbg2_clear
                0x0000000006004bb0                jo_vdp2_disable_rbg0
                0x0000000006004c0c                __jo_create_map.lto_priv.625
                0x0000000006004c6c                jo_img_to_vdp2_cells
                0x0000000006004ce6                jo_set_default_background_color
                0x0000000006004f52                jo_free
                0x0000000006004f78                jo_backup_unmount.constprop.12
                0x000000000600501c                jo_sprite_free_from
                0x00000000060050d8                jo_malloc_with_behaviour
                0x0000000006005518                load_textures.constprop.25
                0x0000000006005554                jo_backup_mount.constprop.7
                0x0000000006005714                jo_atan2f_rad
                0x00000000060058b0                jo_fixed_cos
                0x000000000600590c                jo_fixed_sin
                0x0000000006005c04                __jo_tga_any_loader
                0x0000000006005d40                jo_sprite_add_tga.constprop.24
                0x0000000006005e1c                _lseek
                0x0000000006005e20                _isatty
                0x0000000006005e24                _fstat
                0x0000000006005e28                _close
                0x0000000006005e2c                _write
                0x0000000006005e30                _read
                0x0000000006005e34                _realloc_r
                0x0000000006005ea0                _calloc_r
                0x0000000006005ed0                _free_r
                0x0000000006005ee4                _malloc_r
                0x0000000006005f46                mnet_log
                0x0000000006005fdc                mnet_init
                0x00000000060066e0                confirm_name.lto_priv.624
                0x0000000006006990                CDDAStop
                0x00000000060069ac                pcm_cease
                0x00000000060069d4                pcm_play
                0x0000000006006a68                object_viewer.part.12
                0x000000000600762c                my_draw.part.10
                0x0000000006009814                mnet_client_log
                0x00000000060098a4                load_binary.constprop.29
                0x000000000600a2ec                player_select.part.17
                0x000000000600b720                mnet_send_disconnect
                0x000000000600b780                mnet_send_remove_local_player
                0x000000000600b7f4                lobby_screen
                0x000000000600bfe0                mnet_tick
                0x000000000600cf48                modem_dial.lto_priv.619
                0x000000000600cfec                modem_init.lto_priv.623
                0x000000000600d090                modem_probe.lto_priv.621
 .text          0x000000000600d214     0x894c /tmp/ccEKHRT6.ltrans1.ltrans.o
                0x000000000600d664                my_vblank
                0x000000000600d73c                set_palette
                0x000000000600d754                change_player_palette
                0x000000000600d844                load_preview
                0x000000000600d880                load_level
                0x000000000600d950                load_car
                0x000000000600dac8                move_camera
                0x000000000600e0e4                draw_map
                0x000000000600e250                draw_powerups
                0x000000000600e354                create_particles
                0x000000000600e3fc                computeLight
                0x000000000600e470                set_player_position
                0x000000000600e574                getSeconds
                0x000000000600e5f4                apply_player_gravity
                0x000000000600e644                init_1p_display
                0x000000000600e6cc                stop_sounds
                0x000000000600e74c                reset_to_last_checkpoint
                0x000000000600e844                reset_demo
                0x000000000600ea28                render_CLUT_sprite
                0x000000000600ea78                draw_player
                0x000000000600f748                ztClearText
                0x000000000600fa24                transition_to_title_screen
                0x000000000600fa8c                transition_to_end_level
                0x000000000600fbf0                draw_hud
                0x0000000006010668                mmm_get_p2_port
                0x000000000601087a                saturn_uart_detect.lto_priv.527
                0x00000000060108fa                saturn_uart_reg_write.lto_priv.529.lto_priv.576
                0x0000000006010914                saturn_uart_reg_read.lto_priv.531.lto_priv.577
                0x0000000006010930                saturn_transport_rx_byte.lto_priv.540
                0x000000000601093c                saturn_uart_read_iir.lto_priv.509.lto_priv.568
                0x0000000006010948                saturn_uart_read_msr.lto_priv.511.lto_priv.569
                0x0000000006010954                saturn_uart_read_lsr.lto_priv.513.lto_priv.570
                0x0000000006010960                saturn_uart_clear_errors.lto_priv.515.lto_priv.571
                0x0000000006010980                saturn_uart_rx_error.lto_priv.517.lto_priv.572
                0x0000000006010998                saturn_uart_rx_ready.lto_priv.519.lto_priv.573
                0x00000000060109ac                saturn_transport_rx_ready.lto_priv.539
                0x00000000060109b8                saturn_uart_flush_rx.lto_priv.497.lto_priv.561
                0x00000000060109ec                modem_flush_input.lto_priv.490.lto_priv.492
                0x00000000060109f8                saturn_uart_loopback_test.lto_priv.495.lto_priv.563
                0x0000000006010a84                saturn_uart_read_raw.lto_priv.499.lto_priv.564
                0x0000000006010b04                saturn_uart_getc_timeout.lto_priv.503.lto_priv.565
                0x0000000006010b3c                modem_read_line.lto_priv.493.lto_priv.559
                0x0000000006010ba8                saturn_uart_getc.lto_priv.505.lto_priv.566
                0x0000000006010bd0                saturn_uart_tx_ready.lto_priv.521.lto_priv.574
                0x0000000006010be8                saturn_uart_putc.lto_priv.507.lto_priv.567
                0x0000000006010c34                saturn_transport_send.lto_priv.541
                0x0000000006010c78                saturn_uart_puts.lto_priv.501.lto_priv.560
                0x0000000006010dfc                modem_escape_to_command.lto_priv.488.lto_priv.558
                0x0000000006010e78                saturn_uart_set_baud.lto_priv.525.lto_priv.575
                0x0000000006010ed0                saturn_uart_init.lto_priv.523.lto_priv.562
                0x0000000006010fe8                saturn_smpc_command.lto_priv.537.lto_priv.579
                0x0000000006011010                saturn_netlink_smpc_disable.lto_priv.533.lto_priv.578
                0x000000000601101c                saturn_netlink_smpc_enable.lto_priv.535.lto_priv.544
                0x000000000601106c                mnet_encode_lap_complete.lto_priv.371.lto_priv.375
                0x0000000006011092                mnet_encode_client_log.lto_priv.376.lto_priv.551
                0x00000000060110e4                mnet_encode_leaderboard_req.lto_priv.380.lto_priv.384
                0x00000000060110f4                mnet_encode_remove_local_player.lto_priv.385.lto_priv.389
                0x0000000006011104                mnet_encode_add_local_player.lto_priv.390.lto_priv.550
                0x0000000006011148                mnet_encode_powerup_pickup.lto_priv.394.lto_priv.398
                0x000000000601115c                mnet_encode_player_state_p2.lto_priv.399.lto_priv.552
                0x00000000060111f4                mnet_encode_player_state.lto_priv.403.lto_priv.553
                0x0000000006011284                mnet_encode_input_state_p2.lto_priv.407.lto_priv.411
                0x00000000060112ae                mnet_encode_input_state.lto_priv.412.lto_priv.416
                0x00000000060112d4                mnet_encode_car_select.lto_priv.417.lto_priv.421
                0x00000000060112e8                mnet_encode_start_game.lto_priv.422.lto_priv.426
                0x00000000060112f8                mnet_encode_ready.lto_priv.427.lto_priv.431
                0x0000000006011308                mnet_encode_heartbeat.lto_priv.432.lto_priv.436
                0x0000000006011318                mnet_encode_disconnect.lto_priv.437.lto_priv.441
                0x0000000006011328                mnet_encode_set_username.lto_priv.442.lto_priv.548
                0x000000000601136c                mnet_encode_connect_uuid.lto_priv.446.lto_priv.547
                0x000000000601138a                mnet_encode_connect.lto_priv.450.lto_priv.454
                0x0000000006011398                mnet_read_string.lto_priv.455.lto_priv.549
                0x00000000060113e0                mnet_rx_init.lto_priv.463.lto_priv.467
                0x00000000060113ee                net_transport_is_connected.lto_priv.472.lto_priv.555
                0x0000000006011404                net_transport_send.lto_priv.476.lto_priv.545
                0x0000000006012724                mnet_send_frame.lto_priv.468.lto_priv.554
                0x000000000601275c                net_transport_rx_byte.lto_priv.480.lto_priv.556
                0x000000000601276e                net_transport_rx_ready.lto_priv.484.lto_priv.557
                0x0000000006012780                mnet_rx_poll.lto_priv.459.lto_priv.546
                0x0000000006012818                get_gbr.lto_priv.54.lto_priv.82
                0x000000000601281e                set_gbr.lto_priv.83.lto_priv.111
                0x0000000006012824                get_vbr.lto_priv.112.lto_priv.140
                0x000000000601282a                set_vbr.lto_priv.141.lto_priv.169
                0x0000000006012830                set_imask.lto_priv.170.lto_priv.542
                0x0000000006012844                get_imask.lto_priv.198.lto_priv.543
                0x000000000601284e                get_sr.lto_priv.226.lto_priv.254
                0x0000000006012854                set_sr.lto_priv.255.lto_priv.283
                0x000000000601285a                tas.lto_priv.284.lto_priv.312
                0x0000000006012862                sleep.lto_priv.313.lto_priv.341
                0x0000000006012868                nop.lto_priv.342.lto_priv.370
                0x000000000601286e                init_3d_planes
                0x0000000006013314                gameLoop
                0x0000000006015710                mmm_online_start_race
 .text          0x0000000006015b60      0x238 /joengine/Compiler/COMMON/SGL_302j/LIB_ELF/SEGA_SYS.A(sys_exit.o)
                0x0000000006015b60                sys_version
                0x0000000006015b80                SYS_Exit
 *fill*         0x0000000006015d98        0x8 
 .text          0x0000000006015da0        0x6 /joengine/Compiler/COMMON/SGL_302j/LIB_ELF/SEGA_SYS.A(sys_sub.o)
                0x0000000006015da0                SYSUB_SetStackptr
 *fill*         0x0000000006015da6        0xa 
 .text          0x0000000006015db0      0x3a0 /joengine/Compiler/COMMON/SGL_302j/LIB_ELF/LIBCD.A(CDC_CMN.O)
                0x0000000006015db0                CDC_GetCurStat
                0x0000000006015e00                CDC_GetLastStat
                0x0000000006015e18                CDC_GetPeriStat
                0x0000000006015eec                CDC_GetHwInfo
                0x0000000006015f54                CDC_TgetToc
                0x0000000006015fa4                CDC_GetSes
                0x0000000006015fe0                CDC_CdInit
                0x0000000006016064                CDC_CdOpen
                0x000000000601608c                CDC_DataReady
                0x00000000060160f8                CDC_DataEnd
 .text          0x0000000006016150      0x130 /joengine/Compiler/COMMON/SGL_302j/LIB_ELF/LIBCD.A(CDC_DRV.O)
                0x0000000006016150                CDC_CdPlay
                0x000000000601621c                CDC_CdSeek
                0x0000000006016250                CDC_CdScan
 .text          0x0000000006016280      0x194 /joengine/Compiler/COMMON/SGL_302j/LIB_ELF/LIBCD.A(CDC_CFS.O)
                0x0000000006016280                CDC_ChgDir
                0x00000000060162b4                CDC_ReadDir
                0x00000000060162e8                CDC_GetFileScope
                0x0000000006016348                CDC_TgetFileInfo
                0x00000000060163a4                CDC_ReadFile
                0x00000000060163d8                CDC_AbortFile
 *fill*         0x0000000006016414        0xc 
 .text          0x0000000006016420      0x2dc /joengine/Compiler/COMMON/SGL_302j/LIB_ELF/LIBCD.A(CDC_REG.O)
                0x0000000006016420                CDC_GetDataPtr
                0x0000000006016430                CDC_GetHirqReq
                0x0000000006016444                CDC_ClrHirqReq
                0x0000000006016474                CDREG_ClrHirqReq
                0x0000000006016484                CDREG_InitHirqReq
                0x00000000060164ac                CDREG_SetHirqFlag
                0x00000000060164c0                CDC_GetHirqMsk
                0x00000000060164d4                CDC_SetHirqMsk
                0x00000000060164e4                CDC_GetMpegPtr
                0x00000000060164f4                CDREG_TgetData
                0x0000000006016550                CDREG_CmdRsp
                0x0000000006016650                CDREG_WaitHirq
                0x00000000060166c0                CDREG_ReadRsp
 *fill*         0x00000000060166fc        0x4 
 .text          0x0000000006016700      0x152 /joengine/Compiler/COMMON/SGL_302j/LIB_ELF/LIBCD.A(CDC_SUB.O)
                0x0000000006016700                CDSUB_UpdStatus
                0x0000000006016718                CDSUB_UpdCdstat
                0x0000000006016738                CDSUB_CdCmd
                0x00000000060167a8                CDSUB_GetCdstat
                0x00000000060167e8                CDSUB_RspToCdstat
                0x0000000006016830                CDSUB_SoftTimer
 *fill*         0x0000000006016852        0xe 
 .text          0x0000000006016860     0x1adc /joengine/Compiler/COMMON/SGL_302j/LIB_ELF/LIBCD.A(GFS.O)
                0x0000000006016860                gfs_version
                0x0000000006016880                GFS_Init
                0x0000000006016968                GFS_LoadDir
                0x0000000006016a10                GFS_SetDir
                0x0000000006016a78                GFS_NameToId
                0x0000000006016adc                GFS_IdToName
                0x0000000006016b48                GFS_GetDirInfo
                0x0000000006016bb8                GFS_Reset
                0x0000000006016c3c                GFS_Open
                0x0000000006016cf0                GFS_Close
                0x0000000006016d28                GFS_Seek
                0x0000000006016ddc                GFS_Tell
                0x0000000006016e2c                GFS_IsEof
                0x0000000006016e80                GFS_ByteToSct
                0x0000000006016edc                GFS_GetFileSize
                0x0000000006016f38                GFS_GetFileInfo
                0x0000000006016fac                GFS_GetNumCdbuf
                0x0000000006016fd4                GFS_Load
                0x0000000006017098                GFS_Fread
                0x0000000006017134                gfs_waitRead
                0x00000000060171dc                GFS_NwFread
                0x00000000060172e8                GFS_NwCdRead
                0x0000000006017360                GFS_NwIsComplete
                0x0000000006017398                GFS_NwStop
                0x0000000006017404                GFS_NwGetStat
                0x0000000006017480                gfs_recovRdErr
                0x00000000060174b0                GFS_NwExecOne
                0x0000000006017570                GFS_NwExecServer
                0x00000000060175ec                GFS_SetGmode
                0x0000000006017650                GFS_SetTmode
                0x00000000060176bc                GFS_SetReadPara
                0x0000000006017720                GFS_SetTransPara
                0x000000000601778c                GFS_SetTrFunc
                0x00000000060177f0                GFS_StartTrans
                0x000000000601783c                GFS_CdMovePickup
                0x00000000060178a8                GFS_SetErrFunc
                0x00000000060178d4                GFS_GetErrStat
                0x00000000060178f8                GFS_ConvTno
                0x0000000006017920                gfs_chgRoot
                0x00000000060179ec                gfs_aborttrans
                0x00000000060179f8                gfs_mngSetupFuncTbl
                0x0000000006017a2c                gfs_mngInitWork
                0x0000000006017ad0                gfs_mngGetNumFile
                0x0000000006017b38                GFS_mngAllocGrp
                0x0000000006017b80                gfs_mngFreeGrp
                0x0000000006017b8c                gfs_mngTermAccess
                0x0000000006017c10                gfs_mngSetErrCode
                0x0000000006017c90                gfs_svrSearchHndl
                0x0000000006017cd0                gfs_svrAddHndl
                0x0000000006017d0c                gfs_svrRemoveHndl
                0x0000000006017d68                GFS_OpenSub
                0x0000000006017dc0                gfs_loadVol
                0x0000000006017e84                gfs_getRootDir
                0x0000000006017f80                gfs_loadRootDir
                0x0000000006018008                gfs_flowIn
                0x00000000060180b0                gfs_transData
                0x0000000006018154                GFS_GetFad
                0x00000000060181ac                gfs_SetSct
                0x00000000060181ec                gfs_GetFinfo
                0x000000000601822c                gfs_closeSub
                0x0000000006018268                gfs_getGmode
                0x0000000006018274                gfs_isTaskDone
                0x00000000060182c8                gfs_convFinStat
 *fill*         0x000000000601833c        0x4 
 .text          0x0000000006018340      0x106 /joengine/Compiler/COMMON/SGL_302j/LIB_ELF/LIBCD.A(GFS_BUF.O)
                0x0000000006018370                GFBF_GetTranData
                0x0000000006018398                GFBF_GetNumData
                0x00000000060183c8                GFBF_GetSrcPk
                0x00000000060183f0                GFBF_GetSctData
                0x0000000006018414                GFBF_RtnPk
                0x000000000601843c                gfbf_getSctDt
 *fill*         0x0000000006018446        0xa 
 .text          0x0000000006018450      0x600 /joengine/Compiler/COMMON/SGL_302j/LIB_ELF/LIBCD.A(GFS_CDB.O)
                0x0000000006018450                GFCB_Setup
                0x0000000006018570                GFCB_Close
                0x0000000006018598                GFCB_GetLenData
                0x0000000006018644                GFCB_GetLenRoom
                0x0000000006018650                GFCB_SetFilt
                0x00000000060186b8                GFCB_DeleteAllData
                0x00000000060186e0                GFCB_Tell
                0x00000000060186f0                gfcb_getSctNum
                0x0000000006018740                GFCB_Seek
                0x000000000601883c                GFCB_GetSrcPack
                0x000000000601891c                GFCB_GetSctData
                0x0000000006018954                GFCB_GetDstPack
                0x0000000006018960                GFCB_RtnPk
                0x00000000060189a8                GFCB_MovePickup
                0x00000000060189c4                GFCB_SetCon
                0x00000000060189f8                GFCB_GetPickup
                0x0000000006018a20                GFCB_IsPuOwner
                0x0000000006018a38                GFCB_UngetPickup
 .text          0x0000000006018a50     0x1a10 /joengine/Compiler/COMMON/SGL_302j/LIB_ELF/LIBCD.A(GFS_CDC.O)
                0x0000000006018a50                GFCD_SetCdbfs
                0x0000000006018a7c                GFCD_Init
                0x0000000006018c80                GFCD_AllocFilt
                0x0000000006018cbc                GFCD_FreeFilt
                0x0000000006018cec                GFCD_AllocBuf
                0x0000000006018d20                GFCD_FreeBuf
                0x0000000006018dc4                GFCD_GetBaseFad
                0x0000000006018df8                GFCD_GetPickup
                0x0000000006018e2c                GFCD_UngetPickup
                0x0000000006018e58                GFCD_IsPuOwner
                0x0000000006018e7c                GFCD_SetFilt
                0x0000000006018f40                GFCD_GetFilt
                0x0000000006018f88                GFCD_SetCon
                0x0000000006018fe0                GFCD_Play
                0x0000000006019040                GFCD_GetLenData
                0x00000000060190a8                GFCD_ReqData
                0x0000000006019104                GFCD_EndData
                0x000000000601914c                GFCD_DelSctData
                0x00000000060191a4                GFCD_CheckDelSctData
                0x00000000060191d4                GFCD_GetStat
                0x0000000006019288                GFCD_MovePickup
                0x00000000060192d4                GFCD_MoveSctData
                0x0000000006019348                GFCD_CheckMove
                0x000000000601936c                GFCD_GetSctInfo
                0x00000000060193b4                GFCD_ChgDir
                0x0000000006019428                GFCD_SetFiltCon
                0x0000000006019510                GFCD_GetFileInfo
                0x00000000060195ec                GFCD_GetBufSiz
                0x0000000006019624                GFCD_ExecServer
                0x00000000060196f8                gfcd_isIdleTask
                0x0000000006019784                gfcd_doTask
                0x0000000006019830                GFCD_SetTimer
                0x0000000006019844                GFCD_WaitServer
                0x0000000006019880                gfcd_doSetFiltTsk
                0x0000000006019a44                gfcd_doSetConTsk
                0x0000000006019ad4                gfcd_doGetLenDataTsk
                0x0000000006019c28                gfcd_doReqDataTsk
                0x0000000006019cc8                gfcd_doDelSctDataTsk
                0x0000000006019dfc                gfcd_doMoveSctTsk
                0x0000000006019f60                gfcd_doChgDirTsk
                0x000000000601a15c                gfcd_doSetFiltConTsk
                0x000000000601a2a0                gfcd_checkEflag
                0x000000000601a2c4                gfcd_initCdbMng
                0x000000000601a344                gfcd_setStat
                0x000000000601a370                GFCD_SetCsctFunc
                0x000000000601a38c                GFCD_ChkScdqFlag
                0x000000000601a3b0                GFCD_ClrScdqFlag
                0x000000000601a3cc                GFCD_WaitScdqFlag
                0x000000000601a410                GFCD_WaitPause
 .text          0x000000000601a460      0x8d8 /joengine/Compiler/COMMON/SGL_302j/LIB_ELF/LIBCD.A(GFS_CDF.O)
                0x000000000601a460                GFCF_Init
                0x000000000601a500                GFCF_Setup
                0x000000000601a648                GFCF_SetSct
                0x000000000601a68c                GFCF_GetFileInfo
                0x000000000601a700                GFCF_FlowInBuf
                0x000000000601a854                GFCF_StopInBuf
                0x000000000601a8f4                GFCF_Recover
                0x000000000601a93c                GFCF_Tell
                0x000000000601a954                GFCF_Seek
                0x000000000601a96c                GFCF_MovePickup
                0x000000000601aa08                GFCF_cnvIntlvOfs
                0x000000000601aa5c                GFCF_GetStat
                0x000000000601aaf4                gfcf_getSctSize
                0x000000000601ab30                gfcf_isCdOk
                0x000000000601abf0                gfcf_getPlayRange
 *fill*         0x000000000601ad38        0x8 
 .text          0x000000000601ad40      0x92c /joengine/Compiler/COMMON/SGL_302j/LIB_ELF/LIBCD.A(GFS_DIR.O)
                0x000000000601ad40                GFDR_SetupDirTbl
                0x000000000601adb4                GFDR_NameToId
                0x000000000601ae14                GFDR_GetInfoDirId
                0x000000000601ae28                GFDR_GetInfoDirName
                0x000000000601ae3c                GFDR_GetAtrDirId
                0x000000000601ae54                GFDR_GetAtrDirName
                0x000000000601ae6c                GFDR_ChgRoot
                0x000000000601ae84                GFDR_ChgDir
                0x000000000601aef8                gfdr_setupDirIdTbl
                0x000000000601af7c                gfdr_setupDirNameTbl
                0x000000000601b028                gfdr_open
                0x000000000601b050                gfdr_read
                0x000000000601b110                gfdr_readByte
                0x000000000601b13c                gfdr_readWord
                0x000000000601b168                gfdr_readWordNB
                0x000000000601b1bc                gfdr_readLongNB
                0x000000000601b208                gfdr_readLongNM
                0x000000000601b230                gfdr_setNextRec
                0x000000000601b2b4                gfdr_readDirEnt
                0x000000000601b630                gfdr_setDirrecCd
 *fill*         0x000000000601b66c        0x4 
 .text          0x000000000601b670      0x9c6 /joengine/Compiler/COMMON/SGL_302j/LIB_ELF/LIBCD.A(GFS_TRN.O)
                0x000000000601b6a0                GFTR_Setup
                0x000000000601b6e4                GFTR_SetMode
                0x000000000601b6f8                GFTR_SetUnit
                0x000000000601b704                GFTR_SetTransPara
                0x000000000601b738                GFTR_GetTransPara
                0x000000000601b744                GFTR_GetNumTrans
                0x000000000601b750                GFTR_SetTransMax
                0x000000000601b75c                GFTR_Start
                0x000000000601b768                GFTR_Pause
                0x000000000601b774                GFTR_Stop
                0x000000000601b82c                GFTR_Exec
                0x000000000601b8b0                GFTR_Idle
                0x000000000601b928                GFTR_ExecSvr
                0x000000000601ba30                gftr_getSrcPack
                0x000000000601bab8                gftr_getDstPack
                0x000000000601bb14                gftr_reqScu
                0x000000000601bb20                gftr_execScu
                0x000000000601bbbc                gftr_remScu
                0x000000000601bbf0                gfdma_canUse
                0x000000000601bbfc                gfdma_exec
                0x000000000601bc6c                gfdma_getBytecnt
                0x000000000601bca4                gftr_reqDma0
                0x000000000601bcbc                gftr_execSdma0
                0x000000000601bce0                gftr_remDma0
                0x000000000601bcf8                gftr_reqDma1
                0x000000000601bd10                gftr_execSdma1
                0x000000000601bd34                gftr_remDma1
                0x000000000601bd4c                gftr_reqCpu
                0x000000000601bd58                gftr_execCpu
                0x000000000601bd98                gftr_remCpu
                0x000000000601bda4                gftr_reqTrn
                0x000000000601be14                gftr_execTrn
                0x000000000601beec                gftr_remTrn
                0x000000000601bf60                gftr_copyFrac
                0x000000000601bf88                GFTR_GetLenData
                0x000000000601bf94                GFTR_GetLenRoom
                0x000000000601bfac                GFTR_GetDstPack
                0x000000000601bfe0                GFTR_RtnDstPk
                0x000000000601bffc                GFTR_GetData
                0x000000000601c010                GFTR_SetData
                0x000000000601c024                GFTR_SetTransFunc
 *fill*         0x000000000601c036        0xa 
 .text          0x000000000601c040       0xa8 /joengine/Compiler/COMMON/SGL_302j/LIB_ELF/LIBCD.A(CDC_DEV.O)
                0x000000000601c040                CDC_CdSetCon
                0x000000000601c070                CDC_CdGetCon
                0x000000000601c0ac                CDC_CdGetLastBuf
 *fill*         0x000000000601c0e8        0x8 
 .text          0x000000000601c0f0      0x2b8 /joengine/Compiler/COMMON/SGL_302j/LIB_ELF/LIBCD.A(CDC_SEL.O)
                0x000000000601c0f0                CDC_SetFiltRange
                0x000000000601c124                CDC_GetFiltRange
                0x000000000601c17c                CDC_SetFiltSubh
                0x000000000601c1ec                CDC_GetFiltSubh
                0x000000000601c268                CDC_SetFiltMode
                0x000000000601c29c                CDC_GetFiltMode
                0x000000000601c2e0                CDC_SetFiltCon
                0x000000000601c320                CDC_GetFiltCon
                0x000000000601c374                CDC_ResetSelector
 *fill*         0x000000000601c3a8        0x8 
 .text          0x000000000601c3b0      0x270 /joengine/Compiler/COMMON/SGL_302j/LIB_ELF/LIBCD.A(CDC_BIF.O)
                0x000000000601c3b0                CDC_GetBufSiz
                0x000000000601c40c                CDC_GetSctNum
                0x000000000601c450                CDC_CalActSiz
                0x000000000601c48c                CDC_GetActSiz
                0x000000000601c50c                CDC_GetSctInfo
                0x000000000601c58c                CDC_ExeFadSearch
                0x000000000601c5c4                CDC_GetFadSearch
 .text          0x000000000601c620      0x1e4 /joengine/Compiler/COMMON/SGL_302j/LIB_ELF/LIBCD.A(CDC_BIO.O)
                0x000000000601c620                CDC_SetSctLen
                0x000000000601c654                CDC_GetSctData
                0x000000000601c690                CDC_DelSctData
                0x000000000601c6cc                CDC_GetdelSctData
                0x000000000601c708                CDC_PutSctData
                0x000000000601c740                CDC_CopySctData
                0x000000000601c784                CDC_MoveSctData
                0x000000000601c7c8                CDC_GetCopyErr
 *fill*         0x000000000601c804        0xc 
 .text          0x000000000601c810        0x0 /joengine/Compiler/COMMON/SGL_302j/LIB_ELF/LIBSGL.A(sglA01.o)
 .text          0x000000000601c810        0x0 /joengine/Compiler/COMMON/SGL_302j/LIB_ELF/LIBSGL.A(sglA15.o)
 .text          0x000000000601c810        0x0 /joengine/Compiler/COMMON/SGL_302j/LIB_ELF/LIBSGL.A(sglA16.o)
 .text          0x000000000601c810        0x0 /joengine/Compiler/COMMON/SGL_302j/LIB_ELF/LIBSGL.A(sglA17.o)
 .text          0x000000000601c810        0x0 /joengine/Compiler/COMMON/SGL_302j/LIB_ELF/LIBSGL.A(sglA18.o)
 .text          0x000000000601c810        0x0 /joengine/Compiler/COMMON/SGL_302j/LIB_ELF/LIBSGL.A(sglA19.o)
 .text          0x000000000601c810        0x0 /joengine/Compiler/COMMON/SGL_302j/LIB_ELF/LIBSGL.A(sglA20.o)
 .text          0x000000000601c810        0x0 /joengine/Compiler/COMMON/SGL_302j/LIB_ELF/LIBSGL.A(sglA21.o)
 .text          0x000000000601c810        0x0 /joengine/Compiler/COMMON/SGL_302j/LIB_ELF/LIBSGL.A(sglA27.o)
 .text          0x000000000601c810        0x0 /joengine/Compiler/COMMON/SGL_302j/LIB_ELF/LIBSGL.A(sglA28.o)
 .text          0x000000000601c810        0x0 /joengine/Compiler/COMMON/SGL_302j/LIB_ELF/LIBSGL.A(sglA40.o)
 .text          0x000000000601c810        0x0 /joengine/Compiler/COMMON/SGL_302j/LIB_ELF/LIBSGL.A(sglB001.o)
 .text          0x000000000601c810        0x0 /joengine/Compiler/COMMON/SGL_302j/LIB_ELF/LIBSGL.A(sglB011.o)
 .text          0x000000000601c810        0x0 /joengine/Compiler/COMMON/SGL_302j/LIB_ELF/LIBSGL.A(sglB014.o)
 .text          0x000000000601c810        0x0 /joengine/Compiler/COMMON/SGL_302j/LIB_ELF/LIBSGL.A(sglB015.o)
 .text          0x000000000601c810        0x0 /joengine/Compiler/COMMON/SGL_302j/LIB_ELF/LIBSGL.A(sglB016.o)
 .text          0x000000000601c810        0x0 /joengine/Compiler/COMMON/SGL_302j/LIB_ELF/LIBSGL.A(sglB020.o)
 .text          0x000000000601c810        0x0 /joengine/Compiler/COMMON/SGL_302j/LIB_ELF/LIBSGL.A(sglB021.o)
 .text          0x000000000601c810        0x0 /joengine/Compiler/COMMON/SGL_302j/LIB_ELF/LIBSGL.A(sglB023.o)
 .text          0x000000000601c810        0x0 /joengine/Compiler/COMMON/SGL_302j/LIB_ELF/LIBSGL.A(sglB031.o)
 .text          0x000000000601c810        0x0 /joengine/Compiler/COMMON/SGL_302j/LIB_ELF/LIBSGL.A(sglB032.o)
 .text          0x000000000601c810        0x0 /joengine/Compiler/COMMON/SGL_302j/LIB_ELF/LIBSGL.A(sglB033.o)
 .text          0x000000000601c810        0x0 /joengine/Compiler/COMMON/SGL_302j/LIB_ELF/LIBSGL.A(sglB034.o)
 .text          0x000000000601c810        0x0 /joengine/Compiler/COMMON/SGL_302j/LIB_ELF/LIBSGL.A(sglB035.o)
 .text          0x000000000601c810        0x0 /joengine/Compiler/COMMON/SGL_302j/LIB_ELF/LIBSGL.A(sglB036.o)
 .text          0x000000000601c810        0x0 /joengine/Compiler/COMMON/SGL_302j/LIB_ELF/LIBSGL.A(sglB038.o)
 .text          0x000000000601c810        0x0 /joengine/Compiler/COMMON/SGL_302j/LIB_ELF/LIBSGL.A(sglB039.o)
 .text          0x000000000601c810        0x0 /joengine/Compiler/COMMON/SGL_302j/LIB_ELF/LIBSGL.A(sglB040.o)
 .text          0x000000000601c810        0x0 /joengine/Compiler/COMMON/SGL_302j/LIB_ELF/LIBSGL.A(sglB041.o)
 .text          0x000000000601c810        0x0 /joengine/Compiler/COMMON/SGL_302j/LIB_ELF/LIBSGL.A(sglB042.o)
 .text          0x000000000601c810        0x0 /joengine/Compiler/COMMON/SGL_302j/LIB_ELF/LIBSGL.A(sglB043.o)
 .text          0x000000000601c810        0x0 /joengine/Compiler/COMMON/SGL_302j/LIB_ELF/LIBSGL.A(sglB044.o)
 .text          0x000000000601c810        0x0 /joengine/Compiler/COMMON/SGL_302j/LIB_ELF/LIBSGL.A(sglB045.o)
 .text          0x000000000601c810        0x0 /joengine/Compiler/COMMON/SGL_302j/LIB_ELF/LIBSGL.A(sglB047.o)
 .text          0x000000000601c810        0x0 /joengine/Compiler/COMMON/SGL_302j/LIB_ELF/LIBSGL.A(sglB048.o)
 .text          0x000000000601c810        0x0 /joengine/Compiler/COMMON/SGL_302j/LIB_ELF/LIBSGL.A(sglB055.o)
 .text          0x000000000601c810        0x0 /joengine/Compiler/COMMON/SGL_302j/LIB_ELF/LIBSGL.A(sglB056.o)
 .text          0x000000000601c810        0x0 /joengine/Compiler/COMMON/SGL_302j/LIB_ELF/LIBSGL.A(sglB057.o)
 .text          0x000000000601c810        0x0 /joengine/Compiler/COMMON/SGL_302j/LIB_ELF/LIBSGL.A(sglB058.o)
 .text          0x000000000601c810        0x0 /joengine/Compiler/COMMON/SGL_302j/LIB_ELF/LIBSGL.A(sglB059.o)
 .text          0x000000000601c810        0x0 /joengine/Compiler/COMMON/SGL_302j/LIB_ELF/LIBSGL.A(sglB060.o)
 .text          0x000000000601c810        0x0 /joengine/Compiler/COMMON/SGL_302j/LIB_ELF/LIBSGL.A(sglB063.o)
 .text          0x000000000601c810        0x0 /joengine/Compiler/COMMON/SGL_302j/LIB_ELF/LIBSGL.A(sglB087.o)
 .text          0x000000000601c810        0x0 /joengine/Compiler/COMMON/SGL_302j/LIB_ELF/LIBSGL.A(sglB088.o)
 .text          0x000000000601c810        0x0 /joengine/Compiler/COMMON/SGL_302j/LIB_ELF/LIBSGL.A(sglB090.o)
 .text          0x000000000601c810        0x0 /joengine/Compiler/COMMON/SGL_302j/LIB_ELF/LIBSGL.A(sglB200.o)
 .text          0x000000000601c810        0x0 /joengine/Compiler/COMMON/SGL_302j/LIB_ELF/LIBSGL.A(sglC01.o)
 .text          0x000000000601c810        0x0 /joengine/Compiler/COMMON/SGL_302j/LIB_ELF/LIBSGL.A(sglC03.o)
 .text          0x000000000601c810        0x0 /joengine/Compiler/COMMON/SGL_302j/LIB_ELF/LIBSGL.A(sglC04.o)
 .text          0x000000000601c810        0x0 /joengine/Compiler/COMMON/SGL_302j/LIB_ELF/LIBSGL.A(sglC05.o)
 .text          0x000000000601c810        0x0 /joengine/Compiler/COMMON/SGL_302j/LIB_ELF/LIBSGL.A(sglC06.o)
 .text          0x000000000601c810        0x0 /joengine/Compiler/COMMON/SGL_302j/LIB_ELF/LIBSGL.A(sglC07.o)
 .text          0x000000000601c810        0x0 /joengine/Compiler/COMMON/SGL_302j/LIB_ELF/LIBSGL.A(sglC08.o)
 .text          0x000000000601c810        0x0 /joengine/Compiler/COMMON/SGL_302j/LIB_ELF/LIBSGL.A(sglC14.o)
 .text          0x000000000601c810        0x0 /joengine/Compiler/COMMON/SGL_302j/LIB_ELF/LIBSGL.A(sglC16.o)
 .text          0x000000000601c810        0x0 /joengine/Compiler/COMMON/SGL_302j/LIB_ELF/LIBSGL.A(sglC17.o)
 .text          0x000000000601c810        0x0 /joengine/Compiler/COMMON/SGL_302j/LIB_ELF/LIBSGL.A(sglC19.o)
 .text          0x000000000601c810        0x0 /joengine/Compiler/COMMON/SGL_302j/LIB_ELF/LIBSGL.A(sglC20.o)
 .text          0x000000000601c810        0x0 /joengine/Compiler/COMMON/SGL_302j/LIB_ELF/LIBSGL.A(sglC21.o)
 .text          0x000000000601c810        0x0 /joengine/Compiler/COMMON/SGL_302j/LIB_ELF/LIBSGL.A(sglD00.o)
 .text          0x000000000601c810        0x0 /joengine/Compiler/COMMON/SGL_302j/LIB_ELF/LIBSGL.A(sglD01.o)
 .text          0x000000000601c810        0x0 /joengine/Compiler/COMMON/SGL_302j/LIB_ELF/LIBSGL.A(sglD02.o)
 .text          0x000000000601c810        0x0 /joengine/Compiler/COMMON/SGL_302j/LIB_ELF/LIBSGL.A(sglD03.o)
 .text          0x000000000601c810        0x0 /joengine/Compiler/COMMON/SGL_302j/LIB_ELF/LIBSGL.A(sglD15.o)
 .text          0x000000000601c810        0x0 /joengine/Compiler/COMMON/SGL_302j/LIB_ELF/LIBSGL.A(sglD16.o)
 .text          0x000000000601c810        0x0 /joengine/Compiler/COMMON/SGL_302j/LIB_ELF/LIBSGL.A(sglD17.o)
 .text          0x000000000601c810        0x0 /joengine/Compiler/COMMON/SGL_302j/LIB_ELF/LIBSGL.A(sglD18.o)
 .text          0x000000000601c810        0x0 /joengine/Compiler/COMMON/SGL_302j/LIB_ELF/LIBSGL.A(sglF08.o)
 .text          0x000000000601c810        0x0 /joengine/Compiler/COMMON/SGL_302j/LIB_ELF/LIBSGL.A(sglH00.o)
 .text          0x000000000601c810        0x0 /joengine/Compiler/COMMON/SGL_302j/LIB_ELF/LIBSGL.A(sglH01.o)
 .text          0x000000000601c810        0x0 /joengine/Compiler/COMMON/SGL_302j/LIB_ELF/LIBSGL.A(sglH02.o)
 .text          0x000000000601c810        0x0 /joengine/Compiler/COMMON/SGL_302j/LIB_ELF/LIBSGL.A(sglH04.o)
 .text          0x000000000601c810        0x0 /joengine/Compiler/COMMON/SGL_302j/LIB_ELF/LIBSGL.A(sglI01.o)
 .text          0x000000000601c810        0x0 /joengine/Compiler/COMMON/SGL_302j/LIB_ELF/LIBSGL.A(sglI04.o)
 .text          0x000000000601c810      0x128 /joengine/Compiler/COMMON/SGL_302j/LIB_ELF/LIBSGL.A(sglIc0.o)
                0x000000000601c810                slInitSystem
 *fill*         0x000000000601c938        0x8 
 .text          0x000000000601c940        0x0 /joengine/Compiler/COMMON/SGL_302j/LIB_ELF/LIBSGL.A(sglJ00.o)
 .text          0x000000000601c940        0x0 /joengine/Compiler/COMMON/SGL_302j/LIB_ELF/LIBSGL.A(sglJ01.o)
 .text          0x000000000601c940        0x0 /joengine/Compiler/COMMON/SGL_302j/LIB_ELF/LIBSGL.A(sglJ02.o)
 .text          0x000000000601c940        0x0 /joengine/Compiler/COMMON/SGL_302j/LIB_ELF/LIBSGL.A(sglJ03.o)
 .text          0x000000000601c940        0x0 /joengine/Compiler/COMMON/SGL_302j/LIB_ELF/LIBSGL.A(sglJ04.o)
 .text          0x000000000601c940        0x0 /joengine/Compiler/COMMON/SGL_302j/LIB_ELF/LIBSGL.A(sglJ05.o)
 .text          0x000000000601c940        0x0 /joengine/Compiler/COMMON/SGL_302j/LIB_ELF/LIBSGL.A(sglK01.o)
 .text          0x000000000601c940        0x0 /joengine/Compiler/COMMON/SGL_302j/LIB_ELF/LIBSGL.A(sglM00.o)
 .text          0x000000000601c940        0x0 /joengine/Compiler/COMMON/SGL_302j/LIB_ELF/LIBSGL.A(sglM01.o)
 .text          0x000000000601c940        0x0 /joengine/Compiler/COMMON/SGL_302j/LIB_ELF/LIBSGL.A(sglA00.o)
 .text          0x000000000601c940        0x0 /joengine/Compiler/COMMON/SGL_302j/LIB_ELF/LIBSGL.A(sglA03.o)
 .text          0x000000000601c940        0x0 /joengine/Compiler/COMMON/SGL_302j/LIB_ELF/LIBSGL.A(sglA10.o)
 .text          0x000000000601c940        0x0 /joengine/Compiler/COMMON/SGL_302j/LIB_ELF/LIBSGL.A(sglA24.o)
 .text          0x000000000601c940        0x0 /joengine/Compiler/COMMON/SGL_302j/LIB_ELF/LIBSGL.A(sglA25.o)
 .text          0x000000000601c940        0x0 /joengine/Compiler/COMMON/SGL_302j/LIB_ELF/LIBSGL.A(sglB000.o)
 .text          0x000000000601c940        0x0 /joengine/Compiler/COMMON/SGL_302j/LIB_ELF/LIBSGL.A(sglC00.o)
 .text          0x000000000601c940        0x0 /joengine/Compiler/COMMON/SGL_302j/LIB_ELF/LIBSGL.A(sglC13.o)
 .text          0x000000000601c940        0x0 /joengine/Compiler/COMMON/SGL_302j/LIB_ELF/LIBSGL.A(sglD19.o)
 .text          0x000000000601c940        0x0 /joengine/Compiler/COMMON/SGL_302j/LIB_ELF/LIBSGL.A(sglI00.o)
 .text          0x000000000601c940        0x0 /joengine/Compiler/COMMON/SGL_302j/LIB_ELF/LIBSGL.A(sglH03.o)
 .text          0x000000000601c940       0x52 /joengine/Compiler/LINUX/bin/../lib/gcc/sh-none-elf/8.2.0/libgcc.a(_ashiftrt.o)
                0x000000000601c940                __ashiftrt_r4_31
                0x000000000601c940                __ashiftrt_r4_32
                0x000000000601c946                __ashiftrt_r4_30
                0x000000000601c948                __ashiftrt_r4_29
                0x000000000601c94a                __ashiftrt_r4_28
                0x000000000601c94c                __ashiftrt_r4_27
                0x000000000601c94e                __ashiftrt_r4_26
                0x000000000601c950                __ashiftrt_r4_25
                0x000000000601c952                __ashiftrt_r4_24
                0x000000000601c95a                __ashiftrt_r4_23
                0x000000000601c95c                __ashiftrt_r4_22
                0x000000000601c95e                __ashiftrt_r4_21
                0x000000000601c960                __ashiftrt_r4_20
                0x000000000601c962                __ashiftrt_r4_19
                0x000000000601c964                __ashiftrt_r4_18
                0x000000000601c966                __ashiftrt_r4_17
                0x000000000601c968                __ashiftrt_r4_16
                0x000000000601c96e                __ashiftrt_r4_15
                0x000000000601c970                __ashiftrt_r4_14
                0x000000000601c972                __ashiftrt_r4_13
                0x000000000601c974                __ashiftrt_r4_12
                0x000000000601c976                __ashiftrt_r4_11
                0x000000000601c978                __ashiftrt_r4_10
                0x000000000601c97a                __ashiftrt_r4_9
                0x000000000601c97c                __ashiftrt_r4_8
                0x000000000601c97e                __ashiftrt_r4_7
                0x000000000601c980                __ashiftrt_r4_6
                0x000000000601c982                __ashiftrt_r4_5
                0x000000000601c984                __ashiftrt_r4_4
                0x000000000601c986                __ashiftrt_r4_3
                0x000000000601c988                __ashiftrt_r4_2
                0x000000000601c98a                __ashiftrt_r4_1
                0x000000000601c98e                __ashiftrt_r4_0
 *fill*         0x000000000601c992        0x2 
 .text          0x000000000601c994       0xa0 /joengine/Compiler/LINUX/bin/../lib/gcc/sh-none-elf/8.2.0/libgcc.a(_sdivsi3.o)
                0x000000000601c994                __sdivsi3
 .text          0x000000000601ca34       0x6c /joengine/Compiler/LINUX/bin/../lib/gcc/sh-none-elf/8.2.0/libgcc.a(_udivsi3.o)
                0x000000000601ca56                __udivsi3
 .text          0x000000000601caa0       0x78 /joengine/Compiler/LINUX/bin/../lib/gcc/sh-none-elf/8.2.0/libgcc.a(_movmem.o)
                0x000000000601caa0                __movstr
                0x000000000601caa0                __movmem
                0x000000000601cad4                __movmemSI64
                0x000000000601cad4                __movstrSI64
                0x000000000601cad8                __movstrSI60
                0x000000000601cad8                __movmemSI60
                0x000000000601cadc                __movmemSI56
                0x000000000601cadc                __movstrSI56
                0x000000000601cae0                __movstrSI52
                0x000000000601cae0                __movmemSI52
                0x000000000601cae4                __movstrSI48
                0x000000000601cae4                __movmemSI48
                0x000000000601cae8                __movstrSI44
                0x000000000601cae8                __movmemSI44
                0x000000000601caec                __movstrSI40
                0x000000000601caec                __movmemSI40
                0x000000000601caf0                __movstrSI36
                0x000000000601caf0                __movmemSI36
                0x000000000601caf4                __movmemSI32
                0x000000000601caf4                __movstrSI32
                0x000000000601caf8                __movmemSI28
                0x000000000601caf8                __movstrSI28
                0x000000000601cafc                __movstrSI24
                0x000000000601cafc                __movmemSI24
                0x000000000601cb00                __movmemSI20
                0x000000000601cb00                __movstrSI20
                0x000000000601cb04                __movstrSI16
                0x000000000601cb04                __movmemSI16
                0x000000000601cb08                __movmemSI12
                0x000000000601cb08                __movstrSI12
                0x000000000601cb0c                __movmemSI8
                0x000000000601cb0c                __movstrSI8
                0x000000000601cb10                __movmemSI4
                0x000000000601cb10                __movstrSI4
 .text          0x000000000601cb18      0x210 /joengine/Compiler/LINUX/bin/../lib/gcc/sh-none-elf/8.2.0/libgcc.a(_addsub_sf.o)
                0x000000000601cc8c                __addsf3
                0x000000000601ccd8                __subsf3
 .text          0x000000000601cd28      0x134 /joengine/Compiler/LINUX/bin/../lib/gcc/sh-none-elf/8.2.0/libgcc.a(_mul_sf.o)
                0x000000000601cd28                __mulsf3
 .text          0x000000000601ce5c       0xdc /joengine/Compiler/LINUX/bin/../lib/gcc/sh-none-elf/8.2.0/libgcc.a(_div_sf.o)
                0x000000000601ce5c                __divsf3
 .text          0x000000000601cf38       0x54 /joengine/Compiler/LINUX/bin/../lib/gcc/sh-none-elf/8.2.0/libgcc.a(_eq_sf.o)
                0x000000000601cf38                __eqsf2
 .text          0x000000000601cf8c       0x54 /joengine/Compiler/LINUX/bin/../lib/gcc/sh-none-elf/8.2.0/libgcc.a(_ne_sf.o)
                0x000000000601cf8c                __nesf2
 .text          0x000000000601cfe0       0x4c /joengine/Compiler/LINUX/bin/../lib/gcc/sh-none-elf/8.2.0/libgcc.a(_gt_sf.o)
                0x000000000601cfe0                __gtsf2
 .text          0x000000000601d02c       0x4c /joengine/Compiler/LINUX/bin/../lib/gcc/sh-none-elf/8.2.0/libgcc.a(_ge_sf.o)
                0x000000000601d02c                __gesf2
 .text          0x000000000601d078       0x54 /joengine/Compiler/LINUX/bin/../lib/gcc/sh-none-elf/8.2.0/libgcc.a(_lt_sf.o)
                0x000000000601d078                __ltsf2
 .text          0x000000000601d0cc       0x54 /joengine/Compiler/LINUX/bin/../lib/gcc/sh-none-elf/8.2.0/libgcc.a(_le_sf.o)
                0x000000000601d0cc                __lesf2
 .text          0x000000000601d120       0x84 /joengine/Compiler/LINUX/bin/../lib/gcc/sh-none-elf/8.2.0/libgcc.a(_si_to_sf.o)
                0x000000000601d120                __floatsisf
 .text          0x000000000601d1a4       0x7c /joengine/Compiler/LINUX/bin/../lib/gcc/sh-none-elf/8.2.0/libgcc.a(_sf_to_si.o)
                0x000000000601d1a4                __fixsfsi
 .text          0x000000000601d220       0x3c /joengine/Compiler/LINUX/bin/../lib/gcc/sh-none-elf/8.2.0/libgcc.a(_sf_to_df.o)
                0x000000000601d220                __extendsfdf2
 .text          0x000000000601d25c        0x0 /joengine/Compiler/LINUX/bin/../lib/gcc/sh-none-elf/8.2.0/libgcc.a(_thenan_sf.o)
 .text          0x000000000601d25c       0x94 /joengine/Compiler/LINUX/bin/../lib/gcc/sh-none-elf/8.2.0/libgcc.a(_usi_to_sf.o)
                0x000000000601d25c                __floatunsisf
 .text          0x000000000601d2f0       0x28 /joengine/Compiler/LINUX/bin/../lib/gcc/sh-none-elf/8.2.0/libgcc.a(_make_df.o)
                0x000000000601d2f0                __make_dp
 .text          0x000000000601d318       0x4c /joengine/Compiler/LINUX/bin/../lib/gcc/sh-none-elf/8.2.0/libgcc.a(_df_to_sf.o)
                0x000000000601d318                __truncdfsf2
 .text          0x000000000601d364      0x114 /joengine/Compiler/LINUX/bin/../lib/gcc/sh-none-elf/8.2.0/libgcc.a(_pack_sf.o)
                0x000000000601d364                __pack_f
 .text          0x000000000601d478       0xa0 /joengine/Compiler/LINUX/bin/../lib/gcc/sh-none-elf/8.2.0/libgcc.a(_unpack_sf.o)
                0x000000000601d478                __unpack_f
 .text          0x000000000601d518       0xa8 /joengine/Compiler/LINUX/bin/../lib/gcc/sh-none-elf/8.2.0/libgcc.a(_fpcmp_parts_sf.o)
                0x000000000601d518                __fpcmp_parts_f
 .text          0x000000000601d5c0       0x20 /joengine/Compiler/LINUX/bin/../lib/gcc/sh-none-elf/8.2.0/libgcc.a(_make_sf.o)
                0x000000000601d5c0                __make_fp
 .text          0x000000000601d5e0        0x0 /joengine/Compiler/LINUX/bin/../lib/gcc/sh-none-elf/8.2.0/../../../../sh-none-elf/lib/libc.a(lib_a-impure.o)
 .text          0x000000000601d5e0       0x1e /joengine/Compiler/LINUX/bin/../lib/gcc/sh-none-elf/8.2.0/../../../../sh-none-elf/lib/libc.a(lib_a-memcmp.o)
                0x000000000601d5e0                memcmp
 *fill*         0x000000000601d5fe        0x2 
 .text          0x000000000601d600       0x94 /joengine/Compiler/LINUX/bin/../lib/gcc/sh-none-elf/8.2.0/../../../../sh-none-elf/lib/libc.a(lib_a-memcpy.o)
                0x000000000601d600                memcpy
 .text          0x000000000601d694       0x40 /joengine/Compiler/LINUX/bin/../lib/gcc/sh-none-elf/8.2.0/../../../../sh-none-elf/lib/libc.a(lib_a-memset.o)
                0x000000000601d694                memset
 .text          0x000000000601d6d4       0x58 /joengine/Compiler/LINUX/bin/../lib/gcc/sh-none-elf/8.2.0/../../../../sh-none-elf/lib/libc.a(lib_a-rand.o)
                0x000000000601d6d4                srand
                0x000000000601d6e8                rand
 .text          0x000000000601d72c       0x60 /joengine/Compiler/LINUX/bin/../lib/gcc/sh-none-elf/8.2.0/../../../../sh-none-elf/lib/libc.a(lib_a-rget.o)
                0x000000000601d72c                __srget_r
                0x000000000601d778                __srget
 .text          0x000000000601d78c       0x8c /joengine/Compiler/LINUX/bin/../lib/gcc/sh-none-elf/8.2.0/../../../../sh-none-elf/lib/libc.a(lib_a-sprintf.o)
                0x000000000601d78c                _sprintf_r
                0x000000000601d7cc                sprintf
 .text          0x000000000601d818       0x22 /joengine/Compiler/LINUX/bin/../lib/gcc/sh-none-elf/8.2.0/../../../../sh-none-elf/lib/libc.a(lib_a-strcat.o)
                0x000000000601d818                strcat
 *fill*         0x000000000601d83a        0x2 
 .text          0x000000000601d83c       0x38 /joengine/Compiler/LINUX/bin/../lib/gcc/sh-none-elf/8.2.0/../../../../sh-none-elf/lib/libc.a(lib_a-strcmp.o)
                0x000000000601d83c                strcmp
 .text          0x000000000601d874       0x3c /joengine/Compiler/LINUX/bin/../lib/gcc/sh-none-elf/8.2.0/../../../../sh-none-elf/lib/libc.a(lib_a-strcpy.o)
                0x000000000601d874                strcpy
 .text          0x000000000601d8b0       0x20 /joengine/Compiler/LINUX/bin/../lib/gcc/sh-none-elf/8.2.0/../../../../sh-none-elf/lib/libc.a(lib_a-strlen.o)
                0x000000000601d8b0                strlen
 .text          0x000000000601d8d0       0x2a /joengine/Compiler/LINUX/bin/../lib/gcc/sh-none-elf/8.2.0/../../../../sh-none-elf/lib/libc.a(lib_a-strncmp.o)
                0x000000000601d8d0                strncmp
 .text          0x000000000601d8fa       0x32 /joengine/Compiler/LINUX/bin/../lib/gcc/sh-none-elf/8.2.0/../../../../sh-none-elf/lib/libc.a(lib_a-strncpy.o)
                0x000000000601d8fa                strncpy
 .text          0x000000000601d92c       0x36 /joengine/Compiler/LINUX/bin/../lib/gcc/sh-none-elf/8.2.0/../../../../sh-none-elf/lib/libc.a(lib_a-strstr.o)
                0x000000000601d92c                strstr
 *fill*         0x000000000601d962        0x2 
 .text          0x000000000601d964     0x1378 /joengine/Compiler/LINUX/bin/../lib/gcc/sh-none-elf/8.2.0/../../../../sh-none-elf/lib/libc.a(lib_a-svfprintf.o)
                0x000000000601d964                _svfprintf_r
 .text          0x000000000601ecdc       0xdc /joengine/Compiler/LINUX/bin/../lib/gcc/sh-none-elf/8.2.0/../../../../sh-none-elf/lib/libc.a(lib_a-wbuf.o)
                0x000000000601ecdc                __swbuf_r
                0x000000000601eda4                __swbuf
 .text          0x000000000601edb8       0xcc /joengine/Compiler/LINUX/bin/../lib/gcc/sh-none-elf/8.2.0/../../../../sh-none-elf/lib/libc.a(lib_a-wsetup.o)
                0x000000000601edb8                __swsetup_r
 .text          0x000000000601ee84      0xef4 /joengine/Compiler/LINUX/bin/../lib/gcc/sh-none-elf/8.2.0/../../../../sh-none-elf/lib/libc.a(lib_a-dtoa.o)
                0x000000000601efb8                _dtoa_r
 .text          0x000000000601fd78      0x1a8 /joengine/Compiler/LINUX/bin/../lib/gcc/sh-none-elf/8.2.0/../../../../sh-none-elf/lib/libc.a(lib_a-fflush.o)
                0x000000000601fd78                __sflush_r
                0x000000000601feb8                _fflush_r
                0x000000000601fef8                fflush
 .text          0x000000000601ff20      0x218 /joengine/Compiler/LINUX/bin/../lib/gcc/sh-none-elf/8.2.0/../../../../sh-none-elf/lib/libc.a(lib_a-findfp.o)
                0x000000000601ff7c                _cleanup_r
                0x000000000601ff90                __sfmoreglue
                0x000000000601ffdc                _cleanup
                0x000000000601fff0                __sinit
                0x0000000006020044                __sfp
                0x00000000060200f8                __sfp_lock_acquire
                0x00000000060200fc                __sfp_lock_release
                0x0000000006020100                __sinit_lock_acquire
                0x0000000006020104                __sinit_lock_release
                0x0000000006020108                __fp_lock_all
                0x0000000006020120                __fp_unlock_all
 .text          0x0000000006020138       0xb4 /joengine/Compiler/LINUX/bin/../lib/gcc/sh-none-elf/8.2.0/../../../../sh-none-elf/lib/libc.a(lib_a-fwalk.o)
                0x0000000006020138                _fwalk
                0x000000000602018e                _fwalk_reent
 .text          0x00000000060201ec       0x40 /joengine/Compiler/LINUX/bin/../lib/gcc/sh-none-elf/8.2.0/../../../../sh-none-elf/lib/libc.a(lib_a-localeconv.o)
                0x00000000060201ec                __localeconv_l
                0x00000000060201f4                _localeconv_r
                0x0000000006020210                localeconv
 .text          0x000000000602022c       0xa8 /joengine/Compiler/LINUX/bin/../lib/gcc/sh-none-elf/8.2.0/../../../../sh-none-elf/lib/libc.a(lib_a-locale.o)
                0x000000000602022c                _setlocale_r
                0x0000000006020278                __locale_mb_cur_max
                0x0000000006020298                __locale_ctype_ptr_l
                0x00000000060202a2                __locale_ctype_ptr
                0x00000000060202c0                setlocale
 .text          0x00000000060202d4      0x110 /joengine/Compiler/LINUX/bin/../lib/gcc/sh-none-elf/8.2.0/../../../../sh-none-elf/lib/libc.a(lib_a-makebuf.o)
                0x00000000060202d4                __swhatbuf_r
                0x0000000006020338                __smakebuf_r
 .text          0x00000000060203e4       0x4c /joengine/Compiler/LINUX/bin/../lib/gcc/sh-none-elf/8.2.0/../../../../sh-none-elf/lib/libc.a(lib_a-mbtowc_r.o)
                0x00000000060203e4                _mbtowc_r
                0x0000000006020408                __ascii_mbtowc
 .text          0x0000000006020430       0x1c /joengine/Compiler/LINUX/bin/../lib/gcc/sh-none-elf/8.2.0/../../../../sh-none-elf/lib/libc.a(lib_a-memchr.o)
                0x0000000006020430                memchr
 .text          0x000000000602044c      0xa9c /joengine/Compiler/LINUX/bin/../lib/gcc/sh-none-elf/8.2.0/../../../../sh-none-elf/lib/libc.a(lib_a-mprec.o)
                0x000000000602044c                _Balloc
                0x00000000060204c0                _Bfree
                0x00000000060204d8                __multadd
                0x0000000006020580                __s2b
                0x0000000006020640                __hi0bits
                0x0000000006020694                __lo0bits
                0x00000000060206f8                __i2b
                0x0000000006020714                __multiply
                0x0000000006020858                __pow5mult
                0x0000000006020914                __lshift
                0x0000000006020a08                __mcmp
                0x0000000006020a40                __mdiff
                0x0000000006020b1c                __ulp
                0x0000000006020b88                __b2d
                0x0000000006020c70                __d2b
                0x0000000006020d5c                __ratio
                0x0000000006020de0                _mprec_log10
                0x0000000006020e38                __copybits
                0x0000000006020e7c                __any_on
 .text          0x0000000006020ee8      0x14c /joengine/Compiler/LINUX/bin/../lib/gcc/sh-none-elf/8.2.0/../../../../sh-none-elf/lib/libc.a(lib_a-refill.o)
                0x0000000006020f00                __srefill_r
 .text          0x0000000006021034       0xe0 /joengine/Compiler/LINUX/bin/../lib/gcc/sh-none-elf/8.2.0/../../../../sh-none-elf/lib/libc.a(lib_a-stdio.o)
                0x0000000006021034                __sread
                0x0000000006021070                __seofread
                0x0000000006021074                __swrite
                0x00000000060210c4                __sseek
                0x0000000006021104                __sclose
 .text          0x0000000006021114      0xa60 /joengine/Compiler/LINUX/bin/../lib/gcc/sh-none-elf/8.2.0/../../../../sh-none-elf/lib/libc.a(lib_a-svfiprintf.o)
                0x0000000006021114                __ssprint_r
                0x0000000006021248                _svfiprintf_r
 .text          0x0000000006021b74       0x40 /joengine/Compiler/LINUX/bin/../lib/gcc/sh-none-elf/8.2.0/../../../../sh-none-elf/lib/libc.a(lib_a-wctomb_r.o)
                0x0000000006021b74                _wctomb_r
                0x0000000006021b94                __ascii_wctomb
 .text          0x0000000006021bb4       0x34 /joengine/Compiler/LINUX/bin/../lib/gcc/sh-none-elf/8.2.0/../../../../sh-none-elf/lib/libc.a(lib_a-writer.o)
                0x0000000006021bb4                _write_r
 .text          0x0000000006021be8       0x30 /joengine/Compiler/LINUX/bin/../lib/gcc/sh-none-elf/8.2.0/../../../../sh-none-elf/lib/libc.a(lib_a-closer.o)
                0x0000000006021be8                _close_r
 .text          0x0000000006021c18        0x0 /joengine/Compiler/LINUX/bin/../lib/gcc/sh-none-elf/8.2.0/../../../../sh-none-elf/lib/libc.a(lib_a-ctype_.o)
 .text          0x0000000006021c18       0xc8 /joengine/Compiler/LINUX/bin/../lib/gcc/sh-none-elf/8.2.0/../../../../sh-none-elf/lib/libc.a(lib_a-fclose.o)
                0x0000000006021c18                _fclose_r
                0x0000000006021ccc                fclose
 .text          0x0000000006021ce0       0x34 /joengine/Compiler/LINUX/bin/../lib/gcc/sh-none-elf/8.2.0/../../../../sh-none-elf/lib/libc.a(lib_a-fstatr.o)
                0x0000000006021ce0                _fstat_r
 .text          0x0000000006021d14       0x30 /joengine/Compiler/LINUX/bin/../lib/gcc/sh-none-elf/8.2.0/../../../../sh-none-elf/lib/libc.a(lib_a-isattyr.o)
                0x0000000006021d14                _isatty_r
 .text          0x0000000006021d44       0x34 /joengine/Compiler/LINUX/bin/../lib/gcc/sh-none-elf/8.2.0/../../../../sh-none-elf/lib/libc.a(lib_a-lseekr.o)
                0x0000000006021d44                _lseek_r
 .text          0x0000000006021d78       0x3c /joengine/Compiler/LINUX/bin/../lib/gcc/sh-none-elf/8.2.0/../../../../sh-none-elf/lib/libc.a(lib_a-memmove.o)
                0x0000000006021d78                memmove
 .text          0x0000000006021db4       0x34 /joengine/Compiler/LINUX/bin/../lib/gcc/sh-none-elf/8.2.0/../../../../sh-none-elf/lib/libc.a(lib_a-readr.o)
                0x0000000006021db4                _read_r
 .text          0x0000000006021de8      0x100 /joengine/Compiler/LINUX/bin/../lib/gcc/sh-none-elf/8.2.0/../../../../sh-none-elf/lib/libc.a(lib_a-reent.o)
                0x0000000006021de8                cleanup_glue
                0x0000000006021e14                _reclaim_reent
 .text          0x0000000006021ee8       0x80 /joengine/Compiler/LINUX/bin/../lib/gcc/sh-none-elf/8.2.0/libgcc.a(_ashiftrt_n.o)
                0x0000000006021ee8                __ashrsi3
 .text          0x0000000006021f68       0xbc /joengine/Compiler/LINUX/bin/../lib/gcc/sh-none-elf/8.2.0/libgcc.a(_ashiftlt.o)
                0x0000000006021f68                __ashlsi3
                0x0000000006021f6c                __ashlsi3_r0
 .text          0x0000000006022024       0xbc /joengine/Compiler/LINUX/bin/../lib/gcc/sh-none-elf/8.2.0/libgcc.a(_lshiftrt.o)
                0x0000000006022024                __lshrsi3
                0x0000000006022028                __lshrsi3_r0
 .text          0x00000000060220e0      0x258 /joengine/Compiler/LINUX/bin/../lib/gcc/sh-none-elf/8.2.0/libgcc.a(_udivdi3.o)
                0x00000000060220e0                __udivdi3
 .text          0x0000000006022338      0x2bc /joengine/Compiler/LINUX/bin/../lib/gcc/sh-none-elf/8.2.0/libgcc.a(_umoddi3.o)
                0x0000000006022338                __umoddi3
 .text          0x00000000060225f4      0x3b4 /joengine/Compiler/LINUX/bin/../lib/gcc/sh-none-elf/8.2.0/libgcc.a(_addsub_df.o)
                0x0000000006022904                __adddf3
                0x0000000006022954                __subdf3
 .text          0x00000000060229a8      0x208 /joengine/Compiler/LINUX/bin/../lib/gcc/sh-none-elf/8.2.0/libgcc.a(_mul_df.o)
                0x00000000060229a8                __muldf3
 .text          0x0000000006022bb0      0x130 /joengine/Compiler/LINUX/bin/../lib/gcc/sh-none-elf/8.2.0/libgcc.a(_div_df.o)
                0x0000000006022bb0                __divdf3
 .text          0x0000000006022ce0       0x58 /joengine/Compiler/LINUX/bin/../lib/gcc/sh-none-elf/8.2.0/libgcc.a(_eq_df.o)
                0x0000000006022ce0                __eqdf2
 .text          0x0000000006022d38       0x58 /joengine/Compiler/LINUX/bin/../lib/gcc/sh-none-elf/8.2.0/libgcc.a(_ne_df.o)
                0x0000000006022d38                __nedf2
 .text          0x0000000006022d90       0x50 /joengine/Compiler/LINUX/bin/../lib/gcc/sh-none-elf/8.2.0/libgcc.a(_gt_df.o)
                0x0000000006022d90                __gtdf2
 .text          0x0000000006022de0       0x50 /joengine/Compiler/LINUX/bin/../lib/gcc/sh-none-elf/8.2.0/libgcc.a(_ge_df.o)
                0x0000000006022de0                __gedf2
 .text          0x0000000006022e30       0x58 /joengine/Compiler/LINUX/bin/../lib/gcc/sh-none-elf/8.2.0/libgcc.a(_lt_df.o)
                0x0000000006022e30                __ltdf2
 .text          0x0000000006022e88       0x58 /joengine/Compiler/LINUX/bin/../lib/gcc/sh-none-elf/8.2.0/libgcc.a(_le_df.o)
                0x0000000006022e88                __ledf2
 .text          0x0000000006022ee0       0x40 /joengine/Compiler/LINUX/bin/../lib/gcc/sh-none-elf/8.2.0/libgcc.a(_unord_df.o)
                0x0000000006022ee0                __unorddf2
 .text          0x0000000006022f20       0xa8 /joengine/Compiler/LINUX/bin/../lib/gcc/sh-none-elf/8.2.0/libgcc.a(_si_to_df.o)
                0x0000000006022f20                __floatsidf
 .text          0x0000000006022fc8       0xa4 /joengine/Compiler/LINUX/bin/../lib/gcc/sh-none-elf/8.2.0/libgcc.a(_df_to_si.o)
                0x0000000006022fc8                __fixdfsi
 .text          0x000000000602306c        0x0 /joengine/Compiler/LINUX/bin/../lib/gcc/sh-none-elf/8.2.0/libgcc.a(_thenan_df.o)
 .text          0x000000000602306c       0x88 /joengine/Compiler/LINUX/bin/../lib/gcc/sh-none-elf/8.2.0/libgcc.a(_usi_to_df.o)
                0x000000000602306c                __floatunsidf
 *fill*         0x00000000060230f4        0x4 
 .text          0x00000000060230f8       0x60 /joengine/Compiler/LINUX/bin/../lib/gcc/sh-none-elf/8.2.0/libgcc.a(_udiv_qrnnd_16.o)
                0x00000000060230f8                __udiv_qrnnd_16
 .text          0x0000000006023158        0x0 /joengine/Compiler/LINUX/bin/../lib/gcc/sh-none-elf/8.2.0/libgcc.a(_clz.o)
 .text          0x0000000006023158       0x58 /joengine/Compiler/LINUX/bin/../lib/gcc/sh-none-elf/8.2.0/libgcc.a(_clzsi2.o)
                0x0000000006023158                __clzsi2
 .text          0x00000000060231b0      0x25c /joengine/Compiler/LINUX/bin/../lib/gcc/sh-none-elf/8.2.0/libgcc.a(_pack_df.o)
                0x00000000060231b0                __pack_d
 .text          0x000000000602340c       0xcc /joengine/Compiler/LINUX/bin/../lib/gcc/sh-none-elf/8.2.0/libgcc.a(_unpack_df.o)
                0x000000000602340c                __unpack_d
 .text          0x00000000060234d8       0xc8 /joengine/Compiler/LINUX/bin/../lib/gcc/sh-none-elf/8.2.0/libgcc.a(_fpcmp_parts_df.o)
                0x00000000060234d8                __fpcmp_parts_d
 *(.strings)
 *(SEGA_P)
 *(.eh_frame_hdr)
 *(.eh_frame)
 .eh_frame      0x00000000060235a0       0xa8 /joengine/Compiler/LINUX/bin/../lib/gcc/sh-none-elf/8.2.0/libgcc.a(_udivdi3.o)
 .eh_frame      0x0000000006023648       0xdc /joengine/Compiler/LINUX/bin/../lib/gcc/sh-none-elf/8.2.0/libgcc.a(_umoddi3.o)
                0x0000000006023724                __etext = .

.text.startup   0x0000000006023730      0xb80
 .text.startup  0x0000000006023730      0xb7c /tmp/ccEKHRT6.ltrans0.ltrans.o
                0x0000000006023730                main

SLPROG          0x00000000060242c0    0x158a0
                0x00000000060242c0                __slprog_start = .
 *(SLPROG)
 SLPROG         0x00000000060242c0     0x6540 /joengine/Compiler/COMMON/SGL_302j/LIB_ELF/SGLAREA.O
                0x00000000060242c0                MasterStack
                0x00000000060242c4                SlaveStack
                0x00000000060242c8                MaxVertices
                0x00000000060242ca                MaxPolygons
                0x00000000060242cc                SortList
                0x00000000060242d0                SortListSize
                0x00000000060242d4                TransList
                0x00000000060242d8                Zbuffer
                0x00000000060242dc                SpriteBuf
                0x00000000060242e0                SpriteBufSize
                0x00000000060242e4                Pbuffer
                0x00000000060242e8                CommandBuf
                0x00000000060242ec                CLOfstBuf
                0x00000000060242f0                PCM_Work
                0x00000000060242f4                PCM_WkSize
                0x00000000060242f8                MaxEvents
                0x00000000060242fa                EventSize
                0x00000000060242fc                MaxWorks
                0x00000000060242fe                WorkSize
                0x0000000006024300                RemainEvent
                0x0000000006024400                RemainWork
                0x0000000006024800                EventBuf
                0x0000000006026800                WorkBuf
 SLPROG         0x000000000602a800     0x411e /joengine/Compiler/COMMON/SGL_302j/LIB_ELF/LIBSGL.A(sglA01.o)
                0x000000000602a800                slSin
                0x000000000602a824                slCos
                0x000000000602a848                GetSinCos
                0x000000000602a8dc                sin_cos_index_tbl
                0x000000000602a91c                sin_tbl
 *fill*         0x000000000602e91e        0x2 
 SLPROG         0x000000000602e920       0x18 /joengine/Compiler/COMMON/SGL_302j/LIB_ELF/LIBSGL.A(sglA15.o)
                0x000000000602e920                slSlaveFunc
 *fill*         0x000000000602e938        0x8 
 SLPROG         0x000000000602e940       0xd0 /joengine/Compiler/COMMON/SGL_302j/LIB_ELF/LIBSGL.A(sglA16.o)
                0x000000000602e940                slLookAt
 SLPROG         0x000000000602ea10       0x78 /joengine/Compiler/COMMON/SGL_302j/LIB_ELF/LIBSGL.A(sglA17.o)
                0x000000000602ea10                slRotZ
                0x000000000602ea1a                slRotZSC
 *fill*         0x000000000602ea88        0x8 
 SLPROG         0x000000000602ea90       0x78 /joengine/Compiler/COMMON/SGL_302j/LIB_ELF/LIBSGL.A(sglA18.o)
                0x000000000602ea90                slRotY
                0x000000000602ea9a                slRotYSC
 *fill*         0x000000000602eb08        0x8 
 SLPROG         0x000000000602eb10       0x78 /joengine/Compiler/COMMON/SGL_302j/LIB_ELF/LIBSGL.A(sglA19.o)
                0x000000000602eb10                slRotX
                0x000000000602eb1a                slRotXSC
 *fill*         0x000000000602eb88        0x8 
 SLPROG         0x000000000602eb90      0x42c /joengine/Compiler/COMMON/SGL_302j/LIB_ELF/LIBSGL.A(sglA20.o)
                0x000000000602eb90                slInitMatrix
                0x000000000602eb9a                slPushUnitMatrix
                0x000000000602ebae                slUnitMatrix
 *fill*         0x000000000602efbc        0x4 
 SLPROG         0x000000000602efc0       0x48 /joengine/Compiler/COMMON/SGL_302j/LIB_ELF/LIBSGL.A(sglA21.o)
                0x000000000602efc0                slPushMatrix
                0x000000000602eff4                slPopMatrix
                0x000000000602eff4                slDecMatrixPtr
 *fill*         0x000000000602f008        0x8 
 SLPROG         0x000000000602f010       0x50 /joengine/Compiler/COMMON/SGL_302j/LIB_ELF/LIBSGL.A(sglA27.o)
                0x000000000602f010                slTranslate
 SLPROG         0x000000000602f060       0x70 /joengine/Compiler/COMMON/SGL_302j/LIB_ELF/LIBSGL.A(sglA28.o)
                0x000000000602f060                slScale
 SLPROG         0x000000000602f0d0       0x22 /joengine/Compiler/COMMON/SGL_302j/LIB_ELF/LIBSGL.A(sglA40.o)
                0x000000000602f0d0                slCalcVector
 *fill*         0x000000000602f0f2        0xe 
 SLPROG         0x000000000602f100       0x20 /joengine/Compiler/COMMON/SGL_302j/LIB_ELF/LIBSGL.A(sglB001.o)
                0x000000000602f100                slTVOn
                0x000000000602f10a                slTVOff
 SLPROG         0x000000000602f120       0x24 /joengine/Compiler/COMMON/SGL_302j/LIB_ELF/LIBSGL.A(sglB011.o)
                0x000000000602f120                slBitMapNbg1
 *fill*         0x000000000602f144        0xc 
 SLPROG         0x000000000602f150        0x8 /joengine/Compiler/COMMON/SGL_302j/LIB_ELF/LIBSGL.A(sglB014.o)
                0x000000000602f150                slScrTransparent
 *fill*         0x000000000602f158        0x8 
 SLPROG         0x000000000602f160      0x40c /joengine/Compiler/COMMON/SGL_302j/LIB_ELF/LIBSGL.A(sglB015.o)
                0x000000000602f160                slScrAutoDisp
 *fill*         0x000000000602f56c        0x4 
 SLPROG         0x000000000602f570        0xc /joengine/Compiler/COMMON/SGL_302j/LIB_ELF/LIBSGL.A(sglB016.o)
                0x000000000602f570                slBack1ColSet
 *fill*         0x000000000602f57c        0x4 
 SLPROG         0x000000000602f580       0x10 /joengine/Compiler/COMMON/SGL_302j/LIB_ELF/LIBSGL.A(sglB020.o)
                0x000000000602f580                slColorCalc
 SLPROG         0x000000000602f590        0xc /joengine/Compiler/COMMON/SGL_302j/LIB_ELF/LIBSGL.A(sglB021.o)
                0x000000000602f590                slColorCalcOn
 *fill*         0x000000000602f59c        0x4 
 SLPROG         0x000000000602f5a0        0xc /joengine/Compiler/COMMON/SGL_302j/LIB_ELF/LIBSGL.A(sglB023.o)
                0x000000000602f5a0                slColRate
 *fill*         0x000000000602f5ac        0x4 
 SLPROG         0x000000000602f5b0       0xb0 /joengine/Compiler/COMMON/SGL_302j/LIB_ELF/LIBSGL.A(sglB031.o)
                0x000000000602f5b0                slMapNbg0
 SLPROG         0x000000000602f660       0xb4 /joengine/Compiler/COMMON/SGL_302j/LIB_ELF/LIBSGL.A(sglB032.o)
                0x000000000602f660                slMapNbg1
 *fill*         0x000000000602f714        0xc 
 SLPROG         0x000000000602f720       0xb0 /joengine/Compiler/COMMON/SGL_302j/LIB_ELF/LIBSGL.A(sglB033.o)
                0x000000000602f720                slMapNbg2
 SLPROG         0x000000000602f7d0       0xb4 /joengine/Compiler/COMMON/SGL_302j/LIB_ELF/LIBSGL.A(sglB034.o)
                0x000000000602f7d0                slMapNbg3
 *fill*         0x000000000602f884        0xc 
 SLPROG         0x000000000602f890       0xd4 /joengine/Compiler/COMMON/SGL_302j/LIB_ELF/LIBSGL.A(sglB035.o)
                0x000000000602f890                sl1MapRA
                0x000000000602f922                rbank_set
 *fill*         0x000000000602f964        0xc 
 SLPROG         0x000000000602f970       0xa0 /joengine/Compiler/COMMON/SGL_302j/LIB_ELF/LIBSGL.A(sglB036.o)
                0x000000000602f970                sl1MapRB
 SLPROG         0x000000000602fa10       0x70 /joengine/Compiler/COMMON/SGL_302j/LIB_ELF/LIBSGL.A(sglB038.o)
                0x000000000602fa10                slRparaInitSet
 SLPROG         0x000000000602fa80       0x7e /joengine/Compiler/COMMON/SGL_302j/LIB_ELF/LIBSGL.A(sglB039.o)
                0x000000000602fa80                slMakeKtable
 *fill*         0x000000000602fafe        0x2 
 SLPROG         0x000000000602fb00       0x58 /joengine/Compiler/COMMON/SGL_302j/LIB_ELF/LIBSGL.A(sglB040.o)
                0x000000000602fb00                slKtableRA
 *fill*         0x000000000602fb58        0x8 
 SLPROG         0x000000000602fb60       0x5c /joengine/Compiler/COMMON/SGL_302j/LIB_ELF/LIBSGL.A(sglB041.o)
                0x000000000602fb60                slKtableRB
 *fill*         0x000000000602fbbc        0x4 
 SLPROG         0x000000000602fbc0       0x10 /joengine/Compiler/COMMON/SGL_302j/LIB_ELF/LIBSGL.A(sglB042.o)
                0x000000000602fbc0                slCurRpara
 SLPROG         0x000000000602fbd0        0x8 /joengine/Compiler/COMMON/SGL_302j/LIB_ELF/LIBSGL.A(sglB043.o)
                0x000000000602fbd0                slRparaMode
 *fill*         0x000000000602fbd8        0x8 
 SLPROG         0x000000000602fbe0      0x4e4 /joengine/Compiler/COMMON/SGL_302j/LIB_ELF/LIBSGL.A(sglB044.o)
                0x000000000602fbe0                slScrMatSet
 *fill*         0x00000000060300c4        0xc 
 SLPROG         0x00000000060300d0       0x28 /joengine/Compiler/COMMON/SGL_302j/LIB_ELF/LIBSGL.A(sglB045.o)
                0x00000000060300d0                slScrMatConv
 *fill*         0x00000000060300f8        0x8 
 SLPROG         0x0000000006030100        0xc /joengine/Compiler/COMMON/SGL_302j/LIB_ELF/LIBSGL.A(sglB047.o)
                0x0000000006030100                slOverRA
 *fill*         0x000000000603010c        0x4 
 SLPROG         0x0000000006030110       0x10 /joengine/Compiler/COMMON/SGL_302j/LIB_ELF/LIBSGL.A(sglB048.o)
                0x0000000006030110                slOverRB
 SLPROG         0x0000000006030120        0xc /joengine/Compiler/COMMON/SGL_302j/LIB_ELF/LIBSGL.A(sglB055.o)
                0x0000000006030120                slPlaneNbg0
 *fill*         0x000000000603012c        0x4 
 SLPROG         0x0000000006030130        0xc /joengine/Compiler/COMMON/SGL_302j/LIB_ELF/LIBSGL.A(sglB056.o)
                0x0000000006030130                slPlaneNbg1
 *fill*         0x000000000603013c        0x4 
 SLPROG         0x0000000006030140       0x10 /joengine/Compiler/COMMON/SGL_302j/LIB_ELF/LIBSGL.A(sglB057.o)
                0x0000000006030140                slPlaneNbg2
 SLPROG         0x0000000006030150       0x10 /joengine/Compiler/COMMON/SGL_302j/LIB_ELF/LIBSGL.A(sglB058.o)
                0x0000000006030150                slPlaneNbg3
 SLPROG         0x0000000006030160        0xc /joengine/Compiler/COMMON/SGL_302j/LIB_ELF/LIBSGL.A(sglB059.o)
                0x0000000006030160                slPlaneRA
 *fill*         0x000000000603016c        0x4 
 SLPROG         0x0000000006030170       0x10 /joengine/Compiler/COMMON/SGL_302j/LIB_ELF/LIBSGL.A(sglB060.o)
                0x0000000006030170                slPlaneRB
 SLPROG         0x0000000006030180        0xc /joengine/Compiler/COMMON/SGL_302j/LIB_ELF/LIBSGL.A(sglB063.o)
                0x0000000006030180                slPriority
 *fill*         0x000000000603018c        0x4 
 SLPROG         0x0000000006030190       0x18 /joengine/Compiler/COMMON/SGL_302j/LIB_ELF/LIBSGL.A(sglB087.o)
                0x0000000006030190                slLineScrollTable0
 *fill*         0x00000000060301a8        0x8 
 SLPROG         0x00000000060301b0        0x8 /joengine/Compiler/COMMON/SGL_302j/LIB_ELF/LIBSGL.A(sglB088.o)
                0x00000000060301b0                slLineScrollTable1
 *fill*         0x00000000060301b8        0x8 
 SLPROG         0x00000000060301c0        0xc /joengine/Compiler/COMMON/SGL_302j/LIB_ELF/LIBSGL.A(sglB090.o)
                0x00000000060301c0                slLineScrollMode
 *fill*         0x00000000060301cc        0x4 
 SLPROG         0x00000000060301d0      0x114 /joengine/Compiler/COMMON/SGL_302j/LIB_ELF/LIBSGL.A(sglB200.o)
                0x00000000060301d0                slCharRbg0
                0x00000000060301dc                slCharNbg0
                0x00000000060301e8                slCharNbg1
                0x00000000060301f4                slCharNbg2
                0x000000000603020a                slCharNbg3
                0x0000000006030222                slPageRbg0
                0x0000000006030238                slPageNbg1
                0x0000000006030240                slPageNbg2
                0x0000000006030248                slPageNbg3
                0x0000000006030254                slPageNbg0
 *fill*         0x00000000060302e4        0xc 
 SLPROG         0x00000000060302f0       0x6c /joengine/Compiler/COMMON/SGL_302j/LIB_ELF/LIBSGL.A(sglC01.o)
                0x00000000060302f0                slPerspective
 *fill*         0x000000000603035c        0x4 
 SLPROG         0x0000000006030360       0xc4 /joengine/Compiler/COMMON/SGL_302j/LIB_ELF/LIBSGL.A(sglC03.o)
                0x0000000006030360                slWindow
 *fill*         0x0000000006030424        0xc 
 SLPROG         0x0000000006030430       0x2c /joengine/Compiler/COMMON/SGL_302j/LIB_ELF/LIBSGL.A(sglC04.o)
                0x0000000006030430                slZdspLevel
 *fill*         0x000000000603045c        0x4 
 SLPROG         0x0000000006030460       0x78 /joengine/Compiler/COMMON/SGL_302j/LIB_ELF/LIBSGL.A(sglC05.o)
                0x0000000006030460                slSetSprite
 *fill*         0x00000000060304d8        0x8 
 SLPROG         0x00000000060304e0       0xfa /joengine/Compiler/COMMON/SGL_302j/LIB_ELF/LIBSGL.A(sglC06.o)
                0x00000000060304e0                slDispSprite
 *fill*         0x00000000060305da        0x6 
 SLPROG         0x00000000060305e0      0x162 /joengine/Compiler/COMMON/SGL_302j/LIB_ELF/LIBSGL.A(sglC07.o)
                0x00000000060305e6                slPutSprite
 *fill*         0x0000000006030742        0xe 
 SLPROG         0x0000000006030750     0x1218 /joengine/Compiler/COMMON/SGL_302j/LIB_ELF/LIBSGL.A(sglC08.o)
                0x0000000006030750                slPutPolygon
                0x00000000060313cc                MsCalcDepthFlat
 *fill*         0x0000000006031968        0x8 
 SLPROG         0x0000000006031970       0x8c /joengine/Compiler/COMMON/SGL_302j/LIB_ELF/LIBSGL.A(sglC14.o)
                0x0000000006031970                slCurWindow
 *fill*         0x00000000060319fc        0x4 
 SLPROG         0x0000000006031a00       0x54 /joengine/Compiler/COMMON/SGL_302j/LIB_ELF/LIBSGL.A(sglC16.o)
                0x0000000006031a00                slDynamicFrame
 *fill*         0x0000000006031a54        0xc 
 SLPROG         0x0000000006031a60       0x4c /joengine/Compiler/COMMON/SGL_302j/LIB_ELF/LIBSGL.A(sglC17.o)
                0x0000000006031a60                slDispSpriteHV
 *fill*         0x0000000006031aac        0x4 
 SLPROG         0x0000000006031ab0       0xd4 /joengine/Compiler/COMMON/SGL_302j/LIB_ELF/LIBSGL.A(sglC19.o)
                0x0000000006031ab0                slDispSprite4P
 *fill*         0x0000000006031b84        0xc 
 SLPROG         0x0000000006031b90       0x40 /joengine/Compiler/COMMON/SGL_302j/LIB_ELF/LIBSGL.A(sglC20.o)
                0x0000000006031b90                SpriteEntry
 SLPROG         0x0000000006031bd0      0x4ae /joengine/Compiler/COMMON/SGL_302j/LIB_ELF/LIBSGL.A(sglC21.o)
                0x0000000006031c58                RotSprite
                0x0000000006031ce6                SetSprPosition
 *fill*         0x000000000603207e        0x2 
 SLPROG         0x0000000006032080       0x84 /joengine/Compiler/COMMON/SGL_302j/LIB_ELF/LIBSGL.A(sglD00.o)
                0x0000000006032080                slDMACopy
                0x0000000006032080                slCpuDMACopy
                0x00000000060320da                slCashPurge
                0x00000000060320da                CSH_AllClr
 *fill*         0x0000000006032104        0xc 
 SLPROG         0x0000000006032110       0xa0 /joengine/Compiler/COMMON/SGL_302j/LIB_ELF/LIBSGL.A(sglD01.o)
                0x0000000006032110                slDMAXCopy
 SLPROG         0x00000000060321b0       0x10 /joengine/Compiler/COMMON/SGL_302j/LIB_ELF/LIBSGL.A(sglD02.o)
                0x00000000060321b0                slDMAWait
 SLPROG         0x00000000060321c0        0xc /joengine/Compiler/COMMON/SGL_302j/LIB_ELF/LIBSGL.A(sglD03.o)
                0x00000000060321c0                slDMAStatus
 *fill*         0x00000000060321cc        0x4 
 SLPROG         0x00000000060321d0       0x20 /joengine/Compiler/COMMON/SGL_302j/LIB_ELF/LIBSGL.A(sglD15.o)
                0x00000000060321d0                CSH_Purge
 SLPROG         0x00000000060321f0       0x84 /joengine/Compiler/COMMON/SGL_302j/LIB_ELF/LIBSGL.A(sglD16.o)
                0x00000000060321f0                DMA_ScuSetPrm
                0x0000000006032238                DMA_SCU_PRM0
 *fill*         0x0000000006032274        0xc 
 SLPROG         0x0000000006032280       0x88 /joengine/Compiler/COMMON/SGL_302j/LIB_ELF/LIBSGL.A(sglD17.o)
                0x0000000006032280                DMA_ScuStart
 *fill*         0x0000000006032308        0x8 
 SLPROG         0x0000000006032310       0x34 /joengine/Compiler/COMMON/SGL_302j/LIB_ELF/LIBSGL.A(sglD18.o)
                0x0000000006032310                DMA_ScuGetStatus
 *fill*         0x0000000006032344        0xc 
 SLPROG         0x0000000006032350       0x34 /joengine/Compiler/COMMON/SGL_302j/LIB_ELF/LIBSGL.A(sglF08.o)
                0x0000000006032350                slDec2Hex
 *fill*         0x0000000006032384        0xc 
 SLPROG         0x0000000006032390      0xfc8 /joengine/Compiler/COMMON/SGL_302j/LIB_ELF/LIBSGL.A(sglH00.o)
                0x00000000060323a8                slGetPortDir1
                0x00000000060323b0                slGetPortDir2
                0x00000000060323b8                slSetPortDir1
                0x00000000060323e2                slSetPortDir2
                0x000000000603241c                slGetPortData1
                0x0000000006032424                slGetPortData2
                0x000000000603242c                slSetPortData1
                0x0000000006032436                slSetPortData2
                0x0000000006032448                slGetPortSelect1
                0x0000000006032452                slGetPortSelect2
                0x000000000603245c                slSetPortSelect1
                0x0000000006032490                slSetPortSelect2
                0x00000000060324cc                slGetPortExt1
                0x00000000060324d6                slGetPortExt2
                0x00000000060324e0                slSetPortExt1
                0x0000000006032510                slSetPortExt2
                0x0000000006032684                slSmpcDirectAccess
                0x0000000006032704                slInitPeripheral
                0x0000000006032796                slSetResultBuffer
                0x0000000006032822                slCheckIntBackSet
                0x000000000603282e                slIntBackCancel
                0x0000000006032858                slCheckReset
                0x0000000006032862                slClearReset
                0x0000000006032a28                slSmpcCashSend
                0x0000000006032ae4                slSmpcCashBlow
                0x0000000006032bc0                slGetOptimize
                0x0000000006032bca                slSetOptimize
                0x0000000006032bf0                slGetPortMode1
                0x0000000006032bfc                slGetPortMode2
                0x0000000006032c0a                slSetPortMode1
                0x0000000006032c48                slSetPortMode2
                0x0000000006032dd4                slRequestCommand
                0x0000000006032e44                Smpc_Status
                0x0000000006032e48                Smpc_Result
                0x0000000006032e4c                Smpc_Peripheral
                0x0000000006032e52                Per_Connect1
                0x0000000006032e53                Per_Connect2
                0x0000000006032e74                SmpcStatusBuf
 *fill*         0x0000000006033358        0x8 
 SLPROG         0x0000000006033360       0xa8 /joengine/Compiler/COMMON/SGL_302j/LIB_ELF/LIBSGL.A(sglH01.o)
                0x0000000006033360                slGetLanguage
                0x000000000603336a                slSetLanguage
                0x000000000603338c                slGetSoundEffect
                0x0000000006033398                slSetSoundEffect
                0x00000000060333b4                slGetSoundOutput
                0x00000000060333c0                slSetSoundOutput
                0x00000000060333dc                slGetHelpWindow
                0x00000000060333e8                slSetHelpWindow
 *fill*         0x0000000006033408        0x8 
 SLPROG         0x0000000006033410      0x470 /joengine/Compiler/COMMON/SGL_302j/LIB_ELF/LIBSGL.A(sglH02.o)
                0x0000000006033800                smpc_pfr_tbl
                0x0000000006033840                smpc_ptf_tbl
 SLPROG         0x0000000006033880       0x60 /joengine/Compiler/COMMON/SGL_302j/LIB_ELF/LIBSGL.A(sglH04.o)
                0x0000000006033880                slComPrmIntBack
                0x0000000006033894                slComPrmSetMemory
                0x00000000060338aa                slComPrmSetTime
 SLPROG         0x00000000060338e0      0x3a4 /joengine/Compiler/COMMON/SGL_302j/LIB_ELF/LIBSGL.A(sglI01.o)
                0x00000000060338e0                slInitSynch
                0x00000000060338fa                slSynch
                0x00000000060339f0                slRandom
                0x0000000006033a0e                PCM_EndCheck
                0x0000000006033aca                RetPCMBuf
                0x0000000006033b64                PCM_Buf
                0x0000000006033c04                Sound_Buf
 *fill*         0x0000000006033c84        0xc 
 SLPROG         0x0000000006033c90       0x10 /joengine/Compiler/COMMON/SGL_302j/LIB_ELF/LIBSGL.A(sglI04.o)
                0x0000000006033c90                slIntFunction
 SLPROG         0x0000000006033ca0       0x74 /joengine/Compiler/COMMON/SGL_302j/LIB_ELF/LIBSGL.A(sglJ00.o)
                0x0000000006033ca0                InitSlaveSH
                0x0000000006033d08                SlaveCommand
 *fill*         0x0000000006033d14        0xc 
 SLPROG         0x0000000006033d20      0x3d0 /joengine/Compiler/COMMON/SGL_302j/LIB_ELF/LIBSGL.A(sglJ01.o)
                0x0000000006033d20                SlaveControl
                0x00000000060340dc                ErasePolygonData
 SLPROG         0x00000000060340f0     0x12b8 /joengine/Compiler/COMMON/SGL_302j/LIB_ELF/LIBSGL.A(sglJ02.o)
                0x00000000060340f0                sbMakePolygon
                0x00000000060342d8                sbCalcPolygon
                0x0000000006035010                SetTexture
                0x000000000603501c                SetPolygon
                0x0000000006035024                SetPosition
                0x000000000603505c                stvtc_4
                0x0000000006035114                stvtc_3
                0x0000000006035324                stvtc_1
                0x0000000006035338                stvtc_2
                0x000000000603534c                stvtc_0
 *fill*         0x00000000060353a8        0x8 
 SLPROG         0x00000000060353b0      0x140 /joengine/Compiler/COMMON/SGL_302j/LIB_ELF/LIBSGL.A(sglJ03.o)
                0x00000000060353b0                sbMakeDMATable
 SLPROG         0x00000000060354f0      0x470 /joengine/Compiler/COMMON/SGL_302j/LIB_ELF/LIBSGL.A(sglJ04.o)
                0x000000000603554e                sbMakeSprite
                0x00000000060355b4                sbMakeRotSprite
 SLPROG         0x0000000006035960       0x3c /joengine/Compiler/COMMON/SGL_302j/LIB_ELF/LIBSGL.A(sglJ05.o)
                0x0000000006035960                sbSortEntry
 *fill*         0x000000000603599c        0x4 
 SLPROG         0x00000000060359a0      0x4b8 /joengine/Compiler/COMMON/SGL_302j/LIB_ELF/LIBSGL.A(sglM00.o)
                0x00000000060359a0                slInitGouraud
                0x0000000006035a94                slPutPolygonX
                0x0000000006035ada                slGouraudTblCopy
                0x0000000006035b32                slSetGouraudTbl
                0x0000000006035b38                slSetGouraudColor
                0x0000000006035bb0                slSetAmbient
                0x0000000006035bd4                slSetFlatColor
 *fill*         0x0000000006035e58        0x8 
 SLPROG         0x0000000006035e60       0x6a /joengine/Compiler/COMMON/SGL_302j/LIB_ELF/LIBSGL.A(sglM01.o)
                0x0000000006035e60                slSetDepthLimit
                0x0000000006035e8c                slSetDepthTbl
                0x0000000006035ebc                DepthWorkArea
 *fill*         0x0000000006035eca        0x6 
 SLPROG         0x0000000006035ed0       0x20 /joengine/Compiler/COMMON/SGL_302j/LIB_ELF/LIBSGL.A(sglA00.o)
                0x0000000006035ed0                set_imask
                0x0000000006035ed0                _builtin_set_imask
                0x0000000006035ee4                get_imask
                0x0000000006035ee4                _builtin_get_imask
 SLPROG         0x0000000006035ef0     0x215c /joengine/Compiler/COMMON/SGL_302j/LIB_ELF/LIBSGL.A(sglA03.o)
                0x0000000006035ef0                slTan
 *fill*         0x000000000603804c        0x4 
 SLPROG         0x0000000006038050       0x34 /joengine/Compiler/COMMON/SGL_302j/LIB_ELF/LIBSGL.A(sglA10.o)
                0x0000000006038050                slSquartDbl
 *fill*         0x0000000006038084        0xc 
 SLPROG         0x0000000006038090      0x3c2 /joengine/Compiler/COMMON/SGL_302j/LIB_ELF/LIBSGL.A(sglA24.o)